THE CENSUS GRAMMAR — the numeral parser's fire-probes
  PASS  N1  Num 1:21 = 46,500   got [46500]
  PASS  N2  Num 1:46 = 603,550   got [603550]
  PASS  N3  Num 2:9 = 186,400   got [186400]
  PASS  N4  Num 3:39 = 22,000   got [22000]
  PASS  N5  Num 3:43 = 22,273   got [22273]
  PASS  N6  Num 3:46 = 273   got [273]
  PASS  N7  Num 3:47 = [5, 20]   got [5, 20]
  PASS  N8  Num 3:50 = 1,365   got [1365]
  PASS  N9  Num 3:49 = []   got []
  PASS  N10 Exod 38:26 = [1/2, 20, 603550]  (4b: "HALF of the shekel by the shekel of the sanctuary" read as the fraction; was [20, 603550], retyped from the reading)   got [Fraction(1, 2), 20, 603550]
  PASS  N11 Num 3:22 = 7,500   got [7500]
  PASS  N11 Num 3:28 = 8,600   got [8600]
  PASS  N11 Num 3:34 = 6,200   got [6200]
  PASS  R1  Gen 5:6 = [105]   got [105]
  PASS  R2  Exod 24:18 = [40, 40]   got [40, 40]
  PASS  R3  Gen 23:20 = []   got []
  PASS  R4  Exod 38:25 = [100, 1775]   got [100, 1775]
  PASS  N12 Num 7:3 = [6, 12, 2, 1]  (the construct "two of" by its points; "twelve" = two-of + ten)   got [6, 12, 2, 1]
  PASS  N13 Num 7:7 = [2, 4]  ("two of the wagons")   got [2, 4]
  PASS  N14 Num 6:10 = [2, 2]  ("two turtledoves or two young pigeons")   got [2, 2]
  PASS  N15 Num 7:13 = [1, 130, 1, 70, 2]  (M-26: the revia on "one" ends the number; 3b: "BOTH OF THEM full" — the suffixed numeral, the fifth number)   got [1, 130, 1, 70, 2]
  PASS  N16 Num 7:14 = [1, 10]  (M-26: the tevir on "one" — one pan, ten of gold)   got [1, 10]
  PASS  N17 Num 7:72 = [11]  ("ashtei asar" — eleven)   got [11]
  PASS  N18 Num 28:27 = [2, 1, 7]  (the etnachta on "one ram" before "seven lambs" — the fused one at a third seat)   got [2, 1, 7]
  PASS  N19 Exod 26:7 = [11]  (eleven curtains)   got [11]
  PASS  R5  Gen 32:23 = [2, 2, 11]  (a merkha on "one": joined; "his TWO wives and his TWO maids" the construct now read — the row retyped from the diff)   got [2, 2, 11]
  PASS  R6  Deut 1:2 = [11]  (a qadma on "one": joined — UNMOVED)   got [11]
  PASS  R7  Num 7:78 = [12]  (the twelfth day — UNMOVED)   got [12]
  PASS  R8  Num 7:85 = [130, 1, 70, 1, 2400]  (the totals — 4b: THE DEFINITE ONE "the one dish", "the one bowl" read; was [130, 70, 2400], retyped from the reading)   got [130, 1, 70, 1, 2400]
  PASS  R9  Num 4:36 = [2750]  (the dual thousands — UNMOVED)   got [2750]
  PASS  R10 Num 1:21 = [46500]  (the tevir on "forty" before "thousand" does NOT cut — UNMOVED)   got [46500]
  PASS  D1  Num 11:19 = [1, 2, 5, 10, 20]  (the day-ladder: "not one day, nor TWO DAYS (the dual), nor five days, nor ten days, nor twenty days")   got [1, 2, 5, 10, 20]
  PASS  D2  Num 11:31 = [2]  ("about TWO CUBITS above the face of the earth" — the dual)   got [2]
  PASS  D3  Num 12:4 = [3, 3]  ("come out, THE THREE OF YOU... and THE THREE OF THEM came out" — the suffixed numeral)   got [3, 3]
  PASS  D4  Exod 25:10 = [2.5, 1.5, 1.5]  ("TWO CUBITS AND A HALF its length" — the dual and the half; 4b: "a cubit and a half" twice after it now READ — the unit noun as one, 3b's residue paid; was [2.5])   got [2.5, 1.5, 1.5]
  PASS  D5  Exod 25:23 = [2, 1, 1.5]  ("TWO CUBITS its length, and A CUBIT its breadth, and A CUBIT AND A HALF its height" — the table; 4b: the cubit as one; was [2])   got [2, 1, 1.5]
  PASS  D6  Exod 30:2 = [1, 1, 2]  ("A CUBIT its length and A CUBIT its breadth... and TWO CUBITS its height" — the incense altar; 4b: the cubit as one; was [2])   got [1, 1, 2]
  PASS  D7  Gen 2:25 = [2]  ("and THE TWO OF THEM were naked")   got [2]
  PASS  D8  Gen 27:45 = [2, 1]  ("why should I be bereaved of THE TWO OF YOU in ONE day")   got [2, 1]
  PASS  D9  Exod 16:29 = [2]  ("the bread of TWO DAYS")   got [2]
  PASS  D10 Exod 21:21 = [2]  ("a day or TWO DAYS")   got [2]
  PASS  D11 Num 10:36 = []  ("the myriads of the thousands of Israel" — two plural nouns, no numeral: the shelf's 22,000 a DATUM — UNMOVED)   got []
  PASS  D12 Gen 4:24 = [77]  ("sevenfold... seventy and seven" — שבעתים "sevenfold" is an adverb, not read: UNMOVED; the hand had typed [7, 77] and the first run read it)   got [77]
  PASS  E1  Gen 41:29 = [7]  ("seven years of great PLENTY" — שָׂבָע with the SIN dot is plenty, not seven; the hand read [7, 7])   got [7]
  PASS  E2  Gen 41:34 = [7]  ("a fifth... IN THE SEVEN years of PLENTY" — בְּשֶׁבַע the true seven before the starred plenty-word; at 3b the row read [5, 7] with the piel "take a FIFTH" as five — RETYPED at 9b when rule (27) starred the verb: the 3b probe's own comment had read the ink as [5, 7] and P27a below holds the seat now)   got [7]
  PASS  E3  Deut 6:11 = []  ("and you shall eat and be SATED" — the sin dot; was [7])   got []
  PASS  E4  Gen 25:8 = []  ("old and FULL of days" — the sin dot; was [7])   got []
  PASS  E5  Exod 22:10 = [2]  ("the OATH of the LORD shall be between the two of them" — שְׁבֻעַת with the qubuts is the oath; was [7, 2])   got [2]
  PASS  E6  Deut 16:9 = [7, 7]  ("seven WEEKS you shall count... seven WEEKS" — שָׁבֻעֹת with the qubuts is weeks; was [14, 7])   got [7, 7]
  PASS  E7  Exod 34:22 = []  ("the feast of WEEKS" — the qubuts; was [7])   got []
  PASS  E8  Gen 29:28 = []  ("and he fulfilled the WEEK of this one" — שְׁבֻעַ the qubuts; was [7])   got []
  PASS  E9  Num 5:21 = []  ("with the OATH of the curse... for an OATH" — the qubuts twice; was [7, 7])   got []
  PASS  E10 Lev 5:4 = [1]  ("to swear with an OATH... one of these" — the qubuts; was [7, 1])   got [1]
  PASS  E11 Num 30:3 = []  ("or swears an OATH" — the qubuts; was [7])   got []
  PASS  E12 Exod 21:2 = [6]  ("six years he shall serve and in the SEVENTH he shall go out" — שְּׁבִעִת with the hiriq under the vet is the ordinal; was [6, 7])   got [6]
  PASS  E13 Gen 21:31 = [2]  ("BEER-SHEBA, for there the two of them swore" — the name after באר, as Kiriath-arba; was [7, 2])   got [2]
  PASS  E14 Gen 22:19 = []  ("to BEER-SHEBA; and Abraham dwelt at BEER-SHEBA" — the name twice; was [7, 7])   got []
  PASS  E15 Gen 26:33 = []  ("and he called it SHIBAH; therefore the name of the city is BEER-SHEBA" — the well named by the naming verb, the city by באר; was [7, 7])   got []
  PASS  E16 Gen 41:47 = [7]  ("in the seven years of PLENTY" — the sin dot; the years-of neighbor list already knew הַשָּׂבָע; UNMOVED)   got [7]
  PASS  E17 Num 1:39 = [62700]  ("two and sixty thousand and seven hundred" — וּשְׁבַע with the shureq on the CONJUNCTION, not the vet: seven — UNMOVED)   got [62700]
  PASS  F1  Num 15:4 = [1, 1/4]  ("a tenth of fine flour... a quarter of the hin" — the unit noun as ONE; the fraction before the measure noun)   got [1, Fraction(1, 4)]
  PASS  F2  Num 15:5 = [1/4, 1]  ("wine for the libation a quarter of the hin... for the ONE lamb" — the fraction; THE DEFINITE ONE)   got [Fraction(1, 4), 1]
  PASS  F3  Num 15:6 = [2, 1/3]  ("two tenths... a third of the hin" — the ram's row)   got [2, Fraction(1, 3)]
  PASS  F4  Num 15:7 = [1/3]  ("wine for the libation a third of the hin")   got [Fraction(1, 3)]
  PASS  F5  Num 15:9 = [3, 1/2]  ("three tenths... half of the hin" — the bull's row)   got [3, Fraction(1, 2)]
  PASS  F6  Num 15:10 = [1/2]  ("wine for the libation half of the hin" — the half before the measure noun, no numeral before it)   got [Fraction(1, 2)]
  PASS  F7  Num 15:11 = [1, 1]  ("for the ONE ox or for the ONE ram" — the definite one twice)   got [1, 1]
  PASS  F8  Num 28:14 = [1/2, 1/3, 1/4]  ("half of the hin for the bull, a third of the hin for the ram, a quarter of the hin for the lamb" — the table's second seat)   got [Fraction(1, 2), Fraction(1, 3), Fraction(1, 4)]
  PASS  F9  Exod 29:40 = [1, 1/4, 1/4, 1]  ("a tenth of fine flour... a quarter of the hin... a quarter of the hin of wine for the ONE lamb" — the tamid's seat: the quarter spelled two ways in one verse)   got [1, Fraction(1, 4), Fraction(1, 4), 1]
  PASS  F10 Lev 23:13 = [2, 1/4]  ("two tenths... wine a quarter of the hin" — the omer's lamb)   got [2, Fraction(1, 4)]
  PASS  F11 Num 28:5 = [1/10, 1/4]  ("a tenth of the ephah of fine flour... a quarter of the hin" — the tenth as a FRACTION of the ephah)   got [Fraction(1, 10), Fraction(1, 4)]
  PASS  F12 Num 28:7 = [1/4, 1]  ("its libation a quarter of the hin for the ONE lamb")   got [Fraction(1, 4), 1]
  PASS  F13 Exod 30:13 = [1/2, 20, 1/2]  ("half of the shekel... twenty gerah the shekel; half of the shekel a terumah" — the half before the shekel, twice)   got [Fraction(1, 2), 20, Fraction(1, 2)]
  PASS  F14 Lev 5:11 = [2, 2, 1/10]  ("two turtledoves or two young pigeons... a tenth of the ephah")   got [2, 2, Fraction(1, 10)]
  PASS  F15 Num 5:15 = [1/10]  ("a tenth of the ephah of barley flour" — the jealousy offering)   got [Fraction(1, 10)]
  PASS  F16 Num 28:13 = [1, 1]  ("and a tenth, a tenth of fine flour... for the ONE lamb" — the doubled unit noun is DISTRIBUTIVE, one; the definite one)   got [1, 1]
  PASS  F17 Num 29:4 = [1, 1, 7]  ("and a tenth, ONE, for the ONE lamb, for the seven lambs" — the unit noun before its own numeral stays silent; the definite one; seven)   got [1, 1, 7]
  PASS  F18 Num 28:21 = [1, 1, 7]  ("a tenth, a tenth for the ONE lamb, for the seven lambs")   got [1, 1, 7]
  PASS  F19 Num 29:15 = [1, 1, 14]  ("and a tenth, a tenth for the ONE lamb, for the fourteen lambs")   got [1, 1, 14]
  PASS  F20 Exod 25:10 = [2.5, 1.5, 1.5]  ("two cubits and a half its length, and a cubit and a half its breadth, and a cubit and a half its height" — THE CUBIT AS ONE by its points: 3b's residue paid)   got [2.5, 1.5, 1.5]
  PASS  F21 Exod 26:16 = [10, 1.5, 1]  ("ten cubits the length of the board, and a cubit and a half OF THE cubit the breadth of the ONE board" — the article form is the fraction's object, not a second cubit)   got [10, 1.5, 1]
  PASS  F22 Exod 30:24 = [500, 1]  ("cassia five hundred by the shekel of the sanctuary, and olive oil a HIN" — the hin as one)   got [500, 1]
  PASS  F23 Gen 6:16 = [1]  ("to a CUBIT you shall finish it above... lower, SECOND and THIRD stories" — the cubit as one; the third-stories word (a hiriq under the lamed) no longer thirty)   got [1]
  PASS  F24 Num 14:18 = []  ("upon the third and upon the fourth generation" — THE THIRD-GENERATION HOMOGRAPH: a hiriq under the shin, a dagesh and a tsere in the lamed, read as thirty at five seats)   got []
  PASS  F25 Exod 34:7 = []  (the attributes' own verse — the third generation, was [30])   got []
  PASS  F26 Exod 20:5 = []  (the Decalogue — the third generation, was [30])   got []
  PASS  F27 Deut 5:9 = []  (the second Decalogue — was [30])   got []
  PASS  F28 Gen 50:23 = []  ("the children of the third generation" — was [30])   got []
  PASS  F29 Exod 26:19 = [40, 20, 2, 1, 2, 2, 1, 2]  ("forty sockets under the twenty boards: two sockets under the ONE board for its two tenons, and two sockets under the ONE board for its two tenons" — the definite one closes its phrase)   got [40, 20, 2, 1, 2, 2, 1, 2]
  PASS  F30 Lev 14:22 = [2, 2, 1, 1]  ("the one a sin offering and THE ONE a burnt offering" — the definite one with the vav counts too: the 2b "and the other" seat retyped)   got [2, 2, 1, 1]
  PASS  F31 Gen 28:22 = []  ("I will surely TITHE it" — the tithe verb, a patach under the ayin, read as ten; was [10])   got []
  PASS  F32 Deut 14:22 = []  ("you shall surely TITHE" — was [10])   got []
  PASS  F33 Deut 26:12 = []  ("when you have finished TITHING all the tithe... in the third year, the year of the tithe" — was [10])   got []
  PASS  F34 Exod 12:18 = [14, 21]  ("on the fourteenth day... until the ONE AND TWENTIETH day" — the definite one before a conjoined numeral JOINS it: the diff read [14, 1, 20] on the first rule)   got [14, 21]
  PASS  R11 Exod 12:29 = [1/2]  ("at HALF of the night" — RETYPED at THE DEUTERONOMY WALK 1b, 2026-09-15: rule (30) THE HALF OF A NAMED WHOLE reads the half before any noun; at 4b it stayed a word (was []) — the exodus marker's row and the tape's assert_ink retyped with it)   got [Fraction(1, 2)]
  PASS  R12 Num 23:10 = []  ("the fourth part of Israel" — a holam, no measure after it: UNMOVED)   got []
  PASS  R13 Num 31:8 = [5]  ("Evi and Rekem and Zur and Hur and REBA, the five kings" — the name, not the quarter: UNMOVED)   got [5]
  PASS  R14 Exod 21:32 = [30]  ("a MAIDSERVANT... thirty shekels" — the qamats, not the cubit: UNMOVED)   got [30]
  PASS  R15 Gen 21:10 = []  ("cast out this MAIDSERVANT" — UNMOVED)   got []
  PASS  R16 Deut 21:13 = []  ("her father and HER MOTHER" — the mappiq: UNMOVED)   got []
  PASS  R17 Num 32:33 = [1/2]  ("and to HALF the tribe of Manasseh" — RETYPED at THE DEUTERONOMY WALK 1b, 2026-09-15: rule (30) reads the half tribe; at 4b no measure noun meant no number (was []) — D12's twin)   got [Fraction(1, 2)]
  PASS  R18 Lev 19:24 = []  ("in the FOURTH year" — the ordinal stays an ordinal: UNMOVED)   got []
  PASS  R19 Num 35:4 = [1000]  ("a thousand cubits round about" — the cubit after its numeral does not add: UNMOVED)   got [1000]
  PASS  R20 Exod 12:3 = [10]  ("on the TENTH of this month" — the date noun: UNMOVED)   got [10]
  PASS  R21 Lev 14:21 = [1, 1]  ("one lamb... a tenth of fine flour, ONE... a log of oil" — the unit noun before its numeral two words on stays silent: UNMOVED)   got [1, 1]
  PASS  G1  Num 16:35 = [250]  ("THE fifty and two hundred men" — the article on the head of a chain joined by plain "and" + a bare numeral OPENS the chain; was [200])   got [250]
  PASS  G2  Exod 38:28 = [1775]  ("THE thousand and seven THE hundreds and five and seventy" — the head's article, and the article on the hundreds-word after a unit MULTIPLIES: 38:25's own 1,775 at its second seat; was [7, 75])   got [1775]
  PASS  G3  Num 31:54 = []  ("the captains of THE THOUSANDS and of THE HUNDREDS" — the article-bearing PLURAL unit word with no numeral before it is a noun; the "and the" chain needs a numeral head; was [2100])   got []
  PASS  G4  Exod 26:5 = [50, 1, 50]  ("fifty loops... in the ONE curtain, and fifty loops" — the definite one under a DISJUNCTIVE accent (a segolta) CLOSES and counts one by 4b's rule (14), as at 26:4 and 26:10: M-26's read extended to the definite one; the 4b join had read [50, 51]; THE HAND HAD TYPED [50, 50] — retyped from the reading of the class)   got [50, 1, 50]
  PASS  G5  Exod 36:12 = [50, 1, 50, 1, 1]  ("fifty loops in the ONE curtain, and fifty loops... the one... the one" — the segolta closes, the definite one counts one; was [50, 51, 1, 1]; the hand had typed [50, 50, 1, 1])   got [50, 1, 50, 1, 1]
  PASS  G6  Exod 25:32 = [6, 3, 1, 3]  ("six branches... three branches from its ONE side, and three branches from its second side" — the definite one under a zaqef (disjunctive) closes and counts one (25:33's "in the one branch" the same class); the 4b join had read [6, 3, 4]; the hand had typed [6, 3, 3])   got [6, 3, 1, 3]
  PASS  G7  Exod 37:18 = [6, 3, 1, 3]  (the same verse at the making; was [6, 3, 4]; the hand had typed [6, 3, 3])   got [6, 3, 1, 3]
  PASS  R22 Exod 12:18 = [14, 21]  ("the ONE and twentieth" under a darga (conjunctive) still JOINS — F34 UNMOVED)   got [14, 21]
  PASS  R23 Num 3:46 = [273]  ("the three and the seventy and the two hundred" — the article on each part: UNMOVED)   got [273]
  PASS  R24 Num 31:52 = [16750]  ("the captains of the thousands and FROM the captains of the hundreds" — the plural noun silent, "from" by its points: UNMOVED)   got [16750]
  PASS  R25 Num 31:14 = []  ("the captains of the thousands and the captains of the hundreds" — no chain: UNMOVED)   got []
  PASS  R26 Num 31:48 = []  (the same phrase: UNMOVED)   got []
  PASS  R27 Exod 28:10 = [6, 1]  ("six of their names on the one stone, and the names of THE six remaining" — the article-numeral with no chain after it: UNMOVED)   got [6, 1]
  PASS  R28 Deut 19:9 = [3]  ("upon THESE THREE" — UNMOVED)   got [3]
  PASS  R29 Num 31:30 = [1/50]  ("one held out of THE fifty" — THE RATIO: named and left at 5b as [1], RETYPED TO FAIL at THE NUMBERS WALK 11b, 2026-09-12: the rate Fraction(1, 50) replaces the one, the fifty never counted)   got [Fraction(1, 50)]
  PASS  R30 Num 16:2 = [250]  ("fifty and two hundred" without the article: UNMOVED)   got [250]
  PASS  R31 Num 16:17 = [250]  (the same: UNMOVED)   got [250]
  PASS  R32 Exod 38:25 = [100, 1775]  (the accounts' seat of the same 1,775 — R4 UNMOVED)   got [100, 1775]
  PASS  R33 Num 28:12 = [3, 1, 2, 1]  ("three tenths for the ONE bull, and two tenths for the ONE ram" — the definite one before "and two" closes: UNMOVED)   got [3, 1, 2, 1]
  PASS  R34 Exod 26:21 = [40, 2, 1, 2, 1]  ("forty sockets... two sockets under the ONE board, and two sockets under the ONE board" — UNMOVED)   got [40, 2, 1, 2, 1]
  PASS  H1  Num 20:11 = [2]  ("and he struck the rock with his staff TWICE" — the dual of the noun of occurrences, told from 19:4's plural "seven TIMES" by the patach under the pe; was [])   got [2]
  PASS  H2  Gen 27:36 = [2]  ("he has supplanted me these TWO TIMES" — the dual; was [])   got [2]
  PASS  H3  Gen 41:32 = [2]  ("the dream was repeated to Pharaoh TWICE" — was [])   got [2]
  PASS  H4  Gen 43:10 = [2]  ("we could have returned TWICE" — was [])   got [2]
  PASS  R35 Num 19:4 = [7]  ("seven TIMES" — the plural with the sheva stays a word: UNMOVED)   got [7]
  PASS  R36 Lev 4:6 = [7]  ("seven times" — UNMOVED)   got [7]
  PASS  R37 Lev 16:14 = [7]  ("seven times" — UNMOVED)   got [7]
  PASS  R38 Exod 23:17 = [3]  ("three times in the year" — UNMOVED)   got [3]
  PASS  R39 Num 14:22 = [10]  ("these ten times" — UNMOVED)   got [10]
  PASS  R40 Num 24:10 = [3]  ("these three times" — UNMOVED)   got [3]
  PASS  R41 Deut 1:11 = [1000]  ("a thousand times" — UNMOVED)   got [1000]
  PASS  R42 Num 24:1 = []  ("as time upon time" — the singular, no numeral: UNMOVED)   got []
  PASS  J1  Num 22:32 = [3]  ("why have you struck your she-ass these THREE times" — the plene spelling; 22:28 and 22:33 defective read 3 already; was [])   got [3]
  PASS  J2  Deut 16:16 = [3]  ("THREE times in the year" plene beside Exod 23:17's defective; "the feast of WEEKS" with the qubuts stays a word — E6; was [])   got [3]
  PASS  J3  Deut 19:2 = [3]  ("THREE cities you shall separate" — plene; was [])   got [3]
  PASS  J4  Exod 32:28 = [3000]  ("about THREE THOUSANDS OF men" — the construct plural אַלְפֵי "thousands of" after the unit multiplies as the plural does; was [3])   got [3000]
  PASS  R44 Num 22:28 = [3]  ("these three times" defective — UNMOVED)   got [3]
  PASS  R45 Num 22:33 = [3]  ("these three times" defective — UNMOVED)   got [3]
  PASS  R46 Num 10:36 = []  ("the myriads of the thousands of Israel" — the construct "thousands of" with NO numeral before it is a noun: D11 UNMOVED)   got []
  PASS  R47 Deut 33:17 = []  ("the ten thousands of Ephraim and the thousands of Manasseh" — the bare construct, no numeral: UNMOVED)   got []
  PASS  R48 Exod 12:37 = [600000]  ("about six hundred thousand" — the approximation prefix on a unit before the hundreds and the thousand: UNMOVED)   got [600000]
  PASS  R49 Num 1:46 = [603550]  ("six hundred thousand and three THOUSANDS" — the plural after the unit: UNMOVED)   got [603550]
  PASS  R43 Num 33:38 = [1]  (the day "on the first" — the numbers reader UNMOVED; the hand had typed this row into the ORDINALS list on the first FAIL run — it read [5], the ordinal reader's own answer — a probe typed into the wrong list, retyped here)   got [1]
  PASS  P25a Num 28:19 = [2, 1, 7]  ("two bulls, and ONE ram, | and seven lambs" — the etnachta on "one" closes before "and seven"; was [2, 8])   got [2, 1, 7]
  PASS  P25b Exod 36:10 = [5, 1, 1, 5, 1, 1]  ("five curtains one to ONE, | and five curtains... one to one" — the etnachta on the second "one"; was [5, 1, 6, 1, 1])   got [5, 1, 1, 5, 1, 1]
  PASS  R50 Gen 8:13 = [601, 1]  ("in the ONE and six hundredth year" — "one" under a qadma, a conjunctive, before "and six": the join KEPT — UNMOVED)   got [601, 1]
  PASS  R51 Exod 12:18 = [14, 21]  ("the ONE and twentieth day" — the definite one under a darga before "and twenty": UNMOVED)   got [14, 21]
  PASS  R52 Num 1:41 = [41500]  ("one and forty thousand and five hundred" — "one" under a conjunctive before "and forty": UNMOVED)   got [41500]
  PASS  P26a Num 29:7 = [10]  ("and on the TENTH of this seventh month" — the plene tenth-noun; was [])   got [10]
  PASS  P26b Lev 23:27 = [10]  ("but on the TENTH of the seventh month is the day of atonements"; was [])   got [10]
  PASS  P26c Gen 24:55 = [10]  ("let the maiden stay with us days, or TEN" — the bare noun, a ten of days; was [])   got [10]
  PASS  R53 Exod 12:3 = [10]  ("on the TENTH of this month" — the defective form, read 10 since the parser's first day: UNMOVED)   got [10]
  PASS  P27a Gen 41:34 = [7]  ("and let him take a FIFTH of the land of Egypt in the seven years of plenty" — the piel verb starred; was [5, 7])   got [7]
  PASS  P27b Exod 13:18 = []  ("and ARMED went up the children of Israel" — the passive participle starred; was [50])   got []
  PASS  P27c Gen 47:26 = []  ("to Pharaoh for the FIFTH part" — the noun starred; was [5])   got []
  PASS  R54 Num 30:3 = []  ("or SWEARS AN OATH to bind a bond on his soul" — שבעה* starred, the seven-stem's oath homograph: UNMOVED)   got []
  PASS  R55 Num 30:11 = []  ("or bound a bond on her soul BY AN OATH" — בשבעה* starred: UNMOVED)   got []
  PASS  R56 Num 30:14 = []  ("every vow and every OATH OF binding to afflict a soul" — שבעת* starred: UNMOVED)   got []
  PASS  K1  Num 31:28 = [1/500]  ("one soul from five the hundreds" — the counted noun between the one and the from-prefixed five, the article on the hundreds; was [1])   got [Fraction(1, 500)]
  PASS  K2  Num 31:47 = [1/50]  ("the held one from the fifty" — was [1])   got [Fraction(1, 50)]
  PASS  K3  Eccl 7:28 = [1/1000]  ("one man from a thousand" — the from-prefix on the thousand; was [1])   got [Fraction(1, 1000)]
  PASS  K4  Ezek 45:15 = [1/200]  ("one lamb from the flock, from the two hundred" — the second from carries the numeral, the first a noun; was [1])   got [Fraction(1, 200)]
  PASS  K5  Neh 11:1 = [1/10, 9]  ("one from the ten to dwell in Jerusalem... and nine the parts in the cities"; was [1, 9])   got [Fraction(1, 10), 9]
  PASS  K6  Job 9:3 = [1/1000]  ("he could not answer him one of a thousand" — the poetic from; was [1, 1000])   got [Fraction(1, 1000)]
  PASS  K7  Job 33:23 = [1/1000]  ("an interpreter, one of a thousand" — was [1, 1000])   got [Fraction(1, 1000)]
  PASS  K8  Judg 16:28 = [1/2]  ("that I may be avenged one [vengeance] of my two eyes" — the from-prefix on the construct two-of; THE CLASS PARTITIVE FORM the corpus diff surfaced as its ninth seat, read and accepted (Sotah 10a:3 the shelf seat of the verse); was [1])   got [Fraction(1, 2)]
  PASS  R57 Deut 15:7 = [1]  ("from ONE of your brothers" — the from-prefix on the one itself, no numeral after: UNMOVED)   got [1]
  PASS  R58 Gen 2:21 = [1]  ("one of his ribs" — a noun after the from: UNMOVED)   got [1]
  PASS  R59 2Sam 24:12 = [3, 1]  ("three things... choose one of them" — a pronoun after the from: UNMOVED)   got [3, 1]
  PASS  R60 Josh 3:12 = [12, 1, 1]  ("twelve men... one man, one man per tribe" — no from, the next numeral stops the search: UNMOVED)   got [12, 1, 1]
  PASS  R61 Deut 32:30 = [1, 1002]  ("how could ONE chase A THOUSAND, and TWO put a myriad to flight" — no from between the one and the thousand: the ratio rule leaves it; the join of "a thousand | and two" under the etnachta is a FALSE READING the regression probe found and the class measurement refused a rule for — 163 Tanakh seats of a ten-or-more numeral under a disjunctive before "and" + a numeral, the join RIGHT at every census seat (Num 1:21 = 46,500 the first) and wrong here alone, the parallelism of the poem: FILED in RESEARCH_LOG 2026-09-12, the standing reading typed as the tripwire)   got [1, 1002]
  PASS  D1  Num 35:5 = [2000, 2000, 2000, 2000]  ("two thousand by the cubit" four times — the prefixed cubit no unit-noun mark; was [])   got [2000, 2000, 2000, 2000]
  PASS  D2  Josh 3:4 = [2000]  ("about two thousand cubits" — the approximation prefix; the cubit consumed as the unit noun; was [1])   got [2000]
  PASS  D3  Josh 7:3 = [2000, 3000]  ("about two thousand men or about three thousand men" — the dual then the plural after a unit; was [3000])   got [2000, 3000]
  PASS  D4  Judg 20:45 = [5000, 2000]  ("five thousand men … two thousand men" — was [5000])   got [5000, 2000]
  PASS  D5  1Sam 13:2 = [3000, 2000, 1000]  ("three thousand … two thousand with Saul … and a thousand with Jonathan" — the dual had read as a thousand: was [3000, 1000])   got [3000, 2000, 1000]
  PASS  D6  1Kgs 7:26 = [2000]  ("two thousand baths it held" — the sea of Solomon; was [])   got [2000]
  PASS  D7  2Kgs 18:23 = [2000]  ("two thousand horses" — was [])   got [2000]
  PASS  D8  Isa 36:8 = [2000]  ("two thousand horses" — the parallel; was [])   got [2000]
  PASS  D9  Ps 8:8 = []  ("sheep and OXEN, all of them" — the plural's consonants after the conjunction, a qamats under the lamed: a NOUN; the false reading [2000] since 1b, surfaced by the class measurement)   got []
  PASS  R62 Num 4:36 = [2750]  ("two thousand seven hundred and fifty" — the dual inside a compound: UNMOVED)   got [2750]
  PASS  R63 Exod 38:29 = [70, 2400]  ("seventy talents and two thousand and four hundred shekels" — the dual with the conjunction: UNMOVED)   got [70, 2400]
  PASS  R64 Dan 8:14 = [2300]  ("two thousand and three hundred" — UNMOVED)   got [2300]
  PASS  R65 Num 7:85 = [130, 1, 70, 1, 2400]  ("two thousand and four hundred by the shekel of the sanctuary" — the definite ones cut, UNMOVED)   got [130, 1, 70, 1, 2400]
  PASS  R66 Exod 18:21 = [100, 50, 10]  ("rulers of thousands, rulers of hundreds …" — the bare plural a noun: UNMOVED)   got [100, 50, 10]
  PASS  R67 Num 1:46 = [603550]  ("six hundred thousand and three thousands and five hundred and fifty" — the plural after a unit multiplies: UNMOVED)   got [603550]
  PASS  R68 Exod 32:28 = [3000]  ("about three thousands of men" — the construct after a unit: UNMOVED)   got [3000]
  PASS  R69 Num 26:62 = [23000]  ("three and twenty thousand" — UNMOVED)   got [23000]
  PASS  R70 Ezra 2:3 = [2172]  ("two thousand a hundred seventy and two" — the dual heading a compound without the conjunction: UNMOVED)   got [2172]
  PASS  R71 1Chr 5:21 = [50000, 250000, 2000, 100000]  ("donkeys two thousand" — the pausal dual, a qamats under the pe; found by the diff, right by the lamed's sheva)   got [50000, 250000, 2000, 100000]
  PASS  R72 Neh 7:71 = [2, 2000, 67]  ("silver minas two thousand" — the pausal dual under the etnachta; found by the diff)   got [2, 2000, 67]
  PASS  R73 1Chr 21:5 = [1000, 100000, 470000]  (THE THOUSAND THOUSANDS — "a thousand thousands and a hundred thousand" = 1,100,000; false before (103,000) and false after: the tripwire, the class FILED)   got [1000, 100000, 470000]
  PASS  D10 Deut 3:12 = [1/2]  ("and HALF the hill country of Gilead" — the half before a named whole; was [])   got [Fraction(1, 2)]
  PASS  D11 Deut 3:13 = [1/2]  ("to the HALF tribe of Manasseh" — the prefixed half before the tribe; was [])   got [Fraction(1, 2)]
  PASS  D12 Num 32:33 = [1/2]  ("and to the half tribe of Manasseh son of Joseph" — the grant's seat; was [])   got [Fraction(1, 2)]
  PASS  D13 Num 34:13 = [9, 1/2]  ("to the nine tribes and the half tribe" — nine and a half; was [9])   got [9, Fraction(1, 2)]
  PASS  D14 Num 34:14 = [1/2]  ("and the half tribe of Manasseh have taken their inheritance" — the other tribe-noun; was [])   got [Fraction(1, 2)]
  PASS  D15 Num 34:15 = [2, 1/2]  ("the two tribes and the half tribe" — two and a half; was [2])   got [2, Fraction(1, 2)]
  PASS  D16 Deut 29:7 = [1/2]  ("to the Reubenite and to the Gadite and to the half tribe of the Manassite" — the retelling's own seat; was [])   got [Fraction(1, 2)]
  PASS  D17 Josh 13:7 = [9, 1/2]  ("to the nine tribes and the half tribe of Manasseh" — the run outside the Torah; was [9])   got [9, Fraction(1, 2)]
  PASS  D18 1Chr 5:18 = [1/2, 44760]  ("and the half tribe of Manasseh … forty-four thousand seven hundred and sixty" — the half then the count; was [44760])   got [Fraction(1, 2), 44760]
  PASS  R74 Exod 25:10 = [2.5, 1.5, 1.5]  ("two cubits and a half … a cubit and a half" — rule 7's continuation: UNMOVED)   got [2.5, 1.5, 1.5]
  PASS  R75 Exod 30:13 = [1/2, 20, 1/2]  ("half of the shekel … half of the shekel" — the fraction before the measure noun: UNMOVED)   got [Fraction(1, 2), 20, Fraction(1, 2)]
  PASS  R76 Num 15:9 = [3, 1/2]  ("three tenths … half of the hin" — UNMOVED)   got [3, Fraction(1, 2)]
  PASS  R77 Num 28:14 = [1/2, 1/3, 1/4]  ("half of the hin … a third … a quarter" — UNMOVED)   got [Fraction(1, 2), Fraction(1, 3), Fraction(1, 4)]
  PASS  R78 Exod 26:16 = [10, 1.5, 1]  ("ten cubits … a cubit and a half of the cubit … the ONE board" — the unit noun as one continued by the half: UNMOVED)   got [10, 1.5, 1]
  PASS  R79 Lev 6:13 = [1/10]  ("a tenth of the ephah … its half in the morning and its half in the evening" — THE SUFFIXED HALVES silent: UNMOVED)   got [Fraction(1, 10)]
  PASS  R80 Num 31:47 = [1/50]  ("from the half-part of the children of Israel … one held out of the fifty" — the ratio stands; the half-part here inside the ratio's phrase read as the ratio alone: UNMOVED)   got [Fraction(1, 50)]
  PASS  O1  Num 6:10 ordinals = [8]  (the eighth day; "two of" no longer an ordinal)   got [8]
  PASS  O2  Num 7:18 ordinals = [2]  (the second day — UNMOVED)   got [2]
  PASS  O3  Exod 40:17 ordinals = [1]  (the first month; the feminine 'second' was never in the table — 1b's note at the marker; UNMOVED)   got [1]
  PASS  O4  Num 13:22 ordinals = []  (SHESHAI the Anakite — a tsere under the shin, a proper noun — read as "sixth": THE NUMBERS WALK 4b)   got []
  PASS  O5  Exod 16:5 ordinals = [6]  (the SIXTH day — a hiriq and a dagesh: UNMOVED)   got [6]
  PASS  H5  Num 33:38 ordinals = [40, 5]  ("in the FORTIETH year... in the fifth month" — the article-bearing numeral after "in the year of" read as the ordinal year; was [5])   got [40, 5]
  PASS  O6  Exod 40:17 ordinals = [1]  ("in the first month in the second year" — the feminine "second" was never in the table: UNMOVED)   got [1]
  PASS  O7  Num 1:1 ordinals = [2]  ("on the first of the second month in the second year" — UNMOVED)   got [2]
  PASS  O9  Deut 15:9 ordinals = [7]  ("the SEVENTH year, the year of release" — שְׁנַת הַשֶּׁבַע "the year of the seven": the release year read as an ordinal; was [])   got [7]
  PASS  O10 Lev 25:10 ordinals = [50]  ("you shall sanctify the FIFTIETH year" — שְׁנַת הַחֲמִשִּׁים "the year of the fifty": the jubilee's own year; was [])   got [50]
  PASS  O11 Lev 25:11 ordinals = [50]  ("a jubilee that FIFTIETH year shall be to you" — was [])   got [50]
224/224 probes
