READBACK PROBES (THE LOOP step 6, the first form)

THE CONSECRATION, SUBSTITUTION, AND DEVOTION MACHINE COMPILES — the two substitution verbs, "beast for beast," "it and its substitute" at the vow and the tithe, the fifth censused five times, the partitive "from all that he has," the ordinal tenth under the rod; three calls into sister engines: the Jubilee engine's tithe naming and the Passover engine's firstling donkey.
  PASS Q1 the table — rows 42, grades {'SUPPLIED': 11, 'TURNED': 10, 'SHORTENED': 6, 'DISAGREES': 2, 'EXPANDED': 12, 'VERBATIM': 1}
  PASS Q2 found — rows 42, found on the running world 42
  PASS Q3 the close by a prior run — supplied debits 4, closed 4, closer earlier on the tape [True, True, True, True]
  PASS Q4 the retrograde dating — Deuteronomy lines 12, dated 11, retrograde markers 3, stated days [(1, 2, 16), (2, 2, 20), (40, 6, 1)]
  PASS Q5 the open disagreements — DISAGREES rows 2 (open [True, True]), ledger entries citing them 0
  PASS Q6 the register seats — got {'Deut 1:3': 'ACT', 'Deut 1:19': 'CHAPTER', 'Deut 1:41': 'CHAPTER', 'Num 27:22': 'CLOSE', 'Deut 4:45': 'DAEMONS'}
  PASS Q7 chapter 4's table — rows 11, grades {'SHORTENED': 3, 'EXPANDED': 5, 'SUPPLIED': 2, 'DISAGREES': 1}, the first tellings named 2
  PASS Q8 the Horeb lines dated — ten_words_declared 1 dated (1, 3, 7); tablets_given 1 dated (1, 4, 17); the markers at Deut 4:10 / 4:13 True / True; the tablets' day = the breaking's True
  PASS Q9 the seats and the debit after chapter 4 — got (4:5 class, 4:45 class, 4:45 daemons, the refuge debit, open, cities_set_apart) = ('ACT', 'DAEMONS', 2, 1, True, 1)
  PASS Q10 chapter 5's table — the laws' readback — rows 21 (law 16, cells named 15, no cell ['Deut 5:6']), grades {'VERBATIM': 5, 'VARIANT': 5, 'EXPANDED': 5, 'TURNED': 4, 'SUPPLIED': 2}
  PASS Q11 the request and the answer dated; the charge closed by the prior run — mediator_requested 1 dated (1, 3, 7) (the first telling named True); stand_here_commanded 1 dated (1, 3, 7); the marker at Deut 5:23 True; the charge's debit 1, closed by the prior run True
  PASS Q12 the seats after chapter 5; the code's hole filled — got (5:12, 5:16, 5:32 classes, 4:45 daemons, other_gods_barred, coveting_barred, the blocks' day, source) = ('CHAPTER', 'CHAPTER', 'CHAPTER', 2, 1, 1, (1, 3, 7), 'Deut 4:10')
  PASS Q13 chapter 6's table — the readback's third form — rows 7 (found on the running world 7, every row a law's 7), grades {'VERBATIM': 3, 'EXPANDED': 3, 'SHORTENED': 1}, open 0
  PASS Q14 the two lines on the speech's day, no marker — got (shema_declared, testing_barred, a chapter-6 marker, markers, shema_commanded, test_barred, their sources) = (1, 1, False, 169, 1, 1, 'Deut 6:4', 'Deut 6:16')
  PASS Q15 the receipt without the Name; the pointer; the daemon — got (the gate sees 6:25, the pointer rows, the daemon registered, given_at) = (False, 1, True, 'Deut 6:4')
  PASS Q16 chapter 7's table — the readback on the kin — rows 21 (found on the tape 6, in the kin's cells by CALL 15), grades {'EXPANDED': 8, 'VARIANT': 5, 'VERBATIM': 4, 'TURNED': 3, 'SHORTENED': 1}, the code's holes 4, open 0
  PASS Q17 the three lines on the speech's day, no marker; the seven writes — got (nations_devoted, hearing_blessed, abomination_barred, a chapter-7 marker, markers, the ban's debit, covenant_barred, favor_barred, intermarriage_barred, blessing_promised, pity_barred, house_abomination_barred, their sources) = (1, 1, 1, False, 169, 1, 1, 1, 1, 1, 1, 1, 'Deut 7:1', 'Deut 7:25')
  PASS Q18 the kin stands; the daemon — got (other_gods_barred, coveting_barred, treasured_people, the dispossession's debits, high_places_banned present, the daemon registered, given_at, installed_by) = (1, 1, 1, 2, True, True, 'Deut 7:1', 'boot')
  PASS Q19 chapter 8's table — the readback's fifth form, the retelling of a state — rows 18 (found on the tape 10, in the kin's cells by CALL 7), grades {'VERBATIM': 6, 'EXPANDED': 4, 'TURNED': 2, 'SUPPLIED': 1, 'VARIANT': 5}, the code's holes 3, open 0, the SUPPLIED row ['Deut 8:4'] with its ledger scan [[]]
  PASS Q20 the three lines on the speech's day, no marker; the three writes — got (grace_commanded, forgetting_warned, perishing_testified, a chapter-8 marker, markers, bless_after_eating_commanded, forgetting_barred, heaven_and_earth_witness, their sources — the status at the first line, the block at the second, the testimony's reuse at the third, the 4:26 entry first) = (1, 1, 1, False, 169, 1, 1, 2, 'Deut 8:7', 'Deut 8:11', 'Deut 8:19', 'Deut 4:25')
  PASS Q21 the kin stands; the daemon — got (manna_provided, water_from_the_rock, serpents_sent, shema_commanded, test_barred, other_gods_barred, blessings_for_hearing, treasured_people on Israel — the kin UNMOVED, no second write; the daemon registered, given_at, installed_by) = (1, 2, 1, 1, 1, 1, 1, 1, True, 'Deut 8:1', 'boot')
  PASS Q22 chapter 9's table — the readback's sixth form, the retelling of a stretch — rows 32 (found on the tape 22, in the kin's cells by CALL 9), grades {'VERBATIM': 14, 'VARIANT': 12, 'EXPANDED': 4, 'TURNED': 1, 'SUPPLIED': 1}, the hole 1, the OPEN rows 2, open-flagged 0, the SUPPLIED row ['Deut 9:20'] with its write ['destruction_halved'], the STRETCH rows 4 measured on the running world True
  FAIL Q23 the retrograde line and its write; the two markers — got (prayed_for_aaron, its dated day, the RETROGRADE marker at Deut 9:20 stated (1, 4, 18), the FORWARD marker at 9:21 at the counter's day, markers, the counter, destruction_halved on aaron, its source, its dated day, the line's placement, first_telling told only here) = (1, (1, 4, 18), True, True, 169, (40, 11, 1), 1, 'Deut 9:20', (1, 4, 18), 'reading_placed', True)
  PASS Q24 the kin stands; the clock read back; the daemon — got (decree_relented on Israel, blotted_from_the_book on the sinners, tablets_delivered over moses / the tablets / the ark, fire_sank, atoned_forgiven on aaron — the kin UNMOVED; moses_interceded lines, moses_pleaded lines — no third intercession; THE CLOCK: the four markers' dates, the three forties (the last to 10 Tishri); the daemon registered, given_at, installed_by) = (1, 1, 4, 1, 1, 2, 1, ((1, 3, 7), (1, 4, 17), (1, 4, 18), (1, 5, 29)), (40, 40, 40), True, 'Deut 9:1', 'boot')
  FAIL Q25 chapter 10's table — the forms combined, no seventh — ModuleNotFoundError: No module named 'cold_run_second_tablets'
  FAIL Q26 the two retrograde lines and their writes; the three markers — got (fragments_placed_in_the_ark, its dated day, aaron_buried, its dated day, the RETROGRADE marker at Deut 10:2 stated (2, 1, 1), the RETROGRADE marker at Deut 10:6 stated (40, 5, 1), the FORWARD marker at 10:12 at the counter's day, markers, the counter, fragments_in_the_ark on the ark, its source, its dated day, buried on aaron, its source, its dated day, the lines' placement, first_telling told only here) = (0, None, 0, None, False, False, False, 169, (40, 11, 1), 0, None, None, 0, None, None, [], False)
  FAIL Q27 the four own-day lines and their writes; the kin stands; the daemon — got (the four own-day lines in the ink's order, all after the forward marker at 10:12, their day, dated fields (none), the five writes on israel_people with their sources' heads (fear_of_heaven_asked, heart_circumcision_commanded, stiffening_barred, love_owed, cleaving_commanded), THE KIN STANDING (shema_commanded, test_barred, invested_office on the Levites and its value (1, 2), given_to_aaron TWO, inheritance_barred on the Levites and on aaron, tithe_granted, aaron's entries 30, eleazar's invested_office ONE), the daemon registered, given_at, installed_by) = ([], False, [], 0, ((0, None), (0, None), (0, None), (0, None), (0, None)), (1, 1, 1, (1, 2), 2, 1, 1, 1, 29, 1), False, None, None)
readback_probes: 23/27
