  MATCH   C0
  MISS    C1 the flood 150 days (7:24, 8:3) vs 7:11->8:4 [OPEN-4]
      declared: 150
      computed: 147
  MATCH   C2
  MISS    C3a 430 years in Egypt (Exod 12:40) vs exodus-descent [OPEN-3]
      declared: None
      computed: None
  MATCH   C3b
  MATCH   C3b-day
  MATCH   C3c
  MATCH   C3d-70
  MISS    C3d-85 THE JOIN: the covenant placed at Abraham's 85 (bereshit_rabbah_46_2) + Exod 12:40's 430 against the exodus marker, creation year 2449
      declared: None
      computed: None
  MISS    C3c-literal the descent-literal setting against the bound
      declared: None
      computed: 430
  MISS    C4 Shem 100 at Arpachshad, 2 years after the flood (11:10) vs 5:32
      declared: 100
      computed: 102
  MATCH   C5
  MATCH   C6
  MATCH   C7
  MATCH   C8
  MATCH   C9
  MISS    C10 Methuselah 7 days before the flood (Sanhedrin 108b:5)
      declared: 7
      computed: 46
  MATCH   C11
  MISS    CS0 the ark = born + 3 months (2:2) vs the sixth of Sivan (Sotah 12b:16-17)
      declared: (3, 6)
      computed: (3, 7)
  MISS    CS1 the exodus day's weekday by the creation count vs Shabbat 87b:2 (Thursday = 5)
      declared: 5
      computed: 2
  MATCH   CS2
  MATCH   CS3
  MISS    CS4 the manna's first morning (16 Iyar) a Sunday by the shelf (Shabbat 87b:5) vs the creation count
      declared: 1
      computed: 5
  MATCH   CS6
  MATCH   CS7
  MATCH   CS8
  MATCH   CS9
  MATCH   CN1
  MATCH   CB1
  MATCH   CB2
  MATCH   CB3
  MATCH   CB4
  MATCH   CB5
  MATCH   CB6
  MATCH   CB7
  MATCH   CB8
  MATCH   CD1
  MATCH   CD2
  MATCH   CD3
  MATCH   CD4
  MATCH   CD5
  MATCH   CD6
  MATCH   CD7
  MISS    CD8 the Sifrei's THIRTEEN utterances "to Moses and to Aaron" (58:1 — thirteen exclusions of Aaron read at 7:89) against the frame census of the LORD speaking to
      declared: 13
      computed: 16
  MATCH   CE1
  MATCH   CE2
  MISS    CE3 the month of flesh (11:20) FIRED against the Hazeroth marker (2, 3, 22) — the machine's thirty days from the twenty-third against the tradition's inclusive 
      declared: (2, 3, 22)
      computed: (2, 3, 24)
  MATCH   CE4
  MATCH   CE5
  MATCH   CE6
  MATCH   CE7
  MISS    CE8 the LORD going down: the Sifrei's "ten descents are written" (93:1) against the ink's ELEVEN tokens (sitting 3's measurement, the row descents) — DIVERGE ex
      declared: 10
      computed: 11
  MATCH   CE9
  MATCH   CF1
  MISS    CF2 the forty days' timer (13:3-25) FIRED against the return marker (2, 5, 9) — the machine's forty from the twenty-ninth against the baraita's Ninth of Av (Taa
      declared: (2, 5, 9)
      computed: (2, 5, 10)
  MATCH   CF3
  MATCH   CF4
  MATCH   CF5
  MISS    CF6 the ink's "these ten times" (14:22; Pirkei Avot 5:4) against the ledger's tested_the_lord count on Israel at the decree — the exodus story's six murmurings 
      declared: 10
      computed: 7
  MATCH   CF7
  MATCH   CF8
  MATCH   CF9
  MATCH   CK1
  MATCH   CK2
  MATCH   CK3
  MISS    CK4 KORACH'S DEATH-MODE — 26:10 adds "and Korach" among the swallowed (declared True) against 16:32's "every person who belonged to Korach" (Korach named there:
      declared: True
      computed: False
  MATCH   CK5
  MATCH   CK6
  MATCH   CK7
  MATCH   CK8
  MATCH   CK9
  MATCH   CM1
  MATCH   CM2
  MATCH   CM3
  MATCH   CM4
  MISS    CM5 MIRIAM'S DAY — the tape's buried on the arrival's day (40, 1, 1) against the shelf's tenth of Nisan (Seder Olam Rabbah 10:2; the row miriam_death_day): DIVE
      declared: (40, 1, 10)
      computed: (40, 1, 1)
  MATCH   CM6
  MATCH   CM7
  MATCH   CM8
  MATCH   CM9
  MATCH   CM10
  MATCH   CL1
  MATCH   CL2
  MATCH   CL3
  MATCH   CL4
  MATCH   CL5
  MATCH   CL6
  MATCH   CL7
  MATCH   CL8
  MATCH   CL9
  MATCH   CP1
  MATCH   CP2
  MATCH   CP3
  MATCH   CP4
  MATCH   CP5
  MATCH   CP6
  MATCH   CP7
  MATCH   CP8
  MATCH   CP9
  MATCH   CT1
  MATCH   CT2
  MATCH   CT3
  MATCH   CT4
  MATCH   CT5
  MATCH   CT6
  MATCH   CT7
  MATCH   CT8
  MATCH   CT9
  MATCH   CV1
  MATCH   CV2
  MATCH   CV3
  MATCH   CV4
  MATCH   CV5
  MATCH   CV6
  MATCH   CV7
  MATCH   CV8
  MATCH   CV9
  MATCH   CX1
  MATCH   CX2
  MATCH   CX3
  MATCH   CX4
  MATCH   CX5
  MATCH   CX6
  MATCH   CX7
  MATCH   CX8
  MATCH   CX9
  MATCH   CY1
  MATCH   CY2
  MATCH   CY3
  MATCH   CY4
  MATCH   CY5
  MATCH   CY6
  MATCH   CY7
  MATCH   CY8
  MATCH   CY9
  MATCH   CZ1
  MATCH   CZ2
  MATCH   CZ3
  MATCH   CZ4
  MATCH   CZ5
  MATCH   CZ6
  MATCH   CZ7
  MATCH   CZ8
  MATCH   CZ9
  MATCH   CW1
  MATCH   CW2
  MATCH   CW3
  MATCH   CW4
  MATCH   CW5
  MATCH   CW6
  MATCH   CW7
  MATCH   CW8
  MATCH   CW9
  MATCH   CR1
  MATCH   CR2
  MATCH   CR3
  MATCH   CR4
  MATCH   CR5
  MATCH   CR6
  MATCH   CR7
  MATCH   CR8
  MATCH   CR9
  MATCH   CA1
  MATCH   CA2
  MATCH   CA3
  MATCH   CA4
  MATCH   CA5
  MATCH   CA6
  MATCH   CA7
  MATCH   CA8
  MATCH   CA9
  MATCH   CC1
  MATCH   CC2
  MATCH   CC3
  MATCH   CC4
  MATCH   CC5
  MATCH   CC6
  MATCH   CC7
  MATCH   CC8
  MATCH   CC9
  MATCH   CI1
  MATCH   CI2
  MATCH   CI3
  MATCH   CI4
  MATCH   CI5
  MATCH   CI6
  MATCH   CI7
  MATCH   CI8
  MATCH   CI9
  MATCH   CO1
  MATCH   CO2
  MATCH   CO3
  MATCH   CO4
  MATCH   CO5
  MATCH   CO6
  MATCH   CO7
  MATCH   CO8
  MATCH   CO9
  MATCH   CQ1
  MATCH   CQ2
  MATCH   CQ3
  MATCH   CQ4
  MATCH   CQ5
  MATCH   CQ6
  MATCH   CQ7
  MATCH   CQ8
  MATCH   CQ9
  MATCH   CU1
  MATCH   CU2
  MATCH   CU3
  MATCH   CU4
  MATCH   CU5
  MATCH   CU6
  MATCH   CU7
  MATCH   CU8
  MATCH   CU9
  MATCH   DA1
  MATCH   DA2
  MATCH   DA3
  MATCH   DA4
  MATCH   DA5
  MATCH   DA6
  MATCH   DA7
  MATCH   DA8
  MATCH   DA9
  MATCH   DB1
  MATCH   DB2
  MATCH   DB3
  MATCH   DB4
  MATCH   DB5
  MATCH   DB6
  MATCH   DB7
  MATCH   DB8
  MATCH   DB9
  MATCH   CG0
  MATCH   CG1
  MATCH   CG2
  MATCH   CG3
  MATCH   CG4
  MATCH   CG5
  MATCH   CG6
  MATCH   CG7
  MATCH   CG8
  MATCH   CG9
  MATCH   CH0
  MISS    CH1 Mishnah Avot 5:3: ten trials of Abraham against the ink's one trial verb (22:1) — DIVERGE expected; the ten's list is Avot de-Rabbi Natan's, absent from the
      declared: 10
      computed: 1
  MATCH   CH2
  MATCH   CH3
  MATCH   CH4
  MATCH   CH5
  MATCH   CH6
  MATCH   CH7
  MATCH   CH8
  MATCH   CH9
  MATCH   CH10
  MATCH   CJ0
  MATCH   CJ1
  MATCH   CJ2
  MATCH   CJ3
  MISS    CJ3b the names counted by script per register (Er and Onan dead by 46:12) against the sub-totals — Leah's thirty-three against thirty-two living named: the miss
      declared: (33, 16, 14, 7)
      computed: (32, 16, 14, 7)
  MATCH   CJ4
  MATCH   CJ5
  MATCH   CJ6
  MATCH   CJ7
  MATCH   CJ8
  MATCH   CJ9
  MATCH   CJ10
  MATCH   CJ10-tokens
  MATCH   CJ11
  MATCH   C12
  MATCH   C13
checkpoint_check: 271 rows, 18 miss, 0 raised — the tape stepped to its end in 21s
