=== chain 00:03:45
exit 0 TEXT LAYER GREEN: 22 steps, 7 scenarios — deu_10_second_tablets
=== ritual deu_10_second_tablets 00:03:45
exit 0 Manual next: watchlist (logic/middot_scan/), state-doc update, owner commit word.
ALL_DONE
verify_text: TEXT LAYER GREEN: 22 steps, 7 scenarios — deu_10_second_tablets
=== fold 00:04:38
=== CHECK AFTER THE BAKE
CORPUS TRUTH GREEN — one world, 224 units, 1809 facts, 341 demands (191 open), hash 8b8fff1fa28953af
27:assert len(W["units"]) == 224
32:assert len(W["standing"]) == 2227
37:assert corpus_world._state_hash(W) == '8b8fff1fa28953af'
=== build_world 00:06:07
exit 0 |   ALL GREEN — the one database agrees with the fold
=== journal_gate 00:07:08
exit 0 | GATE GREEN — the replay is the audit, the running world is the instrument
=== register_gate 00:10:49
exit 0 | THE REGISTER GATE: GREEN
=== large_letter 00:10:51
exit 0 | 6/6
=== home_gate 00:10:52
exit 0 | THE HOME-PATH GATE: GREEN — 0 tracked text files carry a username or a home path
ALL GREEN 00:10:54
