guard: 62 expectations checked, every one a literal from the answer sheet [honest-pairing guard satisfied]

THE CONSECRATION, SUBSTITUTION, AND DEVOTION MACHINE COMPILES — the two substitution verbs, "beast for beast," "it and its substitute" at the vow and the tithe, the fifth censused five times, the partitive "from all that he has," the ordinal tenth under the rod; three calls into sister engines: the Jubilee engine's tithe naming and the Passover engine's firstling donkey.

PASS  [MOVE]  Deut 10:1; Exod 34:2 (the tape); Exod 24:12 — at_that_time_hew
        ->  accepted           [heaven]  accepted for him — the offering's acceptance state
PASS  [MOVE]  Deut 10:2; Exod 34:1 — the_words_that_were
        ->  accepted           [heaven]  accepted for him — the offering's acceptance state
PASS  [MOVE]  Deut 10:2, 10:5 (the T2 row — SUPPLIED with the write); Bava Batra 14b:6; Menachot 99a:12 — the_fragments_in_the_ark
        ->  fragments_in_the_ark [status]  the fragments in the ark — the STATUS the retrograde line fragments_placed_in_the_ark writes on the ark: 'and you shall put THEM in the ark' (10:2 — the two tokens Exodus 34:1 never gives; 10:5 'and I put the tablets in the ark which I had made, and there they are'): THE VALUE FROM THE SHELF — the tablets AND the fragments of the tablets rest in the ark (Rav Yosef's baraita, Bava Batra 14b:6 and Menachot 99a:12 — 'which you broke, and you shall put them in the ark': both sets; Rav Huna from 2 Samuel 6:2's doubled Name — 14b:4; R. Yehuda from 1 Kings 8:9's 'nothing in the ark EXCEPT the two tablets' — a restriction after a restriction, which EXTENDS: E4, 14a:10), AND WHAT ELSE THE ARK HELD — the second parameter: R. Meir (the cubit six handbreadths: the ark 15 × 9 × 9, the tablets 6 × 6 × 3, two handbreadths left for the Torah scroll INSIDE — 14a:12-13); R. Yehuda (the cubit five: 12.5 × 7.5 × 7.5, the silver columns inside, the scroll on the Philistines' chest BESIDE the ark — 14a:14-14b:1): the value carries both arms; THE ARK IS ONE — 'the ark of the covenant that Moses fashioned' with Exodus 25:10's cubits (Bava Batra 14a:8; Yoma 3b:3 'make you an ark of wood' / 72b:8 'they shall make' reconciled — Moses' command, Bezalel's hands) against the Tosefta's two (Sotah 7:9 — R. Yehuda ben Lakish: the war ark with the scroll (Numbers 10:33), the camp ark with the fragments (Numbers 14:44): a DISPUTE row, the parameter's second arm recorded, decision (1) stands); the honor of the fragments — the elder who forgot his learning through no fault (Berakhot 8b:7); the ark hidden by Josiah (Mishnah Shekalim 6:1-2 — the wood store, the thirteen prostrations); the tape's the_ark holds ark_spec, ark_built, staves_fixed twice, tablets_delivered, journey_of_three_days AND Noah's rested_on_ararat (ONE ID FOR TWO WORDS — the registry's homograph in the English, a DATA row; a split owed to a gate sitting); the status dated (2, 1, 1) with its line — the erection's day, Exodus 40:20's testimony placed
PASS  [MOVE]  shelf: Bava Batra 14a:12-14b:1 — what_else_the_ark_held
        ->  accepted           [heaven]  accepted for him — the offering's acceptance state
PASS  [MOVE]  Deut 10:1-8; Bava Batra 14a:8; Tosefta Sotah 7:9 (DISPUTE) — the_ark_is_one
        ->  accepted           [heaven]  accepted for him — the offering's acceptance state
PASS  [MOVE]  Deut 10:3; Exod 37:1 (the tape); Yoma 72b:8 — i_made_an_ark
        ->  accepted           [heaven]  accepted for him — the offering's acceptance state
PASS  [MOVE]  Deut 10:4; Deut 5:22, 9:10 by CALL; Exod 34:28 — like_the_first_writing
        ->  accepted           [heaven]  accepted for him — the offering's acceptance state
PASS  [DATA]  Deut 10:5; Exod 40:20 (the tape); Deut 4:5 (the register) — the_receipt_10_5
        ->  accepted           [heaven]  accepted for him — the offering's acceptance state
PASS  [MOVE]  shelf: Berakhot 8b:7 — the_elder_who_forgot
        ->  accepted           [heaven]  accepted for him — the offering's acceptance state
PASS  [MOVE]  shelf: Mishnah Shekalim 6:1-2; Yoma 52b — the_ark_hidden
        ->  accepted           [heaven]  accepted for him — the offering's acceptance state
PASS  [MOVE]  Deut 10:6-7; Num 33:30-34 by CALL — the_stations_reversed
        ->  accepted           [heaven]  accepted for him — the offering's acceptance state
PASS  [MOVE]  Deut 10:6; Num 20:28 (the tape) — aaron_died_there
        ->  accepted           [heaven]  accepted for him — the offering's acceptance state
PASS  [MOVE]  Deut 10:6 (the T2 row — SUPPLIED with the write buried) — and_he_was_buried_there
        ->  buried             [status]  buried — the STATUS the burial writes on the dead and closes on the mourner: 'and after this Abraham buried Sarah his wife in the cave of the field of Machpelah' — the first act on the bought land (the possession of Kiddushin 1:5); the burials restated with the deed (25:9, 35:29, 49:31, 50:13); the husband's duty in Mishnah Ketubot 4:4; Rachel buried on the road (48:7) and absent from the cave's list (49:31)
PASS  [MOVE]  Deut 10:6 (OPEN); Seder Olam Rabbah 9:2 — the_place_of_the_death
        ->  accepted           [heaven]  accepted for him — the offering's acceptance state
PASS  [MOVE]  Deut 10:6; Num 3:4; Num 20:26-28 by CALL — eleazar_ministered
        ->  accepted           [heaven]  accepted for him — the offering's acceptance state
PASS  [MOVE]  shelf: Rosh Hashanah 3a:1-3; Taanit 9a:9-12 — arad_heard
        ->  accepted           [heaven]  accepted for him — the offering's acceptance state
PASS  [MOVE]  Num 33:38; Seder Olam Rabbah 10:2 — aaron_in_av
        ->  accepted           [heaven]  accepted for him — the offering's acceptance state
PASS  [MOVE]  Deut 10:12, 13:5; Sotah 14a:3-4 — walk_after_his_attributes
        ->  accepted           [heaven]  accepted for him — the offering's acceptance state
PASS  [MOVE]  Deut 10:8; Exod 32:26 (the tape); Num 16:9 — at_that_time_separated
        ->  accepted           [heaven]  accepted for him — the offering's acceptance state
PASS  [MOVE]  Deut 10:8; Num 4:4-15 by CALL — to_carry_the_ark
        ->  accepted           [heaven]  accepted for him — the offering's acceptance state
PASS  [MOVE]  Deut 10:8; Num 18:1-7 by CALL; Arakhin 11a:10 — to_stand_and_minister
        ->  accepted           [heaven]  accepted for him — the offering's acceptance state
PASS  [MOVE]  Deut 10:8; Num 6:23-27 by CALL; Sotah 38a:5, 38a:8 — to_bless_in_his_name
        ->  accepted           [heaven]  accepted for him — the offering's acceptance state
PASS  [MOVE]  Deut 10:8 (the docket's question) — which_time
        ->  accepted           [heaven]  accepted for him — the offering's acceptance state
PASS  [MOVE]  Deut 10:9; Num 18:20 (the tape); Deut 18:2 — levi_has_no_portion
        ->  accepted           [heaven]  accepted for him — the offering's acceptance state
PASS  [DATA]  Deut 10:9 (the receipt's third form) — as_the_lord_spoke_to_him
        ->  accepted           [heaven]  accepted for him — the offering's acceptance state
PASS  [MOVE]  Deut 10:10 (the stretch row); Exod 34:4 (the marker); Megillah 21a:17 — i_stood_on_the_mount
        ->  accepted           [heaven]  accepted for him — the offering's acceptance state
PASS  [MOVE]  Exod 34:4, 34:28; Seder Olam Rabbah 6:2 (MATCH) — the_second_ascents_date
        ->  accepted           [heaven]  accepted for him — the offering's acceptance state
PASS  [MOVE]  Deut 10:10; Deut 9:19; Exod 32:11 (the tape) — hearkened_that_time_also
        ->  accepted           [heaven]  accepted for him — the offering's acceptance state
PASS  [DATA]  Deut 10:10; Deut 4:31 — not_willing_to_destroy
        ->  accepted           [heaven]  accepted for him — the offering's acceptance state
PASS  [DATA]  Deut 10:11; Exod 32:34, 33:1 (no line — the hole outside the span) — arise_go
        ->  accepted           [heaven]  accepted for him — the offering's acceptance state
PASS  [DATA]  Deut 10:11; Deut 31:7; Josh 1:6 — the_charge_forward
        ->  accepted           [heaven]  accepted for him — the offering's acceptance state
PASS  [MOVE]  Deut 10:12; Deut 4:1 by CALL (the forward marker) — and_now_israel
        ->  accepted           [heaven]  accepted for him — the offering's acceptance state
PASS  [MOVE]  Deut 10:12-13; Deut 6:5, 6:13, 8:6 by CALL (THE LINE demand_declared) — what_does_the_lord_ask
        ->  fear_of_heaven_asked [status]  the fear of Heaven asked — the STATUS the line demand_declared writes on Israel: 'and now, Israel, WHAT does the LORD your God ASK of you, but TO FEAR the LORD your God, to walk in all His ways, and to love Him, and to serve the LORD your God with all your heart and with all your soul, to keep the commandments' (10:12-13): THE TRADITION'S OWN NAME FOR THIS VERSE — R. Chanina: 'EVERYTHING IS IN THE HANDS OF HEAVEN EXCEPT THE FEAR OF HEAVEN', from 'what does the LORD your God ask of you but to fear' (Berakhot 33b:23; Megillah 25a:9; Niddah 16b:13 — the one thing not decreed at conception: the ONE FREE VARIABLE the shelf names on this verse); 'is the fear of Heaven a small thing?' — for Moses it was: the parable of the great vessel (33b:24-25, E26); the fear of sin the storehouse's key (Shabbat 31b:1-3 — R. Elazar); a hundred blessings a day from 'what' (Menachot 43b:15 — ma read me'a, the do-not-read reading NAMED, no code); the five infinitives against the creed — 6:5's 'with all your heart and with all your soul' (seven tokens shared) WITHOUT 'with all your might' (the Shema's third dropped here — a DATA row), 6:13's fear and serve, 8:6's walk in His ways (the cells by CALL, no write of theirs); shema_commanded's entry stands beside this status; the demand a QUESTION as the code's form ('what … but'), STATUTE by form; the status at the counter's day (40, 11, 1) with no dated field
PASS  [MOVE]  shelf: Berakhot 33b:23; Megillah 25a:9; Niddah 16b:13 — the_fear_of_heaven
        ->  accepted           [heaven]  accepted for him — the offering's acceptance state
PASS  [MOVE]  shelf: Berakhot 33b:24-25 — a_small_thing
        ->  accepted           [heaven]  accepted for him — the offering's acceptance state
PASS  [MOVE]  shelf: Menachot 43b:15; Shabbat 31b:1-3 — a_hundred_blessings
        ->  accepted           [heaven]  accepted for him — the offering's acceptance state
PASS  [MOVE]  Deut 10:13; Deut 4:40; Deut 6:3 by CALL — for_your_good
        ->  accepted           [heaven]  accepted for him — the offering's acceptance state
PASS  [MOVE]  Deut 10:14; Deut 4:39 by CALL; Chagigah 12b:4 — the_heaven_of_heavens
        ->  accepted           [heaven]  accepted for him — the offering's acceptance state
PASS  [MOVE]  Deut 10:15; Deut 7:7, 4:37 by CALL — delighted_in_your_fathers
        ->  accepted           [heaven]  accepted for him — the offering's acceptance state
PASS  [MOVE]  Deut 10:16 (THE LINE heart_circumcision_commanded); Sukkah 52a:7 — circumcise_the_heart
        ->  heart_circumcision_commanded [status]  the circumcision of the heart commanded — the STATUS the line heart_circumcision_commanded writes on Israel: 'and you shall circumcise THE FORESKIN OF YOUR HEART' (10:16 — the phrase's one Torah seat; Jeremiah 4:4 'remove the foreskins of your heart', Leviticus 26:41 'their uncircumcised heart', Ezekiel 44:7, Jeremiah 9:25 the kin): ITS VALUE THE EVIL INCLINATION — Sukkah 52a:7: the inclination has SEVEN NAMES, 'foreskin' Moses' name for it from this verse (evil — God's, Genesis 8:21; foreskin — Moses'; unclean — David's; enemy — Solomon's; stumbling block — Isaiah's; stone — Ezekiel's; hidden — Joel's); THE GRAMMAR GUARD — Shabbat 108a:7: the verbal analogy (I2) 'foreskin / foreskin' between the child's circumcision (Leviticus 12:3 'the flesh of his foreskin') and the trees' (19:23 'its foreskin') takes the COMPLETE form orlato / orlato and REFUSES 'the foreskin of your heart' (10:16) and 'the foreskins of your heart' (Jeremiah 4:4) as the construct: the heart's foreskin is NOT the circumcision law's object (the flesh's circumcision_due twenty-four entries stand apart — a new name here); 30:6's 'and the LORD your God will circumcise your heart and the heart of your seed, to love the LORD your God with all your heart and with all your soul' the passive forward — the same command God's act; NO CELL in any runner held the heart's circumcision (the recon's scan: 0); Onkelos 'the foolishness of your heart' (10:16) — the foreskin made foolishness; the status at the counter's day (40, 11, 1) with no dated field, beside stiffening_barred (the same line's BLOCK)
PASS  [MOVE]  Deut 10:16; Lev 12:3, 19:23; Shabbat 108a:7 — the_grammar_guard
        ->  accepted           [heaven]  accepted for him — the offering's acceptance state
PASS  [DATA]  Deut 10:16 (the one prohibition — stiffening_barred) — stiffen_no_more
        ->  stiffening_barred  [block]  the stiffening barred — the BLOCK the line heart_circumcision_commanded writes on Israel: 'AND YOUR NECK YOU SHALL NOT STIFFEN ANY MORE' (10:16 — the chapter's ONE prohibition: 'not' + the imperfect second person plural, the hiphil 'stiffen' at 10:16, 2 Chronicles 30:8 and Psalm 95:8 alone; 'any more' the retelling's own word — the calf's stiff neck named as the past): THE STIFF NECK MADE A COMMAND — 7b's STATE (Exodus 32:9's 'a stiff-necked people', the phrase's six Bible seats all the calf's: 32:9, 33:3, 33:5, 34:9; 9:6, 9:13; the nape's eleven seats) is a state in the first telling with no write; here the neck is the object of a prohibition for the first time; A PROHIBITION WITHOUT AN ACTION — NO LASHES (Makkot 13b:6's form as at 6b's forgetting_barred: a negative commandment with no act is not flogged); the exam's person the stiffener (Beitzah 25b:7-8's impudent people the state's shelf, chapter 9's docket); 31:27 'your stiff neck' forward (Moses' own 'I know your rebellion'); Onkelos 'וקדלכון לא תקשון עוד' (and your neck you shall not harden any more); the block at the counter's day (40, 11, 1) with no dated field, beside heart_circumcision_commanded (the same line's STATUS)
PASS  [MOVE]  Deut 10:16; Makkot 13b:6 — no_lashes_for_the_neck
        ->  accepted           [heaven]  accepted for him — the offering's acceptance state
PASS  [MOVE]  Deut 10:17; Deut 7:9 by CALL; Ps 136:2-3 — god_of_gods
        ->  accepted           [heaven]  accepted for him — the offering's acceptance state
PASS  [MOVE]  Deut 10:17; Yoma 69b:13-16; Berakhot 33b:21-22 — the_attributes_three
        ->  accepted           [heaven]  accepted for him — the offering's acceptance state
PASS  [MOVE]  Deut 10:17; Num 6:26 by CALL; Rosh Hashanah 17b:17 — lifts_no_face
        ->  accepted           [heaven]  accepted for him — the offering's acceptance state
PASS  [MOVE]  Deut 10:17; Exod 23:8 by CALL; Ketubot 105a:10 — takes_no_bribe
        ->  accepted           [heaven]  accepted for him — the offering's acceptance state
PASS  [MOVE]  shelf: Ketubot 105a:17-19 — the_permitted_fee
        ->  exempt             [status]  exempt — no entry opens; the ledger stays clean
PASS  [MOVE]  shelf: Kiddushin 58b; Mishnah Bekhorot 4:6 — a_salary_voids
        ->  accepted           [heaven]  accepted for him — the offering's acceptance state
PASS  [MOVE]  shelf: Ketubot 105b:5, 105b:8-15 — the_bribe_of_words
        ->  accepted           [heaven]  accepted for him — the offering's acceptance state
PASS  [MOVE]  Deut 10:18; Exod 22:21 by CALL — the_orphan_and_the_widow
        ->  accepted           [heaven]  accepted for him — the offering's acceptance state
PASS  [MOVE]  Deut 10:19; Lev 19:34 by CALL (THE LINE stranger_love_commanded) — and_you_shall_love_the_stranger
        ->  love_owed          [debit]  owes love — the positive duty toward the neighbor as toward oneself, said again for the convert: the great rule as a ledger debit
PASS  [MOVE]  shelf: Bava Metzia 59b:13-15 — the_thirty_six_warnings
        ->  accepted           [heaven]  accepted for him — the offering's acceptance state
PASS  [MOVE]  shelf: Yevamot 47a:13-47b:15 — the_converts_intake
        ->  accepted           [heaven]  accepted for him — the offering's acceptance state
PASS  [MOVE]  shelf: Yevamot 47a:8-12 — the_private_convert
        ->  exempt             [status]  exempt — no entry opens; the ledger stays clean
PASS  [MOVE]  Deut 10:20; Deut 6:13 by CALL (THE LINE cleaving_commanded); Temurah 4a:2 — fear_serve_cleave_swear
        ->  cleaving_commanded [status]  the cleaving commanded — the STATUS the line cleaving_commanded writes on Israel: 'the LORD your God you shall fear, Him you shall serve, AND TO HIM YOU SHALL CLEAVE, and by His name you shall swear' (10:20 — 6:13's three clauses with the fourth ADDED: seven of eight tokens shared; the command's FIRST SEAT — 11:22 'and to cleave to Him', 13:5 'and to Him you shall cleave', 30:20 'and to cleave to Him' its others; 4:4 'you who cleave to the LORD' the STATE, obey_horeb's cell): ITS VALUE THE SCHOLARS — Ketubot 111b:6-8: 'and to Him you shall cleave' — is it possible to cleave to the Divine Presence, of whom it is written 'a consuming fire' (4:24)? rather: whoever marries his daughter to a Torah scholar, conducts business for scholars, and benefits scholars from his property — the verse ascribes it to him as if he cleaved to the Divine Presence (4:4 and 30:20 read the same way; 10:20 the command's first seat); THE POSITIVE FORM RULE — 'you shall fear the LORD your God' (10:20, 6:13) A WARNING STATED AS A POSITIVE COMMAND (Temurah 4a:2; Sanhedrin 56a:11 — the blasphemer's trial reads 'you shall fear' as the warning): the four clauses positive, a STATUS not a BLOCK, no lashes; Shimon HaAmmassoni expounded every 'et' in the Torah and RETRACTED at 'you shall fear [et] the LORD your God' — R. Akiva: 'et' to include Torah scholars (E1 — Pesachim 22b:11, the row citing 10:20); a truthful oath by His name PERMITTED — Rav Giddel: 'and by His name you shall swear' a positive command (Temurah 3b:17-18; the oath by the appellations liable — Shevuot 35b:22, ala / ala the analogy I2 35b:23); 'walk after the LORD your God' (13:5) = His attributes — clothe the naked, visit the sick, comfort mourners, BURY THE DEAD (Sotah 14a:3-4 — beside 10:6's passive burial; the Torah begins and ends with kindness, 14a:6); Onkelos 'ובדחלתיה תתקרב' (and to His fear you shall draw near); the status at the counter's day (40, 11, 1) with no dated field
PASS  [MOVE]  shelf: Ketubot 111b:6-8 — cleave_to_the_scholars
        ->  accepted           [heaven]  accepted for him — the offering's acceptance state
PASS  [MOVE]  Deut 10:20; Pesachim 22b:11 — the_et_of_10_20
        ->  accepted           [heaven]  accepted for him — the offering's acceptance state
PASS  [MOVE]  Deut 10:20; Shevuot 35b:22-23 — swear_by_his_name
        ->  accepted           [heaven]  accepted for him — the offering's acceptance state
PASS  [MOVE]  Deut 10:20; Temurah 3b:17-18 — a_truthful_oath
        ->  exempt             [status]  exempt — no entry opens; the ledger stays clean
PASS  [MOVE]  Deut 10:21; Deut 7:19, 4:35 by CALL — he_is_your_praise
        ->  accepted           [heaven]  accepted for him — the offering's acceptance state
PASS  [MOVE]  Deut 10:22; Gen 46:27, Exod 1:5 by CALL; Bava Batra 123b:1 — seventy_persons
        ->  accepted           [heaven]  accepted for him — the offering's acceptance state

WATCH COVERAGE (the wrap):
  WATCH law_second_tablets     seen  24  fired  24  on: second_tablets_case
MATRIX: 62/62 cells match the answer sheet
FRACTIONS: pure ink 0/62 (0%) · named moves 56/62 (90%) · data 6/62 (10%) · hypotheses 0/62 (the H class, counted apart — never as compiled)
LEDGER OPS this span writes: block x1, debit x1, heaven x52, status x8
THE INK: the five number verses [((10, 1), [2]), ((10, 3), [2, 2]), ((10, 4), [10]), ((10, 10), [40, 40]), ((10, 22), [70])] with the one ordinal {4: [1]}; the divine frame [11]; the imperatives God's to Moses {1: ['פסל'], 11: ['קום', 'לך']}; the consecutive perfects {1: ['ועשית'], 2: ['ושמתם'], 16: ['ומלתם'], 19: ['ואהבתם']}; the ONE prohibition [(16, 'תקשו')]; the register singular-only [1, 2, 9, 10, 11, 12, 13, 14, 20, 21, 22], plural-only [4, 16, 17, 19], both [15], neither [3, 5, 6, 7, 8, 18]; the narrative verbs 14 in 7 verses; the Name 21 bare tokens; the ark-lemma's book seats ['Deut 10:1', 'Deut 10:2', 'Deut 10:3', 'Deut 10:5', 'Deut 10:8', 'Deut 31:9', 'Deut 31:25', 'Deut 31:26']
THE READBACK — THE FORMS COMBINED, NO SEVENTH: 25 rows — {'EXPANDED': 3, 'VERBATIM': 9, 'SUPPLIED': 2, 'VARIANT': 10, 'TURNED': 1}; on the tape 10, in the kin's cells by CALL 13 (every cell found True); the stretch rows [('Deut 10:10', 'Exod 34:4', 'timer:tablets_delivered', 40)]; the SUPPLIED rows ['Deut 10:2', 'Deut 10:6'] with their writes ['fragments_in_the_ark', 'buried']; no row open True; the OPEN rows ['the place of the death']; the holes 1: ['THE COMMAND TO GO']
THE CLOCK READ BACK (the bare world's arithmetic): {'second_ascent': (1, 5, 29), 'second_tablets': (1, 7, 10), 'third_forty': 40, 'erected': (2, 1, 1), 'aaron_death': (40, 5, 1), 'hor_arrival': (40, 4, 1), 'hor_to_death': 29, 'counter': (40, 11, 1), 'av_days': 30, 'from_29_av_to_10_tishri': 40, 'seder_olam_6_2': (1, 5, 29)}
THE SCANS on the one database: the fragments on the ark []; the burial on aaron []; the laws on Israel []; love_owed anywhere []; bribe_barred anywhere []; the buried before Aaron ['abraham', 'deborah_the_nurse', 'isaac', 'jacob', 'miriam', 'rachel', 'sarah', 'the_lusters']
THE CALLEES: ER fragments both_in_the_ark, ratified yishar_kochakha, forty 9; SB both both_in_the_ark, maker [(37, 1)], hands bezalel_alone_the_rest_at_his_word, dims (2.5, 1.5, 1.5); CH tablets ['accepted']; OH loved ['accepted'], shown ['accepted'], cleave ['accepted']; NR fragments ['accepted'], forty ['accepted'], hearkened ['accepted']; JO seven ['accepted']; CK moserah ['—'], succession ['garments_transferred', 'invested_office', 'gathered_to_his_people']; BM order ['charge_kept']; BH bearers ['charge_kept']; KR places ['watch_owed']; NS name ['blessed_by_the_priests'], face ['blessed_by_the_priests']; JS seventy 70, jochebed jochebed_born_between_the_walls; HI heart ['accepted'], might ['accepted'], fss ['accepted']; GL kwf ['accepted']; SN chose ['accepted'], god ['accepted']; OR bribe the_bribed_judges_eyes_dim, absolute even_to_judge_truly, widow R_Yishmael_all_persons_R_Akiva_the_named; HB love ['R._Akiva_love_your_neighbor', 'ben_Azzai_the_book_of_the_generations_of_man'], seats [18, 34]
THE SCENE on the bench: (1, 1, 1, 1, 1, 1, 1, 1, 1, 1, 1, 1, 1, 1, 1, 1, 1, 1, 1, 1, 1, 1, 1, 1); the exempt arms (1, 1, 1); the lashes 0 (none — the one prohibition has no action); the timers (set, fired, cancelled, pending) (0, 0, 0, 0); entities 24; closes 0
THE NARRATIVE: (7, 0, 3, (11, 1), 0, 0, 0, 2) (the status on the ark dated (2, 1, 1), on aaron (40, 5, 1))
THE PARAMETER ROWS: the_readback = 25 rows, 1 holes, 1 open rows; the_clock_read_back = {'second_ascent': (1, 5, 29), 'second_tablets': (1, 7, 10), 'third_forty': 40, 'erected': (2, 1, 1), 'aaron_death': (40, 5, 1), 'hor_arrival': (40, 4, 1), 'hor_to_death': 29, 'counter': (40, 11, 1), 'av_days': 30, 'from_29_av_to_10_tishri': 40, 'seder_olam_6_2': (1, 5, 29)}; the_two_arks = {'the_bavli': "ONE — 'the ark of the covenant that Moses fashioned: its length two cubits and a half, its width a cubit and a half, its height a cubit and a half' (Bava Batra 14a:8 — Exodus 25:10's cubits given to the ark 'that Moses fashioned'); Yoma 3b:3 'make you an ark of wood' (10:1) / 'they shall make an ark' (25:10); 72b:8 'Bezalel made' — the command Moses', the hands Bezalel's", 'the_tosefta': "TWO — R. Yehuda ben Lakish: two arks went with Israel in the wilderness — the one with the Torah scroll went out to war ('the ark of the covenant of the LORD went before them', Numbers 10:33), the one with the fragments of the tablets rested in the camp ('the ark of the covenant of the LORD and Moses did not depart from the camp', 14:44) — Tosefta Sotah 7:9 (read whole; the Vilna division's fifteen rows of chapter 7)", 'the_decision': "decision (1) STANDS — the tape's the_ark one id, the Bavli's reading; the Tosefta's arm a DISPUTE row and the exam's row", 'the_registrys_homograph': "one id for the flood's tevah and the sanctuary's aron — rested_on_ararat on the_ark's ledger beside ark_spec and ark_built (the map 'the-ark' → the_ark): two Hebrew words on one English id; a split owed to a gate sitting on the owner's word, no change here"}; the_arks_contents_two_arms = {'r_meir': 'the cubit SIX handbreadths — the ark 15 × 9 × 9 inside; the two tablets 6 × 6 × 3 laid along the length twelve, three left: half a handbreadth for each wall, TWO HANDBREADTHS FOR THE TORAH SCROLL INSIDE (Bava Batra 14a:12-13)', 'r_yehuda': "the cubit FIVE — 12.5 × 7.5 × 7.5; the tablets twelve of the twelve and a half, the silver columns inside; THE SCROLL BESIDE the ark on the Philistines' chest (1 Samuel 6:8 — 14a:14-14b:1); 31:26's 'beside the ark' the ink's own", 'the_agreed': "the tablets AND the fragments of the tablets rest in the ark — Rav Yosef's baraita on 10:1-2 'them' (14b:6; Menachot 99a:12), Rav Huna's 2 Samuel 6:2 (14b:4), R. Yehuda's 1 Kings 8:9 (E4, 14a:10)", 'the_tablets': "6 × 6 × 3 handbreadths (Nedarim 38a:8 — 7b's DATA row); SB.ark('dimensions') = (2.5, 1.5, 1.5)"}; the_stations_reversed = {'numbers': "33:30-34 — Moseroth, Bene-jaakan, Hor-haggidgad, Jotbathah (then Abronah, Ezion-geber, Kadesh, Mount Hor: Moseroth SEVEN camps before Hor — JO.the_stations('moseroth_seven'))", 'deuteronomy': "10:6-7 — Beeroth-bene-jaakan, Moserah (the death), Gudgodah, Jotbathah 'a land of brooks of water'", 'the_diff': "one token shared with 33:31; Gudgod for Hor-haggidgad (no token shared); the brooks added (8:7's phrase — the two seats); the station's three tokens one lemma on the DB (the store's split name)", 'the_reconciliation': 'the retreat of seven stations (Seder Olam Rabbah 9:2) — the parameter on file at journeys and chukat'}; the_place_of_the_death = {'name': 'the place of the death', 'verses': 'Deut 10:6; Num 20:22-29, 33:30-39', 'the_tape': "Mount Hor — journeyed_to_mount_hor (Num 20:22, M['hor_arrival'] (40, 4, 1)), garments_transferred_and_aaron_died (20:28, M['aaron_death'] (40, 5, 1) from 33:38's ordinals), aaron_mourned_thirty_days (20:29)", 'the_shelf': "Moserah — 'there Aaron died' (10:6) after Beeroth-bene-jaakan (the stations reversed against 33:30-31); Seder Olam Rabbah 9:2 (READ WHOLE at the docket): after the king of Arad came they RETREATED SEVEN STATIONS until Moserah and mourned him there as if he had died there — journeys.DATA['the_deuteronomy_order'] = the_retreat_of_seven_stations, chukat.DATA['moserah'] = the_retreat_of_seven_stations (the parameter already on file)", 'the_decision': "OPEN — a disagreement is an OPEN row, never a second act (the retelling rules): the place carried inside the burial line's own field (Moserah in the retelling, Mount Hor on the tape); NO marker for the retreat (the shelf's act, not the ink's — no line); the parameter's two names one value (asserted on the modules)"}; the_three_receipt_forms = {'10_5': "'as the LORD commanded me' — the finder's form with the Name (4:5 the pair: the two seats of the form in the Bible, both Moses'): the register's NONE reclassed ACT (the retrograde line's source holds the verse; the gate's print decides)", '10_9': "'as the LORD your God spoke to him' — THE THIRD FORM the finder does not see ('spoke'; 4b's owed item stands): a RUN_CITATION pointer at 10:9 if the census demands it (portion_declared, Numbers 18:20)", '10_11': "'which I swore to their fathers to give them' — the oath's line sworn_by_himself (Genesis 22:16) by kind; 7:8's and 9:5's form", 'the_seats': (['Deut 10:5', 'Deut 4:5'], ['Deut 10:9'], ['Deut 10:11'])}; at_that_time_twice = {'10_1': "the second ascent — the marker at Exod 34:4 (1, 5, 29): 'at that time the LORD said to me: hew'", '10_8': "the calf's morrow — levites_gathered at (1, 4, 17) with invested_office on the Levites (the erection's reading of Yoma 66b:15 'fill your hand', Exodus 32:29): 'at that time the LORD separated the tribe of Levi'", 'the_seats': [1, 8], 'which_time': "asked by no row on the shelf — Horayot 13a:18, Zevachim 16a:13, Pesachim 104a:10, Ta'anit 26b:17 cite 10:8 for other things; the tape's answer stands unasked"}; the_shemas_tokens_against_the_five = {'6_5': ['ואהבת', 'את', 'יהוה', 'אלהיך', 'בכל', 'לבבך', 'ובכל', 'נפשך', 'ובכל', 'מאדך'], 'the_shared': ['את', 'יהוה', 'אלהיך', 'בכל', 'לבבך', 'ובכל', 'נפשך'], 'might_dropped': "'and with all your might' (6:5 — the Bible's one seat of the word: money, measure and thanks; HI.the_creed('with_all_your_might')) ABSENT from 10:12 — the heart-and-soul formula's seven singular seats in the book, the might at 6:5 alone (2 Kings 23:25 Josiah's)", 'the_five': "to fear, to walk in all His ways, to love Him, to serve, to keep — 6:13's fear and serve, 8:6's walk and fear, 6:5's love: three cells' verbs in one question"}; and_you_shall_love_five = [('Deut 6:5', 'ואהבת'), ('Deut 10:19', 'ואהבתם'), ('Deut 11:1', 'ואהבת'), ('Lev 19:18', 'ואהבת'), ('Lev 19:34', 'ואהבת')]; you_were_strangers_four = ['Deut 10:19', 'Exod 22:20', 'Exod 23:9', 'Lev 19:34']; ten_twenty_against_six_thirteen = {'6_13': ['את', 'יהוה', 'אלהיך', 'תירא', 'ואתו', 'תעבד', 'ובשמו', 'תשבע'], '10_20': ['את', 'יהוה', 'אלהיך', 'תירא', 'אתו', 'תעבד', 'ובו', 'תדבק', 'ובשמו', 'תשבע'], 'the_diff': [('replace', ['אתו'], ['ואתו']), ('delete', ['ובו', 'תדבק'], [])], 'the_shared': 7}; the_heaven_of_heavens_six = {'with_the_vav': ['1Kgs 8:27', '2Chr 2:5', '2Chr 6:18', 'Deut 10:14'], 'without': ['Neh 9:6', 'Ps 148:4']}; the_parsers_first = {'the_plural': [('כראשנים', 1), ('הראשנים', 2), ('כראשנים', 3), ('הראשנים', 10)], 'the_singular': [('הראשון', 4)], 'the_ordinals': {4: [1]}, 'the_numbers': {1: [2], 3: [2, 2], 4: [10], 10: [40, 40], 22: [70]}}; no_memra = NO MEMRA (the Word) IN THE CHAPTER — Onkelos renders the LORD's speech and acts without the Word at every verse (chapter 9's three seats at 9:3, 9:8, 9:20 by contrast); the gifts supplied at 10:9, 'to His fear you shall draw near' at 10:20 (the cleaving made drawing near), 'the foolishness of your heart' at 10:16 (the foreskin made foolishness), 'the God of judges and the Lord of kings' at 10:17; the_seventys_three_forms = {'genesis_46_27': "'all the persons of the house of Jacob that came into Egypt were seventy' — the count's seat (the parser [2, 70]: Joseph's two sons and the seventy)", 'exodus_1_5': "'and all the persons that came out of the loins of Jacob were seventy persons' — the restatement (the parser [70]; JS.seventy('exodus_seventy') = 70)", 'deut_10_22': "'with SEVENTY PERSONS your fathers went down to Egypt' — the retelling's (the parser [70]; 'with seventy persons' the one seat)", 'jochebed': 'jochebed_born_between_the_walls', 'diverge': 'DIVERGE_leah_33_vs_32_living', 'the_register': "the count seat Deut 10:22 kept NONE with the compile's why — the cell by CALL, no row on the population table (Exodus 1:5's form: a restated total seeds nothing)"}; kings_reads_the_ark = {'1_kings_8_9': "'there was nothing in the ark except the two tablets of stone which Moses put there at Horeb' — Solomon's dedication reading the ark's contents from THIS telling (four tokens shared with 10:5; the parser [2] at 8:9); R. Yehuda's double restriction 'nothing … except' the fragments' third derivation (E4)", 'and_there_they_are': ['1Chr 12:40', '1Kgs 8:8', '2Sam 2:18', '2Sam 4:3', 'Deut 10:5', 'Josh 4:9', 'Ruth 1:2']}; the_charge_to_joshua = {'31_7': "Moses to Joshua — 'for you shall go with this people into the land which the LORD swore to their fathers to give them' (seven tokens shared with 10:11)", 'joshua_1_6': "God to Joshua — 'you shall cause this people to inherit the land which I swore to their fathers to give them' (seven tokens shared)", 'the_shared': ['את', 'הארץ', 'אשר', 'נשבעתי']}; ark_of_the_covenant_vs_testimony = {'deuteronomy': ['Deut 10:8', 'Deut 31:25', 'Deut 31:26', 'Deut 31:9'], 'joshua': ['Josh 3:3', 'Josh 4:18', 'Josh 4:7', 'Josh 8:33'], 'exodus': ['Exod 26:34', 'Exod 30:26', 'Exod 40:5', 'Exod 26:33', 'Exod 40:21', 'Exod 40:3', 'Josh 4:16'], 'the_count': 33}; the_grammar_guard = {'the_row': "Shabbat 108a:7 — the verbal analogy (I2) 'his foreskin' (Leviticus 12:3) / 'its foreskin' (19:23): circumcision in THAT place; the analogy takes the COMPLETE form orlato / orlato and REFUSES the construct — 'the foreskin of your heart' (10:16), 'the foreskins of your heart' (Jeremiah 4:4), 'the foreskin of the ear' (6:10)", 'the_forms': {'10_16': ['עָרְלַת'], 'lev_12_3_and_19_23': [('Lev 12:3', 'ערלתו'), ('Lev 19:23', 'ערלתו')]}, 'the_finding': "THE HEART'S FORESKIN IS NOT THE CIRCUMCISION LAW'S OBJECT — circumcision_due's twenty-four entries all the flesh's (DB7); heart_circumcision_commanded a new name"}; the_inclinations_name = {'the_row': "Sukkah 52a:7 — THE EVIL INCLINATION HAS SEVEN NAMES: the Holy One called it EVIL (Genesis 8:21), MOSES called it FORESKIN ('and you shall circumcise the foreskin of your heart' — 10:16), David UNCLEAN (Psalm 51:12), Solomon ENEMY (Proverbs 25:21), Isaiah STUMBLING BLOCK (57:14), Ezekiel STONE (36:26), Joel THE HIDDEN ONE (2:20)", 'the_value': "heart_circumcision_commanded's value — the evil inclination (Moses' name for it, from this verse)", 'the_kin': ['Deut 10:16', 'Jer 4:4', 'Lev 26:41', 'Ezek 44:7', 'Jer 9:25']}; the_burial_among_the_attributes = {'the_row': "Sotah 14a:3-4 — 'after the LORD your God you shall walk' (13:5): walk after His attributes — He clothed the naked (Genesis 3:21), visited the sick (18:1), comforted mourners (25:11), BURIED THE DEAD ('and He buried him in the valley', 34:6); 14a:6 — the Torah begins with kindness and ends with kindness", 'the_chapter': "10:6's PASSIVE burial ('and he was buried there' — by no named hand) beside 34:6's (by God's hand): the burial's two forms at the two deaths of the brothers", 'the_seat': ['Deut 10:6']}; the_positive_form = {'the_rows': "Temurah 4a:2 — 'you shall fear the LORD your God' A WARNING STATED AS A POSITIVE COMMAND (the blasphemer's warning from it — Sanhedrin 56a:11); Temurah 3b:17-18 — Rav Giddel: 'and by His name you shall swear' a positive command, a truthful oath permitted", 'the_four': [('תירא', 'HVqi2ms'), ('תעבד', 'HVqi2ms'), ('תדבק', 'HVqi2ms'), ('תשבע', 'HVNi2ms')], 'the_finding': "10:20's four clauses positive (the imperfects without 'not') — STATUS not BLOCK: cleaving_commanded a status, no lashes; the chapter's one BLOCK 10:16's neck"}; the_converts_intake = {'the_rows': "Yevamot 47a:13-47b:15 — the intake's procedure: 'what did you see that you come? do you not know that Israel today are afflicted …?' — 'I know and I am unworthy' accepted at once; informed of some minor and some major commandments, gleanings, the forgotten sheaf, the corner, the poor tithe, the punishments and the rewards; circumcised and immersed an Israelite in all respects (47b:15); the evidence dispute (47a:1, 47a:6); the convert in court from 1:16 (47a:7); the private convert not believed (47a:8-12); the slave and the captive (47b:16-19)", 'the_finding': "'for you were strangers' (10:19) told to the convert at his intake — the stranger line's exam; the private convert exempt from the standing"}; the_editors_variant = {'the_ink': "Numbers 33:38 — 'in the fortieth year … in the FIFTH month, on the first of the month': the ordinal reader [40, 5], the number reader [1] — the first of Av; the tape's marker at Num 20:28 (40, 5, 1) = (40, 5, 1)", 'the_variant': "the export's Seder Olam Rabbah 10:2 carries 'the first of Tammuz' in one arm of the chapter's text — THE EDITOR'S VARIANT, a DATA note; the ink's fifth month the tape's; Seder Olam 9:2 and the shelf's rows Aaron in Av", 'the_burial': "the burial line dated at the same day — M['burial_told'] = M['aaron_death']"}; the_face_thrice_reconciled = {'the_contradiction': "'who lifts no face' (10:17) against 'the LORD lift up His face to you' (Numbers 6:26)", 'sifrei_42_2': "when Israel do His will He lifts His face, when not He lifts no face — the Naso cell's DATA face_lifted = when_they_do_his_will", 'berakhot_20b_15': "the ministering angels' question — shall I not lift My face to Israel, who go beyond the letter: I wrote 'you shall eat and be satisfied and bless' (8:10) and they bless on an olive's bulk", 'niddah_70b_5': "the sages of Alexandria's form — before the sentence is passed / after", 'rosh_hashanah_17b_17': "Beloria the convert's question — between man and God the face is lifted, between man and man not (R. Yosei the priest)", 'the_seats': (['Deut 10:17', 'Deut 28:50'], ['Num 6:26'])}; the_six_judges = {'shmuel': "a man gave him his hand crossing on a plank — 'I am disqualified from judging you' (Ketubot 105b:8)", 'ameimar': 'a feather removed from his head (105b:9)', 'mar_ukva': 'spittle covered (105b:10)', 'r_yishmael_bar_r_yosei': "his sharecropper's basket brought a day early — disqualified himself; as the case was argued he wished the man would win: 'cursed be those who take bribes' (105b:11-12)", 'r_yishmael_bar_elisha': 'the first shearing brought by a man with a case (105b:13-14)', 'rav_anan': 'a fish brought by a man with a case (105b:15)', 'the_rule': "the bribe of WORDS disqualifies — shochad = she-hu chad (105b:5, E30); a bribe even to judge truly (105a:10); the bribe blinds the wise a fortiori the foolish (105a:16, I1); Karna's fee for evident loss permitted (105a:17-19); a salary voids (Kiddushin 58b)"}; the_uncited_verses = [3, 4, 5, 6, 7, 9, 11, 13, 15, 19, 21, 22]; the_credits = {'the_seventh_b': "Menachot 99a-b whole from 7b's docket (the fragments in the ark; the breaking approved); Menachot 43b from chapter 6's (the hundred blessings); Bava Batra 14a-b in part, Sotah 14a, Megillah 25a, Berakhot 8b two rows from earlier dockets", 'the_count': "257 of 532 credited by address at the scan — the writer's computed count"} (the other settings recorded in DATA)

THE COMPILE OF CHAPTER 10: the answer sheet REPRODUCED — 62/62
