10 failing statements
--- line 169: assert HB0(45, 1).startswith('ושמתם את דברי אלה על לבבכם') and 'סם חיים' in HB0(45, 1) and '(Dt.11:18)' in E(45, 1) and he_cites(Hb(45, 1)) == [('בראשית', 4, 7)
    AssertionError()
--- line 189: assert HB0(37, 3).startswith('ואם תאמר לא מי שבנה את זו') and E(37, 3).startswith('6. Insofar as') and '(Dt.11:11)' in E(37, 3) and 'Zech.10:1' in E(37, 3) and 
    AssertionError()
--- line 222: assert VC[5] == 33 and VC[10] == 22 and VC[11] == 32 and VC[12] == 32 and sum(VC.values()) == 959 and len(VC) == 34
    AssertionError()
--- line 296: assert SH(D11(4), ('Deut', 34, 6)) == 4 and SH(D11(4), ('Josh', 24, 6)) == 3 and max(SH(D11(4), ('Exod', 14, v)) for v in range(1, 32)) == 2 and max(SH(D11(4), 
    AssertionError()
--- line 315: assert P('ידו', 'החזקה', 'וזרעו', 'הנטויה') == ['Deut 11:2'] and P('ביד', 'חזקה', 'ובזרע', 'נטויה') == ['Deut 26:8', 'Deut 5:15'] and [s for s in U('גדלו') if s
    AssertionError()
--- line 351: assert P('והוריש', 'יהוה', 'את', 'כל', 'הגוים', 'האלה', 'מלפניכם') == ['Deut 11:23'] and [(s, x) for s, x, m in LEMT('3423', books=('Deut',)) if m and 'Vh' in m
    AssertionError()
--- line 358: assert [(s, x) for s, x, m in LEMT('7200', books=('Deut',)) if m == 'HVqv2ms'] == [('Deut 1:8', 'ראה'), ('Deut 1:21', 'ראה'), ('Deut 2:24', 'ראה'), ('Deut 2:31'
    AssertionError()
--- line 377: assert onk_seats('תפלין') == [(6, 8), (11, 18)] and aramaic(6, 8) == ['ותקטרנון', 'לאת', 'על', 'ידך', 'ויהון', 'לתפלין', 'בין', 'עיניך'] and aramaic(11, 19)[0] 
    AssertionError()
--- line 423: assert len(OVERRIDE_REF) == len({k for k, _ in OVERRIDE_REF}) == len(OVERRIDE_REF_SPEC) and len(OVERRIDE_GLOSS) == 63 and len({k for k, _ in OVERRIDE_GLOSS}) ==
    AssertionError((158, 64))
--- line 426: assert len(ALREADY) == 37
    AssertionError()
