guard: 59 expectations checked, every one a literal from the answer sheet [honest-pairing guard satisfied]

THE DECALOGUE'S LAW LAYER COMPILES — the third span under the effects law.

THE CONSECRATION, SUBSTITUTION, AND DEVOTION MACHINE COMPILES — the two substitution verbs, "beast for beast," "it and its substitute" at the vow and the tithe, the fifth censused five times, the partitive "from all that he has," the ordinal tenth under the rod; three calls into sister engines: the Jubilee engine's tithe naming and the Passover engine's firstling donkey.

PASS  [MOVE]  Deut 11:1; Deut 10:12 (the tape), 6:5 by CALL — love_and_keep
        ->  accepted           [heaven]  accepted for him — the offering's acceptance state
PASS  [MOVE]  Deut 11:2; Deut 8:5 by CALL; Num 26:9 by CALL — the_discipline_seen
        ->  accepted           [heaven]  accepted for him — the offering's acceptance state
PASS  [MOVE]  Deut 11:3; Exod 12:29 (the tape); Mishnah Avot 5:4 — signs_and_deeds
        ->  accepted           [heaven]  accepted for him — the offering's acceptance state
PASS  [MOVE]  Deut 11:4; Exod 14:27-28 (the tape); Josh 2:10 — the_sea_flowed
        ->  accepted           [heaven]  accepted for him — the offering's acceptance state
PASS  [MOVE]  Deut 11:5 (THE STATE ROW — SUPPLIED, no write); Deut 8:2-4 by CALL — the_wilderness_state
        ->  accepted           [heaven]  accepted for him — the offering's acceptance state
PASS  [MOVE]  Deut 11:6; Num 16:31-34 (the tape); Num 26:9-11 by CALL — dathan_and_abiram
        ->  accepted           [heaven]  accepted for him — the offering's acceptance state
PASS  [MOVE]  Deut 11:6; Num 16:32; Pesachim 119a:12; Sanhedrin 110a:11 — korah_unnamed
        ->  accepted           [heaven]  accepted for him — the offering's acceptance state
PASS  [MOVE]  Deut 11:6; Gen 7:21-23 (the tape); Sanhedrin 37b — every_living_thing
        ->  accepted           [heaven]  accepted for him — the offering's acceptance state
PASS  [MOVE]  Deut 11:7; Deut 7:19 by CALL; Josh 24:31; Judg 2:7 — your_eyes_have_seen
        ->  accepted           [heaven]  accepted for him — the offering's acceptance state
PASS  [MOVE]  Deut 11:8; Deut 8:1 by CALL — all_the_commandment
        ->  accepted           [heaven]  accepted for him — the offering's acceptance state
PASS  [MOVE]  Deut 11:9; Deut 8:1, 6:3 by CALL; Num 16:13-14 — the_oath_to_the_fathers
        ->  accepted           [heaven]  accepted for him — the offering's acceptance state
PASS  [MOVE]  Deut 11:10; Gen 13:10 (the tape); Shabbat 85a:3 — not_like_egypt
        ->  accepted           [heaven]  accepted for him — the offering's acceptance state
PASS  [MOVE]  Deut 11:11; Taanit 9b:10-11; Bava Batra 19a:18 — drinks_by_the_rain_of_heaven
        ->  accepted           [heaven]  accepted for him — the offering's acceptance state
PASS  [MOVE]  Deut 11:11-12; Taanit 10a:2-3 — the_land_watered_first
        ->  accepted           [heaven]  accepted for him — the offering's acceptance state
PASS  [MOVE]  Deut 11:12; Rosh Hashanah 8a:16, 16b:3, 16b:12 — the_eyes_from_the_years_beginning
        ->  accepted           [heaven]  accepted for him — the offering's acceptance state
PASS  [MOVE]  Deut 11:12, 11:14; Rosh Hashanah 17b:11-13 — the_decree_and_the_season
        ->  accepted           [heaven]  accepted for him — the offering's acceptance state
PASS  [MOVE]  Deut 11:13 (THE LINE second_paragraph_declared); Deut 6:5 by CALL — if_you_hearken
        ->  accepted           [heaven]  accepted for him — the offering's acceptance state
PASS  [MOVE]  Deut 11:13-21; Mishnah Berakhot 2:2; Berakhot 14b:11-14 (THE WRITE yoke_of_the_commandments_accepted) — the_yoke_of_the_commandments
        ->  yoke_of_the_commandments_accepted [status]  the yoke of the commandments accepted — the STATUS the line second_paragraph_declared writes on Israel: 'AND IT SHALL BE, IF YOU HEARKEN, HEARKEN TO MY COMMANDMENTS' (11:13) with the paragraph's duties said again in the plural — 'put these My words on your heart and on your soul, bind them for a sign on your hand, frontlets between your eyes; teach them to your sons; write them on the doorposts of your house and on your gates' (11:18-20): THE ANSWER SHEET'S OWN NAME FOR THIS PARAGRAPH — 'why does the Shema precede And it shall be, if you hearken? so that one first accepts THE YOKE OF THE KINGDOM OF HEAVEN and afterward THE YOKE OF THE COMMANDMENTS' (R. Yehoshua ben Korcha — Mishnah Berakhot 2:2; Berakhot 14b:11); R. Shimon ben Yochai types the paragraph TEACH AND PERFORM (the first learn, teach and perform; the third perform alone — 14b:12-14); Rav's practice the order applied, the Shema before the tefillin (14b:19); the Shema without tefillin false testimony against oneself (14b:24); THE DUTIES 6:6-9's said again — rows by CALL against hear_o_israel.the_four_duties (tefillin_arm, tefillin_head, tefillin_compartments — the frontlets' spellings the open row, 11:18 plene in the ink; mezuzah_doorpost, mezuzah_gates, mezuzah_writing; teach_your_sons, daughters_exempt), NO second shema line; THE CLASS RULE — the mezuzah not time-bound, women obligated by the reward clause 'that your days be multiplied' (Kiddushin 34a:2, 34a:8; Yoma 11b:8), the tefillin time-bound (Kiddushin 36a:9 — Isi's analogy), 'you shall teach them' read 'you yourselves' — the father (Bava Batra 21a:2, Yehoshua ben Gamla's schools), 'your sons' inclusive at the reward (110b:7), children die for the mezuzah's neglect or the study's (Shabbat 32b:4 — the adjacency's reach, E28); the paragraph in any language or as written (Sotah 32a:5, 32b:19), not out of order (32b:22), audible (32b:24); the skull that never donned tefillin (Rosh Hashanah 17a:10); 'as the days of the heavens above the earth' (11:21) the resurrection's seat from 'to give to them' (the Sifrei 47:2; Sanhedrin 90b:12) and the messianic era's measure (99a:10)
PASS  [MOVE]  Deut 11:14; Lev 26:4 by CALL; Deut 7:13 by CALL (THE WRITE rain_in_its_season) — the_rain_in_its_season
        ->  rain_in_its_season [heaven]  the rain in its season — the conditional HEAVEN entry the line second_paragraph_declared writes on Israel (blessings_for_hearing's form — 7:12's conditional; treasured_people's, Exodus 19:5): 'if you hearken, hearken to My commandments … I WILL GIVE THE RAIN OF YOUR LAND IN ITS SEASON, THE EARLY RAIN AND THE LATE RAIN, and you shall gather your grain, your wine and your oil; and I will give grass in your field for your cattle, and you shall eat and be satisfied' (11:13-15) — Leviticus 26:4's 'I will give your rains in their season' (tochacha.covenant by CALL) with THE TWO NAMED RAINS ADDED: THE VALUE FROM THE SHELF — 'in its season' THE FREE VARIABLE AFTER THE DECREE (Rosh Hashanah 17b:11-13: the rain decreed at the head of the year cannot be added to or reduced, but falls in season on the land that needs it for good, out of season on forests and deserts for bad; the year judged at its head from 11:12's 'from the beginning of the year to its end', 8a:16, 16b:12); the early rain in Marcheshvan and the late in Nisan (Ta'anit 6a:5, 6a:7 — 'in its due time'; the early rain's three dates the 3rd, the 7th and the 17th, 6a:3; both for a blessing); THE RAIN ASKED IN THE SERVICE OF THE HEART — 11:13's 'to serve Him with all your heart' is prayer and 11:14's rain follows it (Ta'anit 2a:11; the mention in the resurrection blessing and the request in the years' blessing, both indispensable — Berakhot 33a:11, 33a:29; the dates the parameter rain_dates); the cattle before the man — 'grass for your cattle' then 'you shall eat and be satisfied' (Berakhot 40a:1, Gittin 62a:16); rain for one man, one field, one plant (Ta'anit 9b:3-4); the Land watered by the Holy One Himself, first (10a:2-3); 28:12's 'to give the rain of your land in its season' the pair forward
PASS  [MOVE]  Deut 11:14; Taanit 6a:3-7 — the_early_and_the_late
        ->  accepted           [heaven]  accepted for him — the offering's acceptance state
PASS  [MOVE]  Deut 11:14; Mishnah Taanit 1:1-5; Taanit 2a:1-3, 10a:11-16 (the parameter rain_dates) — the_rains_dates
        ->  accepted           [heaven]  accepted for him — the offering's acceptance state
PASS  [MOVE]  Deut 11:13-14; Taanit 2a:11; Berakhot 33a:11, 33a:29 — the_prayer_from_the_clause
        ->  accepted           [heaven]  accepted for him — the offering's acceptance state
PASS  [MOVE]  Deut 11:15; Berakhot 40a:1; Gittin 62a:16 — the_cattle_first
        ->  accepted           [heaven]  accepted for him — the offering's acceptance state
PASS  [MOVE]  Deut 11:16; Deut 5:9, 8:19 by CALL; Deut 4:23 — take_heed_lest
        ->  accepted           [heaven]  accepted for him — the offering's acceptance state
PASS  [MOVE]  Deut 11:17; Lev 26:19-20 by CALL; Taanit 3b:6 (THE WRITE heavens_shut_for_turning) — the_heavens_shut
        ->  heavens_shut_for_turning [heaven]  the heavens shut for turning — the conditional HEAVEN entry the line second_paragraph_declared writes on Israel: 'take heed to yourselves lest your heart be deceived and you turn aside and serve other gods and bow down to them, AND THE ANGER OF THE LORD BE KINDLED AGAINST YOU AND HE SHUT UP THE HEAVENS AND THERE BE NO RAIN, and the ground not give its produce, and you perish quickly from off the good land which the LORD gives you' (11:16-17) — Leviticus 26:19-20's heavens as iron and the land not giving its produce (tochacha.cascade by CALL — the second block's span 26:19-20) told as the shutting: THE VALUE FROM THE SHELF — the shutting is THE CLOUDS AND THE WINDS WITHHELD, not rain alone (Rav Yosef's baraita, Ta'anit 3b:6: 'no rain' is already said); THE THRESHOLD — rains that seal a barrel's mouth with their mud are not 'shut' (Rav Chisda, 6b:8; the first rainfall a handbreadth, R. Abbahu); the shutting verb the wombs' (Reish Lakish in bar Kappara's name — closing, birth and remembering said of a woman and of rain, 8a:18, 8b:1-3; the Sifrei 306:6); THE CAUSES ON THE SHELF beside 11:16's 'serve other gods' — the sentence of destruction (Ze'iri from 11:17, 7b:5), the tithes annulled, slander, the impudent, the neglect of Torah, robbery, no whisperers of prayer, charity pledged and not given (7b:6-8a:6, 8b:16): a PARAMETER with many arms; the remedy prayer and the generation's pious (7b:13, 8a:7-8); the fasts the run's response — from the seventeenth of Marcheshvan and the New Moon of Kislev (Mishnah Ta'anit 1:4-5 through 10a:16); Solomon's dedication the run's receipt ('when heaven is shut up and there is no rain', 1 Kings 8:35-36 — 7b:4), Ahab's furrows (Sanhedrin 113a:11), David's famine (Yevamot 78b:14); 'perish quickly from off the good land' Joshua 23:16's receipt; 28:24 the curse's pair; the warning 11:16 'take heed' 4:23's form — NO second block (other_gods_barred stands at the giving's line, covenant_at_horeb.the_second_word by CALL)
PASS  [MOVE]  Deut 11:17; Taanit 6b:8, 8a:18, 8b:1-3 — the_shuttings_threshold
        ->  accepted           [heaven]  accepted for him — the offering's acceptance state
PASS  [MOVE]  Deut 11:16-17; Taanit 7b:5-8a:8, 8b:16, 10a:16 — the_shuttings_causes
        ->  accepted           [heaven]  accepted for him — the offering's acceptance state
PASS  [MOVE]  Deut 11:17; Josh 23:16; 1 Kgs 8:35-36; Taanit 7b:4 — perish_quickly
        ->  accepted           [heaven]  accepted for him — the offering's acceptance state
PASS  [MOVE]  Deut 11:18; Deut 6:4 (the tape); Sotah 32b:19-33a:4 — these_my_words
        ->  accepted           [heaven]  accepted for him — the offering's acceptance state
PASS  [MOVE]  Deut 11:18; Deut 6:8 by CALL; Kiddushin 36a:9 — the_frontlets_plural
        ->  accepted           [heaven]  accepted for him — the offering's acceptance state
PASS  [MOVE]  Deut 11:19; Deut 6:7 by CALL; Bava Batra 21a:2 — teach_your_sons
        ->  accepted           [heaven]  accepted for him — the offering's acceptance state
PASS  [MOVE]  Deut 11:20; Deut 6:9 by CALL; Kiddushin 34a:2, 34a:8; Yoma 11b:8 — the_doorposts_plural
        ->  accepted           [heaven]  accepted for him — the offering's acceptance state
PASS  [MOVE]  Deut 11:21; Deut 6:2 by CALL; Sanhedrin 90b:12, 99a:10; Berakhot 8a:6 — the_days_multiplied
        ->  accepted           [heaven]  accepted for him — the offering's acceptance state
PASS  [MOVE]  Deut 11:18-20; Mishnah Kiddushin 1:7; Rosh Hashanah 17a:10 — the_class_rule
        ->  accepted           [heaven]  accepted for him — the offering's acceptance state
PASS  [MOVE]  Deut 11:22; Deut 10:20 (the tape); Deut 4:4, 8:6 by CALL; Josh 22:5 — keep_and_cleave
        ->  accepted           [heaven]  accepted for him — the offering's acceptance state
PASS  [MOVE]  Deut 11:23; Deut 7:1 (the tape); Deut 9:1, 4:38 by CALL — nations_greater_than_you
        ->  accepted           [heaven]  accepted for him — the offering's acceptance state
PASS  [MOVE]  Deut 11:24; Num 34:1-12 (the tape); Num 34:6, Exod 23:31, Gen 15:18 by CALL; Josh 1:3-4 — every_place_the_sole_treads
        ->  accepted           [heaven]  accepted for him — the offering's acceptance state
PASS  [MOVE]  Deut 11:24; Mishnah Sheviit 6:1; Gittin 8a; Tosefta Sheviit 4:5 (the parameter) — the_returners_line
        ->  accepted           [heaven]  accepted for him — the offering's acceptance state
PASS  [MOVE]  Deut 11:25; Deut 7:24 by CALL; Exod 23:27-30 by CALL; Josh 1:5 — no_man_shall_stand
        ->  accepted           [heaven]  accepted for him — the offering's acceptance state
PASS  [MOVE]  Deut 11:25 (THE POINTER); Exod 23:27; the Sifrei 52:4; Tosefta Sotah 8:6 — as_he_spoke_to_you
        ->  accepted           [heaven]  accepted for him — the offering's acceptance state
PASS  [MOVE]  Deut 11:25; Exod 34:24; Pesachim 8b:7-9 — the_pilgrims_guard
        ->  exempt             [status]  exempt — no entry opens; the ledger stays clean
PASS  [MOVE]  Deut 11:26 (THE LINE blessing_and_curse_set); Deut 7:12 (the tape); Deut 30:15-20 — see_i_set_before_you
        ->  blessing_and_curse_set [status]  the blessing and the curse set — the STATUS the line blessing_and_curse_set writes on Israel: 'SEE, I SET BEFORE YOU TODAY A BLESSING AND A CURSE: the blessing, if you hearken to the commandments of the LORD your God which I command you this day; and the curse, if you do not hearken to the commandments of the LORD your God and turn aside from the way which I command you this day, to go after other gods whom you have not known' (11:26-28) — 7:12-16's conditional (hearing_blessed on the tape, blessings_for_hearing on Israel) made A PAIR named and set before the people (the singular imperative 'see' over 'before you' plural — the register's both; 30:15's 'see, I have set before you today life and good, death and evil' and 30:19's 'choose life' the pair's own run forward — the Sifrei 53:1's crossroads, 54:1); 'turn aside from the way' 9:12's calf (not_righteousness by CALL); 'other gods whom you have not known' 13:3's and 13:14's phrase; idolatry the denial of the whole Torah (the Sifrei 54:4; Sotah 37a the ceremony's curse on the graven image first); the choice each day against the inclination (Sukkah 52a:5, 52a:13); the scale of merit — one commandment tilts the world (Kiddushin 40b:1-2); 11:31-32's 'possess it and dwell in it' (Kiddushin 26a:10 — an act of acquisition; Ketubot 110b:7, 110b:23 — the dwelling weighed, the Sifrei 80:4-5) and 'keep to do all the statutes and the judgments which I set before you today' (4:8's pair, 12:1 reopens — obey_horeb by CALL)
PASS  [MOVE]  Deut 11:27; Deut 7:12 by CALL; the Sifrei 53:1 — the_blessing_if
        ->  accepted           [heaven]  accepted for him — the offering's acceptance state
PASS  [MOVE]  Deut 11:28; Deut 8:20, 9:12 by CALL; the Sifrei 54:4 — the_curse_if
        ->  accepted           [heaven]  accepted for him — the offering's acceptance state
PASS  [MOVE]  Deut 11:29 (THE WRITE gerizim_ebal_ceremony_owed); Deut 27:11-13; Josh 8:30-35 — gerizim_and_ebal
        ->  gerizim_ebal_ceremony_owed [debit]  the ceremony at Gerizim and Ebal owed — the DEBIT the line blessing_and_curse_set writes on Israel toward Heaven, OPEN: 'and it shall be, when the LORD your God brings you into the land which you are entering to possess, that YOU SHALL SET THE BLESSING ON MOUNT GERIZIM AND THE CURSE ON MOUNT EBAL — are they not beyond the Jordan, behind the way of the sunset, in the land of the Canaanite who dwells in the Arabah, opposite Gilgal, beside the terebinths of Moreh?' (11:29-30) — THE DEBIT'S FIRST SEAT (27:11-13 the form's seat ahead — the Levites, the loud voice, the Amen; Joshua 8:30-35 THE CLOSER, THE RUN outside the Torah's tape — no closer here, no timer; chapter 7's form, the ban's debit open to Joshua): ITS VALUE FROM THE SHELF — THE FORM: six tribes on Gerizim, six on Ebal, the priests, the Levites and the Ark below between (Joshua 8:33), the Levites toward Gerizim with the blessing first ('blessed be the man who makes no graven image') and both answering Amen, then toward Ebal with the curse (Mishnah Sotah 7:5; Sotah 32a:11-13; Tosefta Sotah 8:7), the Levites' placement disputed — the elders below, the fit below, all below with 'on the mount' meaning beside (Sotah 37a:7-9; 36b:4-5 the halves counted); ITS TONGUE — the holy tongue with a loud voice ('speak and say' the source for the first fruits' and halitza's Hebrew, 32a:6-8; the Levites' own from 'voice' / 'voice' with Exodus 19:19, 33a:14; 33b:1-2); ITS DAY — the crossing's (Tosefta Sotah 8:1; the Ark before the banners, the priests carrying it); ITS ARITHMETIC — a general and a particular blessing and curse, to learn, to teach, to keep, to perform: FORTY-EIGHT COVENANTS, and so on the plains of Moab (Tosefta Sotah 8:7; Sotah 37a:11, 37b:1-6); the stones and the seventy languages — on the stones or on the plaster (Tosefta Sotah 8:5; Sotah 32a:13, 35b:10); ITS PLACE A PARAMETER WITH THREE ARMS — Shechem by the terebinths of Moreh (Genesis 12:6, R. Yehuda — 32a:10, 33b:4-6, the Samaritans' addition conceded and refuted), two mounds by the Jordan opposite Gilgal (R. Elazar — 33b:7-9; 27:4 the same day), A ROUTE, NOT A PLACE (R. Eliezer ben Yaakov — 33b:10: the way, the settled, the plain — as the cloud showed the way the first time): gerizim_ebal_place; THE MIRACLES OF THE DAY — sixty mil (a mile) and no man stood before them, 'I will send My terror before you' (Exodus 23:27 — Tosefta Sotah 8:6: 11:25's receipt pointed at 23:27 a second time after the Sifrei 52:4); the dispossession the crossing's condition (Tosefta Sotah 8:3); Gilgal the Torah's one seat; Moreh's terebinths Abram's (Genesis 12:6 — journeyed 'the place of Shechem' on the tape)
PASS  [MOVE]  Deut 11:29; Mishnah Sotah 7:5; Sotah 32a:11-13, 37a:7-9; Tosefta Sotah 8:7 — the_ceremonys_form
        ->  accepted           [heaven]  accepted for him — the offering's acceptance state
PASS  [MOVE]  Deut 11:29; Mishnah Sotah 7:2; Sotah 32a:6-8, 33a:13-14, 33b:1-2 — the_ceremonys_tongue
        ->  accepted           [heaven]  accepted for him — the offering's acceptance state
PASS  [MOVE]  Deut 11:26-29; Tosefta Sotah 8:7; Sotah 37b:1-6 — forty_eight_covenants
        ->  accepted           [heaven]  accepted for him — the offering's acceptance state
PASS  [MOVE]  Deut 11:30; Sotah 33b:4-10 (the parameter gerizim_ebal_place) — the_place_three_ways
        ->  accepted           [heaven]  accepted for him — the offering's acceptance state
PASS  [MOVE]  Deut 11:30; Gen 12:6 (the tape); Sotah 33b:6, 32a:10 — the_samaritan_shechem
        ->  accepted           [heaven]  accepted for him — the offering's acceptance state
PASS  [MOVE]  Deut 11:29-31; Tosefta Sotah 8:1-6 — the_ceremonys_day
        ->  accepted           [heaven]  accepted for him — the offering's acceptance state
PASS  [MOVE]  Deut 11:31; Kiddushin 26a:10; Ketubot 110b:7-111a:21 — possess_and_dwell
        ->  accepted           [heaven]  accepted for him — the offering's acceptance state
PASS  [MOVE]  Deut 11:32; Deut 4:8 by CALL — keep_to_do
        ->  accepted           [heaven]  accepted for him — the offering's acceptance state
PASS  [MOVE]  Deut 11:13; Kiddushin 40b:8-12; the Sifrei 41:12 — study_and_deed
        ->  accepted           [heaven]  accepted for him — the offering's acceptance state
PASS  [MOVE]  Deut 11:1-32 (the readback table) — the_table
        ->  accepted           [heaven]  accepted for him — the offering's acceptance state
PASS  [MOVE]  Deut 11:5 (the state row) — the_state_row
        ->  accepted           [heaven]  accepted for him — the offering's acceptance state
PASS  [MOVE]  Deut 11:25 (the pointer row) — the_pointer_row
        ->  accepted           [heaven]  accepted for him — the offering's acceptance state
PASS  [MOVE]  Deut 11:29 (the supplied law row) — the_supplied_law_row
        ->  accepted           [heaven]  accepted for him — the offering's acceptance state
PASS  [MOVE]  Deut 11:2-7 (no retrograde row) — no_retrograde_row
        ->  accepted           [heaven]  accepted for him — the offering's acceptance state

WATCH COVERAGE (the wrap):
  WATCH law_blessing_and_curse seen  19  fired  19  on: blessing_curse_case
MATRIX: 59/59 cells match the answer sheet
FRACTIONS: pure ink 0/59 (0%) · named moves 59/59 (100%) · data 0/59 (0%) · hypotheses 0/59 (the H class, counted apart — never as compiled)
LEDGER OPS this span writes: debit x1, heaven x55, status x3
THE INK: no number verse {} (ordinals {}); the one mark ['ושבעת*']; the register singular-only [1, 12, 15, 20, 29], plural-only [2, 4, 5, 7, 9, 11, 13, 16, 17, 18, 21, 22, 23, 24, 25, 27, 28, 31, 32], both [8, 10, 14, 19, 26], neither [3, 6, 30]; the consecutive perfects 32 in 17 verses; the negations {2: ['לא', 'לא', 'לא'], 10: ['לא'], 17: ['ולא', 'לא'], 25: ['לא'], 28: ['לא', 'לא']}; the Name 18 bare tokens; Moses unnamed (the book's seats by chapter {15: 1, 1: 3, 27: 3, 28: 1, 29: 1, 31: 10, 32: 3, 33: 2, 34: 6, 4: 4, 5: 1}); the tokens 508, the letters 1992
THE READBACK — THE FORMS ON FILE, NO NEW FORM: 32 rows — {'VARIANT': 19, 'VERBATIM': 7, 'SUPPLIED': 2, 'EXPANDED': 4}; on the tape 11, in the kin's cells by CALL 19 (every cell found True); the SUPPLIED rows ['Deut 11:5', 'Deut 11:29'] (the state row ['Deut 11:5'], the write ['gerizim_ebal_ceremony_owed']); the pointer rows ['Deut 11:25']; no row open True; the OPEN rows []; the holes 0
THE COUNTER AND THE PARAMETERS: {'counter': (40, 11, 1), 'rain_dates_keys': ['early_rain', 'fasts_community', 'fasts_individuals', 'late_rain', 'mention_from', 'mention_to', 'request_from_diaspora', 'request_from_land'], 'place_arms': ['r_elazar', 'r_eliezer_ben_yaakov', 'r_yehuda'], 'no_marker': True}; rain_dates {'mention_from': 'the last festival day of Sukkot — the ei', 'mention_to': "the first festival day of Passover (Ta'a", 'request_from_land': 'the seventh of Marcheshvan (Rabban Gamli', 'request_from_diaspora': 'sixty days into the season, the sixtieth', 'early_rain': 'Marcheshvan — the third, the seventh and', 'late_rain': "Nisan (Ta'anit 6a:5, 6a:7 — after Nisan ", 'fasts_individuals': 'the seventeenth of Marcheshvan without r', 'fasts_community': 'the New Moon of Kislev without rain — th'}; gerizim_ebal_place {'r_yehuda': 'Shechem — the terebinths of Moreh by the', 'r_elazar': 'two mounds by the Jordan, opposite Gilga', 'r_eliezer_ben_yaakov': "a ROUTE, not a place — 'the way' a road,"}
THE SCANS on the one database: the rain, the heavens, the yoke, the pair and the ceremony on Israel []; the ceremony on other entities []; the vocabulary's rain effects ['rain_in_its_season', 'restraint_failed', 'speech_restrained']
THE CALLEES: ES plagues 10, saved Exod 14:30, ten 10; PR remnant 1; OR angel hapax_the_Name_in_him, hornet 3, little not_in_one_year, borders ['sea_of_reeds', 'sea_of_the_philistines', 'the_wilderness', 'the_river']; TC covenant blessing / ['covenant_upheld'], cascade stage 2 span (19, 20); KR swallowed ['put_to_death'], mode OPEN — 16:32 names the men who; SC hu this is Dathan and Abiram — the same fro; BR extents the four promised extents (Genesis 15:18, Exodus 2; HI daughters ['exempt'], gates ['exempt'], compartments the compartments (6:8) — the hand one, the head FO; CH bow ['put_to_death']
THE SCENE on the bench: (1, 1, 1, 1, 1, 1, 1, 1, 1, 1, 1, 1, 1, 1, 1, 1, 1, 1, 1); the exempt arm (1,); the lashes 0 (none — 11:16's warning has no prohibition of its own); the timers (set, fired, cancelled, pending) (0, 0, 0, 0); entities 19; closes 0
THE NARRATIVE: (5, 0, 1, (11, 1), 0, 0, 0, 0) (the five on Israel ['rain_in_its_season', 'heavens_shut_for_turning', 'yoke_of_the_commandments_accepted', 'blessing_and_curse_set', 'gerizim_ebal_ceremony_owed']; the debit open toward HEAVEN)
THE PARAMETER ROWS: the_readback = 32 rows, 0 holes, 0 open rows; the_counter_and_the_parameters = {'counter': (40, 11, 1), 'rain_dates_keys': ['early_rain', 'fasts_community', 'fasts_individuals', 'late_rain', 'mention_from', 'mention_to', 'request_from_diaspora', 'request_from_land'], 'place_arms': ['r_elazar', 'r_eliezer_ben_yaakov', 'r_yehuda'], 'no_marker': True}; no_number_verse = {'numbers': {}, 'ordinals': {}, 'the_mark': ['ושבעת*'], 'swore': ['Deut 11:9', 'Deut 11:21']}; the_open_debits_nine_to_ten = {'before': 9, 'after': 10, 'the_new': 'gerizim_ebal_ceremony_owed (a DEBIT on israel_people toward Heaven, OPEN — no closer on the tape, no timer)', 'the_literal': "DB7's open-debit count 9 -> 10 retyped from the print BEFORE the tape (the CV2/CX2/CW3/CR3 counts of the 'commanded' effect's entries UNMOVED — the grep decided)"} (the other settings recorded in DATA)

THE COMPILE OF CHAPTER 11: the answer sheet REPRODUCED — 59/59
