THE WORLD — 226 units, canonical order gen_01_creation_boot .. deu_12_place_name
facts 1809 · events 557 · names 81 · standing 2239 · tests 14
demands 341: 150 settled (132 in-unit, 18 authored), 191 OPEN
  OPEN  gen_08       Gen.2.16    LET?(YHWH_Elohim)  akhal(adam, mi_kol_etz_ha_gan)
  OPEN  gen_08       Gen.2.17    LET-NOT(YHWH_Elohim)  akhal(adam, me_etz_ha_daat_tov_va_ra)
  OPEN  gen_12       Gen.4.7     LET?(YHWH)  timshol(kayin, ba_chattat)
  OPEN  gen_13       Gen.4.23    LET(lemekh)  shema(neshei_lemekh, qol_lemekh)
  OPEN  gen_21       Gen.9.3     LET?(elohim)  yihyeh(kol_remes_chai, le_okhlah)
  OPEN  gen_21       Gen.9.4     LET-NOT(elohim)  akhal(basar_be_nafsho_damo)
  OPEN  gen_23       Gen.9.26    LET(noach)  yehi(kenaan, eved_lamo)
  OPEN  gen_23       Gen.9.27    LET(noach)  yaft(elohim, le_yefet)
  OPEN  gen_23       Gen.9.27    LET(noach)  yishkon(be_aholei_shem)
  OPEN  gen_23       Gen.9.27    LET(noach)  yehi(kenaan, eved_lamo)
  OPEN  gen_25       Gen.11.3    CMD-US(ish_el_reehu)  nilbenah(levenim)
  OPEN  gen_25       Gen.11.3    CMD-US(ish_el_reehu)  nisrefah(li_serefah)
  OPEN  gen_25       Gen.11.4    CMD-US?(ish_el_reehu)  nivneh(ir_u_migdal)
  OPEN  gen_25       Gen.11.4    CMD-US?(ish_el_reehu)  naaseh(lanu_shem)
  OPEN  gen_25       Gen.11.7    CMD-US(YHWH)  nerdah(sham)
  OPEN  gen_27       Gen.12.2    LET(YHWH)  heyeh(avram, berakhah)
  OPEN  gen_28       Gen.12.13   LET(avram)  imri(saray, achoti_hi)
  OPEN  gen_28       Gen.12.19   LET(paro)  qach(avram, et_ishto)
  OPEN  gen_28       Gen.12.19   LET(paro)  lekh(avram)
  OPEN  gen_29       Gen.13.8    LET-NOT(avram)  tehi(merivah, bein_avram_u_ven_lot)
  OPEN  gen_29       Gen.13.14   LET(YHWH)  sa_u_ree(avram, tzafonah_va_negbah_va_qedmah_va_yamah)
  OPEN  gen_29       Gen.13.17   LET(YHWH)  qum_hithalekh(avram, ba_aretz_le_arkah_u_le_rachbah)
  OPEN  gen_30       Gen.14.21   LET(melekh_sedom)  ten(avram, ha_nefesh)
  OPEN  gen_30       Gen.14.21   LET(melekh_sedom)  qach(avram, ha_rekhush)
  OPEN  gen_30       Gen.14.24   LET(avram)  yiqchu(aner_eshkol_mamre, chelqam)
  OPEN  gen_31       Gen.15.1    LET-NOT(YHWH)  tira(avram)
  OPEN  gen_31       Gen.15.5    LET(YHWH)  habet_u_sefor(avram, ha_shamaymah_ve_ha_kokhavim)
  OPEN  gen_32       Gen.16.5    LET(saray)  yishpot(YHWH, beini_u_veinekha)
  OPEN  gen_32       Gen.16.6    LET(avram)  asi(saray, la_hagar_ha_tov_be_einayikh)
  OPEN  gen_32       Gen.16.9    LET(malakh_YHWH)  shuvi_ve_hitani(hagar, el_gevirtekh_tachat_yadeha)
  OPEN  gen_33       Gen.17.1    LET(YHWH)  hithalekh_ve_heyeh_tamim(avram, lefanai)
  OPEN  gen_33       Gen.17.9    LET?(elohim)  tishmor(avraham, et_briti)
  OPEN  gen_34       Gen.18.3    LET-NOT(avraham)  taavor(me_al_avdekha)
  OPEN  gen_34       Gen.18.4    LET(avraham)  yuqach(meat_mayim)
  OPEN  gen_34       Gen.18.4    LET(avraham)  rachatzu_ve_hishaanu(raglekhem)
  OPEN  gen_34       Gen.18.5    LET(avraham)  saadu(libkhem)
  OPEN  gen_34       Gen.18.6    LET(avraham)  mahari_lushi_va_asi(ugot)
  OPEN  gen_34       Gen.18.27   LET-NOT(avraham)  yichar(le_adonai)
  OPEN  gen_34       Gen.18.27   LET-NOT(avraham)  yichar(le_adonai, akh_ha_paam)
  OPEN  gen_35       Gen.19.2    LET(lot)  suru_linu_ve_rachatzu(raglekhem)
  OPEN  gen_35       Gen.19.5    LET(anshei_sedom)  hotziem(el_ha_anashim)
  OPEN  gen_35       Gen.19.5    CMD-US(anshei_sedom)  nedah(otam)
  OPEN  gen_35       Gen.19.8    LET(lot)  asu(lahen_ka_tov_be_eineikhem)
  OPEN  gen_35       Gen.19.8    LET-NOT(lot)  taasu(la_anashim_ha_el_davar)
  OPEN  gen_35       Gen.19.9    LET(anshei_sedom)  gesh_halah(lot)
  OPEN  gen_35       Gen.19.12   LET(ha_malakhim)  hotze(kol_asher_lekha_min_ha_maqom)
  OPEN  gen_35       Gen.19.14   LET(lot)  qumu_tzeu(min_ha_maqom)
  OPEN  gen_35       Gen.19.15   LET(ha_malakhim)  qum_qach(ishtekha_u_shtei_venotekha)
  OPEN  gen_35       Gen.19.17   LET(ha_malakhim)  himalet(al_nafshekha)
  OPEN  gen_35       Gen.19.17   LET-NOT(ha_malakhim)  tabit(acharekha)
  OPEN  gen_35       Gen.19.17   LET-NOT(ha_malakhim)  taamod(be_khol_ha_kikar)
  OPEN  gen_35       Gen.19.22   LET(ha_malakhim)  maher_himalet(shamah)
  OPEN  gen_35       Gen.19.31   LET(ha_bekhirah)  u_voi_shikhvi(imo)
  OPEN  gen_36       Gen.20.15   LET(avimelekh)  shev(ba_tov_be_einekha)
  OPEN  gen_37       Gen.21.10   LET(sarah)  garesh(ha_amah_ve_et_benah)
  OPEN  gen_37       Gen.21.12   LET-NOT(elohim)  yera(be_einekha)
  OPEN  gen_37       Gen.21.12   LET(elohim)  shema(be_qol_sarah)
  OPEN  gen_37       Gen.21.17   LET-NOT(malakh_elohim)  tiri(hagar)
  OPEN  gen_37       Gen.21.18   LET(malakh_elohim)  qumi_sei_ve_hachaziqi(et_ha_naar)
  OPEN  gen_38       Gen.22.2    LET(elohim)  qach_lekh_ve_haalehu(et_binkha, le_olah)
  OPEN  gen_38       Gen.22.5    LET(avraham)  shevu(po_im_ha_chamor)
  OPEN  gen_38       Gen.22.12   LET-NOT(malakh_YHWH)  tishlach(yadkha_el_ha_naar)
  OPEN  gen_38       Gen.22.12   LET-NOT(malakh_YHWH)  taas(lo_meumah)
  OPEN  gen_39       Gen.23.4    LET(avraham)  tenu(achuzat_qever)
  OPEN  gen_39       Gen.23.6    LET(bnei_chet)  shemaenu(adoni)
  OPEN  gen_39       Gen.23.6    LET(bnei_chet)  qevor(be_mivchar_qevareinu)
  OPEN  gen_39       Gen.23.8    LET(avraham)  shimuni_u_figu(be_efron)
  OPEN  gen_39       Gen.23.11   LET(efron)  shemaeni(lo_adoni)
  OPEN  gen_39       Gen.23.13   LET(avraham)  qach(kesef_ha_sadeh)
  OPEN  gen_40       Gen.24.6    LET(avraham)  hishamer(ha_eved, pen_tashiv_et_beni_shama)
  OPEN  gen_40       Gen.24.12   LET(ha_eved)  haqreh(YHWH, lefanai_hayom)
  OPEN  gen_40       Gen.24.12   LET(ha_eved)  aseh_chesed(YHWH, im_adoni_avraham)
  OPEN  gen_40       Gen.24.17   LET(ha_eved)  hagmiini(rivqah, meat_mayim)
  OPEN  gen_40       Gen.24.18   LET(rivqah)  shete(ha_eved)
  OPEN  gen_40       Gen.24.23   LET(ha_eved)  hagidi(rivqah, bat_mi)
  OPEN  gen_40       Gen.24.33   LET(house_voice)  daber(ha_eved)
  OPEN  gen_41       Gen.24.49   LET(ha_eved)  hagidu(li, ha_bayit)
  OPEN  gen_41       Gen.24.56   LET-NOT(ha_eved)  al_teacharu(oti)
  OPEN  gen_41       Gen.24.57   CMD-US?(ha_bayit)  nishala(et_pi_ha)
  OPEN  gen_41       Gen.24.60   LET(ha_bayit)  hayi(rivqah, le_alfe_revava)
  OPEN  gen_43       Gen.25.30   LET(esav)  haliteni(min_ha_adom)
  OPEN  gen_44       Gen.26.2    LET-NOT(YHWH)  al_tered(yitzchaq, mitzrayim)
  OPEN  gen_44       Gen.26.2    LET(YHWH)  shekhon(yitzchaq, ba_aretz_asher_omar_elekha)
  OPEN  gen_44       Gen.26.3    LET(YHWH)  gur(yitzchaq, ba_aretz_ha_zot)
  OPEN  gen_44       Gen.26.16   LET(avimelekh)  lekh(yitzchaq, me_imanu)
  OPEN  gen_45       Gen.26.24   LET-NOT(YHWH)  tira(yitzchaq)
  OPEN  gen_45       Gen.26.28   LET(avimelekh_party)  tehi(ala_between_us)
  OPEN  gen_45       Gen.26.28   CMD-US?(avimelekh_party)  nikhreta(berit_im_kha)
  OPEN  gen_46       Gen.27.4    LET(yitzchaq)  sa_tze_tzuda_ase_havia(esav)
  OPEN  gen_46       Gen.27.8    LET(rivqah)  shema_be_qoli(yaaqov)
  OPEN  gen_46       Gen.27.9    LET(rivqah)  lekh_qach_heveta(yaaqov)
  OPEN  gen_46       Gen.27.19   LET(yaaqov)  qum_sheva_akhla(yitzchaq)
  OPEN  gen_46       Gen.27.28   LET(yitzchaq)  yiten(ha_Elohim, le_yaaqov)
  OPEN  gen_46       Gen.27.29   LET(yitzchaq)  yaavdu_kha(amim)
  OPEN  gen_46       Gen.27.29   LET(yitzchaq)  yishtachavu(leumim)
  OPEN  gen_46       Gen.27.29   LET(yitzchaq)  heve_gevir(yaaqov)
  OPEN  gen_46       Gen.27.29   LET(yitzchaq)  yishtachavu(bene_imekha)
  OPEN  gen_46       Gen.27.31   LET(esav)  yaqum_yokhal(yitzchaq)
  OPEN  gen_46       Gen.27.34   LET(esav)  barakheni_1(yitzchaq)
  OPEN  gen_46       Gen.27.38   LET(esav)  barakheni_2(yitzchaq)
  OPEN  gen_47       Gen.27.43   LET(rivqah)  qum_berach_yashavta(yaaqov)
  OPEN  gen_47       Gen.28.2    LET(yitzchaq)  qum_lekh_qach(yaaqov)
  OPEN  gen_47       Gen.28.4    LET(yitzchaq)  el_shaddai_package(yaaqov)
  OPEN  gen_49       Gen.29.7    LET(yaaqov)  hashqu_lekhu_reu(ha_roim)
  OPEN  gen_50       Gen.29.19   LET(lavan)  sheva_imadi(yaaqov)
  OPEN  gen_51       Gen.30.1    LET(rachel)  hava_banim(yaaqov)
  OPEN  gen_51       Gen.30.14   LET(rachel)  teni_dudaim(leah)
  OPEN  gen_52       Gen.30.25   LET(yaaqov)  shalcheni(lavan)
  OPEN  gen_52       Gen.30.26   LET(yaaqov)  tena_nashai_viladai(lavan)
  OPEN  gen_53       Gen.31.3    LET(YHWH)  shuv_eretz_avot(yaaqov)
  OPEN  gen_53       Gen.31.16   LET(rachel_ve_leah)  ase_kol_asher_amar(yaaqov)
  OPEN  gen_54       Gen.31.24   LET(Elohim)  hishamer(lavan, pen_tedaber_im_yaaqov_mi_tov_ad_ra)
  OPEN  gen_54       Gen.31.32   LET(yaaqov)  haker_ve_qach(lavan, ma_imadi)
  OPEN  gen_54       Gen.31.35   LET-NOT(rachel)  yichar(be_ene_adoni)
  OPEN  gen_54       Gen.31.37   LET(yaaqov)  sim(lavan, ko_neged_achai_ve_achekha)
  OPEN  gen_54       Gen.31.44   CMD-US?(lavan)  nikhreta(verit_ani_va_ata)
  OPEN  gen_54       Gen.31.46   LET(yaaqov)  liqtu(echav, avanim)
  OPEN  gen_54       Gen.31.49   LET(lavan)  yitzef(YHWH, beni_u_venekha)
  OPEN  gen_55       Gen.32.5    LET?(yaaqov)  tomrun(ha_malakhim, la_doni_le_esav)
  OPEN  gen_55       Gen.32.17   LET(yaaqov)  ivru(avadav, le_fanai)
  OPEN  gen_55       Gen.32.17   LET?(yaaqov)  tasimu(revach, ben_eder_u_ven_eder)
  OPEN  gen_55       Gen.32.20   LET?(yaaqov)  tedabrun(kol_ha_holkhim, el_esav)
  OPEN  gen_55       Gen.32.27   LET(ha_ish)  shalcheni(yaaqov)
  OPEN  gen_55       Gen.32.30   LET(yaaqov)  hagida(ha_ish, et_shimkha)
  OPEN  gen_56       Gen.33.9    LET(esav)  yehi(lekha_asher_lakh)
  OPEN  gen_56       Gen.33.12   CMD-US?(esav)  nisa_ve_nelekha(esav_ve_yaaqov)
  OPEN  gen_56       Gen.33.14   LET(yaaqov)  yaavar_na(adoni, li_fene_avdo)
  OPEN  gen_57       Gen.34.4    LET(shekhem)  qach_li(chamor, et_ha_yalda_ha_zot_le_isha)
  OPEN  gen_57       Gen.34.8    LET(chamor)  tenu_na(bet_yaaqov, otah_lo_le_isha)
  OPEN  gen_57       Gen.34.9    LET(chamor)  hitchatnu(bet_yaaqov, otanu)
  OPEN  gen_57       Gen.34.10   LET(chamor)  shevu(bet_yaaqov, itanu)
  OPEN  gen_57       Gen.34.10   LET(chamor)  secharuha(bet_yaaqov, ha_aretz)
  OPEN  gen_57       Gen.34.10   LET(chamor)  heachazu(bet_yaaqov, ba_aretz)
  OPEN  gen_57       Gen.34.12   LET(shekhem)  harbu(aviha_ve_acheha, mohar_u_matan)
  OPEN  gen_57       Gen.34.12   LET(shekhem)  tenu_li(aviha_ve_acheha, et_ha_naara_le_isha)
  OPEN  gen_57       Gen.34.23   CMD-US?(chamor_u_shekhem)  neota(anshe_ha_ir, la_hem)
  OPEN  gen_58       Gen.35.1    LET(Elohim)  qum_ale(yaaqov, bet_el)
  OPEN  gen_58       Gen.35.1    LET(Elohim)  shev_sham(yaaqov, bet_el)
  OPEN  gen_58       Gen.35.1    LET(Elohim)  ase_sham_mizbeach(yaaqov, la_el_ha_nire)
  OPEN  gen_58       Gen.35.2    LET(yaaqov)  hasiru(bet_yaaqov, et_elohe_ha_nekhar)
  OPEN  gen_58       Gen.35.2    LET(yaaqov)  hitaharu(bet_yaaqov)
  OPEN  gen_58       Gen.35.2    LET(yaaqov)  hachalifu(bet_yaaqov, simlotekhem)
  OPEN  gen_58       Gen.35.3    CMD-US?(yaaqov)  naquma_ve_naale(bet_yaaqov, bet_el)
  OPEN  gen_58       Gen.35.11   LET(el_shaday)  pere_u_reve(yisrael)
  OPEN  gen_58       Gen.35.17   LET-NOT(ha_meyaledet)  tiri(rachel)
  OPEN  gen_60       Gen.37.14   LET(yisrael)  hashiveni_davar
  OPEN  gen_60       Gen.37.20   CMD-US(achim)  naharge_hu
  OPEN  gen_60       Gen.37.20   CMD-US(achim)  amarnu_chaya_raa_akhalat_hu
  OPEN  gen_60       Gen.37.21   LET-NOT(reuven)  nake_nu_nafesh
  OPEN  gen_60       Gen.37.22   LET-NOT(reuven)  tishpekhu_dam
  OPEN  gen_60       Gen.37.22   LET-NOT(reuven)  yad_al_tishlechu_vo
  OPEN  gen_60       Gen.37.27   LET-NOT(yehuda)  yade_nu_al_tehi_vo
  OPEN  gen_61       Gen.38.24   LET(yehuda)  hotziu_ha_ve_tisaref
  OPEN  gen_62       Gen.39.7    LET(eshet_adonav)  shikhva_imi
  OPEN  gen_62       Gen.39.12   LET(eshet_adonav)  shikhva_imi
  OPEN  gen_65       Gen.42.16   LET(yosef)  shilchu_mikem_echad
  OPEN  gen_65       Gen.42.37   LET(reuven)  tena_oto_al_yadi
  OPEN  gen_66       Gen.43.2    LET(yaaqov)  shuvu_shivru_lanu_meat_okhel
  OPEN  gen_66       Gen.43.23   LET-NOT(ish_al_beit_yosef)  al_tirau
  OPEN  gen_68       Gen.45.24   LET-NOT(yosef)  al_tirgezu_ba_darekh
  OPEN  gen_69       Gen.46.3    LET-NOT(Elohim)  al_tira_me_reda_mitzrayma
  OPEN  gen_71       Gen.48.18   LET(yosef)  sim_yeminkha_al_rosho
  OPEN  exo_01       Exod.1.16   LET(melekh_mitzrayim)  im_ben_hu_va_hamiten_oto
  OPEN  exo_01       Exod.1.22   LET(paro)  kol_ha_ben_ha_yilod_ha_yeora_tashlikhuhu
  OPEN  exo_03       Exod.3.5    LET(ha_elohim)  shal_nealekha_me_al_raglekha
  OPEN  exo_03       Exod.3.10   LET(YHWH)  lekha_ve_eshlachakha_el_paro
  OPEN  exo_04       Exod.4.13   LET(moshe)  shelach_na_be_yad_tishlach
  OPEN  exo_04       Exod.4.22   LET(YHWH)  ve_amarta_el_paro_beni_vekhori
  OPEN  exo_05       Exod.5.1    LET(moshe_ve_aharon)  shalach_et_ami_ve_yachogu_li
  OPEN  exo_05       Exod.5.21   LET(shotre_bene_yisrael)  yere_YHWH_alekhem_ve_yishpot
  OPEN  exo_07       Exod.7.15   LET(YHWH)  lekh_el_paro_ba_boqer
  OPEN  exo_07       Exod.7.26   LET(YHWH)  bo_el_paro_ve_amarta
  OPEN  exo_08       Exod.8.16   LET(YHWH)  hashkem_ve_hityatzev_lifne_paro
  OPEN  exo_08       Exod.8.21   LET(paro)  lekhu_zivchu_ba_aretz
  OPEN  exo_09       Exod.9.1    LET(YHWH)  bo_el_paro_ve_dibarta
  OPEN  exo_09       Exod.9.13   LET(YHWH)  hashkem_ve_hityatzev_2
  OPEN  exo_10       Exod.10.24  LET(paro)  lekhu_raq_tzonkhem_yutzag
  OPEN  exo_11       Exod.11.2   LET(YHWH)  ve_yishalu_ish_kele_khesef
  OPEN  exo_12       Exod.12.2   LET(YHWH)  ha_chodesh_ha_ze_rosh
  OPEN  exo_12       Exod.12.14  LET(YHWH)  ve_chagotem_oto_chag
  OPEN  exo_12       Exod.12.15  LET(YHWH)  shivat_yamim_matzot_tokhelu
  OPEN  exo_12       Exod.12.26  LET(YHWH)  va_amartem_zevach_pesach
  OPEN  exo_13       Exod.13.2   LET(YHWH)  qadesh_li_khol_bekhor
  OPEN  exo_13       Exod.13.3   LET(moshe)  zakhor_et_ha_yom_ha_ze
  OPEN  exo_15       Exod.15.21  LET(miryam)  shiru_la_YHWH
  OPEN  exo_15       Exod.15.26  LET(YHWH)  im_shamoa_tishma
  OPEN  exo_16       Exod.16.19  LET(moshe)  al_yoter_mimenu_ad_boqer
  OPEN  exo_17       Exod.17.14  LET(YHWH)  ketov_zot_zikaron_ba_sefer
  OPEN  exo_19       Exod.19.12  LET(YHWH)  ve_higbalta_et_ha_am
  OPEN  lev_04       Lev.4.2     LET(YHWH)  daber_el_bene_yisrael(moshe)
  OPEN  lev_19       Lev.19.2    LET(YHWH)  daber_el_kal_adat(moshe)
state hash 8b8fff1fa28953af
wrote corpus_world.sqlite + CORPUS_TRUTH.py
