credited 540 ledgers 67

== deu_07_vaetchanan_ekev_exam_2026-09-18.md: 121 addrs; path <repo>/logic/oral_triage/deu_07_vaetchanan_ekev_exam_2026-09-18.md; sample Avodah Zarah 44b:3: 2 line(s)
    - Avodah Zarah 44b:3 [TOPIC] — LAW. MISHNA 3:4 at its folio in three segments: Proclus's question in Aphrodite's bathhouse at Akko (13:18); Rabban Gamliel's answers when he left — it came into MY domain; the statue an adornment of the bath; you would not enter
    Avodah Zarah 44b:3

== num_30_vows_exam_2026-09-12.md: 75 addrs; path <repo>/logic/oral_triage/num_30_vows_exam_2026-09-12.md; sample Rosh Hashanah 4b:5: 2 line(s)
    - Rosh Hashanah 4b:5 [TOPIC — CREDITED: num_28_29_musafim_exam_2026-09-11.md] — DERIVATION. CREDITED — R. Meir: 'there you shall come … your vows' (Deut 12:5-6) — by the first festival.
    Rosh Hashanah 4b:5

== deu_11_ekev_reeh_exam_2026-09-20.md: 55 addrs; path <repo>/logic/oral_triage/deu_11_ekev_reeh_exam_2026-09-20.md; sample Kiddushin 37a:4: 3 line(s)
    - Kiddushin 37a:4 [TOPIC — CREDITED: num_34_borders_exam_2026-09-13.md] — DERIVATION. CREDITED (num_34_borders_exam_2026-09-13.md; carried) — the source: Deuteronomy 12:1 'these are the statutes and the ordinances … in the land … all the days that you live upo
    - Kiddushin 37a:6 [TOPIC — CREDITED: num_34_borders_exam_2026-09-13.md] — DERIVATION. CREDITED (num_34_borders_exam_2026-09-13.md; carried) — 'go and learn from the next verse' — Deuteronomy 12:2's idolatry, an obligation of the body applying everywhere: as it

== deu_06_vaetchanan_exam_2026-09-17.md: 53 addrs; path <repo>/logic/oral_triage/deu_06_vaetchanan_exam_2026-09-17.md; sample Chullin 17a:12: 3 line(s)
    - Chullin 17a:12 [LINK — Deut 6:10 Deut 6:11] — LAW. R. Yirmeya's dilemma on the seven years of conquest — 'houses full of all good which you did not fill' (6:11): forbidden foods permitted in the conquest's houses (Rav): F4 the_list (6:11 read as a LAW of the
    - THE CONQUEST'S HOUSES (Chullin 17a:12): "houses full of all good" (6:11) — forbidden foods permitted in the seven years (Rav): F4 the_list (201:3's kin — the spoil permitted, a LAW of the conquest).

== deu_10_ekev_exam_2026-09-20.md: 52 addrs; path <repo>/logic/oral_triage/deu_10_ekev_exam_2026-09-20.md; sample Sanhedrin 56a:7: 2 line(s)
    - Sanhedrin 56a:7 [TOPIC — CREDITED: exodus_block_capital_2026-09-04.md] — OUTSIDE. CREDITED (lev24's docket) — liable only for the Name with the Name (Leviticus 24:16's doubled 'blasphemes the name'); nokev = curse from Balaam's 'how shall I curse' (Numbers 2
    Sanhedrin 56a:7

== EXOD_TALMUD_TRIAGE_LEDGER.md: 39 addrs; path <repo>/logic/oral_triage/EXOD_TALMUD_TRIAGE_LEDGER.md; sample Chullin 102b:11: 1 line(s)
    - **Chullin 102b:11** [CREDIT] (Ex 22:30) — limb-from-living source allocation

== sanctions_topic_docket_2026-09-05.md: 36 addrs; path <repo>/logic/oral_triage/sanctions_topic_docket_2026-09-05.md; sample Avodah Zarah 51a:22: 1 line(s)
    Avodah Zarah 3a:2 (Lev 18:5); Avodah Zarah 11a:9 (Lev 18:3); Avodah Zarah 17a:5 (Lev 18:6); Avodah Zarah 17b:3 (Lev 18:17); Avodah Zarah 27b:10 (Lev 18:5); Avodah Zarah 51a:22 (Lev 17:7); Avodah Zarah 51b:1 (Lev 17:3-4); Avodah Zarah 51b:2 (Lev 17:4); Avodah Z

== num_28_29_musafim_exam_2026-09-11.md: 29 addrs; path <repo>/logic/oral_triage/num_28_29_musafim_exam_2026-09-11.md; sample Menachot 44b:11: 2 line(s)
    - Menachot 44b:11 [TOPIC] — CONTEXT. one placement atones after the fact (Deut 12:27) — the offerings engine's.
    Menachot 44b:11

== num_34_borders_exam_2026-09-13.md: 24 addrs; path <repo>/logic/oral_triage/num_34_borders_exam_2026-09-13.md; sample Kiddushin 37a:4: 3 line(s)
    - Kiddushin 37a:4 [TOPIC] — DERIVATION. the source: Deuteronomy 12:1 'these are the statutes and the ordinances … in the land … all the days that you live upon the earth' — the expositions, the monetary laws, the study, the doing: the verse's four clauses read
    - Kiddushin 37a:6 [TOPIC] — DERIVATION. 'go and learn from the next verse' — Deuteronomy 12:2's idolatry, an obligation of the body applying everywhere: as it, every obligation of the body everywhere; of the land, in the land only — THE CLASSING TAUGHT FROM TH

== talmud_triage_gen_2026-09-01.md: 24 addrs; path <repo>/logic/oral_triage/talmud_triage_gen_2026-09-01.md; sample Zevachim 113b:3: 1 line(s)
    - **Zevachim 113b:3** [AGGADAH] (Gen 7:22) — did the flood fall on the Land? the dry-land objection (7:22)

== deu_08_ekev_exam_2026-09-19.md: 22 addrs; path <repo>/logic/oral_triage/deu_08_ekev_exam_2026-09-19.md; sample Yoma 75b:4: 3 line(s)
    - Yoma 75b:4 [TOPIC] — DERIVATION. Rabbi's baraita: 12:21 'you shall slaughter … AS I HAVE COMMANDED YOU' — Moses commanded the slaughter's laws (the gullet and the windpipe; a bird the majority of one, an animal of both); 'spread out' — the manna fell in stra
    - THE SEVEN SPECIES' SEAT, THE ROCK'S VERB AND THE RECEIPT FORWARD (Berakhot 38a:14; Yoma 75b:4; 76a:12-14; Berakhot 35b:12): "who BROUGHT FORTH water from the rock of flint" (8:15) — the Rabbis' proof that the bread blessing's word is past tense (R. Nechemya'

== priesthood_topic_docket_2026-09-06.md: 16 addrs; path <repo>/logic/oral_triage/priesthood_topic_docket_2026-09-06.md; sample Chullin 72a:10: 1 line(s)
    Chullin 13b:7 (Lev 22:18); Chullin 23a:2 (Lev 22:25); Chullin 24b:8 (Lev 21:17); Chullin 38a:17 (Lev 22:27); Chullin 38b:1 (Lev 22:27); Chullin 72a:10 (Lev 21:11); Chullin 75a:14 (Lev 22:27); Chullin 78a:6 (Lev 22:28); Chullin 78a:15 (Lev 22:27); Chullin 78a:1

== num_01_04_bamidbar_exam_2026-09-09.md: 15 addrs; path <repo>/logic/oral_triage/num_01_04_bamidbar_exam_2026-09-09.md; sample Mishnah Zevachim 14:4: 1 line(s)
    - Bekhorot 4b:14 [TOPIC] — DISPUTE. R. Yochanan's objection from Mishnah Zevachim 14:4 (the firstborn served at the private altars); Reish Lakish: those who left Egypt.

== num_35_refuge_cities_exam_2026-09-13.md: 15 addrs; path <repo>/logic/oral_triage/num_35_refuge_cities_exam_2026-09-13.md; sample Zevachim 117a:7: 2 line(s)
    - Zevachim 117a:7 [LINK — Num 35:28] — LAW. F4 the_levite_exiled — Rav Acha son of Rav Ika: the exile who killed again is exiled to another area of HIS city ('for in his city of refuge he shall dwell', 35:28) — the_exiles_rows (Makkot 12b:9's twin).
    Zevachim 117a:7

== erection_docket_2026-09-06.md: 13 addrs; path <repo>/logic/oral_triage/erection_docket_2026-09-06.md; sample Chullin 115b:1: 3 line(s)
    - Chullin 115b:1 — CREDIT. (the calendar engine) the same triple at its Chullin seat.
    Chullin 62b:9 (Exodus 34:14); Chullin 89a:3 (Exodus 24:10); Chullin 115b:1 (Exodus 34:26)

== num_04_07_naso_exam_2026-09-10.md: 13 addrs; path <repo>/logic/oral_triage/num_04_07_naso_exam_2026-09-10.md; sample Mishnah Makkot 3:15: 2 line(s)
    - Mishnah Makkot 3:15 [TOPIC] — OUTSIDE. karet and lashes — R. Chananya ben Gamliel's rule; not this span's.
    Mishnah Makkot 3:15

== incense_shekel_docket_2026-09-06.md: 13 addrs; path <repo>/logic/oral_triage/incense_shekel_docket_2026-09-06.md; sample Mishnah Zevachim 9:5: 2 line(s)
    - Mishnah Zevachim 9:5 — CREDIT. (a prior graded row: cold_run_priesthood.py, priesthood_topic_docket_2026-09-06.md, vayikra_exam_mishnah_2026-09-03.md) and these, if they went up, COME DOWN: the flesh of most-holy and lesser offerings, the omer's remainder, t
    Mishnah Zevachim 9:5

== deu_05_vaetchanan_exam_2026-09-16.md: 13 addrs; path <repo>/logic/oral_triage/deu_05_vaetchanan_exam_2026-09-16.md; sample Sotah 37b:1: 10 line(s)
    - Sotah 37b:1 [TOPIC] — DERIVATION. THE COVENANTS COUNTED: each mitzva four general and four specific, with blessings and curses sixteen; at Sinai, at the plains of Moab ('besides the covenant he made with them in Horeb', 28:69; 'the words of this covenant', 2
    - Sotah 37b:10 [TOPIC] — CONTEXT. 'the blessing on Gerizim, the curse on Ebal' (11:29) — the blessing precedes the curse.

== shemini_day_run_docket_2026-09-06.md: 11 addrs; path <repo>/logic/oral_triage/shemini_day_run_docket_2026-09-06.md; sample Mishnah Zevachim 14:6: 2 line(s)
    - Mishnah Zevachim 14:6 — CREDIT. (a prior graded row: sanctions_topic_docket_2026-09-05.md) they came to Shiloh — BANNED; no roof there, a house of stones below and curtains above; it was 'the resting place' (Deut 12:9); the most holy within the hangings, the
    Mishnah Zevachim 14:6

== dependency_debt_docket_2026-09-06.md: 10 addrs; path <repo>/logic/oral_triage/dependency_debt_docket_2026-09-06.md; sample Keritot 4b:28: 1 line(s)
    Keritot 4a:22 (Lev 3:17); Keritot 4b:4 (Lev 3:17); Keritot 4b:11 (Lev 3:17); Keritot 4b:28 (Lev 3:17); Keritot 8b:11 (Lev 14:8); Keritot 9b:9 (Lev 14:4-7); Keritot 9b:11 (Lev 14:32); Keritot 9b:11 (Lev 14:2); Keritot 9b:15 (Lev 14:32); Keritot 10b:6 (Lev 14:10

== num_16_18_korach_exam_2026-09-10.md: 9 addrs; path <repo>/logic/oral_triage/num_16_18_korach_exam_2026-09-10.md; sample Chullin 136a:2: 2 line(s)
    - Chullin 136a:2 [LINK — Num 18:28] — LAW. 18:28 'ALL YOUR tithes' (plural) — partners obligated in tithes (R. Ilai concedes); Deut 12:17's singular excludes a gentile's partnership. CELL the_tithe('partners') -> liable; with a gentile exempt.
    Chullin 136a:2

== ordinances_topic_docket_2026-09-06.md: 8 addrs; path <repo>/logic/oral_triage/ordinances_topic_docket_2026-09-06.md; sample Chullin 102b:11: 1 line(s)
    Chullin 11a:2 (Exodus 23:2); Chullin 37a:8 (Exodus 22:30); Chullin 42a:6 (Exodus 22:30); Chullin 47b:6 (Exodus 22:30); Chullin 68a:4 (Exodus 22:30); Chullin 68b:11 (Exodus 22:30); Chullin 73b:12 (Exodus 22:30); Chullin 81a:3 (Exodus 22:29); Chullin 102b:11 (Ex

== num_13_15_shelach_exam_2026-09-10.md: 8 addrs; path <repo>/logic/oral_triage/num_13_15_shelach_exam_2026-09-10.md; sample Mishnah Zevachim 14:6: 2 line(s)
    - Mishnah Zevachim 14:6 [TOPIC] — LAW. Shiloh — forbidden; 'rest'. The era table.
    Mishnah Zevachim 14:6

== genesis_block_altar_2026-09-04.md: 8 addrs; path <repo>/logic/oral_triage/genesis_block_altar_2026-09-04.md; sample Zevachim 115b:17: 1 line(s)
    Zevachim 115b:17 · Zevachim 115b:18

== family_docket_2026-09-06.md: 7 addrs; path <repo>/logic/oral_triage/family_docket_2026-09-06.md; sample Mishnah Zevachim 14:6: 1 line(s)
    - Zevachim 118b:2 — MATERIAL. R. Abbahu: 'a fruitful son by the eye' (49:22) — the EYE that refused to feed on what was not its own (Potiphar's wife) merits to eat as far as it sees: SHILOH'S SANCTUARY in Joseph's portion eaten within sight (Mishnah Zevachim 1

== genesis_block_table_knife_2026-09-04.md: 6 addrs; path <repo>/logic/oral_triage/genesis_block_table_knife_2026-09-04.md; sample Chullin 16a:6: 1 line(s)
    Chullin 16a:4 · Chullin 16a:5 · Chullin 16a:6

== num_19_21_chukat_exam_2026-09-11.md: 6 addrs; path <repo>/logic/oral_triage/num_19_21_chukat_exam_2026-09-11.md; sample Chullin 72a:8: 3 line(s)
    - Chullin 72a:8 [LINK — Num 19:13] — LAW. 19:13 — R. Yishmael: 'of the life of a person' = a quarter-log of blood defiles like the corpse (Deut 12:23 the blood is the life). CELL corpse_tumah('quarter_log_blood') -> defiles (Oholot 2:2).
    - Mishnah Oholot 2:2 [TOPIC] — DISPUTE. a quarter-log of blood, mixed blood from one corpse (R. Akiva: two); a child's blood any amount (R. Akiva) / a quarter (the Sages); corpse worms — R. Eliezer unclean, the Sages clean; ashes of the burned — R. Eliezer a q

== exodus_block_festivals_2026-09-04.md: 6 addrs; path <repo>/logic/oral_triage/exodus_block_festivals_2026-09-04.md; sample Temurah 4a:2: 2 line(s)
    - Temurah 4a:2 — context (the fear-and-serve frame).
    Yevamot 103a:11 · Yevamot 103a:12 · Temurah 4a:2 · Temurah 4a:3 ·

== num_33_journeys_exam_2026-09-12.md: 5 addrs; path <repo>/logic/oral_triage/num_33_journeys_exam_2026-09-12.md; sample Mishnah Zevachim 14:6: 2 line(s)
    - Mishnah Zevachim 14:6 [TOPIC — CREDITED: family_docket_2026-09-06.md, num_13_15_shelach_exam_2026-09-10.md, sanctions_topic_docket_2026-09-05.md, shemini_day_run_docket_2026-09-06.md] — CONTEXT. CREDITED — at Shiloh forbidden; 'rest' (Deuteronomy 12:9): the 
    Mishnah Zevachim 14:6

== exodus_block_conduct_2026-09-04.md: 5 addrs; path <repo>/logic/oral_triage/exodus_block_conduct_2026-09-04.md; sample Sotah 38a:10: 1 line(s)
    Sotah 33a:15, Sotah 33a:16, Sotah 38a:9, Sotah 38a:10,

== tzav_exam_mishnah_2026-09-03.md: 4 addrs; path <repo>/logic/oral_triage/tzav_exam_mishnah_2026-09-03.md; sample Mishnah Zevachim 14:4: 1 line(s)
    - Mishnah Zevachim 14:4 — MATERIAL: before the tabernacle — bamot permitted, service by the FIRSTBORN; after — priests; the curtain/camp eating zones — Sifra Chapter 18 2's timeline as a rule. → bamah_eras

== deu_01_03_devarim_exam_2026-09-15.md: 3 addrs; path <repo>/logic/oral_triage/deu_01_03_devarim_exam_2026-09-15.md; sample Chullin 27a:8: 2 line(s)
    - Chullin 27a:8 [LINK — Deut 1:21] — CONTEXT. 'go up, take possession' (1:21) — 'take' (rash) cited in the slaughter-from-the-neck word-play (Deuteronomy 12:21's break-it): a token lent, no rule of this span.
    Chullin 27a:8

== sanctuary_build_docket_2026-09-06.md: 3 addrs; path <repo>/logic/oral_triage/sanctuary_build_docket_2026-09-06.md; sample Megillah 10a:3: 1 line(s)
    - Jerusalem Talmud Eruvin 16b:3; Jerusalem Talmud Megillah 10a:3; Jerusalem Talmud Shabbat 16b:4; Jerusalem Talmud Shabbat 1b:1; Jerusalem Talmud Shabbat 4b:1; Jerusalem Talmud Shabbat 69b:1; Jerusalem Talmud Shabbat 77b:1; Jerusalem Talmud Shekalim 25a:1; Jer

== deu_09_ekev_exam_2026-09-19.md: 3 addrs; path <repo>/logic/oral_triage/deu_09_ekev_exam_2026-09-19.md; sample Mishnah Avodah Zarah 3:4: 2 line(s)
    - Mishnah Avodah Zarah 3:4 [TOPIC — CREDITED: deu_07_vaetchanan_ekev_exam_2026-09-18.md, erection_docket_2026-09-06.md] — OUTSIDE. CREDITED (chapter 7's docket) — Aphrodite's bathhouse (3:4), the mountains and hills and the ashera's definition (3:5), the falle
    Mishnah Avodah Zarah 3:4

== exodus_block_courts_2026-09-04.md: 3 addrs; path <repo>/logic/oral_triage/exodus_block_courts_2026-09-04.md; sample Sanhedrin 34b:7: 1 line(s)
    - Sanhedrin 34b:7 — the one-transgression combination — context.

== num_08_12_beha_exam_2026-09-10.md: 3 addrs; path <repo>/logic/oral_triage/num_08_12_beha_exam_2026-09-10.md; sample Mishnah Zevachim 10:2: 1 line(s)
    - Zevachim 89b:2 [LINK — Num 8:12] — LAW. 8:8 'a SECOND bull for a sin offering' beside 8:12 — the sin offering comes SECOND to the burnt offering in its rites (not first in everything). CELL levites_rite('bulls_order') -> the sin offering's blood first, its p

== exodus_block_vestments_2026-09-04.md: 3 addrs; path <repo>/logic/oral_triage/exodus_block_vestments_2026-09-04.md; sample Zevachim 119b:17: 2 line(s)
    - Zevachim 119b:17 — context (offerings-not-birds frame).
    Zevachim 119b:17 · Zevachim 119b:18 · Zevachim 119b:19 ·

== exodus_block_persons_2026-09-04.md: 3 addrs; path <repo>/logic/oral_triage/exodus_block_persons_2026-09-04.md; sample Sanhedrin 74a:2: 2 line(s)
    - Sanhedrin 74a:2 — Abaye: the mishnah's raped-maiden rider = R.
    Sanhedrin 72b:12, Sanhedrin 74a:2, Sanhedrin 74a:4, Sanhedrin 79a:11,

== acharei_exam_mishnah_2026-09-05.md: 2 addrs; path <repo>/logic/oral_triage/acharei_exam_mishnah_2026-09-05.md; sample Mishnah Makkot 3:15: 2 line(s)
    - Mishnah Makkot 3:15 — MATERIAL. Lashes discharge karet (R.
    Mishnah Makkot 3:15

== holiness_topic_docket_2026-09-06.md: 2 addrs; path <repo>/logic/oral_triage/holiness_topic_docket_2026-09-06.md; sample Pesachim 22b:2: 1 line(s)
    Pesachim 3a:4 (Lev 19:6); Pesachim 16b:8 (Lev 19:7); Pesachim 22b:2 (Lev 19:14); Pesachim 73b:13 (Lev 19:7); Pesachim 75a:15 (Lev 19:18); Pesachim 82b:6 (Lev 19:6); Pesachim 113b:5 (Lev 19:17)

== chatat_topic_docket_2026-09-05.md: 2 addrs; path <repo>/logic/oral_triage/chatat_topic_docket_2026-09-05.md; sample Mishnah Zevachim 10:1: 2 line(s)
    - Mishnah Zevachim 10:1 — ROUTED. The frequent precedes: the daily offerings before the additional, the Sabbath's before the New Moon's, the New Moon's before the New Year's — Num 28:23 quoted — the Numbers walk.
    - Mishnah Zevachim 10:1 — ROUTED

== sheviit_topic_docket_2026-09-05.md: 2 addrs; path <repo>/logic/oral_triage/sheviit_topic_docket_2026-09-05.md; sample Mishnah Bekhorot 9:3: 2 line(s)
    - Mishnah Bekhorot 9:3 — LAW. The bought and the gifted exempt from the tithe; brother-partners liable to the surcharge exempt from the tithe and the reverse; bought from the estate's common stock — liable; divided and re-partnered — surcharge yes, tithe no. T
    - Mishnah Bekhorot 9:3 — LAW

== vestments_docket_2026-09-06.md: 2 addrs; path <repo>/logic/oral_triage/vestments_docket_2026-09-06.md; sample Mishnah Yoma 1:1: 2 line(s)
    - Mishnah Yoma 1:1 — CREDIT. (the Acharei and Tzav exams) seven days before the Day the high priest is separated to the Parhedrin chamber, and ANOTHER PRIEST PREPARED IN HIS STEAD 'lest a disqualification befall him'; R. Yehuda: another wife too — 'if so there
    Mishnah Yoma 1:1

== pre_sinai_docket_2026-09-06.md: 2 addrs; path <repo>/logic/oral_triage/pre_sinai_docket_2026-09-06.md; sample Zevachim 116a:23: 3 line(s)
    - Zevachim 116a:23 — MATERIAL. the nations to Balaam: 'is a flood coming?' — 'the LORD sat at the flood (Ps 29:10)... He has ALREADY SWORN not to bring a flood' — 9:11's clause as an oath.
    Zevachim 116a:23 (Genesis 9:15); Zevachim 116a:24 (Genesis 9:15)

== deu_07_vaetchanan_ekev_2026-09-17.md: 1 addrs; path <repo>/logic/oral_triage/deu_07_vaetchanan_ekev_2026-09-17.md; sample Mishnah Avodah Zarah 3:5: 4 line(s)
    # Deuteronomy 7:1-26 derivation — Onkelos + the Sifrei on Deuteronomy as the spine (THE SPINE SILENT ON THE CHAPTER — no piska head between 36 on 6:9 and 37 on 11:10; THREE rows beyond any piska citing chapter 7 found by the scan of the whole export in both fi
    - Onkelos Deut 7:5 — MATERIAL. BUT RATHER THUS SHALL YOU DO TO THEM: THEIR ALTARS YOU SHALL TEAR DOWN, THEIR PILLARS YOU SHALL BREAK, THEIR ASHERIM YOU SHALL CUT DOWN AND THEIR GRAVEN IMAGES YOU SHALL BURN WITH FIRE. "כִּֽי אִם כֹּה תַעֲשׂוּ לָהֶם" (but rather

== vayikra_exam_mishnah_2026-09-03.md: 1 addrs; path <repo>/logic/oral_triage/vayikra_exam_mishnah_2026-09-03.md; sample Mishnah Zevachim 9:5: 1 line(s)
    - Mishnah Zevachim 9:5 — LAW — what descends from the altar (altar_boundary; the no-return boundary's complement)

== exodus_block_ink_2026-09-04.md: 1 addrs; path <repo>/logic/oral_triage/exodus_block_ink_2026-09-04.md; sample Sanhedrin 4a:14: 1 line(s)
    Sanhedrin 4a:12, Sanhedrin 4a:13, Sanhedrin 4a:14, Sanhedrin 4a:15,

== exodus_block_capital_2026-09-04.md: 1 addrs; path <repo>/logic/oral_triage/exodus_block_capital_2026-09-04.md; sample Sanhedrin 56a:7: 2 line(s)
    - Sanhedrin 56a:7 — MATERIAL rider: or is it PIERCING (vayikov
    56a:5 · Sanhedrin 56a:6 · Sanhedrin 56a:7 · Sanhedrin 56b:9 ·

== noahide_exam_reading_2026-09-01.md: 1 addrs; path <repo>/logic/oral_triage/noahide_exam_reading_2026-09-01.md; sample Sanhedrin 59a:8: 1 line(s)
    - Babylonian Talmud Sanhedrin 59a:8 — context. The Deuteronomy 12:23

== exodus_block_shabbat_2026-09-04.md: 1 addrs; path <repo>/logic/oral_triage/exodus_block_shabbat_2026-09-04.md; sample Shabbat 120b:10: 2 line(s)
    - Shabbat 120b:10 — context (R. Yosei's do-not-do-so at the
    Shabbat 117b:11 · Shabbat 120b:10 · Shabbat 120b:11 · Shabbat

== mishpatim_exam_mishnah_2026-09-01.md: 1 addrs; path <repo>/logic/oral_triage/mishpatim_exam_mishnah_2026-09-01.md; sample Mishnah Chullin 8:4: 1 line(s)
    - Mishnah Chullin 8:4 — MATERIAL. MEAT-IN-MILK SPECIES MATRIX:

== exo_27_altar_court_2026-09-01.md: 1 addrs; path <repo>/logic/oral_triage/exo_27_altar_court_2026-09-01.md; sample Mishnah Makkot 3:3: 1 line(s)
      is a lash row (Mishnah Makkot 3:3, READ IN FULL this morning in the

== exodus_backfill_mishnah_2026-09-01.md: 1 addrs; path <repo>/logic/oral_triage/exodus_backfill_mishnah_2026-09-01.md; sample Mishnah Makkot 3:3: 1 line(s)
    - Mishnah Makkot 3:3 (⇐ Exod 12:10, 12:46) — MATERIAL. השובר את העצם

== terumah_exam_mishnah_2026-09-01.md: 1 addrs; path <repo>/logic/oral_triage/terumah_exam_mishnah_2026-09-01.md; sample Mishnah Makkot 3:3: 1 line(s)
    - Mishnah Makkot 3:3 (⇐ Exod 27:9) — CREDIT + quick look: read in

== deu_10_ekev_2026-09-19.md: 1 addrs; path <repo>/logic/oral_triage/deu_10_ekev_2026-09-19.md; sample Mishnah Sotah 7:6: 1 line(s)
    THE DEUTERONOMY WALK sitting 8 — CHAPTER 10, Chapter 10 — The second tablets and the ark: hew two tablets like the first, make an ark of wood, the ten words written as the first writing, the tablets in the ark as the LORD commanded me; the stations and Aaron's

== num_06_priest_blessing_2026-09-09.md: 1 addrs; path <repo>/logic/oral_triage/num_06_priest_blessing_2026-09-09.md; sample Mishnah Sotah 7:6: 2 line(s)
    # Numbers 6:22-27 derivation — Onkelos + the Sifrei on Numbers as the spine (its piskaot found BY POSITION), THE NUMBERS WALK sitting 2 — NASO, the priests' blessing (2026-09-09; the owner: "Go", the sitting after Bamidbar's compile, on the ruling NUMBERS IN O
    - Sifrei Bamidbar 39:1 — MATERIAL. THE SPEECH TO THE PRIESTS; THE HOLY TONGUE; STANDING; RAISED HANDS; THE NAME — IN THE TEMPLE ONLY; ALL ISRAEL; FACE TO FACE; ALOUD; THE PROMPTER. Aaron and his sons are brought into the frame's "saying" because the section's 

== shemini_exam_mishnah_2026-09-05.md: 1 addrs; path <repo>/logic/oral_triage/shemini_exam_mishnah_2026-09-05.md; sample Mishnah Sotah 7:6: 2 line(s)
    - Mishnah Sotah 7:6 — MATERIAL. The priestly blessing's regime
    Mishnah Sotah 5:2 · Mishnah Sotah 7:6 · Mishnah Tamid 7:2

== deu_11_ekev_reeh_2026-09-20.md: 1 addrs; path <repo>/logic/oral_triage/deu_11_ekev_reeh_2026-09-20.md; sample Mishnah Kiddushin 1:9: 1 line(s)
    - Sifrei Devarim 44:1 — MATERIAL. On 11:18. "AND YOU SHALL PUT THESE MY WORDS ON YOUR HEART" (11:18) — THIS IS THE STUDY OF TORAH; "AND BIND THEM FOR A SIGN ON YOUR HAND" — THESE ARE THE TEFILLIN. ONLY TEFILLIN AND STUDY? THE OTHER COMMANDMENTS — BY THE COMMON

== emor_exam_mishnah_2026-09-05.md: 1 addrs; path <repo>/logic/oral_triage/emor_exam_mishnah_2026-09-05.md; sample Mishnah Kiddushin 1:9: 2 line(s)
    - Mishnah Kiddushin 1:9 — LAW. Land-dependent commandments only in
    Mishnah Kiddushin 1:7 · Mishnah Kiddushin 1:9

== num_31_midian_exam_2026-09-12.md: 1 addrs; path <repo>/logic/oral_triage/num_31_midian_exam_2026-09-12.md; sample Zevachim 113b:17: 2 line(s)
    - Zevachim 113b:17 [LINK — Num 31:50 — CREDITED: sanctions_topic_docket_2026-09-05.md] — CONTEXT. CREDITED (the sanctions docket) — the same baraita — F7's noun.
    Zevachim 113b:17

== holiness_b_topic_docket_2026-09-06.md: 1 addrs; path <repo>/logic/oral_triage/holiness_b_topic_docket_2026-09-06.md; sample Chullin 115a:6: 1 line(s)
    Chullin 71a:5 (Lev 19:19); Chullin 115a:6 (Lev 19:19); Chullin 121a:1 (Lev 19:23)

== gen_27_the_call_2026-08-25.md: 1 addrs; path <repo>/logic/oral_triage/gen_27_the_call_2026-08-25.md; sample Sotah 38b:3: 1 line(s)
    | 55 | Sotah 38b:3 | **material** | F — RULING-DERIVATION, second Bavli seat: ANY PRIEST WHO BLESSES IS BLESSED, one who does not is not (R. Yehoshua ben Levi) — from OUR 12:3; pairs with row 29's R. Akiva derivation |

== num_22_25_balak_exam_2026-09-11.md: 1 addrs; path <repo>/logic/oral_triage/num_22_25_balak_exam_2026-09-11.md; sample Keritot 22a:14: 2 line(s)
    - Keritot 22a:14 [LINK — Num 23:24] — LAW. 23:24 'drinks the blood of the slain' — the school of R. Yishmael: only blood exuded after death is the recognized liquid; the spurting blood at slaughter excluded. CELL the_stands('blood_of_the_slain') -> after death
    Keritot 22a:14

== deu_04_vaetchanan_exam_2026-09-16.md: 1 addrs; path <repo>/logic/oral_triage/deu_04_vaetchanan_exam_2026-09-16.md; sample Megillah 9b:1: 3 line(s)
    - Megillah 9b:1 [LINK — Deut 4:19 — CREDITED: num_16_18_korach_exam_2026-09-10.md] — CONTEXT. CREDITED (the Decalogue's block) — the elders' changes for Ptolemy: at 4:19 'which the LORD your God has allotted' they added 'to give light to all the peoples': F3 t
    - THE HOST ALLOTTED (Avodah Zarah 55a:9-10; Megillah 9b:1; the Sifrei 148:8): "which the LORD your God has allotted to all the peoples" (4:19) — Rav: He let them slip into their delusion to drive them from the world; Reish Lakish: the one who comes to defile h

== gen_23_vineyard_curse_2026-08-25.md: 1 addrs; path <repo>/logic/oral_triage/gen_23_vineyard_curse_2026-08-25.md; sample Megillah 9b:4: 1 line(s)
    | 16 | Megillah 9b:4 | **material** | F — THE GREEK-SCROLLS HALAKHA: Torah scrolls permitted in Greek alone (Rabban Shimon ben Gamliel, ruled as law by R. Yochanan) — THE REASON IS OUR 9:27 "the words of Yefet in the tents of Shem" |

== gen_24_nations_table_2026-08-25.md: 1 addrs; path <repo>/logic/oral_triage/gen_24_nations_table_2026-08-25.md; sample Megillah 9b:5: 1 line(s)
    | 15 | Megillah 9b:5 | **material** | F — why GREEK of all Yefet's tongues (our 10:2's Gomer and Magog raised and dismissed): yaft/yofi — "the BEAUTY of Yefet in the tents of Shem" — the Greek-scrolls law refined against our roster |

== exodus_block_leaven_2026-09-04.md: 1 addrs; path <repo>/logic/oral_triage/exodus_block_leaven_2026-09-04.md; sample Pesachim 8b:7: 1 line(s)
    - Pesachim 8b:7 (34:24 pilgrimage protection) → block 17
