==== A0. THE TWO DIVISIONS — the export's chapter 12 against the DB's
  DB verses 31 | export verses HE 31 EN 31 | per-chapter export lengths vs DB, chapters 1-12: [(5, 30, 33)]
  the alignment cost 26 | export verses mapped to MORE THAN ONE DB verse: {}
  the offset per export verse (DB minus export, the first DB verse of each): Counter({0: 31}) | the runs: [(1, 1, 1), (16, 16, 16), (17, 17, 17), (18, 18, 18), (19, 19, 19), (30, 30, 30)]
  the shared export verse against its DB verses (tokens, negations): []
==== A. THE SHELF BY POSITION — the Sifrei on Deuteronomy around chapter 12
  piskaot 357 357 rows 2357 2357
  heads 58-90 (HE first citation | rows | EN first quote):
    58 head (11, 32) | HE rows  1 EN rows  1 | 'Then you shall preserve'
    59 head (12, 1) | HE rows  5 EN rows  5 | 'These are the laws'
    60 head (12, 2) | HE rows  4 EN rows  4 | 'You must utterly destroy all the places'
    61 head (12, 3) | HE rows  8 EN rows  8 | 'You shall tear down their altars'
    62 head (12, 5) | HE rows  4 EN rows  4 | 'Rather, seek out (tidrosh) the place which HASHEM your God w'
    63 head (12, 5) | HE rows 11 EN rows 11 | 'There shall you come. And you shall bring thereyour Holocaus'
    64 head (12, 7) | HE rows  5 EN rows  5 | 'And you shall eat there before HASHEM your God'
    65 head (12, 8) | HE rows  6 EN rows  6 | 'Do not act in any way as we do here today'
    66 head (12, 9) | HE rows  2 EN rows  2 | 'For you have yet to reach the refuge and the inheritance (Dt'
    67 head (12, 10) | HE rows  4 EN rows  4 | 'When you cross the Jordan and settle in the Land'
    68 head None | HE rows  6 EN rows  6 | 'Your Holocaust-offerings'
    69 head (12, 12) | HE rows  4 EN rows  4 | 'And you shall rejoice'
    70 head (12, 13) | HE rows  6 EN rows  6 | 'Be careful lest you offer up your Holocaust-offering'
    71 head (12, 15) | HE rows 14 EN rows 14 | 'However, at your heart’s desire, shall you slaughter (tizbak'
    72 head (12, 17) | HE rows 11 EN rows 11 | 'You will be unable to eat within your gates'
    73 head None | HE rows  1 EN rows  1 | 'Of your herd and your flock'
    74 head None | HE rows  9 EN rows  9 | 'Your vows'
    75 head (12, 20) | HE rows 15 EN rows 15 | 'When HASHEM your God will expand your border'
    76 head (12, 23) | HE rows  9 EN rows  9 | 'Only be scrupulous not to eat the blood'
    77 head (12, 26) | HE rows  9 EN rows  9 | 'But your consecrated offerings that you shall have—and your '
    78 head (12, 27) | HE rows 10 EN rows 10 | 'And you shall perform your Holocaust-offerings, the meat and'
    79 head (12, 28) | HE rows  5 EN rows  5 | 'Preserve and hear all these things'
    80 head (12, 29) | HE rows  5 EN rows  5 | 'When HASHEM your God cuts down the nations'
    81 head (12, 30) | HE rows  6 EN rows  6 | 'Take care'
    82 head (13, 1) | HE rows  5 EN rows  5 | 'Each word that I command you, be on guard to perform it'
    83 head (13, 2) | HE rows  5 EN rows  5 | 'If there arises among you a prophet . . . saying:Let us foll'
    84 head (13, 3) | HE rows  5 EN rows  5 | 'And the sign or prodigious deed is accomplished'
    85 head (13, 5) | HE rows  6 EN rows  6 | 'Follow after HASHEM your God'
    86 head (13, 6) | HE rows 10 EN rows 10 | 'And that prophet'
    87 head (13, 7) | HE rows 13 EN rows 13 | 'If your brother, your mother’s son—or your son or your daugh'
    88 head None | HE rows  2 EN rows  2 | 'From among the gods of the peoples who are around you,both t'
    89 head (13, 9) | HE rows  8 EN rows  8 | 'Do not yield to him'
    90 head (13, 11) | HE rows  3 EN rows  3 | 'You must pelt him with stones till he dies'
  heads whose chapter is 12 : [(59, (12, 1)), (60, (12, 2)), (61, (12, 3)), (62, (12, 5)), (63, (12, 5)), (64, (12, 7)), (65, (12, 8)), (66, (12, 9)), (67, (12, 10)), (69, (12, 12)), (70, (12, 13)), (71, (12, 15)), (72, (12, 17)), (75, (12, 20)), (76, (12, 23)), (77, (12, 26)), (78, (12, 27)), (79, (12, 28)), (80, (12, 29)), (81, (12, 30))] | heads by chapter 1-12: [(1, 24), (3, 4), (6, 6), (11, 21), (12, 20), (13, 14), (14, 14), (15, 16), (16, 19), (17, 16), (18, 16), (19, 10)]
  HE rows citing Deut 12 (the export's verse → the DB's): 42 [(2, 2, 9, [9]), (59, 1, 1, [1]), (59, 5, 2, [2]), (60, 1, 2, [2]), (61, 1, 3, [3]), (62, 1, 5, [5]), (62, 2, 14, [14]), (64, 1, 7, [7]), (65, 1, 8, [8]), (66, 1, 9, [9]), (67, 1, 10, [10]), (67, 4, 11, [11]), (67, 4, 11, [11]), (69, 1, 12, [12]), (70, 1, 13, [13]), (70, 4, 14, [14]), (70, 4, 5, [5]), (71, 1, 15, [15]), (71, 5, 26, [26]), (71, 7, 22, [22]), (71, 13, 16, [16]), (72, 1, 17, [17]), (74, 2, 18, [18]), (74, 6, 19, [19]), (75, 1, 20, [20]), (75, 5, 21, [21]), (75, 6, 21, [21]), (75, 11, 22, [22]), (75, 15, 22, [22]), (76, 1, 23, [23]), (77, 1, 26, [26]), (78, 1, 27, [27]), (78, 9, 26, [26]), (79, 1, 28, [28]), (80, 1, 29, [29]), (81, 1, 30, [30]), (81, 5, 31, [31]), (106, 5, 17, [17]), (145, 3, 3, [3]), (147, 2, 17, [17]), (179, 2, 29, [29]), (286, 16, 23, [23])]
  EN rows citing Deut 12 : 195 [(2, 2, 9, [9]), (59, 1, 1, [1]), (59, 2, 1, [1]), (59, 3, 1, [1]), (59, 4, 1, [1]), (59, 5, 1, [1]), (59, 5, 1, [1]), (59, 5, 1, [1]), (59, 5, 2, [2]), (60, 1, 2, [2]), (60, 1, 2, [2]), (60, 2, 2, [2]), (60, 3, 2, [2]), (60, 4, 2, [2]), (60, 4, 2, [2]), (61, 1, 3, [3]), (61, 2, 3, [3]), (61, 3, 3, [3]), (61, 4, 3, [3]), (61, 5, 3, [3]), (61, 5, 3, [3]), (61, 5, 3, [3]), (61, 5, 3, [3]), (61, 6, 2, [2]), (61, 6, 3, [3]), (61, 6, 3, [3]), (61, 6, 3, [3]), (61, 7, 3, [3]), (61, 7, 2, [2]), (61, 7, 3, [3]), (61, 8, 3, [3]), (61, 8, 3, [3]), (62, 1, 5, [5]), (62, 1, 5, [5]), (62, 2, 14, [14]), (62, 2, 5, [5]), (62, 3, 14, [14]), (62, 3, 5, [5]), (62, 3, 14, [14]), (62, 3, 5, [5]), (62, 4, 5, [5]), (62, 4, 5, [5]), (62, 4, 5, [5]), (63, 4, 5, [5]), (63, 4, 5, [5]), (63, 6, 6, [6]), (63, 7, 6, [6]), (63, 8, 6, [6]), (63, 9, 6, [6]), (63, 11, 6, [6]), (64, 1, 7, [7]), (64, 2, 7, [7]), (64, 3, 7, [7]), (64, 4, 7, [7]), (64, 5, 7, [7]), (65, 1, 8, [8]), (65, 1, 8, [8]), (65, 3, 8, [8]), (65, 4, 8, [8]), (65, 5, 8, [8]), (66, 1, 9, [9]), (66, 2, 9, [9]), (67, 1, 10, [10]), (67, 3, 10, [10]), (67, 4, 11, [11]), (68, 1, 11, [11]), (68, 1, 11, [11]), (68, 2, 11, [11]), (68, 3, 11, [11]), (68, 4, 11, [11]), (68, 5, 11, [11]), (68, 6, 6, [6]), (68, 6, 11, [11]), (69, 1, 12, [12]), (69, 2, 12, [12]), (69, 3, 12, [12]), (69, 4, 12, [12]), (70, 1, 13, [13]), (70, 2, 13, [13]), (70, 3, 13, [13]), (70, 4, 14, [14]), (70, 4, 14, [14]), (70, 4, 5, [5]), (70, 5, 14, [14]), (70, 5, 14, [14]), (70, 6, 14, [14]), (70, 6, 13, [13]), (70, 6, 14, [14]), (71, 1, 15, [15]), (71, 1, 20, [20]), (71, 1, 11, [11]), (71, 1, 15, [15]), (71, 2, 15, [15]), (71, 3, 15, [15]), (71, 4, 15, [15]), (71, 5, 15, [15]), (71, 6, 15, [15]), (71, 6, 15, [15]), (71, 7, 15, [15]), (71, 9, 15, [15]), (71, 9, 15, [15]), (71, 10, 15, [15]), (71, 11, 15, [15]), (71, 12, 15, [15]), (71, 13, 16, [16]), (71, 13, 16, [16]), (71, 14, 16, [16]), (71, 14, 16, [16]), (71, 14, 16, [16]), (72, 1, 17, [17]), (72, 2, 17, [17]), (72, 3, 17, [17]), (72, 4, 17, [17]), (72, 5, 17, [17]), (72, 6, 17, [17]), (72, 7, 17, [17]), (72, 10, 17, [17]), (72, 11, 17, [17]), (73, 1, 17, [17]), (74, 1, 17, [17]), (74, 2, 18, [18]), (74, 3, 18, [18]), (74, 4, 18, [18]), (74, 5, 18, [18]), (74, 6, 19, [19]), (74, 7, 19, [19]), (74, 8, 19, [19]), (74, 9, 19, [19]), (75, 1, 20, [20]), (75, 1, 20, [20]), (75, 3, 20, [20]), (75, 5, 21, [21]), (75, 5, 21, [21]), (75, 6, 21, [21]), (75, 7, 21, [21]), (75, 9, 21, [21]), (75, 10, 21, [21]), (75, 10, 21, [21]), (75, 11, 22, [22]), (75, 11, 22, [22]), (75, 11, 22, [22]), (75, 12, 15, [15]), (75, 13, 15, [15]), (75, 14, 22, [22]), (75, 15, 22, [22]), (76, 1, 23, [23]), (76, 4, 23, [23]), (76, 5, 23, [23]), (76, 5, 23, [23]), (76, 7, 24, [24]), (76, 7, 24, [24]), (76, 8, 24, [24]), (76, 9, 23, [23]), (77, 1, 26, [26]), (77, 3, 26, [26]), (77, 4, 26, [26]), (77, 6, 26, [26]), (77, 6, 26, [26]), (77, 7, 26, [26]), (77, 8, 26, [26]), (77, 9, 26, [26]), (78, 1, 27, [27]), (78, 2, 27, [27]), (78, 2, 27, [27]), (78, 4, 27, [27]), (78, 5, 27, [27]), (78, 6, 27, [27]), (78, 7, 27, [27]), (78, 8, 27, [27]), (78, 10, 26, [26]), (78, 10, 27, [27]), (79, 1, 28, [28]), (79, 3, 28, [28]), (79, 4, 28, [28]), (79, 5, 28, [28]), (79, 5, 28, [28]), (80, 1, 29, [29]), (80, 2, 29, [29]), (80, 3, 29, [29]), (80, 3, 29, [29]), (80, 4, 29, [29]), (81, 1, 30, [30]), (81, 2, 30, [30]), (81, 2, 30, [30]), (81, 3, 30, [30]), (81, 4, 30, [30]), (81, 4, 30, [30]), (81, 5, 31, [31]), (81, 6, 31, [31]), (81, 6, 31, [31]), (106, 5, 17, [17]), (138, 1, 7, [7]), (145, 3, 3, [3]), (147, 2, 17, [17]), (286, 16, 23, [23])]
  EN "ibid 12:n" candidates: 0
  the union of rows (both files): 144 [(2, 2), (59, 1), (59, 2), (59, 3), (59, 4), (59, 5), (60, 1), (60, 2), (60, 3), (60, 4), (61, 1), (61, 2), (61, 3), (61, 4), (61, 5), (61, 6), (61, 7), (61, 8), (62, 1), (62, 2), (62, 3), (62, 4), (63, 4), (63, 6), (63, 7), (63, 8), (63, 9), (63, 11), (64, 1), (64, 2), (64, 3), (64, 4), (64, 5), (65, 1), (65, 3), (65, 4), (65, 5), (66, 1), (66, 2), (67, 1), (67, 3), (67, 4), (68, 1), (68, 2), (68, 3), (68, 4), (68, 5), (68, 6), (69, 1), (69, 2), (69, 3), (69, 4), (70, 1), (70, 2), (70, 3), (70, 4), (70, 5), (70, 6), (71, 1), (71, 2), (71, 3), (71, 4), (71, 5), (71, 6), (71, 7), (71, 9), (71, 10), (71, 11), (71, 12), (71, 13), (71, 14), (72, 1), (72, 2), (72, 3), (72, 4), (72, 5), (72, 6), (72, 7), (72, 10), (72, 11), (73, 1), (74, 1), (74, 2), (74, 3), (74, 4), (74, 5), (74, 6), (74, 7), (74, 8), (74, 9), (75, 1), (75, 3), (75, 5), (75, 6), (75, 7), (75, 9), (75, 10), (75, 11), (75, 12), (75, 13), (75, 14), (75, 15), (76, 1), (76, 4), (76, 5), (76, 7), (76, 8), (76, 9), (77, 1), (77, 3), (77, 4), (77, 6), (77, 7), (77, 8), (77, 9), (78, 1), (78, 2), (78, 4), (78, 5), (78, 6), (78, 7), (78, 8), (78, 9), (78, 10), (79, 1), (79, 3), (79, 4), (79, 5), (80, 1), (80, 2), (80, 3), (80, 4), (81, 1), (81, 2), (81, 3), (81, 4), (81, 5), (81, 6), (106, 5), (138, 1), (145, 3), (147, 2), (179, 2), (286, 16)]
  the rows OUTSIDE the spine piskaot (the union less the on-chapter piskaot 59 - 81 ): 23 [(2, 2), (68, 1), (68, 2), (68, 3), (68, 4), (68, 5), (68, 6), (73, 1), (74, 1), (74, 2), (74, 3), (74, 4), (74, 5), (74, 6), (74, 7), (74, 8), (74, 9), (106, 5), (138, 1), (145, 3), (147, 2), (179, 2), (286, 16)] | in-spine rows of the union: 121
  outside rows file bytes 23821
==== B. ONKELOS chapter 12 and the DB (the dump per DB verse; a shared export row printed at its first DB verse)
  the store's chapter 12 verses 31 | verses whose store token count differs from the DB: []
  token count chapter 12 : 520
  onkelos dump bytes 44905
==== C. THE PARSER on every verse of chapter 12
  12:14  N [1]                      O []             marked []
  12:17  N []                       O []             marked ['מעשר*']
  number-word tokens present per verse (the bare check against the parser): {'12:14': ['באחד'], '12:17': ['מעשר']}
  12:1 tokens: ['אלה', 'החקים', 'והמשפטים', 'אשר', 'תשמרון', 'לעשות', 'בארץ', 'אשר', 'נתן', 'יהוה', 'אלהי', 'אבתיך', 'לך', 'לרשתה', 'כל', 'הימים', 'אשר', 'אתם', 'חיים', 'על', 'האדמה']
  12:14 tokens: ['כי', 'אם', 'במקום', 'אשר', 'יבחר', 'יהוה', 'באחד', 'שבטיך', 'שם', 'תעלה', 'עלתיך', 'ושם', 'תעשה', 'כל', 'אשר', 'אנכי', 'מצוך']
  12:17 tokens: ['לא', 'תוכל', 'לאכל', 'בשעריך', 'מעשר*', 'דגנך', 'ותירשך', 'ויצהרך', 'ובכרת', 'בקרך', 'וצאנך', 'וכל', 'נדריך', 'אשר', 'תדר', 'ונדבתיך', 'ותרומת', 'ידך']
  12:31 tokens: ['לא', 'תעשה', 'כן', 'ליהוה', 'אלהיך', 'כי', 'כל', 'תועבת', 'יהוה', 'אשר', 'שנא', 'עשו', 'לאלהיהם', 'כי', 'גם', 'את', 'בניהם', 'ואת', 'בנתיהם', 'ישרפו', 'באש', 'לאלהיהם']
==== D. CASE TOKENS, FRAMES, REGISTER, NAMES
  case tokens (כי "when/for" / אם "if" / ואם / או "or" / פן "lest"): {'12:5': ['כי', 'אם'], '12:9': ['כי'], '12:12': ['כי'], '12:13': ['פן'], '12:14': ['כי', 'אם'], '12:18': ['כי', 'אם'], '12:19': ['פן'], '12:20': ['כי', 'כי'], '12:21': ['כי'], '12:23': ['כי'], '12:25': ['כי'], '12:28': ['כי'], '12:29': ['כי'], '12:30': ['פן', 'ופן'], '12:31': ['כי', 'כי']}
  divine frames (ויאמר/וידבר + יהוה): []
  לאמר "saying" seats: ['12:30']
  narrative-form verbs (V.w) per verse: {}
  first-person verb forms (1cs / 1cp) per verse: {20: [('אכלה', 'HVqh1cs')], 21: [('צויתך', 'HVpp1cs/Sp2ms')]}
  imperatives (Vq.v / Vp.v / Vh.v) per verse: {}
  prohibitions לא + imperfect (the ten's form) per verse: {4: [('תעשון', 'HVqi2mp/Sn')], 8: [('תעשון', 'HVqi2mp/Sn')], 9: [], 16: [('תאכלו', 'HVqi2mp')], 17: [('תוכל', 'HVqi2ms')], 23: [('תאכל', 'HVqi2ms')], 24: [('תאכלנו', 'HVqi2ms/Sp3ms')], 25: [('תאכלנו', 'HVqi2ms/Sp3ms')], 31: [('תעשה', 'HVqi2ms')]}
  name tokens (Np): {1: ['יהוה'], 3: ['ואשריהם'], 4: ['ליהוה'], 5: ['יהוה'], 7: ['יהוה', 'יהוה'], 9: ['יהוה'], 10: ['הירדן', 'יהוה'], 11: ['יהוה', 'ליהוה'], 12: ['יהוה'], 14: ['יהוה'], 15: ['יהוה'], 18: ['יהוה', 'יהוה', 'יהוה'], 20: ['יהוה'], 21: ['יהוה', 'יהוה'], 25: ['יהוה'], 26: ['יהוה'], 27: ['יהוה', 'יהוה'], 28: ['יהוה'], 29: ['יהוה'], 31: ['ליהוה', 'יהוה']}
  second-person plural vs singular (2mp / 2ms tokens per verse): {1: (2, 2), 2: (2, 0), 3: (5, 0), 4: (2, 0), 5: (3, 1), 6: (9, 0), 7: (6, 2), 8: (1, 0), 9: (1, 1), 10: (7, 0), 11: (9, 0), 12: (9, 0), 13: (0, 5), 14: (0, 5), 15: (0, 6), 16: (1, 1), 17: (0, 11), 18: (0, 12), 19: (0, 5), 20: (0, 6), 21: (0, 10), 22: (0, 1), 23: (0, 2), 24: (0, 2), 25: (0, 5), 26: (0, 5), 27: (0, 6), 28: (0, 8), 29: (0, 5), 30: (0, 5), 31: (0, 2)}
==== E. THE REGISTER GATE on Deut 12
  dispositions naming Deut 12: ['  Deut 12:1:']
  REGISTER_INDEX lines on Deut 12:
       Deut 12:1   EMPTY         declared HEADER statutes stamp none block (Deut 12:1, Deut 28:69] daemons 0 {} |  | why: Deuteronomy is not on the tape (the book not read) — the seat waits for its reading and compile
       Deut 28:69  EMPTY         declared FOOTER words stamp moab block (Deut 12:1, Deut 28:69] daemons 0 {} |  | why: Deuteronomy is not on the tape (the book not read) — the seat waits for its reading and compile
==== F. THE PRIOR READS
  ledgers with an Onkelos Deut 12 row: []
  prior Sifrei Devarim rows anywhere (strict form), those among the outside rows: [('deu_01_03_devarim_2026-09-15.md', 2, 2), ('deu_07_vaetchanan_ekev_2026-09-17.md', 61, 7), ('deu_11_ekev_reeh_2026-09-20.md', 80, 4)] | all prior rows count 501
  ledgers NAMING a verse of Deut 12: 28
    ('deu_01_03_devarim_exam_2026-09-15.md', 1, ['Deuteronomy 12:21'])
    ('deu_07_vaetchanan_ekev_2026-09-17.md', 1, ['Deut 12:3'])
    ('deu_11_ekev_reeh_exam_2026-09-20.md', 4, ['Deuteronomy 12:1', 'Deuteronomy 12:1-2', 'Deuteronomy 12:2'])
    ('erection_docket_2026-09-06.md', 2, ['Deut 12:2', 'Deut 12:3'])
    ('gen_08_toledot_garden_first_rule_2026-08-24.md', 1, ['Deut 12:23'])
    ('gen_21_blessing_blood_law_2026-08-25.md', 1, ['Deuteronomy 12:23'])
    ('incense_shekel_docket_2026-09-06.md', 1, ['Deut 12:27'])
    ('lev_01_olah_cattle_procedure_2026-09-03.md', 1, ['Deut 12:27'])
    ('lev_03_shelamim_2026-09-03.md', 2, ['Deut 12:16', 'Deut 12:21'])
    ('lev_21_priests_2026-09-05.md', 1, ['Deut 12:23'])
    ('lev_23_festivals_2026-09-05.md', 1, ['Deut 12:5'])
    ('lev_27_valuations_2026-09-05.md', 1, ['Deut 12:11'])
    ('lev_offering_consolidation_2026-09-04.md', 1, ['Deut 12:21'])
    ('noahide_exam_reading_2026-09-01.md', 1, ['Deuteronomy 12:23'])
    ('num_06_priest_blessing_2026-09-09.md', 4, ['Deut 12:5'])
    ('num_16_18_korach_exam_2026-09-10.md', 3, ['Deut 12:17', 'Deut 12:27'])
    ('num_18_priest_levite_dues_2026-09-10.md', 6, ['Deut 12:13', 'Deut 12:27', 'Deut 12:6'])
    ('num_19_21_chukat_exam_2026-09-11.md', 1, ['Deut 12:23'])
    ('num_28_29_musafim_exam_2026-09-11.md', 3, ['Deut 12:27', 'Deut 12:5-6'])
    ('num_29_fall_festivals_2026-09-11.md', 2, ['Deuteronomy 12:6'])
    ('num_30_vows_2026-09-12.md', 1, ['Deuteronomy 12:1'])
    ('num_30_vows_exam_2026-09-12.md', 2, ['Deut 12:5-6'])
    ('num_33_journeys_exam_2026-09-12.md', 1, ['Deuteronomy 12:9'])
    ('num_34_borders_exam_2026-09-13.md', 5, ['Deuteronomy 12:1', 'Deuteronomy 12:1-2', 'Deuteronomy 12:2'])
    ('num_35_refuge_cities_2026-09-13.md', 1, ['Deuteronomy 12:29'])
    ('priesthood_topic_docket_2026-09-06.md', 1, ['Deut 12:27'])
    ('sanctions_topic_docket_2026-09-05.md', 3, ['Deut 12:8-9', 'Deut 12:9'])
    ('shemini_day_run_docket_2026-09-06.md', 2, ['Deut 12:9'])
  ledgers with an Onkelos Lev 17 row (the kin's reading — the slaughter at the tent's door and the blood 17:1-16 for 12:15-16 and 12:20-25): ['lev_17_18_blood_arayot_2026-09-05.md'] | Sifra rows on Lev 17 anywhere: 604 | ledgers with an Onkelos Exod 20 row (the altar in every place 20:21 for 12:5-14) or a Num 18 row (the tithe and the firstling 18:8-32 for 12:6, 12:17): ['num_18_priest_levite_dues_2026-09-10.md'] | ledgers with an Onkelos Deut 7 row (the shrines destroyed 7:5, 7:25 — 12:2-3's kin) or a Lev 18/20 row (the children to Molech 18:21, 20:2-5 — 12:31's kin): ['deu_07_vaetchanan_ekev_2026-09-17.md', 'lev_17_18_blood_arayot_2026-09-05.md', 'lev_20_sanctions_2026-09-05.md']
==== G. THE DRAFTS
  deu_11_bless_curse_set: refs 11:1-32; steps (11, 1)..(11, 32) n=32; draft False; operators True; depends_on ['    - "deu_10_second_tablets"\n']; scenarios 39; binary_trees True; step E True; comment lines 37
  deu_12_place_name: refs 12:1-31; steps (12, 1)..(12, 31) n=31; draft True; operators False; depends_on ['    - "deu_11_bless_curse_set"\n    - "lev_17_blood_center"\n']; scenarios 38; binary_trees True; step E False; comment lines 35
    the step verses: [1, 2, 3, 4, 5, 6, 7, 8, 9, 10, 11, 12, 13, 14, 15, 16, 17, 18, 19, 20, 21, 22, 23, 24, 25, 26, 27, 28, 29, 30, 31] | covers DB 31 ? True
  the units' claim prefixes present anywhere? {'DV12': 0, 'DV12A': 0, 'DV12B': 0, 'DV11': 2, 'DV13': 0}
  existing manifests deu_12*: [] | ledgers deu_*: ['deu_01_03_devarim_2026-09-15.md', 'deu_01_03_devarim_exam_2026-09-15.md', 'deu_04_vaetchanan_2026-09-16.md', 'deu_04_vaetchanan_exam_2026-09-16.md', 'deu_05_vaetchanan_2026-09-16.md', 'deu_05_vaetchanan_exam_2026-09-16.md', 'deu_06_vaetchanan_2026-09-17.md', 'deu_06_vaetchanan_exam_2026-09-17.md', 'deu_07_vaetchanan_ekev_2026-09-17.md', 'deu_07_vaetchanan_ekev_exam_2026-09-18.md', 'deu_08_ekev_2026-09-18.md', 'deu_08_ekev_exam_2026-09-19.md', 'deu_09_ekev_2026-09-19.md', 'deu_09_ekev_exam_2026-09-19.md', 'deu_10_ekev_2026-09-19.md', 'deu_10_ekev_exam_2026-09-20.md', 'deu_11_ekev_reeh_2026-09-20.md', 'deu_11_ekev_reeh_exam_2026-09-20.md']
  unit count and standing (CORPUS_TRUTH literals): []
==== H. THE STORE'S GLOSSES on chapter 12
  gloss Counter (the 50 commonest): [('which', 28), ('YHWH', 23), ('obj-marker·et', 15), ('God-you/your', 13), ('to-you/your', 11), ('that', 11), ('all', 9), ('not', 8), ('over', 7), ('in-all', 7), ('eat', 7), ('you', 6), ('the-place', 6), ('there', 6), ('God-you/your (pl)', 6), ('try', 6), ('make', 6), ('eat-him/its', 6), ('set', 4), ('so', 4), ('there-suffix', 4), ('and-obj-marker·et', 4), ('to-face', 4), ('?', 4), ('keep/guard', 4), ('leanness', 4), ('living-being-you/your', 4), ('flesh', 4), ('the-nation', 3), ('obj-marker·et-them/their', 3), ('God-them/their', 3), ('to-YHWH', 3), ('very-widely-used-as-a-relati', 3), ('as-demonstrative', 3), ('to', 3), ('name-him/its', 3), ('and-come/bring', 3), ('hand-you/your (pl)', 3), ('and-eat', 3), ('and-brighten-up', 3), ('come/bring', 3), ('and-dwell/sit', 3), ('lest', 3), ('burnt-offering-you/your', 3), ('command-you/your', 3), ('longing', 3), ('the-blood--of-man', 3), ('in-gate-you/your', 3), ('like-as/which', 3), ('to-God-them/their', 3)]
  gloss file bytes 16790
  overrides already for Deut.12: [] | by_ref last Deut.11 line: ['  "Deut.11.32:11": "today"   # היום']
==== I. THE SPINE ON THE CHAPTER — the Sifrei piskaot whose head is in chapter 12 (the first on-chapter piskaot since chapter 6), whole
  SPINE (computed from the heads): [59, 60, 61, 62, 63, 64, 65, 66, 67, 69, 70, 71, 72, 75, 76, 77, 78, 79, 80, 81] | contiguous? False | the heads by verse: [(59, 1), (60, 2), (61, 3), (62, 5), (63, 5), (64, 7), (65, 8), (66, 9), (67, 10), (69, 12), (70, 13), (71, 15), (72, 17), (75, 20), (76, 23), (77, 26), (78, 27), (79, 28), (80, 29), (81, 30)] | the heads before and after: {58: (11, 32), 82: (13, 1)}
  rows per piska (HE, EN): {59: (5, 5), 60: (4, 4), 61: (8, 8), 62: (4, 4), 63: (11, 11), 64: (5, 5), 65: (6, 6), 66: (2, 2), 67: (4, 4), 69: (4, 4), 70: (6, 6), 71: (14, 14), 72: (11, 11), 75: (15, 15), 76: (9, 9), 77: (9, 9), 78: (10, 10), 79: (5, 5), 80: (5, 5), 81: (6, 6)} | total HE rows 143 | HE == EN everywhere? True
  spine file bytes 132824 | bytes per piska HE+EN: {59: 2836, 60: 2872, 61: 6372, 62: 6989, 63: 6238, 64: 1497, 65: 3259, 66: 1371, 67: 3255, 69: 1553, 70: 3121, 71: 9365, 72: 9742, 75: 10682, 76: 6883, 77: 5731, 78: 5769, 79: 2104, 80: 3853, 81: 4070}
  prior reads among the spine rows (any ledger): [('deu_07_vaetchanan_ekev_2026-09-17.md', 61, 7), ('deu_11_ekev_reeh_2026-09-20.md', 80, 4), ('deu_11_ekev_reeh_2026-09-20.md', 80, 5), ('gen_27_the_call_2026-08-25.md', 75, 2), ('gen_31_covenant_pieces_2026-08-25.md', 75, 2)]
  the spine rows citing a verse of chapter 12 in the Hebrew (p, r, the export verses): [(59, 1, [1]), (59, 5, [2]), (60, 1, [2]), (61, 1, [3]), (62, 1, [5]), (62, 2, [14]), (64, 1, [7]), (65, 1, [8]), (66, 1, [9]), (67, 1, [10]), (67, 4, [11]), (69, 1, [12]), (70, 1, [13]), (70, 4, [5, 14]), (71, 1, [15]), (71, 5, [26]), (71, 7, [22]), (71, 13, [16]), (72, 1, [17]), (75, 1, [20]), (75, 5, [21]), (75, 6, [21]), (75, 11, [22]), (75, 15, [22]), (76, 1, [23]), (77, 1, [26]), (78, 1, [27]), (78, 9, [26]), (79, 1, [28]), (80, 1, [29]), (81, 1, [30]), (81, 5, [31])]
  the spine rows' own Hebrew citations (book, chapter, verse) by row: [(59, 1, [('דברים', 12, 1)]), (59, 5, [('דברים', 12, 2)]), (60, 1, [('דברים', 12, 2)]), (61, 1, [('דברים', 12, 3)]), (61, 7, [('דברים', 7, 26)]), (62, 1, [('דברים', 12, 5), ('שמואל ב', 24, 18)]), (62, 2, [('דברים', 12, 14), ('שופטים', 1, 16)]), (62, 3, [('שמואל ב', 24, 24)]), (62, 4, [('במדבר', 6, 27), ('שמות', 20, 21)]), (63, 1, [('ויקרא', 23, 37)]), (63, 2, [('ויקרא', 23, 38)]), (63, 3, [('במדבר', 29, 39)]), (63, 9, [('דברים', 26, 4)]), (64, 1, [('דברים', 12, 7)]), (64, 2, [('דברים', 27, 7)]), (65, 1, [('דברים', 12, 8)]), (66, 1, [('דברים', 12, 9)]), (66, 2, [('תהלים', 132, 14)]), (67, 1, [('דברים', 12, 10)]), (67, 2, [('שמות', 17, 16)]), (67, 4, [('דברים', 12, 11), ('דברים', 12, 11)]), (69, 1, [('דברים', 12, 12), ('דברים', 27, 7)]), (70, 1, [('דברים', 12, 13)]), (70, 4, [('דברים', 12, 14), ('דברים', 12, 5)]), (71, 1, [('דברים', 12, 15)]), (71, 5, [('דברים', 12, 26)]), (71, 6, [('דברים', 15, 22)]), (71, 7, [('דברים', 12, 22)]), (71, 13, [('דברים', 12, 16)]), (72, 1, [('דברים', 12, 17), ('יהושע', 15, 63)]), (72, 5, [('דברים', 26, 14)]), (75, 1, [('דברים', 12, 20)]), (75, 5, [('דברים', 12, 21)]), (75, 6, [('דברים', 12, 21)]), (75, 8, [('ויקרא', 3, 2), ('ויקרא', 3, 8)]), (75, 11, [('דברים', 12, 22)]), (75, 15, [('דברים', 12, 22)]), (76, 1, [('דברים', 12, 23)]), (77, 1, [('דברים', 12, 26)]), (78, 1, [('דברים', 12, 27)]), (78, 3, [('ויקרא', 1, 12)]), (78, 4, [('ויקרא', 1, 9)]), (78, 9, [('דברים', 12, 26)]), (79, 1, [('דברים', 12, 28)]), (80, 1, [('דברים', 12, 29)]), (80, 3, [('דברים', 19, 1)]), (80, 4, [('דברים', 11, 31)]), (80, 5, [('דברים', 11, 31)]), (81, 1, [('דברים', 12, 30)]), (81, 5, [('דברים', 12, 31)])]
  the spine rows' English citations by row: [(59, 1, ['Dt.12:1']), (59, 2, ['Dt.12:1']), (59, 3, ['Dt.12:1']), (59, 4, ['Dt.12:1']), (59, 5, ['Dt.12:1', 'Dt.12:1', 'Dt.12:1', 'Dt.12:2', 'Lv.19:23', 'Lv.19:19', 'Lv.23:11-14']), (60, 1, ['Dt.12:2', 'Dt.12:2']), (60, 2, ['Dt.12:2']), (60, 3, ['Dt.12:2']), (60, 4, ['Dt.12:2', 'Dt.12:2']), (61, 1, ['Dt.12:3']), (61, 2, ['Dt.12:3']), (61, 3, ['Dt.12:3']), (61, 4, ['Dt.12:3']), (61, 5, ['Dt.12:3', 'Dt.12:3', 'Dt.12:3', 'Dt.12:3-4']), (61, 6, ['Dt.12:2', 'Dt.12:3', 'Dt.12:3', 'Dt.12:3']), (61, 7, ['Dt.12:3', 'Dt.12:2', 'Dt.12:3', 'Dt.7:26']), (61, 8, ['Dt.12:3-4', 'Dt.12:3-4']), (62, 1, ['Dt.12:5', 'Dt.12:5', 'Ps.132:4-5']), (62, 2, ['Dt.12:14', 'Dt.12:5', 'Jud.1:16']), (62, 3, ['Dt.12:14', 'Dt.12:5', 'Dt.12:14', 'Dt.12:5']), (62, 4, ['Dt.12:5', 'Nu.6:27', 'Dt.12:5', 'Nu.6:27', 'Dt.6:27', 'Ex.20:24', 'Dt.12:5']), (63, 1, ['Lv.23:37']), (63, 2, ['Lv.23:38']), (63, 3, ['Nu.29:39', 'Nu.29:38', 'Nu.29:39']), (63, 4, ['Dt.12:5-6', 'Nu.29:38', 'Nu.29:39', 'Dt.12:5-6']), (63, 5, ['Ex.22:28', 'Dt.23:22', 'Nu.29:39']), (63, 6, ['Dt.12:6']), (63, 7, ['Dt.12:6']), (63, 8, ['Dt.12:6']), (63, 9, ['Nu.18:27', 'Dt.12:6', 'Dt.26:4']), (63, 11, ['Dt.12:6']), (64, 1, ['Dt.12:7']), (64, 2, ['Dt.12:7']), (64, 3, ['Dt.12:7']), (64, 4, ['Dt.12:7']), (64, 5, ['Dt.12:7']), (65, 1, ['Dt.12:8', 'Dt.12:8']), (65, 2, ['Hos.8:11', 'Josh.18:1']), (65, 3, ['Dt.12:8']), (65, 4, ['Dt.12:8']), (65, 5, ['Dt.12:8']), (66, 1, ['Dt.12:9']), (66, 2, ['Ps.132:14', 'Dt.12:9']), (67, 1, ['Dt.12:10']), (67, 2, ['Ex.17:16']), (67, 3, ['Dt.12:10-11']), (67, 4, ['Dt.12:11']), (69, 1, ['Dt.12:12']), (69, 2, ['Dt.12:12']), (69, 3, ['Dt.12:12']), (69, 4, ['Dt.12:12']), (70, 1, ['Dt.12:13']), (70, 2, ['Dt.12:13']), (70, 3, ['Dt.12:13']), (70, 4, ['Dt.12:14', 'Dt.12:14', 'Dt.12:5']), (70, 5, ['Dt.12:14', 'Dt.12:14']), (70, 6, ['Dt.12:14', 'Dt.12:13', 'Dt.12:14']), (71, 1, ['Dt.12:15', 'Dt.12:20', 'Dt.12:11', 'Dt.12:15']), (71, 2, ['Dt.12:15']), (71, 3, ['Dt.12:15']), (71, 4, ['Dt.12:15']), (71, 5, ['Dt.12:15']), (71, 6, ['Dt.12:15', 'Dt.15:22', 'Dt.12:15']), (71, 7, ['Dt.12:15']), (71, 8, ['Dt.15:22']), (71, 9, ['Dt.12:15', 'Dt.18:3-4', 'Dt.12:15']), (71, 10, ['Lv.7:31-32', 'Dt.12:15']), (71, 11, ['Dt.12:15']), (71, 12, ['Dt.12:15']), (71, 13, ['Dt.12:16', 'Dt.12:16']), (71, 14, ['Dt.12:16', 'Dt.12:16', 'Dt.12:16']), (72, 1, ['Dt.12:17', 'Josh.15:63']), (72, 2, ['Dt.12:17']), (72, 3, ['Dt.12:17']), (72, 4, ['Dt.12:17']), (72, 5, ['Dt.26:14', 'Dt.12:17']), (72, 6, ['Dt.12:17']), (72, 7, ['Dt.12:17']), (72, 10, ['Dt.12:17']), (72, 11, ['Dt.12:17']), (75, 1, ['Dt.12:20', 'Dt.12:20']), (75, 2, ['Gn.15:20', 'Ezek.48:1-9']), (75, 3, ['Dt.12:20']), (75, 5, ['Dt.12:21', 'Dt.12:21']), (75, 6, ['Dt.12:21']), (75, 7, ['Dt.12:21']), (75, 8, ['Lv.3:2', 'Lv.3:8']), (75, 9, ['Dt.12:21']), (75, 10, ['Dt.12:21', 'Dt.12:21']), (75, 11, ['Dt.12:22', 'Dt.12:22', 'Dt.12:22']), (75, 12, ['Lv.7:31-32', 'Dt.12:15']), (75, 13, ['Lv.3:4-5', 'Dt.12:15']), (75, 14, ['Dt.12:22']), (75, 15, ['Dt.12:22']), (76, 1, ['Dt.12:23']), (76, 4, ['Dt.12:23']), (76, 5, ['Dt.12:23', 'Dt.21:11', 'Dt.12:23']), (76, 7, ['Dt.12:24', 'Dt.14:21', 'Dt.12:24']), (76, 8, ['Dt.12:24']), (76, 9, ['Dt.12:23']), (77, 1, ['Dt.12:26']), (77, 3, ['Dt.12:26']), (77, 4, ['Dt.12:26']), (77, 6, ['Dt.12:26', 'Dt.12:26']), (77, 7, ['Dt.12:26']), (77, 8, ['Dt.12:26']), (77, 9, ['Dt.12:26']), (78, 1, ['Dt.12:27']), (78, 2, ['Dt.12:27', 'Dt.12:27']), (78, 3, ['Lv.1:12']), (78, 4, ['Lv.1:9', 'Dt.12:27']), (78, 5, ['Dt.12:27']), (78, 6, ['Dt.12:27']), (78, 7, ['Dt.12:27']), (78, 8, ['Dt.12:27']), (78, 10, ['Dt.12:26', 'Dt.12:27']), (79, 1, ['Dt.12:28']), (79, 3, ['Dt.12:28']), (79, 4, ['Dt.12:28']), (79, 5, ['Dt.12:28', 'Prov.3:4', 'Dt.12:28']), (80, 1, ['Dt.12:29']), (80, 2, ['Dt.12:29']), (80, 3, ['Dt.12:29', 'Dt.19:1', 'Dt.12:29']), (80, 4, ['Dt.12:29', 'Dt.11:31-32']), (80, 5, ['Dt.11:31-32']), (81, 1, ['Dt.12:30']), (81, 2, ['Dt.12:30', 'Dt.12:30']), (81, 3, ['Dt.12:30']), (81, 4, ['Dt.12:30', 'Dt.12:30']), (81, 5, ['Dt.12:31']), (81, 6, ['Dt.12:31', 'Dt.12:31'])]
  the spine rows with NO citation in either file: [(63, 10), (65, 6), (72, 8), (72, 9), (75, 4), (76, 2), (76, 3), (76, 6), (77, 2), (77, 5), (79, 2)]
  NO portion edge inside the chapter (Re'eh 11:26-16:17 holds it whole) — the heads by verse, and the verses of the chapter with no head: [1, 2, 3, 5, 7, 8, 9, 10, 12, 13, 15, 17, 20, 23, 26, 27, 28, 29, 30] [4, 6, 11, 14, 16, 18, 19, 21, 22, 24, 25, 31]
