=== chain 19:19:18
exit 0 TEXT LAYER GREEN: 31 steps, 7 scenarios — deu_12_place_name
=== ritual deu_12_place_name 19:19:18
exit 0 Manual next: watchlist (logic/middot_scan/), state-doc update, owner commit word.
ALL_DONE
verify_text: TEXT LAYER GREEN: 31 steps, 7 scenarios — deu_12_place_name
=== fold 19:20:12
=== CHECK AFTER THE BAKE
CORPUS TRUTH GREEN — one world, 226 units, 1809 facts, 341 demands (191 open), hash 8b8fff1fa28953af
27:assert len(W["units"]) == 226
32:assert len(W["standing"]) == 2239
37:assert corpus_world._state_hash(W) == '8b8fff1fa28953af'
=== build_world 19:21:41
exit 0 |   ALL GREEN — the one database agrees with the fold
=== journal_gate 19:22:42
exit 0 | GATE GREEN — the replay is the audit, the running world is the instrument
=== register_gate 19:26:52
exit 0 | THE REGISTER GATE: GREEN
=== large_letter 19:26:54
exit 0 | 6/6
=== home_gate 19:26:55
exit 0 | THE HOME-PATH GATE: GREEN — 0 tracked text files carry a username or a home path
ALL GREEN 19:26:57
