==== A. THE KIN FOUND BY COMPUTATION — every verse of the chapter against every verse of the Bible: the shared DISTINCT tokens outside a stop list of particles and the Name (the count), the top eight by that count in the Bible's order, the three closest re-scored IN ORDER by SequenceMatcher; then THE LAW KIN NAMED AND DIFFED IN FULL (the closest two per verse)
  12:1 (10 distinct non-stop tokens of 21): [('Deut 4:1', 4, 6), ('Deut 6:1', 4, 7), ('2Chr 33:8', 3, 1), ('2Kgs 17:37', 3, None), ('Deut 1:21', 3, None), ('Deut 4:5', 3, None), ('Deut 5:31', 3, None), ('Deut 6:3', 3, None)]
  12:2 (13 distinct non-stop tokens of 24): [('2Chr 28:4', 4, 6), ('2Kgs 16:4', 4, 6), ('Ezek 6:13', 4, 6), ('1Kgs 14:23', 3, None), ('2Kgs 17:10', 3, None), ('Isa 2:14', 3, None), ('Jer 2:20', 3, None), ('1Kgs 11:2', 2, None)]
  12:3 (14 distinct non-stop tokens of 18): [('Deut 7:5', 3, 2), ('Deut 7:25', 3, 2), ('1Chr 14:11', 2, 3), ('1Chr 14:12', 2, None), ('2Chr 20:26', 2, None), ('2Kgs 19:18', 2, None), ('2Sam 5:20', 2, None), ('Deut 17:10', 2, None)]
  12:4 (2 distinct non-stop tokens of 5): [('2Chr 19:10', 2, 1), ('Num 32:23', 2, 4)]
  12:5 (9 distinct non-stop tokens of 18): [('Deut 12:21', 4, 8), ('Deut 14:24', 4, 8), ('1Kgs 14:21', 3, 6), ('2Chr 12:13', 3, None), ('Deut 12:11', 3, None), ('Deut 12:26', 3, None), ('Deut 16:6', 3, None), ('Deut 18:6', 3, None)]
  12:6 (11 distinct non-stop tokens of 14): [('Deut 12:11', 3, 4), ('Num 18:28', 2, 2)]
  12:7 (7 distinct non-stop tokens of 15): [('1Sam 9:19', 2, 2), ('Deut 12:12', 2, 5), ('Deut 12:18', 2, 4), ('Lev 23:40', 2, None)]
  12:8 (8 distinct non-stop tokens of 12): [('2Kgs 7:3', 3, 2), ('2Kgs 7:9', 3, 4), ('Deut 1:41', 3, 3), ('Judg 17:6', 3, None), ('Judg 21:25', 3, None), ('1Chr 29:15', 2, None), ('1Kgs 5:20', 2, None), ('1Sam 8:8', 2, None)]
  12:9 (5 distinct non-stop tokens of 14): [('1Kgs 12:4', 2, 3), ('Deut 1:20', 2, 5), ('Judg 8:6', 2, 2), ('Judg 8:15', 2, None), ('Judg 11:7', 2, None)]
  12:10 (10 distinct non-stop tokens of 17): [('1Sam 12:11', 4, 5), ('1Chr 22:9', 2, 2), ('1Chr 22:18', 2, 5), ('1Kgs 5:4', 2, None), ('1Sam 23:23', 2, None), ('2Kgs 17:39', 2, None), ('2Sam 7:1', 2, None), ('Amos 3:2', 2, None)]
  12:11 (17 distinct non-stop tokens of 29): [('Deut 16:2', 4, 6), ('Deut 16:6', 4, 8), ('Deut 26:2', 4, 7), ('Deut 11:13', 3, None), ('Deut 12:5', 3, None), ('Deut 12:6', 3, None), ('Deut 12:21', 3, None), ('Deut 14:23', 3, None)]
  12:12 (12 distinct non-stop tokens of 18): [('Deut 14:27', 4, 7), ('Deut 14:29', 3, 5), ('1Kgs 8:46', 2, 2), ('1Sam 3:1', 2, None), ('1Sam 12:7', 2, None), ('2Chr 6:36', 2, None), ('2Chr 15:2', 2, None), ('2Chr 20:12', 2, None)]
  12:13 (5 distinct non-stop tokens of 9): [('Deut 12:14', 2, 3), ('Num 23:13', 2, 4)]
  12:14 (9 distinct non-stop tokens of 17): [('Deut 23:17', 3, 4), ('Deut 12:13', 2, 3), ('Deut 12:18', 2, 7), ('Deut 12:28', 2, None), ('Deut 14:23', 2, None), ('Deut 15:20', 2, None), ('Deut 16:2', 2, None), ('Deut 16:7', 2, None)]
  12:15 (14 distinct non-stop tokens of 20): [('Deut 12:21', 4, 3), ('Deut 15:22', 4, 4), ('Deut 12:20', 3, 4), ('Deut 12:22', 3, None), ('Deut 20:14', 3, None), ('Deut 28:53', 3, None), ('1Sam 23:20', 2, None), ('2Chr 5:10', 2, None)]
  12:16 (5 distinct non-stop tokens of 8): [('Deut 15:23', 3, 6), ('Deut 12:23', 2, 2), ('Deut 12:24', 2, 5), ('Ezek 33:25', 2, None), ('Lev 19:26', 2, None)]
  12:17 (15 distinct non-stop tokens of 18): [('Deut 14:23', 6, 6), ('Deut 7:13', 3, 4), ('Deut 11:14', 3, 3), ('Deut 12:18', 2, None), ('Deut 14:28', 2, None), ('Deut 14:29', 2, None), ('Deut 18:4', 2, None), ('Deut 26:12', 2, None)]
  12:18 (13 distinct non-stop tokens of 27): [('Deut 16:11', 10, 13), ('Deut 16:14', 7, 8), ('Deut 5:14', 5, 8), ('Deut 15:20', 4, None), ('Exod 20:10', 4, None), ('Deut 14:23', 3, None), ('1Kgs 3:22', 2, None), ('2Sam 3:34', 2, None)]
  12:19 (5 distinct non-stop tokens of 10): []
  12:20 (11 distinct non-stop tokens of 22): [('Deut 12:15', 3, 4), ('1Kgs 11:37', 2, 2), ('1Kgs 13:17', 2, 3), ('1Kgs 13:22', 2, None), ('1Sam 2:16', 2, None), ('1Sam 3:9', 2, None), ('1Sam 23:20', 2, None), ('2Kgs 9:36', 2, None)]
  12:21 (14 distinct non-stop tokens of 25): [('Deut 14:24', 5, 12), ('Deut 12:5', 4, 8), ('Deut 12:15', 4, 3), ('Deut 26:2', 4, None), ('Deut 12:11', 3, None), ('Deut 14:23', 3, None), ('Deut 16:2', 3, None), ('Deut 16:6', 3, None)]
  12:22 (9 distinct non-stop tokens of 13): [('Deut 15:22', 4, 4), ('Deut 12:15', 3, 3), ('Exod 12:16', 2, 2), ('Isa 11:7', 2, None), ('Jer 5:5', 2, None), ('Lev 7:6', 2, None), ('Num 18:10', 2, None)]
  12:23 (9 distinct non-stop tokens of 14): [('1Kgs 8:9', 2, 2), ('1Kgs 15:14', 2, 2), ('1Sam 9:24', 2, 3), ('2Chr 5:10', 2, None), ('2Kgs 12:9', 2, None), ('2Sam 14:13', 2, None), ('Deut 2:28', 2, None), ('Deut 4:6', 2, None)]
  12:24 (3 distinct non-stop tokens of 6): [('Deut 12:16', 2, 5), ('Deut 15:23', 2, 5)]
  12:25 (8 distinct non-stop tokens of 12): [('Deut 12:28', 6, 9), ('Deut 6:18', 4, 4), ('Deut 4:40', 3, 5), ('Deut 21:9', 3, None), ('1Kgs 2:3', 2, None), ('1Kgs 11:33', 2, None), ('1Kgs 11:38', 2, None), ('1Kgs 14:8', 2, None)]
  12:26 (8 distinct non-stop tokens of 13): [('Deut 12:5', 3, 5), ('1Kgs 5:23', 2, 2), ('1Sam 20:19', 2, 4), ('2Chr 6:40', 2, None), ('2Chr 7:15', 2, None), ('Deut 12:11', 2, None), ('Deut 12:21', 2, None), ('Deut 14:24', 2, None)]
  12:27 (10 distinct non-stop tokens of 17): [('Deut 12:23', 2, 1), ('Exod 20:24', 2, 1), ('Exod 30:1', 2, 2), ('Lev 4:7', 2, None), ('Lev 4:18', 2, None), ('Lev 4:25', 2, None), ('Lev 4:30', 2, None), ('Lev 4:34', 2, None)]
  12:28 (13 distinct non-stop tokens of 23): [('Deut 12:25', 6, 9), ('Deut 4:40', 4, 10), ('2Chr 14:1', 3, 4), ('Deut 6:18', 3, None), ('1Chr 28:8', 2, None), ('1Kgs 2:3', 2, None), ('1Kgs 11:34', 2, None), ('1Kgs 14:8', 2, None)]
  12:29 (9 distinct non-stop tokens of 17): [('Deut 9:5', 4, 5), ('Deut 9:4', 3, 5), ('Deut 19:1', 3, 8), ('1Sam 9:12', 2, None), ('2Kgs 17:26', 2, None), ('Deut 7:1', 2, None), ('Deut 7:22', 2, None), ('Deut 12:30', 2, None)]
  12:30 (14 distinct non-stop tokens of 22): [('1Kgs 11:2', 3, 2), ('Deut 9:4', 3, 3), ('Exod 34:15', 3, 1), ('1Chr 21:10', 2, None), ('1Kgs 1:6', 2, None), ('1Kgs 1:13', 2, None), ('1Kgs 1:30', 2, None), ('1Kgs 13:31', 2, None)]
  12:31 (10 distinct non-stop tokens of 22): [('2Kgs 17:31', 3, 4), ('Deut 20:18', 3, 4), ('Ezek 23:47', 3, 2), ('Jer 7:31', 3, None), ('1Chr 21:26', 2, None), ('2Chr 30:5', 2, None), ('2Kgs 8:12', 2, None), ('2Kgs 17:17', 2, None)]
  --- THE LAW KIN (named; scored by SequenceMatcher in order; the two closest diffed in full; a name absent from the DB printed as MISSING)
  12:1 law kin: [('Deut 31:13', 9), ('Deut 4:10', 8), ('Deut 6:1', 7), ('Deut 4:1', 6), ('Deut 4:45', 3), ('Deut 5:1', 3), ('Deut 11:32', 3)]
     Deut 12:1 (21) vs Deut 31:13 (24): [replace: 'אלה החקים והמשפטים' -> 'ובניהם'] =אשר [replace: 'תשמרון לעשות בארץ אשר נתן' -> 'לא ידעו ישמעו ולמדו ליראה את'] =יהוה [replace: 'אלהי אבתיך לך לרשתה' -> 'אלהיכם'] =כל הימים אשר אתם חיים על האדמה [insert: '' -> 'אשר אתם עברים את הירדן שמה לרשתה']
     Deut 12:1 (21) vs Deut 4:10 (31): [replace: 'אלה החקים והמשפטים' -> 'יום'] =אשר [replace: 'תשמרון לעשות בארץ' -> 'עמדת לפני יהוה אלהיך בחרב באמר יהוה אלי הקהל לי את העם ואשמעם את דברי'] =אשר [replace: 'נתן יהוה אלהי אבתיך לך לרשתה' -> 'ילמדון ליראה אתי'] =כל הימים אשר [replace: 'אתם' -> 'הם'] =חיים על האדמה [insert: '' -> 'ואת בניהם ילמדון']
  12:2 law kin: [('2Kgs 17:10', 5), ('Jer 2:20', 5), ('1Kgs 14:23', 5), ('Num 33:52', 4), ('Deut 19:1', 4), ('Exod 34:13', 1), ('Deut 7:5', 0)]
     Deut 12:2 (24) vs 2Kgs 17:10 (12): [replace: 'אבד תאבדון את' -> 'ויצבו להם מצבות ואשרים על'] =כל [replace: 'המקמות אשר עבדו שם הגוים אשר אתם ירשים אתם את אלהיהם על ההרים הרמים ועל הגבעות' -> 'גבעה גבהה'] =ותחת כל עץ רענן
     Deut 12:2 (24) vs Jer 2:20 (21): [replace: 'אבד תאבדון את' -> 'כי מעולם שברתי עלך נתקתי מוסרתיך ותאמרי לא אעבד כי על'] =כל [replace: 'המקמות אשר עבדו שם הגוים אשר אתם ירשים אתם את אלהיהם על ההרים הרמים ועל הגבעות' -> 'גבעה גבהה'] =ותחת כל עץ רענן [insert: '' -> 'את צעה זנה']
  12:3 law kin: [('Exod 34:13', 3), ('Deut 7:5', 2), ('Deut 7:25', 2), ('Exod 23:24', 0), ('Judg 2:2', 0), ('Deut 16:21', 0)]
     Deut 12:3 (18) vs Exod 34:13 (10): [replace: 'ונתצתם' -> 'כי'] =את מזבחתם [replace: 'ושברתם את' -> 'תתצון ואת'] =מצבתם [replace: 'ואשריהם תשרפון באש ופסילי אלהיהם תגדעון ואבדתם את שמם מן המקום ההוא' -> 'תשברון ואת אשריו תכרתון']
     Deut 12:3 (18) vs Deut 7:5 (14): [replace: 'ונתצתם את מזבחתם ושברתם את מצבתם ואשריהם' -> 'כי אם כה תעשו להם מזבחתיהם תתצו ומצבתם תשברו ואשירהם תגדעון ופסיליהם'] =תשרפון באש [delete: 'ופסילי אלהיהם תגדעון ואבדתם את שמם מן המקום ההוא' -> '']
  12:4 law kin: [('Deut 12:31', 3), ('Deut 18:9', 1)]
     Deut 12:4 (5) vs Deut 12:31 (22): =לא [replace: 'תעשון' -> 'תעשה'] =כן ליהוה [replace: 'אלהיכם' -> 'אלהיך כי כל תועבת יהוה אשר שנא עשו לאלהיהם כי גם את בניהם ואת בנתיהם ישרפו באש לאלהיהם']
     Deut 12:4 (5) vs Deut 18:9 (16): [insert: '' -> 'כי אתה בא אל הארץ אשר יהוה אלהיך נתן לך'] =לא [replace: 'תעשון כן ליהוה אלהיכם' -> 'תלמד לעשות כתועבת הגוים ההם']
  12:5 law kin: [('Deut 16:6', 9), ('Deut 26:2', 7), ('Deut 16:2', 5), ('Deut 14:23', 4), ('1Kgs 8:29', 4), ('Exod 20:21', 3), ('1Kgs 11:36', 3), ('Deut 31:11', 3)]
     Deut 12:5 (18) vs Deut 16:6 (20): =כי אם אל המקום אשר יבחר יהוה [replace: 'אלהיכם מכל שבטיכם לשום את' -> 'אלהיך לשכן'] =שמו שם [replace: 'לשכנו תדרשו ובאת שמה' -> 'תזבח את הפסח בערב כבוא השמש מועד צאתך ממצרים']
     Deut 12:5 (18) vs Deut 26:2 (25): [replace: 'כי אם' -> 'ולקחת מראשית כל פרי האדמה אשר תביא מארצך אשר יהוה אלהיך נתן לך ושמת בטנא והלכת'] =אל המקום אשר יבחר יהוה [replace: 'אלהיכם מכל שבטיכם לשום את' -> 'אלהיך לשכן'] =שמו שם [delete: 'לשכנו תדרשו ובאת שמה' -> '']
  12:6 law kin: [('Deut 12:11', 4), ('Deut 12:17', 1), ('Num 29:39', 1), ('Lev 7:16', 0), ('Lev 22:18', 0), ('Num 15:3', 0), ('Lev 23:38', 0)]
     Deut 12:6 (14) vs Deut 12:11 (29): [replace: 'והבאתם' -> 'והיה המקום אשר יבחר יהוה אלהיכם בו לשכן שמו שם'] =שמה [replace: 'עלתיכם' -> 'תביאו את כל אשר אנכי מצוה אתכם עולתיכם'] =וזבחיכם [delete: 'ואת' -> ''] =מעשרתיכם [replace: 'ואת תרומת' -> 'ותרמת'] =ידכם [replace: 'ונדריכם ונדבתיכם ובכרת בקרכם וצאנכם' -> 'וכל מבחר נדריכם אשר תדרו ליהוה']
     Deut 12:6 (14) vs Deut 12:17 (18): [replace: 'והבאתם שמה עלתיכם וזבחיכם ואת מעשרתיכם ואת תרומת ידכם ונדריכם ונדבתיכם' -> 'לא תוכל לאכל בשעריך מעשר דגנך ותירשך ויצהרך'] =ובכרת [replace: 'בקרכם וצאנכם' -> 'בקרך וצאנך וכל נדריך אשר תדר ונדבתיך ותרומת ידך']
  12:7 law kin: [('Deut 12:12', 5), ('Deut 16:11', 5), ('Deut 12:18', 4), ('Deut 14:26', 4), ('Deut 26:11', 4), ('Deut 27:7', 4), ('Deut 23:21', 4), ('Deut 15:10', 2)]
     Deut 12:7 (15) vs Deut 12:12 (18): [replace: 'ואכלתם שם' -> 'ושמחתם'] =לפני יהוה אלהיכם [delete: 'ושמחתם בכל משלח ידכם' -> ''] =אתם [replace: 'ובתיכם' -> 'ובניכם ובנתיכם ועבדיכם ואמהתיכם והלוי'] =אשר [replace: 'ברכך יהוה אלהיך' -> 'בשעריכם כי אין לו חלק ונחלה אתכם']
     Deut 12:7 (15) vs Deut 16:11 (25): [replace: 'ואכלתם שם' -> 'ושמחת'] =לפני יהוה [replace: 'אלהיכם ושמחתם בכל משלח ידכם אתם ובתיכם' -> 'אלהיך אתה ובנך ובתך ועבדך ואמתך והלוי'] =אשר [replace: 'ברכך' -> 'בשעריך והגר והיתום והאלמנה אשר בקרבך במקום אשר יבחר'] =יהוה אלהיך [insert: '' -> 'לשכן שמו שם']
  12:8 law kin: [('Judg 17:6', 3), ('Judg 21:25', 3), ('Deut 13:19', 3), ('Exod 15:26', 1)]
     Deut 12:8 (12) vs Judg 17:6 (9): [replace: 'לא תעשון ככל אשר אנחנו עשים פה היום' -> 'בימים ההם אין מלך בישראל'] =איש [delete: 'כל' -> ''] =הישר בעיניו [insert: '' -> 'יעשה']
     Deut 12:8 (12) vs Judg 21:25 (9): [replace: 'לא תעשון ככל אשר אנחנו עשים פה היום' -> 'בימים ההם אין מלך בישראל'] =איש [delete: 'כל' -> ''] =הישר בעיניו [insert: '' -> 'יעשה']
  12:9 law kin: [('Deut 3:20', 4), ('Josh 1:15', 4), ('Josh 22:4', 3), ('Josh 1:13', 2), ('1Kgs 8:56', 2), ('Ps 95:11', 1), ('Ps 132:14', 1), ('Num 10:33', 1)]
     Deut 12:9 (14) vs Deut 3:20 (24): [delete: 'כי לא באתם' -> ''] =עד [replace: 'עתה אל המנוחה ואל הנחלה' -> 'אשר יניח יהוה לאחיכם ככם וירשו גם הם את הארץ'] =אשר יהוה [replace: 'אלהיך' -> 'אלהיכם'] =נתן [replace: 'לך' -> 'להם בעבר הירדן ושבתם איש לירשתו אשר נתתי לכם']
     Deut 12:9 (14) vs Josh 1:15 (31): [delete: 'כי לא באתם' -> ''] =עד [replace: 'עתה אל המנוחה ואל הנחלה' -> 'אשר יניח יהוה לאחיכם ככם וירשו גם המה את הארץ'] =אשר יהוה [replace: 'אלהיך' -> 'אלהיכם'] =נתן [replace: 'לך' -> 'להם ושבתם לארץ ירשתכם וירשתם אותה אשר נתן לכם משה עבד יהוה בעבר הירדן מזרח השמש']
  12:10 law kin: [('Deut 3:20', 5), ('Josh 23:1', 4), ('Deut 25:19', 3), ('Josh 21:44', 2), ('1Kgs 5:18', 2), ('Lev 25:18', 2), ('2Sam 7:1', 1), ('Deut 33:28', 1), ('Lev 25:19', 1)]
     Deut 12:10 (17) vs Deut 3:20 (24): [replace: 'ועברתם' -> 'עד אשר יניח יהוה לאחיכם ככם וירשו גם הם'] =את [replace: 'הירדן וישבתם בארץ' -> 'הארץ'] =אשר יהוה אלהיכם [replace: 'מנחיל אתכם והניח' -> 'נתן להם בעבר הירדן ושבתם איש לירשתו אשר נתתי'] =לכם [delete: 'מכל איביכם מסביב וישבתם בטח' -> '']
     Deut 12:10 (17) vs Josh 23:1 (15): [replace: 'ועברתם את הירדן וישבתם בארץ' -> 'ויהי מימים רבים אחרי'] =אשר [insert: '' -> 'הניח'] =יהוה [replace: 'אלהיכם מנחיל אתכם והניח לכם' -> 'לישראל'] =מכל [replace: 'איביכם' -> 'איביהם'] =מסביב [replace: 'וישבתם בטח' -> 'ויהושע זקן בא בימים']
  12:11 law kin: [('Deut 12:5', 8), ('Deut 14:23', 7), ('Deut 26:2', 7), ('Deut 16:2', 6), ('Deut 16:11', 6), ('Deut 12:6', 4), ('Neh 1:9', 4), ('Jer 7:12', 4)]
     Deut 12:11 (29) vs Deut 12:5 (18): [replace: 'והיה' -> 'כי אם אל'] =המקום אשר יבחר יהוה אלהיכם [replace: 'בו לשכן' -> 'מכל שבטיכם לשום את'] =שמו שם [insert: '' -> 'לשכנו תדרשו ובאת'] =שמה [delete: 'תביאו את כל אשר אנכי מצוה אתכם עולתיכם וזבחיכם מעשרתיכם ותרמת ידכם וכל מבחר נדריכם אשר תדרו ליהוה' -> '']
     Deut 12:11 (29) vs Deut 14:23 (25): [replace: 'והיה המקום' -> 'ואכלת לפני יהוה אלהיך במקום'] =אשר יבחר [delete: 'יהוה אלהיכם בו' -> ''] =לשכן שמו שם [replace: 'שמה תביאו' -> 'מעשר דגנך תירשך ויצהרך ובכרת בקרך וצאנך למען תלמד ליראה'] =את [insert: '' -> 'יהוה אלהיך'] =כל [replace: 'אשר אנכי מצוה אתכם עולתיכם וזבחיכם מעשרתיכם ותרמת ידכם וכל מבחר נדריכם אשר תדרו ליהוה' -> 'הימים']
  12:12 law kin: [('Deut 14:27', 7), ('Deut 14:29', 5), ('Deut 12:18', 4), ('Deut 16:11', 4), ('Deut 26:11', 3), ('Deut 16:14', 2), ('Deut 10:9', 2), ('Deut 18:1', 2), ('Num 18:20', 1), ('Num 18:24', 1)]
     Deut 12:12 (18) vs Deut 14:27 (11): [delete: 'ושמחתם לפני יהוה אלהיכם אתם ובניכם ובנתיכם ועבדיכם ואמהתיכם' -> ''] =והלוי אשר [replace: 'בשעריכם' -> 'בשעריך לא תעזבנו'] =כי אין לו חלק ונחלה [replace: 'אתכם' -> 'עמך']
     Deut 12:12 (18) vs Deut 14:29 (24): [replace: 'ושמחתם לפני יהוה אלהיכם אתם ובניכם ובנתיכם ועבדיכם ואמהתיכם והלוי אשר בשעריכם' -> 'ובא הלוי'] =כי אין לו חלק ונחלה [replace: 'אתכם' -> 'עמך והגר והיתום והאלמנה אשר בשעריך ואכלו ושבעו למען יברכך יהוה אלהיך בכל מעשה ידך אשר תעשה']
  12:13 law kin: [('Deut 4:9', 4), ('Deut 6:12', 4), ('Deut 8:11', 4), ('Exod 34:12', 4), ('Deut 12:19', 3), ('Deut 12:30', 3), ('Deut 11:16', 1)]
     Deut 12:13 (9) vs Deut 4:9 (23): [insert: '' -> 'רק'] =השמר לך [insert: '' -> 'ושמר נפשך מאד'] =פן [replace: 'תעלה עלתיך בכל מקום' -> 'תשכח את הדברים'] =אשר [replace: 'תראה' -> 'ראו עיניך ופן יסורו מלבבך כל ימי חייך והודעתם לבניך ולבני בניך']
     Deut 12:13 (9) vs Deut 6:12 (12): =השמר לך פן [replace: 'תעלה עלתיך בכל מקום' -> 'תשכח את יהוה'] =אשר [replace: 'תראה' -> 'הוציאך מארץ מצרים מבית עבדים']
  12:14 law kin: [('Deut 12:11', 7), ('Deut 12:18', 7), ('Deut 12:5', 6), ('Deut 12:21', 6), ('Deut 12:26', 3), ('Exod 20:21', 2), ('Lev 17:8', 2), ('Lev 17:9', 0)]
     Deut 12:14 (17) vs Deut 12:11 (29): [replace: 'כי אם במקום' -> 'והיה המקום'] =אשר יבחר יהוה [replace: 'באחד שבטיך' -> 'אלהיכם בו לשכן שמו'] =שם [replace: 'תעלה עלתיך ושם תעשה' -> 'שמה תביאו את'] =כל אשר אנכי [replace: 'מצוך' -> 'מצוה אתכם עולתיכם וזבחיכם מעשרתיכם ותרמת ידכם וכל מבחר נדריכם אשר תדרו ליהוה']
     Deut 12:14 (17) vs Deut 12:18 (27): =כי אם [insert: '' -> 'לפני יהוה אלהיך תאכלנו'] =במקום אשר יבחר יהוה [replace: 'באחד שבטיך שם תעלה עלתיך ושם תעשה כל' -> 'אלהיך בו אתה ובנך ובתך ועבדך ואמתך והלוי'] =אשר [replace: 'אנכי מצוך' -> 'בשעריך ושמחת לפני יהוה אלהיך בכל משלח ידך']
  12:15 law kin: [('Deut 12:20', 4), ('Deut 15:22', 4), ('Deut 12:21', 3), ('Deut 12:22', 3), ('Deut 18:6', 3), ('Lev 17:3', 1), ('Lev 17:4', 1), ('Lev 17:5', 1), ('Deut 15:23', 1), ('Deut 14:5', 0)]
     Deut 12:15 (20) vs Deut 12:20 (22): [replace: 'רק' -> 'כי ירחיב יהוה אלהיך את גבולך כאשר דבר לך ואמרת אכלה בשר כי תאוה נפשך לאכל בשר'] =בכל אות נפשך [replace: 'תזבח ואכלת' -> 'תאכל'] =בשר [delete: 'כברכת יהוה אלהיך אשר נתן לך בכל שעריך הטמא והטהור יאכלנו כצבי וכאיל' -> '']
     Deut 12:15 (20) vs Deut 15:22 (7): [replace: 'רק בכל אות נפשך תזבח ואכלת בשר כברכת יהוה אלהיך אשר נתן לך בכל שעריך' -> 'בשעריך תאכלנו'] =הטמא והטהור [replace: 'יאכלנו' -> 'יחדו'] =כצבי וכאיל
  12:16 law kin: [('Deut 15:23', 6), ('Deut 12:24', 5), ('Lev 19:26', 3), ('Deut 12:23', 2), ('Lev 3:17', 2), ('Lev 7:26', 2), ('Gen 9:4', 2), ('Lev 17:10', 1), ('Lev 17:12', 1), ('Lev 17:13', 0)]
     Deut 12:16 (8) vs Deut 15:23 (9): =רק [replace: 'הדם' -> 'את דמו'] =לא [replace: 'תאכלו' -> 'תאכל'] =על הארץ תשפכנו כמים
     Deut 12:16 (8) vs Deut 12:24 (6): [delete: 'רק הדם' -> ''] =לא [replace: 'תאכלו' -> 'תאכלנו'] =על הארץ תשפכנו כמים
  12:17 law kin: [('Deut 14:23', 6), ('Deut 12:11', 2), ('Deut 12:6', 1), ('Deut 15:19', 1), ('Deut 15:20', 1), ('Num 18:15', 1), ('Num 18:17', 1), ('Deut 26:12', 1), ('Lev 27:30', 1), ('Deut 14:22', 0)]
     Deut 12:17 (18) vs Deut 14:23 (25): [replace: 'לא תוכל לאכל בשעריך' -> 'ואכלת לפני יהוה אלהיך במקום אשר יבחר לשכן שמו שם'] =מעשר דגנך [replace: 'ותירשך' -> 'תירשך'] =ויצהרך ובכרת בקרך וצאנך [replace: 'וכל נדריך אשר תדר ונדבתיך ותרומת ידך' -> 'למען תלמד ליראה את יהוה אלהיך כל הימים']
     Deut 12:17 (18) vs Deut 12:11 (29): [replace: 'לא תוכל לאכל בשעריך מעשר דגנך ותירשך ויצהרך ובכרת בקרך וצאנך' -> 'והיה המקום אשר יבחר יהוה אלהיכם בו לשכן שמו שם שמה תביאו את כל אשר אנכי מצוה אתכם עולתיכם וזבחיכם מעשרתיכם ותרמת ידכם'] =וכל [replace: 'נדריך' -> 'מבחר נדריכם'] =אשר [replace: 'תדר ונדבתיך ותרומת ידך' -> 'תדרו ליהוה']
  12:18 law kin: [('Deut 16:11', 13), ('Deut 15:20', 9), ('Deut 14:23', 8), ('Deut 16:14', 8), ('Deut 5:14', 8), ('Deut 12:7', 5), ('Deut 12:12', 4), ('Deut 14:26', 4), ('Deut 26:11', 3)]
     Deut 12:18 (27) vs Deut 16:11 (25): [replace: 'כי אם' -> 'ושמחת'] =לפני יהוה אלהיך [delete: 'תאכלנו במקום אשר יבחר יהוה אלהיך בו' -> ''] =אתה ובנך ובתך ועבדך ואמתך והלוי אשר בשעריך [replace: 'ושמחת לפני' -> 'והגר והיתום והאלמנה אשר בקרבך במקום אשר יבחר'] =יהוה אלהיך [replace: 'בכל משלח ידך' -> 'לשכן שמו שם']
     Deut 12:18 (27) vs Deut 15:20 (12): [delete: 'כי אם' -> ''] =לפני יהוה אלהיך תאכלנו [insert: '' -> 'שנה בשנה'] =במקום אשר יבחר יהוה [delete: 'אלהיך בו' -> ''] =אתה [replace: 'ובנך ובתך ועבדך ואמתך והלוי אשר בשעריך ושמחת לפני יהוה אלהיך בכל משלח ידך' -> 'וביתך']
  12:19 law kin: [('Deut 26:12', 2), ('Deut 14:29', 1), ('Deut 14:27', 0), ('Deut 12:12', 0), ('Deut 26:13', 0)]
     Deut 12:19 (10) vs Deut 26:12 (19): [replace: 'השמר לך פן תעזב' -> 'כי תכלה לעשר'] =את [delete: 'הלוי' -> ''] =כל [replace: 'ימיך על אדמתך' -> 'מעשר תבואתך בשנה השלישת שנת המעשר ונתתה ללוי לגר ליתום ולאלמנה ואכלו בשעריך ושבעו']
     Deut 12:19 (10) vs Deut 14:29 (24): [replace: 'השמר לך פן תעזב את' -> 'ובא'] =הלוי [replace: 'כל ימיך על אדמתך' -> 'כי אין לו חלק ונחלה עמך והגר והיתום והאלמנה אשר בשעריך ואכלו ושבעו למען יברכך יהוה אלהיך בכל מעשה ידך אשר תעשה']
  12:20 law kin: [('Deut 12:21', 7), ('Deut 19:8', 6), ('Deut 12:15', 4), ('Num 11:18', 4), ('Exod 34:24', 3), ('Num 11:34', 2), ('Gen 15:18', 2), ('Num 11:4', 1), ('Gen 28:14', 0), ('Deut 11:24', 0)]
     Deut 12:20 (22) vs Deut 12:21 (25): =כי [replace: 'ירחיב' -> 'ירחק ממך המקום אשר יבחר'] =יהוה אלהיך [replace: 'את גבולך' -> 'לשום שמו שם וזבחת מבקרך ומצאנך אשר נתן יהוה לך'] =כאשר [replace: 'דבר לך ואמרת אכלה בשר כי תאוה נפשך לאכל בשר' -> 'צויתך ואכלת בשעריך'] =בכל אות נפשך [delete: 'תאכל בשר' -> '']
     Deut 12:20 (22) vs Deut 19:8 (18): [replace: 'כי' -> 'ואם'] =ירחיב יהוה אלהיך את [replace: 'גבולך' -> 'גבלך'] =כאשר [insert: '' -> 'נשבע לאבתיך ונתן לך את כל הארץ אשר'] =דבר [replace: 'לך ואמרת אכלה בשר כי תאוה נפשך לאכל בשר בכל אות נפשך תאכל בשר' -> 'לתת לאבתיך']
  12:21 law kin: [('Deut 14:24', 12), ('Deut 12:5', 8), ('Deut 12:20', 7), ('Deut 16:2', 5), ('Deut 12:15', 3), ('Deut 6:25', 3), ('Lev 17:3', 2), ('Deut 11:25', 2), ('Lev 17:4', 1)]
     Deut 12:21 (25) vs Deut 14:24 (23): [insert: '' -> 'וכי ירבה ממך הדרך כי לא תוכל שאתו'] =כי ירחק ממך המקום אשר יבחר יהוה אלהיך לשום שמו שם [replace: 'וזבחת מבקרך ומצאנך אשר נתן' -> 'כי יברכך'] =יהוה [replace: 'לך כאשר צויתך ואכלת בשעריך בכל אות נפשך' -> 'אלהיך']
     Deut 12:21 (25) vs Deut 12:5 (18): =כי [replace: 'ירחק ממך' -> 'אם אל'] =המקום אשר יבחר יהוה [replace: 'אלהיך' -> 'אלהיכם מכל שבטיכם'] =לשום [insert: '' -> 'את'] =שמו שם [replace: 'וזבחת מבקרך ומצאנך אשר נתן יהוה לך כאשר צויתך ואכלת בשעריך בכל אות נפשך' -> 'לשכנו תדרשו ובאת שמה']
  12:22 law kin: [('Deut 15:22', 4), ('Deut 12:15', 3), ('Lev 11:47', 1), ('Deut 14:5', 0)]
     Deut 12:22 (13) vs Deut 15:22 (7): [replace: 'אך כאשר יאכל את הצבי ואת האיל כן' -> 'בשעריך'] =תאכלנו הטמא והטהור יחדו [replace: 'יאכלנו' -> 'כצבי וכאיל']
     Deut 12:22 (13) vs Deut 12:15 (20): [replace: 'אך כאשר יאכל את הצבי ואת האיל כן תאכלנו' -> 'רק בכל אות נפשך תזבח ואכלת בשר כברכת יהוה אלהיך אשר נתן לך בכל שעריך'] =הטמא והטהור [delete: 'יחדו' -> ''] =יאכלנו [insert: '' -> 'כצבי וכאיל']
  12:23 law kin: [('Lev 17:11', 3), ('Lev 17:14', 2), ('Deut 12:16', 2), ('Lev 17:10', 1), ('Lev 7:27', 1), ('Gen 9:4', 0), ('Lev 3:17', 0)]
     Deut 12:23 (14) vs Lev 17:11 (18): [replace: 'רק חזק לבלתי אכל הדם' -> 'כי נפש הבשר בדם הוא ואני נתתיו לכם על המזבח לכפר על נפשתיכם'] =כי הדם הוא [replace: 'הנפש ולא תאכל הנפש עם הבשר' -> 'בנפש יכפר']
     Deut 12:23 (14) vs Lev 17:14 (24): [delete: 'רק חזק לבלתי אכל הדם' -> ''] =כי [replace: 'הדם' -> 'נפש כל בשר דמו בנפשו'] =הוא [replace: 'הנפש ולא תאכל הנפש עם הבשר' -> 'ואמר לבני ישראל דם כל בשר לא תאכלו כי נפש כל בשר דמו הוא כל אכליו יכרת']
  12:24 law kin: [('Deut 12:16', 5), ('Deut 15:23', 5), ('Deut 12:25', 2), ('Lev 17:13', 0)]
     Deut 12:24 (6) vs Deut 12:16 (8): [insert: '' -> 'רק הדם'] =לא [replace: 'תאכלנו' -> 'תאכלו'] =על הארץ תשפכנו כמים
     Deut 12:24 (6) vs Deut 15:23 (9): [insert: '' -> 'רק את דמו'] =לא [replace: 'תאכלנו' -> 'תאכל'] =על הארץ תשפכנו כמים
  12:25 law kin: [('Deut 12:28', 9), ('Deut 4:40', 5), ('Deut 21:9', 5), ('Deut 6:18', 4), ('Deut 5:16', 4), ('Deut 13:19', 4), ('Deut 6:3', 3), ('Exod 15:26', 3), ('2Kgs 18:3', 3), ('Deut 5:29', 2), ('1Kgs 11:38', 2)]
     Deut 12:25 (12) vs Deut 12:28 (23): [replace: 'לא תאכלנו' -> 'שמר ושמעת את כל הדברים האלה אשר אנכי מצוך'] =למען ייטב לך ולבניך אחריך [insert: '' -> 'עד עולם'] =כי תעשה [replace: 'הישר' -> 'הטוב והישר'] =בעיני יהוה [insert: '' -> 'אלהיך']
     Deut 12:25 (12) vs Deut 4:40 (26): [replace: 'לא תאכלנו למען' -> 'ושמרת את חקיו ואת מצותיו אשר אנכי מצוך היום אשר'] =ייטב לך ולבניך אחריך [replace: 'כי תעשה הישר בעיני' -> 'ולמען תאריך ימים על האדמה אשר'] =יהוה [insert: '' -> 'אלהיך נתן לך כל הימים']
  12:26 law kin: [('Deut 12:5', 5), ('Deut 14:25', 5), ('Deut 14:24', 4), ('Deut 12:17', 1), ('Num 18:8', 1), ('Num 5:9', 1), ('Lev 22:15', 1), ('Deut 12:6', 0)]
     Deut 12:26 (13) vs Deut 12:5 (18): [replace: 'רק קדשיך אשר יהיו לך ונדריך תשא ובאת' -> 'כי אם'] =אל המקום אשר יבחר יהוה [insert: '' -> 'אלהיכם מכל שבטיכם לשום את שמו שם לשכנו תדרשו ובאת שמה']
     Deut 12:26 (13) vs Deut 14:25 (13): [replace: 'רק קדשיך אשר יהיו לך ונדריך תשא ובאת' -> 'ונתתה בכסף וצרת הכסף בידך והלכת'] =אל המקום אשר יבחר יהוה [insert: '' -> 'אלהיך בו']
  12:27 law kin: [('Lev 4:7', 5), ('Lev 17:6', 3), ('Lev 17:11', 3), ('Lev 3:2', 2), ('Lev 4:18', 2), ('Lev 1:5', 1), ('Exod 24:6', 1), ('Exod 29:12', 1), ('2Kgs 16:13', 1), ('Lev 1:9', 0), ('Exod 20:21', 0)]
     Deut 12:27 (17) vs Lev 4:7 (27): [replace: 'ועשית עלתיך הבשר והדם' -> 'ונתן הכהן מן הדם'] =על [insert: '' -> 'קרנות'] =מזבח [insert: '' -> 'קטרת הסמים לפני'] =יהוה [replace: 'אלהיך ודם זבחיך' -> 'אשר באהל מועד ואת כל דם הפר'] =ישפך [replace: 'על' -> 'אל יסוד'] =מזבח [replace: 'יהוה אלהיך והבשר תאכל' -> 'העלה אשר פתח אהל מועד']
     Deut 12:27 (17) vs Lev 17:6 (15): [replace: 'ועשית עלתיך הבשר והדם' -> 'וזרק הכהן את הדם'] =על מזבח יהוה [replace: 'אלהיך ודם זבחיך ישפך על מזבח יהוה אלהיך והבשר תאכל' -> 'פתח אהל מועד והקטיר החלב לריח ניחח ליהוה']
  12:28 law kin: [('Deut 4:40', 10), ('Deut 12:25', 9), ('Deut 13:19', 8), ('Deut 5:16', 6), ('Deut 6:3', 5), ('Deut 6:18', 4), ('Deut 13:1', 4), ('Deut 11:32', 4), ('Deut 5:1', 3), ('Deut 31:12', 2), ('Deut 32:46', 2)]
     Deut 12:28 (23) vs Deut 4:40 (26): [replace: 'שמר ושמעת' -> 'ושמרת'] =את [replace: 'כל הדברים האלה' -> 'חקיו ואת מצותיו'] =אשר אנכי מצוך [replace: 'למען' -> 'היום אשר'] =ייטב לך ולבניך אחריך [replace: 'עד עולם כי תעשה הטוב והישר בעיני' -> 'ולמען תאריך ימים על האדמה אשר'] =יהוה אלהיך [insert: '' -> 'נתן לך כל הימים']
     Deut 12:28 (23) vs Deut 12:25 (12): [replace: 'שמר ושמעת את כל הדברים האלה אשר אנכי מצוך' -> 'לא תאכלנו'] =למען ייטב לך ולבניך אחריך [delete: 'עד עולם' -> ''] =כי תעשה [replace: 'הטוב והישר' -> 'הישר'] =בעיני יהוה [delete: 'אלהיך' -> '']
  12:29 law kin: [('Deut 19:1', 8), ('Deut 7:1', 8), ('Deut 18:12', 5), ('Deut 31:3', 4), ('Deut 6:10', 4), ('Deut 11:23', 3), ('Deut 18:14', 3), ('Num 33:53', 3), ('Josh 23:4', 3), ('Deut 9:1', 2), ('Deut 12:10', 1)]
     Deut 12:29 (17) vs Deut 19:1 (17): =כי יכרית יהוה אלהיך את הגוים אשר [replace: 'אתה בא שמה לרשת אותם מפניך וירשת אתם' -> 'יהוה אלהיך נתן לך את ארצם וירשתם'] =וישבת [replace: 'בארצם' -> 'בעריהם ובבתיהם']
     Deut 12:29 (17) vs Deut 7:1 (27): =כי [replace: 'יכרית' -> 'יביאך'] =יהוה אלהיך [replace: 'את הגוים' -> 'אל הארץ'] =אשר אתה בא שמה [replace: 'לרשת אותם' -> 'לרשתה ונשל גוים רבים'] =מפניך [replace: 'וירשת אתם וישבת בארצם' -> 'החתי והגרגשי והאמרי והכנעני והפרזי והחוי והיבוסי שבעה גוים רבים ועצומים ממך']
  12:30 law kin: [('Deut 7:16', 3), ('Exod 23:33', 3), ('Exod 34:12', 3), ('Deut 7:25', 2), ('Deut 18:9', 2), ('Deut 4:19', 2), ('Deut 29:17', 2), ('Exod 34:15', 1), ('Deut 20:18', 1), ('Deut 13:7', 1), ('Deut 6:14', 1), ('Ps 106:36', 1), ('Deut 11:16', 1), ('Deut 13:15', 0), ('Judg 2:3', 0)]
     Deut 12:30 (22) vs Deut 7:16 (21): [replace: 'השמר' -> 'ואכלת את כל העמים אשר יהוה אלהיך נתן'] =לך [replace: 'פן תנקש אחריהם אחרי השמדם מפניך ופן תדרש לאלהיהם לאמר איכה יעבדו הגוים האלה' -> 'לא תחס עינך עליהם ולא תעבד'] =את אלהיהם [replace: 'ואעשה כן גם אני' -> 'כי מוקש הוא לך']
     Deut 12:30 (22) vs Exod 23:33 (15): [replace: 'השמר לך' -> 'לא ישבו בארצך'] =פן [replace: 'תנקש אחריהם אחרי השמדם מפניך ופן תדרש לאלהיהם לאמר איכה יעבדו הגוים האלה' -> 'יחטיאו אתך לי כי תעבד'] =את אלהיהם [replace: 'ואעשה כן גם אני' -> 'כי יהיה לך למוקש']
  12:31 law kin: [('Jer 7:31', 6), ('2Kgs 17:31', 4), ('2Kgs 17:17', 4), ('Jer 32:35', 4), ('Deut 7:25', 4), ('Deut 18:12', 3), ('Lev 18:21', 3), ('Jer 19:5', 3), ('Ps 106:37', 3), ('Deut 18:10', 2), ('Lev 20:3', 2), ('Deut 18:9', 1), ('Lev 20:2', 1), ('2Kgs 16:3', 1), ('2Kgs 21:6', 1), ('Ps 106:38', 1), ('Deut 7:26', 1), ('2Chr 28:3', 1), ('2Chr 33:6', 1), ('Ezek 16:20', 1), ('Ezek 20:31', 1), ('Deut 13:15', 0)]
     Deut 12:31 (22) vs Jer 7:31 (20): [replace: 'לא תעשה כן ליהוה אלהיך כי כל תועבת יהוה' -> 'ובנו במות התפת'] =אשר [replace: 'שנא עשו לאלהיהם כי גם' -> 'בגיא בן הנם לשרף'] =את בניהם ואת בנתיהם [delete: 'ישרפו' -> ''] =באש [replace: 'לאלהיהם' -> 'אשר לא צויתי ולא עלתה על לבי']
     Deut 12:31 (22) vs 2Kgs 17:31 (14): [replace: 'לא תעשה כן ליהוה אלהיך כי כל תועבת יהוה אשר שנא' -> 'והעוים'] =עשו [replace: 'לאלהיהם כי גם' -> 'נבחז ואת תרתק והספרוים שרפים'] =את בניהם [delete: 'ואת בנתיהם ישרפו' -> ''] =באש [replace: 'לאלהיהם' -> 'לאדרמלך וענמלך אלה ספרים']
==== B. THE PHRASE CENSUSES over the whole DB (Torah where marked; the book where marked)
  "these are the statutes and the judgments" (אלה החקים והמשפטים) / "the statutes and the judgments" any article form / 4:45 and 6:1: (['Deut 12:1', 'Lev 26:46'], ['Deut 12:1', 'Deut 6:1', 'Lev 26:46'], ['1Chr 22:13', '2Kgs 17:37', 'Deut 11:32', 'Deut 5:1', 'Deut 7:11', 'Neh 1:7'], ['אלה', 'העדת', 'והחקים', 'והמשפטים', 'אשר', 'דבר', 'משה', 'אל', 'בני', 'ישראל', 'בצאתם', 'ממצרים'], ['וזאת', 'המצוה', 'החקים', 'והמשפטים', 'אשר', 'צוה', 'יהוה', 'אלהיכם', 'ללמד', 'אתכם', 'לעשות', 'בארץ', 'אשר', 'אתם', 'עברים', 'שמה', 'לרשתה'])
  "you shall keep to do" with the paragogic nun (תשמרון) / all תשמרון seats / "keep to do" plural and singular seats in the book: (['2Kgs 17:37', 'Deut 11:22', 'Deut 12:1', 'Deut 6:17', 'Deut 8:1'], ['Deut 11:32', 'Deut 5:32'], ['Deut 17:10', 'Deut 6:3'], ['2Kgs 17:37', 'Deut 12:1', 'Deut 8:1'])
  "the LORD the God of your fathers" (יהוה אלהי אבתיך) seats / "all the days that you live on the earth" (כל הימים אשר אתם חיים על האדמה) / "on the earth" (על האדמה) count in the book: (['Deut 12:1', 'Deut 1:21', 'Deut 27:3', 'Deut 6:3'], ['Deut 12:1', 'Deut 31:13'], ['Deut 12:1', 'Deut 31:13'], 13)
  "destroy, you shall destroy" (אבד תאבדון) — the infinitive absolute; אבד the lemma 6 forms in the chapter; "all the places" (כל המקמות): (['Deut 12:2', 'Deut 30:18', 'Deut 4:26', 'Deut 8:19'], [('Deut 12:2', 'אבד', 'HVpa'), ('Deut 12:2', 'תאבדון', 'HVpi2mp/Sn'), ('Deut 12:3', 'ואבדתם', 'HC/Vpq2mp')], ['Deut 12:2', 'Jer 45:5'], ['1Sam 30:31', '1Sam 7:16', 'Deut 12:2', 'Ezra 1:4', 'Jer 24:9', 'Jer 29:14', 'Jer 40:12', 'Jer 45:5', 'Jer 8:3', 'Judg 19:13', 'Neh 4:6', 'Ps 103:22'])
  "where the nations served their gods" (אשר עבדו שם הגוים) / "on the high mountains" (על ההרים הרמים) / "and under every leafy tree" (תחת כל עץ רענן) every seat / "leafy" רענן: (['Deut 12:2'], ['Deut 12:2'], ['Isa 57:5', 'Jer 3:13', 'Jer 3:6'], ['1Kgs 14:23', '2Chr 28:4', '2Kgs 16:4', '2Kgs 17:10', 'Deut 12:2', 'Ezek 6:13', 'Isa 57:5', 'Jer 2:20', 'Jer 3:13', 'Jer 3:6'], ['1Kgs 14:23', '2Chr 28:4', '2Kgs 16:4', '2Kgs 17:10', 'Deut 12:2', 'Ezek 6:13', 'Hos 14:9', 'Isa 57:5', 'Jer 11:16', 'Jer 17:2', 'Jer 17:8', 'Jer 2:20', 'Jer 3:13', 'Jer 3:6', 'Ps 37:35', 'Ps 52:10', 'Ps 92:11'])
  THE FIVE VERBS OF 12:3 — tear down (ונתצתם / נתץ 5422 in the Torah), break (ושברתם … מצבתם), burn (תשרפון), cut down (תגדעון / גדע 1438 every seat), destroy the name (ואבדתם את שמם): ([('Deut 7:5', 'תתצו'), ('Deut 12:3', 'ונתצתם'), ('Exod 34:13', 'תתצון'), ('Lev 11:35', 'יתץ'), ('Lev 14:45', 'ונתץ')], ['Deut 12:3'], ['Deut 12:3', 'Exod 23:24', 'Exod 34:13'], ['Deut 12:3', 'Deut 7:25', 'Deut 7:5'], [('1Sam 2:31', 'וגדעתי'), ('2Chr 14:2', 'ויגדע'), ('2Chr 31:1', 'ויגדעו'), ('2Chr 34:4', 'גדע'), ('2Chr 34:7', 'גדע'), ('Amos 3:14', 'ונגדעו'), ('Deut 7:5', 'תגדעון'), ('Deut 12:3', 'תגדעון'), ('Ezek 6:6', 'ונגדעו'), ('Isa 9:9', 'גדעו'), ('Isa 10:33', 'גדועים'), ('Isa 14:12', 'נגדעת'), ('Isa 22:25', 'ונגדעה'), ('Isa 45:2', 'אגדע'), ('Jer 48:25', 'נגדעה'), ('Jer 50:23', 'נגדע'), ('Judg 21:6', 'נגדע'), ('Lam 2:3', 'גדע'), ('Ps 75:11', 'אגדע'), ('Ps 107:16', 'גדע'), ('Zech 11:10', 'ואגדע'), ('Zech 11:14', 'ואגדע')], ['Deut 12:3'])
  7:5 and Exodus 34:13 and 23:24 (the demolition's earlier forms — the tokens) / "their Asherim" every token / "the graven images of their gods" (פסילי אלהיהם): (['כי', 'אם', 'כה', 'תעשו', 'להם', 'מזבחתיהם', 'תתצו', 'ומצבתם', 'תשברו', 'ואשירהם', 'תגדעון', 'ופסיליהם', 'תשרפון', 'באש'], ['כי', 'את', 'מזבחתם', 'תתצון', 'ואת', 'מצבתם', 'תשברון', 'ואת', 'אשריו', 'תכרתון'], ['לא', 'תשתחוה', 'לאלהיהם', 'ולא', 'תעבדם', 'ולא', 'תעשה', 'כמעשיהם', 'כי', 'הרס', 'תהרסם', 'ושבר', 'תשבר', 'מצבתיהם'], ['1Kgs 14:15', '1Kgs 14:23', '2Kgs 17:10', 'Deut 12:3', 'Ezek 27:6', 'Isa 27:9', 'Jer 17:2'], ['Deut 7:25'], ['Deut 12:3'])
  "from that place" (מן המקום ההוא) / "that place" (המקום ההוא) count in the Bible / "you shall not do so to the LORD your God" plural (12:4) and singular (12:31) — the pair's seats: (['Deut 12:3', 'Deut 17:10'], 13, ['Deut 12:4'], ['Deut 12:31'], ['Deut 12:31'])
  "THE PLACE WHICH THE LORD WILL CHOOSE" (המקום אשר יבחר יהוה) every seat / (במקום אשר יבחר יהוה) every seat / "will choose" (יבחר) in the book / the lemma 977 count in the chapter and in the book: (['Deut 12:11', 'Deut 12:21', 'Deut 12:26', 'Deut 12:5', 'Deut 14:24', 'Deut 14:25', 'Deut 16:6', 'Deut 17:8', 'Deut 18:6', 'Deut 26:2'], ['Deut 12:14', 'Deut 12:18', 'Deut 15:20', 'Deut 16:11', 'Deut 16:15', 'Deut 16:2', 'Deut 16:7'], ['Deut 12:11', 'Deut 12:14', 'Deut 12:18', 'Deut 12:21', 'Deut 12:26', 'Deut 12:5', 'Deut 14:23', 'Deut 14:24', 'Deut 14:25', 'Deut 15:20', 'Deut 16:11', 'Deut 16:15', 'Deut 16:16', 'Deut 16:2', 'Deut 16:6', 'Deut 16:7', 'Deut 17:10', 'Deut 17:15', 'Deut 17:8', 'Deut 18:6', 'Deut 23:17', 'Deut 26:2', 'Deut 31:11'], 6, 31)
  "from all your tribes" (מכל שבטיכם) / "in one of your tribes" (באחד שבטיך) / "to put His name there" (לשום את שמו שם / לשום שמו שם) / "to make His name dwell there" (לשכן שמו שם) every seat / "His dwelling" (לשכנו) every seat: (['Deut 12:5'], ['Deut 12:14'], ['1Kgs 14:21', '2Chr 12:13', 'Deut 12:5'], ['Deut 12:21', 'Deut 14:24'], ['Deut 12:11', 'Deut 14:23', 'Deut 16:11', 'Deut 16:2', 'Deut 16:6', 'Deut 26:2'], ['Deut 12:5'])
  "you shall seek" (תדרשו) / דרש 1875 in the chapter — the same verb at 12:5 (His dwelling) and 12:30 (their gods) / "and you shall come there" (ובאת שמה): (['Amos 5:5', 'Deut 12:5', 'Ezra 9:12'], [('Deut 12:5', 'תדרשו', 'HVqi2mp'), ('Deut 12:30', 'תדרש', 'HVqi2ms')], ['2Kgs 9:2', 'Deut 12:5'])
  THE LIST OF 12:6 — "your burnt offerings and your sacrifices" (עלתיכם וזבחיכם) / "your tithes" (מעשרתיכם) / "the heave offering of your hand" (תרומת ידכם / תרומת ידך) / "your vows and your freewill offerings" (ונדריכם ונדבתיכם) / "the firstlings of your herd and your flock" (ובכרת בקרכם וצאנכם / ובכרת בקרך וצאנך) every seat: (['Deut 12:6'], ['Amos 4:4', 'Deut 12:11', 'Deut 12:6', 'Num 18:28'], ['Deut 12:6'], [], ['Deut 12:6'], ['Deut 12:6'], ['Deut 12:17', 'Deut 14:23'])
  12:11's list (עולתיכם וזבחיכם מעשרתיכם ותרמת ידכם וכל מבחר נדריכם) / "the choice of your vows" (מבחר נדריכם) / 12:17's "the tithe of your grain, your wine and your oil" (מעשר דגנך ותירשך ויצהרך) every seat / "your grain, your wine and your oil" (דגנך ותירשך ויצהרך): (['Deut 12:11'], ['Deut 12:11'], ['Deut 12:17'], ['Deut 11:14', 'Deut 12:17', 'Deut 7:13'])
  "and you shall eat there before the LORD your God" (ואכלתם שם לפני יהוה אלהיכם) / "before the LORD your God" plural and singular counts in the chapter / "and you shall rejoice" (ושמחתם / ושמחת) seats in the book / the lemma 8055 in the book: (['Deut 12:7'], 2, 1, ['Deut 12:12', 'Deut 12:18', 'Deut 12:7', 'Deut 14:26', 'Deut 16:11', 'Deut 16:14', 'Deut 26:11', 'Deut 27:7'], 10)
  "in all that you put your hand to" (בכל משלח ידכם / משלח ידך) every seat / "you and your households" (אתם ובתיכם) / "wherein the LORD your God has blessed you" (אשר ברכך יהוה אלהיך) seats: (['Deut 12:7'], ['Deut 12:18', 'Deut 15:10', 'Deut 23:21', 'Deut 28:20', 'Deut 28:8'], ['Deut 12:7'], ['Deut 12:7', 'Deut 15:14'])
  "every man what is right in his own eyes" (איש כל הישר בעיניו) / Judges' form (איש הישר בעיניו יעשה) / "here today" (פה היום) / "we" (אנחנו) seats in the book: (['Deut 12:8'], ['Judg 17:6', 'Judg 21:25'], ['Deut 12:8', 'Deut 5:3'], ['Deut 12:8', 'Deut 1:28', 'Deut 1:41', 'Deut 5:25', 'Deut 5:3'])
  "the rest and the inheritance" (המנוחה ואל הנחלה) / "rest" (מנוחה 4496) seats in the Torah and the Bible count / "until now" (עד עתה) seats in the book: (['Deut 12:9'], [('Deut 12:9', 'המנוחה'), ('Gen 49:15', 'מנחה'), ('Num 10:33', 'מנוחה')], 22, ['Deut 12:9'])
  "and He gives you rest from all your enemies round about" (והניח לכם מכל איביכם מסביב) / "rest … from all enemies round about" forms (הניח … מכל איביכם/איביו מסביב) / "and you shall dwell in safety" (וישבתם בטח / וישבת בטח) / "safety" (בטח) in the Torah: (['Deut 12:10'], ['Deut 12:10'], [], ['Deut 25:19'], ['Deut 12:10'], ['Deut 12:10', 'Deut 28:52', 'Deut 33:12', 'Deut 33:28', 'Gen 34:25', 'Lev 25:18', 'Lev 25:19', 'Lev 26:5'])
  "the Levite that is within your gates" (והלוי אשר בשעריכם / והלוי אשר בשעריך) every seat / "for he has no portion nor inheritance with you" (כי אין לו חלק ונחלה) every seat / "with you" (אתכם / עמך) at those seats: (['Deut 12:12'], ['Deut 12:18', 'Deut 14:27', 'Deut 16:11'], ['Deut 12:12', 'Deut 14:27', 'Deut 14:29'], ['Deut 10:9', 'Deut 12:12', 'Deut 14:27', 'Deut 14:29', 'Deut 18:1', 'Gen 31:14'])
  "your sons and your daughters, your menservants and your maidservants" plural (ובניכם ובנתיכם ועבדיכם ואמהתיכם) / singular (ובנך ובתך ועבדך ואמתך) every seat — THE SABBATH'S LIST (5:14): (['Deut 12:12'], ['Deut 12:18', 'Deut 16:11', 'Deut 16:14', 'Deut 5:14'], ['Deut 12:18', 'Deut 16:11', 'Deut 16:14', 'Deut 5:14'])
  "take heed to yourself lest" (השמר לך פן) every seat in the Bible / (השמרו לכם פן) / "take heed" השמר the niphal imperative count in the book: (['Deut 12:13', 'Deut 12:19', 'Deut 12:30', 'Deut 15:9', 'Deut 6:12', 'Deut 8:11', 'Exod 34:12', 'Gen 24:6', 'Gen 31:24'], ['Deut 11:16', 'Deut 4:23'], 8)
  "in every place that you see" (בכל מקום אשר תראה) / "there you shall offer your burnt offerings" (שם תעלה עלתיך) / "all that I command you" singular (כל אשר אנכי מצוך) count in the book: (['Deut 12:13'], ['Deut 12:14'], 1)
  "only" רק (7535) seats in the chapter and count in the book / אך (389) seats in the chapter: (['Deut 12:15', 'Deut 12:16', 'Deut 12:23', 'Deut 12:26'], 20, ['Deut 12:22'])
  "with all the desire of your soul" (בכל אות נפשך) every seat / "desire" אוה the noun 185 every seat / the verb 183 seats in the Torah: (['Deut 12:15', 'Deut 12:20', 'Deut 12:21'], [('1Sam 23:20', 'אות'), ('Deut 12:15', 'אות'), ('Deut 12:20', 'אות'), ('Deut 12:21', 'אות'), ('Deut 18:6', 'אות'), ('Hos 10:10', 'באותי'), ('Jer 2:24', 'באות')], [('Deut 5:21', 'תתאוה'), ('Deut 12:20', 'תאוה'), ('Deut 14:26', 'תאוה'), ('Num 11:4', 'התאוו'), ('Num 11:34', 'המתאוים')])
  "you may slaughter and eat flesh" (תזבח ואכלת בשר) / "according to the blessing of the LORD your God which He has given you" (כברכת יהוה אלהיך אשר נתן לך) every seat / "in all your gates" (בכל שעריך) count in the book: (['Deut 12:15'], ['Deut 12:15', 'Deut 16:17'], ['Deut 12:15', 'Deut 16:17'], 4)
  "the unclean and the clean" (הטמא והטהור) every seat / "as the gazelle and as the hart" (כצבי וכאיל) / "the gazelle and the hart" (הצבי ואת האיל / הצבי והאיל) every seat / "gazelle" צבי every token (THE HOMOGRAPH — the beauty): (['Deut 12:15', 'Deut 12:22', 'Deut 15:22'], ['Deut 12:15', 'Deut 15:22'], ['Deut 12:22'], ['1Kgs 5:3', '2Chr 24:1', '2Kgs 12:2', '2Sam 1:19', 'Dan 11:16', 'Dan 11:41', 'Dan 11:45', 'Dan 8:9', 'Deut 12:15', 'Deut 12:22', 'Deut 14:5', 'Deut 15:22', 'Ezek 20:15', 'Ezek 20:6', 'Ezek 25:9', 'Ezek 26:20', 'Ezek 7:20', 'Isa 13:14', 'Isa 13:19', 'Isa 23:9', 'Isa 24:16', 'Isa 28:1', 'Isa 28:4', 'Isa 28:5', 'Isa 29:7', 'Jer 3:19', 'Prov 6:5', 'Song 4:5', 'Song 7:4'], [('1Chr 12:9', 'וכצבאים'), ('1Kgs 5:3', 'וצבי'), ('2Sam 2:18', 'הצבים'), ('Deut 12:15', 'כצבי'), ('Deut 12:22', 'הצבי'), ('Deut 14:5', 'וצבי'), ('Deut 15:22', 'כצבי'), ('Isa 13:14', 'כצבי'), ('Prov 6:5', 'כצבי'), ('Song 2:7', 'בצבאות'), ('Song 2:9', 'לצבי'), ('Song 2:17', 'לצבי'), ('Song 3:5', 'בצבאות'), ('Song 8:14', 'לצבי')], 14, [('2Sam 1:19', 'הצבי'), ('Dan 8:9', 'הצבי'), ('Dan 11:16', 'הצבי'), ('Dan 11:41', 'הצבי'), ('Dan 11:45', 'צבי'), ('Ezek 7:20', 'וצבי'), ('Ezek 20:6', 'צבי'), ('Ezek 20:15', 'צבי'), ('Ezek 25:9', 'צבי'), ('Ezek 26:20', 'צבי'), ('Isa 4:2', 'לצבי'), ('Isa 13:19', 'צבי')])
  "only the blood you shall not eat" (רק הדם לא תאכלו) / "the blood you shall not eat" forms / "on the earth you shall pour it like water" (על הארץ תשפכנו כמים) every seat / "like water" (כמים) in the Torah: (['Deut 12:16'], ['Deut 12:16'], ['Lev 3:17', 'Lev 7:26'], [], ['Deut 12:16', 'Deut 12:24', 'Deut 15:23'], ['Deut 12:16', 'Deut 12:24', 'Deut 15:23', 'Gen 49:4'])
  "you may not eat within your gates" (לא תוכל לאכל בשעריך) / "you may not" (לא תוכל) count in the book and its seats / "your vows which you vow" (נדריך אשר תדר): (['Deut 12:17'], 8, ['Deut 12:17', 'Deut 14:24', 'Deut 16:5', 'Deut 17:15', 'Deut 22:3', 'Deut 28:27', 'Deut 28:35', 'Deut 7:22'], ['Deut 12:17'])
  "but before the LORD your God you shall eat it" (כי אם לפני יהוה אלהיך תאכלנו) / "you shall eat it" (תאכלנו) seats in the book / "in the place which the LORD your God will choose" singular with "your God" (במקום אשר יבחר יהוה אלהיך בו) every seat: (['Deut 12:18'], ['Deut 12:18', 'Deut 12:22', 'Deut 12:24', 'Deut 12:25', 'Deut 15:20', 'Deut 15:22', 'Deut 28:39', 'Deut 5:25'], ['Deut 12:18', 'Deut 16:7'])
  "lest you forsake the Levite" (פן תעזב את הלוי) / "all your days on your land" (כל ימיך על אדמתך) / "the Levite" הלוי count in the chapter and the book: (['Deut 12:19'], ['Deut 12:19'], 3, 19)
  "when the LORD your God enlarges your border" (כי ירחיב יהוה אלהיך את גבולך) every seat / Exodus 34:24's "I will enlarge your border" (והרחבתי את גבלך) / "enlarge" רחב hiphil seats in the Torah: (['Deut 12:20'], [], [('Deut 12:20', 'ירחיב', 'HVhi3ms'), ('Deut 19:8', 'ירחיב', 'HVhi3ms'), ('Deut 33:20', 'מרחיב', 'HVhrmsc'), ('Exod 34:24', 'והרחבתי', 'HC/Vhq1cs'), ('Gen 26:22', 'הרחיב', 'HVhp3ms')])
  "AS HE HAS SPOKEN TO YOU" (כאשר דבר לך) every seat in the book — THE AS_WHEN FORM / "as He spoke" (כאשר דבר) count in the book / "I will eat flesh" (אכלה בשר) / "because your soul craves to eat flesh" (כי תאוה נפשך לאכל בשר) / "flesh" בשר count in the chapter: (['Deut 12:20', 'Deut 15:6', 'Deut 26:18', 'Deut 29:12'], 16, ['Deut 12:20'], ['Deut 12:20'], 7)
  "if the place be too far from you" (כי ירחק ממך המקום) every seat / "AS I HAVE COMMANDED YOU" (כאשר צויתך) every seat in the Bible — THE RECEIPT WITHOUT THE NAME / (כאשר צויתי) / (כאשר צוה) count in the book / "and you shall eat within your gates" (ואכלת בשעריך): (['Deut 12:21', 'Deut 14:24'], ['Deut 12:21', 'Exod 23:15'], ['Ezek 12:7', 'Ezek 24:18', 'Ezek 37:7', 'Jer 17:22', 'Lev 10:18', 'Lev 8:31'], 3, ['Deut 12:21'])
  "as the gazelle and the hart are eaten" (כאשר יאכל את הצבי ואת האיל) / "together" (יחדו) seats in the book / "so you shall eat it" (כן תאכלנו): (['Deut 12:22'], ['Deut 12:22', 'Deut 15:22', 'Deut 22:10', 'Deut 22:11', 'Deut 25:11', 'Deut 25:5', 'Deut 33:17'], ['Deut 12:22'])
  "only be steadfast not to eat the blood" (רק חזק לבלתי אכל הדם) / "be strong" חזק the imperative seats in the book / "FOR THE BLOOD IS THE LIFE" (כי הדם הוא הנפש) / Leviticus 17:11 and 17:14 and Genesis 9:4 (the tokens) / "you shall not eat the life with the flesh" (ולא תאכל הנפש עם הבשר): (['Deut 12:23'], [('Deut 1:38', 'חזק', 'HVpv2ms'), ('Deut 12:23', 'חזק', 'HVqv2ms'), ('Deut 31:7', 'חזק', 'HVqv2ms'), ('Deut 31:23', 'חזק', 'HVqv2ms')], ['Deut 12:23'], ['כי', 'נפש', 'הבשר', 'בדם', 'הוא', 'ואני', 'נתתיו', 'לכם', 'על', 'המזבח', 'לכפר', 'על', 'נפשתיכם', 'כי', 'הדם', 'הוא', 'בנפש', 'יכפר'], ['כי', 'נפש', 'כל', 'בשר', 'דמו', 'בנפשו', 'הוא', 'ואמר', 'לבני', 'ישראל', 'דם', 'כל', 'בשר', 'לא', 'תאכלו', 'כי', 'נפש', 'כל', 'בשר', 'דמו', 'הוא', 'כל', 'אכליו', 'יכרת'], ['אך', 'בשר', 'בנפשו', 'דמו', 'לא', 'תאכלו'], ['Deut 12:23'])
  "you shall not eat it" (לא תאכלנו) every seat / "that it may go well with you and with your children after you" (למען ייטב לך ולבניך אחריך) every seat / "when you do what is right in the eyes of the LORD" (כי תעשה הישר בעיני יהוה) every seat / "the good and the right" (הטוב והישר) / "the right in the eyes of the LORD" (הישר בעיני יהוה) count in the Bible: (['Deut 12:24', 'Deut 12:25'], ['Deut 12:25', 'Deut 12:28'], ['Deut 12:25', 'Deut 21:9'], ['2Chr 14:1', '2Chr 31:20', '2Kgs 10:3', 'Deut 12:28'], 21)
  "only your holy things which you have and your vows" (רק קדשיך אשר יהיו לך ונדריך) / "your holy things" (קדשיך) every seat / "you shall take and go to the place" (תשא ובאת אל המקום): (['Deut 12:26'], ['Deut 12:26'], ['Deut 12:26'])
  "and you shall offer your burnt offerings, the flesh and the blood" (ועשית עלתיך הבשר והדם) / "the blood of your sacrifices shall be poured on the altar" (ודם זבחיך ישפך על מזבח) / "shall be poured" ישפך seats in the Torah / "the altar of the LORD your God" (מזבח יהוה אלהיך) every seat / "and the flesh you shall eat" (והבשר תאכל): (['Deut 12:27'], ['Deut 12:27'], ['Deut 12:27', 'Deut 19:10', 'Gen 9:6', 'Lev 4:18', 'Lev 4:25', 'Lev 4:30', 'Lev 4:34', 'Lev 4:7'], ['Deut 12:27', 'Deut 16:21', 'Deut 26:4', 'Deut 27:6'], ['Deut 12:27'])
  "observe and hear all these words which I command you" (שמר ושמעת את כל הדברים האלה) / "all these words" (כל הדברים האלה) count in the book / "forever" (עד עולם) seats in the book / 13:1 (the DB's next verse — the English's 12:32) tokens: (['Deut 12:28'], 4, ['Deut 12:28', 'Deut 23:4', 'Deut 28:46', 'Deut 29:28'], ['את', 'כל', 'הדבר', 'אשר', 'אנכי', 'מצוה', 'אתכם', 'אתו', 'תשמרו', 'לעשות', 'לא', 'תסף', 'עליו', 'ולא', 'תגרע', 'ממנו'])
  "when the LORD your God cuts off the nations" (כי יכרית יהוה אלהיך את הגוים) every seat / "whither you go to dispossess them" (אשר אתה בא שמה לרשת אותם) / "and you dispossess them and dwell in their land" (וירשת אתם וישבת בארצם) / 19:1 tokens: (['Deut 12:29', 'Deut 19:1'], ['Deut 12:29'], ['Deut 12:29'], ['כי', 'יכרית', 'יהוה', 'אלהיך', 'את', 'הגוים', 'אשר', 'יהוה', 'אלהיך', 'נתן', 'לך', 'את', 'ארצם', 'וירשתם', 'וישבת', 'בעריהם', 'ובבתיהם'])
  "lest you be ensnared to follow them" (פן תנקש אחריהם) / נקש 5367 every seat / 7:25's "lest you be snared by it" (פן תוקש בו — יקש 3369) seats in the Torah / "after they are destroyed from before you" (אחרי השמדם מפניך) / "lest you inquire after their gods" (ופן תדרש לאלהיהם) / "how" איכה in the Torah / "and I will do so too" (ואעשה כן גם אני): (['Deut 12:30'], [('1Sam 28:9', 'מתנקש', 'HVtrmsa'), ('Deut 12:30', 'תנקש', 'HVNi2ms'), ('Ps 9:17', 'נוקש', 'HVqrmsa'), ('Ps 38:13', 'וינקשו', 'HC/Vpw3mp'), ('Ps 109:11', 'ינקש', 'HVpi3ms')], [('Deut 7:25', 'תוקש', 'HVNi2ms')], ['Deut 12:30'], ['Deut 12:30'], ['Deut 12:30', 'Deut 18:21', 'Deut 1:12', 'Deut 32:30', 'Deut 7:17', 'Gen 3:9'], ['Deut 12:30'])
  "every abomination of the LORD which He hates" (כל תועבת יהוה אשר שנא) / "abomination of the LORD" (תועבת יהוה) every seat / תועבה 8441 count in the book / "which He hates" (אשר שנא) seats / 16:22's "which the LORD your God hates": (['Deut 12:31'], ['Deut 12:31', 'Deut 17:1', 'Deut 18:12', 'Deut 22:5', 'Deut 23:19', 'Deut 25:16', 'Deut 27:15', 'Deut 7:25', 'Prov 11:1', 'Prov 11:20', 'Prov 12:22', 'Prov 15:26', 'Prov 15:8', 'Prov 15:9', 'Prov 16:5', 'Prov 17:15', 'Prov 20:10', 'Prov 20:23', 'Prov 3:32'], 17, ['Deut 12:31', 'Deut 16:22'], ['ולא', 'תקים', 'לך', 'מצבה', 'אשר', 'שנא', 'יהוה', 'אלהיך'])
  "for even their sons and their daughters they burn in the fire to their gods" (כי גם את בניהם ואת בנתיהם ישרפו באש לאלהיהם) / "their sons and their daughters … in the fire" forms (Jeremiah 7:31, 19:5; 2 Kings 17:31; Psalm 106:37-38) / "burn in the fire" (ישרפו באש / שרפים באש / לשרף … באש) / "to Molech" (למלך) seats / "pass through the fire" (מעביר בנו ובתו באש) 18:10: (['Deut 12:31'], ['Deut 12:31', 'Jer 7:31'], ['Jer 7:31'], ['1Kgs 13:2', '2Sam 23:7', 'Deut 12:31', 'Ezek 23:47', 'Jer 34:5', 'Lev 20:14', 'Mic 1:7'], [], ['Jer 19:5', 'Jer 7:31'], ['1Chr 11:3', '1Chr 14:2', '1Chr 14:8', '1Chr 27:24', '1Chr 27:31', '1Chr 27:33', '1Chr 27:34', '1Chr 28:1', '1Chr 28:4', '1Chr 29:23', '1Kgs 10:10', '1Kgs 10:22', '1Kgs 10:9', '1Kgs 14:2', '1Kgs 14:25', '1Kgs 15:1', '1Kgs 19:15', '1Kgs 19:16', '1Kgs 1:16', '1Kgs 1:23', '1Kgs 1:3', '1Kgs 1:31', '1Kgs 1:34', '1Kgs 1:4', '1Kgs 1:45', '1Kgs 1:53', '1Kgs 20:38', '1Kgs 2:15', '1Kgs 2:29', '1Kgs 2:38', '1Kgs 5:15', '1Kgs 6:1', '1Kgs 7:40', '1Kgs 7:45', '1Kgs 9:14', '1Sam 15:1', '1Sam 15:11', '1Sam 15:17', '1Sam 18:18', '1Sam 18:25', '1Sam 18:27', '2Chr 12:2', '2Chr 13:1', '2Chr 23:9', '2Chr 24:17', '2Chr 24:23', '2Chr 25:16', '2Chr 26:13', '2Chr 28:21', '2Chr 33:11', '2Chr 34:18', '2Chr 35:23', '2Chr 4:11', '2Chr 4:16', '2Chr 8:10', '2Chr 9:21', '2Chr 9:8', '2Chr 9:9', '2Kgs 11:10', '2Kgs 12:7', '2Kgs 13:16', '2Kgs 13:18', '2Kgs 15:20', '2Kgs 16:8', '2Kgs 17:26', '2Kgs 17:4', '2Kgs 18:13', '2Kgs 18:16', '2Kgs 18:9', '2Kgs 22:10', '2Kgs 22:3', '2Kgs 23:10', '2Kgs 23:23', '2Kgs 24:7', '2Kgs 25:2', '2Kgs 25:8', '2Kgs 3:4', '2Kgs 6:12', '2Kgs 7:15', '2Kgs 7:2', '2Kgs 8:5', '2Kgs 9:12', '2Kgs 9:3', '2Kgs 9:6', '2Sam 12:7', '2Sam 17:16', '2Sam 17:17', '2Sam 17:21', '2Sam 18:21', '2Sam 18:25', '2Sam 18:28', '2Sam 24:20', '2Sam 24:23', '2Sam 2:4', '2Sam 2:7', '2Sam 3:17', '2Sam 5:12', '2Sam 5:17', '2Sam 5:3', '2Sam 6:12', 'Dan 1:10', 'Dan 2:2', 'Dan 2:4', 'Dan 4:34', 'Eccl 4:14', 'Esth 10:3', 'Esth 1:9', 'Esth 2:2', 'Esth 2:22', 'Esth 3:7', 'Esth 3:8', 'Esth 5:14', 'Esth 6:4', 'Esth 9:3', 'Exod 14:5', 'Ezek 37:22', 'Ezra 7:8', 'Ezra 8:22', 'Gen 40:1', 'Gen 40:5', 'Hos 10:6', 'Isa 30:33', 'Isa 36:1', 'Isa 57:9', 'Jer 13:18', 'Jer 32:35', 'Jer 36:16', 'Jer 51:31', 'Jer 52:12', 'Jer 52:5', 'Job 18:14', 'Job 34:18', 'Josh 10:28', 'Josh 10:30', 'Josh 2:2', 'Judg 9:15', 'Judg 9:6', 'Lev 18:21', 'Lev 20:2', 'Lev 20:3', 'Lev 20:4', 'Neh 1:11', 'Neh 2:1', 'Neh 2:3', 'Neh 2:5', 'Neh 2:7', 'Neh 2:8', 'Neh 6:6', 'Neh 6:7', 'Num 21:29', 'Ps 45:15', 'Ps 45:2', 'Ps 72:1', 'Zech 14:16', 'Zech 14:17', 'Zech 14:9'], ['Deut 18:10'])
  THE NAME bare tokens per verse and the count / "the LORD your God" singular (יהוה אלהיך) and plural (יהוה אלהיכם) per verse / "to the LORD" (ליהוה) seats in the chapter: ({1: 1, 5: 1, 7: 2, 9: 1, 10: 1, 11: 1, 12: 1, 14: 1, 15: 1, 18: 3, 20: 1, 21: 2, 25: 1, 26: 1, 27: 2, 28: 1, 29: 1, 31: 1}, 23, [7, 9, 15, 18, 20, 21, 27, 28, 29], [5, 7, 10, 11, 12], [4, 11, 31])
  THE CHAPTER'S OWN WORDS (per-verse seats): "the place" (מקום 4725) / "there" (שם / שמה) / "your gates" (שער 8179) / "eat" (398) / "flesh" (1320) / "blood" (1818) / "soul" (5315) / "burnt offering" (5930) / "sacrifice" the noun (2077) and the verb (2076) / "tithe" (4643) / "vow" the noun (5088) and the verb (5087) / "freewill offering" (5071) / "heave offering" (8641) / "firstling" (1062) / "rejoice" (8055) / "their gods" (אלהיהם / לאלהיהם) / "nations" (1471): {'place': ['Deut 12:2', 'Deut 12:3', 'Deut 12:5', 'Deut 12:11', 'Deut 12:13', 'Deut 12:14', 'Deut 12:18', 'Deut 12:21', 'Deut 12:26'], 'gate': ['Deut 12:12', 'Deut 12:15', 'Deut 12:17', 'Deut 12:18', 'Deut 12:21'], 'eat': ['Deut 12:7', 'Deut 12:15', 'Deut 12:15', 'Deut 12:16', 'Deut 12:17', 'Deut 12:18', 'Deut 12:20', 'Deut 12:20', 'Deut 12:20', 'Deut 12:21', 'Deut 12:22', 'Deut 12:22', 'Deut 12:22', 'Deut 12:23', 'Deut 12:23', 'Deut 12:24', 'Deut 12:25', 'Deut 12:27'], 'flesh': ['Deut 12:15', 'Deut 12:20', 'Deut 12:20', 'Deut 12:20', 'Deut 12:23', 'Deut 12:27', 'Deut 12:27'], 'blood': ['Deut 12:16', 'Deut 12:23', 'Deut 12:23', 'Deut 12:27', 'Deut 12:27'], 'soul': ['Deut 12:15', 'Deut 12:20', 'Deut 12:20', 'Deut 12:21', 'Deut 12:23', 'Deut 12:23'], 'burnt': ['Deut 12:6', 'Deut 12:11', 'Deut 12:13', 'Deut 12:14', 'Deut 12:27'], 'sacrifice-n': ['Deut 12:6', 'Deut 12:11', 'Deut 12:27'], 'sacrifice-v': ['Deut 12:15', 'Deut 12:21'], 'tithe': ['Deut 12:6', 'Deut 12:11', 'Deut 12:17'], 'vow-n': ['Deut 12:6', 'Deut 12:11', 'Deut 12:17', 'Deut 12:26'], 'vow-v': ['Deut 12:11', 'Deut 12:17'], 'freewill': ['Deut 12:6', 'Deut 12:17'], 'heave': ['Deut 12:6', 'Deut 12:11', 'Deut 12:17'], 'firstling': ['Deut 12:6', 'Deut 12:17'], 'rejoice': ['Deut 12:7', 'Deut 12:12', 'Deut 12:18'], 'nations': ['Deut 12:2', 'Deut 12:29', 'Deut 12:30']}
  "there" (שם / שמה) per verse / "their gods" per verse / "your God" the suffix forms per verse: ({2: ['שם'], 5: ['שם', 'שמה'], 6: ['שמה'], 7: ['שם'], 11: ['שם', 'שמה'], 14: ['שם', 'ושם'], 21: ['שם'], 29: ['שמה']}, {2: ['אלהיהם'], 3: ['אלהיהם'], 30: ['לאלהיהם', 'אלהיהם'], 31: ['לאלהיהם', 'לאלהיהם']})
  THE FRAME OF THE BOOK — 12:1 against 4:44-45, 5:1, 6:1, 11:32 (the tokens shared) / "which you shall keep to do" and "which I set before you" head forms: (3, 7, 3, 3, ['וזאת', 'התורה', 'אשר', 'שם', 'משה', 'לפני', 'בני', 'ישראל'])
==== C. THE PARSER — the number verses of the chapter and of the kin (the engine's ink_numbers / ink_ordinals; the marked tokens)
  the chapter's verses with a number, an ordinal or a marked token: {14: ([1], [], []), 17: ([], [], ['מעשר*'])}
  12:14 and 12:17 as the engine reads them: (['כי', 'אם', 'במקום', 'אשר', 'יבחר', 'יהוה', 'באחד', 'שבטיך', 'שם', 'תעלה', 'עלתיך', 'ושם', 'תעשה', 'כל', 'אשר', 'אנכי', 'מצוך'], ['לא', 'תוכל', 'לאכל', 'בשעריך', 'מעשר*', 'דגנך', 'ותירשך', 'ויצהרך', 'ובכרת', 'בקרך', 'וצאנך', 'וכל', 'נדריך', 'אשר', 'תדר', 'ונדבתיך', 'ותרומת', 'ידך'])
  the kin's numbers (ink_numbers on the kin verses): {('Num', 18, 26): [], ('Deut', 14, 22): [], ('Deut', 14, 28): [3], ('Lev', 27, 30): [], ('Lev', 27, 32): [], ('Deut', 15, 22): [], ('Lev', 17, 3): [], ('Lev', 17, 11): [], ('Gen', 9, 4): [], ('Exod', 20, 21): [], ('Deut', 7, 5): [], ('Num', 33, 52): [], ('Deut', 14, 23): [], ('Deut', 16, 2): [], ('Deut', 26, 12): [], ('Judg', 17, 6): [], ('Deut', 19, 8): [], ('Exod', 34, 24): [3], ('Num', 18, 21): [], ('Deut', 12, 14): [1]}
  "ten"/"tithe" tokens starred over the book — every מעשר* form the engine marks: [('Deut', 12, 17), ('Deut', 14, 23), ('Deut', 14, 28), ('Deut', 26, 12)]
  "one" (אחד / באחד) tokens in the chapter and the engine's reading of "in one of your tribes": ([(14, 'באחד')], ([1], [], []))
==== D. THE REGISTER — the second-person number by verse (2mp count, 2ms count), the first person, the verb forms, the written/read pair
  2mp / 2ms per verse: {1: (2, 2), 2: (2, 0), 3: (5, 0), 4: (2, 0), 5: (3, 1), 6: (9, 0), 7: (6, 2), 8: (1, 0), 9: (1, 1), 10: (7, 0), 11: (9, 0), 12: (9, 0), 13: (0, 5), 14: (0, 5), 15: (0, 6), 16: (1, 1), 17: (0, 11), 18: (0, 12), 19: (0, 5), 20: (0, 6), 21: (0, 10), 22: (0, 1), 23: (0, 2), 24: (0, 2), 25: (0, 5), 26: (0, 5), 27: (0, 6), 28: (0, 8), 29: (0, 5), 30: (0, 5), 31: (0, 2)}
  singular-only verses: [13, 14, 15, 17, 18, 19, 20, 21, 22, 23, 24, 25, 26, 27, 28, 29, 30, 31]
  plural-only: [2, 3, 4, 6, 8, 10, 11, 12]
  both: [1, 5, 7, 9, 16]
  neither: []
  the plural tokens in the mixed and plural verses: {1: [('תשמרון', 'HVqi2mp/Sn'), ('אתם', 'HPp2mp')], 2: [('תאבדון', 'HVpi2mp/Sn'), ('אתם', 'HPp2mp')], 3: [('ונתצתם', 'HC/Vpq2mp'), ('ושברתם', 'HC/Vpq2mp'), ('תשרפון', 'HVqi2mp/Sn'), ('תגדעון', 'HVpi2mp/Sn'), ('ואבדתם', 'HC/Vpq2mp')], 4: [('תעשון', 'HVqi2mp/Sn'), ('אלהיכם', 'HNcmpc/Sp2mp')], 5: [('אלהיכם', 'HNcmpc/Sp2mp'), ('שבטיכם', 'HNcmpc/Sp2mp'), ('תדרשו', 'HVqi2mp')], 6: [('והבאתם', 'HC/Vhq2mp'), ('עלתיכם', 'HNcfpc/Sp2mp'), ('וזבחיכם', 'HC/Ncmpc/Sp2mp'), ('מעשרתיכם', 'HNcmpc/Sp2mp'), ('ידכם', 'HNcbsc/Sp2mp'), ('ונדריכם', 'HC/Ncmpc/Sp2mp'), ('ונדבתיכם', 'HC/Ncfpc/Sp2mp'), ('בקרכם', 'HNcbsc/Sp2mp'), ('וצאנכם', 'HC/Ncbsc/Sp2mp')], 7: [('ואכלתם', 'HC/Vqq2mp'), ('אלהיכם', 'HNcmpc/Sp2mp'), ('ושמחתם', 'HC/Vqq2mp'), ('ידכם', 'HNcbsc/Sp2mp'), ('אתם', 'HPp2mp'), ('ובתיכם', 'HC/Ncmpc/Sp2mp')], 8: [('תעשון', 'HVqi2mp/Sn')], 9: [('באתם', 'HVqp2mp')], 10: [('ועברתם', 'HC/Vqq2mp'), ('וישבתם', 'HC/Vqq2mp'), ('אלהיכם', 'HNcmpc/Sp2mp'), ('אתכם', 'HTo/Sp2mp'), ('לכם', 'HR/Sp2mp'), ('איביכם', 'HVqrmpc/Sp2mp'), ('וישבתם', 'HC/Vqq2mp')], 11: [('אלהיכם', 'HNcmpc/Sp2mp'), ('תביאו', 'HVhi2mp'), ('אתכם', 'HTo/Sp2mp'), ('עולתיכם', 'HNcfpc/Sp2mp'), ('וזבחיכם', 'HC/Ncmpc/Sp2mp'), ('מעשרתיכם', 'HNcmpc/Sp2mp'), ('ידכם', 'HNcbsc/Sp2mp'), ('נדריכם', 'HNcmpc/Sp2mp'), ('תדרו', 'HVqi2mp')], 12: [('ושמחתם', 'HC/Vqq2mp'), ('אלהיכם', 'HNcmpc/Sp2mp'), ('אתם', 'HPp2mp'), ('ובניכם', 'HC/Ncmpc/Sp2mp'), ('ובנתיכם', 'HC/Ncfpc/Sp2mp'), ('ועבדיכם', 'HC/Ncmpc/Sp2mp'), ('ואמהתיכם', 'HC/Ncfpc/Sp2mp'), ('בשעריכם', 'HR/Ncmpc/Sp2mp'), ('אתכם', 'HR/Sp2mp')], 16: [('תאכלו', 'HVqi2mp')]}
  first-person plural (1cp) per verse: {8: [('אנחנו', 'HPp1cp')]}
  first-person singular (1cs): {11: [('אנכי', 'HPp1cs')], 14: [('אנכי', 'HPp1cs')], 20: [('אכלה', 'HVqh1cs')], 21: [('צויתך', 'HVpp1cs/Sp2ms')], 28: [('אנכי', 'HPp1cs')], 30: [('ואעשה', 'HC/Vqi1cs'), ('אני', 'HPp1cs')]}
  imperatives (any stem: HV.v / HV..v) per verse: {13: [('השמר', 'HVNv2ms')], 19: [('השמר', 'HVNv2ms')], 23: [('חזק', 'HVqv2ms')], 28: [('שמר', 'HVqv2ms')], 30: [('השמר', 'HVNv2ms')]}
  infinitive absolutes (HV.a): {2: [('אבד', 'HVpa')]}
  consecutive perfects (V.q) per verse — the law's form: {3: ['ונתצתם', 'ושברתם', 'ואבדתם'], 5: ['ובאת'], 6: ['והבאתם'], 7: ['ואכלתם', 'ושמחתם'], 10: ['ועברתם', 'וישבתם', 'והניח', 'וישבתם'], 11: ['והיה'], 12: ['ושמחתם'], 15: ['ואכלת'], 18: ['ושמחת'], 20: ['ואמרת'], 21: ['וזבחת', 'ואכלת'], 26: ['ובאת'], 27: ['ועשית'], 28: ['ושמעת'], 29: ['וירשת', 'וישבת']}
  imperfect second person (V.i2) per verse: {1: [('תשמרון', 'HVqi2mp/Sn')], 2: [('תאבדון', 'HVpi2mp/Sn')], 3: [('תשרפון', 'HVqi2mp/Sn'), ('תגדעון', 'HVpi2mp/Sn')], 4: [('תעשון', 'HVqi2mp/Sn')], 5: [('תדרשו', 'HVqi2mp')], 8: [('תעשון', 'HVqi2mp/Sn')], 11: [('תביאו', 'HVhi2mp'), ('תדרו', 'HVqi2mp')], 13: [('תעלה', 'HVhi2ms'), ('תראה', 'HVqi2ms')], 14: [('תעלה', 'HVhi2ms'), ('תעשה', 'HVqi2ms')], 15: [('תזבח', 'HVqi2ms')], 16: [('תאכלו', 'HVqi2mp'), ('תשפכנו', 'HVqi2ms/Sp3ms')], 17: [('תוכל', 'HVqi2ms'), ('תדר', 'HVqi2ms')], 18: [('תאכלנו', 'HVqi2ms/Sp3ms')], 19: [('תעזב', 'HVqi2ms')], 20: [('תאכל', 'HVqi2ms')], 22: [('תאכלנו', 'HVqi2ms/Sp3ms')], 23: [('תאכל', 'HVqi2ms')], 24: [('תאכלנו', 'HVqi2ms/Sp3ms'), ('תשפכנו', 'HVqi2ms/Sp3ms')], 25: [('תאכלנו', 'HVqi2ms/Sp3ms'), ('תעשה', 'HVqi2ms')], 26: [('תשא', 'HVqi2ms')], 27: [('תאכל', 'HVqi2ms')], 28: [('תעשה', 'HVqi2ms')], 30: [('תנקש', 'HVNi2ms'), ('תדרש', 'HVqi2ms')], 31: [('תעשה', 'HVqi2ms')]}
  narrative (wayyiqtol, V.w) per verse: {}
  participles (V.r) per verse: {2: [('ירשים', 'HVqrmpa'), ('הרמים', 'HTd/Vqrmpa')], 8: [('עשים', 'HVqrmpa')], 9: [('נתן', 'HVqrmsa')], 10: [('מנחיל', 'HVhrmsa'), ('איביכם', 'HVqrmpc/Sp2mp')], 11: [('מצוה', 'HVprmsa')], 14: [('מצוך', 'HVprmsc/Sp2ms')], 28: [('מצוך', 'HVprmsc/Sp2ms')], 29: [('בא', 'HVqrmsa')]}
  the article + participle chain (HTd/V.r) — "who brought you out … who led you … who fed you": [(2, 'הרמים')]
  perfects (V.p) per verse: {1: [('נתן', 'HVqp3ms')], 2: [('עבדו', 'HVqp3cp')], 7: [('ברכך', 'HVpp3ms/Sp2ms')], 9: [('באתם', 'HVqp2mp')], 15: [('נתן', 'HVqp3ms')], 20: [('דבר', 'HVpp3ms')], 21: [('נתן', 'HVqp3ms'), ('צויתך', 'HVpp1cs/Sp2ms')], 31: [('שנא', 'HVqp3ms'), ('עשו', 'HVqp3cp')]}
  prohibitions לא + imperfect: {4: [('תעשון', 'HVqi2mp/Sn')], 8: [('תעשון', 'HVqi2mp/Sn')], 9: [('באתם', 'HVqp2mp')], 16: [('תאכלו', 'HVqi2mp')], 17: [('תוכל', 'HVqi2ms')], 23: [('תאכל', 'HVqi2ms')], 24: [('תאכלנו', 'HVqi2ms/Sp3ms')], 25: [('תאכלנו', 'HVqi2ms/Sp3ms')], 31: [('תעשה', 'HVqi2ms')]}
  "not" (לא / ולא) seats per verse: {4: ['לא'], 8: ['לא'], 9: ['לא'], 16: ['לא'], 17: ['לא'], 23: ['ולא'], 24: ['לא'], 25: ['לא'], 31: ['לא']}
  case tokens per verse: {'12:5': ['כי', 'אם'], '12:9': ['כי'], '12:12': ['כי'], '12:13': ['פן'], '12:14': ['כי', 'אם'], '12:18': ['כי', 'אם'], '12:19': ['פן'], '12:20': ['כי', 'כי'], '12:21': ['כי'], '12:23': ['כי'], '12:25': ['כי'], '12:28': ['כי'], '12:29': ['כי'], '12:30': ['פן'], '12:31': ['כי', 'כי']}
  "saying" (לאמר) seats: [30]
  divine frames (ויאמר/וידבר יהוה): []
  "so that" (למען) seats per verse: {25: ['למען'], 28: ['למען']}
  "so that" count in chapter 12 and in Deuteronomy: (2, 43)
  tokens per verse: {1: 21, 2: 24, 3: 18, 4: 5, 5: 18, 6: 14, 7: 15, 8: 12, 9: 14, 10: 17, 11: 29, 12: 18, 13: 9, 14: 17, 15: 20, 16: 8, 17: 18, 18: 27, 19: 10, 20: 22, 21: 25, 22: 13, 23: 14, 24: 6, 25: 12, 26: 13, 27: 17, 28: 23, 29: 17, 30: 22, 31: 22}
  the chapter's tokens and letters: (520, 2051)
  wtype values in chapter 12: Counter({None: 520})
  the ketiv token(s) of chapter 12: []
==== E. ONKELOS — the renderings' seats over the book (the export's verse numbers; the export's chapter 12 = the DB's, the identity)
  THE SHEKHINAH for "His name" — 12:5 "to set His name there, His dwelling" rendered (לאשראה שכנתיה תמן לבית שכנתיה); every שכנת seat in the book / "the house of His Shekhinah" (בית שכנת) seats: (['אלהן', 'לאתרא', 'די', 'יתרעי', 'יי', 'אלהכון', 'מכל', 'שבטיכון', 'לאשראה', 'שכנתיה', 'תמן', 'לבית', 'שכנתיה', 'תתבעון', 'ותיתון', 'לתמן'], [(1, 42), (3, 24), (4, 39), (6, 15), (7, 21), (12, 5), (12, 11), (12, 21), (14, 23), (14, 24), (16, 2), (16, 6), (16, 11), (23, 15), (26, 2), (31, 17), (31, 18), (32, 10), (32, 20), (32, 40), (33, 12), (33, 16), (33, 26)], [(12, 5), (32, 40)])
  "chooses" (יתרעי) for "will choose" — every seat in the book / "the desire of your soul" (רעות נפשך) seats / רעו forms: ([(12, 5), (12, 11), (12, 14), (12, 18), (12, 21), (12, 26), (14, 23), (14, 24), (14, 25), (14, 26), (15, 20), (16, 2), (16, 6), (16, 7), (16, 11), (16, 15), (16, 16), (17, 8), (17, 10), (17, 15), (18, 5), (18, 6), (21, 5), (23, 17), (26, 2), (31, 11)], [(12, 15), (12, 20), (12, 21), (18, 6)], [(7, 5), (12, 3), (12, 15), (12, 20), (12, 21), (18, 6), (23, 5), (31, 17), (33, 10), (33, 11), (33, 19), (33, 23), (33, 24)])
  "THEIR ERRORS" (טעות) for "their gods" — every seat in the book (the idols' word) / the chapter's seats: (32, [(4, 28), (6, 14), (7, 4), (7, 5), (7, 16), (7, 25), (8, 19), (11, 16), (11, 28), (12, 2), (12, 3), (12, 30), (12, 31), (13, 3), (13, 7), (13, 8), (13, 14), (17, 3), (18, 9), (18, 20), (20, 18), (28, 14), (28, 36), (28, 64), (29, 16), (29, 17), (29, 25), (30, 17), (31, 16), (31, 18), (31, 20), (32, 5)], [(12, 2), (12, 3), (12, 30), (12, 31)])
  "BEFORE THE LORD" (קדם יי) for "to the LORD" and "before the LORD" — the chapter's seats; 12:4 and 12:31 "to the LORD" made "before" / 12:11 "which you vow to the LORD" made "before the LORD": ([(12, 4), (12, 7), (12, 11), (12, 12), (12, 18), (12, 25), (12, 28), (12, 31)], ['לא', 'תעבדון', 'כן', 'קדם', 'יי', 'אלהכון'], ['לא', 'תעבד', 'כן', 'קדם', 'יי', 'אלהך'], ['די', 'תדרון', 'קדם', 'יי'])
  "holy sacrifices" (נכסת קודש) for "your sacrifices" — every seat / "the separation of your hand" (אפרשות יד) for the heave offering — every seat / "the tithe of your holy things" SUPPLIED at 12:26 (מעשר קודשיך) — every מעשר seat in the book: ([(12, 6), (12, 11), (12, 27), (16, 2), (27, 7), (33, 19)], [(12, 6), (12, 11), (12, 17)], ['לחוד', 'מעשר', 'קודשיך', 'דיהון', 'לך', 'ונדרך', 'תטול', 'ותיתי', 'לאתרא', 'די', 'יתרעי', 'יי'], [(12, 17), (12, 26), (14, 23), (14, 28), (26, 12)], [(12, 6), (12, 11), (12, 17), (12, 26), (14, 23), (14, 28), (26, 12), (26, 13)])
  "distanced before the LORD" (דמרחק קדם יי) for "abomination of the LORD" — every מרחק seat / "the flesh of the gazelle" SUPPLIED at 12:15 and 12:22 (בשר טביא) / "the men of your houses" SUPPLIED at 12:7 (אנש בתיכון): ([(7, 25), (7, 26), (12, 31), (14, 3), (17, 1), (18, 12), (22, 5), (23, 19), (24, 4), (25, 16), (27, 15)], ['ודכיא', 'יכלניה', 'כבשר', 'טביא', 'ואילא'], ['ברם', 'כמא', 'די', 'מתאכל', 'בשר', 'טביא', 'ואילא'], ['ותיכלון', 'תמן', 'קדם', 'יי', 'אלהכון', 'ותחדון', 'בכל', 'אושטות', 'ידכון', 'אתון', 'ואנש', 'בתיכון', 'די', 'ברכך', 'יי', 'אלהך'])
  "the house of rest" (בית ניחא) for "the rest" at 12:9 / "securely" (לרחצן) seats / "the unclean and the clean" (מסאבא ודכיא) seats / "you shall slaughter" (תכוס / ותכוס) for זבח — the seats of the Aramaic slaughter verb (נכס) in the book: (['ארי', 'לא', 'אתיתון', 'עד', 'כען', 'לבית', 'ניחא', 'ולאחסנא', 'דיי', 'אלהך', 'יהב', 'לך'], [(12, 10), (33, 12), (33, 28)], [(12, 15), (12, 22), (15, 22)], [(12, 15), (12, 21), (16, 2), (16, 4), (16, 6), (17, 1), (27, 7)], [(12, 21), (16, 2), (27, 7)])
  "you have no permission" (לית לך רשו) for "you may not" — every רשו seat in the book: (['לית', 'לך', 'רשו', 'למיכל', 'בקרויך'], [(12, 6), (12, 11), (12, 17), (15, 2), (16, 5), (17, 15), (21, 16), (22, 3), (22, 19), (22, 29), (24, 4), (24, 10), (32, 8)])
  "what is fit before him" (דכשר קדמוהי) for "right in his eyes" at 12:8 / "what is proper and fit before the LORD" at 12:28 (דתקן ודכשר קדם יי) / "the right in the eyes of the LORD" at 12:25 (דכשר קדם יי) — every כשר seat: (['לא', 'תעבדון', 'ככל', 'די', 'אנחנא', 'עבדין', 'הכא', 'יומא', 'דין', 'גבר', 'כל', 'מן', 'דכשר', 'קדמוהי'], ['תעבד', 'דתקן', 'ודכשר', 'קדם', 'יי', 'אלהך'], ['תעבד', 'דכשר', 'קדם', 'יי'], [(6, 18), (12, 8), (12, 25), (12, 28), (13, 19), (21, 9), (33, 10)])
  "be snared" (תתקל) at 12:30 / "as He spoke to you" (כמא די מליל לך) at 12:20 — the seats of מליל / "as I commanded you" (כמא די פקדתך) at 12:21 — the seats of פקדתך / "let me do so too" (ואעבד כן אף אנא): (['אסתמר', 'לך', 'דילמא', 'תתקל', 'בתריהון', 'בתר'], [(12, 20), (15, 6), (26, 18), (29, 12)], [(12, 21)], ['טעותהון', 'ואעבד', 'כן', 'אף', 'אנא'])
  "the Memra" (מימר) in the chapter — none expected / the parenthesized supplements in the Aramaic export for chapter 12 / "burn" (יוקדין / תוקדון) seats: ([(12, 30)], [], [(6, 13), (7, 5), (7, 25), (9, 21), (10, 16), (10, 20), (12, 3), (12, 31), (13, 5), (13, 17), (14, 16)])
  the Aramaic of 12:2-3 (the demolition) and 12:23 (the blood) and 12:20 (the flesh): (['אבדא', 'תאבדון', 'ית', 'כל', 'אתריא', 'די', 'פלחו', 'תמן', 'עממיא', 'די', 'אתון', 'ירתין', 'יתהון', 'ית', 'טעותהון', 'על', 'טוריא', 'רמיא', 'ועל', 'רמתא', 'ותחות', 'כל', 'אילן', 'עבוף'], ['ותתרעון', 'ית', 'אגוריהון', 'ותתברון', 'ית', 'קמתהון', 'ואשריהון', 'תוקדון', 'בנורא', 'וצלמי', 'טעותהון', 'תקוצצון', 'ותובדון', 'ית', 'שמהון', 'מן', 'אתרא', 'ההוא'], ['לחוד', 'תקף', 'בדיל', 'דלא', 'למיכל', 'דמא', 'ארי', 'דמא', 'הוא', 'נפשא', 'ולא', 'תיכול', 'נפשא', 'עם', 'בשרא'], ['ארי', 'יפתי', 'יי', 'אלהך', 'ית', 'תחומך', 'כמא', 'די', 'מליל', 'לך', 'ותימר', 'אכול', 'בשרא', 'ארי', 'תתרעי', 'נפשך', 'למיכל', 'בשרא', 'בכל', 'רעות', 'נפשך', 'תיכול', 'בשרא'])
==== F. THE ENGLISH'S BRACKETS (the translator's supplements) per verse of chapter 12
  bracket count per verse and the total: ({2: 1, 3: 1, 4: 1, 5: 2, 6: 1, 7: 1, 8: 1, 9: 1, 11: 2, 15: 1, 21: 1, 22: 1, 23: 1, 25: 1, 26: 1, 27: 1, 28: 2, 30: 1, 31: 4}, 25)
  the bracketed strings by verse: {2: ['idols'], 3: ['idols'], 4: ['before'], 5: ['have His Shechinah dwell', 'at the abode of His Shechinah'], 6: ['hand-offerings'], 7: ['the members of'], 8: ['before him'], 9: ['the place of tranquility'], 11: ['Shechinah', 'before'], 15: ['meat of the'], 21: ['Shechinah'], 22: ['meat of the'], 23: ['in order not to eat'], 25: ['proper'], 26: ['tithes'], 27: ['sacred'], 28: ['obey', 'correct and proper before'], 30: ['idols'], 31: ['before', 'distanced before', 'idols', 'idols']}
  parenthesis rows in the English: []
==== G. THE STORE'S GLOSS FAMILIES (every gloss of chapter 12's tokens censused over the whole store: the tokens carrying it, with counts; the glosses ALREADY rewritten by the by-gloss overrides listed apart)
  distinct glosses in the chapter / already in the by-gloss overrides: (241, 36)
  the chapter's glosses ALREADY in the by-gloss overrides (gloss -> rewrite): {'?': '', 'altar-them/their': 'their-altars', 'and-maidservant-you/your': 'and-your-maidservant', 'and-must-you/your': 'and-your-wine', 'and-oil-you/your': 'and-your-oil', 'and-the-judgment': 'and-the-judgments', 'be--make-well': 'do-well', 'be--on-fire-suffix': 'you-shall-burn', 'day-you/your': 'your-days', 'desolate-them/their': 'destroyed-them', 'fell-a-tree-suffix': 'you-shall-cut-down', 'hating-you/your (pl)': 'your-enemies', 'hind-part': 'after', 'hind-part-them/their': 'after-them', 'hind-part-you/your': 'after-you', 'in-gate-you/your': 'within-your-gates', 'increase-you/your': 'your-grain', 'inherit--mode-of-descent)': 'inherit', 'keep/guard-suffix': 'keep', 'leanness': 'only', 'like-as/which': 'as', 'living-being-you/your': 'your-soul', 'scion-you/your (pl)': 'your-tribes', 'something-disgusting': 'abomination', 'spill-forth': 'shed', 'the-blood--of-man': 'the-blood', 'the-enactment': 'the-statutes', 'the-he/it': 'that', 'the-straight': 'the-right', 'there-suffix': 'thither', 'this-place': 'here', 'to-failure-of': 'so-as-not', 'to-possess/inherit-her/its': 'to-possess-it', 'try': 'choose', 'wander-away': 'perish', 'wander-away-suffix': 'you-shall-perish'}
  'God': 290 tokens in 2 words — [('אלהים', 228), ('אלהי', 62)] | in the chapter: [(1, 'אלהי')]
  'God-them/their': 17 tokens in 3 words — [('אלהיהם', 13), ('אלהיהן', 3), ('אלהימו', 1)] | in the chapter: [(2, 'אלהיהם'), (3, 'אלהיהם'), (30, 'אלהיהם')]
  'God-you/your': 252 tokens in 1 words — [('אלהיך', 252)] | in the chapter: [(7, 'אלהיך'), (9, 'אלהיך'), (15, 'אלהיך'), (18, 'אלהיך'), (20, 'אלהיך'), (21, 'אלהיך')]
  'God-you/your (pl)': 85 tokens in 1 words — [('אלהיכם', 85)] | in the chapter: [(4, 'אלהיכם'), (5, 'אלהיכם'), (7, 'אלהיכם'), (10, 'אלהיכם'), (11, 'אלהיכם'), (12, 'אלהיכם')]
  'YHWH': 1525 tokens in 1 words — [('יהוה', 1525)] | in the chapter: [(1, 'יהוה'), (5, 'יהוה'), (7, 'יהוה'), (9, 'יהוה'), (10, 'יהוה'), (11, 'יהוה')]
  'all': 967 tokens in 1 words — [('כל', 967)] | in the chapter: [(1, 'כל'), (2, 'כל'), (8, 'כל'), (11, 'כל'), (14, 'כל'), (19, 'כל')]
  'also': 122 tokens in 1 words — [('גם', 122)] | in the chapter: [(30, 'גם'), (31, 'גם')]
  'altar': 51 tokens in 2 words — [('מזבח', 48), ('מזבחת', 3)] | in the chapter: [(27, 'מזבח')]
  "and-'Asherah-them/their": 2 tokens in 2 words — [('ואשירהם', 1), ('ואשריהם', 1)] | in the chapter: [(3, 'ואשריהם')]
  'and-all': 198 tokens in 1 words — [('וכל', 198)] | in the chapter: [(11, 'וכל'), (17, 'וכל')]
  'and-be': 544 tokens in 22 words — [('ויהי', 194), ('והיה', 157), ('ויהיו', 45), ('והיו', 42)] | in the chapter: [(11, 'והיה')]
  'and-blood--of-man': 3 tokens in 1 words — [('ודם', 3)] | in the chapter: [(27, 'ודם')]
  'and-brighten-up': 11 tokens in 3 words — [('ושמחת', 6), ('ושמחתם', 3), ('ושמח', 2)] | in the chapter: [(7, 'ושמחתם'), (12, 'ושמחתם'), (18, 'ושמחת')]
  'and-burst': 6 tokens in 6 words — [('ונשבר', 1), ('ושבר', 1), ('וישבר', 1), ('ואשבר', 1)] | in the chapter: [(3, 'ושברתם')]
  'and-come/bring': 219 tokens in 22 words — [('ויבא', 74), ('ויבאו', 47), ('והביא', 19), ('ובא', 12)] | in the chapter: [(5, 'ובאת'), (6, 'והבאתם'), (26, 'ובאת')]
  'and-daughter-you/your': 9 tokens in 2 words — [('ובתך', 5), ('ובנתיך', 4)] | in the chapter: [(18, 'ובתך')]
  'and-daughter-you/your (pl)': 2 tokens in 1 words — [('ובנתיכם', 2)] | in the chapter: [(12, 'ובנתיכם')]
  'and-dwell/sit': 69 tokens in 13 words — [('וישב', 30), ('וישבו', 11), ('וישבתם', 7), ('ותשב', 6)] | in the chapter: [(10, 'וישבתם'), (29, 'וישבת')]
  'and-eat': 84 tokens in 12 words — [('ואכלת', 15), ('ואכל', 13), ('ואכלתם', 13), ('ויאכל', 11)] | in the chapter: [(7, 'ואכלתם'), (15, 'ואכלת'), (21, 'ואכלת')]
  'and-firstling-of-man': 3 tokens in 1 words — [('ובכרת', 3)] | in the chapter: [(6, 'ובכרת'), (17, 'ובכרת')]
  'and-flock-you/your': 4 tokens in 1 words — [('וצאנך', 4)] | in the chapter: [(17, 'וצאנך')]
  'and-flock-you/your (pl)': 1 tokens in 1 words — [('וצאנכם', 1)] | in the chapter: [(6, 'וצאנכם')]
  'and-from-flock-you/your': 1 tokens in 1 words — [('ומצאנך', 1)] | in the chapter: [(21, 'ומצאנך')]
  'and-hear': 65 tokens in 12 words — [('וישמע', 33), ('ושמע', 7), ('ושמעת', 7), ('וישמעו', 6)] | in the chapter: [(28, 'ושמעת')]
  'and-house-you/your (pl)': 2 tokens in 2 words — [('וביתכם', 1), ('ובתיכם', 1)] | in the chapter: [(7, 'ובתיכם')]
  'and-idol': 2 tokens in 2 words — [('ופסל', 1), ('ופסילי', 1)] | in the chapter: [(3, 'ופסילי')]
  'and-inheritance': 7 tokens in 1 words — [('ונחלה', 7)] | in the chapter: [(12, 'ונחלה')]
  'and-lest': 3 tokens in 1 words — [('ופן', 3)] | in the chapter: [(30, 'ופן')]
  'and-like-stag': 2 tokens in 1 words — [('וכאיל', 2)] | in the chapter: [(15, 'וכאיל')]
  'and-maidservant-you/your (pl)': 1 tokens in 1 words — [('ואמהתיכם', 1)] | in the chapter: [(12, 'ואמהתיכם')]
  'and-make': 275 tokens in 14 words — [('ויעש', 82), ('ועשית', 70), ('ויעשו', 39), ('ועשה', 32)] | in the chapter: [(27, 'ועשית'), (30, 'ואעשה')]
  'and-not': 358 tokens in 1 words — [('ולא', 358)] | in the chapter: [(23, 'ולא')]
  'and-obj-marker·et': 817 tokens in 1 words — [('ואת', 817)] | in the chapter: [(6, 'ואת'), (22, 'ואת'), (31, 'ואת')]
  'and-over': 116 tokens in 1 words — [('ועל', 116)] | in the chapter: [(2, 'ועל')]
  'and-pass-over': 29 tokens in 12 words — [('ויעבר', 7), ('ועבר', 5), ('ויעברו', 3), ('והעברת', 3)] | in the chapter: [(10, 'ועברתם')]
  'and-possess/inherit': 26 tokens in 11 words — [('וירשתם', 6), ('ויירש', 3), ('וירשת', 3), ('וירש', 2)] | in the chapter: [(29, 'וירשת')]
  'and-present': 4 tokens in 4 words — [('ומתן', 1), ('ותרומה', 1), ('ותרמת', 1), ('ותרומת', 1)] | in the chapter: [(11, 'ותרמת'), (17, 'ותרומת')]
  'and-promise-you/your': 1 tokens in 1 words — [('ונדריך', 1)] | in the chapter: [(26, 'ונדריך')]
  'and-promise-you/your (pl)': 1 tokens in 1 words — [('ונדריכם', 1)] | in the chapter: [(6, 'ונדריכם')]
  'and-rest': 6 tokens in 4 words — [('ותנח', 2), ('וינח', 2), ('והנחתי', 1), ('והניח', 1)] | in the chapter: [(10, 'והניח')]
  'and-sacrifice-you/your (pl)': 2 tokens in 1 words — [('וזבחיכם', 2)] | in the chapter: [(6, 'וזבחיכם'), (11, 'וזבחיכם')]
  'and-say': 898 tokens in 14 words — [('ויאמר', 632), ('ויאמרו', 88), ('ותאמר', 58), ('ואמרת', 40)] | in the chapter: [(20, 'ואמרת')]
  'and-servant-you/your': 8 tokens in 2 words — [('ועבדך', 5), ('ועבדיך', 3)] | in the chapter: [(18, 'ועבדך')]
  'and-servant-you/your (pl)': 1 tokens in 1 words — [('ועבדיכם', 1)] | in the chapter: [(12, 'ועבדיכם')]
  'and-slaughter-an-animal': 16 tokens in 7 words — [('וזבחת', 4), ('ויזבח', 3), ('ויזבחו', 3), ('ונזבחה', 2)] | in the chapter: [(21, 'וזבחת')]
  'and-son-you/your': 17 tokens in 2 words — [('ובניך', 11), ('ובנך', 6)] | in the chapter: [(18, 'ובנך')]
  'and-son-you/your (pl)': 4 tokens in 1 words — [('ובניכם', 4)] | in the chapter: [(12, 'ובניכם')]
  'and-spontaneity-you/your': 1 tokens in 1 words — [('ונדבתיך', 1)] | in the chapter: [(17, 'ונדבתיך')]
  'and-spontaneity-you/your (pl)': 2 tokens in 1 words — [('ונדבתיכם', 2)] | in the chapter: [(6, 'ונדבתיכם')]
  'and-tear-down': 2 tokens in 2 words — [('ונתץ', 1), ('ונתצתם', 1)] | in the chapter: [(3, 'ונתצתם')]
  'and-the-Levite': 10 tokens in 2 words — [('והלוי', 6), ('והלוים', 4)] | in the chapter: [(12, 'והלוי'), (18, 'והלוי')]
  'and-the-blood--of-man': 1 tokens in 1 words — [('והדם', 1)] | in the chapter: [(27, 'והדם')]
  'and-the-flesh': 3 tokens in 1 words — [('והבשר', 3)] | in the chapter: [(27, 'והבשר')]
  'and-the-pure': 3 tokens in 1 words — [('והטהור', 3)] | in the chapter: [(15, 'והטהור'), (22, 'והטהור')]
  'and-the-straight': 2 tokens in 1 words — [('והישר', 2)] | in the chapter: [(28, 'והישר')]
  'and-there': 8 tokens in 1 words — [('ושם', 8)] | in the chapter: [(14, 'ושם')]
  'and-to': 98 tokens in 1 words — [('ואל', 98)] | in the chapter: [(9, 'ואל')]
  'and-to-son-you/your': 9 tokens in 1 words — [('ולבניך', 9)] | in the chapter: [(25, 'ולבניך'), (28, 'ולבניך')]
  'and-under': 3 tokens in 1 words — [('ותחת', 3)] | in the chapter: [(2, 'ותחת')]
  'and-wander-away': 8 tokens in 5 words — [('ואבדתם', 4), ('והאבדתי', 1), ('ויאבדו', 1), ('והאביד', 1)] | in the chapter: [(3, 'ואבדתם')]
  'as-demonstrative': 30 tokens in 1 words — [('אם', 30)] | in the chapter: [(5, 'אם'), (14, 'אם'), (18, 'אם')]
  'be': 505 tokens in 31 words — [('יהיה', 206), ('תהיה', 64), ('היה', 52), ('יהיו', 43)] | in the chapter: [(26, 'יהיו')]
  'be--on-fire': 19 tokens in 6 words — [('ישרף', 5), ('שרף', 5), ('תשרף', 4), ('תשרפו', 2)] | in the chapter: [(31, 'ישרפו')]
  'be-able': 59 tokens in 10 words — [('אוכל', 13), ('תוכל', 11), ('יכלו', 10), ('יוכל', 9)] | in the chapter: [(17, 'תוכל')]
  'bless-you/your': 19 tokens in 5 words — [('יברכך', 10), ('ברכך', 4), ('מברכיך', 2), ('תברכך', 2)] | in the chapter: [(7, 'ברכך')]
  'broaden': 4 tokens in 3 words — [('ירחיב', 2), ('הרחיב', 1), ('מרחיב', 1)] | in the chapter: [(20, 'ירחיב')]
  'burnt-offering-you/your': 7 tokens in 2 words — [('עלתיך', 4), ('עלתך', 3)] | in the chapter: [(13, 'עלתיך'), (14, 'עלתיך'), (27, 'עלתיך')]
  'burnt-offering-you/your (pl)': 3 tokens in 2 words — [('עלתיכם', 2), ('עולתיכם', 1)] | in the chapter: [(6, 'עלתיכם'), (11, 'עולתיכם')]
  'come/bring': 267 tokens in 40 words — [('בא', 59), ('יבא', 32), ('באו', 22), ('תבוא', 13)] | in the chapter: [(9, 'באתם'), (11, 'תביאו'), (29, 'בא')]
  'command': 148 tokens in 9 words — [('צוה', 112), ('מצוה', 13), ('צויתי', 9), ('צו', 7)] | in the chapter: [(11, 'מצוה')]
  'command-you/your': 44 tokens in 5 words — [('מצוך', 28), ('צוך', 8), ('צויתך', 5), ('צויתיך', 2)] | in the chapter: [(14, 'מצוך'), (21, 'צויתך'), (28, 'מצוך')]
  'cord-you/your': 11 tokens in 2 words — [('גבולך', 6), ('גבלך', 5)] | in the chapter: [(20, 'גבולך')]
  'cut': 33 tokens in 13 words — [('כרת', 11), ('תכרת', 7), ('יכרת', 3), ('כרתי', 2)] | in the chapter: [(29, 'יכרית')]
  'daughter-them/their': 2 tokens in 2 words — [('בנתם', 1), ('בנתיהם', 1)] | in the chapter: [(31, 'בנתיהם')]
  'eat': 175 tokens in 15 words — [('יאכל', 50), ('תאכלו', 46), ('תאכל', 34), ('אכל', 10)] | in the chapter: [(16, 'תאכלו'), (20, 'אכלה'), (20, 'תאכל'), (22, 'יאכל'), (23, 'אכל'), (23, 'תאכל')]
  'eat-him/its': 20 tokens in 7 words — [('תאכלנו', 8), ('יאכלנו', 4), ('יאכלהו', 3), ('אכלתהו', 2)] | in the chapter: [(15, 'יאכלנו'), (18, 'תאכלנו'), (22, 'יאכלנו'), (22, 'תאכלנו'), (24, 'תאכלנו'), (25, 'תאכלנו')]
  'entrap': 1 tokens in 1 words — [('תנקש', 1)] | in the chapter: [(30, 'תנקש')]
  'fasten-upon': 11 tokens in 6 words — [('חזק', 6), ('אחזק', 1), ('מחזיק', 1), ('מחזק', 1)] | in the chapter: [(23, 'חזק')]
  'father-you/your': 51 tokens in 3 words — [('אביך', 35), ('אבתיך', 15), ('אבותיך', 1)] | in the chapter: [(1, 'אבתיך')]
  'flesh': 61 tokens in 2 words — [('בשר', 58), ('שאר', 3)] | in the chapter: [(15, 'בשר'), (20, 'בשר')]
  'forever': 60 tokens in 1 words — [('עולם', 60)] | in the chapter: [(28, 'עולם')]
  'from': 214 tokens in 1 words — [('מן', 214)] | in the chapter: [(3, 'מן')]
  'from-all': 80 tokens in 1 words — [('מכל', 80)] | in the chapter: [(5, 'מכל'), (10, 'מכל')]
  'from-circle': 4 tokens in 1 words — [('מסביב', 4)] | in the chapter: [(10, 'מסביב')]
  'from-face-you/your': 20 tokens in 1 words — [('מפניך', 20)] | in the chapter: [(29, 'מפניך'), (30, 'מפניך')]
  'from-herd-you/your': 1 tokens in 1 words — [('מבקרך', 1)] | in the chapter: [(21, 'מבקרך')]
  'from-you/your': 22 tokens in 1 words — [('ממך', 22)] | in the chapter: [(21, 'ממך')]
  'gate-you/your': 11 tokens in 1 words — [('שעריך', 11)] | in the chapter: [(15, 'שעריך')]
  'go-up': 91 tokens in 24 words — [('עלה', 22), ('יעלה', 8), ('אעלה', 7), ('נעלה', 7)] | in the chapter: [(13, 'תעלה'), (14, 'תעלה')]
  'ground-you/your': 12 tokens in 1 words — [('אדמתך', 12)] | in the chapter: [(19, 'אדמתך')]
  'hand-you/your': 41 tokens in 3 words — [('ידך', 37), ('ידיך', 3), ('ידכה', 1)] | in the chapter: [(17, 'ידך'), (18, 'ידך')]
  'hand-you/your (pl)': 7 tokens in 2 words — [('ידכם', 6), ('ידיכם', 1)] | in the chapter: [(6, 'ידכם'), (7, 'ידכם'), (11, 'ידכם')]
  'hate': 14 tokens in 5 words — [('שנא', 8), ('שנואה', 3), ('שנאתם', 1), ('שנאי', 1)] | in the chapter: [(31, 'שנא')]
  'he/it': 459 tokens in 2 words — [('הוא', 451), ('היא', 8)] | in the chapter: [(23, 'הוא')]
  'herd-you/your': 3 tokens in 1 words — [('בקרך', 3)] | in the chapter: [(17, 'בקרך')]
  'herd-you/your (pl)': 2 tokens in 1 words — [('בקרכם', 2)] | in the chapter: [(6, 'בקרכם')]
  'holiness-you/your': 3 tokens in 2 words — [('קדשך', 2), ('קדשיך', 1)] | in the chapter: [(26, 'קדשיך')]
  'how?': 6 tokens in 2 words — [('איכה', 5), ('איך', 1)] | in the chapter: [(30, 'איכה')]
  'in-all': 140 tokens in 1 words — [('בכל', 140)] | in the chapter: [(7, 'בכל'), (13, 'בכל'), (15, 'בכל'), (18, 'בכל'), (20, 'בכל'), (21, 'בכל')]
  'in-earth': 160 tokens in 2 words — [('בארץ', 158), ('בארצת', 2)] | in the chapter: [(1, 'בארץ'), (10, 'בארץ')]
  'in-earth-them/their': 6 tokens in 2 words — [('בארצתם', 3), ('בארצם', 3)] | in the chapter: [(29, 'בארצם')]
  'in-eye': 35 tokens in 2 words — [('בעיני', 33), ('בעין', 2)] | in the chapter: [(25, 'בעיני'), (28, 'בעיני')]
  'in-eye-him/its': 11 tokens in 2 words — [('בעיניו', 10), ('בעינו', 1)] | in the chapter: [(8, 'בעיניו')]
  'in-fire': 37 tokens in 1 words — [('באש', 37)] | in the chapter: [(3, 'באש'), (31, 'באש')]
  'in-gate-you/your (pl)': 1 tokens in 1 words — [('בשעריכם', 1)] | in the chapter: [(12, 'בשעריכם')]
  'in-him/its': 133 tokens in 1 words — [('בו', 133)] | in the chapter: [(11, 'בו'), (18, 'בו')]
  'in-one': 19 tokens in 2 words — [('באחד', 16), ('באחת', 3)] | in the chapter: [(14, 'באחד')]
  'in-place': 37 tokens in 2 words — [('במקום', 36), ('במקם', 1)] | in the chapter: [(14, 'במקום'), (18, 'במקום')]
  'keep/guard': 59 tokens in 11 words — [('תשמרו', 15), ('השמר', 14), ('תשמר', 7), ('שמר', 7)] | in the chapter: [(13, 'השמר'), (19, 'השמר'), (28, 'שמר'), (30, 'השמר')]
  'lest': 59 tokens in 1 words — [('פן', 59)] | in the chapter: [(13, 'פן'), (19, 'פן'), (30, 'פן')]
  'lift/carry': 78 tokens in 18 words — [('ישא', 16), ('תשא', 14), ('נשא', 8), ('שא', 7)] | in the chapter: [(26, 'תשא')]
  'like-all': 35 tokens in 1 words — [('ככל', 35)] | in the chapter: [(8, 'ככל')]
  'like-benediction': 2 tokens in 1 words — [('כברכת', 2)] | in the chapter: [(15, 'כברכת')]
  'like-splendor': 2 tokens in 1 words — [('כצבי', 2)] | in the chapter: [(15, 'כצבי')]
  'like-waters': 4 tokens in 1 words — [('כמים', 4)] | in the chapter: [(16, 'כמים'), (24, 'כמים')]
  'living': 66 tokens in 5 words — [('חי', 20), ('חיה', 17), ('חיים', 15), ('חית', 13)] | in the chapter: [(1, 'חיים')]
  'longing': 6 tokens in 2 words — [('אות', 4), ('תאוה', 2)] | in the chapter: [(15, 'אות'), (20, 'אות'), (21, 'אות')]
  'loosen': 18 tokens in 10 words — [('תעזב', 6), ('עזב', 3), ('עזבו', 2), ('יעזב', 1)] | in the chapter: [(19, 'תעזב')]
  'make': 461 tokens in 22 words — [('עשה', 116), ('תעשה', 97), ('יעשה', 51), ('תעשו', 49)] | in the chapter: [(8, 'עשים'), (14, 'תעשה'), (25, 'תעשה'), (28, 'תעשה'), (31, 'עשו'), (31, 'תעשה')]
  'make-suffix': 9 tokens in 2 words — [('תעשון', 8), ('יעשון', 1)] | in the chapter: [(4, 'תעשון'), (8, 'תעשון')]
  'man': 338 tokens in 3 words — [('איש', 287), ('אנשי', 27), ('אנשים', 24)] | in the chapter: [(8, 'איש')]
  'name-him/its': 58 tokens in 1 words — [('שמו', 58)] | in the chapter: [(5, 'שמו'), (11, 'שמו'), (21, 'שמו')]
  'name-them/their': 10 tokens in 3 words — [('שמם', 4), ('שמתם', 4), ('שמותם', 2)] | in the chapter: [(3, 'שמם')]
  'not': 950 tokens in 3 words — [('לא', 947), ('לוא', 2), ('אל', 1)] | in the chapter: [(4, 'לא'), (8, 'לא'), (9, 'לא'), (16, 'לא'), (17, 'לא'), (24, 'לא')]
  'now': 30 tokens in 1 words — [('עתה', 30)] | in the chapter: [(9, 'עתה')]
  'obj-marker·et': 2549 tokens in 1 words — [('את', 2549)] | in the chapter: [(2, 'את'), (3, 'את'), (5, 'את'), (10, 'את'), (11, 'את'), (19, 'את')]
  'obj-marker·et-them/their': 231 tokens in 5 words — [('אתם', 183), ('אותם', 39), ('אתהן', 5), ('אתהם', 3)] | in the chapter: [(2, 'אתם'), (29, 'אותם'), (29, 'אתם')]
  'obj-marker·et-you/your (pl)': 118 tokens in 1 words — [('אתכם', 118)] | in the chapter: [(10, 'אתכם'), (11, 'אתכם')]
  'over': 995 tokens in 2 words — [('על', 987), ('עלי', 8)] | in the chapter: [(1, 'על'), (2, 'על'), (16, 'על'), (19, 'על'), (24, 'על'), (27, 'על')]
  'particle-of-affirmation': 41 tokens in 1 words — [('אך', 41)] | in the chapter: [(22, 'אך')]
  'place': 41 tokens in 10 words — [('מקום', 24), ('ישית', 3), ('יתיצב', 3), ('שת', 2)] | in the chapter: [(13, 'מקום')]
  'place-of-refuge': 3 tokens in 1 words — [('בטח', 3)] | in the chapter: [(10, 'בטח')]
  'possess/inherit': 17 tokens in 13 words — [('רש', 3), ('יורש', 2), ('יירש', 2), ('תורש', 1)] | in the chapter: [(2, 'ירשים')]
  'present': 30 tokens in 4 words — [('תרומת', 15), ('תרומה', 11), ('מתנת', 2), ('מתנה', 2)] | in the chapter: [(6, 'תרומת')]
  'promise': 25 tokens in 6 words — [('נדר', 15), ('ידר', 3), ('תדר', 3), ('נדרת', 2)] | in the chapter: [(11, 'תדרו'), (17, 'תדר')]
  'promise-you/your': 1 tokens in 1 words — [('נדריך', 1)] | in the chapter: [(17, 'נדריך')]
  'promise-you/your (pl)': 2 tokens in 1 words — [('נדריכם', 2)] | in the chapter: [(11, 'נדריכם')]
  'sacrifice-you/your': 1 tokens in 1 words — [('זבחיך', 1)] | in the chapter: [(27, 'זבחיך')]
  'scion-you/your': 2 tokens in 1 words — [('שבטיך', 2)] | in the chapter: [(14, 'שבטיך')]
  'see': 146 tokens in 23 words — [('ראה', 29), ('ראו', 15), ('יראה', 15), ('תראה', 14)] | in the chapter: [(13, 'תראה')]
  'select': 1 tokens in 1 words — [('מבחר', 1)] | in the chapter: [(11, 'מבחר')]
  'sending-out': 6 tokens in 1 words — [('משלח', 6)] | in the chapter: [(7, 'משלח'), (18, 'משלח')]
  'set': 300 tokens in 19 words — [('נתן', 109), ('נתתי', 44), ('יתן', 42), ('תתן', 31)] | in the chapter: [(1, 'נתן'), (9, 'נתן'), (15, 'נתן'), (21, 'נתן')]
  'slaughter-an-animal': 20 tokens in 9 words — [('תזבח', 5), ('יזבחו', 3), ('תזבחו', 3), ('נזבחה', 2)] | in the chapter: [(15, 'תזבח')]
  'smoothness': 12 tokens in 2 words — [('חלק', 9), ('חלקת', 3)] | in the chapter: [(12, 'חלק')]
  'so': 151 tokens in 1 words — [('כן', 151)] | in the chapter: [(4, 'כן'), (22, 'כן'), (30, 'כן'), (31, 'כן')]
  'so-that': 68 tokens in 1 words — [('למען', 68)] | in the chapter: [(25, 'למען'), (28, 'למען')]
  'something-stationed-them/their': 3 tokens in 2 words — [('מצבתם', 2), ('מצבתיהם', 1)] | in the chapter: [(3, 'מצבתם')]
  'son-them/their': 2 tokens in 1 words — [('בניהם', 2)] | in the chapter: [(31, 'בניהם')]
  'speak': 203 tokens in 14 words — [('דבר', 127), ('ידבר', 16), ('תדבר', 14), ('דברת', 9)] | in the chapter: [(20, 'דבר')]
  'spill-forth-him/its': 4 tokens in 2 words — [('תשפכנו', 3), ('שפכו', 1)] | in the chapter: [(16, 'תשפכנו'), (24, 'תשפכנו')]
  'tenth': 16 tokens in 4 words — [('מעשר', 10), ('עשירת', 3), ('עשירי', 2), ('עשרית', 1)] | in the chapter: [(17, 'מעשר')]
  'tenth-you/your (pl)': 3 tokens in 1 words — [('מעשרתיכם', 3)] | in the chapter: [(6, 'מעשרתיכם'), (11, 'מעשרתיכם')]
  'that': 952 tokens in 1 words — [('כי', 952)] | in the chapter: [(9, 'כי'), (12, 'כי'), (20, 'כי'), (21, 'כי'), (23, 'כי'), (25, 'כי')]
  'the-Jordan': 38 tokens in 1 words — [('הירדן', 38)] | in the chapter: [(10, 'הירדן')]
  'the-Levite': 58 tokens in 2 words — [('הלוים', 50), ('הלוי', 8)] | in the chapter: [(19, 'הלוי')]
  'the-be-high-actively': 1 tokens in 1 words — [('הרמים', 1)] | in the chapter: [(2, 'הרמים')]
  'the-day': 159 tokens in 3 words — [('היום', 135), ('הימים', 23), ('הימם', 1)] | in the chapter: [(1, 'הימים'), (8, 'היום')]
  'the-earth': 367 tokens in 3 words — [('הארץ', 364), ('הארצת', 2), ('הארצות', 1)] | in the chapter: [(16, 'הארץ'), (24, 'הארץ')]
  'the-flesh': 16 tokens in 1 words — [('הבשר', 16)] | in the chapter: [(23, 'הבשר'), (27, 'הבשר')]
  'the-foul-in-a-religious-sense': 13 tokens in 3 words — [('הטמא', 10), ('הטמאה', 2), ('הטמאים', 1)] | in the chapter: [(15, 'הטמא'), (22, 'הטמא')]
  'the-good': 17 tokens in 5 words — [('הטובה', 6), ('הטוב', 4), ('הטבת', 3), ('הטבה', 3)] | in the chapter: [(28, 'הטוב')]
  'the-ground': 64 tokens in 1 words — [('האדמה', 64)] | in the chapter: [(1, 'האדמה')]
  'the-hillock': 3 tokens in 2 words — [('הגבעה', 2), ('הגבעות', 1)] | in the chapter: [(2, 'הגבעות')]
  'the-inheritance': 1 tokens in 1 words — [('הנחלה', 1)] | in the chapter: [(9, 'הנחלה')]
  'the-living-being': 29 tokens in 2 words — [('הנפש', 27), ('הנפשות', 2)] | in the chapter: [(23, 'הנפש')]
  'the-mountain': 52 tokens in 2 words — [('ההר', 47), ('ההרים', 5)] | in the chapter: [(2, 'ההרים')]
  'the-nation': 33 tokens in 2 words — [('הגוים', 27), ('הגוי', 6)] | in the chapter: [(2, 'הגוים'), (29, 'הגוים'), (30, 'הגוים')]
  'the-place': 53 tokens in 2 words — [('המקום', 52), ('המקמות', 1)] | in the chapter: [(2, 'המקמות'), (3, 'המקום'), (5, 'המקום'), (11, 'המקום'), (21, 'המקום'), (26, 'המקום')]
  'the-repose': 1 tokens in 1 words — [('המנוחה', 1)] | in the chapter: [(9, 'המנוחה')]
  'the-splendor': 1 tokens in 1 words — [('הצבי', 1)] | in the chapter: [(22, 'הצבי')]
  'the-stag': 1 tokens in 1 words — [('האיל', 1)] | in the chapter: [(22, 'האיל')]
  'the-these': 88 tokens in 2 words — [('האלה', 80), ('האל', 8)] | in the chapter: [(28, 'האלה'), (30, 'האלה')]
  'the-word/thing': 107 tokens in 2 words — [('הדבר', 63), ('הדברים', 44)] | in the chapter: [(28, 'הדברים')]
  'there': 134 tokens in 1 words — [('שם', 134)] | in the chapter: [(2, 'שם'), (5, 'שם'), (7, 'שם'), (11, 'שם'), (14, 'שם'), (21, 'שם')]
  'there-is-not': 76 tokens in 1 words — [('אין', 76)] | in the chapter: [(12, 'אין')]
  'these': 129 tokens in 1 words — [('אלה', 129)] | in the chapter: [(1, 'אלה')]
  'to': 1149 tokens in 1 words — [('אל', 1149)] | in the chapter: [(5, 'אל'), (9, 'אל'), (26, 'אל')]
  'to-God-them/their': 8 tokens in 2 words — [('לאלהיהם', 7), ('לאלהיהן', 1)] | in the chapter: [(30, 'לאלהיהם'), (31, 'לאלהיהם')]
  'to-YHWH': 255 tokens in 1 words — [('ליהוה', 255)] | in the chapter: [(4, 'ליהוה'), (11, 'ליהוה'), (31, 'ליהוה')]
  'to-eat': 13 tokens in 1 words — [('לאכל', 13)] | in the chapter: [(17, 'לאכל'), (20, 'לאכל')]
  'to-face': 238 tokens in 2 words — [('לפני', 235), ('לפנים', 3)] | in the chapter: [(7, 'לפני'), (12, 'לפני'), (18, 'לפני')]
  'to-him/its': 466 tokens in 2 words — [('לו', 343), ('אליו', 123)] | in the chapter: [(12, 'לו')]
  'to-make': 76 tokens in 3 words — [('לעשות', 66), ('לעשת', 9), ('לעשה', 1)] | in the chapter: [(1, 'לעשות')]
  'to-possess/inherit': 10 tokens in 2 words — [('לרשת', 9), ('להוריש', 1)] | in the chapter: [(29, 'לרשת')]
  'to-put/set': 5 tokens in 1 words — [('לשום', 5)] | in the chapter: [(5, 'לשום'), (21, 'לשום')]
  'to-reside': 8 tokens in 1 words — [('לשכן', 8)] | in the chapter: [(11, 'לשכן')]
  'to-residence-him/its': 1 tokens in 1 words — [('לשכנו', 1)] | in the chapter: [(5, 'לשכנו')]
  'to-say': 306 tokens in 2 words — [('לאמר', 305), ('לאמור', 1)] | in the chapter: [(30, 'לאמר')]
  'to-you/your': 363 tokens in 2 words — [('לך', 302), ('אליך', 61)] | in the chapter: [(1, 'לך'), (9, 'לך'), (13, 'לך'), (15, 'לך'), (19, 'לך'), (20, 'לך')]
  'to-you/your (pl)': 260 tokens in 3 words — [('לכם', 233), ('אליכם', 21), ('אלכם', 6)] | in the chapter: [(10, 'לכם')]
  'tread': 17 tokens in 8 words — [('דרש', 5), ('אדרש', 3), ('דרך', 2), ('תדרך', 2)] | in the chapter: [(5, 'תדרשו'), (30, 'תדרש')]
  'tree': 67 tokens in 3 words — [('עץ', 36), ('עצי', 25), ('עצים', 6)] | in the chapter: [(2, 'עץ')]
  'unit': 15 tokens in 2 words — [('יחדו', 14), ('יחד', 1)] | in the chapter: [(22, 'יחדו')]
  'until': 265 tokens in 1 words — [('עד', 265)] | in the chapter: [(9, 'עד'), (28, 'עד')]
  'verdant': 1 tokens in 1 words — [('רענן', 1)] | in the chapter: [(2, 'רענן')]
  'very-widely-used-as-a-relati': 36 tokens in 1 words — [('כי', 36)] | in the chapter: [(5, 'כי'), (14, 'כי'), (18, 'כי')]
  'we': 28 tokens in 2 words — [('אנחנו', 26), ('נחנו', 2)] | in the chapter: [(8, 'אנחנו')]
  'which': 1650 tokens in 1 words — [('אשר', 1650)] | in the chapter: [(1, 'אשר'), (2, 'אשר'), (5, 'אשר'), (7, 'אשר'), (8, 'אשר'), (9, 'אשר')]
  'widen': 8 tokens in 5 words — [('הרחק', 3), ('ירחק', 2), ('הרחיקו', 1), ('תרחיקו', 1)] | in the chapter: [(21, 'ירחק')]
  'wish-for': 4 tokens in 3 words — [('תאוה', 2), ('התאוו', 1), ('תתאוה', 1)] | in the chapter: [(20, 'תאוה')]
  'with': 127 tokens in 2 words — [('את', 66), ('עם', 61)] | in the chapter: [(23, 'עם')]
  'with-you/your (pl)': 44 tokens in 2 words — [('אתכם', 22), ('עמכם', 22)] | in the chapter: [(12, 'אתכם')]
  'work/serve': 40 tokens in 11 words — [('תעבד', 12), ('עבדו', 7), ('יעבד', 6), ('עבד', 4)] | in the chapter: [(2, 'עבדו'), (30, 'יעבדו')]
  'you': 196 tokens in 2 words — [('אתה', 133), ('אתם', 63)] | in the chapter: [(1, 'אתם'), (2, 'אתם'), (7, 'אתם'), (12, 'אתם'), (18, 'אתה'), (29, 'אתה')]
  the store's "?" glosses in the chapter (verse, idx, token): [(11, 15, 'אנכי'), (14, 15, 'אנכי'), (28, 7, 'אנכי'), (30, 21, 'אני')]
  the overrides file's top-level keys and sizes: {'by_gloss': 604, 'replace': 46, 'by_ref': 859, 'by_skeleton': 14}
==== H. THE PRIOR READS — the kin's ledgers and their Onkelos rows on the kin verses (computed from the ledgers themselves); THE REGISTER'S FINDER on the chapter
  lev_17*: [('lev_17_18_blood_arayot_2026-09-05.md', 46)]
  lev_18*: []
  lev_20*: [('lev_20_sanctions_2026-09-05.md', 27)]
  num_18*: [('num_18_priest_levite_dues_2026-09-10.md', 32)]
  deu_07*: [('deu_07_vaetchanan_ekev_2026-09-17.md', 26), ('deu_07_vaetchanan_ekev_exam_2026-09-18.md', 0)]
  exo_20*: []
  gen_09*: [('gen_09_helper_woman_first_speech_2026-08-24.md', 0)]
  num_33*: [('num_33_journeys_2026-09-12.md', 56), ('num_33_journeys_exam_2026-09-12.md', 0)]
  exo_34*: [('exo_34_second_tablets_2026-09-01.md', 7)]
  exo_23*: [('exo_23_escort_land_2026-09-01.md', 8), ('exo_23_justice_calendar_2026-09-01.md', 7)]
  lev_01*: [('lev_01_call_and_korban_opening_2026-09-03.md', 1), ('lev_01_olah_bird_2026-09-03.md', 1), ('lev_01_olah_cattle_procedure_2026-09-03.md', 3), ('lev_01_olah_flock_2026-09-03.md', 1)]
  lev_03*: [('lev_03_shelamim_2026-09-03.md', 1)]
  lev_07*: [('lev_07_asham_procedure_2026-09-03.md', 4), ('lev_07_fat_blood_dues_2026-09-03.md', 6), ('lev_07_shelamim_types_2026-09-03.md', 6)]
  lev_27*: [('lev_27_valuations_2026-09-05.md', 34)]
  deu_13*: []
  deu_14*: []
  deu_15*: []
  deu_16*: []
  jos_*: []
  jdg_*: []
  num_11*: [('num_11_complaint_quail_2026-09-10.md', 35)]
  the slaughter at the tent and the blood (Leviticus 17:1-16) Onkelos rows by ledger: [('lev_17_18_blood_arayot_2026-09-05.md', 16)]
  the priests' and Levites' dues (Numbers 18:8-32) Onkelos rows by ledger: [('num_18_priest_levite_dues_2026-09-10.md', 25)]
  the shrines destroyed and the idols' silver (Deuteronomy 7:5, 7:25-26) Onkelos rows by ledger: [('deu_07_vaetchanan_ekev_2026-09-17.md', 3)]
  Molech (Leviticus 18:21, 20:2-5) Onkelos rows by ledger: [('lev_20_sanctions_2026-09-05.md', 4), ('lev_17_18_blood_arayot_2026-09-05.md', 1)]
  the altar in every place (Exodus 20:21) — Onkelos rows and Mekhilta rows naming 20:21 / Bachodesh 11 by ledger: ([], [('compiler_code_hunt_2026-09-02.md', 2)])
  the blood at the flood's covenant (Genesis 9:4) Onkelos rows by ledger / the dispossession (Numbers 33:52) / the renewed covenant (Exodus 34:13, 34:24) / the angel's clauses (Exodus 23:24, 23:33): ([], [('num_33_journeys_2026-09-12.md', 1)], [], [('exo_23_escort_land_2026-09-01.md', 1)])
  NEVER READ AHEAD — ledgers with an Onkelos row of Deuteronomy 13-16 (expected none): []
  the ledgers naming a verse of chapter 12 (strict, both book forms): [('deu_01_03_devarim_exam_2026-09-15.md', ['Deuteronomy 12:21']), ('deu_07_vaetchanan_ekev_2026-09-17.md', ['Deut 12:3']), ('deu_11_ekev_reeh_exam_2026-09-20.md', ['Deuteronomy 12:1', 'Deuteronomy 12:2']), ('erection_docket_2026-09-06.md', ['Deut 12:2', 'Deut 12:3']), ('gen_08_toledot_garden_first_rule_2026-08-24.md', ['Deut 12:23']), ('gen_21_blessing_blood_law_2026-08-25.md', ['Deuteronomy 12:23']), ('incense_shekel_docket_2026-09-06.md', ['Deut 12:27']), ('lev_01_olah_cattle_procedure_2026-09-03.md', ['Deut 12:27']), ('lev_03_shelamim_2026-09-03.md', ['Deut 12:16', 'Deut 12:21']), ('lev_21_priests_2026-09-05.md', ['Deut 12:23']), ('lev_23_festivals_2026-09-05.md', ['Deut 12:5']), ('lev_27_valuations_2026-09-05.md', ['Deut 12:11']), ('lev_offering_consolidation_2026-09-04.md', ['Deut 12:21']), ('noahide_exam_reading_2026-09-01.md', ['Deuteronomy 12:23']), ('num_06_priest_blessing_2026-09-09.md', ['Deut 12:5']), ('num_16_18_korach_exam_2026-09-10.md', ['Deut 12:17', 'Deut 12:27']), ('num_18_priest_levite_dues_2026-09-10.md', ['Deut 12:13', 'Deut 12:27', 'Deut 12:6']), ('num_19_21_chukat_exam_2026-09-11.md', ['Deut 12:23']), ('num_28_29_musafim_exam_2026-09-11.md', ['Deut 12:27', 'Deut 12:5']), ('num_29_fall_festivals_2026-09-11.md', ['Deuteronomy 12:6']), ('num_30_vows_2026-09-12.md', ['Deuteronomy 12:1']), ('num_30_vows_exam_2026-09-12.md', ['Deut 12:5']), ('num_33_journeys_exam_2026-09-12.md', ['Deuteronomy 12:9']), ('num_34_borders_exam_2026-09-13.md', ['Deuteronomy 12:1', 'Deuteronomy 12:2']), ('num_35_refuge_cities_2026-09-13.md', ['Deuteronomy 12:29']), ('priesthood_topic_docket_2026-09-06.md', ['Deut 12:27']), ('sanctions_topic_docket_2026-09-05.md', ['Deut 12:8', 'Deut 12:9']), ('shemini_day_run_docket_2026-09-06.md', ['Deut 12:9'])]
  prior Sifrei reads among piskaot 59-81 (ledger, piska, row) and the count: ([('deu_07_vaetchanan_ekev_2026-09-17.md', 61, 7), ('deu_11_ekev_reeh_2026-09-20.md', 80, 4), ('deu_11_ekev_reeh_2026-09-20.md', 80, 5), ('gen_27_the_call_2026-08-25.md', 75, 2), ('gen_31_covenant_pieces_2026-08-25.md', 75, 2)], 5, 501)
  prior reads among the outside rows 2:2, 106:5, 138:1, 145:3, 147:2, 179:2, 286:16: [('deu_01_03_devarim_2026-09-15.md', 2, 2)]
  THE FINDER — the receipt lines the register gate finds in chapter 12 (both forms with the Name): []
  THE FINDER — the footers/headers and the register headers in chapter 12: ([(('Deut', 12, 1), {'noun': 'statutes', 'kind': 'HEADER', 'stamp': 'none'})], [])
  THE FINDER — the receipts in the book so far (chapters 1-12): [('Deut', 1, 3), ('Deut', 1, 19), ('Deut', 1, 41), ('Deut', 4, 5), ('Deut', 5, 12), ('Deut', 5, 16), ('Deut', 5, 32), ('Deut', 10, 5)]
