guard: 65 expectations checked, every one a literal from the answer sheet [honest-pairing guard satisfied]

THE CONSECRATION, SUBSTITUTION, AND DEVOTION MACHINE COMPILES — the two substitution verbs, "beast for beast," "it and its substitute" at the vow and the tithe, the fifth censused five times, the partitive "from all that he has," the ordinal tenth under the rod; three calls into sister engines: the Jubilee engine's tithe naming and the Passover engine's firstling donkey.
THE READBACK (the census, printed before it is asserted): rows 31, grades {'VERBATIM': 6, 'VARIANT': 16, 'EXPANDED': 3, 'SUPPLIED': 6}, on the tape 11, by CALL 14, SUPPLIED ['Deut 12:4', 'Deut 12:7', 'Deut 12:9', 'Deut 12:17', 'Deut 12:19', 'Deut 12:30']
DATA rows (the count, printed before it is asserted): 46
THE DATA CHECKS (printed before they are asserted): {'levites_anywhere': True, 'second_tithe': True, 'counts': (5, 4, 3), 'cell_found': True, 'written_callee': True, 'name_in_clause': False, 'seats': ['Deut 12:21', 'Exod 23:15'], 'n_rows': 6, 'platform': [('before_the_Tabernacle', 'permitted'), ('the_Tabernacle', 'forbidden'), ('Gilgal', 'permitted'), ('Shiloh', 'forbidden'), ('Nob_and_Gibeon', 'permitted'), ('Jerusalem', 'forbidden_forever')], 'platform_agrees': True, 'journeys_agree': True, 'registry': True}
THE SCENE (printed before it is asserted): ((1, 1, 1, 1, 1, 1, 1, 1, 1, 1, 1, 1, 1, 1, 1, 1, 1, 1, 1, 1, 1, 1, 1, 1, 1, 1, 1, 1, 1), (1, 1, 1), 2, (0, 0, 0, 0), 29, 0)
THE NARRATIVE (printed before it is asserted): (8, 0, 2, (11, 1), 0, 0, 0, 0) ['name_erasure_barred', 'place_chosen_required', 'rejoicing_before_the_lord_commanded', 'profane_slaughter_permitted', 'holy_things_in_the_gates_barred', 'levite_forsaking_barred', 'foreign_rite_inquiry_barred'] ['high_places_banned']

PASS  [MOVE]  Deut 12:1; Lev 26:46; Deut 11:32 (the tape — blessing_and_curse_set); TC, BC by CALL — the_headers_twin
        ->  accepted           [heaven]  accepted for him — the offering's acceptance state
PASS  [MOVE]  Deut 12:1; the Sifrei 59:1-4 — the_four_nouns
        ->  accepted           [heaven]  accepted for him — the offering's acceptance state
PASS  [MOVE]  Deut 12:1; Mishnah Kiddushin 1:9; the Sifrei 59:5; BR by CALL — the_land_bound_rule
        ->  accepted           [heaven]  accepted for him — the offering's acceptance state
PASS  [MOVE]  Deut 12:2; Num 33:52 (the tape); Deut 4:26 by CALL; the Sifrei 60:1-4 — destroy_you_shall_destroy
        ->  accepted           [heaven]  accepted for him — the offering's acceptance state
PASS  [MOVE]  Deut 12:3; Deut 7:5 (the tape); Exod 34:13 by CALL (ER demolition_grows); the Sifrei 61:1-4 — the_five_verbs
        ->  accepted           [heaven]  accepted for him — the offering's acceptance state
PASS  [MOVE]  Deut 12:3; the Sifrei 61:6-7 — the_renaming
        ->  accepted           [heaven]  accepted for him — the offering's acceptance state
PASS  [MOVE]  Deut 12:2; Mishnah Avodah Zarah 3:5; Avodah Zarah 45a-b; the Sifrei 60:4 — the_mountains_not_their_gods
        ->  accepted           [heaven]  accepted for him — the offering's acceptance state
PASS  [MOVE]  Deut 12:3; Mishnah Avodah Zarah 3:7-8; the Sifrei 61:5-6; SN by CALL — the_three_asherim
        ->  accepted           [heaven]  accepted for him — the offering's acceptance state
PASS  [MOVE]  Deut 12:4 (THE WRITE name_erasure_barred); the Sifrei 61:8; Sanhedrin 90a:3; Shabbat 120b:10 — you_shall_not_do_so
        ->  name_erasure_barred [block]  the Name's erasure barred — the BLOCK the line demolition_restated writes on Israel: 'YOU SHALL NOT DO SO TO THE LORD YOUR GOD' (12:4, after the demolition's five verbs) — THE VALUE FROM THE SHELF, three readings at one seat (the Sifrei 61:8): the LORD's altar not demolished (the demolition itself a POSITIVE COMMAND on the nations' altars — Sanhedrin 90a:3), His Name not erased (any sacred item, Avodah Zarah 13b:3; the mezuzah's Name, Sanhedrin 113a:3, 71a:17; the act not the cause — Shabbat 120b:10: one may cause the erasure, not erase; the coating, Temurah 28b:7), the wrong rite not offered (12:31's pair — 'you shall not do so' singular: the liability for the wrong altar keyed to the Temple's rite, the Sifrei 81:5); ITS LASHES — the erasure of the Name flogged (Makkot 22a:9 — credited from chapter 7's docket; Pesachim 48a:7); the demolition's rows REFERENCE rows — nations_devoted (7:1-5, the ban's debit OPEN to Joshua) and dispossession_commanded (33:50-56) on the tape by kind, erection.covenant('demolition_grows', 'cut_four') by CALL (its assert on the verbs at Exodus 34:13, Deuteronomy 7:5 AND 12:3 — the chapter measured there before its reading), journeys.the_command('high_places', 'three_objects_own'), ordinances.land('break_pillars'), seven_nations.the_seven_nations('the_asherah_wood') by CALL — NO NEW DEBIT; the five verbs against 7:5's four (the name the fifth — the renaming for the worse, 61:7); 'from that place' the Land (61:6); the three Asherim and the three houses (61:5-6 — Mishnah Avodah Zarah 3:7); the mountains not their gods (Mishnah Avodah Zarah 3:5 — 60:4; Avodah Zarah 45a-46a credited from chapter 7's docket)
PASS  [MOVE]  Deut 12:4; Makkot 22a:9; Pesachim 48a:7 — the_erasures_lashes
        ->  lashes             [body]  liable to lashes — the flogging entry on the court docket
PASS  [MOVE]  Deut 12:5 (THE LINE place_chosen_declared; THE WRITE place_chosen_required); Exod 40:17 (the tape — erected); SD by CALL — the_place_which_the_lord_will_choose
        ->  place_chosen_required [status]  the place chosen required — the STATUS the line place_chosen_declared writes on Israel: 'BUT TO THE PLACE WHICH THE LORD YOUR GOD WILL CHOOSE FROM ALL YOUR TRIBES TO PUT HIS NAME THERE — HIS DWELLING YOU SHALL SEEK, and there you shall come; and you shall bring there your burnt offerings and your sacrifices, your tithes and the heave offering of your hand, your vows and your freewill offerings, and the firstlings of your herd and of your flock' (12:5-6); 'then the place which the LORD your God will choose to make His name dwell there — there you shall bring all that I command you' (12:11); 'in the place which the LORD will choose in one of your tribes' (12:14) — THE PLACE INSTALLED HERE ('will choose' none before the chapter; 'to put His name there' and 'to make His name dwell there' the two forms; His dwelling the Bible's one seat, the Shekhinah supplied by Onkelos; the two seekings — His dwelling sought, 12:5, and the place found, 12:11): THE VALUE FROM THE SHELF — THE NAME PRONOUNCED ONLY THERE (Mishnah Sotah 7:6 — the priestly blessing's Name as written in the Temple, by its substitute in the provinces; Sotah 38a:10 by the verbal analogy 'to put His name there'; 38a:11 R. Yoshiya's TRANSPOSITION of Exodus 20:20 'in every place where I cause My name to be mentioned I will come to you' read 'in every place where I come to you — the Temple — you may mention My name'); 'IN ONE OF YOUR TRIBES' [1] — the ground from one tribe (Benjamin's strip, Zevachim 118b:6-12; 33:12 ahead), the money from all (the Sifrei 62:2-3, 70:4); THE SEVEN OFFERINGS' THREE LISTS (12:6, 12:11 with 'the choice of your vows' — 68:6 Shiloh's and Jerusalem's; 12:17) — the first fruits for the heave offering of the hand (63:9); 'there — thither' two partitions (67:4); THE STATIONS the eras table's own ink — the six rows read by CALL, unmoved; the second tithe at Nob and Gibeon disputed (Zevachim 119a:7-8 — 'three temples'); THE REST AND THE INHERITANCE four ways (119a:9-13, 119b:1-5) — 12:9 the STATE ROW, no write; the answer sheet's order following the chapter's (Rambam's Introduction 15:74-75); 12:10-11 'when He gives you rest … then the place' — THE INSTALL HYPOTHESIS's own ink (the installer boot as the form; a DATA row); David's rest before the seeking of the site (2 Samuel 7:1; Sanhedrin 20b:14)
PASS  [MOVE]  Deut 12:5; Mishnah Sotah 7:6; Sotah 38a:10-11; OR by CALL — the_name_pronounced_only_there
        ->  accepted           [heaven]  accepted for him — the offering's acceptance state
PASS  [MOVE]  Deut 12:14 [1]; the Sifrei 62:2-3, 70:4; Zevachim 118b:6-12 — in_one_of_your_tribes
        ->  accepted           [heaven]  accepted for him — the offering's acceptance state
PASS  [MOVE]  Deut 12:6, 12:11, 12:17; Num 18:8 (the tape — gifts_granted); KR, OR by CALL; the Sifrei 63:9, 68:6 — the_seven_offerings
        ->  accepted           [heaven]  accepted for him — the offering's acceptance state
PASS  [MOVE]  Deut 12:7 (THE WRITE rejoicing_before_the_lord_commanded); the Sifrei 64:1-4; Mishnah Yoma 1:1 — eat_there_and_rejoice
        ->  rejoicing_before_the_lord_commanded [status]  the rejoicing before the LORD commanded — the STATUS the line place_chosen_declared writes on Israel: 'AND YOU SHALL EAT THERE BEFORE THE LORD YOUR GOD, AND YOU SHALL REJOICE in all that you put your hand to, you and your households, wherein the LORD your God has blessed you' (12:7); 'and you shall rejoice before the LORD your God, you and your sons and your daughters, your menservants and your maidservants, and the Levite within your gates' (12:12); 'you and your son and your daughter, your manservant and your maidservant, and the Levite within your gates, and you shall rejoice before the LORD your God' (12:18) — THE LAW'S FIRST SEAT (16:11, 16:14 the feasts' ahead; 26:11; 27:7), SUPPLIED WITH ITS WRITE at the chapter's own day (9b's lesson): THE VALUE FROM THE SHELF — the rejoicing the peace offerings of rejoicing (the Sifrei 64:2 — 138:1's analogy with 27:7 'you shall sacrifice peace offerings … and rejoice'); within the partition (64:1); 'YOUR HOUSEHOLDS' — his house is his wife (Mishnah Yoma 1:1 — 64:4); the household's list 5:14's by CALL (covenant_at_horeb.the_first_tablet — the servants' rest; the ox and the ass absent here), the dearer first (69:3, 74:4 — the son before the servant, the Levite last: the ladder of support, 69:4, 74:5); THE WOMAN'S REJOICING A TWO-ARM PARAMETER — her own obligation, or her husband's to make her joyful (Rosh Hashanah 6b:15-16: Abaye's 'a woman, her husband makes her rejoice'); THE DELAY'S CLOCK on the vows brought there (6b:3 the three festivals in order; 6b:10 Shavuot's date floating; 6b:13 the heir excluded — credited from the vows' docket, Rosh Hashanah 4a-6b); the Levite's pilgrimage (Pesachim 8b — credited)
PASS  [MOVE]  Deut 12:12, 12:18; Num 18:20 (the tape — portion_declared); Deut 5:14 by CALL (CH); the Sifrei 69:3-4, 74:4-5 — your_households
        ->  accepted           [heaven]  accepted for him — the offering's acceptance state
PASS  [MOVE]  Deut 12:8; Zevachim 117b:3, 114a:13; SA by CALL; Judges 17:6, 21:25 — not_as_we_do_here_today
        ->  accepted           [heaven]  accepted for him — the offering's acceptance state
PASS  [MOVE]  Deut 12:9 (THE STATE ROW), 12:10; Zevachim 119a:9-13, 119b:1-5; BH, TC by CALL — the_rest_and_the_inheritance
        ->  accepted           [heaven]  accepted for him — the offering's acceptance state
PASS  [MOVE]  Deut 12:9-11; Mishnah Zevachim 14:4-8; Zevachim 112b:9-12, 118b:13-119a:2; SD, SA, JO by CALL — the_stations_six_rows
        ->  accepted           [heaven]  accepted for him — the offering's acceptance state
PASS  [MOVE]  Deut 12:10-11; Sanhedrin 20b:8-14; the Sifrei 67:1-3 — the_three_commandments_of_the_entry
        ->  accepted           [heaven]  accepted for him — the offering's acceptance state
PASS  [MOVE]  Deut 12:9; Mishnah Megillah 1:10-11; Megillah 10a:2-9 — the_second_answer_sheet
        ->  accepted           [heaven]  accepted for him — the offering's acceptance state
PASS  [MOVE]  Deut 12:7, 12:12, 12:18; Rosh Hashanah 6b:15-16, 6b:3-13 — the_womans_rejoicing
        ->  accepted           [heaven]  accepted for him — the offering's acceptance state
PASS  [MOVE]  Deut 12:13 (THE REUSE high_places_banned); Lev 17:8-9 by CALL (SA outside); the Sifrei 70:1-2 — take_heed_lest_you_offer_in_every_place
        ->  high_places_banned [block]  high places banned — the BLOCK written on the LAND's era from the day the tabernacle stood: offerings only at the door of the tent of meeting, the service by the priests not the firstborn; the eras table flips it (Gilgal permitted, Shiloh banned, Nov and Gibeon permitted, Jerusalem banned forever); the run's date is the first boundary
PASS  [MOVE]  Deut 12:14; SA platform, SD eras by CALL; the Sifrei 70:3-4 — in_the_place_which_the_lord_will_choose
        ->  accepted           [heaven]  accepted for him — the offering's acceptance state
PASS  [MOVE]  Deut 12:13; the Sifrei 70:3; 1 Kings 18 — the_prophets_exception
        ->  exempt             [status]  exempt — no entry opens; the ledger stays clean
PASS  [MOVE]  Deut 12:13-14; Zevachim 112b:13-113a:2, 119b:10-20; SD, SA by CALL — the_karet_matrix
        ->  accepted           [heaven]  accepted for him — the offering's acceptance state
PASS  [MOVE]  Deut 12:15 (THE LINE profane_slaughter_permitted; THE WRITE profane_slaughter_permitted); Lev 17:3-5 by CALL (SA outside); Chullin 16b-17a; the Sifrei 71:1-2, 75:3-4 — with_all_the_desire_of_your_soul
        ->  profane_slaughter_permitted [status]  the profane slaughter permitted — the STATUS the line profane_slaughter_permitted writes on Israel, CONDITIONAL ON THE ENTRY: 'ONLY, WITH ALL THE DESIRE OF YOUR SOUL YOU MAY SLAUGHTER AND EAT FLESH according to the blessing of the LORD your God which He has given you, in all your gates; THE UNCLEAN AND THE CLEAN MAY EAT IT, AS THE GAZELLE AND AS THE HART' (12:15); 'when the LORD your God enlarges your border, as He has spoken to you … with all the desire of your soul you may eat flesh; when the place … is too far from you, you shall slaughter of your herd and of your flock which the LORD has given you, AS I HAVE COMMANDED YOU, and eat within your gates with all the desire of your soul; as the gazelle and the hart are eaten, so you shall eat it — the unclean and the clean together' (12:20-22) — THE RELEASE SAID IN NEW WORDS (one token in order with Leviticus 17:3-5): A LAW CHANGED BY A PLACE — THE VALUE FROM THE SHELF: the_wilderness_flesh a PARAMETER (R. Yishmael — the flesh of desire forbidden in the wilderness, eaten only as an offering at the tent's door, RELEASED at the entry, the distance its ground: near the Tabernacle they ate from God's table, Chullin 16b:14-17; R. Akiva — the flesh of desire never forbidden, the wilderness permitted the STABBED flesh and the entry requires the RITE, 17a:2-4; THE EXILE'S THIRD STATE — 'one may always slaughter', 16b:16, 17a:3; the Sifrei 75:3-4); the wild animal outside the ban either way (17a:10 — 12:22's gazelle); THE RITE 'as I have commanded you' (12:21) — THE RECEIPT WITHOUT THE NAME, its referent THE ORAL LAW: the_rite_of_slaughter a PARAMETER (Rabbi — the gullet and the windpipe, the majority of one for a bird and of two for an animal: Mishnah Chullin 2:1 the value; Chullin 28a:5 'Moses was commanded on the gullet and the windpipe', 85b:16, 86a:3; the Sifrei 75:15 the comparison that teaches and is taught — the wild animal's slaughter, the bird's by the scribes for R. Elazar HaKappar, 28a:4; which sign for a bird, 28a:6; the uncertainty rule 28a:8; everyone, always, anything that cuts, 17a:16); 'OF your cattle' the partitive — THE CIVILITY (Chullin 84a:18-21: meat as if trapped, one's own not the market's; R. Elazar ben Azaria's ladder of means; 84b:4 below one's means for oneself, above them for wife and children); THE BLEMISHED CONSECRATED (Mishnah Bekhorot 2:2-3 — Bekhorot 15b:9-12: the consecration before the blemish 'ONLY THE PERMISSION OF CONSUMPTION' — 12:15's release read on the redeemed animal; 15a:6-8 the firstborn and the gifts excluded by 'as the gazelle and the hart' with 'however' bounding; 15b:1 'you may slaughter and eat' the permission from the slaughter; the eaters 33a:4-11 — a gentile eats it, 'the impure' UNQUALIFIED unlike Numbers 9:10; 33b:16); one dish, not the heave offering (75:11); the court-slaughter bar (Kiddushin 57b:15-17); the quails' craving the kin (Numbers 11:4 — beha by CALL a DATA row); 'let me eat flesh' one seat
PASS  [MOVE]  Deut 12:15, 12:22; Bekhorot 33a:1-5; the Sifrei 71:3-6 — the_unclean_and_the_clean
        ->  accepted           [heaven]  accepted for him — the offering's acceptance state
PASS  [MOVE]  Deut 12:15; Mishnah Bekhorot 2:2-3; Bekhorot 15a:5-16a — the_blemished_consecrated
        ->  accepted           [heaven]  accepted for him — the offering's acceptance state
PASS  [MOVE]  Deut 12:15; Bekhorot 33a:4-11 — the_eaters
        ->  accepted           [heaven]  accepted for him — the offering's acceptance state
PASS  [MOVE]  Deut 12:16, 12:24; Lev 17:10-14 by CALL (SA blood, covering); Chullin 84a; Pesachim 22a:8; Mishnah Makhshirin 6:4; the Sifrei 71:13-14 — the_blood_like_water
        ->  accepted           [heaven]  accepted for him — the offering's acceptance state
PASS  [MOVE]  Deut 12:17 (THE WRITE holy_things_in_the_gates_barred); Num 18:31 by CALL (KR every_place); the Sifrei 72:1-8; Mishnah Makkot 3:3 — you_may_not_eat_within_your_gates
        ->  holy_things_in_the_gates_barred [block]  the holy things in the gates barred — the BLOCK the line profane_slaughter_permitted writes on Israel: 'YOU MAY NOT EAT WITHIN YOUR GATES the tithe of your grain, your wine and your oil, the firstlings of your herd and of your flock, all your vows which you vow, your freewill offerings and the heave offering of your hand; but before the LORD your God you shall eat it, in the place which the LORD your God will choose' (12:17-18) — THE SECOND TITHE'S FIRST SEAT (14:22-26 ahead; the firstling's eating 15:19-23 ahead): THE VALUE FROM THE SHELF — 'you may not' read 'you are not permitted' (the Sifrei 72:1; Onkelos the same); THE LADDER OF A FORTIORI ON 12:17'S LIST at its Bavli seat (Makkot 17a:12-17b:1 — R. Shimon's five rungs from the tithe to the firstling to the vows to the freewill offerings to the heave offering; Rava's refutation of each, 17b:3-8; THE LIST READ BACKWARD, 17b:9; a mere prohibition from the inference — no lashes from an inference, 17b:10; the repetition designates, not the a fortiori, 18a:1-2; the Sifrei 72:9-11, 73:1, 74:1 — a decision table); THE LASHES — Mishnah Makkot 3:3: one who eats the second tithe or the firstling outside the wall, or the holy things outside the curtains, is FLOGGED (Makkot 13a-b credited whole; the lashes per type Keritot 4b:29-5a:2); THE SECOND TITHE AND THE TEMPLE (Makkot 19a:3-5 — juxtaposed to the firstborn at 14:23; 19a:7 the common element refuted; 19a:10 the chain rule); THE IMPURE TITHE'S WARNING FROM THE CHAPTER'S OWN GATES (19b:3-7 — 12:15's 'the impure … within your gates' against 12:17's 'you may not eat within your gates'); THE BAR'S ONSET AT THE WALL (19b:15 — 12:18 read with 12:17; one stride outside, 19b:9-13; 'too far' as any inability to carry — 'unable to carry it' is eating); THE TWO TITHES — Numbers 18:31's 'in every place' THE LEVITES' TITHE EATEN ANYWHERE (korach.the_tithe('every_place') by CALL; tithe_granted on the Levites) against the second tithe at the place; the tithe's joint owners (77:7-8); the tithe STARRED by the parser (12:17 — the reading's measurement); the gifts of the priesthood (Mishnah Chullin 10:1 — 71:9-10, the Sifrei 71:9); the order of offerings (Mishnah Zevachim 10:1-2 — 147:2)
PASS  [MOVE]  Deut 12:17; Makkot 17a:12-18a:2; the Sifrei 72:9-11, 73:1, 74:1 — the_ladder_of_a_fortiori
        ->  accepted           [heaven]  accepted for him — the offering's acceptance state
PASS  [MOVE]  Deut 12:17; Makkot 17b:9-10 — the_list_read_backward
        ->  accepted           [heaven]  accepted for him — the offering's acceptance state
PASS  [MOVE]  Deut 12:17; Mishnah Makkot 3:3; Makkot 13a-b, 19b:15 — the_lashes_outside_the_wall
        ->  lashes             [body]  liable to lashes — the flogging entry on the court docket
PASS  [MOVE]  Deut 12:15-17; Makkot 19a:3-10, 19b:3-13 — the_impure_tithes_warning
        ->  accepted           [heaven]  accepted for him — the offering's acceptance state
PASS  [MOVE]  Deut 12:17; Num 18:31 (the tape — tithe_of_the_tithe_commanded); KR by CALL; the Sifrei 77:7-8 — the_two_tithes
        ->  accepted           [heaven]  accepted for him — the offering's acceptance state
PASS  [MOVE]  Deut 12:18; Deut 5:14 by CALL (CH); the Sifrei 74:2-4; Makkot 19b:15 — before_the_lord_you_shall_eat_it
        ->  accepted           [heaven]  accepted for him — the offering's acceptance state
PASS  [MOVE]  Deut 12:19 (THE WRITE levite_forsaking_barred); the Sifrei 74:6-7; Pesachim 8b — lest_you_forsake_the_levite
        ->  levite_forsaking_barred [block]  the Levite's forsaking barred — the BLOCK the line profane_slaughter_permitted writes on Israel: 'TAKE HEED TO YOURSELF LEST YOU FORSAKE THE LEVITE all your days on your land' (12:19) — the verse alone in the Bible (its clause no other seat): THE VALUE FROM THE SHELF — a prohibition by the shelf's reading of 'take heed … lest' (the Sifrei 74:6-7: 'take heed' a negative command — 70:1's rule); 'all your days' — even in sabbatical years and jubilees (74:8); 'on your land' — in the Land, not in the exile (74:9): the bar's scope; THE LADDER OF SUPPORT (69:4, 74:5 — the Levite's gifts and the tithe's ladder); the Levite's reason at 12:12 — 'for he has no portion nor inheritance with you' (portion_declared on the tape, Numbers 18:20 — inheritance_barred on the Levites, korach.the_tithe by CALL); the Levite within your gates at the rejoicing (12:12, 12:18 — the dearer first, the Levite last: 69:3, 74:4); the Levite's pilgrimage (Pesachim 8b:7-9 — credited); Numbers 18:31's tithe eaten anywhere the Levites' own (the two tithes — a DATA row)
PASS  [MOVE]  Deut 12:19; the Sifrei 74:8-9 — the_levites_scope
        ->  exempt             [status]  exempt — no entry opens; the ledger stays clean
PASS  [MOVE]  Deut 12:20 (THE POINTER); Exod 34:24 by CALL (ER repeats); the Sifrei 75:1-2 — when_the_lord_enlarges_your_border
        ->  accepted           [heaven]  accepted for him — the offering's acceptance state
PASS  [MOVE]  Deut 12:20-21; Chullin 16b:14-17a:10; the Sifrei 75:3-4 (the parameter the_wilderness_flesh) — the_wilderness_flesh
        ->  accepted           [heaven]  accepted for him — the offering's acceptance state
PASS  [MOVE]  Deut 12:21; Makkot 19b:9-13; Chullin 16b:17 — too_far
        ->  accepted           [heaven]  accepted for him — the offering's acceptance state
PASS  [MOVE]  Deut 12:21 (THE RECEIPT WITHOUT THE NAME); Exod 23:15 by CALL (CA matzah); Chullin 28a:5; the Sifrei 75:15 — as_i_have_commanded_you
        ->  accepted           [heaven]  accepted for him — the offering's acceptance state
PASS  [MOVE]  Deut 12:21; Mishnah Chullin 2:1; Chullin 28a:4-13 (the parameter the_rite_of_slaughter) — the_rite_of_slaughter
        ->  accepted           [heaven]  accepted for him — the offering's acceptance state
PASS  [MOVE]  Deut 12:21; Chullin 84a:18-84b:4; the Sifrei 75:5 — the_civility
        ->  accepted           [heaven]  accepted for him — the offering's acceptance state
PASS  [MOVE]  Deut 12:22; Lev 17:13 by CALL (SA covering); Chullin 28a:4, 17a:10; the Sifrei 75:11-15 — as_the_gazelle_and_the_hart
        ->  accepted           [heaven]  accepted for him — the offering's acceptance state
PASS  [MOVE]  Deut 12:23; Gen 9:4 (the tape — limb_barred); Lev 17:11; PS, SA by CALL; the Sifrei 76:1-5; Pesachim 16b:3 — the_blood_is_the_life
        ->  accepted           [heaven]  accepted for him — the offering's acceptance state
PASS  [MOVE]  Deut 12:23; Chullin 102b-103a; Sanhedrin 74b:9 — the_limb_from_the_living
        ->  accepted           [heaven]  accepted for him — the offering's acceptance state
PASS  [MOVE]  Deut 12:16, 12:23; Mishnah Keritot 5:1; Keritot 20b-22a — the_bloods_classes
        ->  exempt             [status]  exempt — no entry opens; the ledger stays clean
PASS  [MOVE]  Deut 12:25; Chullin 113a-116a; CA kid_in_milk by CALL — flesh_in_milk
        ->  accepted           [heaven]  accepted for him — the offering's acceptance state
PASS  [MOVE]  Deut 12:26; Num 18:8 (the tape — gifts_granted); Temurah 17b:15-17; Mishnah Temurah 3:5; the Sifrei 77:1-8 — your_holy_things
        ->  accepted           [heaven]  accepted for him — the offering's acceptance state
PASS  [MOVE]  Deut 12:27; Lev 4 by CALL (PS shed_homograph); Exod 20:24 by CALL (OR altar); Zevachim 36b-37a, 104a:4, 86a:1-4 — the_sin_offerings_verb
        ->  accepted           [heaven]  accepted for him — the offering's acceptance state
PASS  [MOVE]  Deut 12:25, 12:28; Deut 6:18 by CALL (HI); the Sifrei 79:1-5; Mishnah Makkot 3:15; Makkot 23b — the_good_and_the_right
        ->  accepted           [heaven]  accepted for him — the offering's acceptance state
PASS  [MOVE]  Deut 12:29; Deut 7:1 (the tape — nations_devoted); Num 33:53 by CALL (JO); the Sifrei 80:1-5 — when_the_lord_cuts_off_the_nations
        ->  accepted           [heaven]  accepted for him — the offering's acceptance state
PASS  [MOVE]  Deut 12:30; Deut 7:25 by CALL (SN); Exod 23:33 by CALL (OR); the Sifrei 81:1 — lest_you_be_ensnared
        ->  accepted           [heaven]  accepted for him — the offering's acceptance state
PASS  [MOVE]  Deut 12:30 (THE LINE nations_cut_off_warned; THE WRITE foreign_rite_inquiry_barred); the Sifrei 81:2-4; Sanhedrin 74a-b — lest_you_inquire_after_their_gods
        ->  foreign_rite_inquiry_barred [block]  the inquiry after the nations' gods barred — the BLOCK the line nations_cut_off_warned writes on Israel: 'TAKE HEED TO YOURSELF LEST YOU BE ENSNARED after them, after they are destroyed from before you, AND LEST YOU INQUIRE AFTER THEIR GODS, SAYING: HOW DID THESE NATIONS SERVE THEIR GODS? AND I WILL DO SO TOO. You shall not do so to the LORD your God, for every abomination of the LORD which He hates they did for their gods; even their sons and their daughters they burn in the fire to their gods' (12:30-31) — THE VALUE FROM THE SHELF (the Sifrei 81:1-4): 'lest you be ensnared' — lest you do as they do; 'lest you inquire after their gods' — the INQUIRY ITSELF barred (how did they serve? — a court that inquires to judge excepted, the seeker's 'saying' the seat); 'and I will do so too' — the imitation after the inquiry; 'you shall not do so to the LORD your God' (12:31) — 12:4's pair singular: THE WRONG ALTAR'S LIABILITY KEYED TO THE TEMPLE'S RITE (81:5 — one who offers to an idol what is not offered in the Temple's rite …); 'every abomination which He hates' — 'even their sons and their daughters' the parents burned too (81:6 — 'even' the inclusion); NO MOLECH NAMED — the child in the fire named without the king-word (sanctions.molech('seed_scope', 'family') by CALL — Leviticus 18:21, 20:2-5's Molech the kin; the homograph named, never counted: 5b's and 9b's lesson); the snare's root (12:30 'lest you be ensnared') not 7:25's 'lest you be snared' (a DATA row); ordinances.land('serve_before' — Exodus 23:24's 'you shall not do after their deeds') and seven_nations.the_images_and_the_devoted('lest_snared') by CALL; abomination_barred (7:25-26) and nations_devoted (7:1) on the tape by kind; THE PERSECUTION'S EDGES the exam (Sanhedrin 74a-b — 74b:1 the three, 74b:5-7 the public and the private, 74b:9 the limb of a living animal among the seven Noahide laws — 12:23's limb; 25 of 33 rows credited from the sanctions docket); 19:1's twin ahead — build anywhere (80:3, 179:2); the sages at the border (80:4-5 — Ketubot 110b-111a credited from 9b); Jeremiah 7:31's six tokens the run's
PASS  [MOVE]  Deut 12:31; Deut 7:25 (the tape — abomination_barred); the Sifrei 81:5 — you_shall_not_do_so_singular
        ->  accepted           [heaven]  accepted for him — the offering's acceptance state
PASS  [MOVE]  Deut 12:31; the Sifrei 81:6; Sanhedrin 74b:1-9 — their_sons_and_their_daughters
        ->  accepted           [heaven]  accepted for him — the offering's acceptance state
PASS  [MOVE]  Deut 12:31; Lev 18:21, 20:2-5 by CALL (SA molech) — no_molech_named
        ->  accepted           [heaven]  accepted for him — the offering's acceptance state
PASS  [MOVE]  Deut 12:1-31 (the readback table) — the_table
        ->  accepted           [heaven]  accepted for him — the offering's acceptance state
PASS  [MOVE]  Deut 12:9 (the state row) — the_state_row
        ->  accepted           [heaven]  accepted for him — the offering's acceptance state
PASS  [MOVE]  Deut 12:20 (the pointer row) — the_pointer_row
        ->  accepted           [heaven]  accepted for him — the offering's acceptance state
PASS  [MOVE]  Deut 12:4, 12:7, 12:17, 12:19, 12:30 (the supplied law rows) — the_supplied_law_rows
        ->  accepted           [heaven]  accepted for him — the offering's acceptance state
PASS  [MOVE]  Deut 12:2-31 (no retrograde row) — no_retrograde_row
        ->  accepted           [heaven]  accepted for him — the offering's acceptance state

WATCH COVERAGE (the wrap):
  WATCH law_place_name         seen  29  fired  29  on: place_name_case
MATRIX: 65/65 cells match the answer sheet
FRACTIONS: pure ink 0/65 (0%) · named moves 65/65 (100%) · data 0/65 (0%) · hypotheses 0/65 (the H class, counted apart — never as compiled)
LEDGER OPS this span writes: block x5, body x2, heaven x52, status x6
THE INK: the number verse {(12, 14): [1]} (ordinals none); the one mark ['מעשר*']; the register singular-only [13, 14, 15, 17, 18, 19, 20, 21, 22, 23, 24, 25, 26, 27, 28, 29, 30, 31], plural-only [2, 3, 4, 6, 8, 10, 11, 12], both [1, 5, 7, 9, 16], neither []; the negations {4: ['לא'], 8: ['לא'], 9: ['לא'], 16: ['לא'], 17: ['לא'], 23: ['ולא'], 24: ['לא'], 25: ['לא'], 31: ['לא']}; the Name 23 bare tokens; Moses unnamed (the book's seats by chapter {15: 1, 1: 3, 27: 3, 28: 1, 29: 1, 31: 10, 32: 3, 33: 2, 34: 6, 4: 4, 5: 1}); the tokens 520, the letters 2051
THE READBACK — THE FORMS ON FILE, NO NEW FORM: 31 rows — {'VERBATIM': 6, 'VARIANT': 16, 'EXPANDED': 3, 'SUPPLIED': 6}; on the tape 11, in the kin's cells by CALL 14 (every cell found True); the SUPPLIED rows ['Deut 12:4', 'Deut 12:7', 'Deut 12:9', 'Deut 12:17', 'Deut 12:19', 'Deut 12:30'] (the state row ['Deut 12:9'], the writes ['name_erasure_barred', 'rejoicing_before_the_lord_commanded', 'holy_things_in_the_gates_barred', 'levite_forsaking_barred', 'foreign_rite_inquiry_barred']); the pointer rows ['Deut 12:20']; no row open True; the OPEN rows []; the holes 0
THE COUNTER AND THE PARAMETERS: {'counter': (40, 11, 1), 'rite_keys': ['the_agent', 'the_bird', 'the_signs', 'the_uncertainty', 'the_wild_and_the_bird'], 'flesh_arms': ['r_akiva', 'r_yishmael', 'the_exile'], 'no_marker': True}; the_rite_of_slaughter {'the_signs': 'the gullet and the windpipe — the majori', 'the_bird': "a parameter of its own — the bird's slau", 'the_uncertainty': 'any uncertainty in slaughter, invalid (C', 'the_agent': 'everyone, always, with anything that cut', 'the_wild_and_the_bird': 'the comparison that teaches and is taugh'}; the_wilderness_flesh {'r_yishmael': 'the flesh of desire FORBIDDEN in the wil', 'r_akiva': 'the flesh of desire NEVER forbidden — th', 'the_exile': "the release PERSISTS — 'one may always s"}
THE SCANS on the one database: the seven on Israel []; high_places_banned's entities ['the-land']
THE CALLEES: SA ban karet, which ['sages_lifeblood_only', 'R._Yehuda_any_blood'], hunted bought_inherited_gifted_self_trapped_all_covered, eras ['permitted', 'forbidden', 'permitted', 'forbidden', 'permitted', 'forbidden_forever']; SD table ['permitted', 'banned', 'permitted', 'banned', 'permitted', 'banned'], differences 11, ink Lev 17:4 and Deut 12:8; ER grows [3, 4, 5], as_commanded (1, 1, False); OR every_place hapax_the_name_mentioned; PS shed ['Lev 4:7', 'Lev 4:18', 'Lev 4:25', 'Lev 4:30', 'Lev 4:34']; CA matzah seven days of unleavened bread = 14th ev; KR every_place in every place — even a cemetery (Sifrei; TC covenant blessing; CH fourth the fourth word (5:12-15) — EXPANDED, VE; HI right the right and the good (6:18) — the abut; BR bound the borders' legal reach — an obligation; BH ark four bearers (two plurals)
THE SCENE on the bench: (1, 1, 1, 1, 1, 1, 1, 1, 1, 1, 1, 1, 1, 1, 1, 1, 1, 1, 1, 1, 1, 1, 1, 1, 1, 1, 1, 1, 1); the exempt arms (1, 1, 1); the lashes 2 (two — the erasure, the tithe outside the wall); the timers (set, fired, cancelled, pending) (0, 0, 0, 0); entities 29; closes 0
THE NARRATIVE: (8, 0, 2, (11, 1), 0, 0, 0, 0) (the seven on Israel ['name_erasure_barred', 'place_chosen_required', 'rejoicing_before_the_lord_commanded', 'profane_slaughter_permitted', 'holy_things_in_the_gates_barred', 'levite_forsaking_barred', 'foreign_rite_inquiry_barred']; the reuse on the-land ['high_places_banned'])
THE PARAMETER ROWS: the_readback = 31 rows, 0 holes, 0 open rows; the_counter_and_the_parameters = {'counter': (40, 11, 1), 'rite_keys': ['the_agent', 'the_bird', 'the_signs', 'the_uncertainty', 'the_wild_and_the_bird'], 'flesh_arms': ['r_akiva', 'r_yishmael', 'the_exile'], 'no_marker': True}; the_eras_table_unmoved = {'n_rows': 6, 'the_rows': ['permitted', 'banned', 'permitted', 'banned', 'permitted', 'banned'], 'the_platform': [('before_the_Tabernacle', 'permitted'), ('the_Tabernacle', 'forbidden'), ('Gilgal', 'permitted'), ('Shiloh', 'forbidden'), ('Nob_and_Gibeon', 'permitted'), ('Jerusalem', 'forbidden_forever')], 'the_platform_agrees': True, 'the_journeys_agree': True, 'the_ink_of_the_ban': 'Lev 17:4 and Deut 12:8', 'the_switch': 'high_places_banned_service_by_priests', 'the_differences': 11}; the_two_tithes = {'num_18_31_every_place': ['Amos 8:3', 'Deut 12:13', 'Num 18:31', 'Prov 15:3'], 'deut_12_17_the_tithe': ['Deut 12:17', 'Deut 14:23'], 'the_levites_anywhere': True, 'the_second_tithe_at_the_place': True, 'the_cell': "in every place — even a cemetery (Sifrei 122:1; Yevamot 86b — R. Akiva: excludes the priest); Deut 12:13's ban the Torah twin"}; the_five_verbs = {'12_3': ['ונתצתם', 'ושברתם', 'תשרפון', 'תגדעון', 'ואבדתם'], '7_5': ['תעשו', 'תתצו', 'תשברו', 'תגדעון', 'תשרפון'], '34_13': ['תתצון', 'תשברון', 'תכרתון'], 'the_counts': (5, 4, 3), 'the_cell_found': True, 'the_fifth': ['Deut 12:3']} (the other settings recorded in DATA — 46 rows)

THE COMPILE OF CHAPTER 12: the answer sheet REPRODUCED — 65/65
