
THE CONSECRATION, SUBSTITUTION, AND DEVOTION MACHINE COMPILES — the two substitution verbs, "beast for beast," "it and its substitute" at the vow and the tithe, the fifth censused five times, the partitive "from all that he has," the ordinal tenth under the rod; three calls into sister engines: the Jubilee engine's tithe naming and the Passover engine's firstling donkey.
guard: 42 expectations checked, every one a literal from the answer sheet [honest-pairing guard satisfied]
guard: 51 expectations checked, every one a literal from the answer sheet [honest-pairing guard satisfied]
OS.the_spies_read_back(the_murmuring) = "the murmuring (1:27-28) — two words (Shevuot 47b:5); the spies' words in the people's mouths, 'greater and taller than w" ['accepted']
guard: 55 expectations checked, every one a literal from the answer sheet [honest-pairing guard satisfied]
HI.the_gift_and_the_warning(lest_you_forget) = "lest you forget (6:12) — obey_horeb's forgetting census (thirteen seats, 6:12 among them); the prohibition's seat 4:9 (O" ['accepted'] — the ask without a write
guard: 51 expectations checked, every one a literal from the answer sheet [honest-pairing guard satisfied]
ER.calf(saru_stiff) = (3, 6) — the stiff neck a state, no write; ER.calf(fourth_verb_decides) = a_test_not_a_nullification — the fourth verb the retelling drops
guard: 62 expectations checked, every one a literal from the answer sheet [honest-pairing guard satisfied]
guard: 59 expectations checked, every one a literal from the answer sheet [honest-pairing guard satisfied]
guard: 65 expectations checked, every one a literal from the answer sheet [honest-pairing guard satisfied]
THE READBACK (the census, printed before it is asserted): rows 31, grades {'VERBATIM': 6, 'VARIANT': 16, 'EXPANDED': 3, 'SUPPLIED': 6}, on the tape 11, by CALL 14, SUPPLIED ['Deut 12:4', 'Deut 12:7', 'Deut 12:9', 'Deut 12:17', 'Deut 12:19', 'Deut 12:30']
DATA rows (the count, printed before it is asserted): 46
THE DATA CHECKS (printed before they are asserted): {'levites_anywhere': True, 'second_tithe': True, 'counts': (5, 4, 3), 'cell_found': True, 'written_callee': True, 'name_in_clause': False, 'seats': ['Deut 12:21', 'Exod 23:15'], 'n_rows': 6, 'platform': [('before_the_Tabernacle', 'permitted'), ('the_Tabernacle', 'forbidden'), ('Gilgal', 'permitted'), ('Shiloh', 'forbidden'), ('Nob_and_Gibeon', 'permitted'), ('Jerusalem', 'forbidden_forever')], 'platform_agrees': True, 'journeys_agree': True, 'registry': True}
THE SCENE (printed before it is asserted): ((1, 1, 1, 1, 1, 1, 1, 1, 1, 1, 1, 1, 1, 1, 1, 1, 1, 1, 1, 1, 1, 1, 1, 1, 1, 1, 1, 1, 1), (1, 1, 1), 2, (0, 0, 0, 0), 29, 0)
THE NARRATIVE (printed before it is asserted): (8, 0, 2, (11, 1), 0, 0, 0, 0) ['name_erasure_barred', 'place_chosen_required', 'rejoicing_before_the_lord_commanded', 'profane_slaughter_permitted', 'holy_things_in_the_gates_barred', 'levite_forsaking_barred', 'foreign_rite_inquiry_barred'] ['high_places_banned']
THE INK (printed before it is asserted): PARSED {(13, 13): [1]}, ORDS {}, MARKS {}, TOKN 328, LETN 1269, KINNUM {('Deut', 17, 6): [2, 3, 1], ('Deut', 19, 15): [1, 2, 3], ('Deut', 17, 7): [], ('Deut', 17, 2): [1], ('Deut', 12, 14): [1], ('Lev', 24, 16): [], ('Exod', 22, 19): []}
ASSERT FAIL [part1] line 243: ([(10, 'הרג'), (15, 'היטב'), (16, 'הכה'), (16, 'החרם')], ['Deut 13:11', 'Deut 17:5', 'Deut 22:21', 'Deut 22:24'], ['Lev 20:2', 'Lev 20:27', 'Lev 24:14', 'Lev 24:16', 'Lev 24:16', 'Lev 24:23', 'Num 14:10', 'Num 15:35', 'Num 15:36'], ['Deut 21:21'], ['Deut 13:6', 'Deut 17:12', 'Deut 17:7', 'Deut 19:19', 'Deut 21:21', 'Deut 22:21', 'Deut 22:22', 'Deut 22:24', 'Deut 24:7'])
    assert len(INF_ABS) == 4 and STONING_DEUT == ['Deut 13:11', 'Deut 17:5', 'Deut 22:21', 'Deut 22:24'] and STONING_BOTH == ['Deut 21:21'] and len(STONING_LEVNUM) == 8 and len(PURGE_SEATS) == 9 and PURGE_SEATS[0] == 'Deut 13:6', (INF_ABS, STONING_DEUT, STONING_LEVNUM, STONING_BOTH, PURGE_SEATS)
THE READBACK (the census, printed before it is asserted): rows 19, grades {'VERBATIM': 3, 'SUPPLIED': 8, 'VARIANT': 5, 'EXPANDED': 3}, on the tape 7, by CALL 17, SUPPLIED ['Deut 13:2', 'Deut 13:4', 'Deut 13:6', 'Deut 13:7', 'Deut 13:12', 'Deut 13:13', 'Deut 13:15', 'Deut 13:18'], writes ['false_prophet_hearing_barred', 'israel_hears_and_fears', 'condemned_city_inquiry_required', 'devoted_thing_cleaving_barred'], pointer ['Deut 13:18']
ASSERT FAIL [part4] line 40: (['Deut 13:1', 'Deut 13:3', 'Deut 13:4', 'Deut 13:5', 'Deut 13:11', 'Deut 13:16', 'Deut 13:18'], ['Deut 13:1', 'Deut 13:2', 'Deut 13:3', 'Deut 13:4', 'Deut 13:5', 'Deut 13:6', 'Deut 13:7', 'Deut 13:8', 'Deut 13:9', 'Deut 13:10', 'Deut 13:11', 'Deut 13:13', 'Deut 13:14', 'Deut 13:16', 'Deut 13:17', 'Deut 13:18', 'Deut 13:19'], [('Deut 13:1', True), ('Deut 13:2', True), ('Deut 13:3', True), ('Deut 13:4', True), ('Deut 13:5', True), ('Deut 13:6', True), ('Deut 13:7', True), ('Deut 13:8', True), ('Deut 13:9', True), ('Deut 13:10', True), ('Deut 13:11', True), ('Deut 13:13', True), ('Deut 13:14', True), ('Deut 13:16', True), ('Deut 13:17', True), ('Deut 13:18', True), ('Deut 13:19', True)])
    assert sum(1 for r in READBACK if r['tape_kind']) == 7 and sum(1 for r in READBACK if r['cell']) == 16 and all(r['cell_found'] for r in READBACK if r['cell']) and [r['verses'] for r in READBACK if r['grade'] == 'SUPPLIED'] == ['Deut 13:2', 'Deut 13:4', 'Deut 13:6', 'Deut 13:7', 'Deut 13:12', 'Deut 13:13', 'Deut 13:15', 'Deut 13:18'] and [r['write'] for r in READBACK if r['write']] == ['false_proph
THE DATA ROWS (printed before they are asserted): 39 ['moses_unnamed', 'the_anger_keyed', 'the_benefit_ban', 'the_capital_courts_end', 'the_congruence_rule', 'the_counter_and_the_parameters', 'the_courts_rule_inverted', 'the_entrapment'] …
ASSERT FAIL [part4] line 89: 39
    assert len(DATA) == 38, len(DATA)
ERROR [part4] line 236: KeyError: 'devoted_thing_cleaving_barred'
    SCENE, _W = scene()
ERROR [part4] line 237: NameError: name 'SCENE' is not defined
    print('THE SCENE (printed before it is asserted):', SCENE)
ERROR [part4] line 241: NameError: name 'SCENE' is not defined
    assert SCENE == SCENE_PREDICTED, ('THE DEUTERONOMY WALK 11b: the scene moved from its prediction', SCENE, SCENE_PREDICTED)
THE NARRATIVE (printed before it is asserted): (8, 0, 1, (11, 1), 0, 0, 0, 0) ['adding_barred', 'false_prophet_hearing_barred', 'tested_by_the_lord', 'cleaving_commanded', 'pity_barred', 'israel_hears_and_fears', 'condemned_city_inquiry_required', 'devoted_thing_cleaving_barred']
fastcheck: part1 fails 1, part2 fails 0, part3 fails 0, part4 fails 5
