==== A0. THE TWO DIVISIONS — the export's chapter 13 against the DB's
  DB verses 19 | export verses HE 19 EN 19 | per-chapter export lengths vs DB, chapters 1-13: [(5, 30, 33)]
  the alignment cost 10 | export verses mapped to MORE THAN ONE DB verse: {}
  the offset per export verse (DB minus export, the first DB verse of each): Counter({0: 19}) | the runs: [(1, 1, 1), (16, 16, 16), (17, 17, 17), (18, 18, 18), (19, 19, 19)]
  the shared export verse against its DB verses (tokens, negations): []
==== A. THE SHELF BY POSITION — the Sifrei on Deuteronomy around chapter 13
  piskaot 357 357 rows 2357 2357
  heads 80-100 (HE first citation | rows | EN first quote):
    80 head (12, 29) | HE rows  5 EN rows  5 | 'When HASHEM your God cuts down the nations'
    81 head (12, 30) | HE rows  6 EN rows  6 | 'Take care'
    82 head (13, 1) | HE rows  5 EN rows  5 | 'Each word that I command you, be on guard to perform it'
    83 head (13, 2) | HE rows  5 EN rows  5 | 'If there arises among you a prophet . . . saying:Let us foll'
    84 head (13, 3) | HE rows  5 EN rows  5 | 'And the sign or prodigious deed is accomplished'
    85 head (13, 5) | HE rows  6 EN rows  6 | 'Follow after HASHEM your God'
    86 head (13, 6) | HE rows 10 EN rows 10 | 'And that prophet'
    87 head (13, 7) | HE rows 13 EN rows 13 | 'If your brother, your mother’s son—or your son or your daugh'
    88 head None | HE rows  2 EN rows  2 | 'From among the gods of the peoples who are around you,both t'
    89 head (13, 9) | HE rows  8 EN rows  8 | 'Do not yield to him'
    90 head (13, 11) | HE rows  3 EN rows  3 | 'You must pelt him with stones till he dies'
    91 head (13, 12) | HE rows  4 EN rows  4 | 'And all Israel shall hear and feel dread'
    92 head (13, 13) | HE rows  5 EN rows  5 | 'Should you hear'
    93 head (13, 14) | HE rows 10 EN rows 10 | 'Some . . . men went out'
    94 head (13, 16) | HE rows  6 EN rows  6 | 'Then you must utterly strike down with the sword’s blade'
    95 head (13, 17) | HE rows  7 EN rows  7 | 'And gather all its plunder'
    96 head (13, 17) | HE rows 12 EN rows 12 | 'It shall never again be rebuilt'
    97 head (14, 2) | HE rows  5 EN rows  5 | 'For you are a people consecrated (qadosh) to HASHEM your God'
    98 head (14, 6) | HE rows  6 EN rows  6 | 'And every animal that parts the hoof,which is split into two'
    99 head (14, 3) | HE rows  2 EN rows  2 | 'You may not eat anything that is abominable'
   100 head (14, 4) | HE rows  3 EN rows  3 | 'This is the cattle (behemah) which you shall eat:the ox, the'
  heads whose chapter is 13 : [(82, (13, 1)), (83, (13, 2)), (84, (13, 3)), (85, (13, 5)), (86, (13, 6)), (87, (13, 7)), (89, (13, 9)), (90, (13, 11)), (91, (13, 12)), (92, (13, 13)), (93, (13, 14)), (94, (13, 16)), (95, (13, 17)), (96, (13, 17))] | heads by chapter 1-13: [(1, 24), (3, 4), (6, 6), (11, 21), (12, 20), (13, 14), (14, 14), (15, 16), (16, 19), (17, 16), (18, 16), (19, 10), (20, 14)]
  HE rows citing Deut 13 (the export's verse → the DB's): 26 [(82, 1, 1, [1]), (83, 1, 2, [2]), (84, 1, 3, [3]), (84, 3, 4, [4]), (85, 1, 5, [5]), (86, 1, 6, [6]), (86, 6, 11, [11]), (87, 1, 7, [7]), (87, 13, 8, [8]), (87, 13, 8, [8]), (89, 1, 9, [9]), (89, 8, 10, [10]), (90, 1, 11, [11]), (91, 1, 12, [12]), (92, 1, 13, [13]), (93, 1, 14, [14]), (93, 6, 15, [15]), (94, 1, 16, [16]), (95, 1, 17, [17]), (96, 1, 17, [17]), (96, 2, 18, [18]), (96, 6, 19, [19]), (117, 3, 14, [14]), (149, 1, 15, [15]), (189, 1, 6, [6]), (190, 7, 15, [15])]
  EN rows citing Deut 13 : 122 [(82, 1, 1, [1]), (82, 2, 1, [1]), (82, 3, 1, [1]), (82, 3, 1, [1]), (82, 3, 1, [1]), (82, 4, 1, [1]), (82, 4, 1, [1]), (82, 4, 1, [1]), (82, 5, 1, [1]), (83, 1, 2, [2]), (83, 1, 2, [2]), (83, 2, 2, [2]), (83, 2, 2, [2]), (83, 5, 2, [2]), (84, 1, 3, [3]), (84, 1, 3, [3]), (84, 3, 4, [4]), (84, 4, 4, [4]), (84, 5, 3, [3]), (85, 1, 5, [5]), (85, 2, 5, [5]), (85, 3, 5, [5]), (85, 3, 5, [5]), (85, 4, 5, [5]), (85, 5, 5, [5]), (85, 6, 5, [5]), (86, 1, 6, [6]), (86, 2, 6, [6]), (86, 3, 6, [6]), (86, 4, 6, [6]), (86, 5, 6, [6]), (86, 6, 6, [6]), (86, 6, 11, [11]), (86, 6, 6, [6]), (86, 7, 6, [6]), (86, 8, 6, [6]), (86, 9, 6, [6]), (86, 10, 6, [6]), (87, 1, 7, [7]), (87, 3, 7, [7]), (87, 4, 7, [7]), (87, 5, 7, [7]), (87, 6, 7, [7]), (87, 7, 7, [7]), (87, 8, 7, [7]), (87, 9, 7, [7]), (87, 10, 7, [7]), (87, 11, 7, [7]), (87, 13, 7, [7]), (88, 1, 8, [8]), (88, 2, 8, [8]), (89, 1, 9, [9]), (89, 1, 9, [9]), (89, 2, 9, [9]), (89, 2, 9, [9]), (89, 3, 9, [9]), (89, 3, 9, [9]), (89, 3, 9, [9]), (89, 4, 9, [9]), (89, 5, 9, [9]), (89, 6, 10, [10]), (89, 7, 10, [10]), (89, 8, 10, [10]), (89, 8, 10, [10]), (90, 1, 11, [11]), (90, 1, 11, [11]), (90, 2, 11, [11]), (90, 2, 6, [6]), (90, 3, 11, [11]), (91, 1, 12, [12]), (91, 1, 12, [12]), (91, 3, 12, [12]), (91, 4, 12, [12]), (92, 1, 13, [13]), (92, 2, 15, [15]), (92, 3, 13, [13]), (92, 3, 13, [13]), (92, 4, 13, [13]), (93, 1, 14, [14]), (93, 1, 14, [14]), (93, 1, 14, [14]), (93, 2, 14, [14]), (93, 3, 14, [14]), (93, 4, 14, [14]), (93, 5, 14, [14]), (93, 6, 14, [14]), (93, 6, 15, [15]), (93, 7, 15, [15]), (93, 10, 15, [15]), (94, 1, 16, [16]), (94, 1, 16, [16]), (94, 1, 16, [16]), (94, 2, 16, [16]), (94, 3, 16, [16]), (94, 3, 16, [16]), (94, 4, 16, [16]), (94, 5, 16, [16]), (94, 6, 16, [16]), (95, 1, 17, [17]), (95, 2, 17, [17]), (95, 3, 17, [17]), (95, 4, 17, [17]), (95, 4, 17, [17]), (95, 4, 17, [17]), (95, 6, 17, [17]), (96, 1, 17, [17]), (96, 2, 18, [18]), (96, 3, 18, [18]), (96, 4, 18, [18]), (96, 4, 18, [18]), (96, 5, 18, [18]), (96, 6, 19, [19]), (96, 7, 18, [18]), (96, 8, 18, [18]), (96, 8, 18, [18]), (117, 3, 4, [4]), (117, 3, 4, [4]), (149, 1, 15, [15]), (149, 1, 15, [15]), (149, 2, 15, [15]), (189, 1, 6, [6]), (190, 8, 15, [15])]
  EN rows citing Deut 12:32 (the ENGLISH'S number for the DB's 13:1 — the union takes them as 13:1): 0 []
  EN "ibid 13:n" candidates: 0
  the union of rows (both files): 92 [(82, 1), (82, 2), (82, 3), (82, 4), (82, 5), (83, 1), (83, 2), (83, 5), (84, 1), (84, 3), (84, 4), (84, 5), (85, 1), (85, 2), (85, 3), (85, 4), (85, 5), (85, 6), (86, 1), (86, 2), (86, 3), (86, 4), (86, 5), (86, 6), (86, 7), (86, 8), (86, 9), (86, 10), (87, 1), (87, 3), (87, 4), (87, 5), (87, 6), (87, 7), (87, 8), (87, 9), (87, 10), (87, 11), (87, 13), (88, 1), (88, 2), (89, 1), (89, 2), (89, 3), (89, 4), (89, 5), (89, 6), (89, 7), (89, 8), (90, 1), (90, 2), (90, 3), (91, 1), (91, 3), (91, 4), (92, 1), (92, 2), (92, 3), (92, 4), (93, 1), (93, 2), (93, 3), (93, 4), (93, 5), (93, 6), (93, 7), (93, 10), (94, 1), (94, 2), (94, 3), (94, 4), (94, 5), (94, 6), (95, 1), (95, 2), (95, 3), (95, 4), (95, 6), (96, 1), (96, 2), (96, 3), (96, 4), (96, 5), (96, 6), (96, 7), (96, 8), (117, 3), (149, 1), (149, 2), (189, 1), (190, 7), (190, 8)]
  the rows OUTSIDE the spine piskaot (the union less the on-chapter piskaot 82 - 96 ): 8 [(88, 1), (88, 2), (117, 3), (149, 1), (149, 2), (189, 1), (190, 7), (190, 8)] | in-spine rows of the union: 84
  outside rows file bytes 7891
==== B. ONKELOS chapter 13 and the DB (the dump per DB verse; a shared export row printed at its first DB verse)
  the store's chapter 13 verses 19 | verses whose store token count differs from the DB: [(13, 16, 19, 18)]
  token count chapter 13 : 328
  onkelos dump bytes 27650
==== C. THE PARSER on every verse of chapter 13
  13:13  N [1]                      O []             marked []
  number-word tokens present per verse (the bare check against the parser): {'13:13': ['באחת'], '13:18': ['נשבע']}
  13:1 tokens: ['את', 'כל', 'הדבר', 'אשר', 'אנכי', 'מצוה', 'אתכם', 'אתו', 'תשמרו', 'לעשות', 'לא', 'תסף', 'עליו', 'ולא', 'תגרע', 'ממנו']
  13:13 tokens: ['כי', 'תשמע', 'באחת', 'עריך', 'אשר', 'יהוה', 'אלהיך', 'נתן', 'לך', 'לשבת', 'שם', 'לאמר']
  13:18 tokens: ['ולא', 'ידבק', 'בידך', 'מאומה', 'מן', 'החרם', 'למען', 'ישוב', 'יהוה', 'מחרון', 'אפו', 'ונתן', 'לך', 'רחמים', 'ורחמך', 'והרבך', 'כאשר', 'נשבע', 'לאבתיך']
  13:19 tokens: ['כי', 'תשמע', 'בקול', 'יהוה', 'אלהיך', 'לשמר', 'את', 'כל', 'מצותיו', 'אשר', 'אנכי', 'מצוך', 'היום', 'לעשות', 'הישר', 'בעיני', 'יהוה', 'אלהיך']
==== D. CASE TOKENS, FRAMES, REGISTER, NAMES
  case tokens (כי "when/for" / אם "if" / ואם / או "or" / פן "lest"): {'13:2': ['כי', 'או', 'או'], '13:4': ['או', 'כי'], '13:6': ['או', 'כי'], '13:7': ['כי', 'או', 'או', 'או', 'או'], '13:8': ['או'], '13:10': ['כי'], '13:11': ['כי'], '13:13': ['כי'], '13:19': ['כי']}
  divine frames (ויאמר/וידבר + יהוה): []
  לאמר "saying" seats: ['13:3', '13:7', '13:13', '13:14']
  narrative-form verbs (V.w) per verse: {14: ['וידיחו']}
  first-person verb forms (1cs / 1cp) per verse: {3: [('נלכה', 'HVqh1cp')], 7: [('נלכה', 'HVqh1cp')], 14: [('נלכה', 'HVqh1cp')]}
  imperatives (Vq.v / Vp.v / Vh.v) per verse: {}
  prohibitions לא + imperfect (the ten's form) per verse: {1: [('תסף', 'HVhi2ms'), ('תגרע', 'HVqi2ms')], 3: [], 4: [('תשמע', 'HVqi2ms')], 7: [], 9: [('תאבה', 'HVqi2ms'), ('תשמע', 'HVqi2ms'), ('תחוס', 'HVqi3fs'), ('תחמל', 'HVqi2ms'), ('תכסה', 'HVpi2ms')], 12: [('יוספו', 'HVhi3mp')], 14: [], 17: [('תבנה', 'HVNi3fs')], 18: [('ידבק', 'HVqi3ms')]}
  name tokens (Np): {4: ['יהוה', 'יהוה'], 5: ['יהוה'], 6: ['יהוה', 'מצרים', 'יהוה'], 11: ['יהוה', 'מצרים'], 12: ['ישראל'], 13: ['יהוה'], 15: ['נעשתה'], 17: ['ליהוה'], 18: ['יהוה', 'נשבע'], 19: ['יהוה', 'יהוה']}
  second-person plural vs singular (2mp / 2ms tokens per verse): {1: (2, 2), 2: (0, 2), 3: (0, 2), 4: (6, 1), 5: (7, 0), 6: (2, 6), 7: (0, 11), 8: (1, 2), 9: (0, 5), 10: (0, 2), 11: (0, 4), 12: (0, 1), 13: (0, 4), 14: (1, 1), 15: (0, 4), 16: (0, 1), 17: (0, 3), 18: (0, 5), 19: (0, 4)}
==== E. THE REGISTER GATE on Deut 13
  dispositions naming Deut 13: []
  REGISTER_INDEX lines on Deut 13:
==== F. THE PRIOR READS
  ledgers with an Onkelos Deut 13 row: []
  prior Sifrei Devarim rows anywhere (strict form), those among the outside rows: [('deu_01_03_devarim_2026-09-15.md', 82, 5)] | all prior rows count 667
  ledgers NAMING a verse of Deut 13: 8
    ('deu_01_03_devarim_exam_2026-09-15.md', 1, ['Deuteronomy 13:9'])
    ('erection_docket_2026-09-06.md', 1, ['Deut 13:18'])
    ('gen_04_lights_calendar_2026-07-30.md', 2, ['Deuteronomy 13:2'])
    ('num_05_sotah_2026-09-09.md', 1, ['Deut 13:16'])
    ('num_18_priest_levite_dues_2026-09-10.md', 2, ['Deut 13:6'])
    ('num_35_refuge_cities_exam_2026-09-13.md', 3, ['Deuteronomy 13:17', 'Deuteronomy 13:6', 'Deuteronomy 13:9'])
    ('num_36_heiresses_2026-09-09.md', 2, ['Deut 13:18', 'Deut 13:5'])
    ('priesthood_topic_docket_2026-09-06.md', 1, ['Deut 13:1'])
  ledgers with an Onkelos Exod 22 row (the kin's reading — the sacrifice to other gods 22:19 for 13:2-12) or an Exod 32 row (the calf's "these are your gods" for 13:3, 13:7, 13:14): ['erection_docket_2026-09-06.md', 'exo_22_property_social_2026-09-01.md', 'exo_32_golden_calf_2026-09-01.md', 'ordinances_topic_docket_2026-09-06.md'] | ledgers with an Onkelos Lev 20 or Lev 24 row (the stoning by the people 20:2 and by the witnesses 24:14-16 for 13:10-11) or a Lev 27 row (the devoted thing 27:28-29 for 13:16-18): ['lev_20_sanctions_2026-09-05.md', 'lev_24_first_call_2026-09-05.md', 'lev_24_lamp_bread_blasphemer_2026-09-05.md', 'lev_27_valuations_2026-09-05.md'] | ledgers with an Onkelos Num 15 row (the high hand 15:30-31) or a Num 25 row (the fierce anger 25:4 for 13:18) or a Deut 4 / Deut 7 / Deut 8 row (the signs and wonders 4:34, the ban and the devoted thing 7:2, 7:25-26, the testing 8:2, 8:16 — 13:2-4's and 13:16-18's kin): ['deu_04_vaetchanan_2026-09-16.md', 'deu_07_vaetchanan_ekev_2026-09-17.md', 'deu_08_ekev_2026-09-18.md', 'num_15_offerings_laws_2026-09-10.md', 'num_15_wood_tzitzit_2026-09-09.md', 'num_25_peor_pinchas_2026-09-11.md'] | ledgers with an Onkelos Gen 22 row (the test 22:1 for 13:4): []
==== G. THE DRAFTS
  deu_12_place_name: refs 12:1-31; steps (12, 1)..(12, 31) n=31; draft False; operators True; depends_on ['    - "deu_11_bless_curse_set"\n    - "lev_17_blood_center"\n']; scenarios 38; binary_trees True; step E True; comment lines 36
  deu_13_seducers: refs 13:1-19; steps (13, 1)..(13, 19) n=19; draft True; operators False; depends_on ['    - "deu_12_place_name"\n']; scenarios 26; binary_trees True; step E False; comment lines 23
    the step verses: [1, 2, 3, 4, 5, 6, 7, 8, 9, 10, 11, 12, 13, 14, 15, 16, 17, 18, 19] | covers DB 19 ? True
  the units' claim prefixes present anywhere? {'DV13': 0, 'DV13A': 0, 'DV13B': 0, 'DV12': 2, 'DV14': 0}
  existing manifests deu_13*: [] | ledgers deu_*: ['deu_01_03_devarim_2026-09-15.md', 'deu_01_03_devarim_exam_2026-09-15.md', 'deu_04_vaetchanan_2026-09-16.md', 'deu_04_vaetchanan_exam_2026-09-16.md', 'deu_05_vaetchanan_2026-09-16.md', 'deu_05_vaetchanan_exam_2026-09-16.md', 'deu_06_vaetchanan_2026-09-17.md', 'deu_06_vaetchanan_exam_2026-09-17.md', 'deu_07_vaetchanan_ekev_2026-09-17.md', 'deu_07_vaetchanan_ekev_exam_2026-09-18.md', 'deu_08_ekev_2026-09-18.md', 'deu_08_ekev_exam_2026-09-19.md', 'deu_09_ekev_2026-09-19.md', 'deu_09_ekev_exam_2026-09-19.md', 'deu_10_ekev_2026-09-19.md', 'deu_10_ekev_exam_2026-09-20.md', 'deu_11_ekev_reeh_2026-09-20.md', 'deu_11_ekev_reeh_exam_2026-09-20.md', 'deu_12_reeh_2026-09-20.md', 'deu_12_reeh_exam_2026-09-20.md']
  unit count and standing (CORPUS_TRUTH literals): []
==== H. THE STORE'S GLOSSES on chapter 13
  gloss Counter (the 50 commonest): [('which', 11), ('YHWH', 10), ('or', 9), ('that', 8), ('not', 7), ('and-not', 7), ('obj-marker·et', 6), ('all', 6), ('hear', 6), ('the-he/it', 6), ('God-you/your', 6), ('to-you/your', 5), ('and-obj-marker·et', 5), ('to-say', 4), ('go', 4), ('God-you/your (pl)', 4), ('obj-marker·et-you/your (pl)', 3), ('to-make', 3), ('over-him/its', 3), ('in-nearest-part-you/your', 3), ('bind-firmly', 3), ('God', 3), ('hinder', 3), ('to', 3), ('the-word/thing', 2), ('?', 2), ('keep/guard', 2), ('add', 2), ('and-set', 2), ('speak', 2), ('hind-part', 2), ('the-dream', 2), ('and-obj-marker·et-him/its', 2), ('commandment-him/its', 2), ('from-earth', 2), ('Egypt', 2), ('from-house', 2), ('servant', 2), ('to-push-off-you/your', 2), ('from', 2), ('command-you/your', 2), ('in-her/its', 2), ('the-bad', 2), ('from-nearest-part-you/your', 2), ('son', 2), ('and-work/serve', 2), ('know', 2), ('the-people', 2), ('the-earth', 2), ('to-him/its', 2)]
  gloss file bytes 10320
  overrides already for Deut.13: [] | by_ref last Deut.12 line: ['  "Deut.12.31:19": "they-burn"   # ישרפו']
==== I. THE SPINE ON THE CHAPTER — the Sifrei piskaot whose head is in chapter 13 (the first on-chapter piskaot since chapter 6), whole
  SPINE (computed from the heads): [82, 83, 84, 85, 86, 87, 89, 90, 91, 92, 93, 94, 95, 96] | contiguous? False | the heads by verse: [(82, 1), (83, 2), (84, 3), (85, 5), (86, 6), (87, 7), (89, 9), (90, 11), (91, 12), (92, 13), (93, 14), (94, 16), (95, 17), (96, 17)] | the heads before and after: {81: (12, 30), 97: (14, 2)}
  rows per piska (HE, EN): {82: (5, 5), 83: (5, 5), 84: (5, 5), 85: (6, 6), 86: (10, 10), 87: (13, 13), 89: (8, 8), 90: (3, 3), 91: (4, 4), 92: (5, 5), 93: (10, 10), 94: (6, 6), 95: (7, 7), 96: (12, 12)} | total HE rows 99 | HE == EN everywhere? True
  spine file bytes 58890 | bytes per piska HE+EN: {82: 3195, 83: 2628, 84: 1821, 85: 1074, 86: 2907, 87: 3978, 89: 2801, 90: 1568, 91: 2601, 92: 1680, 93: 3537, 94: 3052, 95: 3369, 96: 7735}
  prior reads among the spine rows (any ledger): [('deu_01_03_devarim_2026-09-15.md', 82, 5), ('gen_04_lights_calendar_2026-07-30.md', 83, 4)]
  the spine rows citing a verse of chapter 13 in the Hebrew (p, r, the export verses): [(82, 1, [1]), (83, 1, [2]), (84, 1, [3]), (84, 3, [4]), (85, 1, [5]), (86, 1, [6]), (86, 6, [11]), (87, 1, [7]), (87, 13, [8]), (89, 1, [9]), (89, 8, [10]), (90, 1, [11]), (91, 1, [12]), (92, 1, [13]), (93, 1, [14]), (93, 6, [15]), (94, 1, [16]), (95, 1, [17]), (96, 1, [17]), (96, 2, [18]), (96, 6, [19])]
  the spine rows' own Hebrew citations (book, chapter, verse) by row: [(82, 1, [('דברים', 13, 1)]), (82, 5, [('דברים', 1, 11)]), (83, 1, [('דברים', 13, 2)]), (83, 2, [('במדבר', 12, 8)]), (83, 4, [('בראשית', 1, 14)]), (83, 5, [('שופטים', 6, 37), ('שופטים', 6, 40)]), (84, 1, [('דברים', 13, 3)]), (84, 3, [('דברים', 13, 4)]), (85, 1, [('דברים', 13, 5)]), (86, 1, [('דברים', 13, 6)]), (86, 6, [('דברים', 13, 11)]), (87, 1, [('דברים', 13, 7), ('מלכים א', 21, 25)]), (87, 2, [('שמואל א', 26, 19)]), (87, 3, [('דברים', 24, 16)]), (87, 12, [('משלי', 7, 9), ('משלי', 1, 20)]), (87, 13, [('דברים', 13, 8), ('דברים', 13, 8)]), (89, 1, [('דברים', 13, 9), ('ויקרא', 19, 18)]), (89, 2, [('שמות', 23, 5)]), (89, 3, [('ויקרא', 19, 16)]), (89, 8, [('דברים', 13, 10)]), (90, 1, [('דברים', 13, 11), ('ויקרא', 20, 27)]), (91, 1, [('דברים', 13, 12)]), (92, 1, [('דברים', 13, 13)]), (93, 1, [('דברים', 13, 14)]), (93, 6, [('דברים', 13, 15), ('דברים', 17, 4)]), (94, 1, [('דברים', 13, 16)]), (94, 3, [('דברים', 24, 16)]), (95, 1, [('דברים', 13, 17)]), (95, 6, [('יהושע', 6, 26)]), (95, 7, [('יהושע', 6, 26), ('מלכים א', 16, 34)]), (96, 1, [('דברים', 13, 17)]), (96, 2, [('דברים', 13, 18)]), (96, 4, [('בראשית', 26, 4)]), (96, 6, [('דברים', 13, 19)]), (96, 9, [('דברים', 14, 1), ('הושע', 2, 1)]), (96, 10, [('עמוס', 9, 6)]), (96, 11, [('מלכים א', 18, 28)]), (96, 12, [('ויקרא', 21, 5)])]
  the spine rows' English citations by row: [(82, 1, ['Dt.13:1']), (82, 2, ['Dt.13:1']), (82, 3, ['Dt.13:1', 'Dt.13:1', 'Dt.13:1']), (82, 4, ['Dt.13:1', 'Dt.13:1', 'Dt.13:1']), (82, 5, ['Dt.1:11', 'Dt.13:1']), (83, 1, ['Dt.13:2-4', 'Ex.5:1', 'Dt.13:2']), (83, 2, ['Dt.13:2', 'Nu.12:8', 'Dt.13:2']), (83, 5, ['Dt.13:2', 'Jud.6:37', 'Jud.6:40']), (84, 1, ['Dt.13:3', 'Dt.13:3-4']), (84, 2, ['Jer.28:1-17']), (84, 3, ['Dt.13:4']), (84, 4, ['Dt.13:4']), (84, 5, ['Dt.13:3-4']), (85, 1, ['Dt.13:5']), (85, 2, ['Dt.13:5']), (85, 3, ['Dt.13:5', 'Dt.13:5']), (85, 4, ['Dt.13:5']), (85, 5, ['Dt.13:5']), (85, 6, ['Dt.13:5']), (86, 1, ['Dt.13:6']), (86, 2, ['Dt.13:6']), (86, 3, ['Dt.13:6']), (86, 4, ['Dt.13:6']), (86, 5, ['Dt.13:6']), (86, 6, ['Dt.13:6', 'Dt.13:11', 'Dt.13:6']), (86, 7, ['Dt.13:6']), (86, 8, ['Dt.13:6']), (86, 9, ['Dt.13:6']), (86, 10, ['Dt.13:6']), (87, 1, ['Dt.13:7']), (87, 3, ['Ezek.24:16', 'Dt.13:7-9']), (87, 4, ['Dt.13:7']), (87, 6, ['Dt.13:7']), (87, 7, ['Dt.13:7']), (87, 8, ['Dt.13:7']), (87, 9, ['Dt.13:7']), (87, 10, ['Dt.13:7']), (87, 11, ['Dt.13:7']), (87, 12, ['Prov.7:9-10', 'Prov. 1:20']), (87, 13, ['Dt.13:7']), (89, 1, ['Dt.13:9', 'Lv.19:18', 'Dt.13:9']), (89, 2, ['Dt.13:9', 'Ex.23:5', 'Dt.13:9']), (89, 3, ['Dt.13:9', 'Dt.13:9', 'Dt.13:9']), (89, 4, ['Dt.13:9']), (89, 5, ['Dt.13:9']), (89, 6, ['Dt.13:10']), (89, 7, ['Dt.13:10']), (89, 8, ['Dt.13:10', 'Dt.13:10']), (90, 1, ['Dt.13:11', 'Lv.20:27', 'Dt.13:11']), (90, 2, ['Dt.13:11', 'Dt.13:6']), (90, 3, ['Dt.13:11']), (91, 1, ['Dt.13:12', 'Dt.13:12']), (91, 3, ['Dt.13:12']), (91, 4, ['Dt.13:12']), (92, 1, ['Dt.13:13']), (92, 2, ['Dt.13:15']), (92, 3, ['Dt.13:13', 'Dt.13:13']), (92, 4, ['Dt.13:13']), (93, 1, ['Dt.13:14', 'Dt.13:14', 'Dt.13:14']), (93, 2, ['Dt.13:14']), (93, 3, ['Dt.13:14']), (93, 4, ['Dt.13:14']), (93, 5, ['Dt.13:14']), (93, 6, ['Dt.13:14-15', 'Dt.17:4', 'Dt.13:15', 'Dt.17:4']), (93, 7, ['Dt.13:15']), (93, 10, ['Dt.13:15']), (94, 1, ['Dt.13:16', 'Dt.13:16', 'Dt.13:16']), (94, 2, ['Dt.13:16']), (94, 3, ['Dt.24:16', 'Dt.13:16', 'Dt.13:16']), (94, 4, ['Dt.13:16']), (94, 5, ['Dt.13:16']), (94, 6, ['Dt.13:16']), (95, 1, ['Dt.13:17']), (95, 2, ['Dt.13:17']), (95, 3, ['Dt.13:17']), (95, 4, ['Dt.13:17', 'Dt.13:17', 'Dt.13:17']), (95, 6, ['Dt.13:17', 'Josh.6:36']), (95, 7, ['Josh.6:26']), (96, 1, ['Dt.13:17']), (96, 2, ['Dt.13:18']), (96, 3, ['Dt.13:18']), (96, 4, ['Dt.13:18', 'Dt.13:18', 'Gn26:4']), (96, 5, ['Dt.13:18']), (96, 6, ['Dt.13:19']), (96, 7, ['Dt.13:18']), (96, 8, ['Dt.13:18', 'Dt.13:18']), (96, 9, ['Dt.14:1', 'Dt.14:1', 'Hos.2:1']), (96, 10, ['Am.9:6']), (96, 11, ['Dt.14:1']), (96, 12, ['Dt.14:1', 'Lv.21:5', 'Dt.14:1', 'Lv.21:5'])]
  the spine rows with NO citation in either file: [(83, 3), (91, 2), (92, 5), (93, 8), (93, 9), (95, 5)]
  NO portion edge inside the chapter (Re'eh 11:26-16:17 holds it whole) — the heads by verse, and the verses of the chapter with no head: [1, 2, 3, 5, 6, 7, 9, 11, 12, 13, 14, 16, 17] [4, 8, 10, 15, 18, 19]
