  TOTAL submits 2690; HISTORY 1319; case rows 1338; statute 27; act/speech-on-tractate 6
recording: 3120 records written
  place_name         worlds 2  total  33  HISTORY   0  case  29  statute  4  act/speech-on-tractate   0  unregistered 0
  seducers           worlds 2  total  44  HISTORY   0  case  40  statute  4  act/speech-on-tractate   0  unregistered 0
PLACEMENT LITERAL: {'markers': {'text_constrained': 108, 'reading_placed': 49}, 'events': {'text_constrained': 110, 'page_order': 1159, 'reading_placed': 58}}
tape written into /Users/Shared/TorahSim/World/step9/cold_run_sequence.py: 1705 lines
  CENSUS tuple (scanned, history, on tape, case, source-off, register-off, deduped, re-based, closes, markers, F, P, R, kinds, subjects): (2520, 1319, 1327, 1185, 6, 10, 9, 0, 71, 172, 131, 15, 26, 872, 272)
patched: import, DAEMON_ORDER, RUN, PREVIOUS_RUN (no declared delta), NEWEST_RUNNER, PLACEMENT (read {'markers': {'text_constrained': 108, 'reading_placed': 49}, 'events': {'text_constrained': 110, 'p
tape rc 1
  CHECKPOINT C1 the flood 150 days (7:24, 8:3) vs 7:11->8:4 [OPEN-4] DIVERGE
  CHECKPOINT C3a 430 years in Egypt (Exod 12:40) vs exodus-descent [OPEN-3] DIVERGE
  CHECKPOINT C3d-85 THE JOIN: the covenant placed at Abraham's 85 (bereshit_rabbah_46_2) + Exod 12:40's 430 against the exodus marker, creation year 2449 DIVERGE
  CHECKPOINT C3c-literal the descent-literal setting against the bound DIVERGE  within [0, 350]
  CHECKPOINT C4 Shem 100 at Arpachshad, 2 years after the flood (11:10) vs 5:32 DIVERGE
  CHECKPOINT C10 Methuselah 7 days before the flood (Sanhedrin 108b:5) DIVERGE
  CHECKPOINT CS0 the ark = born + 3 months (2:2) vs the sixth of Sivan (Sotah 12b:16-17) DIVERGE
  CHECKPOINT CS1 the exodus day's weekday by the creation count vs Shabbat 87b:2 (Thursday = 5) DIVERGE
  CHECKPOINT CS4 the manna's first morning (16 Iyar) a Sunday by the shelf (Shabbat 87b:5) vs the creation count DIVERGE
  CHECKPOINT CD8 the Sifrei's THIRTEEN utterances "to Moses and to Aaron" (58:1 — thirteen exclusions of Aaron read at 7:89) against the frame census of the LORD speaking to Moses and to Aaron, Exodus-Numbers (computed; 
  CHECKPOINT CE3 the month of flesh (11:20) FIRED against the Hazeroth marker (2, 3, 22) — the machine's thirty days from the twenty-third against the tradition's inclusive count with a full Iyar (Taanit 29a:3-5): DIVERG
  CHECKPOINT CE8 the LORD going down: the Sifrei's "ten descents are written" (93:1) against the ink's ELEVEN tokens (sitting 3's measurement, the row descents) — DIVERGE expected, OPEN DIVERGE
  CHECKPOINT CF2 the forty days' timer (13:3-25) FIRED against the return marker (2, 5, 9) — the machine's forty from the twenty-ninth against the baraita's Ninth of Av (Taanit 29a:5): DIVERGE by one expected, the inclus
  CHECKPOINT CF6 the ink's "these ten times" (14:22; Pirkei Avot 5:4) against the ledger's tested_the_lord count on Israel at the decree — the exodus story's six murmurings and this sitting's tenth; the calf and the quai
  CHECKPOINT CK4 KORACH'S DEATH-MODE — 26:10 adds "and Korach" among the swallowed (declared True) against 16:32's "every person who belonged to Korach" (Korach named there: False — the name קרח, "Korach", absent from th
  CHECKPOINT CM5 MIRIAM'S DAY — the tape's buried on the arrival's day (40, 1, 1) against the shelf's tenth of Nisan (Seder Olam Rabbah 10:2; the row miriam_death_day): DIVERGE by nine days expected, OPEN — the ink gives
  CHECKPOINT CP8 JOCHEBED'S ROW — the named row "born to Levi in Egypt" as of Num 26:57-62 (26:59's subjectless "bore her"); the Joseph runner's seventy cell by CALL names her the missing one; CJ3b's verdict DIVERGE unch
  CHECKPOINT CA8 THE COMMISSION AND THE PLEA — invested_office on yehoshua ONE (27:22-23) with the commission debit on Moses ONE CLOSED (closed_by beginning "Num 27:22"); see_the_land_from_abarim on Moses ONE OPEN; plea_
  CHECKPOINT DE1 THE LINES — four events on the tape AFTER the tape's last Deuteronomy 12 line, in the ink's order (word_sealed 13:1, prophet_test_declared 13:2-6, inciter_law_declared 13:7-12, condemned_city_law_declare
  CHECKPOINT DE2 THE WRITES — false_prophet_hearing_barred ONE and tested_by_the_lord ONE (source beginning "Deut 13:2"), israel_hears_and_fears ONE ("Deut 13:7"), condemned_city_inquiry_required ONE and devoted_thing_cl
  CHECKPOINT DE3 THE READBACK — THE FORMS ON FILE, NO NEW FORM: the_readback's rows NINETEEN, one per verse (the census typed from the runner's print: VERBATIM 3, VARIANT 5, EXPANDED 3, SUPPLIED 8), every reference row's
  CHECKPOINT DE4 THE HOLES — the effects naming the false prophet's hearing, the LORD's testing, Israel's hearing and fearing, the condemned city's inquiry or the devoted thing's cleaving on israel_people are this sittin
  CHECKPOINT DE5 THE KIN STAND — other_gods_barred ONE, test_barred ONE, house_abomination_barred ONE on israel_people UNMOVED; the ban's debit ONE and OPEN (nations_devoted's commanded entry UNMOVED), cherem_vowed ONE a
  CHECKPOINT DE6 THE FORMULA'S FIRST SEATS — evil_purged_from_the_midst absent from every ledger of the tape (written on the exam's persons at the runner's own scene, never here); israel_hears_and_fears ONE on israel_peo
checkpoint_check: 298 rows, 19 miss, 0 raised — the tape stepped to its end in 22s
