credited 196 ledgers 56

== deu_04_vaetchanan_exam_2026-09-16.md: 83 addrs; path <repo>/logic/oral_triage/deu_04_vaetchanan_exam_2026-09-16.md; sample Mishnah Avodah Zarah 3:3: 3 line(s)
    # DECLARED: the exam docket is the UNION (the standing rule of 2026-09-05) of (1) THE LINK-DRIVEN ROWS — every segment of the local shelf's Babylonian Talmud, Mishnah and Tosefta exports whose English cites a verse of Deuteronomy 4:1-49 (the scan ch4_docket_sc
    - Mishnah Avodah Zarah 3:3 [TOPIC — CREDITED: erection_docket_2026-09-06.md] — LAW. CREDITED — vessels bearing the sun, the moon or a dragon — cast into the Dead Sea; Rabban Shimon ben Gamliel: on respectable vessels forbidden, on lowly ones permitted; R. Yose

== deu_07_vaetchanan_ekev_exam_2026-09-18.md: 32 addrs; path <repo>/logic/oral_triage/deu_07_vaetchanan_ekev_exam_2026-09-18.md; sample Avodah Zarah 36b:15: 2 line(s)
    - Avodah Zarah 36b:15 [TOPIC] — CONTEXT. the layers of SECLUSION: the Hasmoneans barred the act, the students seclusion with a gentile woman; David's court after Amnon and Tamar (II Samuel 13) — seclusion with a Jewish woman; the Torah's own allusion, 'your br
    Avodah Zarah 36b:15

== deu_10_ekev_exam_2026-09-20.md: 17 addrs; path <repo>/logic/oral_triage/deu_10_ekev_exam_2026-09-20.md; sample Sotah 14a:3: 3 line(s)
    - Sotah 14a:3 [TOPIC — CREDITED: deu_04_vaetchanan_exam_2026-09-16.md, genesis_block_kindness_2026-09-04.md] — LAW. R. Chama son of R. Chanina: 'after the LORD your God you shall walk … and to Him you shall cleave' (13:5) — can a man follow the Presence, a dev
    - THE CLEAVING, THE "ET" AND THE OATH — AND THE POSITIVE FORM (Ketubot 111b:6-8; Sotah 14a:3-4, 14a:6; Pesachim 22b:11; Temurah 3b:17, 4a:2; Sanhedrin 56a:10-11; Shevuot 35b:22-27): cleave to a devouring fire? — marry a daughter to a scholar, trade for scholar

== EXOD_TALMUD_TRIAGE_LEDGER.md: 14 addrs; path <repo>/logic/oral_triage/EXOD_TALMUD_TRIAGE_LEDGER.md; sample Avodah Zarah 34b:15: 1 line(s)
    - **Avodah Zarah 34b:15** [CREDIT] (Ex 21:28) — the stoned ox's flesh-ban — seated at the ordinances

== deu_08_ekev_exam_2026-09-19.md: 14 addrs; path <repo>/logic/oral_triage/deu_08_ekev_exam_2026-09-19.md; sample Eruvin 96a:1: 12 line(s)
    - Eruvin 96a:1 [TOPIC — CREDITED: deu_04_vaetchanan_exam_2026-09-16.md] — OUTSIDE. CREDITED (the chapter-4 docket) — the second pair of phylacteries on the Sabbath and 'do not add' (4:2, 13:1): the first tanna and Rabban Gamliel on intent to violate the adding
    - Eruvin 96a:10 [TOPIC — CREDITED: EXOD_TALMUD_TRIAGE_LEDGER.md, deu_04_vaetchanan_exam_2026-09-16.md, exodus_block_matza_2026-09-04.md] — OUTSIDE. CREDITED (the chapter-4 docket) — R. Akiva's baraita: no phylacteries on the Sabbath — 'a SIGN on your arm' (Exo

== ordinances_topic_docket_2026-09-06.md: 12 addrs; path <repo>/logic/oral_triage/ordinances_topic_docket_2026-09-06.md; sample Mishnah Sanhedrin 1:5: 2 line(s)
    - Mishnah Sanhedrin 1:5 — CONTEXT. a tribe, a false prophet, a high priest judged only by seventy-one; a voluntary war, additions to the city and courts, tribal courts, a seduced city — only by seventy-one; the great court seventy-one, the small twenty-three.
    Mishnah Sanhedrin 1:5

== talmud_triage_gen_2026-09-01.md: 11 addrs; path <repo>/logic/oral_triage/talmud_triage_gen_2026-09-01.md; sample Yevamot 79a:3: 1 line(s)
    - **Yevamot 79a:3** [AGGADAH] (Gen 18:19) — the three marks: merciful, shamefast, kind - kindness from 18:19

== deu_12_reeh_exam_2026-09-20.md: 8 addrs; path <repo>/logic/oral_triage/deu_12_reeh_exam_2026-09-20.md; sample Avodah Zarah 48b:13: 2 line(s)
    - Avodah Zarah 48b:13 [TOPIC — CREDITED: deu_07_vaetchanan_ekev_exam_2026-09-18.md] — DISPUTE. CREDITED (deu_07_vaetchanan_ekev_exam_2026-09-18.md; carried) — does R. Yosei hold 'this and that cause it — forbidden' (the foliage and the ground) and the Rabbis '
    Avodah Zarah 48b:13

== sanctions_topic_docket_2026-09-05.md: 8 addrs; path <repo>/logic/oral_triage/sanctions_topic_docket_2026-09-05.md; sample Mishnah Sanhedrin 7:6: 2 line(s)
    - Mishnah Sanhedrin 7:6 — CREDIT. (the Mishpatim and Ki Tisa rounds) the idolater — serving, sacrificing, burning, libating, bowing, accepting as a god, 'you are my god'; embracing, kissing, sweeping, sprinkling, washing, anointing, dressing, shoeing — a plain
    Mishnah Sanhedrin 7:6

== deu_01_03_devarim_exam_2026-09-15.md: 7 addrs; path <repo>/logic/oral_triage/deu_01_03_devarim_exam_2026-09-15.md; sample Mishnah Sanhedrin 1:5: 2 line(s)
    - Mishnah Sanhedrin 1:5 [TOPIC — CREDITED: exo_25_ark_table_menorah_2026-09-01.md, exodus_backfill_mishnah_2026-09-01.md, num_08_12_beha_exam_2026-09-10.md, ordinances_topic_docket_2026-09-06.md, sanctuary_build_docket_2026-09-06.md, terumah_exam_mishnah_2026-
    Mishnah Sanhedrin 1:5

== deu_09_ekev_exam_2026-09-19.md: 5 addrs; path <repo>/logic/oral_triage/deu_09_ekev_exam_2026-09-19.md; sample Avodah Zarah 43b:19: 3 line(s)
    - Avodah Zarah 43b:19 [TOPIC] — LAW. THE MISHNAH AT ITS FOLIO — R. Yosei: grind the idol and throw the dust to the wind or cast it into the sea; the Rabbis: that gives benefit — fertilizer — 'nothing of the proscribed shall cleave to your hand' (13:18): F2 the
    - THE CALF'S DESTRUCTION AND THE FOURTH VERB THE RETELLING DROPS (Mishnah Avodah Zarah 3:3; Avodah Zarah 43b:19-20, 44a:1-3; Tosefta Avodah Zarah 4:3; Avodah Zarah 52a:4): R. Yosei's proof that grinding and scattering suffices stands on 9:21's OWN verbs — "I c

== exodus_block_capital_2026-09-04.md: 5 addrs; path <repo>/logic/oral_triage/exodus_block_capital_2026-09-04.md; sample Sanhedrin 54b:5: 2 line(s)
    - Sanhedrin 54b:5 — MATERIAL (frame). The mode: "he shall
    Sanhedrin 54b:5 · Sanhedrin 54b:6 · Sanhedrin 54b:7 · Sanhedrin

== num_35_refuge_cities_exam_2026-09-13.md: 4 addrs; path <repo>/logic/oral_triage/num_35_refuge_cities_exam_2026-09-13.md; sample Makkot 12a:17: 2 line(s)
    - Makkot 12a:17 [TOPIC] — DERIVATION. rejected: even optional, may a son? Rabba bar Rav Huna and the school of R. Yishmael: A SON IS NO AGENT OF THE COURT AGAINST HIS FATHER (to flog, to curse) — except the inciter (Deuteronomy 13:9): the_avengers_hand's son a
    Makkot 12a:17

== erection_docket_2026-09-06.md: 4 addrs; path <repo>/logic/oral_triage/erection_docket_2026-09-06.md; sample Mishnah Avodah Zarah 3:3: 3 line(s)
    - Mishnah Avodah Zarah 3:3 — LAW. vessels found with the sun's, the moon's, or a dragon's form — cast them into the Salt Sea; R. Shimon b. Gamliel: on honored vessels forbidden, on despised permitted; R. YOSEI: GRIND AND SCATTER TO THE WIND OR CAST INTO THE SE
    - Avodah Zarah 44a:2 — MATERIAL. the sages to R. Yosei (Mishnah Avodah Zarah 3:3: grind and scatter to the wind, from the calf): 'from there a proof? it says (32:20) he scattered on the water and made the children of Israel DRINK — he intended only to TEST the

== exodus_backfill_mishnah_2026-09-01.md: 4 addrs; path <repo>/logic/oral_triage/exodus_backfill_mishnah_2026-09-01.md; sample Mishnah Sanhedrin 1:5: 1 line(s)
    - Mishnah Sanhedrin 1:5 (⇐ Exod 18:22) — MATERIAL. Judged only by

== priesthood_topic_docket_2026-09-06.md: 4 addrs; path <repo>/logic/oral_triage/priesthood_topic_docket_2026-09-06.md; sample Mishnah Zevachim 8:10: 2 line(s)
    - Mishnah Zevachim 8:10 — ROUTED. one-application blood in one-application — one application; four in four — four; four in one — R. Eliezer four, R. Yehoshua one; 'he transgresses do-not-diminish' / 'do-not-add'; the two clauses 'only when by itself'; R. Yehos
    Mishnah Zevachim 8:10

== exodus_block_persons_2026-09-04.md: 4 addrs; path <repo>/logic/oral_triage/exodus_block_persons_2026-09-04.md; sample Sanhedrin 52b:12: 1 line(s)
    - Sanhedrin 52b:12 — the decapitation frame — context.

== num_16_18_korach_exam_2026-09-10.md: 4 addrs; path <repo>/logic/oral_triage/num_16_18_korach_exam_2026-09-10.md; sample Zevachim 81a:8: 2 line(s)
    - Zevachim 81a:8 [LINK — Num 18:17] — LAW. 18:17 'THEY are holy' — the firstborn's blood mixed with other sacrificial blood is sacrificed. CELL the_gifts('firstborn_blood_mixed').
    Zevachim 81a:8

== emor_exam_mishnah_2026-09-05.md: 3 addrs; path <repo>/logic/oral_triage/emor_exam_mishnah_2026-09-05.md; sample Mishnah Sanhedrin 4:1: 2 line(s)
    - Mishnah Sanhedrin 4:1 — LAW (VERBATIM). Monetary and capital law
    Mishnah Sanhedrin 2:1 · Mishnah Sanhedrin 4:1 · Mishnah Sanhedrin 6:1

== gen_21_blessing_blood_law_2026-08-25.md: 3 addrs; path <repo>/logic/oral_triage/gen_21_blessing_blood_law_2026-08-25.md; sample Pirkei Avot 3:14: 1 line(s)
    **Carry credits (9, quick-looks done):** Berakhot 61a:14 (gen_14 — 5:2's plural against 9:6's singular in the two-faces sugya); Bereshit Rabbah 16:6 (gen_08 — the six commandments from 2:16, under this span's seventh); 17:2 (gen_06 — without-a-wife complex); 2

== pre_sinai_docket_2026-09-06.md: 3 addrs; path <repo>/logic/oral_triage/pre_sinai_docket_2026-09-06.md; sample Menachot 42a:18: 3 line(s)
    - Menachot 42a:18 — MATERIAL. the tzitzit's maker: Rav invalidates a gentile's — as Daru b. Pappa citing Rav on circumcision: 'and YOU shall keep My covenant' (17:9) — the same token exported to the fringes.
    Menachot 42a:18 (Genesis 17:9); Menachot 42a:19 (Genesis 17:13)

== exodus_block_festivals_2026-09-04.md: 3 addrs; path <repo>/logic/oral_triage/exodus_block_festivals_2026-09-04.md; sample Eruvin 96a:5: 1 line(s)
    - Eruvin 96a:5 — context (the eighth-day sleeper frame).

== exodus_block_matza_2026-09-04.md: 3 addrs; path <repo>/logic/oral_triage/exodus_block_matza_2026-09-04.md; sample Eruvin 96a:9: 2 line(s)
    - Eruvin 96a:9 — context (observe-with-positive = positive; the
    Shabbat 108a:11 · Shabbat 108a:12 · Shabbat 108a:13 · Eruvin 96a:9 ·

== gen_14_adam_line_ledger_2026-08-26.md: 2 addrs; path <repo>/logic/oral_triage/gen_14_adam_line_ledger_2026-08-26.md; sample Tosefta Sotah 10:1: 1 line(s)
    | 30 | Tosefta Sotah 10:1 | **material** | F — same rule, PLUS the SEVEN-DAYS complex in four readings: Methuselah's mourning week; seven days offered for repentance after the decree; THE SUN REVERSED (rising west, setting east); seven days of feasting — "He s

== lev_24_first_call_2026-09-05.md: 2 addrs; path <repo>/logic/oral_triage/lev_24_first_call_2026-09-05.md; sample Mishnah Sanhedrin 4:1: 2 line(s)
    - Mishnah Sanhedrin 4:1 — MATERIAL. Opens by QUOTING the span:
    Mishnah Sanhedrin 4:1 · Mishnah Sanhedrin 6:1

== num_15_mekoshesh_exam_2026-09-09.md: 2 addrs; path <repo>/logic/oral_triage/num_15_mekoshesh_exam_2026-09-09.md; sample Mishnah Sanhedrin 5:1: 2 line(s)
    - Mishnah Sanhedrin 5:1 — MATERIAL (fresh). THE SEVEN EXAMINATIONS of capital witnesses (the seven-year cycle, the
    Mishnah Sanhedrin 5:1

== compiler_code_hunt_2026-09-02.md: 2 addrs; path <repo>/logic/oral_triage/compiler_code_hunt_2026-09-02.md; sample Bava Metzia 59b:5: 1 line(s)
    | 44 | Bava Metzia 59b:5 | material | "It is not in heaven"; "after a majority to incline" (Exod 23:2); He smiled: My children have triumphed over Me |

== num_15_wood_tzitzit_2026-09-09.md: 2 addrs; path <repo>/logic/oral_triage/num_15_wood_tzitzit_2026-09-09.md; sample Sifrei Bamidbar 113:1: 2 line(s)
    - Sifrei Bamidbar 113:1 — MATERIAL. On 15:32-33. (a) DISPARAGEMENT: בִּגְנוּת יִשְׂרָאֵל ("in disparagement of Israel") —
    Sifrei Bamidbar 113:1

== deu_07_vaetchanan_ekev_2026-09-17.md: 1 addrs; path <repo>/logic/oral_triage/deu_07_vaetchanan_ekev_2026-09-17.md; sample Mishnah Avodah Zarah 3:3: 2 line(s)
    # Deuteronomy 7:1-26 derivation — Onkelos + the Sifrei on Deuteronomy as the spine (THE SPINE SILENT ON THE CHAPTER — no piska head between 36 on 6:9 and 37 on 11:10; THREE rows beyond any piska citing chapter 7 found by the scan of the whole export in both fi
    - Onkelos Deut 7:26 — MATERIAL. AND YOU SHALL NOT BRING AN ABOMINATION INTO YOUR HOUSE, LEST YOU BECOME DEVOTED LIKE IT; YOU SHALL UTTERLY DETEST IT AND UTTERLY ABHOR IT, FOR IT IS A DEVOTED THING. "וְלֹא תָבִיא תֽוֹעֵבָה אֶל בֵּיתֶךָ" (and you shall not bring

== deu_09_ekev_2026-09-19.md: 1 addrs; path <repo>/logic/oral_triage/deu_09_ekev_2026-09-19.md; sample Mishnah Avodah Zarah 3:3: 1 line(s)
    THE DEUTERONOMY WALK sitting 7 — CHAPTER 9, Chapter 9 — Not for your righteousness: the nations greater than you, the consuming fire, the oath to the fathers and the stiff neck; the calf retold — the forty days, the tablets of the covenant written with the fin

== exo_25_ark_table_menorah_2026-09-01.md: 1 addrs; path <repo>/logic/oral_triage/exo_25_ark_table_menorah_2026-09-01.md; sample Mishnah Sanhedrin 1:5: 1 line(s)
      rows Mishnah Shevuot 2:2 + Mishnah Sanhedrin 1:5 anchor HERE at

== num_08_12_beha_exam_2026-09-10.md: 1 addrs; path <repo>/logic/oral_triage/num_08_12_beha_exam_2026-09-10.md; sample Mishnah Sanhedrin 1:5: 2 line(s)
    - Mishnah Sanhedrin 1:5 [TOPIC] — LAW. ONLY BY THE SEVENTY-ONE: a tribe, a false prophet, a High Priest; an optional war; extending Jerusalem and the courts; appointing the lesser Sanhedrins; an idolatrous city. CELL seventy_elders('sanhedrin') -> the seventy-
    Mishnah Sanhedrin 1:5

== sanctuary_build_docket_2026-09-06.md: 1 addrs; path <repo>/logic/oral_triage/sanctuary_build_docket_2026-09-06.md; sample Mishnah Sanhedrin 1:5: 3 line(s)
    - Mishnah Sanhedrin 1:5 — CREDIT. (the backfill exam; the courts block) the tribe, the false prophet, the high priest judged only by seventy-one; the optional war; THE CITY AND THE COURTS EXTENDED ONLY BY SEVENTY-ONE; tribal courts; the condemned city — 25:9's
    - Mishnah Sanhedrin 1:5 (linked at Exodus 25:9) — first graded in backfill_rules.py, cases_exodus_backfill.yaml, cases_terumah.yaml, exo_25_ark_table_menorah_2026-09-01.md ...

== terumah_exam_mishnah_2026-09-01.md: 1 addrs; path <repo>/logic/oral_triage/terumah_exam_mishnah_2026-09-01.md; sample Mishnah Sanhedrin 1:5: 1 line(s)
    - Mishnah Sanhedrin 1:5 (⇐ Exod 25:9) — CREDIT + quick look: read in

== holiness_topic_docket_2026-09-06.md: 1 addrs; path <repo>/logic/oral_triage/holiness_topic_docket_2026-09-06.md; sample Sanhedrin 3a:1: 1 line(s)
    Sanhedrin 3a:1 (Lev 19:15); Sanhedrin 3a:5 (Lev 19:15); Sanhedrin 29a:18 (Lev 19:16); Sanhedrin 30a:16 (Lev 19:16); Sanhedrin 31a:10 (Lev 19:16); Sanhedrin 32b:4 (Lev 19:15); Sanhedrin 45a:8 (Lev 19:18); Sanhedrin 45a:13 (Lev 19:18); Sanhedrin 52a:23 (Lev 19:1

== genesis_block_kindness_2026-09-04.md: 1 addrs; path <repo>/logic/oral_triage/genesis_block_kindness_2026-09-04.md; sample Sotah 14a:3: 1 line(s)
    Sotah 14a:3 · Sotah 14a:4 · Sotah 14a:5

== gen_17_boarding_2026-08-25.md: 1 addrs; path <repo>/logic/oral_triage/gen_17_boarding_2026-08-25.md; sample Tosefta Sotah 10:1: 3 line(s)
    **Carry credits (22, guard-1 quick-looks done):** Bereshit Rabbah 100:7 (gen_07 — the seven-days mourning law), 27:2 (gen_15 — pains typology), 2:3 (gen_01 — generations allegory, not-bearing carries), 30:7 (gen_15 — the cedar warning), 32:5 (gen_12 — the yeku
    | 13 | Jerusalem Talmud Moed Katan 3:5:14 | **material** | F — SEVEN-DAYS MOURNING AT LAW: God kept seven days for His world before the flood (our 7:10) — or Methuselah's mourning week; the mourner-before-death allowance unique to the Knower of futures; joins 

== exo_35_shabbat_donate_2026-09-02.md: 1 addrs; path <repo>/logic/oral_triage/exo_35_shabbat_donate_2026-09-02.md; sample Mishnah Sanhedrin 4:1: 2 line(s)
      fire-labor the case shelf will meet at Mishnah Sanhedrin 4:1
    Mishnah Sanhedrin 4:1

== exodus_block_shabbat_2026-09-04.md: 1 addrs; path <repo>/logic/oral_triage/exodus_block_shabbat_2026-09-04.md; sample Mishnah Sanhedrin 4:1: 1 line(s)
      ink" and its court docket (Mishnah Sanhedrin 4:1) before the

== incense_shekel_docket_2026-09-06.md: 1 addrs; path <repo>/logic/oral_triage/incense_shekel_docket_2026-09-06.md; sample Mishnah Sanhedrin 4:1: 4 line(s)
    - Mishnah Sanhedrin 4:1 — CREDIT. (a prior graded row: cases_courts.yaml, cases_vayakhel_pekudei.yaml, cold_run_lev24.py) ...capital cases are judged by day and concluded by day; concluded the same day for acquittal and the NEXT DAY for conviction — 'THEREFORE
    - Mishnah Sanhedrin 4:1 (linked at Exodus 35:3) — first graded in cases_courts.yaml, cases_vayakhel_pekudei.yaml, cold_run_lev24.py, cold_run_ordinances.py ...

== vayakhel_pekudei_exam_mishnah_2026-09-02.md: 1 addrs; path <repo>/logic/oral_triage/vayakhel_pekudei_exam_mishnah_2026-09-02.md; sample Mishnah Sanhedrin 4:1: 1 line(s)
    - Mishnah Sanhedrin 4:1 (⇐ Exod 35:3) — MATERIAL; CREDITED to the

== deu_05_vaetchanan_exam_2026-09-16.md: 1 addrs; path <repo>/logic/oral_triage/deu_05_vaetchanan_exam_2026-09-16.md; sample Mishnah Sanhedrin 7:6: 5 line(s)
    # DECLARED: the exam docket is the UNION (the standing rule of 2026-09-05) of (1) THE LINK-DRIVEN ROWS — every segment of the local shelf's Babylonian Talmud, Mishnah and Tosefta exports whose English cites a verse of Deuteronomy 5 (the scan ch5_docket_scan.py
    - Mishnah Sanhedrin 7:6 [TOPIC — CREDITED: erection_docket_2026-09-06.md, kitisa_exam_mishnah_2026-09-01.md, mishpatim_exam_mishnah_2026-09-01.md, num_22_25_balak_exam_2026-09-11.md, num_25_peor_pinchas_2026-09-11.md, ordinances_topic_docket_2026-09-06.md, san

== kitisa_exam_mishnah_2026-09-01.md: 1 addrs; path <repo>/logic/oral_triage/kitisa_exam_mishnah_2026-09-01.md; sample Mishnah Sanhedrin 7:6: 1 line(s)
    - Mishnah Sanhedrin 7:6 (⇐ Exod 32:8) — CREDIT + quick look: read in

== mishpatim_exam_mishnah_2026-09-01.md: 1 addrs; path <repo>/logic/oral_triage/mishpatim_exam_mishnah_2026-09-01.md; sample Mishnah Sanhedrin 7:6: 1 line(s)
    - Mishnah Sanhedrin 7:6 — MATERIAL. Idolatry service forms:

== num_22_25_balak_exam_2026-09-11.md: 1 addrs; path <repo>/logic/oral_triage/num_22_25_balak_exam_2026-09-11.md; sample Mishnah Sanhedrin 7:6: 3 line(s)
    # DECLARED: the exam docket is the UNION (the standing rule of 2026-09-05) of (1) THE LINK-DRIVEN ROWS — every segment of the local shelf's Babylonian Talmud, Mishnah and Tosefta exports whose English cites a verse of the span (the scan by script over Data/sef
    - Mishnah Sanhedrin 7:6 [TOPIC — CREDITED: erection_docket_2026-09-06.md, kitisa_exam_mishnah_2026-09-01.md, mishpatim_exam_mishnah_2026-09-01.md, ordinances_topic_docket_2026-09-06.md, sanctions_topic_docket_2026-09-05.md] — LAW. the idolater's modes — the wo

== num_25_peor_pinchas_2026-09-11.md: 1 addrs; path <repo>/logic/oral_triage/num_25_peor_pinchas_2026-09-11.md; sample Mishnah Sanhedrin 7:6: 3 line(s)
    # Numbers 25:1-19 derivation — Onkelos + the Sifrei on Numbers as the spine (its piskaot found BY POSITION), THE NUMBERS WALK sitting 7 — BALAK, Shittim — the daughters of Moab, the sacrifices, Baal-peor; the heads hanged before the sun; Zimri and Cozbi in the
    - Sifrei Bamidbar 131:2 — MATERIAL. "IN THE PLACE OF STRAYING": SIHON AND OG'S SIXTY CITIES AND THE SPOILED SPOIL; THE MARKETS FROM BETH-JESHIMOTH TO THE MOUNT OF SNOW; THE HARLOT'S THREE-DAY PROTOCOL AND THE WINE "NOT YET FORBIDDEN"; PEOR'S WORSHIP IS BARING;

== acharei_exam_mishnah_2026-09-05.md: 1 addrs; path <repo>/logic/oral_triage/acharei_exam_mishnah_2026-09-05.md; sample Mishnah Sanhedrin 11:1: 2 line(s)
    - Mishnah Sanhedrin 11:1 — MATERIAL, ANSWERED. The strangled
    Mishnah Sanhedrin 11:1

== gen_06_land_adam_dominion_2026-08-23.md: 1 addrs; path <repo>/logic/oral_triage/gen_06_land_adam_dominion_2026-08-23.md; sample Pirkei Avot 3:14: 2 line(s)
    | 51 | Pirkei Avot 3:14 | chain_primary | **material** | F — the Mishnah's own claim row on our install: "BELOVED IS MAN, for he was created in the image; EXTRA love — it was MADE KNOWN to him that he was created in the image" — the image plus its disclosure, 
      Avodah Zarah 43b; Pirkei Avot 3:14; Niddah 22b:17), the pru-urvu law table

== gen_sweep_mishnah_2026-08-31.md: 1 addrs; path <repo>/logic/oral_triage/gen_sweep_mishnah_2026-08-31.md; sample Pirkei Avot 3:14: 1 line(s)
    Pirkei Avot 1:15 · Pirkei Avot 1:17 · Pirkei Avot 2:5 · Pirkei Avot 3:14 ·

== num_19_21_chukat_exam_2026-09-11.md: 1 addrs; path <repo>/logic/oral_triage/num_19_21_chukat_exam_2026-09-11.md; sample Sanhedrin 67a:20: 2 line(s)
    - Sanhedrin 67a:20 [LINK — Num 21:24 — CREDITED: EXOD_TALMUD_TRIAGE_LEDGER.md, exodus_block_capital_2026-09-04.md, ordinances_topic_docket_2026-09-06.md] — DERIVATION. 21:24 — the Canaanites killed by the sword: the witch's death by the sword derived through D
    Sanhedrin 67a:20

== num_13_15_shelach_exam_2026-09-10.md: 1 addrs; path <repo>/logic/oral_triage/num_13_15_shelach_exam_2026-09-10.md; sample Sanhedrin 111b:1: 2 line(s)
    - Sanhedrin 111b:1 [LINK — Num 14:17] — LAW. 14:17 'as You have spoken' — Moses: 'long of anger' even for the wicked, the attribute as You said it. CELL decree('plea') -> the attributes quoted back (the pardon's ground).
    Sanhedrin 111b:1

== deu_11_ekev_reeh_exam_2026-09-20.md: 1 addrs; path <repo>/logic/oral_triage/deu_11_ekev_reeh_exam_2026-09-20.md; sample Sanhedrin 113a:11: 2 line(s)
    - Sanhedrin 113a:11 [LINK — Deut 11:16 Deut 11:17] — CONTEXT. Ahab to Elijah at Hiel's house of mourning: Moses' curse unfulfilled — 'you turn aside and serve other gods … He shut the heavens and there is no rain' (11:16-17) — an idol on every furrow and the r
    Sanhedrin 113a:11

== dependency_debt_docket_2026-09-06.md: 1 addrs; path <repo>/logic/oral_triage/dependency_debt_docket_2026-09-06.md; sample Zevachim 81b:15: 1 line(s)
    Zevachim 3b:13 (Lev 4:26); Zevachim 5b:11 (Lev 7:5); Zevachim 6b:2 (Lev 14:18); Zevachim 7a:15 (Lev 4:26); Zevachim 8a:2 (Lev 4:26); Zevachim 8a:13 (Lev 14:19); Zevachim 8a:14 (Lev 14:19); Zevachim 8a:19 (Lev 14:21); Zevachim 8b:5 (Lev 3:6); Zevachim 8b:6 (Lev

== holiness_b_topic_docket_2026-09-06.md: 1 addrs; path <repo>/logic/oral_triage/holiness_b_topic_docket_2026-09-06.md; sample Bava Metzia 59b:13: 1 line(s)
    Bava Metzia 10b:15 (Lev 19:27); Bava Metzia 49a:6 (Lev 19:36); Bava Metzia 59b:13 (Lev 19:33); Bava Metzia 61b:3 (Lev 19:35); Bava Metzia 61b:4 (Lev 19:35); Bava Metzia 61b:6 (Lev 19:35); Bava Metzia 91a:11 (Lev 19:19); Bava Metzia 91b:1 (Lev 19:19); Bava Metz

== genesis_block_conduct_2026-09-04.md: 1 addrs; path <repo>/logic/oral_triage/genesis_block_conduct_2026-09-04.md; sample Shabbat 151b:9: 1 line(s)
    - Shabbat 151b:9 — the dread grant's live-only condition (9:2) —

== num_12_miriam_2026-09-10.md: 1 addrs; path <repo>/logic/oral_triage/num_12_miriam_2026-09-10.md; sample Sifrei Bamidbar 103:1: 2 line(s)
    - Sifrei Bamidbar 103:1 — MATERIAL. "NA" IMPLORES — THE A-FORTIORI OF CONDUCT; DO NOT INTERRUPT; VISION AND DREAM FOR PROPHETS, MOUTH TO MOUTH FOR MOSES; NO MAN SEES AND LIVES; THE BACK, NOT THE FACE. "Hear, I pray, My words" — if He implores His creatures, ho
    Sifrei Bamidbar 103:1
