guard: 56 expectations checked, every one a literal from the answer sheet [honest-pairing guard satisfied]

THE CONSECRATION, SUBSTITUTION, AND DEVOTION MACHINE COMPILES — the two substitution verbs, "beast for beast," "it and its substitute" at the vow and the tithe, the fifth censused five times, the partitive "from all that he has," the ordinal tenth under the rod; three calls into sister engines: the Jubilee engine's tithe naming and the Passover engine's firstling donkey.
THE INK (printed before it is asserted): PARSED {(13, 13): [1]}, ORDS {}, MARKS {}, TOKN 328, LETN 1269, KINNUM {('Deut', 17, 6): [2, 3, 1], ('Deut', 19, 15): [1, 2, 3], ('Deut', 17, 7): [], ('Deut', 17, 2): [1], ('Deut', 12, 14): [1], ('Lev', 24, 16): [], ('Exod', 22, 19): []}
THE READBACK (the census, printed before it is asserted): rows 19, grades {'VERBATIM': 3, 'SUPPLIED': 8, 'VARIANT': 5, 'EXPANDED': 3}, on the tape 7, by CALL 17, SUPPLIED ['Deut 13:2', 'Deut 13:4', 'Deut 13:6', 'Deut 13:7', 'Deut 13:12', 'Deut 13:13', 'Deut 13:15', 'Deut 13:18'], writes ['false_prophet_hearing_barred', 'israel_hears_and_fears', 'condemned_city_inquiry_required', 'devoted_thing_cleaving_barred'], pointer ['Deut 13:18']
THE DATA ROWS (printed before they are asserted): 39 ['moses_unnamed', 'the_anger_keyed', 'the_benefit_ban', 'the_capital_courts_end', 'the_congruence_rule', 'the_counter_and_the_parameters', 'the_courts_rule_inverted', 'the_entrapment'] …
THE SCENE (printed before it is asserted): ((1, 1, 1, 1, 1, 1, 1, 2, 1, 1, 1, 1, 1, 1, 1, 1, 1, 1, 1, 2, 1, 1, 1, 1, 1, 1, 1, 1, 1, 1, 1, 1, 1, 1, 1, 1, 1, 1, 1, 1), (1, 1, 1, 1, 1, 1), 1, 1, 2, 2, 1, (0, 0, 0, 0), 40, 0)
THE NARRATIVE (printed before it is asserted): (8, 0, 1, (11, 1), 0, 0, 0, 0) ['adding_barred', 'false_prophet_hearing_barred', 'tested_by_the_lord', 'cleaving_commanded', 'pity_barred', 'israel_hears_and_fears', 'condemned_city_inquiry_required', 'devoted_thing_cleaving_barred']

PASS  [MOVE]  Deut 13:1 (THE LINE word_sealed; THE REUSE adding_barred); Deut 4:2 by CALL (OH); add_nothing_commanded 4:1 on the tape — the_headers_seal
        ->  adding_barred      [block]  adding barred — the BLOCK the chapter's one law writes on Israel: 'you shall not add to the word which I command you, nor diminish from it, to keep the commandments of the LORD your God which I command you' (Deut 4:2 — the plural's one seat; 13:1 the singular's, forward); the exam's two parameters — IN THE MITZVA'S TIME the addition transgresses without intent, OUT OF ITS TIME only with intent (Rava, Rosh Hashanah 28b:24; the sleeper in the sukkah on the eighth day, the second pair of tefillin on the Sabbath — Eruvin 95b:19-96a:5, the priest who adds a blessing — 28b:10-13, the whole day his time); the third — AN ADDITION THAT SPOILS (the elder's fifth compartment made as one against a fifth placed beside; the lulav's species by the binding, the fringes' thread by the upper knot — Sanhedrin 88b:14-89a:2); 'do not diminish' the pair's other arm — an OMISSION where adding is an ACT (R. Yehoshua, 28b:18; the mixed bloods 28b:15-17); the Sifrei 82:5's fifth species and fifth fringe the shelf's exhibit; the block's reach the law's own: every mitzva's measure
PASS  [MOVE]  Deut 13:1; the Sifrei 82:3-5; Sukkah 34b:3-4; Menachot 41b:12-42a:2; Mishnah Zevachim 8:10 with Zevachim 80a-81a; Rosh Hashanah 28b (carried) — the_three_grains
        ->  accepted           [heaven]  accepted for him — the offering's acceptance state
PASS  [MOVE]  Deut 13:1; the Sifrei 82:2, 85:3 — keep_and_do
        ->  accepted           [heaven]  accepted for him — the offering's acceptance state
PASS  [MOVE]  Deut 13:1; Sanhedrin 88b:14-89a:2 (carried); Mishnah Sanhedrin 11:3; OH by CALL — the_elders_not_adding
        ->  accepted           [heaven]  accepted for him — the offering's acceptance state
PASS  [MOVE]  Deut 13:1; Chagigah 8b:11; OH by CALL — the_festivals_days
        ->  accepted           [heaven]  accepted for him — the offering's acceptance state
PASS  [MOVE]  Deut 13:2 (THE LINE prophet_test_declared); Numbers 12:6-8 by CALL (BH); Sanhedrin 89b:6-7; Horayot 13a:12; the Sifrei 83:1-2 — the_prophet_and_the_dreamer
        ->  accepted           [heaven]  accepted for him — the offering's acceptance state
PASS  [MOVE]  Deut 13:2-3; the Sifrei 83:4-5; 1 Kings 13:3 — the_sign_and_the_wonder
        ->  accepted           [heaven]  accepted for him — the offering's acceptance state
PASS  [MOVE]  Deut 13:3-4 (THE WRITE false_prophet_hearing_barred; the parameter the_signs_status); the Sifrei 84:1-4; Sanhedrin 90a:10-11; the Rambam 5:3; CH by CALL — the_signs_status
        ->  false_prophet_hearing_barred [block]  the false prophet's hearing barred — the BLOCK the line prophet_test_declared writes on Israel: 'YOU SHALL NOT HEARKEN to the words of that prophet or that dreamer of the dream' (13:4) — THE SIGN GRANTED TRUE AND THE HEARING BARRED ANYWAY: the_signs_status A PARAMETER with two arms — R. Yosei HaGelili's DOMINION (the Torah gave the false prophet dominion in idolatry's matter — even the sun stopped mid-sky, do not heed; the Sifrei 84:1 at Sanhedrin 90a:10) / R. Akiva's FALLEN PROPHET (Heaven forfend that the sun be stopped for the wicked — the warning is for one who began true, like Hananiah son of Azzur, and fell; 84:2 at 90a:11 — Jeremiah 28 the run's case); the sign not examined once idolatry is preached (the Rambam's Introduction 5:3); THE FALSE PROPHET'S TABLE (Sanhedrin 90a:2-6 — the ESSENCE of another commandment abolished: strangled, all agree; PART kept and part voided: exempt, all agree; a true prophet's TEMPORARY uprooting: heeded — Elijah at Carmel, Yevamot 90b:5-6 with 'to him you shall listen' and safeguarding a matter; IDOLATRY EVEN FOR A DAY — 'worship it today and tomorrow nullify it': liable, all agree, 90a:6); Mishnah Sanhedrin 11:5-6 (the one who prophesies what he did not hear, in another's name, in idolatry's name even if he ruled rightly); not one who retracts, not one suspected in hindsight (84:3-4); THE SIGN AND THE PRESUMPTION (89b:6-7 — the established prophet needs no sign; Micah gave none; Isaac at Moriah and Israel at Carmel relied on the presumption); the oven of Akhnai (Bava Metzia 59b — the sign not decisive in law: 'it is not in heaven'); the sign in the heavens and the wonder on the earth (83:4-5); the dream's three seats (13:2, 4, 6 — Numbers 12:6-8 the prophets' channel); written at the counter's day (40, 11, 1), no marker
PASS  [MOVE]  Deut 13:4 (THE WRITE tested_by_the_lord); Gen 22:1 (the tape — tested); MM, GL, HI by CALL; the Sifrei 84:5 — the_lord_is_testing_you
        ->  tested_by_the_lord [status]  tested by the LORD — the STATUS the line prophet_test_declared writes on Israel: 'FOR THE LORD YOUR GOD IS TESTING YOU, to know whether you love the LORD your God with all your heart and with all your soul' (13:4 — the participle's ONE seat in the Bible; 'whether you are' one; 11:13's plural heart and soul the closest kin, nine tokens in order): THE TESTING'S SEATS — Genesis 22:1's tested THE FIRST SEAT on the tape (mamre.moriah by CALL — Abraham the tested, god_fearing_known the verdict's status), 8:2 and 8:16's forty years (good_land.the_way_of_forty_years by CALL), 6:16's test_barred THE MIRROR (Israel testing God — hear_o_israel.the_test_and_the_right by CALL); the Sifrei 84:5 the verse whole — the sign is the test's instrument, the love the test's object; the sign real by the parameter's first arm and the hearing barred anyway; written at the counter's day (40, 11, 1), no marker
PASS  [MOVE]  Deut 13:5 (THE REUSE cleaving_commanded); Deut 10:20 (the tape); Num 10:11 (the tape — cloud_lifted); ST, HI, ER by CALL; the Sifrei 85:1-6 — the_six_verbs
        ->  cleaving_commanded [status]  the cleaving commanded — the STATUS the line cleaving_commanded writes on Israel: 'the LORD your God you shall fear, Him you shall serve, AND TO HIM YOU SHALL CLEAVE, and by His name you shall swear' (10:20 — 6:13's three clauses with the fourth ADDED: seven of eight tokens shared; the command's FIRST SEAT — 11:22 'and to cleave to Him', 13:5 'and to Him you shall cleave', 30:20 'and to cleave to Him' its others; 4:4 'you who cleave to the LORD' the STATE, obey_horeb's cell): ITS VALUE THE SCHOLARS — Ketubot 111b:6-8: 'and to Him you shall cleave' — is it possible to cleave to the Divine Presence, of whom it is written 'a consuming fire' (4:24)? rather: whoever marries his daughter to a Torah scholar, conducts business for scholars, and benefits scholars from his property — the verse ascribes it to him as if he cleaved to the Divine Presence (4:4 and 30:20 read the same way; 10:20 the command's first seat); THE POSITIVE FORM RULE — 'you shall fear the LORD your God' (10:20, 6:13) A WARNING STATED AS A POSITIVE COMMAND (Temurah 4a:2; Sanhedrin 56a:11 — the blasphemer's trial reads 'you shall fear' as the warning): the four clauses positive, a STATUS not a BLOCK, no lashes; Shimon HaAmmassoni expounded every 'et' in the Torah and RETRACTED at 'you shall fear [et] the LORD your God' — R. Akiva: 'et' to include Torah scholars (E1 — Pesachim 22b:11, the row citing 10:20); a truthful oath by His name PERMITTED — Rav Giddel: 'and by His name you shall swear' a positive command (Temurah 3b:17-18; the oath by the appellations liable — Shevuot 35b:22, ala / ala the analogy I2 35b:23); 'walk after the LORD your God' (13:5) = His attributes — clothe the naked, visit the sick, comfort mourners, BURY THE DEAD (Sotah 14a:3-4 — beside 10:6's passive burial; the Torah begins and ends with kindness, 14a:6); Onkelos 'ובדחלתיה תתקרב' (and to His fear you shall draw near); the status at the counter's day (40, 11, 1) with no dated field
PASS  [MOVE]  Deut 13:3, 13:6; Sanhedrin 90a:2-6; Mishnah Sanhedrin 11:5-6; SA by CALL — the_false_prophets_table
        ->  exempt             [status]  exempt — no entry opens; the ledger stays clean
PASS  [MOVE]  Deut 13:6, 13:11 (THE CASE — put_to_death, evil_purged_from_the_midst; the parameter the_prophets_death); the Sifrei 86:6, 90:2; Sanhedrin 89b:15-21; Mishnah Sanhedrin 11:1; the Rambam 5:2 — the_prophets_death
        ->  put_to_death       [body]  put to death — the court docket opens a capital entry (mode per the compiled law)
        ->  evil_purged_from_the_midst [body]  the evil purged from the midst — THE PURGE FORMULA'S FIRST SEAT OF NINE: 'AND YOU SHALL PURGE THE EVIL FROM YOUR MIDST' (13:6 — the nine seats all in the book: 13:6 the first, then 17:7, 17:12, 19:19, 21:21, 22:21, 22:22, 22:24, 24:7 — each ahead a SECOND ENTRY, the compile's gain from naming the effect at its first seat): a BODY effect written on the condemned person at the exam's case (the false prophet put to death — the_prophets_death a parameter, stoning / strangling; the inciter stoned — 13:11's rite by CALL), never on the tape — 'purge the DOER of evils from Israel' (the Sifrei 86:10): the person removed, the evil with him; the homographs named, not counted — purge_deadline the leaven's timer, purge_commanded Jacob's removal of the foreign gods (Genesis 35:2); Onkelos 'ותפלי עביד דביש מבינך' (and you shall remove the doer of evil from among you)
PASS  [MOVE]  Deut 13:6, 13:11; Deut 5:6, 9:26, 7:8 by CALL (CH, NR, SN); the Sifrei 86:4-5, 90:3 — the_exodus_formula_with_redeeming
        ->  accepted           [heaven]  accepted for him — the offering's acceptance state
PASS  [MOVE]  Deut 13:6 (THE CASE'S WRITE evil_purged_from_the_midst — the formula's first seat of nine); the Sifrei 86:10 — the_evil_purged
        ->  evil_purged_from_the_midst [body]  the evil purged from the midst — THE PURGE FORMULA'S FIRST SEAT OF NINE: 'AND YOU SHALL PURGE THE EVIL FROM YOUR MIDST' (13:6 — the nine seats all in the book: 13:6 the first, then 17:7, 17:12, 19:19, 21:21, 22:21, 22:22, 22:24, 24:7 — each ahead a SECOND ENTRY, the compile's gain from naming the effect at its first seat): a BODY effect written on the condemned person at the exam's case (the false prophet put to death — the_prophets_death a parameter, stoning / strangling; the inciter stoned — 13:11's rite by CALL), never on the tape — 'purge the DOER of evils from Israel' (the Sifrei 86:10): the person removed, the evil with him; the homographs named, not counted — purge_deadline the leaven's timer, purge_commanded Jacob's removal of the foreign gods (Genesis 35:2); Onkelos 'ותפלי עביד דביש מבינך' (and you shall remove the doer of evil from among you)
PASS  [MOVE]  Deut 13:6; the Sifrei 86:1-2; Sanhedrin 90a:5 — the_exemptions
        ->  exempt             [status]  exempt — no entry opens; the ledger stays clean
PASS  [MOVE]  Deut 13:5; Yevamot 90b:5-6, 10-11; Sanhedrin 89b:7, 90a:2; the Sifrei 85:4 — elijah_at_carmel
        ->  exempt             [status]  exempt — no entry opens; the ledger stays clean
PASS  [MOVE]  Deut 13:2-3; Bava Metzia 59b — the_oven_of_akhnai
        ->  accepted           [heaven]  accepted for him — the offering's acceptance state
PASS  [MOVE]  Deut 13:2; Sanhedrin 89b:6-7; Horayot 13a:12 — the_established_prophet
        ->  accepted           [heaven]  accepted for him — the offering's acceptance state
PASS  [MOVE]  Deut 13:7 (THE LINE inciter_law_declared); the Sifrei 87:4-11; Sanhedrin 85b:2 — the_inciters_kin
        ->  accepted           [heaven]  accepted for him — the offering's acceptance state
PASS  [MOVE]  Deut 13:7; the Sifrei 87:1-3, 12-13; Kiddushin 80b:6 — entice_two_senses
        ->  accepted           [heaven]  accepted for him — the offering's acceptance state
PASS  [MOVE]  Deut 13:7, 13:9; Mishnah Sanhedrin 7:10 at Sanhedrin 67a:2-5, 12-13; SA by CALL — the_entrapment
        ->  exempt             [status]  exempt — no entry opens; the ledger stays clean
PASS  [MOVE]  Deut 13:7, 13:14; Sanhedrin 67a:6; the Sifrei 91:3; Mishnah Sanhedrin 7:6 (carried); OR by CALL — the_fifteen_utterances
        ->  accepted           [heaven]  accepted for him — the offering's acceptance state
PASS  [MOVE]  Deut 13:9 (THE REUSE pity_barred); Deut 7:16 by CALL (SN); Leviticus 19:16, 19:18 by CALL (HO); Exodus 23:5 by CALL (OR); the Sifrei 89:1-5; Sanhedrin 36b:5 — the_five_prohibitions
        ->  pity_barred        [block]  pity barred — the BLOCK the chapter's second line writes on Israel: 'your eye shall not pity them' (7:16 — the book's five seats: 7:16 the first, then 13:9 the enticer, 19:13 the murderer, 19:21 the false witness, 25:12 the woman's hand; the eye the subject, third person feminine): THE CODE'S HOLE compiled here — no cell in any runner held the pity (the recon: 'pity' nowhere); NO ROW ON THE SHELF cites 7:16 for the pity (the docket's scan: verse 16 once, Bava Kamma 113b on 'consume') — the write stands on the ink alone, its exam rows the book's later seats forward; 'and you shall consume all the peoples' the same verse — the war's spoil only, robbing a gentile prohibited (Bava Kamma 113b:7); written on the counter's day (40, 11, 1), no marker
PASS  [MOVE]  Deut 13:9-10; the Sifrei 89:6-7; Sanhedrin 33b:7, 36b:5, 43a:21, 61b:3-11, 63b:7; Mishnah Sanhedrin 4:1 at 40a:9-14 by CALL (OR) — the_courts_rule_inverted
        ->  exempt             [status]  exempt — no entry opens; the ledger stays clean
PASS  [MOVE]  Deut 13:10; the Sifrei 89:8; Leviticus 24:14 by CALL (L24); Leviticus 20:2 by CALL (SA) — the_hand_first
        ->  accepted           [heaven]  accepted for him — the offering's acceptance state
PASS  [MOVE]  Deut 13:11 (THE CASE — stoned, evil_purged_from_the_midst); Lev 24:23, Num 15:36 (the tape — stoned_as_commanded); MK by CALL; the Sifrei 90:1-2; Sifrei Bamidbar 113-114; Sanhedrin 54b:5 — the_stoning_rite
        ->  stoned             [body]  stoned — the death mode named in ink; for the ox, the beast's own docket entry
        ->  evil_purged_from_the_midst [body]  the evil purged from the midst — THE PURGE FORMULA'S FIRST SEAT OF NINE: 'AND YOU SHALL PURGE THE EVIL FROM YOUR MIDST' (13:6 — the nine seats all in the book: 13:6 the first, then 17:7, 17:12, 19:19, 21:21, 22:21, 22:22, 22:24, 24:7 — each ahead a SECOND ENTRY, the compile's gain from naming the effect at its first seat): a BODY effect written on the condemned person at the exam's case (the false prophet put to death — the_prophets_death a parameter, stoning / strangling; the inciter stoned — 13:11's rite by CALL), never on the tape — 'purge the DOER of evils from Israel' (the Sifrei 86:10): the person removed, the evil with him; the homographs named, not counted — purge_deadline the leaven's timer, purge_commanded Jacob's removal of the foreign gods (Genesis 35:2); Onkelos 'ותפלי עביד דביש מבינך' (and you shall remove the doer of evil from among you)
PASS  [MOVE]  Deut 13:12 (THE WRITE israel_hears_and_fears; the parameter the_execution_timing); the Sifrei 91:1-2; Mishnah Sanhedrin 11:4; Tosefta Sanhedrin 11:3; Sanhedrin 89a:6 — the_execution_timing
        ->  israel_hears_and_fears [status]  Israel hears and fears — the STATUS the line inciter_law_declared writes on Israel: 'AND ALL ISRAEL SHALL HEAR AND FEAR, and shall not do again such an evil thing as this in your midst' (13:12 — THE FORMULA'S FIRST SEAT OF FOUR: 13:12 with the paragogic nun, 17:13, 19:20, 21:21 ahead — REUSED thrice as second entries): THE EXECUTION'S TIMING A PARAMETER the_execution_timing — the inciter kept in custody until the Festival and executed before all Israel, R. Akiva (the Sifrei 91:1; Mishnah Sanhedrin 11:4 — the rebellious elder, the false prophet and the inciter the chapter's three, Tosefta Sanhedrin 11:3), executed at once and the courts notified, R. Yehuda (91:2 — no delay in court; Sanhedrin 89a:6 the four brought up to the Festival); the honors not capital (91:4 — Mishnah Sanhedrin 7:6: bowing, sacrificing, burning, libation the four services of death; embracing, kissing, sweeping the prohibition alone); 'do again' the root of adding (13:1's seal a DATA row); written at the counter's day (40, 11, 1), no marker
PASS  [MOVE]  Deut 13:13 (THE LINE condemned_city_law_declared) [1]; the Sifrei 92:1-4; Mishnah Sanhedrin 1:5; Sanhedrin 2a, 16b, 111b:16-19; Tosefta Sanhedrin 14:1; PN by CALL — one_city_at_a_time
        ->  accepted           [heaven]  accepted for him — the offering's acceptance state
PASS  [MOVE]  Deut 13:13; the Sifrei 92:5; Bava Kamma 82b:4, 8 — to_dwell_there_jerusalem
        ->  exempt             [status]  exempt — no entry opens; the ledger stays clean
PASS  [MOVE]  Deut 13:14 (THE WRITE condemned_city_inquiry_required); the Sifrei 93:1-5; Sanhedrin 111b:6-7, 14-15, 67a:16; Mishnah Sanhedrin 10:4; CH by CALL — the_seducers_parameters
        ->  condemned_city_inquiry_required [status]  the condemned city's inquiry required — the STATUS the line condemned_city_law_declared writes on Israel: 'WHEN YOU HEAR in one of your cities … saying: men, sons of Belial, have gone out from your midst and have drawn away the inhabitants of their city … THEN YOU SHALL INQUIRE AND SEARCH AND ASK DILIGENTLY; and behold, if it is true, THE THING CERTAIN' (13:13-15): THE SEDUCERS' PARAMETERS FROM ONE NOUN at their Bavli seat (Sanhedrin 111b:14-15 with the Sifrei 93:1-5 and Mishnah Sanhedrin 10:4 — 'gone out' themselves not agents, 'men' two and not women or children, 'sons of Belial' without a yoke, 'from your midst' not the border, 'their city' not another's, 'saying' witnesses and forewarning for each; the mode-property inverse 111b:7 — individuals stoned and their property spared, the multitude by the sword and their property destroyed); ONE CITY AT A TIME (92:3 — not three, two allowed; Mishnah Sanhedrin 1:5's court of seventy-one; Sanhedrin 2a, 16b:13-14; a city in two tribes 111b:16-19; Tosefta Sanhedrin 14:1 — one in Judea and one in Galilee, none near the border); JERUSALEM CANNOT BECOME ONE ('to dwell there' — not apportioned to a tribe: 92:5 at Bava Kamma 82b:4, 8); THE MAJORITY'S PROCEDURE a parameter's arms (112a:4-5 — imprison each / stone each until half then the sword / multiply the courts), THE VENUE the Great Sanhedrin from 17:5 (112a:6), THE THRESHOLD thirty days an inhabitant (112a:7-9), THE SELF-DRAWN CITY the open dilemma (112a:2-3); THE SEVEN INTERROGATIONS AND THE PROBES — the_inquiries A PARAMETER (calendar_parameters.yaml): the seven-year cycle, the year, the month, the day, the weekday, the hour, the place (Mishnah Sanhedrin 5:1 at 40a:1) from the three verses' terms pooled — 13:15, 17:4, 19:18 written together (40a:15, 40b:1 — the Sifrei 93:6-9; 149:1-2, 190:7-8), eleven terms and the eleventh spent (40b:9-10), the eighth R. Abbahu's (40b:11-14); 'I do not know' VOIDS the interrogations, the examinations STAND on it, a contradiction voids both (Mishnah 5:2 at 40a:4); the tolerance table — a day between the second and the third, not two; an hour (40a:5-7); 'CERTAIN' THE CONGRUENCE RULE (41a:18-20 — the sword against the club voids, black garments against white not, Rav Chisda's scarf and sandal); the forewarning's four sources and its purpose (40b:21-41a:12; the forewarning's clauses 40b:19; sanctions.frame by CALL), the idol's name and the four services (40b:20 — ordinances.capital by CALL); the deliberation's order the rule 13:9 inverts (40a:9-14 — ordinances.courts by CALL); 'diligently' FREE for the analogy (I2 with the freeness rider at the third verb, 40b:4-6); the capital court's end forty years before the destruction (41a:25 — a clock datum); THE LAW AS A STUDY TEXT (Tosefta Sanhedrin 14:1 — never was, never will be; 'examine and take a reward'); a city with one mezuzah never one (Sanhedrin 71a:17, 113a:3); written at the counter's day (40, 11, 1), no marker
PASS  [MOVE]  Deut 13:14-16; Sanhedrin 112a:2-8 — the_majoritys_procedure
        ->  accepted           [heaven]  accepted for him — the offering's acceptance state
PASS  [MOVE]  Deut 13:15 (THE WRITE condemned_city_inquiry_required; the parameter the_inquiries); the Sifrei 93:6-9; 149:1-2; 190:7-8; Mishnah Sanhedrin 5:1-2; Sanhedrin 40a-40b; OR, SA by CALL — the_seven_interrogations
        ->  condemned_city_inquiry_required [status]  the condemned city's inquiry required — the STATUS the line condemned_city_law_declared writes on Israel: 'WHEN YOU HEAR in one of your cities … saying: men, sons of Belial, have gone out from your midst and have drawn away the inhabitants of their city … THEN YOU SHALL INQUIRE AND SEARCH AND ASK DILIGENTLY; and behold, if it is true, THE THING CERTAIN' (13:13-15): THE SEDUCERS' PARAMETERS FROM ONE NOUN at their Bavli seat (Sanhedrin 111b:14-15 with the Sifrei 93:1-5 and Mishnah Sanhedrin 10:4 — 'gone out' themselves not agents, 'men' two and not women or children, 'sons of Belial' without a yoke, 'from your midst' not the border, 'their city' not another's, 'saying' witnesses and forewarning for each; the mode-property inverse 111b:7 — individuals stoned and their property spared, the multitude by the sword and their property destroyed); ONE CITY AT A TIME (92:3 — not three, two allowed; Mishnah Sanhedrin 1:5's court of seventy-one; Sanhedrin 2a, 16b:13-14; a city in two tribes 111b:16-19; Tosefta Sanhedrin 14:1 — one in Judea and one in Galilee, none near the border); JERUSALEM CANNOT BECOME ONE ('to dwell there' — not apportioned to a tribe: 92:5 at Bava Kamma 82b:4, 8); THE MAJORITY'S PROCEDURE a parameter's arms (112a:4-5 — imprison each / stone each until half then the sword / multiply the courts), THE VENUE the Great Sanhedrin from 17:5 (112a:6), THE THRESHOLD thirty days an inhabitant (112a:7-9), THE SELF-DRAWN CITY the open dilemma (112a:2-3); THE SEVEN INTERROGATIONS AND THE PROBES — the_inquiries A PARAMETER (calendar_parameters.yaml): the seven-year cycle, the year, the month, the day, the weekday, the hour, the place (Mishnah Sanhedrin 5:1 at 40a:1) from the three verses' terms pooled — 13:15, 17:4, 19:18 written together (40a:15, 40b:1 — the Sifrei 93:6-9; 149:1-2, 190:7-8), eleven terms and the eleventh spent (40b:9-10), the eighth R. Abbahu's (40b:11-14); 'I do not know' VOIDS the interrogations, the examinations STAND on it, a contradiction voids both (Mishnah 5:2 at 40a:4); the tolerance table — a day between the second and the third, not two; an hour (40a:5-7); 'CERTAIN' THE CONGRUENCE RULE (41a:18-20 — the sword against the club voids, black garments against white not, Rav Chisda's scarf and sandal); the forewarning's four sources and its purpose (40b:21-41a:12; the forewarning's clauses 40b:19; sanctions.frame by CALL), the idol's name and the four services (40b:20 — ordinances.capital by CALL); the deliberation's order the rule 13:9 inverts (40a:9-14 — ordinances.courts by CALL); 'diligently' FREE for the analogy (I2 with the freeness rider at the third verb, 40b:4-6); the capital court's end forty years before the destruction (41a:25 — a clock datum); THE LAW AS A STUDY TEXT (Tosefta Sanhedrin 14:1 — never was, never will be; 'examine and take a reward'); a city with one mezuzah never one (Sanhedrin 71a:17, 113a:3); written at the counter's day (40, 11, 1), no marker
PASS  [MOVE]  Deut 13:15; Mishnah Sanhedrin 5:2; Sanhedrin 40a:4-7, 41a:18-20 — the_congruence_rule
        ->  accepted           [heaven]  accepted for him — the offering's acceptance state
PASS  [MOVE]  Deut 13:16 (THE CASE — put_to_death); Bava Metzia 31b:3; Sanhedrin 52b:12; the Sifrei 94:1-3; SA by CALL — the_sword
        ->  put_to_death       [body]  put to death — the court docket opens a capital entry (mode per the compiled law)
PASS  [MOVE]  Deut 13:16-17; Mishnah Sanhedrin 10:5; Sanhedrin 111b:8-9, 112a:10-17; the Sifrei 94:4-5, 95:1 — the_property_table
        ->  accepted           [heaven]  accepted for him — the offering's acceptance state
PASS  [MOVE]  Deut 13:16 (THE CASE'S WRITE city_devoted); Num 21:3 (the tape); Exodus 22:19, Leviticus 27:28-29, Numbers 21:2-3, Deut 7:2 by CALL (OR, TM, CK, SN) — the_devoting
        ->  city_devoted       [destroy]  the city devoted — the DESTROY effect the exam's case writes on the condemned city: 'SMITE, YOU SHALL SMITE the inhabitants of that city with the edge of the sword, DEVOTING IT and all that is in it and its cattle with the edge of the sword; and all its spoil you shall gather into the midst of its street, and BURN WITH FIRE THE CITY AND ALL ITS SPOIL WHOLLY TO THE LORD YOUR GOD; and it shall be A HEAP FOREVER, it shall not be built again' (13:16-17): THE PROPERTY TABLE'S FOUR CELLS FROM THE VERSE'S FOUR PHRASES (Sanhedrin 112a:10 — 'destroy it' excludes the righteous' property outside, 'and all that is in it' includes theirs inside, 'its spoil' not Heaven's, 'gather all its spoil' includes the wicked's outside; Mishnah Sanhedrin 10:5 with the Sifrei 94:4-5, 95:1; the caravans save the city, 111b:8; the edges — the deposits, the joint animal, the wig, the carcass, 112a:11-17); 'by any means' (Bava Metzia 31b:3 — the death written, decapitation, else any death you can); THE SWORD'S SEAT (Sanhedrin 52b:12 — Mishnah Sanhedrin 9:1's list); the children disputed (94:3 — Abba Hanan from 24:16); the inhabitant of thirty days (112a:7-8); HEAVEN'S SPOIL at its folio (112b:1-113a:2 with Mishnah 10:6 and Temurah 8a:9 — the most sacred die, Temple maintenance redeemed, the heave offering decays, the second tithe and the scrolls interred; R. Shimon's exclusions — the firstborn and the animal tithe, the second-tithe money; Shmuel's rule; the wall's two capacities); the street made where none (111b:10); 'WHOLLY' AS THE WHOLE OFFERING'S CREDIT (111b:12 — R. Shimon; Samuel's lamb 1 Samuel 7:9 the one kin); THE HEAP'S ARMS at their principle (113a:4-6 — R. Yosei HaGelili not even gardens and orchards under R. Avin's rule, I4 refused; R. Akiva 'not built again as it was', I4 applied); JERICHO the run's case with Hiel (113a:7-10 — Joshua 6:17, 26; 1 Kings 16:34; the trees' rule — detached burned, attached spared; not Jericho under another name, not another city named Jericho); Ai's heap (Joshua 8:28) and Makkedah (10:28) the run's; the ban's seats by CALL (Exodus 22:19 — ordinances.capital's destroyed; Leviticus 27:28-29 — temurah.devote; Numbers 21:2-3 — chukat's cherem_law and Hormah's line on the tape; 7:2 — seven_nations.the_seven_nations's the_ban); the ketiv at 13:16 in the store; written on the case's city at the exam, never on the tape
PASS  [MOVE]  Deut 13:14; the Sifrei 93:2, 117:3; Bava Batra 10a:10; Ketubot 68a:2; Berakhot 31b:4; Tosefta Peah 4:19; 1 Kings 21:10 — belial_and_naboth
        ->  accepted           [heaven]  accepted for him — the offering's acceptance state
PASS  [MOVE]  Deut 13:13-19; Tosefta Sanhedrin 14:1; Sanhedrin 71a:17, 113a:3 (carried), 41a:25 — the_law_as_a_study_text
        ->  accepted           [heaven]  accepted for him — the offering's acceptance state
PASS  [MOVE]  Deut 13:17; Mishnah Sanhedrin 10:6; Sanhedrin 111b:10-12; the Sifrei 95:2-5; 1 Samuel 7:9 — the_whole_offering
        ->  accepted           [heaven]  accepted for him — the offering's acceptance state
PASS  [MOVE]  Deut 13:16-17; Sanhedrin 112b:1-113a:2; Temurah 8a:9; Tosefta Sanhedrin 4:5, 14:5; TM by CALL — heavens_spoil
        ->  accepted           [heaven]  accepted for him — the offering's acceptance state
PASS  [MOVE]  Deut 13:17; Sanhedrin 111b:13, 113a:4-10; the Sifrei 95:6-7, 96:1; Joshua 6:26; 1 Kings 16:34 — the_heap_forever
        ->  accepted           [heaven]  accepted for him — the offering's acceptance state
PASS  [MOVE]  Deut 13:18 (THE WRITE devoted_thing_cleaving_barred); Avodah Zarah 12b:7, 34b:15, 43b:19, 44b:1, 49b-50a; Tosefta Avodah Zarah 4:3, 7:5; Pesachim 48a:5; Mishnah Shabbat 9:6; the Sifrei 96:2; Deut 7:26 by CALL (SN) — nothing_shall_cleave
        ->  devoted_thing_cleaving_barred [block]  the devoted thing's cleaving barred — the BLOCK the line condemned_city_law_declared writes on Israel: 'AND NOTHING OF THE DEVOTED THING SHALL CLEAVE TO YOUR HAND, that the LORD may turn from the fierceness of His anger and give you mercy, and have mercy on you and multiply you, as He swore to your fathers' (13:18): THE BENEFIT BAN'S SOURCE AND REACH — Reish Lakish's stores adorned with roses and myrtle barred, with fruit permitted (Avodah Zarah 12b:7 — the smell an offering), the whole animal (34b:15), the pedestal not ascended even to disfigure (Tosefta Avodah Zarah 7:5), the warning (Pesachim 48a:5), the idol's measure for carrying any amount (Mishnah Shabbat 9:6 with Shabbat 90a), an idolatrous offering never nullified (Avodah Zarah 50a:10), the Mishnah at its folio — grind and throw to the wind or cast into the sea (43b:19), Aphrodite's bathhouse (44b:1); THE CITRON OF A CONDEMNED CITY UNFIT (Sukkah 34b:8 — Mishnah Sukkah 3:5's list: its burning owed, its measure crushed); the benefit's value to the Salt Sea (the Sifrei 96:2 with Mishnah Avodah Zarah 3:9 at 49b-50a — the Asherah's wood, the new oven shattered, R. Eliezer's halakha); THE LASHES — one who plows with a plow of the Asherah's wood (Makkot 22a:9 — Rav Ashi's addition; 22a:2 the wood inserted); 7:26's house_abomination_barred the kin by CALL (seven_nations.the_images_and_the_devoted); Joshua's warning and Achan's trespass the run's case (Joshua 6:18, 7:1 — 'of the devoted thing'); THE ANGER KEYED TO IDOLATRY'S PRESENCE (96:3; Mishnah Sanhedrin 10:6 at 111b:13 and 113b:2-3 — as long as the wicked are in the world fierce anger is in the world; Achan's valley Joshua 7:26, Peor's hanging_commanded Numbers 25:4 on the tape); THE MERCY TWO-ARMED a DATA row, no write (96:4 — Rabban Gamliel son of Rabbi: whoever has mercy on creatures is shown mercy from Heaven; Shabbat 151b:14; Yevamot 79a:3 the three marks; Beitzah 32b:4 the merciless not Abraham's seed; Tosefta Sotah 10:1); 'as He swore to your fathers' the oath's AS_WHEN form (96:5 — the fathers' merit by CALL; the pointer a RUN_CITATION if the census demands); written at the counter's day (40, 11, 1), no marker
PASS  [MOVE]  Deut 13:18; Sukkah 34b:8; Mishnah Sukkah 3:5 — the_citron_of_a_condemned_city
        ->  accepted           [heaven]  accepted for him — the offering's acceptance state
PASS  [MOVE]  Deut 13:18; Makkot 22a:2, 22a:9 (carried); SN by CALL — the_devoted_things_lashes
        ->  lashes             [body]  liable to lashes — the flogging entry on the court docket
PASS  [MOVE]  Deut 13:18; the Sifrei 96:3; Mishnah Sanhedrin 10:6; Sanhedrin 111b:13, 113b:2-3; Num 25:4 (the tape — hanging_commanded); BK by CALL; Joshua 7:26 — the_anger_keyed_to_idolatry
        ->  accepted           [heaven]  accepted for him — the offering's acceptance state
PASS  [MOVE]  Deut 13:18; the Sifrei 96:4; Shabbat 151b:14; Yevamot 79a:3; Beitzah 32b:4; Tosefta Sotah 10:1 — the_mercy_two_armed
        ->  accepted           [heaven]  accepted for him — the offering's acceptance state
PASS  [MOVE]  Deut 13:18 (THE POINTER); the Sifrei 96:5; SN, NR by CALL — as_he_swore_to_your_fathers
        ->  accepted           [heaven]  accepted for him — the offering's acceptance state
PASS  [MOVE]  Deut 13:19 (no line, no write); Deut 12:25, 28 by CALL (PN); Deut 6:18 by CALL (HI); Deut 11:13 by CALL (BC); the Sifrei 96:6-8; 1 Kings 22:43 — the_footer_the_condition
        ->  accepted           [heaven]  accepted for him — the offering's acceptance state
PASS  [MOVE]  Deut 13:1, 13:19; the Sifrei 82:1, 96:7; Avot 2:1 (carried), 3:9, 3:14 — the_light_as_the_weighty
        ->  accepted           [heaven]  accepted for him — the offering's acceptance state
PASS  [MOVE]  Deut 13:1-19 (the readback table) — the_table
        ->  accepted           [heaven]  accepted for him — the offering's acceptance state
PASS  [MOVE]  Deut 13:4, 13:12, 13:15, 13:18 (the supplied law rows with their writes); 13:2, 13:7, 13:13 (the lines); 13:6 (the case) — the_supplied_law_rows
        ->  accepted           [heaven]  accepted for him — the offering's acceptance state
PASS  [MOVE]  Deut 13:18 (the pointer row) — the_pointer_row
        ->  accepted           [heaven]  accepted for him — the offering's acceptance state
PASS  [MOVE]  Deut 13:1-19 (no retrograde row) — no_retrograde_row
        ->  accepted           [heaven]  accepted for him — the offering's acceptance state
PASS  [MOVE]  Deut 13:11 (the DB — the two verbs of stoning) — the_two_verbs_of_stoning
        ->  accepted           [heaven]  accepted for him — the offering's acceptance state
PASS  [MOVE]  Deut 13:6 (the DB — the purge formula's nine seats) — the_purge_formulas_nine_seats
        ->  accepted           [heaven]  accepted for him — the offering's acceptance state
PASS  [MOVE]  Deut 13:3, 13:7, 13:14 (the kin by computation — the seducers' one formula) — the_seducers_one_formula
        ->  accepted           [heaven]  accepted for him — the offering's acceptance state

WATCH COVERAGE (the wrap):
  WATCH law_seducers           seen  40  fired  40  on: seducers_case
MATRIX: 56/56 cells match the answer sheet
FRACTIONS: pure ink 0/56 (0%) · named moves 56/56 (100%) · data 0/56 (0%) · hypotheses 0/56 (the H class, counted apart — never as compiled)
LEDGER OPS this span writes: block x4, body x7, destroy x1, heaven x35, status x11
THE INK: the number verse {(13, 13): [1]} (ordinals none; no starred token); the register singular-only [2, 3, 7, 9, 10, 11, 12, 13, 15, 16, 17, 18, 19], plural-only [5], both [1, 4, 6, 8, 14], neither []; the negations {1: ['לא', 'ולא'], 3: ['לא'], 4: ['לא'], 7: ['לא'], 9: ['לא', 'ולא', 'ולא', 'ולא', 'ולא'], 12: ['ולא'], 14: ['לא'], 17: ['לא'], 18: ['ולא']}; the Name 10 bare tokens; Moses unnamed []; the one narrative verb {14: ['וידיחו']}; the infinitive absolutes [(10, 'הרג'), (15, 'היטב'), (16, 'הכה'), (16, 'החרם')]; the tokens 328, the letters 1269
THE READBACK — THE FORMS ON FILE, NO NEW FORM: 19 rows — {'VERBATIM': 3, 'SUPPLIED': 8, 'VARIANT': 5, 'EXPANDED': 3}; on the tape 7, in the kin's cells by CALL 17 (every cell found True); the SUPPLIED rows ['Deut 13:2', 'Deut 13:4', 'Deut 13:6', 'Deut 13:7', 'Deut 13:12', 'Deut 13:13', 'Deut 13:15', 'Deut 13:18'] (the writes ['false_prophet_hearing_barred', 'israel_hears_and_fears', 'condemned_city_inquiry_required', 'devoted_thing_cleaving_barred']); the pointer rows ['Deut 13:18']; no row open True; the OPEN rows []; the holes 0
THE COUNTER AND THE PARAMETERS: {'counter': (40, 11, 1), 'signs_arms': ['r_akiva', 'r_yosei_hagelili', 'the_hearing'], 'death_arms': ['stoning', 'strangling', 'the_default'], 'timing_arms': ['r_akiva', 'r_yehuda', 'the_formula'], 'inquiry_keys': ['diligently_free', 'the_clock_datum', 'the_congruence', 'the_examinations', 'the_order', 'the_seven', 'the_tolerance', 'the_voiding'], 'no_marker': True}; the_signs_status {'r_yosei_hagelili': 'THE DOMINION — the Torah gave the false ', 'r_akiva': 'THE FALLEN PROPHET — Heaven forfend that', 'the_hearing': 'either arm: the hearing BARRED (13:4) — '}; the_prophets_death {'stoning': "the Sifrei's majority and the Rabbis at ", 'strangling': 'R. Shimon (the Sifrei 86:6) and MISHNAH ', 'the_default': "the answer sheet's — strangling (Mishnah"}; the_execution_timing {'r_akiva': 'KEPT TO THE FESTIVAL — the inciter is he', 'r_yehuda': 'AT ONCE — no delay of judgment: he is ex', 'the_formula': "'and all Israel shall hear and fear' at "}; the_inquiries ['diligently_free', 'the_clock_datum', 'the_congruence', 'the_examinations', 'the_order', 'the_seven', 'the_tolerance', 'the_voiding']
THE SCANS on the one database: the five on Israel []; the three reused effects' entities [['israel_people'], ['israel_people'], ['israel_people']]
THE CALLEES: OH add_nothing you shall not add (4:2) — THE ; CH second word no other gods before me (5:7) ; HI test you shall not test (6:16) — Ma; SN pity consume without pity (7:16) — , wood ['lashes']; ST four fear, serve, cleave, swear (10; PN one in one of your tribes (12:14) ; OR idolater serves_sacrifices_incense_libation_bows_accepts_says, devoted 4, asymmetry acquit_by_one_convict_by_two; ER four verbs 4; SA strangled ["a man's wife"], who_stones the_people_of_the_land; L24 PAY-MONEY; MK stones both verses fulfilled: the sec; TM person put_to_death_not_ransomed; CK cherem ['destroyed']; BK anger ['mark_of_anger', 'plague_struck']; BH dreams the prophets in dreams; Moses ; MM test 1; HO rule R._Akiva_love_your_neighbor
THE SCENE on the bench: (1, 1, 1, 1, 1, 1, 1, 2, 1, 1, 1, 1, 1, 1, 1, 1, 1, 1, 1, 2, 1, 1, 1, 1, 1, 1, 1, 1, 1, 1, 1, 1, 1, 1, 1, 1, 1, 1, 1, 1); the exempt arms (1, 1, 1, 1, 1, 1); the lashes 1 (one — the Asherah's wood in the plow); stoned 1, put_to_death 2, evil_purged 2, city_devoted 1; the timers (set, fired, cancelled, pending) (0, 0, 0, 0); entities 40; closes 0
THE NARRATIVE: (8, 0, 1, (11, 1), 0, 0, 0, 0) (the eight on Israel ['adding_barred', 'false_prophet_hearing_barred', 'tested_by_the_lord', 'cleaving_commanded', 'pity_barred', 'israel_hears_and_fears', 'condemned_city_inquiry_required', 'devoted_thing_cleaving_barred'])
THE PARAMETER ROWS: the_readback = 19 rows, 0 holes, 0 open rows; the_counter_and_the_parameters = {'counter': (40, 11, 1), 'signs_arms': ['r_akiva', 'r_yosei_hagelili', 'the_hearing'], 'death_arms': ['stoning', 'strangling', 'the_default'], 'timing_arms': ['r_akiva', 'r_yehuda', 'the_formula'], 'inquiry_keys': ['diligently_free', 'the_clock_datum', 'the_congruence', 'the_examinations', 'the_order', 'the_seven', 'the_tolerance', 'the_voiding'], 'no_marker': True}; the_purge_formulas_seats = {'the_seats': ['Deut 13:6', 'Deut 17:12', 'Deut 17:7', 'Deut 19:19', 'Deut 21:21', 'Deut 22:21', 'Deut 22:22', 'Deut 22:24', 'Deut 24:7'], 'the_count': 9, 'the_first': 'Deut 13:6', 'the_homographs': ['purge_deadline (the leaven)', 'purge_commanded (Jacob — Genesis 35:2)']}; the_two_verbs_of_stoning = {'deuteronomy': ['Deut 13:11', 'Deut 17:5', 'Deut 22:21', 'Deut 22:24'], 'leviticus_and_numbers': ['Lev 20:2', 'Lev 20:27', 'Lev 24:14', 'Lev 24:16', 'Lev 24:16', 'Lev 24:23', 'Num 14:10', 'Num 15:35', 'Num 15:36'], 'both': ['Deut 21:21']}; the_seven_inquiries = {'the_counts': (7, 3, 11, 1), 'the_three_verses': ['Deut 13:15', 'Deut 17:4', 'Deut 19:18'], 'the_eighth': "R. Abbahu's (40b:11-14)", 'diligently_free': 'I2 with the freeness rider (40b:4-6)'} (the other settings recorded in DATA — 39 rows)

THE COMPILE OF CHAPTER 13: the answer sheet REPRODUCED — 56/56
