credited 288 ledgers 57

== deu_12_reeh_exam_2026-09-20.md: 157 addrs; path <repo>/logic/oral_triage/deu_12_reeh_exam_2026-09-20.md; sample Chullin 84a:10: 2 line(s)
    - Chullin 84a:10 [TOPIC] — LAW. Ya'akov the heretic to Rava: the wild animal is within 'a domesticated animal' for the kosher signs (14:4-6) — so let the domesticated be within the wild for the covering: F5 — the question 12:21-24's 'like water' answers (84a:1
    Chullin 84a:10

== num_16_18_korach_exam_2026-09-10.md: 28 addrs; path <repo>/logic/oral_triage/num_16_18_korach_exam_2026-09-10.md; sample Bekhorot 59a:1: 2 line(s)
    - Bekhorot 59a:1 [LINK — Num 18:24] — LAW. 18:24 the tithe CALLED 'terumah' (the priests' portion) — separated by estimate and thought; the animal tithe juxtaposed (Deut 14:22): an uncounted animal separated as tithe is valid (R. Yosei son of R. Yehuda). CELL 
    Bekhorot 59a:1

== EXOD_TALMUD_TRIAGE_LEDGER.md: 27 addrs; path <repo>/logic/oral_triage/EXOD_TALMUD_TRIAGE_LEDGER.md; sample Bava Kamma 77b:13: 1 line(s)
    - **Bava Kamma 77b:13** [CREDIT] (Ex 21:37) — seh and the hybrid

== deu_10_ekev_exam_2026-09-20.md: 21 addrs; path <repo>/logic/oral_triage/deu_10_ekev_exam_2026-09-20.md; sample Taanit 9a:1: 12 line(s)
    - Taanit 9a:1 [TOPIC] — OUTSIDE. 'a tithe you shall tithe' (14:22) — tithe that you become wealthy (R. Yochanan to Reish Lakish's son) — the tithe's, no cell here.
    - Taanit 9a:10 [TOPIC — CREDITED: num_19_21_chukat_exam_2026-09-11.md, num_33_journeys_exam_2026-09-12.md] — DERIVATION. CREDITED (the chukat docket) — R. Yosei son of R. Yehuda: THREE GOOD SUSTAINERS — Moses, Aaron, Miriam — and three gifts: the well (Miriam)

== priesthood_topic_docket_2026-09-06.md: 17 addrs; path <repo>/logic/oral_triage/priesthood_topic_docket_2026-09-06.md; sample Bava Kamma 78a:3: 1 line(s)
    Bava Kamma 25b:8 (Lev 22:4); Bava Kamma 25b:8 (Lev 22:5); Bava Kamma 25b:11 (Lev 22:4); Bava Kamma 65b:17 (Lev 22:27); Bava Kamma 77b:15 (Lev 22:27); Bava Kamma 78a:1 (Lev 22:27); Bava Kamma 78a:3 (Lev 22:27); Bava Kamma 78a:4 (Lev 22:27)

== talmud_triage_gen_2026-09-01.md: 17 addrs; path <repo>/logic/oral_triage/talmud_triage_gen_2026-09-01.md; sample Bava Metzia 53b:1: 1 line(s)
    - **Bava Metzia 53b:1** [QUOTE] (Gen 43:34) — se'et = eating - dup (43:34)

== ordinances_topic_docket_2026-09-06.md: 12 addrs; path <repo>/logic/oral_triage/ordinances_topic_docket_2026-09-06.md; sample Bekhorot 10a:2: 1 line(s)
    Bekhorot 10a:2 (Exodus 22:30); Bekhorot 26b:10 (Exodus 22:28); Bekhorot 26b:11 (Exodus 22:28); Bekhorot 26b:13 (Exodus 22:29); Bekhorot 26b:15 (Exodus 22:28); Bekhorot 55b:10 (Exodus 22:28); Bekhorot 56a:2 (Exodus 22:29); Bekhorot 56a:9 (Exodus 22:29)

== exodus_block_leaven_2026-09-04.md: 9 addrs; path <repo>/logic/oral_triage/exodus_block_leaven_2026-09-04.md; sample Pesachim 21b:7: 1 line(s)
    - Pesachim 21b:7-9 — the carcass baraita (R. Meir give-or-sell to both;

== holiness_b_topic_docket_2026-09-06.md: 9 addrs; path <repo>/logic/oral_triage/holiness_b_topic_docket_2026-09-06.md; sample Mishnah Makkot 3:5: 3 line(s)
    - Mishnah Makkot 3:5 — CREDIT. (the Emor round, sitting L3) the head-balder, the ROUNDER of the head's corner, the DESTROYER of the beard's corner, the GASHER for the dead — liable; one gash for five dead or five gashes for one dead — liable for each; the head
    - Mishnah Makkot 3:5 (linked at Leviticus 19:27-28, Leviticus 19:28) — first graded in acharei_exam_mishnah_2026-09-05.md, acharei_rules.py, emor_exam_mishnah_2026-09-05.md, emor_rules.py ...

== genesis_block_table_knife_2026-09-04.md: 8 addrs; path <repo>/logic/oral_triage/genesis_block_table_knife_2026-09-04.md; sample Chullin 113a:19: 1 line(s)
    Chullin 113a:19 · Chullin 113a:20

== dependency_debt_docket_2026-09-06.md: 8 addrs; path <repo>/logic/oral_triage/dependency_debt_docket_2026-09-06.md; sample Mishnah Chullin 8:4: 2 line(s)
    - Mishnah Chullin 8:4 — CREDIT. (the Mishpatim round; cold_run_calendar) pure beast in pure beast's milk — forbidden to cook and in benefit; the impure permutations permitted; R. Akiva: wild animal and fowl not from the Torah ('a kid in its mother's milk' thre
    Mishnah Chullin 8:4

== num_04_07_naso_exam_2026-09-10.md: 8 addrs; path <repo>/logic/oral_triage/num_04_07_naso_exam_2026-09-10.md; sample Temurah 28a:11: 2 line(s)
    - Temurah 28a:11 [LINK — Num 6:18] — LAW. 6:18 the nazirite's hair among the forbidden-in-any-amount (with the firstborn donkey, meat in milk...). CELL nazirite('hair') — the third seat.
    Temurah 28a:11

== pre_sinai_docket_2026-09-06.md: 8 addrs; path <repo>/logic/oral_triage/pre_sinai_docket_2026-09-06.md; sample Chullin 60a:9: 4 line(s)
    # (Taanit 26a:7, 27b:10; Megillah 22a:2); 'their host' read 'their beauty' (Chullin 60a:9); 'bara shit' (Sukkah 49a:2). THE
    - Chullin 60a:9 — MATERIAL. R. Yehoshua b. Levi: all creation was created in its stature, its knowledge, its beauty — 'and all their HOST (2:1)' read 'their BEAUTY' — the run's completion clause.

== sheviit_topic_docket_2026-09-05.md: 7 addrs; path <repo>/logic/oral_triage/sheviit_topic_docket_2026-09-05.md; sample Mishnah Temurah 6:1: 2 line(s)
    - Mishnah Temurah 6:1 — CONTEXT. All altar-forbidden classes forbid in any amount — the coupler, the coupled, the set-aside, the worshipped, the harlot's hire, the dog's price, mixed kinds, the torn, the caesarean — Leviticus 22 and Deuteronomy 23's span, rout
    - Mishnah Temurah 6:1 — CONTEXT

== deu_11_ekev_reeh_exam_2026-09-20.md: 6 addrs; path <repo>/logic/oral_triage/deu_11_ekev_reeh_exam_2026-09-20.md; sample Menachot 37b:5: 2 line(s)
    - Menachot 37b:5 [TOPIC — CREDITED: EXOD_TALMUD_TRIAGE_LEDGER.md, deu_06_vaetchanan_exam_2026-09-17.md] — DERIVATION. CREDITED (deu_06_vaetchanan_exam_2026-09-17.md; carried) — CREDITED — the head's upper part from where? 'between your eyes' — a place fit for 
    Menachot 37b:5

== deu_01_03_devarim_exam_2026-09-15.md: 6 addrs; path <repo>/logic/oral_triage/deu_01_03_devarim_exam_2026-09-15.md; sample Mishnah Sotah 7:8: 4 line(s)
    - Mishnah Sotah 7:8 [LINK — Deut 1:1 — CREDITED: num_13_15_shelach_exam_2026-09-10.md] — CONTEXT. CREDITED (the Shelach docket) — the king's reading from 'these are the words' (1:1) to 'Hear, O Israel' (6:4): F1 the_frame (the DATA row's arm — the book's openi
    - Sotah 41a:18 [LINK — Deut 1:1] — CONTEXT. the king's reading from 'these are the words' (1:1) to 'Hear, O Israel': F1 the_frame (Mishnah Sotah 7:8's gemara); observed.

== num_30_vows_exam_2026-09-12.md: 6 addrs; path <repo>/logic/oral_triage/num_30_vows_exam_2026-09-12.md; sample Nedarim 84b:6: 2 line(s)
    - Nedarim 84b:6 [TOPIC] — LAW. — at the THRESHING FLOOR ('you shall leave it at your gates', Deut 14:28) no discretion — permitted — the tithe engine's two seats by reference (Deuteronomy not compiled: outside the vows' cells).
    Nedarim 84b:6

== deu_06_vaetchanan_exam_2026-09-17.md: 5 addrs; path <repo>/logic/oral_triage/deu_06_vaetchanan_exam_2026-09-17.md; sample Menachot 37b:5: 2 line(s)
    - Menachot 37b:5 [TOPIC — CREDITED: EXOD_TALMUD_TRIAGE_LEDGER.md] — DERIVATION. CREDITED — the head's upper part from where? 'between your eyes' — a place fit for baldness, as 'you shall not make baldness between your eyes' (14:1): THE INK'S FIFTH SEAT OF THE 
    Menachot 37b:5

== holiness_topic_docket_2026-09-06.md: 5 addrs; path <repo>/logic/oral_triage/holiness_topic_docket_2026-09-06.md; sample Mishnah Peah 8:5: 2 line(s)
    - Mishnah Peah 8:5 — ROUTED. the minimum given to the poor at the floor — half a kav wheat, a kav barley (R. Meir half), a kav and a half spelt, a kav dried figs or a maneh of fig cake (R. Akiva half), half a log wine (R. Akiva a quarter), a quarter oil (R. Ak
    Mishnah Peah 8:5

== erection_docket_2026-09-06.md: 4 addrs; path <repo>/logic/oral_triage/erection_docket_2026-09-06.md; sample Kiddushin 57b:9: 3 line(s)
    - Kiddushin 57b:9 — CREDIT. (the calendar engine's kid_in_milk) the school of R. Yishmael: 'you shall not boil a kid in its mother's milk' three times — one for eating, one for benefit, one for boiling; 34:26 the second of the three, token-identical to 23:19.
    Kiddushin 17a:7 (Exodus 34:20); Kiddushin 29a:15 (Exodus 34:20); Kiddushin 29a:17 (Exodus 34:20); Kiddushin 29b:5 (Exodus 34:20); Kiddushin 29b:6 (Exodus 34:20); Kiddushin 33b:15 (Exodus 33:8); Kiddushin 57b:9 (Exodus 34:26)

== deu_13_reeh_exam_2026-09-21.md: 4 addrs; path <repo>/logic/oral_triage/deu_13_reeh_exam_2026-09-21.md; sample Pirkei Avot 3:14: 2 line(s)
    - Pirkei Avot 3:14 [TOPIC — CREDITED: gen_06_land_adam_dominion_2026-08-23.md, gen_21_blessing_blood_law_2026-08-25.md, gen_sweep_mishnah_2026-08-31.md] — CONTEXT. CREDITED (gen_06_land_adam_dominion_2026-08-23.md, gen_21_blessing_blood_law_2026-08-25.md, gen_
    Pirkei Avot 3:14

== exodus_block_calendar_2026-09-04.md: 4 addrs; path <repo>/logic/oral_triage/exodus_block_calendar_2026-09-04.md; sample Rosh Hashanah 13a:1: 2 line(s)
    ### Rosh Hashanah 13a:1-4 — the year seam
    Rosh Hashanah 9a:5, Rosh Hashanah 13a:1, Rosh Hashanah 13a:2,

== deu_12_reeh_2026-09-20.md: 3 addrs; path <repo>/logic/oral_triage/deu_12_reeh_2026-09-20.md; sample Tosefta Bekhorot 7:1: 1 line(s)
    - Sifrei Devarim 63:8 — MATERIAL. On 12:5. "YOUR TITHES" — R. AKIVA: THE VERSE SPEAKS OF TWO TITHES, THE TITHE OF GRAIN AND THE TITHE OF CATTLE. The plural read as two (בִּשְׁנֵי מַעַשְׂרוֹת הַכָּתוּב מְדַבֵּר "of two tithes the verse speaks"): THE INK — "your

== gen_03_double_build_2026-08-23.md: 3 addrs; path <repo>/logic/oral_triage/gen_03_double_build_2026-08-23.md; sample Chullin 60a:10: 1 line(s)
    | 15 | Chullin 60a:10 | chain_primary | **material** | F — THE GRASSES' A-FORTIORI (delta #2): R. Chanina bar Pappa — when God said "after its kind" of the TREES (1:11), the grasses drew a qal va-chomer (a-fortiori, middah E5/I1) UPON THEMSELVES — a licensed i

== genesis_block_name_ink_2026-09-04.md: 3 addrs; path <repo>/logic/oral_triage/genesis_block_name_ink_2026-09-04.md; sample Chullin 65a:1: 2 line(s)
    ### Chullin 65a:1-3 (3)
    Chullin 65a:1 · Chullin 65a:2 · Chullin 65a:3

== family_docket_2026-09-06.md: 2 addrs; path <repo>/logic/oral_triage/family_docket_2026-09-06.md; sample Mishnah Chullin 8:4: 2 line(s)
    - Mishnah Chullin 8:4 — CONTEXT. meat of a pure beast in milk of a pure beast — forbidden to cook and to benefit; R. Akiva: wild animal and fowl not from the Torah — 'a kid in its mother's milk' three times; R. Yosei haGelili: fowl has no mother's milk — 'a KI
    Mishnah Chullin 8:4

== mishpatim_exam_mishnah_2026-09-01.md: 2 addrs; path <repo>/logic/oral_triage/mishpatim_exam_mishnah_2026-09-01.md; sample Mishnah Chullin 8:4: 1 line(s)
    - Mishnah Chullin 8:4 — MATERIAL. MEAT-IN-MILK SPECIES MATRIX:

== num_13_15_shelach_exam_2026-09-10.md: 2 addrs; path <repo>/logic/oral_triage/num_13_15_shelach_exam_2026-09-10.md; sample Mishnah Sotah 7:8: 2 line(s)
    - Mishnah Sotah 7:8 [TOPIC] — CONTEXT. the king's reading at the assembly — Deuteronomy's.
    Mishnah Sotah 7:8

== gen_09_helper_woman_first_speech_2026-08-24.md: 2 addrs; path <repo>/logic/oral_triage/gen_09_helper_woman_first_speech_2026-08-24.md; sample Yevamot 62b:13: 1 line(s)
    | 51 | Yevamot 62b:13 | chain_primary | enrichment | without a wife: without joy, without blessing, without GOODNESS (the third from our lo-tov) — the token in the marriage-praise catalogue |

== deu_08_ekev_exam_2026-09-19.md: 2 addrs; path <repo>/logic/oral_triage/deu_08_ekev_exam_2026-09-19.md; sample Yoma 76a:12: 2 line(s)
    - Yoma 76a:12 [TOPIC — CREDITED: num_30_vows_exam_2026-09-12.md] — DERIVATION. CREDITED (an earlier Yoma read) — five, not six? DRINKING INCLUDED IN EATING — Reish Lakish: 'you shall EAT before the LORD … the tithe of your grain, your WINE and your oil' (14:23
    Yoma 76a:12

== acharei_exam_mishnah_2026-09-05.md: 2 addrs; path <repo>/logic/oral_triage/acharei_exam_mishnah_2026-09-05.md; sample Mishnah Makkot 3:5: 2 line(s)
    - Mishnah Makkot 3:5 — MATERIAL, ANSWERED. Baldness-rounding-
    Mishnah Makkot 3:5

== sanctions_topic_docket_2026-09-05.md: 2 addrs; path <repo>/logic/oral_triage/sanctions_topic_docket_2026-09-05.md; sample Mishnah Makkot 3:5: 2 line(s)
    - Mishnah Makkot 3:5 — ROUTED. the bald spot, rounding the head's corner, destroying the beard's corner, one incision for the dead — Lev 19:27-28 / 21:5 (sittings L4/L5; round 44 graded the corners).
    Mishnah Makkot 3:5

== incense_shekel_docket_2026-09-06.md: 2 addrs; path <repo>/logic/oral_triage/incense_shekel_docket_2026-09-06.md; sample Mishnah Zevachim 5:8: 2 line(s)
    - Mishnah Zevachim 5:8 — CREDIT. (the Passover engine; sitting E1) the firstborn, the tithe, and the Passover — lesser holiness, one gift opposite the base; the firstborn to the priests, the tithe to anyone; the Passover only at night, until midnight, by its r
    Mishnah Zevachim 5:8

== behar_exam_mishnah_2026-09-05.md: 2 addrs; path <repo>/logic/oral_triage/behar_exam_mishnah_2026-09-05.md; sample Mishnah Bekhorot 9:1: 2 line(s)
    - Mishnah Bekhorot 9:1 — LAW (VERBATIM). "The animal tithe: cattle
    Mishnah Bekhorot 1:4 · Mishnah Bekhorot 1:7 · Mishnah Bekhorot 9:1

== gen_04_lights_calendar_2026-07-30.md: 2 addrs; path <repo>/logic/oral_triage/gen_04_lights_calendar_2026-07-30.md; sample Chullin 60b:2: 6 line(s)
    | 22 | Chullin 60b:2 | chain_primary | **material** | READ — upgrading the unit's named-only note: created equal; 'is it possible for two kings to serve with one crown?'; 'go and diminish yourself' — the named owner of delta #1, now verified from local text; a
    | 26 | Ein Yaakov (Glick Edition), Chullin 3:11 | chain_anthology | dup-of:Chullin 60b:2 | the two-kings passage, translated |

== deu_07_vaetchanan_ekev_exam_2026-09-18.md: 1 addrs; path <repo>/logic/oral_triage/deu_07_vaetchanan_ekev_exam_2026-09-18.md; sample Avodah Zarah 20a:5: 2 line(s)
    - Avodah Zarah 20a:5 [TOPIC] — DISPUTE. the undeserved gift itself a tannaitic dispute — the carcass of 14:21 'you may GIVE it to the resident alien … or SELL it to a foreigner': the resident alien by selling too? 'give … or sell' — either: F1 no_favor (the gi
    Avodah Zarah 20a:5

== num_35_refuge_cities_exam_2026-09-13.md: 1 addrs; path <repo>/logic/oral_triage/num_35_refuge_cities_exam_2026-09-13.md; sample Bava Kamma 41a:22: 2 line(s)
    - Bava Kamma 41a:22 [TOPIC] — CONTEXT. the carcass's 'sell it to a foreigner' (Deuteronomy 14:21) the specification.
    Bava Kamma 41a:22

== gen_06_land_adam_dominion_2026-08-23.md: 1 addrs; path <repo>/logic/oral_triage/gen_06_land_adam_dominion_2026-08-23.md; sample Pirkei Avot 3:14: 2 line(s)
    | 51 | Pirkei Avot 3:14 | chain_primary | **material** | F — the Mishnah's own claim row on our install: "BELOVED IS MAN, for he was created in the image; EXTRA love — it was MADE KNOWN to him that he was created in the image" — the image plus its disclosure, 
      Avodah Zarah 43b; Pirkei Avot 3:14; Niddah 22b:17), the pru-urvu law table

== gen_21_blessing_blood_law_2026-08-25.md: 1 addrs; path <repo>/logic/oral_triage/gen_21_blessing_blood_law_2026-08-25.md; sample Pirkei Avot 3:14: 1 line(s)
    **Carry credits (9, quick-looks done):** Berakhot 61a:14 (gen_14 — 5:2's plural against 9:6's singular in the two-faces sugya); Bereshit Rabbah 16:6 (gen_08 — the six commandments from 2:16, under this span's seventh); 17:2 (gen_06 — without-a-wife complex); 2

== gen_sweep_mishnah_2026-08-31.md: 1 addrs; path <repo>/logic/oral_triage/gen_sweep_mishnah_2026-08-31.md; sample Pirkei Avot 3:14: 1 line(s)
    Pirkei Avot 1:15 · Pirkei Avot 1:17 · Pirkei Avot 2:5 · Pirkei Avot 3:14 ·

== exodus_block_matza_2026-09-04.md: 1 addrs; path <repo>/logic/oral_triage/exodus_block_matza_2026-09-04.md; sample Shabbat 108a:12: 3 line(s)
    - Shabbat 108a:12 — the hide of the permitted species, from the
    - Shabbat 108a:12 — MATERIAL (docket). The Boethusian's challenge

== exodus_block_shabbat_2026-09-04.md: 1 addrs; path <repo>/logic/oral_triage/exodus_block_shabbat_2026-09-04.md; sample Shabbat 108a:12: 1 line(s)
    - Shabbat 108a:12 (phylacteries on the hide of the permitted) → block 3

== num_09_pesach_sheni_exam_2026-09-09.md: 1 addrs; path <repo>/logic/oral_triage/num_09_pesach_sheni_exam_2026-09-09.md; sample Tosefta Pesachim 8:1: 2 line(s)
    - Tosefta Pesachim 8:1 — MATERIAL (fresh). THE LIST of who keeps the second: zavim and zavot, menstruants,
    Tosefta Pesachim 8:1

== emor_exam_mishnah_2026-09-05.md: 1 addrs; path <repo>/logic/oral_triage/emor_exam_mishnah_2026-09-05.md; sample Mishnah Makkot 3:5: 2 line(s)
    - Mishnah Makkot 3:5 — LAW (VERBATIM). One gash for five dead or
    Mishnah Makkot 3:2 · Mishnah Makkot 3:5 · Mishnah Makkot 3:8

== deu_06_vaetchanan_2026-09-17.md: 1 addrs; path <repo>/logic/oral_triage/deu_06_vaetchanan_2026-09-17.md; sample Mishnah Maaser Sheni 3:8: 2 line(s)
    # Deuteronomy 6:1-25 derivation — Onkelos + the Sifrei on Deuteronomy as the spine (PISKAOT 31-36 ON 6:4-9, ONE PER VERSE OF THE SHEMA — the first piskaot on the chapter since 30 on 3:29; 6:1-3 and 6:10-25 without a piska; EIGHT rows beyond the spine citing ch
    - Sifrei Devarim 36:8 — MATERIAL. On 6:9. I MIGHT HEAR EVEN THE GATES OF THE SANCTUARY? THE TEACHING SAYS "YOUR HOUSE" — AS YOUR HOUSE IS PROFANE, SO THE SANCTUARY'S GATES ONLY WHERE PROFANE; FROM HERE THEY SAID: THE CHAMBERS OPENING ON THE HOLY ARE HOLY, ON T

== num_05_camp_pure_theft_2026-09-09.md: 1 addrs; path <repo>/logic/oral_triage/num_05_camp_pure_theft_2026-09-09.md; sample Mishnah Maaser Sheni 5:1: 2 line(s)
    # Numbers 5:1-10 derivation — Onkelos + the Sifrei on Numbers as the spine (its piskaot found BY POSITION), THE NUMBERS WALK sitting 2 — NASO, the camp purified; the theft's confession and the proselyte's restitution; the priest's gifts (2026-09-09; the owner:
    - Sifrei Bamidbar 6:1 — MATERIAL. A MAN'S HOLY THINGS ARE HIS — WHAT STAYS WITH THE OWNER; THE FOURTH-YEAR FRUIT. All holy things were pulled out to the priests, leaving the owners portions of the thank and peace offerings, the paschal lamb, the animal tithe, 

== lev_offering_consolidation_2026-09-04.md: 1 addrs; path <repo>/logic/oral_triage/lev_offering_consolidation_2026-09-04.md; sample Mishnah Zevachim 5:8: 1 line(s)
    Mishnah Zevachim 5:7 · Mishnah Zevachim 5:8

== num_18_priest_levite_dues_2026-09-10.md: 1 addrs; path <repo>/logic/oral_triage/num_18_priest_levite_dues_2026-09-10.md; sample Mishnah Zevachim 5:8: 1 line(s)
    # Numbers 18:1-32 derivation — Onkelos + the Sifrei on Numbers as the spine (its piskaot found BY POSITION), THE NUMBERS WALK sitting 5 — KORACH, the priests' and the Levites' watch; the twenty-four gifts; the firstborn's redemption; the covenant of salt; the 

== gen_07_completion_sanctity_2026-08-23.md: 1 addrs; path <repo>/logic/oral_triage/gen_07_completion_sanctity_2026-08-23.md; sample Chullin 60a:9: 2 line(s)
    | 26 | Chullin 60a:9 | chain_primary | **material** | F — TZIVYONAM: "all the acts of Creation were created in their full stature, full capacity, full FORM — do not read tzeva'am ('their host') but tzivyonam ('their form')" (R. Yehoshua ben Levi) — the chain's
      readings (10:4 dark, 10:5 mechanism; Chullin 60a:9 + Rosh Hashanah 11a:6 tzivyonam;

== num_28_29_musafim_exam_2026-09-11.md: 1 addrs; path <repo>/logic/oral_triage/num_28_29_musafim_exam_2026-09-11.md; sample Chullin 60b:4: 2 line(s)
    - Chullin 60b:4 [LINK — Num 28:15 — CREDITED: pre_sinai_docket_2026-09-06.md] — CONTEXT. CREDITED (the pre-Sinai docket) — Resh Lakish's aggadah: 'to the LORD' (28:15) as the moon's atonement 'for Me' — the ink's fact (the one goat 'to the LORD') seated at F3;
    Chullin 60b:4

== gen_08_toledot_garden_first_rule_2026-08-24.md: 1 addrs; path <repo>/logic/oral_triage/gen_08_toledot_garden_first_rule_2026-08-24.md; sample Chullin 60b:5: 2 line(s)
      36:1 · Chagigah 12a:16 · Chullin 60b:5 · Rosh Hashanah 11a:3 ·
    - **26 exact-ref chain primaries** — CREDITED with standing verdicts in the creation-week ledgers (each anchor to both spans): Bereshit Rabbah 1:15 · 8:7 · 12:1 · 12:3 · 12:4 · 12:5 · 12:6 · 12:8 · 12:13 · 12:16 · 13:1 · 13:12 · 14:1 · 22:1 (gen_01/gen_03/gen_

== num_19_21_chukat_exam_2026-09-11.md: 1 addrs; path <repo>/logic/oral_triage/num_19_21_chukat_exam_2026-09-11.md; sample Chullin 60b:13: 3 line(s)
    - Chullin 60b:13 [LINK — Num 21:26 — CREDITED: genesis_block_table_knife_2026-09-04.md] — LAW. 21:26 'Heshbon was the city of Sihon who had taken all his land from Moab' — Israel forbidden Moab's land (Deut 2:9): Sihon took it, Israel took it from Sihon — Rav 
    - AMMON AND MOAB PURIFIED THROUGH SIHON (Chullin 60b:13): "Heshbon was the city of Sihon who had taken all his land from Moab" — the apparently needless verse teaches Israel's title: forbidden Moab's land (Deut 2:9), Israel took it from Sihon who took it from 

== gen_30_war_of_kings_2026-08-25.md: 1 addrs; path <repo>/logic/oral_triage/gen_30_war_of_kings_2026-08-25.md; sample Chullin 65a:2: 1 line(s)
    | 23 | Chullin 65a:2 | **material** | F — SCRIBAL LAW ON OUR INK: KEDOR-LAOMER is split by the scribe INTO TWO WORDS but may NOT be split across two lines (vs bat-ya'ana, split even across lines) — the sofer's rule on our 14:4's name (guard-3 ink claim, read o

== gen_28_egypt_descent_2026-08-25.md: 1 addrs; path <repo>/logic/oral_triage/gen_28_egypt_descent_2026-08-25.md; sample Yevamot 13b:6: 1 line(s)
    | 22 | Yevamot 13b:6 | **material** | F — THE DIRECTIONAL-HEH RULE at its halakhic seat: R. Nechemya — a word needing lamed at its start takes HEH AT ITS END; the school of Rabbi Yishmael's census includes OUR mitzraima (12:10) — the grammar rule the unit's mo

== num_33_journeys_exam_2026-09-12.md: 1 addrs; path <repo>/logic/oral_triage/num_33_journeys_exam_2026-09-12.md; sample Yevamot 13b:6: 3 line(s)
    - Yevamot 13b:6 [LINK — Num 33:46 — CREDITED: EXOD_TALMUD_TRIAGE_LEDGER.md, gen_28_egypt_descent_2026-08-25.md, talmud_triage_gen_2026-09-01.md] — DERIVATION. CREDITED (three ledgers) — R. Nechemya: a word needing a lamed at its head takes a heh at its end (to
    - THE DIRECTIONAL ENDING (Yevamot 13b:6): "Diblathaimah" (33:46) among R. Nechemya's examples of the heh that stands for the lamed — the station's name carries the ink's grammar, kept in the DATA row's Hebrew form.

== gen_19_the_remembering_2026-08-25.md: 1 addrs; path <repo>/logic/oral_triage/gen_19_the_remembering_2026-08-25.md; sample Rosh Hashanah 12a:4: 1 line(s)
    | 6 | Rosh Hashanah 12a:4 | **material** | F — THE SCALDING WATERS: "sinned with boiling, punished with boiling" (Rav Chisda); the gezerah shavah on OUR 8:1 vayashoku ↔ Esther 7:10 (the king's wrath ABATED = cooled) — the waters were hot, proven from the verb 

== exodus_block_festivals_2026-09-04.md: 1 addrs; path <repo>/logic/oral_triage/exodus_block_festivals_2026-09-04.md; sample Rosh Hashanah 13a:2: 1 line(s)
    - Rosh Hashanah 13a:2 (round 22, calendar) — the ingathering at
