probes: all 16 ink-token probes fired [zero-report law satisfied]
answer sheet: Mishnah Chullin 3:6-7 read whole; THE SHEET SELF-LABELS — 'the beast's signs SAID FROM THE TORAH... the bird's signs NOT said, but the SAGES said' [the code/data separation attested]

OK  ox (hoof+cud)                              -> pure                     [INK]
OK  camel (cud only)                           -> impure                   [INK]
OK  hyrax (cud only)                           -> impure                   [INK]
OK  hare (cud only)                            -> impure                   [INK]
OK  pig (hoof only)                            -> impure                   [INK]
OK  horse (neither)                            -> impure                   [INK]
OK  salmon (fin+scale)                         -> pure                     [INK]
OK  catfish (fin only)                         -> impure                   [INK]
OK  scale-haver (Niddah 6:9: every scale-haver HAS a fin) -> pure                     [INK]
OK  eagle (named)                              -> impure                   [INK]
OK  hawk-like clawer                           -> impure                   [SAGES]
OK  dove (3 signs, no claw)                    -> pure                     [SAGES]
OK  arbeh (all four)                           -> pure                     [INK]
OK  flying swarmer (no joints)                 -> impure                   [INK]
OK  weasel (of the eight)                      -> impure_contaminates      [INK]
OK  snake (not of the eight)                   -> impure_no_contamination  [INK]
OK  touch a carcass                            -> impure_until_evening     [INK]
OK  carry a carcass                            -> wash_and_evening         [INK]
OK  eat a forbidden kind                       -> lashes                   [INK]
OK  THE SCENE — (lashed, the pure kinds' silen -> (11, 5, 1, 1, 1) [INK]

MATRIX: 20/20 cells match the recorded classifications
SCENE: (11, 5, 1, 1, 1) — the daemon's watch coverage:
  WATCH law_shemini            seen  18  fired  13  on: carcass_touched, forbidden_kind_eaten
FRACTIONS: pure ink 18/20 (90%) · the sages' self-labeled layer 2/20 · data 0/20
effects: every verdict row validated against the registry (impure_until_evening = the 49th effect, harvested from the chapter's own eightfold clause) [effects law satisfied]

THE SPECIES CLASSIFIER COMPILES COLD — the land and water and locust predicates pure ink; the bird layer arrives SELF-LABELED by the answer sheet itself: the Mishnah's own words divide the Torah's code from the sages' predicate.

THE CALENDAR COMPILES — the clock chapter's own span, with the first LAND-entity timer and the standing appearance duty on Heaven's docket.

THE CONSECRATION, SUBSTITUTION, AND DEVOTION MACHINE COMPILES — the two substitution verbs, "beast for beast," "it and its substitute" at the vow and the tithe, the fifth censused five times, the partitive "from all that he has," the ordinal tenth under the rod; three calls into sister engines: the Jubilee engine's tithe naming and the Passover engine's firstling donkey.
THE INK (printed before it is asserted): PARSED {(14, 6): [2], (14, 28): [3]}, ORDS {}, MARKS {6: ['שתי^'], 22: ['עשר*'], 23: ['מעשר*'], 28: ['שנים*', 'מעשר*']}, TOKN 351, LETN 1344, KINNUM {('Deut', 15, 1): [7], ('Deut', 31, 10): [7], ('Exod', 23, 10): [6], ('Lev', 11, 3): [], ('Lev', 27, 30): [], ('Num', 18, 21): [], ('Deut', 26, 12): [], ('Deut', 12, 17): []}, STARRED [(12, 17, 'מעשר*'), (14, 22, 'עשר*'), (14, 23, 'מעשר*'), (14, 28, 'מעשר*'), (26, 12, 'מעשר*')]
THE DB'S OWN SEATS (printed before they are asserted): INF_ABS [(21, 'מכר'), (22, 'עשר')]; the kid ['Deut 14:21', 'Exod 23:19', 'Exod 34:26']; the holy people ['Deut 14:2', 'Deut 14:21', 'Deut 7:6']; portion and inheritance 6; the four at the gate ['Deut 14:29', 'Deut 16:11', 'Deut 16:14']; the place formula 11; the tithe tokens 17; rejoice 8; three years ['2Kgs 18:10', 'Deut 14:28']; seven years ['Deut 15:1', 'Deut 31:10', 'Jer 34:14']; TWIN {'14:6 vs 11:3': 9, '14:7 vs 11:4': 16, '14:8 vs 11:7': 10, '14:9 vs 11:9': 12, '14:15 vs 11:16': 10, '14:15 == 11:16': True, '14:2 vs 7:6': 18, '14:24 vs 12:21': 12, '14:29 vs 24:19': 7, '14:29 vs 14:27': 6, '14:21 vs 23:19': 6}
ERROR [part1] line 272: KeyError: 'case_source'
    MO_HARVEST = MO.law_moadim({'kind': 'harvest_reaped', 'reaper': 'the-reaper'}, None)
ERROR [part1] line 296: NameError: name 'MO_HARVEST' is not defined
    assert isinstance(MO_HARVEST, list) and len(MO_HARVEST) == 1 and MO_HARVEST[0]['effect'] == 'barred_from_it' and MO_HARVEST[0].get('value') == 'new_grain_until_the_omer', MO_HARVEST
fastcheck: part1 fails 2, part2 fails -1, part3 fails -1, part4 fails -1
