guard: 78 expectations checked, every one a literal from the answer sheet [honest-pairing guard satisfied]

THE SPECIES CLASSIFIER COMPILES COLD — the land and water and locust predicates pure ink; the bird layer arrives SELF-LABELED by the answer sheet itself: the Mishnah's own words divide the Torah's code from the sages' predicate.

THE CALENDAR COMPILES — the clock chapter's own span, with the first LAND-entity timer and the standing appearance duty on Heaven's docket.

THE CONSECRATION, SUBSTITUTION, AND DEVOTION MACHINE COMPILES — the two substitution verbs, "beast for beast," "it and its substitute" at the vow and the tithe, the fifth censused five times, the partitive "from all that he has," the ordinal tenth under the rod; three calls into sister engines: the Jubilee engine's tithe naming and the Passover engine's firstling donkey.
THE INK (printed before it is asserted): PARSED {(14, 6): [2], (14, 28): [3]}, ORDS {}, MARKS {6: ['שתי^'], 22: ['עשר*'], 23: ['מעשר*'], 28: ['שנים*', 'מעשר*']}, TOKN 351, LETN 1344, KINNUM {('Deut', 15, 1): [7], ('Deut', 31, 10): [7], ('Exod', 23, 10): [6], ('Lev', 11, 3): [], ('Lev', 27, 30): [], ('Num', 18, 21): [], ('Deut', 26, 12): [], ('Deut', 12, 17): []}, STARRED [(12, 17, 'מעשר*'), (14, 22, 'עשר*'), (14, 23, 'מעשר*'), (14, 28, 'מעשר*'), (26, 12, 'מעשר*')]
THE DB'S OWN SEATS (printed before they are asserted): INF_ABS [(21, 'מכר'), (22, 'עשר')]; the kid ['Deut 14:21', 'Exod 23:19', 'Exod 34:26']; the holy people ['Deut 14:2', 'Deut 14:21', 'Deut 7:6']; portion and inheritance 6; the four at the gate ['Deut 14:29', 'Deut 16:11', 'Deut 16:14']; the place formula 11; the tithe tokens 17; rejoice 8; three years ['2Kgs 18:10', 'Deut 14:28']; seven years ['Deut 15:1', 'Deut 31:10', 'Jer 34:14']; TWIN {'14:6 vs 11:3': 9, '14:7 vs 11:4': 16, '14:8 vs 11:7': 10, '14:9 vs 11:9': 12, '14:15 vs 11:16': 10, '14:15 == 11:16': True, '14:2 vs 7:6': 18, '14:24 vs 12:21': 12, '14:29 vs 24:19': 7, '14:29 vs 14:27': 6, '14:21 vs 23:19': 6}
THE READBACK (the census, printed before it is asserted): rows 29, grades {'SUPPLIED': 8, 'VERBATIM': 6, 'VARIANT': 11, 'EXPANDED': 4}, on the tape 10, by CALL 29, SUPPLIED ['Deut 14:1', 'Deut 14:3', 'Deut 14:5', 'Deut 14:11', 'Deut 14:20', 'Deut 14:22', 'Deut 14:25', 'Deut 14:28'], writes [('Deut 14:1', 'cuttings_for_the_dead_barred'), ('Deut 14:3', 'abomination_eating_barred'), ('Deut 14:21', 'carcass_eating_barred'), ('Deut 14:22', 'second_tithe_owed'), ('Deut 14:28', 'poor_tithe_owed')], pointer []
THE VERSES NO ONE CITES (computed on the docket, printed before it is asserted): [9, 14, 15, 16, 17, 18]
THE DATA ROWS (printed before they are asserted): 56 ['ezras_penalty', 'for_the_dead', 'heavens_property', 'shiloh_and_the_house', 'the_altars_disqualified', 'the_animal_tithe_now', 'the_baldness_both_ways', 'the_benefit_counter_arm'] …
THE SCENE (printed before it is asserted): ((1, 1, 1, 1, 1, 1, 1, 1, 1, 1, 1, 1, 1, 1, 1, 1, 1, 1, 1, 1, 1, 1, 1, 1, 2, 1, 1, 1, 1, 1, 1, 1, 1, 1, 1, 1, 1, 1, 1, 1, 1, 1, 1, 1, 1, 1, 1, 1, 1, 1, 1, 1, 1, 1, 1, 1, 1, 1, 1, 1, 1, 1, 1, 1, 1, 1, 1, 1, 1, 1, 1), (1, 1, 1, 1, 1, 1, 1, 1), 10, 11, 2, 1, 1, (0, 0, 0, 0), 71, 0)
THE NARRATIVE (printed before it is asserted): (7, 0, 1, (11, 1), 0, 0, 0, 0) ['cuttings_for_the_dead_barred', 'abomination_eating_barred', 'carcass_eating_barred', 'second_tithe_owed', 'rejoicing_before_the_lord_commanded', 'levite_forsaking_barred', 'poor_tithe_owed']

PASS  [MOVE]  Deut 14:1-2; the Sifrei 96:9; Kiddushin 36a:11-14; Avot 3:14 — the_sonships_arms
        ->  accepted           [heaven]  accepted for him — the offering's acceptance state
PASS  [MOVE]  Deut 14:1-2; THE WRITE cuttings_for_the_dead_barred; the Sifrei 96:10-11; Yevamot 13b:17-18, 14a:6-8; Leviticus 19:28 by CALL (HB) — the_cut_and_the_factions
        ->  cuttings_for_the_dead_barred [block]  the cuttings for the dead barred — the BLOCK the line sons_and_mourning_declared writes on Israel: 'YOU SHALL NOT CUT YOURSELVES NOR MAKE BALDNESS BETWEEN YOUR EYES FOR THE DEAD' (14:1) — THE FIRST SEAT OF THE CUTTING'S BAR FOR ALL ISRAEL (Leviticus 19:28's 'cuttings for a soul' and 21:5's priests the kin by CALL — holiness_b.body, priesthood.family); THE CUT: the plain sense the mourners' cutting as Baal's prophets cut themselves (96:11; 1 Kings 18:28), and THE SECOND READING FROM THE SAME WORD — 'you shall not make yourselves factions' (96:10; Yevamot 13b:17-18: 'lo titgodedu' (you shall not cut yourselves) two conclusions; 14a:6-7 two courts in one town — Abaye; one court split — Rava; the places' customs no factions — R. Yosei HaGelili's locale ate fowl in milk, 14a:8) — both hold, no parameter; THE BALDNESS: THE ANALOGY RUN BOTH WAYS with the priests' 21:5 (96:12 — I2, 'korcha' (baldness) one word two conclusions: each spot and the whole head to Israel, 'for the dead' to the priests — Makkot 20a:12-14; Kiddushin 36a:6-8), the measure three ways (Makkot 20b:2-3 — the bean, visible skin, two hairs; Shabbat 94b:8), the count per soul and per spot (Makkot 21a:1, 20b:11; Mishnah Makkot 3:5-6), 'for the dead' the condition (20b:10 — not a fallen house), the cutting for idolatry beside it (21a:3 — Baal's priests), Isi's persons (Kiddushin 35b:16, 36a:2-5), THE FRONTLETS' PLACE FROM THE BALDNESS (36a:10 — 'between your eyes' 6:8, 11:18 the frontlets' clause); the sonship — R. Yehuda conditional, R. Meir either way by four verses (96:9; Kiddushin 36a:11-14) a DATA row; 14:2 the ground (7:6 VERBATIM in kind — the holy people, the chosen, the treasured)
PASS  [MOVE]  Deut 14:1-2; Mishnah Makkot 3:5; Makkot 20b:11, 21a:1 — the_mourner_who_cuts
        ->  lashes             [body]  liable to lashes — the flogging entry on the court docket
PASS  [MOVE]  Deut 14:1-2; the Sifrei 96:12; Makkot 20a:12-14; Kiddushin 36a:6-8 — the_baldness_both_ways
        ->  lashes             [body]  liable to lashes — the flogging entry on the court docket
PASS  [MOVE]  Deut 14:1-2; Mishnah Makkot 3:5; Makkot 20b:2-3, 20b:11, 21a:1 — the_measure_and_the_count
        ->  lashes             [body]  liable to lashes — the flogging entry on the court docket
PASS  [MOVE]  Deut 14:1-2; Makkot 20b:10, 21a:3 — for_the_dead
        ->  exempt             [status]  exempt — no entry opens; the ledger stays clean
PASS  [MOVE]  Deut 14:1-2; Kiddushin 36a:10 — the_frontlets_place
        ->  accepted           [heaven]  accepted for him — the offering's acceptance state
PASS  [MOVE]  Deut 14:1-2; the Sifrei 97:1-3; Deut 7:6 by CALL — the_holy_people
        ->  accepted           [heaven]  accepted for him — the offering's acceptance state
PASS  [MOVE]  Deut 14:3-8; THE WRITE abomination_eating_barred; the Sifrei 99:1-2; Chullin 114b:9-10; Leviticus 11 by CALL (SHM) — the_abomination
        ->  abomination_eating_barred [block]  the abomination's eating barred — the BLOCK the line food_law_declared writes on Israel: 'YOU SHALL NOT EAT ANY ABOMINATION' (14:3) — the general clause over the whole list (99:1-2 — what I have made abominable for you; Chullin 114b:9-10 the abomination's reach: what I abominated for you, not what you abominate); THE TWIN CHAPTER'S CELLS BY CALL — shemini.classify on the signs (the beasts' two: the hoof parted and cloven in two, the cud chewed — 14:6 is 11:3 with 'two'; the water's two: fins and scales — 14:9 twelve of 11:9's twelve; the birds by name — 14:12-18 against 11:13-19, THE TWO LISTS COUNTED at Chullin 63a:17-63b:2: Leviticus twenty, Deuteronomy twenty-one, the da'ah (Leviticus's kite) and the ra'ah (Deuteronomy's) one bird, the ayya and the dayya (the falcon and the glede) one — twenty-four; the beasts' list repeated to ADD the shesua (the cleft one), the birds' only to EXPLAIN the ra'ah, 63b:4), shemini.touch_effect for 14:8's carcass touched; THE CHAPTER'S GAIN: THE TEN NAMED AND NO MORE (14:4-5 — 100:1-2; Chullin 80a:13-16 closed against particular-then-general; Solomon's table 1 Kings 5:3 the one kin), THE FOUR CLOSED BY 'IT' (14:7-8 — 59a:12, 59a:14; 101:10 I1: the four named the exception, the sign the class), the shesua a creature (60b:7; Niddah 24a:13), THE FETUS FROM 14:6'S OWN WORDS (Chullin 69a:19-23 — 'in the animal', 'and every', 'it'; 68b:8 the uncloven fetus permitted inside its mother; the placenta 77a:11-15; the limb extended and returned — Rav / R. Yochanan 68a:3-68b:14), the koy (a doubtful kind) four ways (80a:11-12), the altar's disqualified by the names (101:1-9 — Mishnah Temurah 6:1), THE PERMISSION FOR THE CLEAN BIRD Leviticus lacks (14:11, 14:20 — 103:1, 103:9; the_birds_signs the parameter), 14:9 read through its twin (Chullin 66b:6-7), the locusts absent here (Leviticus 11:21-22 by CALL)
PASS  [MOVE]  Deut 14:3-8; the Sifrei 100:1-2; Chullin 80a:13-16; 1 Kings 5:3 — the_ten_named
        ->  accepted           [heaven]  accepted for him — the offering's acceptance state
PASS  [MOVE]  Deut 14:3-8; the Sifrei 98:1; Leviticus 11:3 by CALL — the_two_signs
        ->  accepted           [heaven]  accepted for him — the offering's acceptance state
PASS  [MOVE]  Deut 14:3-8; Chullin 59a:12, 59a:14; the Sifrei 101:10; Mishnah Makkot 3:2 — the_four_closed_by_it
        ->  lashes             [body]  liable to lashes — the flogging entry on the court docket
PASS  [MOVE]  Deut 14:3-8; the Sifrei 98:2; Chullin 60b:7, 63b:4, 80a:11-12 — the_shesua
        ->  accepted           [heaven]  accepted for him — the offering's acceptance state
PASS  [MOVE]  Deut 14:3-8; Chullin 68b:8, 69a:19-23; Mishnah Chullin 4:1 — the_fetus
        ->  accepted           [heaven]  accepted for him — the offering's acceptance state
PASS  [MOVE]  Deut 14:3-8; Chullin 68a:3-68b:14, 68b:10 — the_limb_extended
        ->  accepted           [heaven]  accepted for him — the offering's acceptance state
PASS  [MOVE]  Deut 14:3-8; the Sifrei 101:1-9; Mishnah Temurah 6:1 — the_altars_disqualified
        ->  barred_from_it     [block]  barred — a person class may not eat of it; a block on the eater, not the offering
PASS  [MOVE]  Deut 14:3-8; Leviticus 11:8, 11:24 by CALL; the Sifrei 102:1 — the_carcass_touched
        ->  impure_until_evening [status]  impure until the evening — the timed status flag on the person or vessel, cleared at sunset (with immersion where written)
PASS  [MOVE]  Deut 14:9-20; Leviticus 11:9 by CALL; Chullin 66b:6-7 — fins_and_scales
        ->  accepted           [heaven]  accepted for him — the offering's acceptance state
PASS  [MOVE]  Deut 14:9-20; Leviticus 11:10-12 by CALL; Mishnah Makkot 3:2 — the_fish_without_scales
        ->  lashes             [body]  liable to lashes — the flogging entry on the court docket
PASS  [MOVE]  Deut 14:9-20; the Sifrei 103:1, 103:9 — the_permission
        ->  accepted           [heaven]  accepted for him — the offering's acceptance state
PASS  [MOVE]  Deut 14:9-20; Mishnah Chullin 3:6; Chullin 61a:1, 62a:4, 63b:11; Tosefta Bekhorot 1:5 — the_birds_signs
        ->  accepted           [heaven]  accepted for him — the offering's acceptance state
PASS  [MOVE]  Deut 14:9-20; Chullin 62a:4; Mishnah Chullin 3:6 — the_clawer
        ->  lashes             [body]  liable to lashes — the flogging entry on the court docket
PASS  [MOVE]  Deut 14:9-20; Chullin 63a:17-63b:9; Bekhorot 6b:20 — the_two_lists
        ->  accepted           [heaven]  accepted for him — the offering's acceptance state
PASS  [MOVE]  Deut 14:9-20; Chullin 64a:5, 64b:4 — the_eggs
        ->  barred_from_it     [block]  barred — a person class may not eat of it; a block on the eater, not the offering
PASS  [MOVE]  Deut 14:9-20; the Sifrei 103:10; Leviticus 11:21-22 by CALL; Mishnah Chullin 3:7 — the_locusts_absent
        ->  accepted           [heaven]  accepted for him — the offering's acceptance state
PASS  [MOVE]  Deut 14:9-20; Chullin 65a; Mishnah Makkot 3:2 — the_swarming_fowl
        ->  lashes             [body]  liable to lashes — the flogging entry on the court docket
PASS  [MOVE]  Deut 14:21; THE WRITE carcass_eating_barred; the Sifrei 104:1; Mishnah Chullin 4:4 at 72b:1-7; SA, OR by CALL — any_carcass_the_torn
        ->  carcass_eating_barred [block]  the carcass's eating barred — the BLOCK the line carcass_and_kid_declared writes on Israel: 'YOU SHALL NOT EAT ANY CARCASS; to the sojourner in your gates you may give it that he eat it, or sell it to a foreigner' (14:21) — THE BAN'S SEAT NAMED BY THE SANCTIONS ENGINE ITSELF (sanctions.carcass's lashed cell: 'the ban is Deut 14:21 / Exod 22:30' — Mishnah Makkot 3:2 the eater of carcass and torn); 'any carcass' — the torn included, and THE TORN'S SLAUGHTER PURIFIES it of carcass impurity (104:1; Mishnah Chullin 4:4 at Chullin 72b:1-7); THE CARCASS DEFINED BY FITNESS FOR A RESIDENT ALIEN (Avodah Zarah 67b:8; Bekhorot 23b:2; Chullin 71a:19); THE FOUR-CELL TABLE A PARAMETER (the_carcass_table — R. Meir both to both / R. Yehuda as written, THE PRECEDENCE giving to the alien first: Pesachim 21b:7-9, the resident alien SUSTAINED — 104:2's first person, Onkelos 'the uncircumcised sojourner'); the sale clause THE PARADIGM OF A PERMITTED BENEFIT (Kiddushin 56b:10; Pesachim 21b:6, 21b:10-11 — R. Abbahu's rule); the sanction a dispute (Yoma 36b:1) — the lashes by CALL (sanctions.carcass 'lashes_for_eating'); Leviticus 17:15's carcass_eaten (the impurity's case) and 22:8's priest by CALL, Exodus 22:30's flesh_torn by CALL (ordinances.torn — torn_flesh_to_dogs); the custom's bar (104:7; Pesachim 50b:1, 50b:11, 51a:10-11); 'for you are a holy people' the ground (14:2's clause said again)
PASS  [MOVE]  Deut 14:21; Mishnah Makkot 3:2; Exodus 22:30 by CALL — the_eater_of_the_torn
        ->  lashes             [body]  liable to lashes — the flogging entry on the court docket
        ->  torn_flesh_to_dogs [transfer]  the torn flesh to the dogs — the TRANSFER written on a terefah: not eaten by the men of holiness, thrown to the dog (benefit permitted — as the dog, so any benefit; the dog's wage for its silence in Egypt)
PASS  [MOVE]  Deut 14:21; Avodah Zarah 67b:8; Bekhorot 23b:2; Chullin 71a:19 — the_carcass_by_fitness
        ->  exempt             [status]  exempt — no entry opens; the ledger stays clean
PASS  [MOVE]  Deut 14:21; Pesachim 21b:7-8; the Sifrei 104:5-6 — the_four_cell_table
        ->  accepted           [heaven]  accepted for him — the offering's acceptance state
PASS  [MOVE]  Deut 14:21; Pesachim 21b:9; Leviticus 25:35 — the_precedence
        ->  accepted           [heaven]  accepted for him — the offering's acceptance state
PASS  [MOVE]  Deut 14:21; Kiddushin 56b:10; Pesachim 21b:6, 21b:10-11 — the_sale_clause
        ->  accepted           [heaven]  accepted for him — the offering's acceptance state
PASS  [MOVE]  Deut 14:21; Mishnah Makkot 3:2; Yoma 36b:1; sanctions.carcass by CALL — the_sanction
        ->  lashes             [body]  liable to lashes — the flogging entry on the court docket
PASS  [MOVE]  Deut 14:21; Pesachim 50b:1, 50b:11, 51a:10-11; the Sifrei 104:7 — the_customs_bar
        ->  accepted           [heaven]  accepted for him — the offering's acceptance state
PASS  [MOVE]  Deut 14:21; Kiddushin 57b:9; Mishnah Chullin 8:4; calendar.kid_in_milk by CALL — the_kids_three_readings
        ->  barred_from_it     [block]  barred — a person class may not eat of it; a block on the eater, not the offering
PASS  [MOVE]  Deut 14:21; Kiddushin 57b:10; Bekhorot 10a:2; Menachot 101b:6 — the_benefit_counter_arm
        ->  barred_from_it     [block]  barred — a person class may not eat of it; a block on the eater, not the offering
PASS  [MOVE]  Deut 14:21; the Sifrei 104:9-10; Shabbat 130a:11; Mishnah Chullin 8:4 — the_fowl_out
        ->  exempt             [status]  exempt — no entry opens; the ledger stays clean
PASS  [MOVE]  Deut 14:21; Leviticus 22:8, 17:15 by CALL — the_priest_and_the_carcass
        ->  impure_until_evening [status]  impure until the evening — the timed status flag on the person or vessel, cleared at sunset (with immersion where written)
PASS  [MOVE]  Deut 14:22-23; THE WRITE second_tithe_owed; the Sifrei 105:2; Numbers 18:21-24 by CALL (KO); Deut 12:17 by CALL (PN) — named_the_second
        ->  second_tithe_owed  [status]  the second tithe owed — the STATUS the line second_tithe_declared writes on Israel: 'TITHE, YOU SHALL TITHE all the yield of your seed that comes out of the field year by year; and you shall eat before the LORD your God in the place which He will choose' (14:22-23) — NAMED THE SECOND BY THE SHELF (105:2; the first Numbers 18's by CALL — korach.the_tithe); THE LIABILITIES FROM THE VERSE'S CLAUSES (105:1-19 — 'the yield of your seed' what grows from seed, 'the field' what goes out to the field, 'year by year' no tithing from one year for another: Mishnah Maasrot 1:1, 1:3, 2:4, 4:5-6; the liability by the house or the courtyard from 14:29's 'in your gates' — Bava Metzia 88a:1-2, korach.the_tithe('liable_produce') by CALL; Leviticus 27:30 by CALL); THREE CONDITIONS FOR THE EATING — the wall of Jerusalem (106:3 — I1 with the lesser holies; Mishnah Zevachim 5:8; Maaser Sheni 3:5-7; THE WALL'S TWO CAPACITIES Makkot 20a:7 — eating Torah law, admission rabbinic; Chullin 68b:13 the tithe that left and returned), the House standing (106:4 — the juxtaposition with the firstling, no code; Temurah 21a:17), the year passed no bar (106:5; Zevachim 29b:2); THE EXILE'S ARM — no Temple: left to rot, buried with its hide (Mishnah Maaser Sheni 1:5-6 — the third state, as chapter 12's slaughter law); THE SECOND TITHE HEAVEN'S PROPERTY as ruled (Kiddushin 54b:4 — per R. Meir; Maaser Sheni 1:1's four bars); the firstling at 14:23 by CALL (ordinances.firstling; Bekhorot 34a-35a), from outside the Land not brought (106:2; Temurah 21b:3); 'that you may learn to fear' the ground (106:6); THE FAR PLACE of place not time (107:1-3; 12:21's clause by CALL); THE MONEY'S FORM the parameter the_moneys_form with THE POSSESSION CLAUSE; THREE MONEYS THE LAW'S TABLE (107:7; Maaser Sheni 3:10); THE CLASS FROM THE FOUR NAMED by I6 (107:8-11; Nazir 35b:3 the chapter's verse the source of the method) with water and salt out and the containers; the rejoicing and the Levite the reuses
PASS  [MOVE]  Deut 14:22-23; Mishnah Maasrot 1:1, 1:5; the Sifrei 105:1-19 — the_liabilities
        ->  exempt             [status]  exempt — no entry opens; the ledger stays clean
PASS  [MOVE]  Deut 14:22-23; the Sifrei 105:16-19; Rosh Hashanah 12a:6-9 — year_by_year
        ->  barred_from_it     [block]  barred — a person class may not eat of it; a block on the eater, not the offering
PASS  [MOVE]  Deut 14:22-23; Mishnah Makkot 3:3; Makkot 20a:7; the Sifrei 106:3 — the_wall_two_capacities
        ->  lashes             [body]  liable to lashes — the flogging entry on the court docket
PASS  [MOVE]  Deut 14:22-23; the Sifrei 106:4; Temurah 21a:17 — the_house_standing
        ->  barred_from_it     [block]  barred — a person class may not eat of it; a block on the eater, not the offering
PASS  [MOVE]  Deut 14:22-23; the Sifrei 106:5; Zevachim 29b:2 — the_year_passed
        ->  accepted           [heaven]  accepted for him — the offering's acceptance state
PASS  [MOVE]  Deut 14:22-23; Mishnah Maaser Sheni 1:5-6 — the_exiles_arm
        ->  accepted           [heaven]  accepted for him — the offering's acceptance state
PASS  [MOVE]  Deut 14:22-23; Kiddushin 54b:4; Mishnah Maaser Sheni 1:1 — heavens_property
        ->  barred_from_it     [block]  barred — a person class may not eat of it; a block on the eater, not the offering
PASS  [MOVE]  Deut 14:22-23; Numbers 18:17-18, Exodus 22:29 by CALL; Bekhorot 34a-35a — the_firstling
        ->  accepted           [heaven]  accepted for him — the offering's acceptance state
PASS  [MOVE]  Deut 14:22-23; the Sifrei 106:2; Temurah 21b:3 — the_firstling_from_outside
        ->  exempt             [status]  exempt — no entry opens; the ledger stays clean
PASS  [MOVE]  Deut 14:22-23; the Sifrei 106:6 — learn_to_fear
        ->  accepted           [heaven]  accepted for him — the offering's acceptance state
PASS  [MOVE]  Deut 14:24-27; the Sifrei 107:1-3; Deut 12:21 by CALL — the_far_place
        ->  accepted           [heaven]  accepted for him — the offering's acceptance state
PASS  [MOVE]  Deut 14:24-27; Bava Metzia 47b:5; Mishnah Eduyot 3:2; the Sifrei 107:4 — the_moneys_form
        ->  barred_from_it     [block]  barred — a person class may not eat of it; a block on the eater, not the offering
PASS  [MOVE]  Deut 14:24-27; Mishnah Maaser Sheni 1:2; Bava Kamma 98a:4 — the_possession
        ->  barred_from_it     [block]  barred — a person class may not eat of it; a block on the eater, not the offering
PASS  [MOVE]  Deut 14:24-27; the Sifrei 107:7; Mishnah Maaser Sheni 3:10 — the_three_moneys
        ->  accepted           [heaven]  accepted for him — the offering's acceptance state
PASS  [MOVE]  Deut 14:24-27; the Sifrei 107:8-11; Nazir 35b:3; Eruvin 26b:18; Mishnah Maaser Sheni 1:5 — the_class_from_the_four
        ->  barred_from_it     [block]  barred — a person class may not eat of it; a block on the eater, not the offering
PASS  [MOVE]  Deut 14:24-27; Eruvin 27b:3; Mishnah Maaser Sheni 1:3-4, 3:12-13 — the_containers
        ->  accepted           [heaven]  accepted for him — the offering's acceptance state
PASS  [MOVE]  Deut 14:24-27; THE REUSE rejoicing_before_the_lord_commanded; the Sifrei 107:16; Deut 12:7 by CALL (PN) — the_rejoicing
        ->  rejoicing_before_the_lord_commanded [status]  the rejoicing before the LORD commanded — the STATUS the line place_chosen_declared writes on Israel: 'AND YOU SHALL EAT THERE BEFORE THE LORD YOUR GOD, AND YOU SHALL REJOICE in all that you put your hand to, you and your households, wherein the LORD your God has blessed you' (12:7); 'and you shall rejoice before the LORD your God, you and your sons and your daughters, your menservants and your maidservants, and the Levite within your gates' (12:12); 'you and your son and your daughter, your manservant and your maidservant, and the Levite within your gates, and you shall rejoice before the LORD your God' (12:18) — THE LAW'S FIRST SEAT (16:11, 16:14 the feasts' ahead; 26:11; 27:7), SUPPLIED WITH ITS WRITE at the chapter's own day (9b's lesson): THE VALUE FROM THE SHELF — the rejoicing the peace offerings of rejoicing (the Sifrei 64:2 — 138:1's analogy with 27:7 'you shall sacrifice peace offerings … and rejoice'); within the partition (64:1); 'YOUR HOUSEHOLDS' — his house is his wife (Mishnah Yoma 1:1 — 64:4); the household's list 5:14's by CALL (covenant_at_horeb.the_first_tablet — the servants' rest; the ox and the ass absent here), the dearer first (69:3, 74:4 — the son before the servant, the Levite last: the ladder of support, 69:4, 74:5); THE WOMAN'S REJOICING A TWO-ARM PARAMETER — her own obligation, or her husband's to make her joyful (Rosh Hashanah 6b:15-16: Abaye's 'a woman, her husband makes her rejoice'); THE DELAY'S CLOCK on the vows brought there (6b:3 the three festivals in order; 6b:10 Shavuot's date floating; 6b:13 the heir excluded — credited from the vows' docket, Rosh Hashanah 4a-6b); the Levite's pilgrimage (Pesachim 8b — credited)
PASS  [MOVE]  Deut 14:24-27; THE REUSE levite_forsaking_barred; the Sifrei 108:1; Deut 10:9, 12:19, Numbers 18:20-24 by CALL (ST, PN, KO) — the_levites_ladder
        ->  levite_forsaking_barred [block]  the Levite's forsaking barred — the BLOCK the line profane_slaughter_permitted writes on Israel: 'TAKE HEED TO YOURSELF LEST YOU FORSAKE THE LEVITE all your days on your land' (12:19) — the verse alone in the Bible (its clause no other seat): THE VALUE FROM THE SHELF — a prohibition by the shelf's reading of 'take heed … lest' (the Sifrei 74:6-7: 'take heed' a negative command — 70:1's rule); 'all your days' — even in sabbatical years and jubilees (74:8); 'on your land' — in the Land, not in the exile (74:9): the bar's scope; THE LADDER OF SUPPORT (69:4, 74:5 — the Levite's gifts and the tithe's ladder); the Levite's reason at 12:12 — 'for he has no portion nor inheritance with you' (portion_declared on the tape, Numbers 18:20 — inheritance_barred on the Levites, korach.the_tithe by CALL); the Levite within your gates at the rejoicing (12:12, 12:18 — the dearer first, the Levite last: 69:3, 74:4); the Levite's pilgrimage (Pesachim 8b:7-9 — credited); Numbers 18:31's tithe eaten anywhere the Levites' own (the two tithes — a DATA row)
PASS  [MOVE]  Deut 14:24-27; the Sifrei 107:6; the eras table by CALL — shiloh_and_the_house
        ->  accepted           [heaven]  accepted for him — the offering's acceptance state
PASS  [MOVE]  Deut 14:28-29; THE WRITE poor_tithe_owed; the Sifrei 109:5, 109:10-11; Rosh Hashanah 12b:1-5; KO by CALL — one_tithe_not_two
        ->  poor_tithe_owed    [status]  the poor man's tithe owed — the STATUS the line third_year_tithe_declared writes on Israel: 'AT THE END OF THREE YEARS you shall bring out all the tithe of your yield in that year, and lay it up within your gates; and the Levite … and the sojourner and the fatherless and the widow who are in your gates shall come and eat and be satisfied' (14:28-29) — ONE TITHE NOT TWO: the poor man's replaces the second in the third and the sixth year (109:5, 109:10-11; Rosh Hashanah 12b:1-5 — the second year into the third, 'the year of THE tithe'; the Levite NEVER INTERRUPTED — 12b:4, R. Yehuda from 14:29's Levite, R. Eliezer ben Yaakov from the inheritance's juxtaposition); THE REMOVAL'S DATE A CLOCK DATUM (the_removal_date — the eve of the last festival day of Passover of the fourth and the seventh year, Mishnah Maaser Sheni 5:6; 109:1-3 with 31:10 ahead by I2; 26:12 ahead); the years by CALL to the sabbatical cycle (the seventh year exempt — 109:4); THE TITHES' NEW YEAR A CLOCK DATUM (the_tithes_new_year — Tishri 1 with THE FIRST THIRD beside it, Rosh Hashanah 12a:6-9, 12b:9-11, 13a:3; the tree's the fifteenth of Shevat); the gifts exempt (109:12 — Leviticus 19:9-10, 23:22 by CALL: left_for_the_poor); THE FOUR IN WANT (110:1-2 — I3; the measures Mishnah Peah 8:5-6, Tosefta Peah 4:2, 4:8-10 — half a kav (a measure) of wheat, a kav of barley, 'sufficient for his lack' even a horse); THE USES BARRED (Tosefta Peah 4:16 — no debt, no ransom, no wedding gift, no charity from it; Yevamot 86a:4 its non-separation makes untithed produce); THE SOJOURNER TWO PERSONS (14:29's convert against 14:21's resident alien — 110:2; Yevamot 47b, 86a-b); the first tithe's recipient and EZRA'S PENALTY (Yevamot 86a:1, 86a:14, 86b:4-7); the blessing on the work of the hand the ground
PASS  [MOVE]  Deut 14:28-29; Rosh Hashanah 12b:4 — the_levite_never_interrupted
        ->  accepted           [heaven]  accepted for him — the offering's acceptance state
PASS  [MOVE]  Deut 14:28-29; Mishnah Maaser Sheni 5:6; the Sifrei 109:1-3 — the_removal_date
        ->  accepted           [heaven]  accepted for him — the offering's acceptance state
PASS  [MOVE]  Deut 14:28-29; the Sifrei 109:4; yovel.cycle, calendar.sabbatical by CALL — the_seventh_year_by_the_cycle
        ->  exempt             [status]  exempt — no entry opens; the ledger stays clean
PASS  [MOVE]  Deut 14:28-29; Rosh Hashanah 12a:6-9, 12b:9-11, 13a:3; Mishnah Rosh Hashanah 1:1 — the_tithes_new_year
        ->  accepted           [heaven]  accepted for him — the offering's acceptance state
PASS  [MOVE]  Deut 14:28-29; the Sifrei 109:12; Leviticus 19:9-10 by CALL; Mishnah Peah 1:6 — the_gifts_exempt
        ->  left_for_the_poor  [transfer]  left for the poor and the convert — the transfer entry on the field's edge, its fallen ears, its small clusters and fallen grapes: the owner's title never attaches
PASS  [MOVE]  Deut 14:28-29; the Sifrei 110:1-2; Deut 10:18 by CALL — the_four_in_want
        ->  accepted           [heaven]  accepted for him — the offering's acceptance state
PASS  [MOVE]  Deut 14:28-29; Mishnah Peah 8:5-6; Tosefta Peah 4:2, 4:8-10 — the_measures
        ->  accepted           [heaven]  accepted for him — the offering's acceptance state
PASS  [MOVE]  Deut 14:28-29; Tosefta Peah 4:16; Yevamot 86a:4 — the_uses_barred
        ->  barred_from_it     [block]  barred — a person class may not eat of it; a block on the eater, not the offering
PASS  [MOVE]  Deut 14:28-29; the Sifrei 110:2; Yevamot 47b, 86a-b — the_convert_at_the_gate
        ->  accepted           [heaven]  accepted for him — the offering's acceptance state
PASS  [MOVE]  Deut 14:28-29; Pesachim 21b:9; Leviticus 17:15, 19:10 by CALL — the_resident_alien_at_the_gate
        ->  exempt             [status]  exempt — no entry opens; the ledger stays clean
PASS  [MOVE]  Deut 14:28-29; Yevamot 86a:1, 86a:14, 86b:4-7 — ezras_penalty
        ->  accepted           [heaven]  accepted for him — the offering's acceptance state
PASS  [MOVE]  Deut 14:28-29; Bava Metzia 88a:1-2 — the_courtyard_from_your_gates
        ->  accepted           [heaven]  accepted for him — the offering's acceptance state
PASS  [MOVE]  Deut 14:28-29; Bekhorot 53b:5; Mishnah Bekhorot 9:1, 9:7 — the_animal_tithe_now
        ->  exempt             [status]  exempt — no entry opens; the ledger stays clean
PASS  [MOVE]  Deut 14:1-29 (the readback table); THE LOOP.md step 6 — the_table
        ->  accepted           [heaven]  accepted for him — the offering's acceptance state
PASS  [MOVE]  Deut 14:1-29 (the readback table); THE LOOP.md step 6 — the_supplied_rows
        ->  accepted           [heaven]  accepted for him — the offering's acceptance state
PASS  [MOVE]  Deut 14:1-29 (the readback table); the register's finder at the reading — no_pointer_row
        ->  accepted           [heaven]  accepted for him — the offering's acceptance state
PASS  [MOVE]  Deut 14:1-29 (the readback table); THE LOOP.md step 6 (the retelling rules) — no_retrograde_row
        ->  accepted           [heaven]  accepted for him — the offering's acceptance state
PASS  [MOVE]  Deut 14:1-29 (the readback table); the DB (DF8); Chullin 63a:17-63b:2 — the_twin_diffed
        ->  accepted           [heaven]  accepted for him — the offering's acceptance state
PASS  [MOVE]  Deut 14:1-29 (the readback table); the docket deu_14_reeh_exam_2026-09-21.md — the_verses_no_one_cites
        ->  accepted           [heaven]  accepted for him — the offering's acceptance state

WATCH COVERAGE (the wrap):
  WATCH law_food_tithe         seen  71  fired  71  on: food_tithe_case
MATRIX: 78/78 cells match the answer sheet
FRACTIONS: pure ink 0/78 (0%) · named moves 78/78 (100%) · data 0/78 (0%) · hypotheses 0/78 (the H class, counted apart — never as compiled)
LEDGER OPS this span writes: block x15, body x10, heaven x39, status x13, transfer x2
THE INK: the number verses {(14, 6): [2], (14, 28): [3]} (ordinals none; the starred tithe tokens {6: ['שתי^'], 22: ['עשר*'], 23: ['מעשר*'], 28: ['שנים*', 'מעשר*']}); the register plural-only [1, 4, 6, 7, 8, 9, 10, 11, 12, 19, 20], singular-only [2, 3, 22, 23, 24, 25, 26, 27, 28, 29], both [21], neither [5, 13, 14, 15, 16, 17, 18]; the negations {1: ['לא', 'ולא'], 3: ['לא'], 7: ['לא', 'לא'], 8: ['ולא', 'לא', 'לא'], 10: ['לא'], 12: ['לא'], 19: ['לא'], 21: ['לא', 'לא'], 24: ['לא'], 27: ['לא']}; the Name 8 bare tokens; the infinitive absolutes [(21, 'מכר'), (22, 'עשר')]; the tokens 351, the letters 1344
THE READBACK — THE FORMS ON FILE, NO NEW FORM: 29 rows — {'SUPPLIED': 8, 'VERBATIM': 6, 'VARIANT': 11, 'EXPANDED': 4}; on the tape 10, in the kin's cells by CALL 29 (every cell found True); the SUPPLIED rows ['Deut 14:1', 'Deut 14:3', 'Deut 14:5', 'Deut 14:11', 'Deut 14:20', 'Deut 14:22', 'Deut 14:25', 'Deut 14:28']; the rows with writes [('Deut 14:1', 'cuttings_for_the_dead_barred'), ('Deut 14:3', 'abomination_eating_barred'), ('Deut 14:21', 'carcass_eating_barred'), ('Deut 14:22', 'second_tithe_owed'), ('Deut 14:28', 'poor_tithe_owed')]; the pointer rows []; no row open True; the OPEN rows []; the holes 0
THE COUNTER AND THE PARAMETERS: {'counter': (40, 11, 1), 'birds_layers': ['the_four_signs', 'the_lists', 'the_ruling', 'the_tradition'], 'carcass_arms': ['r_meir', 'r_yehuda', 'the_carcass_defined', 'the_customs_bar', 'the_precedence', 'the_sanction'], 'money_arms': ['r_akiva', 'r_yishmael', 'the_possession', 'the_three_moneys'], 'removal_keys': ['one_tithe_not_two', 'the_eve', 'the_uses', 'the_years'], 'new_year_keys': ['shevat_15', 'the_first_third', 'tishri_1', 'year_by_year'], 'the_removal_eve_key': 'passover_7', 'the_tithes_new_year_key': 'rosh_hashanah', 'no_marker': True}; the_birds_signs ['the_four_signs', 'the_lists', 'the_ruling', 'the_tradition']; the_carcass_table ['r_meir', 'r_yehuda', 'the_carcass_defined', 'the_customs_bar', 'the_precedence', 'the_sanction']; the_moneys_form ['r_akiva', 'r_yishmael', 'the_possession', 'the_three_moneys']; the_removal_date ['one_tithe_not_two', 'the_eve', 'the_uses', 'the_years']; the_tithes_new_year ['shevat_15', 'the_first_third', 'tishri_1', 'year_by_year']; the calendar's keys passover_7 {'from': 'passover_1', 'plus': 6}, rosh_hashanah {'month': 7, 'day': 1}
THE SCANS on the one database: the five on Israel []; the two reused effects' entities [['israel_people'], ['israel_people']]
THE CALLEES: SHM pure pure, camel impure, fish pure, dove pure, clawer impure, touch impure_until_evening; SA lashes lashed (names 14:21 True), who citizen_and_convert_not_the_resident_alien; CA cook barred; ER kid identical True; OR dog benefit_permitted, lashes lashed; PR marks {'baldness': 'per_spot_whole_head', 'beard': 'per_corner', 'gash': 'per_gash_for_the_dead'}; HO recipients the_poor_and_the_convert_not_the_resident_alien, import {'forgotten_sheaf': 'Deut 24:19', 'forgotten_olive': 'Deut 24:20', 'poor_tithe': 'Deut 14:28'}; HB gash for_the_dead_only; MO harvest barred_from_it; TM tenth not_a_tithe; KO liable food, guarded, grown from the ; YO 7 sabbath_of_the_land; SN holy a holy people (7:6) — 19; ST portion Levi has no portion (10:9); PN place the place which the LORD will choose; PV altars [(8, 20), (12, 7), (12, 8), (13, 18)]; MM tithe holy_to_the_LORD; SE seal the header's seal (13:1)
THE SCENE on the bench: (1, 1, 1, 1, 1, 1, 1, 1, 1, 1, 1, 1, 1, 1, 1, 1, 1, 1, 1, 1, 1, 1, 1, 1, 2, 1, 1, 1, 1, 1, 1, 1, 1, 1, 1, 1, 1, 1, 1, 1, 1, 1, 1, 1, 1, 1, 1, 1, 1, 1, 1, 1, 1, 1, 1, 1, 1, 1, 1, 1, 1, 1, 1, 1, 1, 1, 1, 1, 1, 1, 1); the exempt arms (1, 1, 1, 1, 1, 1, 1, 1); the lashes 10; barred_from_it 11, impure_until_evening 2, torn_flesh_to_dogs 1, left_for_the_poor 1; the timers (set, fired, cancelled, pending) (0, 0, 0, 0); entities 71; closes 0
THE NARRATIVE: (7, 0, 1, (11, 1), 0, 0, 0, 0) (the seven on Israel ['cuttings_for_the_dead_barred', 'abomination_eating_barred', 'carcass_eating_barred', 'second_tithe_owed', 'rejoicing_before_the_lord_commanded', 'levite_forsaking_barred', 'poor_tithe_owed'])
THE PARAMETER ROWS: the_readback = 29 rows, 0 holes, 0 open rows; the_counter_and_the_parameters = {'counter': (40, 11, 1), 'birds_layers': ['the_four_signs', 'the_lists', 'the_ruling', 'the_tradition'], 'carcass_arms': ['r_meir', 'r_yehuda', 'the_carcass_defined', 'the_customs_bar', 'the_precedence', 'the_sanction'], 'money_arms': ['r_akiva', 'r_yishmael', 'the_possession', 'the_three_moneys'], 'removal_keys': ['one_tithe_not_two', 'the_eve', 'the_uses', 'the_years'], 'new_year_keys': ['shevat_15', 'the_first_third', 'tishri_1', 'year_by_year'], 'the_removal_eve_key': 'passover_7', 'the_tithes_new_year_key': 'rosh_hashanah', 'no_marker': True}; the_twin_diffed = {'14:6 vs 11:3': 9, '14:7 vs 11:4': 16, '14:8 vs 11:7': 10, '14:9 vs 11:9': 12, '14:15 vs 11:16': 10, '14:15 == 11:16': True, '14:2 vs 7:6': 18, '14:24 vs 12:21': 12, '14:29 vs 24:19': 7, '14:29 vs 14:27': 6, '14:21 vs 23:19': 6}; the_parsers_two_and_three = {'deut_14_6': [2], 'deut_14_28': [3], 'the_marks': {6: ['שתי^'], 22: ['עשר*'], 23: ['מעשר*'], 28: ['שנים*', 'מעשר*']}, 'the_starred_in_the_book': [(12, 17, 'מעשר*'), (14, 22, 'עשר*'), (14, 23, 'מעשר*'), (14, 28, 'מעשר*'), (26, 12, 'מעשר*')], 'the_kin': {('Deut', 15, 1): [7], ('Deut', 31, 10): [7], ('Exod', 23, 10): [6], ('Lev', 11, 3): [], ('Lev', 27, 30): [], ('Num', 18, 21): [], ('Deut', 26, 12): [], ('Deut', 12, 17): []}, 'the_tokens': 351}; the_kids_three_seats = {'the_seats': ['Deut 14:21', 'Exod 23:19', 'Exod 34:26'], 'the_count': 3, 'second_seat_identical': True, 'the_cell': {'cook': 'barred', 'eat': 'barred', 'benefit': 'barred'}}; the_verses_no_one_cites = {'the_verses': [9, 14, 15, 16, 17, 18], 'the_count': 6, '14_9_through_its_twin': 'Chullin 66b:6-7', 'the_names_counted_at': 'Chullin 63a:17-63b:2'} (the other settings recorded in DATA — 56 rows)

THE COMPILE OF CHAPTER 14: the answer sheet REPRODUCED — 78/78
