SCANNED 191 works (Talmud / Mishnah / Tosefta, no Yerushalmi, no commentary); the forms: Deuteronomy c:v, Deut. c:v, Dt.c:v; chapter 14 only
LINK rows 144 in 38 works
  Chullin                          30
  Bekhorot                         13
  Kiddushin                        9
  Makkot                           9
  Bava_Kamma                       7
  Bava_Metzia                      7
  Pesachim                         7
  Shabbat                          5
  Eruvin                           4
  Nedarim                          4
  Yevamot                          4
  Zevachim                         4
  Avodah_Zarah                     3
  Menachot                         3
  Rosh_Hashanah                    3
  Sukkah                           3
  Temurah                          3
  Yoma                             3
  Keritot                          2
  Shevuot                          2
  Tosefta_Bekhorot                 2
  Bava_Batra                       1
  Berakhot                         1
  Mishnah_Chullin                  1
  Mishnah_Eruvin                   1
  Mishnah_Sotah                    1
  Nazir                            1
  Niddah                           1
  Pirkei_Avot                      1
  Sanhedrin                        1
  Sotah                            1
  Taanit                           1
  Tosefta_Bikkurim                 1
  Tosefta_Chullin                  1
  Tosefta_Kilayim                  1
  Tosefta_Maaser_Sheni             1
  Tosefta_Pesachim                 1
  Tosefta_Sotah                    1
  the DB verses cited: [(1, 12), (2, 1), (3, 2), (4, 9), (5, 6), (6, 6), (7, 9), (8, 1), (10, 2), (11, 3), (12, 3), (13, 2), (19, 3), (20, 1), (21, 32), (22, 17), (23, 18), (24, 10), (25, 19), (26, 17), (27, 2), (28, 4), (29, 3)]
  the verses NOT cited by anyone: [9, 14, 15, 16, 17, 18]
  LINK Avodah Zarah 20a:5         Deut 14:21             The Gemara notes: And this issue of an undeserved gift to a gentile is itself a dispute between tanna’im. As it is taught in a baraita: “You
  LINK Avodah Zarah 66a:10        Deut 14:3              And Rava could say to you: In accordance with whose opinion is this baraita? It is the opinion of Rabbi Meir, who maintains that all forbidd
  LINK Avodah Zarah 67b:8         Deut 14:21             The Gemara asks: And what is the reasoning of Rabbi Shimon? It is as it is taught in a baraita that from the verse: “You shall not eat of an
  LINK Bava Batra 10a:4           Deut 14:1              Rabbi Akiva said to Turnus Rufus: I will illustrate the opposite to you with a different parable. To what is this matter comparable? It is c
  LINK Bava Kamma 41a:22          Deut 14:21             The Gemara continues: This is so unless the verse specifies for you that one may derive benefit, in the manner that it specified for you wit
  LINK Bava Kamma 54b:20          Deut 14:26             This is as it is taught in a baraita concerning second-tithe money brought to Jerusalem: The verse states: “And you shall give the money for
  LINK Bava Kamma 63a:6           Deut 14:26             The Gemara asks: But is it so that anywhere that the Torah wrote the word kol it is an amplification? But isn’t it so that with regard to se
  LINK Bava Kamma 77b:13          Deut 14:4              § The baraita teaches that a thief is liable to pay the fourfold or fivefold payment in the case of an animal of diverse kinds. The Gemara a
  LINK Bava Kamma 78a:3           Deut 14:4              The Gemara has established that when the Torah uses the word seh (Exodus 21:37) in the context of theft it does not serve to exclude animals
  LINK Bava Kamma 78a:9           Deut 14:4              Rabbi Elazar could have said to you: Rava’s principle was stated with regard to a non-kosher animal that was born from a kosher mother, whos
  LINK Bava Kamma 98a:4           Deut 14:25             Rava raises an objection to the statement of Rabba from a baraita (Tosefta, Ma’aser Sheni 1:6): One cannot desacralize second tithe by trans
  LINK Bava Metzia 42a:2          Deut 14:25             GEMARA: Granted, for all the other cases, the bailee is liable to pay, as he did not safeguard the money in the manner that bailees safeguar
  LINK Bava Metzia 45a:6          Deut 14:25             § There is another version of this discussion, and some say that this is the dispute between Rabbi Yoḥanan and Reish Lakish. One said: The d
  LINK Bava Metzia 45a:12         Deut 14:26             Rava said in response: Are you raising an objection from the halakha of exchanging coins within Jerusalem in order to apply it to the halakh
  LINK Bava Metzia 47b:5          Deut 14:25             Rather, Rabbi Yoḥanan said: What is an asimon? It is a blank, i.e., a piece of metal in the shape of a coin that was not yet imprinted. The 
  LINK Bava Metzia 53b:1          Deut 14:24 Deut 14:25  even in Jerusalem, although ritually pure second tithe cannot be desacralized in Jerusalem? It is as it is stated: “For you are unable to ca
  LINK Bava Metzia 54a:17         Deut 14:25             Second-tithe produce cannot be desacralized with an unminted coin, as the Merciful One states: “And you shall bind up [vetzarta] the money i
  LINK Bava Metzia 88b:1          Deut 14:22 Deut 14:23  that a buyer need not tithe the produce he purchases, as derived from the verses: “You shall tithe all the produce of your planting, which i
  LINK Bekhorot 6b:2              Deut 14:7              Rabbi Shimon says it is stated: “Camel” (Leviticus 11:4), “camel” (Deuteronomy 14:7), teaching the term two times with regard to the prohibi
  LINK Bekhorot 6b:19             Deut 14:7 Deut 14:8    § The Gemara returns to the dispute between Rabbi Shimon and the Rabbis, who interpret the repetition of the word “camel” as indicating the 
  LINK Bekhorot 6b:20             Deut 14:7 Deut 14:13   The Gemara explains: They are necessary only for that which is taught in a baraita: Why were all of the non-kosher animals and birds repeate
  LINK Bekhorot 7a:7              Deut 14:4              The baraita continues: One might have thought that even if its conception came from a non-kosher male animal it should be permitted. Therefo
  LINK Bekhorot 7a:20             Deut 14:7              § The Gemara returns to the dilemma of whether Rabbi Shimon permits the consumption of the offspring of a kosher animal that resembles a non
  LINK Bekhorot 10a:2             Deut 14:21             As it is taught in a baraita: Rabbi Shimon ben Yehuda says in the name of Rabbi Shimon: With regard to meat cooked in milk, eating it is for
  LINK Bekhorot 23b:2             Deut 14:21             The Gemara discusses the matter itself. Bar Padda says: An item with severe ritual impurity imparts impurity to substances until it is no lo
  LINK Bekhorot 50b:5             Deut 14:25             The Gemara challenges: But there is the case of the redemption of second tithe, as it is written: “And bind up the money in your hand” (Deut
  LINK Bekhorot 51a:6             Deut 14:25             Second tithe may not be redeemed with items of equivalent value, as it is written: “And bind up [vetzarta] the money in your hand” (Deuteron
  LINK Bekhorot 53b:14            Deut 14:22 Deut 14:23  The baraita continues: Therefore, the verse states: “You shall tithe a tithe from all the increase of your seed that the field brings forth 
  LINK Bekhorot 53b:16            Deut 14:22             The Gemara suggests: If so, let us also say that new flocks are tithed together with old flocks, based on that amplification of the verse. T
  LINK Bekhorot 54b:9             Deut 14:22             The Gemara asks: But isn’t it Rava himself who said that the term: “Year by year” (Deuteronomy 14:22), teaches that I have juxtaposed the tw
  LINK Bekhorot 59a:1             Deut 14:22             so too, teruma of the tithe may be taken by estimate and by thought. And this ruling of Abba Elazar ben Gomel’s also applies to tithes of th
  LINK Berakhot 47b:10            Deut 14:25             We also learned in the mishna that if one ate second tithe and consecrated food that had not been redeemed, he may not be included in a zimm
  LINK Chullin 37a:5              Deut 14:21             The fact that its meat is permitted is derived from the fact that the Merciful One states that you shall not eat an unslaughtered animal car
  LINK Chullin 37a:7              Deut 14:21             The Gemara questions that understanding. And perhaps, actually I will say to you: The halakhic status of an unslaughtered carcass is the sam
  LINK Chullin 60b:7              Deut 14:7              § In one of the passages discussing kosher and non-kosher animals, the Torah states: “Nevertheless, these you shall not eat of them that onl
  LINK Chullin 62b:4              Deut 14:19             Similarly, Rav Yehuda says: These grasshoppers found among the shrubs are kosher and permitted for consumption. And those found among the ca
  LINK Chullin 63b:3              Deut 14:13             The Gemara asks: And now that the ayya and dayya are one species, why did the Torah need to write both ayya and dayya in Deuteronomy? The Ge
  LINK Chullin 63b:4              Deut 14:7              The Gemara raises an objection from a baraita: Why is the list of non-kosher animals in Leviticus repeated? It is due to the necessity of ad
  LINK Chullin 68b:6              Deut 14:6              The Gemara asks: Is that so? But when Avimi came from Bei Ḥozai he came and brought a baraita with him: One of the sources (see 69a) that th
  LINK Chullin 69a:19             Deut 14:6              § The mishna states: If, prior to slaughtering an animal, one severed pieces from a fetus that is in its womb, leaving those pieces in the w
  LINK Chullin 71a:2              Deut 14:4 Deut 14:5    The Gemara analyzes Rabbi Yishmael’s statement: From where do we derive that according to the Torah, a ḥayya is included in the category of 
  LINK Chullin 71a:19             Deut 14:21             The Gemara challenges: But perhaps it is different there, as with regard to the prohibition against eating a carcass the Torah states: “You 
  LINK Chullin 77a:14             Deut 14:6              GEMARA: With regard to the ruling that a placenta is permitted by virtue of the mother’s slaughter, the Gemara asks: From where is this matt
  LINK Chullin 78b:1              Deut 14:4              concerning the verse: “These are the animals that you may eat: An ox, a seh of sheep, and a seh of goats” (Deuteronomy 14:4), that this vers
  LINK Chullin 80a:13             Deut 14:4 Deut 14:5    § The Gemara cites a statement with regard to goats: Rabbi Zeira says that Rav Safra says that Rav Hamnuna says that these forest goats, i.e
  LINK Chullin 80a:19             Deut 14:5              As we learned in a mishna (Kilayim 8:6): The wild ox is a species of domesticated animal. Rabbi Yosei says: It is a species of undomesticate
  LINK Chullin 84a:10             Deut 14:4 Deut 14:5 Deut 14:6 § Concerning the halakha that covering the blood does not apply to a domesticated animal, the Gemara says that Ya’akov the heretic said to R
  LINK Chullin 100b:10            Deut 14:6              The Gemara answers: This statement, that the prohibition of eating the sciatic nerve does not apply to a fetus, is with regard to a kosher s
  LINK Chullin 108b:2             Deut 14:21             The Gemara answers: Rav actually maintains that an item that can be wrung to remove the forbidden substance is prohibited, and there, the po
  LINK Chullin 113a:18            Deut 14:21             MISHNA: It is prohibited to cook the meat of a kosher animal in the milk of any kosher animal, not merely the milk of its mother, and derivi
  LINK Chullin 113a:19            Deut 14:21             Rabbi Yosei HaGelili says that it is stated: “You shall not eat of any animal carcass” (Deuteronomy 14:21), and in the same verse it is stat
  LINK Chullin 114b:9             Deut 14:3              § Rav Ashi says: From where is it derived that meat cooked in milk is prohibited for consumption, even though the verse explicitly prohibits
  LINK Chullin 114b:10            Deut 14:21             And I have derived only that meat cooked in milk is prohibited with regard to consumption; from where do I derive that it is also prohibited
  LINK Chullin 115b:4             Deut 14:21             The Gemara asks: And Rabbi Yehuda HaNasi, from where does he derive that meat cooked in milk is prohibited for benefit? The Gemara responds:
  LINK Chullin 115b:5             Deut 14:21             The school of Rabbi Eliezer taught: The verse states: “You shall not eat of any animal carcass; you may give it to the stranger who is withi
  LINK Chullin 115b:6             Deut 14:21             The school of Rabbi Yishmael taught: The Torah states three times: “You shall not cook a kid in its mother’s milk” (Exodus 23:19, 34:26; Deu
  LINK Chullin 115b:7             Deut 14:21             It is taught in a baraita: Isi ben Yehuda says: From where is it derived that it is prohibited to eat meat cooked in milk? It is stated here
  LINK Chullin 116a:7             Deut 14:21             The Gemara notes: The mishna, which states that meat cooked in milk is prohibited for benefit, is not in accordance with the opinion of this
  LINK Chullin 116a:9             Deut 14:21             § The mishna states: Rabbi Akiva says: Cooking the meat of an undomesticated animal or a bird in milk is not prohibited by Torah law, as it 
  LINK Chullin 116a:11            Deut 14:21             § The mishna further teaches that Rabbi Yosei HaGelili says: It is stated: “You shall not eat of any animal carcass” (Deuteronomy 14:21), an
  LINK Chullin 140a:2             Deut 14:11             The Gemara suggests: Come and hear that which is stated in the passage discussing kosher and non-kosher animals: “Every kosher bird [tzippor
  LINK Chullin 140a:3             Deut 14:12             The Gemara asks: What is this kosher bird whose prohibition must be derived from this verse? If it is a bird with a wound that will cause it
  LINK Eruvin 26b:18              Deut 14:26             The mishna continues with two similar principles: All types of food may be bought with second-tithe money, which must be taken to Jerusalem 
  LINK Eruvin 27b:3               Deut 14:26             The Gemara asks: But if something may not be bought with second-tithe money, is one permitted to buy it by including it in the payment for s
  LINK Eruvin 27b:14              Deut 14:26             Rabbi Yehuda ben Gadish and Rabbi Eliezer expound the verse based on the principle of amplifications and restrictions. When the verse states
  LINK Eruvin 31b:12              Deut 14:25             The Gemara answers: This ruling is only needed for a case where he redeemed them, but did not redeem them properly, e.g., in the case of sec
  LINK Keritot 4b:30              Deut 14:23             The Gemara elaborates: Since the Merciful One writes: “And you shall eat before the Lord your God, in the place where He shall choose to cau
  LINK Keritot 21a:11             Deut 14:21             The Gemara asks: We found a source for the prohibition against consuming the blood of a koy. From where do we derive that its fat is also fo
  LINK Kiddushin 11b:3            Deut 14:25             The Gemara asks: But there is the case of the redemption of second tithe, as it is written: “And bind up the money in your hand” (Deuteronom
  LINK Kiddushin 35b:16           Deut 14:1 Deut 14:2    Isi taught in a baraita: Women are also exempt from the prohibition: Do not make baldness upon your heads, a prohibition against tearing out
  LINK Kiddushin 36a:6            Deut 14:1              The baraita continues: What is the meaning when the verse states: “Upon their head” (Leviticus 21:5), with regard to the prohibition against
  LINK Kiddushin 36a:11           Deut 14:1              The Gemara asks: And both Abaye and Rava, what do they derive from this verse: “You are the sons to the Lord your God” (Deuteronomy 14:1)? A
  LINK Kiddushin 56b:10           Deut 14:21             The Gemara continues the question: As Rabbi Abbahu says that Rabbi Elazar says that wherever it is stated: “It shall not be eaten”; or “you,
  LINK Kiddushin 57a:8            Deut 14:11 Deut 14:12  Rabbi Yoḥanan raised an objection to Reish Lakish from a baraita: The verse states: “Of all clean birds you may eat” (Deuteronomy 14:11). Th
  LINK Kiddushin 57a:14           Deut 14:11 Deut 14:12  With regard to the matter itself, the baraita teaches: The verse states: “Of all clean birds you may eat” (Deuteronomy 14:11). The superfluo
  LINK Kiddushin 57b:9            Deut 14:21             § The mishna teaches that if a man betroths a woman with meat cooked in milk, she is not betrothed. The Gemara asks: From where do we derive
  LINK Kiddushin 57b:10           Deut 14:21             The Gemara comments: The mishna is not in accordance with the opinion of this tanna, as it is taught in a baraita: Rabbi Shimon ben Yehuda s
  LINK Makkot 16b:8               Deut 14:10             Abaye says: One who ate a putita, a creeping animal found in the sea, is flogged with four sets of lashes. There are two prohibitions stated
  LINK Makkot 16b:10              Deut 14:19             If one ate a wasp, he is flogged with six sets of lashes. In addition to the five prohibitions violated by one who eats an ant, he is flogge
  LINK Makkot 18b:4               Deut 14:6 Deut 14:7    Rava raises an objection based on the verse: “And every beast that splits the hoof and has the hoof cloven in two, and chews the cud among t
  LINK Makkot 19a:5               Deut 14:23             Rabbi Yishmael concludes: Therefore, the verse states: “And you shall eat before the Lord your God…the tithe of your grain…and the firstborn
  LINK Makkot 19b:9               Deut 14:24 Deut 14:25  It is as Rabbi Elazar says: From where is it derived with regard to second-tithe produce that became impure that one may redeem it even in J
  LINK Makkot 19b:13              Deut 14:24             A certain elder taught them a baraita of the school of Rabbi Shimon ben Yoḥai. It is written: “As the place is too far from you [mimmekha]” 
  LINK Makkot 20a:12              Deut 14:1              GEMARA: The Sages taught: From the verse concerning priests: “They shall not create a bald spot upon their heads” (Leviticus 21:5), one migh
  LINK Makkot 20a:14              Deut 14:1              “Bald spot” is stated here (Deuteronomy 14:1) with regard to non-priests, and “bald spot” is stated there, with regard to priests; just as t
  LINK Makkot 21a:1               Deut 14:1              The Gemara answers: Rabbi Yosei derives that halakha from a different source, as Rabbi Yosei holds that an incision over the dead and a lace
  LINK Menachot 37b:5             Deut 14:1              With regard to the statement of the baraita that the phylacteries of the head are donned on the upper part of the head, the Gemara asks: Fro
  LINK Menachot 82a:1             Deut 14:23             And the halakha that a peace offering may be brought from second-tithe money is derived by a verbal analogy between “there” and “there” from
  LINK Menachot 101b:6            Deut 14:21             As it is taught in a baraita: Rabbi Shimon ben Yehuda says in the name of Rabbi Shimon: With regard to meat cooked in milk, eating it is pro
  LINK Mishnah Chullin 8:4        Deut 14:21             It is prohibited to cook the meat of a kosher animal in the milk of any kosher animal, not merely the milk of its mother, and deriving benef
  LINK Mishnah Eruvin 3:1         Deut 14:26             One may establish a joining of houses in courtyards [eiruv ḥatzerot] in order to permit carrying on Shabbat in a courtyard shared by two or 
  LINK Mishnah Sotah 7:8          Deut 14:22 Deut 14:23 Deut 14:24 Deut 14:25 Deut 14:26 Deut 14:27 Deut 14:28 Deut 14:29 How is the portion of the Torah that is read by the king recited at the assembly, when all the Jewish people would assemble? At the conclusi
  LINK Nazir 35b:3                Deut 14:26             § The Gemara asks: And from where do we derive that it is so, that in the methodology of generalizations and details, the generalizations ar
  LINK Nedarim 36b:6              Deut 14:22             Rabbi Zeira said to him that as the verse states: “You shall tithe all the produce of your seed…and you shall give” (Deuteronomy 14:22, 26),
  LINK Nedarim 58a:1              Deut 14:24 Deut 14:25 Deut 14:26 For any item that can become permitted, i.e., a forbidden object whose prohibition can or will lapse, for example, untithed produce that can
  LINK Nedarim 59b:3              Deut 14:22             The Gemara asks: And anywhere that one exerts himself, is the original part nullified by the majority? The Gemara asks: And isn’t there the 
  LINK Nedarim 84b:6              Deut 14:28             There, however, the baraita is referring to poor man’s tithe that is distributed in the threshing floor. Since with regard to such a tithe i
  LINK Niddah 24a:13              Deut 14:7              The Gemara asks: With regard to what do Rav and Shmuel disagree? The Gemara answers: They disagree concerning the statement of Rav Ḥanin bar
  LINK Pesachim 21b:7             Deut 14:21             As it was taught in a baraita: “You shall not eat of any unslaughtered animal; you may give it to the resident alien who is within your gate
  LINK Pesachim 24a:15            Deut 14:10             Ravina said to Rav Ashi: And say that this expression: “It shall not be eaten,” comes to teach not the prohibition against deriving benefit,
  LINK Pesachim 24b:1             Deut 14:19             If one ate a hornet, he is flogged with six sets of lashes. Since a hornet creeps along the ground, all of the previously mentioned prohibit
  LINK Pesachim 24b:11            Deut 14:21             The Gemara raises an objection. Isi ben Yehuda says: From where is it derived that it is prohibited to eat meat that has been cooked in milk
  LINK Pesachim 35b:15            Deut 14:25             The Gemara answers: Actually, this is speaking of a case where they were redeemed, and what is the meaning of the expression: They were not 
  LINK Pesachim 36b:4             Deut 14:24             The Gemara explains: As Rabbi Eliezer said: From where is it derived with regard to second-tithe produce that became ritually impure, that o
  LINK Pesachim 94b:10            Deut 14:24             Rava said: It is a dispute between tanna’im as to Rabbi Eliezer’s true opinion, as it was taught in a baraita that Rabbi Eliezer says: The e
  LINK Pirkei Avot 3:14           Deut 14:1              He used to say: Beloved is man for he was created in the image [of God]. Especially beloved is he for it was made known to him that he had b
  LINK Rosh Hashanah 5b:14        Deut 14:23             Therefore, the verse states: “And you shall eat before the Lord your God, in the place which He shall choose to place His name there, the ti
  LINK Rosh Hashanah 8a:8         Deut 14:22 Deut 14:23  Rather, Rava said that the dispute must be explained as follows: Everyone is of the opinion that “the flocks are clothed in the meadows,” i.
  LINK Rosh Hashanah 12b:4        Deut 14:29             The same halakha is taught in another baraita: The verse states: “When you have made an end of tithing all the tithes of your produce in the
  LINK Sanhedrin 112b:15          Deut 14:24 Deut 14:25  The Gemara challenges: And let him redeem it in Jerusalem, as Rabbi Elazar says: From where is it derived with regard to second-tithe produc
  LINK Shabbat 94b:8              Deut 14:1              We learned in the mishna: And the same is true with regard to one who removes his hair with his hands; Rabbi Eliezer deems him liable and th
  LINK Shabbat 108a:12            Deut 14:20             And this question was asked by a Boethusian to Rabbi Yehoshua HaGarsi: From where is it derived that one may not write phylacteries on the h
  LINK Shabbat 119a:6             Deut 14:22             Rabbi Yehuda HaNasi raised a dilemma before Rabbi Yishmael, son of Rabbi Yosei: With regard to the wealthy of Eretz Yisrael, by what virtue 
  LINK Shabbat 128a:3             Deut 14:25             We learned in the mishna: Nor may one move second tithe and consecrated items that were not redeemed. The Gemara asks: This is obvious. It w
  LINK Shabbat 130a:11            Deut 14:21             As we learned in a mishna, Rabbi Yosei HaGelili says: It is stated in the verse: “You shall not eat anything that dies of itself; to the str
  LINK Shevuot 22b:17             Deut 14:23             The Gemara explains: If you wish, you may propose a logical argument for this ruling: It is clear that drinking is included in eating from t
  LINK Shevuot 23a:3              Deut 14:26             Rather, Rav Aḥa bar Ya’akov said: Cite from here, a verse written with regard to money with which one has redeemed second tithe: “And you sh
  LINK Sotah 41a:18               Deut 14:22 Deut 14:23 Deut 14:24 Deut 14:25 Deut 14:26 Deut 14:27 Deut 14:28 Deut 14:29 And the king reads from the beginning of Deuteronomy, from the verse that states: “And these are the words” (Deuteronomy 1:1), until the wor
  LINK Sukkah 27b:8               Deut 14:26             § The Sages taught: There was an incident involving Rabbi Elai, who went on Sukkot eve to greet his teacher Rabbi Eliezer in Lod on the firs
  LINK Sukkah 36a:10              Deut 14:22             Alternatively, Rabbi Shimon stated his opinion only there with regard to the exemption of an unripe etrog from tithes, as it is written: “Yo
  LINK Sukkah 41a:5               Deut 14:25 Deut 14:26  And the same must be said with regard to the second tithe mentioned in this baraita, as, if you do not say so but say instead that the secon
  LINK Taanit 9a:1                Deut 14:22             “A tithe shall you tithe [te’aser]” (Deuteronomy 14:22)? This phrase can be interpreted homiletically: Take a tithe [asser] so that you will
  LINK Temurah 21a:17             Deut 14:23             The verse states with regard to second tithe: “And you shall eat before the Lord your God in the place that He shall choose to cause His nam
  LINK Temurah 21b:3              Deut 14:23             § The Gemara cites the second statement of Rabbi Yosei from the elders, in the continuation of the baraita above: Rabbi Akiva says: One migh
  LINK Temurah 28a:11             Deut 14:21             And in addition, the shaved-off hair of a nazirite (Numbers 6:18); and a firstborn donkey (Exodus 13:13); and meat that was cooked in milk (
  LINK Tosefta Bekhorot 1:5       Deut 14:7              For what reason did they say that the honey of bees is permitted? Because they do not discharge it; rather, they ingest it. The honey of ziz
  LINK Tosefta Bekhorot 7:1       Deut 14:22             The cattle tithe applies to large and small [livestock], males and females, unblemished and blemished, and they tithe them from one year to 
  LINK Tosefta Bikkurim 1:11      Deut 14:23             There is a stringency with Terumah and second tithe that there is not with first fruits: That Terumah and second tithe apply to [the lands o
  LINK Tosefta Chullin 8:3        Deut 14:21             An udder cooked with its milk is permitted. A stomach cooked [along with the undigested milk inside it] is liable. One who cooks meat with m
  LINK Tosefta Kilayim 1:6        Deut 14:5              Five things were stated about a wild ox: It is forbidden [to slaughter on the same day as its calf] on account of "it and its offspring," an
  LINK Tosefta Maaser Sheni 1:7   Deut 14:26             One may purchase wild animals and fowl [in Jerusalem] for "meat for one's craving" (see Deut. 12:20 and Deut. 14:26), but not for peace offe
  LINK Tosefta Pesachim 8:1       Deut 14:24             These [are required to] perform [Pesach] Sheni: Men and women who had abnormal discharges, menstruants, women who recently gave birth, [thos
  LINK Tosefta Sotah 7:9          Deut 14:22             [With respect to the portion read by the king,] he reads from the beginning [of Deuteronomy], "These are the words..." (Deut. 1:1) until [th
  LINK Yevamot 13b:17             Deut 14:1              Reish Lakish said to Rabbi Yoḥanan: I should read here the verse: “You shall not cut yourselves [titgodedu]” (Deuteronomy 14:1), which is in
  LINK Yevamot 14a:6              Deut 14:1              And yet the question remains: According to the one who said that Beit Shammai acted in accordance with their opinion, we should read here: “
  LINK Yevamot 62b:13             Deut 14:26             § Apropos the discussion with regard to the mitzva to have children, the Gemara cites statements about marriage in general. Rabbi Tanḥum sai
  LINK Yevamot 93a:9              Deut 14:23             Rabbi Ḥiyya said to him: You acted well, as it is taught in a baraita, with regard to a verse that discusses tithes: “And you shall eat befo
  LINK Yoma 36b:1                 Deut 14:21             It is with regard to the prohibition against eating an unslaughtered animal carcass, and similar prohibitions, that they disagree. The Torah
  LINK Yoma 76a:12                Deut 14:23             The Gemara asks: Are these five the only afflictions? We learn in the mishna that there are six: Eating, drinking, bathing, smearing oil, co
  LINK Yoma 76a:14                Deut 14:26             Rather, Rav Aḥa bar Ya’akov said: From here there is a proof as the verse states: “And you shall spend that money on all that your soul desi
  LINK Zevachim 29b:2             Deut 14:23 Deut 14:28  Therefore, the verse states: “And you shall eat before the Lord your God, in the place which He shall choose to place His name there, the ti
  LINK Zevachim 34a:15            Deut 14:4 Deut 14:5    Rava raised an objection from a baraita: Had the verse (Leviticus 1:2) stated only: When any man of you brings an offering to the Lord, anim
  LINK Zevachim 45a:10            Deut 14:22 Deut 14:23  The baraita also teaches: And gentiles cannot render an animal a substitute. The Gemara asks: What is the reason for this? The Gemara explai
  LINK Zevachim 50a:9             Deut 14:23             The Gemara asks: From where do we derive that the money to purchase peace offerings themselves can come from money used to redeem the second
Mishnah_Chullin mishnayot (1, 7)..(8, 4) (8): 8 rows, 1 link rows
Mishnah_Makkot mishnayot [(3, 5), (3, 6)]: 2 rows, 0 link rows
Mishnah_Maaser_Sheni mishnayot (1, 1)..(5, 15) (57): 57 rows, 0 link rows
Mishnah_Maasrot mishnayot [(1, 1), (1, 3), (2, 4), (4, 5), (4, 6)]: 5 rows, 0 link rows
Mishnah_Temurah mishnayot [(6, 1)]: 1 rows, 0 link rows
Mishnah_Eduyot mishnayot [(3, 2)]: 1 rows, 0 link rows
Mishnah_Zevachim mishnayot [(5, 8)]: 1 rows, 0 link rows
Mishnah_Peah mishnayot [(8, 5), (8, 6), (8, 7), (8, 8), (8, 9)]: 5 rows, 0 link rows
Mishnah_Bekhorot mishnayot (9, 1)..(9, 8) (8): 8 rows, 0 link rows
Pirkei_Avot mishnayot [(3, 9), (3, 14)]: 2 rows, 1 link rows
Chullin 59a-66b: 178 segments in the range, 4 of them link rows
Chullin 68a-69a: 62 segments in the range, 2 of them link rows
Chullin 72b-73a: 32 segments in the range, 0 of them link rows
Chullin 77a-77a: 16 segments in the range, 1 of them link rows
Chullin 80a-80a: 21 segments in the range, 2 of them link rows
Chullin 113a-116b: 135 segments in the range, 11 of them link rows
Makkot 20a-21a: 43 segments in the range, 3 of them link rows
Yevamot 13b-14a: 42 segments in the range, 2 of them link rows
Yevamot 47b-47b: 19 segments in the range, 0 of them link rows
Yevamot 86a-86b: 23 segments in the range, 0 of them link rows
Kiddushin 36a-36a: 22 segments in the range, 2 of them link rows
Kiddushin 54b-54b: 16 segments in the range, 0 of them link rows
Rosh_Hashanah 12a-13a: 39 segments in the range, 1 of them link rows
Bekhorot 34a-35a: 51 segments in the range, 0 of them link rows
Bekhorot 53b-53b: 17 segments in the range, 2 of them link rows
Pesachim 21b-21b: 11 segments in the range, 1 of them link rows
Pesachim 50b-51a: 24 segments in the range, 0 of them link rows
Bava_Metzia 88a-88a: 9 segments in the range, 0 of them link rows
TOPIC rows 817 (the Mishnah rows + the folio ranges whole; link-duplicates dropped)
   [('Chullin', 424), ('Yevamot', 82), ('Bekhorot', 66), ('Mishnah Maaser Sheni', 57), ('Makkot', 40), ('Rosh Hashanah', 38), ('Kiddushin', 36), ('Pesachim', 34), ('Bava Metzia', 9), ('Mishnah Bekhorot', 8), ('Mishnah Chullin', 7), ('Mishnah Maasrot', 5), ('Mishnah Peah', 5), ('Mishnah Makkot', 2), ('Mishnah Temurah', 1), ('Mishnah Eduyot', 1), ('Mishnah Zevachim', 1), ('Pirkei Avot', 1)]
Tosefta_Peah 4: 20 rows; the first: Rabbi Yehudah says, [with respect to] a place (i.e., a vineyard) that typically produces Olelet (defective clusters), a 
Tosefta_Kilayim 1: 11 rows; the first: All the pairs (e.g., wheat and z'vanin, and the four other matching pairs set forth in Kilayim 1:1) that the Sages count
EMPTY CHAPTER IN THE EXPORT: Tosefta_Sanhedrin 3 (the dict-text export holds no rows there — the design reads it from this print)
   Chullin         59a  17  It is the root of a bitter vegetable.
   Chullin         59b  11  The signs are given to permit its forbidden fat, i.e., to deem the animal undomesticated. 
   Chullin         60a  13  I wish to see Him. Rabbi Yehoshua went and stood the emperor facing the sun in the season 
   Chullin         60b  16  what is the halakha according to Rabbi Ḥanina bar Pappa? Shall one say that since the phra
   Chullin         61a   6  Just as a nesher is unique in that it has no extra digit or crop, and its gizzard cannot b
   Chullin         61b   7  The Gemara objects: But one should derive instead from a crow: Just as there, a bird with 
   Chullin         62a   9  If one is familiar with the non-kosher birds and their names, any bird that comes before h
   Chullin         62b   9  disqualify the water of purification, i.e., water in which ashes of the red heifer have be
   Chullin         63a  18  But the bird called the little wine pourer is permitted. And your mnemonic to remember thi
   Chullin         63b  15  one might ask: Since it is assumed that the list in Deuteronomy comes to add to the list i
   Chullin         64a   9  fish embryos, i.e., fish eggs found in the fish’s innards.
   Chullin         64b   7  serves to include chicks of pigeons whose eyes have not yet opened in the prohibition agai
   Chullin         65a  10  into two words, conclude from it that they are two names, prohibiting the egg as well.
   Chullin         65b  10  the vineyard bird, which is similar to the arbeh in that its forehead is not smooth but ha
   Chullin         66a   9  The Gemara asks: With regard to what do the tanna of the study hall, who taught the first 
   Chullin         66b  12  the akunas, and the afunas, and the kesaftiyas, and the akhsaftiyas, and the atunas, it is
   Chullin         68a  17  MISHNA: When a pregnant kosher animal is slaughtered, the slaughter also renders the consu
   Chullin         68b  21  then the flesh of both the mother animal and the fetus, excluding the foreleg, is impure d
   Chullin         69a  24  This is the principle: An item that is part of an animal’s body that was severed prior to 
   Chullin         72b  14  The Rabbis explain the rationale behind their opinion: Just as we found in the case of a t
   Chullin         73a  18  is regarded as though it were cut. Therefore, it is regarded as though the foreleg had alr
   Chullin         77a  16  one may be registered as part of a group that will eat the Paschal offering on their accou
   Chullin         80a  21  They disagree concerning whether the word “sheep” mentioned in the verses indicates that e
   Chullin        113a  20  The Gemara objects: But let Rava say to him the same ruling by instead citing the seemingl
   Chullin        113b  14  One may infer that here, since this verse specifies that it is referring to a kid of the g
   Chullin        114a  19  This link between cooking and eating indicates that since one is not flogged for eating fo
   Chullin        114b  16  from where is it derived that the meat of a mother animal may not itself be cooked in its 
   Chullin        115a  11  then let the product of an action that desecrates Shabbat, e.g., food cooked on Shabbat, b
   Chullin        115b  21  Is that derivation that Rabbi Yehuda HaNasi taught ugly, that you derive a new one? The ve
   Chullin        116a  17  As stated above, for any a fortiori inference of a single source from a single source, one
   Chullin        116b  17  if the measure of the skin is enough to impart flavor to the milk, that cheese is prohibit
   Makkot          20a  15  he is flogged with one set of lashes, because he ate it without separating teruma of the t
   Makkot          20b  12  Rather, say that he created five bald spots with one forewarning; is one liable in that ca
   Makkot          21a  16  The Gemara answers: Rabbi Yosei derives that halakha from a different source, as Rabbi Yos
   Yevamot         13b  22  If any of the rival wives of the brother performed ḥalitza, Beit Shammai disqualify her fr
   Yevamot         14a  20  Reish Lakish said to him: Do you hold that Beit Shammai actually acted in accordance with 
   Yevamot         47b  19  they are not able to receive either an abundance of good nor an abundance of calamities, s
   Yevamot         86a  14  Teruma is for a priest and the first tithe is for a Levite; this is the statement of Rabbi
   Yevamot         86b   9  The first tithe is given to a priest. The Gemara is puzzled: To a priest and not to a Levi
   Kiddushin       36a  22  are one prohibition.
   Kiddushin       54b  16  The Gemara answers: The baraita and the mishna in tractate Nedarim are two tanna’im and th
   Rosh_Hashanah   12a  10  But because the people changed their actions for the worse, the Holy One, Blessed be He, c
   Rosh_Hashanah   12b  13  after sunset, so that they belong to the new year, one may not set aside teruma and tithe 
   Rosh_Hashanah   13a  16  But perhaps the verse is referring to produce that did not grow at all during the seventh 
   Bekhorot        34a  11  only the prohibition that one may not directly cause a blemish. From where is it derived t
   Bekhorot        34b  18  and it inadvertently got excised, that individual is ritually pure. If he excised it inten
   Bekhorot        35a  22  that if one rendered impure the ritually pure items of another and died before paying, the
   Bekhorot        53b  17  The Gemara explains that it is possible to act in a different manner, so that the priest d
   Pesachim        21b  11  Rabbi Yehuda ben Beteira, who agrees in principle with Beit Shammai’s opinion, says: With 
   Pesachim        50b  12  The Sages stated a principle: And a person may not deviate from the local custom, due to p
   Pesachim        51a  12  you are not allowed to permit these actions in their presence, lest they come to treat oth
   Bava_Metzia     88a   9  until it sees the front of the house through which people enter and exit, and it is brough
  export has Tosefta_Peah: True
  export has Tosefta_Kilayim: True
  export has Tosefta_Sanhedrin: True
  export has Mishnah_Maaser_Sheni: True
  export has Mishnah_Maasrot: True
  export has Mishnah_Peah: True
  export has Mishnah_Eduyot: True
  export has Mishnah_Temurah: True
  export has Mishnah_Bekhorot: True
  export has Mishnah_Chullin: True
  export has Pirkei_Avot: True
  export has Chullin: True
  export has Makkot: True
  export has Yevamot: True
  export has Kiddushin: True
  export has Rosh_Hashanah: True
  export has Bekhorot: True
  export has Pesachim: True
  export has Bava_Metzia: True
  export has Sifra: True
PRIOR READS (credited): 288 addresses of 992
  by ledger: [('deu_12_reeh_exam_2026-09-20.md', 157), ('num_16_18_korach_exam_2026-09-10.md', 28), ('EXOD_TALMUD_TRIAGE_LEDGER.md', 27), ('deu_10_ekev_exam_2026-09-20.md', 21), ('priesthood_topic_docket_2026-09-06.md', 17), ('talmud_triage_gen_2026-09-01.md', 17), ('ordinances_topic_docket_2026-09-06.md', 12), ('exodus_block_leaven_2026-09-04.md', 9), ('holiness_b_topic_docket_2026-09-06.md', 9), ('num_04_07_naso_exam_2026-09-10.md', 8), ('dependency_debt_docket_2026-09-06.md', 8), ('genesis_block_table_knife_2026-09-04.md', 8), ('pre_sinai_docket_2026-09-06.md', 8), ('sheviit_topic_docket_2026-09-05.md', 7), ('deu_11_ekev_reeh_exam_2026-09-20.md', 6)]
  credited per range: [('Chullin', '59a', '66b', 18), ('Chullin', '68a', '69a', 3), ('Chullin', '72b', '73a', 0), ('Chullin', '77a', '77a', 0), ('Chullin', '80a', '80a', 0), ('Chullin', '113a', '116b', 118), ('Makkot', '20a', '21a', 6), ('Yevamot', '13b', '14a', 1), ('Yevamot', '47b', '47b', 19), ('Yevamot', '86a', '86b', 6), ('Kiddushin', '36a', '36a', 7), ('Kiddushin', '54b', '54b', 1), ('Rosh_Hashanah', '12a', '13a', 7), ('Bekhorot', '34a', '35a', 4), ('Bekhorot', '53b', '53b', 1), ('Pesachim', '21b', '21b', 9), ('Pesachim', '50b', '51a', 0), ('Bava_Metzia', '88a', '88a', 0)]
  the Mishnah rows credited: ['Mishnah Bekhorot 9:1', 'Mishnah Bekhorot 9:2', 'Mishnah Bekhorot 9:3', 'Mishnah Bekhorot 9:4', 'Mishnah Bekhorot 9:5', 'Mishnah Bekhorot 9:6', 'Mishnah Bekhorot 9:7', 'Mishnah Bekhorot 9:8', 'Mishnah Chullin 3:6', 'Mishnah Chullin 3:7', 'Mishnah Chullin 8:1', 'Mishnah Chullin 8:2', 'Mishnah Chullin 8:3', 'Mishnah Chullin 8:4', 'Mishnah Maaser Sheni 3:8', 'Mishnah Maaser Sheni 5:1', 'Mishnah Maaser Sheni 5:10', 'Mishnah Maaser Sheni 5:11', 'Mishnah Maaser Sheni 5:12', 'Mishnah Maaser Sheni 5:13', 'Mishnah Maaser Sheni 5:14', 'Mishnah Maaser Sheni 5:15', 'Mishnah Maaser Sheni 5:2', 'Mishnah Maaser Sheni 5:3', 'Mishnah Maaser Sheni 5:4', 'Mishnah Maaser Sheni 5:5', 'Mishnah Maaser Sheni 5:6', 'Mishnah Maaser Sheni 5:7', 'Mishnah Maaser Sheni 5:8', 'Mishnah Maaser Sheni 5:9', 'Mishnah Maasrot 1:1', 'Mishnah Maasrot 1:3', 'Mishnah Makkot 3:5', 'Mishnah Makkot 3:6', 'Mishnah Peah 8:5', 'Mishnah Peah 8:6', 'Mishnah Peah 8:7', 'Mishnah Peah 8:8', 'Mishnah Peah 8:9', 'Mishnah Sotah 7:8', 'Mishnah Temurah 6:1', 'Mishnah Zevachim 5:8']
dump <scratch>/ch14_docket_dump.txt 636447 bytes 2978 lines
THE RANGES SIZED:
  Mishnah_Chullin        (1, 7)-(8, 4)    8 rows,   1 link rows
  Mishnah_Makkot         (3, 5)-(3, 6)    2 rows,   0 link rows
  Mishnah_Maaser_Sheni   (1, 1)-(5, 15)   57 rows,   0 link rows
  Mishnah_Maasrot        (1, 1)-(4, 6)    5 rows,   0 link rows
  Mishnah_Temurah        (6, 1)-(6, 1)    1 rows,   0 link rows
  Mishnah_Eduyot         (3, 2)-(3, 2)    1 rows,   0 link rows
  Mishnah_Zevachim       (5, 8)-(5, 8)    1 rows,   0 link rows
  Mishnah_Peah           (8, 5)-(8, 9)    5 rows,   0 link rows
  Mishnah_Bekhorot       (9, 1)-(9, 8)    8 rows,   0 link rows
  Pirkei_Avot            (3, 9)-(3, 14)    2 rows,   1 link rows
  Chullin                   59a-66b     178 rows,   4 link rows
  Chullin                   68a-69a      62 rows,   2 link rows
  Chullin                   72b-73a      32 rows,   0 link rows
  Chullin                   77a-77a      16 rows,   1 link rows
  Chullin                   80a-80a      21 rows,   2 link rows
  Chullin                  113a-116b    135 rows,  11 link rows
  Makkot                    20a-21a      43 rows,   3 link rows
  Yevamot                   13b-14a      42 rows,   2 link rows
  Yevamot                   47b-47b      19 rows,   0 link rows
  Yevamot                   86a-86b      23 rows,   0 link rows
  Kiddushin                 36a-36a      22 rows,   2 link rows
  Kiddushin                 54b-54b      16 rows,   0 link rows
  Rosh_Hashanah             12a-13a      39 rows,   1 link rows
  Bekhorot                  34a-35a      51 rows,   0 link rows
  Bekhorot                  53b-53b      17 rows,   2 link rows
  Pesachim                  21b-21b      11 rows,   1 link rows
  Pesachim                  50b-51a      24 rows,   0 link rows
  Bava_Metzia               88a-88a       9 rows,   0 link rows
