==== A0. THE TWO DIVISIONS — the export's chapter 14 against the DB's
  DB verses 29 | export verses HE 29 EN 29 | per-chapter export lengths vs DB, chapters 1-14: [(5, 30, 33)]
  the alignment cost 17 | export verses mapped to MORE THAN ONE DB verse: {}
  the offset per export verse (DB minus export, the first DB verse of each): Counter({0: 29}) | the runs: [(1, 1, 1), (16, 16, 16), (17, 17, 17), (18, 18, 18), (19, 19, 19)]
  the shared export verse against its DB verses (tokens, negations): []
==== A. THE SHELF BY POSITION — the Sifrei on Deuteronomy around chapter 14
  piskaot 357 357 rows 2357 2357
  heads 94-116 (HE first citation | rows | EN first quote):
    94 head (13, 16) | HE rows  6 EN rows  6 | 'Then you must utterly strike down with the sword’s blade'
    95 head (13, 17) | HE rows  7 EN rows  7 | 'And gather all its plunder'
    96 head (13, 17) | HE rows 12 EN rows 12 | 'It shall never again be rebuilt'
    97 head (14, 2) | HE rows  5 EN rows  5 | 'For you are a people consecrated (qadosh) to HASHEM your God'
    98 head (14, 6) | HE rows  6 EN rows  6 | 'And every animal that parts the hoof,which is split into two'
    99 head (14, 3) | HE rows  2 EN rows  2 | 'You may not eat anything that is abominable'
   100 head (14, 4) | HE rows  3 EN rows  3 | 'This is the cattle (behemah) which you shall eat:the ox, the'
   101 head (14, 6) | HE rows 10 EN rows 10 | 'And every cattle that parts the hoof, which is split into tw'
   102 head (14, 6) | HE rows  1 EN rows  1 | 'But this you shall not eat . . . for they ruminate the cud, '
   103 head (14, 11) | HE rows 10 EN rows 10 | 'Any clean bird you may eat'
   104 head (14, 21) | HE rows 10 EN rows 10 | 'Do not eat any carcass'
   105 head (14, 22) | HE rows 19 EN rows 19 | 'You shall diligently tithe all the yield of your seed, that '
   106 head (14, 23) | HE rows  6 EN rows  6 | 'And you shall eat before HASHEM your God,in the place where '
   107 head (14, 24) | HE rows 16 EN rows 16 | 'Now, if the distance is too great for you'
   108 head (14, 27) | HE rows  2 EN rows  2 | 'Now, the Levite within your gates—do not abandon him,for he '
   109 head (14, 28) | HE rows 12 EN rows 12 | 'At the end of three years, you shall bring out all the Tithe'
   110 head (14, 29) | HE rows  5 EN rows  5 | 'And the migrant, the fatherless, or the widow within your ga'
   111 head (15, 1) | HE rows 11 EN rows 11 | 'At the end of seven years you shall declare a Release-year'
   112 head (15, 2) | HE rows 11 EN rows 11 | 'Now, this is the procedure for the release:every creditor sh'
   113 head (15, 3) | HE rows  3 EN rows  3 | 'You may dun the foreigner'
   114 head (15, 4) | HE rows  3 EN rows  3 | 'Surely, there shall be no pauper among you'
   115 head (15, 5) | HE rows  2 EN rows  2 | 'Only if you listen closely (shamo`a tishm`a) to the voiceof '
   116 head (15, 6) | HE rows 18 EN rows 18 | 'For HASHEM your God will bless you as He promised you'
  heads whose chapter is 14 : [(97, (14, 2)), (98, (14, 6)), (99, (14, 3)), (100, (14, 4)), (101, (14, 6)), (102, (14, 6)), (103, (14, 11)), (104, (14, 21)), (105, (14, 22)), (106, (14, 23)), (107, (14, 24)), (108, (14, 27)), (109, (14, 28)), (110, (14, 29))] | heads by chapter 1-14: [(1, 24), (3, 4), (6, 6), (11, 21), (12, 20), (13, 14), (14, 14), (15, 16), (16, 19), (17, 16), (18, 16), (19, 10), (20, 14), (21, 17)]
  HE rows citing Deut 14 (the export's verse → the DB's): 25 [(96, 9, 1, [1]), (97, 1, 2, [2]), (98, 1, 6, [6]), (98, 3, 11, [11]), (98, 5, 13, [13]), (99, 1, 3, [3]), (101, 1, 6, [6]), (102, 1, 6, [6]), (103, 1, 11, [11]), (103, 2, 12, [12]), (103, 4, 13, [13]), (103, 5, 14, [14]), (103, 9, 20, [20]), (103, 10, 19, [19]), (104, 1, 21, [21]), (105, 1, 22, [22]), (106, 1, 23, [23]), (107, 1, 24, [24]), (107, 4, 25, [25]), (107, 7, 26, [26]), (108, 1, 27, [27]), (109, 1, 28, [28]), (109, 10, 29, [29]), (110, 1, 29, [29]), (312, 1, 2, [2])]
  EN rows citing Deut 14 : 135 [(76, 7, 21, [21]), (96, 9, 1, [1]), (96, 9, 1, [1]), (96, 11, 1, [1]), (96, 12, 1, [1]), (96, 12, 1, [1]), (97, 1, 2, [2]), (97, 1, 2, [2]), (97, 2, 2, [2]), (97, 3, 2, [2]), (97, 4, 2, [2]), (97, 5, 2, [2]), (98, 1, 6, [6]), (98, 2, 11, [11]), (98, 5, 13, [13]), (98, 6, 13, [13]), (98, 6, 3, [3]), (98, 6, 13, [13]), (99, 1, 3, [3]), (99, 1, 3, [3]), (99, 2, 3, [3]), (99, 2, 3, [3]), (100, 1, 4, [4]), (100, 2, 4, [4]), (101, 1, 6, [6]), (101, 1, 4, [4]), (101, 2, 4, [4]), (101, 3, 4, [4]), (101, 4, 4, [4]), (101, 5, 6, [6]), (101, 6, 6, [6]), (101, 7, 6, [6]), (101, 8, 6, [6]), (101, 9, 6, [6]), (101, 10, 7, [7]), (102, 1, 7, [7]), (103, 1, 12, [12]), (103, 1, 12, [12]), (103, 2, 12, [12]), (103, 3, 12, [12]), (103, 4, 13, [13]), (103, 5, 14, [14]), (103, 5, 15, [15]), (103, 5, 15, [15]), (103, 6, 15, [15]), (103, 6, 15, [15]), (103, 7, 15, [15]), (103, 8, 12, [12]), (103, 9, 20, [20]), (103, 10, 19, [19]), (103, 10, 20, [20]), (103, 10, 19, [19]), (104, 1, 21, [21]), (104, 1, 21, [21]), (104, 2, 21, [21]), (104, 3, 21, [21]), (104, 4, 21, [21]), (104, 5, 21, [21]), (104, 7, 21, [21]), (104, 8, 21, [21]), (104, 8, 21, [21]), (104, 9, 21, [21]), (104, 10, 21, [21]), (104, 10, 21, [21]), (104, 10, 21, [21]), (105, 1, 22, [22]), (105, 3, 28, [28]), (105, 3, 22, [22]), (105, 3, 22, [22]), (105, 4, 22, [22]), (105, 5, 22, [22]), (105, 6, 22, [22]), (105, 7, 23, [23]), (105, 7, 22, [22]), (105, 8, 22, [22]), (105, 9, 22, [22]), (105, 9, 23, [23]), (105, 14, 22, [22]), (105, 16, 22, [22]), (105, 17, 22, [22]), (105, 18, 22, [22]), (105, 19, 22, [22]), (105, 19, 22, [22]), (106, 1, 23, [23]), (106, 2, 23, [23]), (106, 3, 23, [23]), (106, 4, 22, [22]), (106, 5, 22, [22]), (106, 5, 22, [22]), (106, 6, 23, [23]), (106, 6, 23, [23]), (107, 1, 24, [24]), (107, 1, 24, [24]), (107, 2, 24, [24]), (107, 3, 24, [24]), (107, 4, 25, [25]), (107, 5, 25, [25]), (107, 6, 25, [25]), (107, 7, 26, [26]), (107, 7, 25, [25]), (107, 7, 25, [25]), (107, 7, 25, [25]), (107, 7, 25, [25]), (107, 7, 25, [25]), (107, 7, 26, [26]), (107, 8, 26, [26]), (107, 9, 26, [26]), (107, 10, 26, [26]), (107, 11, 26, [26]), (107, 12, 26, [26]), (107, 13, 26, [26]), (107, 14, 26, [26]), (107, 15, 26, [26]), (107, 16, 26, [26]), (107, 16, 26, [26]), (107, 16, 26, [26]), (108, 1, 27, [27]), (108, 2, 27, [27]), (109, 1, 28, [28]), (109, 2, 28, [28]), (109, 2, 28, [28]), (109, 3, 28, [28]), (109, 6, 28, [28]), (109, 7, 28, [28]), (109, 8, 28, [28]), (109, 8, 28, [28]), (109, 9, 28, [28]), (109, 10, 29, [29]), (109, 12, 29, [29]), (110, 1, 29, [29]), (110, 2, 29, [29]), (110, 3, 29, [29]), (110, 4, 29, [29]), (228, 5, 11, [11]), (312, 1, 2, [2])]
  EN "ibid 14:n" candidates: 0
  the union of rows (both files): 100 [(76, 7), (96, 9), (96, 11), (96, 12), (97, 1), (97, 2), (97, 3), (97, 4), (97, 5), (98, 1), (98, 2), (98, 3), (98, 5), (98, 6), (99, 1), (99, 2), (100, 1), (100, 2), (101, 1), (101, 2), (101, 3), (101, 4), (101, 5), (101, 6), (101, 7), (101, 8), (101, 9), (101, 10), (102, 1), (103, 1), (103, 2), (103, 3), (103, 4), (103, 5), (103, 6), (103, 7), (103, 8), (103, 9), (103, 10), (104, 1), (104, 2), (104, 3), (104, 4), (104, 5), (104, 7), (104, 8), (104, 9), (104, 10), (105, 1), (105, 3), (105, 4), (105, 5), (105, 6), (105, 7), (105, 8), (105, 9), (105, 14), (105, 16), (105, 17), (105, 18), (105, 19), (106, 1), (106, 2), (106, 3), (106, 4), (106, 5), (106, 6), (107, 1), (107, 2), (107, 3), (107, 4), (107, 5), (107, 6), (107, 7), (107, 8), (107, 9), (107, 10), (107, 11), (107, 12), (107, 13), (107, 14), (107, 15), (107, 16), (108, 1), (108, 2), (109, 1), (109, 2), (109, 3), (109, 6), (109, 7), (109, 8), (109, 9), (109, 10), (109, 12), (110, 1), (110, 2), (110, 3), (110, 4), (228, 5), (312, 1)]
  the rows OUTSIDE the spine piskaot (the union less the on-chapter piskaot 97 - 110 ): 6 [(76, 7), (96, 9), (96, 11), (96, 12), (228, 5), (312, 1)] | in-spine rows of the union: 94
  outside rows file bytes 13341
==== B. ONKELOS chapter 14 and the DB (the dump per DB verse; a shared export row printed at its first DB verse)
  the store's chapter 14 verses 29 | verses whose store token count differs from the DB: []
  token count chapter 14 : 351
  onkelos dump bytes 29908
==== C. THE PARSER on every verse of chapter 14
  14:6   N [2]                      O []             marked ['שתי^']
  14:22  N []                       O []             marked ['עשר*']
  14:23  N []                       O []             marked ['מעשר*']
  14:28  N [3]                      O []             marked ['שנים*', 'מעשר*']
  number-word tokens present per verse (the bare check against the parser): {'14:6': ['שתי'], '14:22': ['עשר', 'תעשר'], '14:23': ['מעשר'], '14:28': ['שלש', 'שנים', 'מעשר']}
  14:1 tokens: ['בנים', 'אתם', 'ליהוה', 'אלהיכם', 'לא', 'תתגדדו', 'ולא', 'תשימו', 'קרחה', 'בין', 'עיניכם', 'למת']
  14:6 tokens: ['וכל', 'בהמה', 'מפרסת', 'פרסה', 'ושסעת', 'שסע', 'שתי^', 'פרסות', 'מעלת', 'גרה', 'בבהמה', 'אתה', 'תאכלו']
  14:22 tokens: ['עשר*', 'תעשר', 'את', 'כל', 'תבואת', 'זרעך', 'היצא', 'השדה', 'שנה', 'שנה']
  14:23 tokens: ['ואכלת', 'לפני', 'יהוה', 'אלהיך', 'במקום', 'אשר', 'יבחר', 'לשכן', 'שמו', 'שם', 'מעשר*', 'דגנך', 'תירשך', 'ויצהרך', 'ובכרת', 'בקרך', 'וצאנך', 'למען', 'תלמד', 'ליראה', 'את', 'יהוה', 'אלהיך', 'כל', 'הימים']
  14:28 tokens: ['מקצה', 'שלש', 'שנים*', 'תוציא', 'את', 'כל', 'מעשר*', 'תבואתך', 'בשנה', 'ההוא', 'והנחת', 'בשעריך']
  14:29 tokens: ['ובא', 'הלוי', 'כי', 'אין', 'לו', 'חלק', 'ונחלה', 'עמך', 'והגר', 'והיתום', 'והאלמנה', 'אשר', 'בשעריך', 'ואכלו', 'ושבעו', 'למען', 'יברכך', 'יהוה', 'אלהיך', 'בכל', 'מעשה', 'ידך', 'אשר', 'תעשה']
==== D. CASE TOKENS, FRAMES, REGISTER, NAMES
  case tokens (כי "when/for" / אם "if" / ואם / או "or" / פן "lest"): {'14:2': ['כי'], '14:7': ['כי'], '14:8': ['כי'], '14:21': ['או', 'כי'], '14:24': ['כי', 'כי', 'כי'], '14:27': ['כי'], '14:29': ['כי']}
  divine frames (ויאמר/וידבר + יהוה): []
  לאמר "saying" seats: []
  narrative-form verbs (V.w) per verse: {}
  first-person verb forms (1cs / 1cp) per verse: {}
  imperatives (Vq.v / Vp.v / Vh.v) per verse: {}
  prohibitions לא + imperfect (the ten's form) per verse: {1: [('תתגדדו', 'HVri2mp'), ('תשימו', 'HVqi2mp')], 3: [('תאכל', 'HVqi2ms')], 7: [('תאכלו', 'HVqi2mp')], 8: [('תאכלו', 'HVqi2mp'), ('תגעו', 'HVqi2mp')], 10: [('תאכלו', 'HVqi2mp')], 12: [('תאכלו', 'HVqi2mp')], 19: [('יאכלו', 'HVNi3mp')], 21: [('תאכלו', 'HVqi2mp'), ('תבשל', 'HVpi2ms')], 24: [('תוכל', 'HVqi2ms')], 27: [('תעזבנו', 'HVqi2ms/Sp3ms')]}
  name tokens (Np): {1: ['ליהוה'], 2: ['ליהוה', 'יהוה'], 21: ['ליהוה'], 23: ['יהוה', 'יהוה'], 24: ['יהוה', 'יהוה'], 25: ['יהוה'], 26: ['יהוה'], 29: ['יהוה']}
  second-person plural vs singular (2mp / 2ms tokens per verse): {1: (5, 0), 2: (0, 3), 3: (0, 1), 4: (1, 0), 5: (0, 0), 6: (1, 0), 7: (2, 0), 8: (3, 0), 9: (2, 0), 10: (2, 0), 11: (1, 0), 12: (1, 0), 13: (0, 0), 14: (0, 0), 15: (0, 0), 16: (0, 0), 17: (0, 0), 18: (0, 0), 19: (1, 0), 20: (1, 0), 21: (1, 5), 22: (0, 2), 23: (0, 9), 24: (0, 6), 25: (0, 5), 26: (0, 9), 27: (0, 2), 28: (0, 4), 29: (0, 5)}
==== E. THE REGISTER GATE on Deut 14
  dispositions naming Deut 14: []
  REGISTER_INDEX lines on Deut 14:
==== F. THE PRIOR READS
  ledgers with an Onkelos Deut 14 row: []
  prior Sifrei Devarim rows anywhere (strict form), those among the outside rows: [('deu_06_vaetchanan_2026-09-17.md', 104, 8), ('deu_12_reeh_2026-09-20.md', 76, 7), ('deu_12_reeh_2026-09-20.md', 106, 5)] | all prior rows count 770
  ledgers NAMING a verse of Deut 14: 16
    ('dependency_debt_docket_2026-09-06.md', 1, ['Deut 14:21'])
    ('deu_12_reeh_exam_2026-09-20.md', 1, ['Deut 14:23'])
    ('gen_21_blessing_blood_law_2026-08-25.md', 1, ['Deuteronomy 14:4'])
    ('gen_48_bethel_ladder_vow_2026-08-27.md', 1, ['Deuteronomy 14:4'])
    ('holiness_topic_docket_2026-09-06.md', 1, ['Deut 14:28-29'])
    ('lev_01_call_and_korban_opening_2026-09-03.md', 1, ['Deut 14:4'])
    ('lev_11_animals_water_birds_2026-09-05.md', 2, ['Deut 14:12', 'Deut 14:4-5'])
    ('lev_21_priests_2026-09-05.md', 1, ['Deut 14:1'])
    ('lev_27_valuations_2026-09-05.md', 2, ['Deut 14:22'])
    ('num_06_nazir_2026-09-09.md', 1, ['Deut 14:23'])
    ('num_09_pesach_cloud_2026-09-09.md', 1, ['Deut 14:24'])
    ('num_16_18_korach_exam_2026-09-10.md', 2, ['Deut 14:22'])
    ('num_18_priest_levite_dues_2026-09-10.md', 1, ['Deut 14:23'])
    ('num_30_vows_exam_2026-09-12.md', 6, ['Deut 14:23', 'Deut 14:26', 'Deut 14:28'])
    ('num_35_refuge_cities_exam_2026-09-13.md', 1, ['Deuteronomy 14:21'])
    ('sanctions_topic_docket_2026-09-05.md', 1, ['Deut 14:21'])
  ledgers with an Onkelos Lev 11 row (the kin's reading — the clean and the unclean animals 11:1-47 for 14:3-21) or a Lev 19 / Lev 21 row (the cuts for the dead 19:27-28 and the priests' baldness 21:5 for 14:1) or a Lev 17 / Lev 22 row (the carcass and the torn 17:15, 22:8 for 14:21): ['lev_11_animals_water_birds_2026-09-05.md', 'lev_11_carcass_swarm_close_2026-09-05.md', 'lev_17_18_blood_arayot_2026-09-05.md', 'lev_19_kedoshim_2026-09-05.md', 'lev_21_priests_2026-09-05.md', 'lev_22_holy_food_offerings_2026-09-05.md'] | ledgers with an Onkelos Exod 22 / Exod 23 / Exod 34 row (the torn flesh 22:30, the kid in its mother's milk 23:19 and 34:26 for 14:21) or an Exod 19 row (the treasured people 19:5-6 for 14:2): ['erection_docket_2026-09-06.md', 'exo_22_property_social_2026-09-01.md', 'exo_23_escort_land_2026-09-01.md', 'exo_23_justice_calendar_2026-09-01.md', 'exo_34_second_tablets_2026-09-01.md', 'ordinances_topic_docket_2026-09-06.md'] | ledgers with an Onkelos Num 18 row (the tithe to the Levites 18:21-32 for 14:22-29) or a Lev 27 row (the tithe holy to the LORD 27:30-33) or a Deut 7 / Deut 12 row (the holy people 7:6 for 14:2; the tithe eaten at the place and the Levite 12:6, 12:17-19 for 14:22-27): ['deu_07_vaetchanan_ekev_2026-09-17.md', 'deu_12_reeh_2026-09-20.md', 'lev_27_valuations_2026-09-05.md', 'num_18_priest_levite_dues_2026-09-10.md'] | ledgers with an Onkelos Gen 7 row (the clean beasts 7:2 for 14:4): []
==== G. THE DRAFTS
  deu_13_seducers: refs 13:1-19; steps (13, 1)..(13, 19) n=19; draft False; operators True; depends_on ['    - "deu_12_place_name"\n']; scenarios 26; binary_trees True; step E True; comment lines 24
  deu_14_food_tithe: refs 14:1-29; steps (14, 1)..(14, 29) n=29; draft True; operators False; depends_on ['    - "deu_13_seducers"\n    - "lev_11_animals_water_birds"\n']; scenarios 36; binary_trees True; step E False; comment lines 33
    the step verses: [1, 2, 3, 4, 5, 6, 7, 8, 9, 10, 11, 12, 13, 14, 15, 16, 17, 18, 19, 20, 21, 22, 23, 24, 25, 26, 27, 28, 29] | covers DB 29 ? True
  the units' claim prefixes present anywhere? {'DV14': 0, 'DV14A': 0, 'DV14B': 0, 'DV13': 2, 'DV15': 0}
  existing manifests deu_14*: [] | ledgers deu_*: ['deu_01_03_devarim_2026-09-15.md', 'deu_01_03_devarim_exam_2026-09-15.md', 'deu_04_vaetchanan_2026-09-16.md', 'deu_04_vaetchanan_exam_2026-09-16.md', 'deu_05_vaetchanan_2026-09-16.md', 'deu_05_vaetchanan_exam_2026-09-16.md', 'deu_06_vaetchanan_2026-09-17.md', 'deu_06_vaetchanan_exam_2026-09-17.md', 'deu_07_vaetchanan_ekev_2026-09-17.md', 'deu_07_vaetchanan_ekev_exam_2026-09-18.md', 'deu_08_ekev_2026-09-18.md', 'deu_08_ekev_exam_2026-09-19.md', 'deu_09_ekev_2026-09-19.md', 'deu_09_ekev_exam_2026-09-19.md', 'deu_10_ekev_2026-09-19.md', 'deu_10_ekev_exam_2026-09-20.md', 'deu_11_ekev_reeh_2026-09-20.md', 'deu_11_ekev_reeh_exam_2026-09-20.md', 'deu_12_reeh_2026-09-20.md', 'deu_12_reeh_exam_2026-09-20.md', 'deu_13_reeh_2026-09-21.md', 'deu_13_reeh_exam_2026-09-21.md']
  unit count and standing (CORPUS_TRUTH literals): []
==== H. THE STORE'S GLOSSES on chapter 14
  gloss Counter (the 50 commonest): [('which', 15), ('not', 13), ('eat', 13), ('and-obj-marker·et', 12), ('that', 9), ('God-you/your', 9), ('all', 9), ('YHWH', 8), ('obj-marker·et', 7), ('to-him/its', 5), ('you', 4), ('try', 4), ('foul-in-a-religious-sense', 4), ('to-you/your (pl)', 4), ('he/it', 4), ('in-gate-you/your', 4), ('to-YHWH', 3), ('this', 3), ('and-all', 3), ('break-in-pieces', 3), ('claw', 3), ('cud', 3), ('there-is-not', 3), ('years', 3), ('and-eat', 3), ('there', 3), ('and-not', 2), ('people', 2), ('sacred', 2), ('from-all', 2), ('go-up', 2), ('they', 2), ('fin', 2), ('and-scale', 2), ('pure', 2), ('to-kind-her/its', 2), ('to-kind-him/its', 2), ('tithe', 2), ('to-face', 2), ('name-him/its', 2), ('tenth', 2), ('so-that', 2), ('from-you/your', 2), ('the-place', 2), ('bless-you/your', 2), ('and-set', 2), ('the-silver', 2), ('in-all', 2), ('living-being-you/your', 2), ('smoothness', 2)]
  gloss file bytes 10994
  overrides already for Deut.14: [] | by_ref last Deut.13 line: ['  "Deut.13.19:15": "in-the-eyes-of"   # בעיני']
==== I. THE SPINE ON THE CHAPTER — the Sifrei piskaot whose head is in chapter 14 (the first on-chapter piskaot since chapter 6), whole
  SPINE (computed from the heads): [97, 98, 99, 100, 101, 102, 103, 104, 105, 106, 107, 108, 109, 110] | contiguous? True | the heads by verse: [(97, 2), (98, 6), (99, 3), (100, 4), (101, 6), (102, 6), (103, 11), (104, 21), (105, 22), (106, 23), (107, 24), (108, 27), (109, 28), (110, 29)] | the heads before and after: {96: (13, 17), 111: (15, 1)}
  rows per piska (HE, EN): {97: (5, 5), 98: (6, 6), 99: (2, 2), 100: (3, 3), 101: (10, 10), 102: (1, 1), 103: (10, 10), 104: (10, 10), 105: (19, 19), 106: (6, 6), 107: (16, 16), 108: (2, 2), 109: (12, 12), 110: (5, 5)} | total HE rows 107 | HE == EN everywhere? True
  spine file bytes 87671 | bytes per piska HE+EN: {97: 1928, 98: 2381, 99: 1748, 100: 1621, 101: 6730, 102: 515, 103: 5807, 104: 4082, 105: 9495, 106: 7973, 107: 10896, 108: 993, 109: 8261, 110: 2172}
  prior reads among the spine rows (any ledger): [('deu_06_vaetchanan_2026-09-17.md', 104, 8), ('deu_12_reeh_2026-09-20.md', 106, 5)]
  the spine rows citing a verse of chapter 14 in the Hebrew (p, r, the export verses): [(97, 1, [2]), (98, 1, [6]), (98, 3, [11]), (98, 5, [13]), (99, 1, [3]), (101, 1, [6]), (102, 1, [6]), (103, 1, [11]), (103, 2, [12]), (103, 4, [13]), (103, 5, [14]), (103, 9, [20]), (103, 10, [19]), (104, 1, [21]), (105, 1, [22]), (106, 1, [23]), (107, 1, [24]), (107, 4, [25]), (107, 7, [26]), (108, 1, [27]), (109, 1, [28]), (109, 10, [29]), (110, 1, [29])]
  the spine rows' own Hebrew citations (book, chapter, verse) by row: [(97, 1, [('דברים', 14, 2)]), (97, 3, [('תהלים', 135, 4), ('תהלים', 135, 4)]), (98, 1, [('דברים', 14, 6)]), (98, 3, [('דברים', 14, 11)]), (98, 5, [('דברים', 14, 13)]), (99, 1, [('דברים', 14, 3)]), (99, 2, [('דברים', 17, 1)]), (100, 2, [('ויקרא', 11, 2)]), (101, 1, [('דברים', 14, 6)]), (102, 1, [('דברים', 14, 6)]), (103, 1, [('דברים', 14, 11), ('ויקרא', 14, 4)]), (103, 2, [('דברים', 14, 12)]), (103, 3, [('ויקרא', 11, 13)]), (103, 4, [('דברים', 14, 13), ('ויקרא', 11, 14)]), (103, 5, [('דברים', 14, 14)]), (103, 9, [('דברים', 14, 20)]), (103, 10, [('דברים', 14, 19)]), (104, 1, [('דברים', 14, 21)]), (105, 1, [('דברים', 14, 22)]), (105, 10, [('ויקרא', 27, 30)]), (105, 11, [('ויקרא', 27, 30)]), (105, 12, [('ויקרא', 27, 30)]), (105, 15, [('במדבר', 18, 27), ('במדבר', 18, 27)]), (106, 1, [('דברים', 14, 23)]), (106, 5, [('דברים', 15, 20), ('דברים', 12, 17)]), (107, 1, [('דברים', 14, 24)]), (107, 4, [('דברים', 14, 25)]), (107, 7, [('דברים', 14, 26)]), (107, 16, [('דברים', 27, 7)]), (108, 1, [('דברים', 14, 27)]), (109, 1, [('דברים', 14, 28), ('דברים', 26, 12)]), (109, 2, [('דברים', 31, 10)]), (109, 4, [('דברים', 26, 12)]), (109, 10, [('דברים', 14, 29)]), (109, 11, [('במדבר', 18, 21)]), (110, 1, [('דברים', 14, 29), ('דברים', 24, 17), ('ויקרא', 19, 10)])]
  the spine rows' English citations by row: [(97, 1, ['Dt.14:2', 'Dt.14:2']), (97, 2, ['Dt.14:2']), (97, 3, ['Dt.14:2', 'Ps.135:4', 'Ps.135:4']), (97, 4, ['Dt.14:2']), (97, 5, ['Dt.14:2']), (98, 1, ['Dt.14:6']), (98, 2, ['Dt.14:11']), (98, 5, ['Dt.14:13']), (98, 6, ['Dt.14:13', 'Lv.11:14', 'Lv.11:1-47', 'Dt. 14:3-21', 'Dt.14:13', 'Lv.11:14']), (99, 1, ['Dt.14:3', 'Dt.14:3']), (99, 2, ['Dt.14:3', 'Dt.17:1', 'Dt.17:1', 'Dt.14:3']), (100, 1, ['Dt.14:4-5']), (100, 2, ['Lv.11:2', 'Dt.14:4-5']), (101, 1, ['Dt.14:6', 'Dt.14:4-6']), (101, 2, ['Dt.14:4-6']), (101, 3, ['Dt.14:4-6']), (101, 4, ['Dt.14:4-6']), (101, 5, ['Dt.14:6']), (101, 6, ['Dt.14:6']), (101, 7, ['Dt.14:6']), (101, 8, ['Dt.14:6']), (101, 9, ['Dt.14:6']), (101, 10, ['Dt.14:7-8']), (102, 1, ['Dt.14:7']), (103, 1, ['Dt.14:12', 'Lv.14:4', 'Lv.14:7', 'Dt.14:12']), (103, 2, ['Dt.14:12']), (103, 3, ['Dt.14:12', 'Lv.11:13']), (103, 4, ['Dt.14:13', 'Lv.11:14']), (103, 5, ['Dt.14:14', 'Dt.14:15', 'Dt.14:15']), (103, 6, ['Dt.14:15', 'Dt.14:15']), (103, 7, ['Dt.14:15-17']), (103, 8, ['Dt.14:12']), (103, 9, ['Dt.14:20']), (103, 10, ['Dt.14:19', 'Dt.14:20', 'Dt.14:19']), (104, 1, ['Dt.14:21', 'Dt.14:21']), (104, 2, ['Dt.14:21']), (104, 3, ['Dt.14:21']), (104, 4, ['Dt.14:21']), (104, 5, ['Dt.14:21']), (104, 7, ['Dt.14:21']), (104, 8, ['Dt.14:21', 'Dt.28:1-24']), (104, 9, ['Dt.14:21']), (104, 10, ['Dt.14:21', 'Dt.14:21', 'Dt.14:21']), (105, 1, ['Dt.14:22']), (105, 3, ['Dt.14:28-29', 'Dt.14:22', 'Dt.14:22']), (105, 4, ['Dt.14:22']), (105, 5, ['Dt.14:22-23']), (105, 6, ['Dt.14:22']), (105, 7, ['Dt.14:23', 'Dt.14:22']), (105, 8, ['Dt.14:22']), (105, 9, ['Dt.14:22', 'Dt.14:23']), (105, 10, ['Lv.27:30']), (105, 11, ['Lv.27:30', 'Lv.7:30']), (105, 12, ['Lv.27:30']), (105, 13, ['Lv.27:30']), (105, 14, ['Dt.14:22']), (105, 15, ['Nu.18:27', 'Nu.18:27']), (105, 16, ['Dt.14:22']), (105, 17, ['Dt.14:22']), (105, 18, ['Dt.14:22']), (105, 19, ['Dt.14:22', 'Dt.14:22']), (106, 1, ['Dt.14:23']), (106, 2, ['Dt.14:23']), (106, 3, ['Dt.14:23']), (106, 4, ['Dt.14:22-23']), (106, 5, ['Dt.14:22', 'Dt.15:20', 'Dt.12:17', 'Dt.14:22']), (106, 6, ['Dt.14:23', 'Dt.14:23']), (107, 1, ['Dt.14:24', 'Dt.14:24']), (107, 2, ['Dt.14:24']), (107, 3, ['Dt.14:24']), (107, 4, ['Dt.14:25']), (107, 5, ['Dt.14:25']), (107, 6, ['Dt.14:25']), (107, 7, ['Dt.14:26', 'Dt.14:25', 'Dt.14:25', 'Dt.14:25', 'Dt.14:25', 'Dt.14:25', 'Dt.14:26']), (107, 8, ['Dt.14:26']), (107, 9, ['Dt.14:26']), (107, 10, ['Dt.14:26']), (107, 11, ['Dt.14:26']), (107, 12, ['Dt.14:26']), (107, 13, ['Dt.14:26']), (107, 14, ['Dt.14:26']), (107, 15, ['Dt.14:26']), (107, 16, ['Dt.14:26', 'Dt.14:26', 'Dt.27:7', 'Dt.27:6-7', 'Dt.14:26']), (108, 1, ['Dt.14:27']), (108, 2, ['Dt.14:27']), (109, 1, ['Dt.14:28', 'Dt.26:12', 'Dt.26:12']), (109, 2, ['Dt.14:28', 'Dt.31:10', 'Dt.31:10', 'Dt.14:28']), (109, 3, ['Dt.15:1', 'Dt.15:1', 'Dt.14:28', 'Dt.26:12']), (109, 4, ['Dt.26:12']), (109, 5, ['Dt.26:12']), (109, 6, ['Dt.14:28']), (109, 7, ['Dt.14:28']), (109, 8, ['Dt.14:28', 'Dt.14:28']), (109, 9, ['Dt.14:28']), (109, 10, ['Dt.14:29']), (109, 11, ['Nu.18:21']), (109, 12, ['Dt.14:29']), (110, 1, ['Dt.14:29', 'Dt.24:17', 'Lv.19:10']), (110, 2, ['Dt.14:29']), (110, 3, ['Dt.14:29']), (110, 4, ['Dt.14:29'])]
  the spine rows with NO citation in either file: [(98, 4), (100, 3), (104, 6), (105, 2), (110, 5)]
  NO portion edge inside the chapter (Re'eh 11:26-16:17 holds it whole) — the heads by verse, and the verses of the chapter with no head: [2, 3, 4, 6, 11, 21, 22, 23, 24, 27, 28, 29] [1, 5, 7, 8, 9, 10, 12, 13, 14, 15, 16, 17, 18, 19, 20, 25, 26]
