==== A0. THE TWO DIVISIONS — the export's chapter 15 against the DB's
  DB verses 23 | export verses HE 23 EN 23 | per-chapter export lengths vs DB, chapters 1-15: [(5, 30, 33)]
  the alignment cost 20 | export verses mapped to MORE THAN ONE DB verse: {}
  the offset per export verse (DB minus export, the first DB verse of each): Counter({0: 23}) | the runs: [(1, 1, 1), (16, 16, 16), (17, 17, 17), (18, 18, 18), (19, 19, 19)]
  the shared export verse against its DB verses (tokens, negations): []
==== A. THE SHELF BY POSITION — the Sifrei on Deuteronomy around chapter 15
  piskaot 357 357 rows 2357 2357
  heads 108-130 (HE first citation | rows | EN first quote):
   108 head (14, 27) | HE rows  2 EN rows  2 | 'Now, the Levite within your gates—do not abandon him,for he '
   109 head (14, 28) | HE rows 12 EN rows 12 | 'At the end of three years, you shall bring out all the Tithe'
   110 head (14, 29) | HE rows  5 EN rows  5 | 'And the migrant, the fatherless, or the widow within your ga'
   111 head (15, 1) | HE rows 11 EN rows 11 | 'At the end of seven years you shall declare a Release-year'
   112 head (15, 2) | HE rows 11 EN rows 11 | 'Now, this is the procedure for the release:every creditor sh'
   113 head (15, 3) | HE rows  3 EN rows  3 | 'You may dun the foreigner'
   114 head (15, 4) | HE rows  3 EN rows  3 | 'Surely, there shall be no pauper among you'
   115 head (15, 5) | HE rows  2 EN rows  2 | 'Only if you listen closely (shamo`a tishm`a) to the voiceof '
   116 head (15, 6) | HE rows 18 EN rows 18 | 'For HASHEM your God will bless you as He promised you'
   117 head (15, 9) | HE rows  8 EN rows  8 | 'Take care'
   118 head (15, 11) | HE rows  7 EN rows  7 | 'For the pauper will never be gone from the midst of the Land'
   119 head (15, 13) | HE rows  5 EN rows  5 | 'And when you set him free from among you . . .provide him we'
   120 head (15, 15) | HE rows  2 EN rows  2 | 'Now, remember that you were a slave in the land of Egypt'
   121 head (15, 16) | HE rows  4 EN rows  4 | 'And should he say to you: I will not go free from you'
   122 head (15, 17) | HE rows  9 EN rows  9 | 'And you shall take the awl'
   123 head (15, 18) | HE rows  3 EN rows  3 | 'You shall not consider it a hardship when you set him free f'
   124 head (15, 19) | HE rows  6 EN rows  6 | 'Every male Firstling that is born of your herds and flockssh'
   125 head (15, 20) | HE rows  1 EN rows  1 | 'Before HASHEM your God shall you eat it year by year,'
   126 head (15, 21) | HE rows  6 EN rows  6 | 'Now, when he suffers a blemish'
   127 head (16, 1) | HE rows  8 EN rows  8 | 'Take care to observe the month of Aviv'
   128 head (16, 1) | HE rows  5 EN rows  5 | 'To celebrate the Passover (pesakh) for HASHEM your God'
   129 head (16, 2) | HE rows  7 EN rows  7 | 'And you shall slaughter the Paschal lamb'
   130 head (16, 3) | HE rows  7 EN rows  7 | 'You shall not eat leavened-food 424Heb: khametz.with it'
  heads whose chapter is 15 : [(111, (15, 1)), (112, (15, 2)), (113, (15, 3)), (114, (15, 4)), (115, (15, 5)), (116, (15, 6)), (117, (15, 9)), (118, (15, 11)), (119, (15, 13)), (120, (15, 15)), (121, (15, 16)), (122, (15, 17)), (123, (15, 18)), (124, (15, 19)), (125, (15, 20)), (126, (15, 21))] | heads by chapter 1-15: [(1, 24), (3, 4), (6, 6), (11, 21), (12, 20), (13, 14), (14, 14), (15, 16), (16, 19), (17, 16), (18, 16), (19, 10), (20, 14), (21, 17), (22, 22)]
  HE rows citing Deut 15 (the export's verse → the DB's): 28 [(71, 6, 22, [22]), (106, 5, 20, [20]), (111, 1, 1, [1]), (111, 8, 9, [9]), (111, 11, 2, [2]), (112, 1, 2, [2]), (113, 1, 3, [3]), (114, 1, 4, [4]), (114, 1, 11, [11]), (115, 1, 5, [5]), (116, 1, 6, [6]), (116, 4, 7, [7]), (116, 12, 8, [8]), (117, 1, 9, [9]), (117, 6, 10, [10]), (118, 1, 11, [11]), (118, 1, 4, [4]), (118, 4, 12, [12]), (120, 1, 15, [15]), (121, 1, 16, [16]), (122, 1, 17, [17]), (123, 1, 18, [18]), (124, 1, 19, [19]), (125, 1, 20, [20]), (126, 1, 21, [21]), (126, 2, 23, [23]), (279, 4, 9, [9]), (355, 9, 7, [7])]
  EN rows citing Deut 15 : 150 [(41, 3, 9, [9]), (71, 6, 22, [22]), (71, 7, 22, [22]), (71, 8, 22, [22]), (106, 5, 20, [20]), (109, 3, 1, [1]), (109, 3, 1, [1]), (111, 1, 1, [1]), (111, 1, 1, [1]), (111, 2, 1, [1]), (111, 3, 1, [1]), (111, 7, 1, [1]), (111, 7, 9, [9]), (111, 8, 9, [9]), (111, 9, 1, [1]), (111, 10, 1, [1]), (111, 11, 2, [2]), (112, 1, 2, [2]), (112, 1, 2, [2]), (112, 3, 2, [2]), (112, 5, 2, [2]), (112, 5, 2, [2]), (112, 6, 2, [2]), (112, 6, 2, [2]), (112, 7, 2, [2]), (112, 8, 2, [2]), (112, 9, 2, [2]), (112, 10, 2, [2]), (112, 11, 2, [2]), (113, 1, 3, [3]), (113, 2, 3, [3]), (113, 3, 3, [3]), (113, 3, 9, [9]), (114, 1, 4, [4]), (114, 1, 11, [11]), (114, 2, 4, [4]), (114, 3, 4, [4]), (115, 1, 5, [5]), (115, 2, 5, [5]), (116, 1, 6, [6]), (116, 2, 6, [6]), (116, 2, 6, [6]), (116, 3, 6, [6]), (116, 3, 6, [6]), (116, 4, 7, [7]), (116, 5, 7, [7]), (116, 6, 7, [7]), (116, 6, 7, [7]), (116, 7, 7, [7]), (116, 8, 7, [7]), (116, 9, 7, [7]), (116, 10, 8, [8]), (116, 11, 8, [8]), (116, 12, 8, [8]), (116, 13, 8, [8]), (116, 14, 8, [8]), (116, 15, 8, [8]), (116, 16, 8, [8]), (116, 18, 8, [8]), (117, 1, 9, [9]), (117, 2, 9, [9]), (117, 3, 9, [9]), (117, 3, 9, [9]), (117, 3, 9, [9]), (117, 4, 9, [9]), (117, 5, 9, [9]), (117, 5, 9, [9]), (117, 5, 9, [9]), (117, 6, 10, [10]), (117, 7, 10, [10]), (117, 8, 10, [10]), (117, 8, 10, [10]), (117, 8, 10, [10]), (118, 1, 11, [11]), (118, 1, 4, [4]), (118, 2, 11, [11]), (118, 3, 11, [11]), (118, 4, 12, [12]), (118, 4, 12, [12]), (118, 5, 12, [12]), (118, 6, 12, [12]), (119, 1, 13, [13]), (119, 1, 12, [12]), (119, 1, 13, [13]), (119, 2, 13, [13]), (119, 2, 14, [14]), (119, 3, 14, [14]), (119, 4, 14, [14]), (119, 4, 14, [14]), (119, 4, 14, [14]), (119, 5, 14, [14]), (119, 5, 14, [14]), (119, 5, 14, [14]), (120, 1, 15, [15]), (120, 2, 15, [15]), (121, 1, 16, [16]), (121, 3, 16, [16]), (121, 3, 16, [16]), (121, 3, 16, [16]), (121, 4, 16, [16]), (122, 1, 17, [17]), (122, 1, 17, [17]), (122, 1, 17, [17]), (122, 2, 17, [17]), (122, 3, 17, [17]), (122, 6, 17, [17]), (122, 7, 17, [17]), (122, 7, 17, [17]), (122, 8, 17, [17]), (122, 9, 17, [17]), (123, 1, 18, [18]), (123, 2, 18, [18]), (123, 2, 18, [18]), (123, 3, 18, [18]), (124, 1, 19, [19]), (124, 1, 19, [19]), (124, 1, 19, [19]), (124, 1, 19, [19]), (124, 2, 19, [19]), (124, 3, 19, [19]), (124, 3, 19, [19]), (124, 3, 19, [19]), (124, 3, 19, [19]), (124, 4, 19, [19]), (124, 4, 19, [19]), (124, 4, 19, [19]), (124, 5, 19, [19]), (124, 5, 19, [19]), (124, 5, 19, [19]), (124, 5, 19, [19]), (124, 6, 19, [19]), (125, 1, 20, [20]), (126, 1, 21, [21]), (126, 1, 21, [21]), (126, 1, 21, [21]), (126, 1, 21, [21]), (126, 1, 21, [21]), (126, 2, 23, [23]), (126, 3, 23, [23]), (126, 4, 23, [23]), (126, 5, 23, [23]), (126, 6, 23, [23]), (126, 6, 23, [23]), (126, 6, 23, [23]), (147, 3, 21, [21]), (147, 4, 21, [21]), (147, 4, 21, [21]), (279, 4, 9, [9]), (279, 4, 9, [9]), (355, 9, 7, [7])]
  EN "ibid 15:n" candidates: 0
  the union of rows (both files): 99 [(41, 3), (71, 6), (71, 7), (71, 8), (106, 5), (109, 3), (111, 1), (111, 2), (111, 3), (111, 7), (111, 8), (111, 9), (111, 10), (111, 11), (112, 1), (112, 3), (112, 5), (112, 6), (112, 7), (112, 8), (112, 9), (112, 10), (112, 11), (113, 1), (113, 2), (113, 3), (114, 1), (114, 2), (114, 3), (115, 1), (115, 2), (116, 1), (116, 2), (116, 3), (116, 4), (116, 5), (116, 6), (116, 7), (116, 8), (116, 9), (116, 10), (116, 11), (116, 12), (116, 13), (116, 14), (116, 15), (116, 16), (116, 18), (117, 1), (117, 2), (117, 3), (117, 4), (117, 5), (117, 6), (117, 7), (117, 8), (118, 1), (118, 2), (118, 3), (118, 4), (118, 5), (118, 6), (119, 1), (119, 2), (119, 3), (119, 4), (119, 5), (120, 1), (120, 2), (121, 1), (121, 3), (121, 4), (122, 1), (122, 2), (122, 3), (122, 6), (122, 7), (122, 8), (122, 9), (123, 1), (123, 2), (123, 3), (124, 1), (124, 2), (124, 3), (124, 4), (124, 5), (124, 6), (125, 1), (126, 1), (126, 2), (126, 3), (126, 4), (126, 5), (126, 6), (147, 3), (147, 4), (279, 4), (355, 9)]
  the rows OUTSIDE the spine piskaot (the union less the on-chapter piskaot 111 - 126 ): 10 [(41, 3), (71, 6), (71, 7), (71, 8), (106, 5), (109, 3), (147, 3), (147, 4), (279, 4), (355, 9)] | in-spine rows of the union: 89
  outside rows file bytes 15654
==== B. ONKELOS chapter 15 and the DB (the dump per DB verse; a shared export row printed at its first DB verse)
  the store's chapter 15 verses 23 | verses whose store token count differs from the DB: []
  token count chapter 15 : 354
  onkelos dump bytes 29204
==== C. THE PARSER on every verse of chapter 15
  15:1   N [7]                      O []             marked ['שנים*']
  15:7   N [1]                      O []             marked []
  15:9   N []                       O [7]            marked []
  15:12  N [6]                      O []             marked ['שנים*']
  15:18  N [6]                      O []             marked ['שנים*']
  number-word tokens present per verse (the bare check against the parser): {'15:1': ['שבע', 'שנים'], '15:7': ['מאחד', 'באחד'], '15:9': ['השבע'], '15:12': ['שש', 'שנים'], '15:18': ['שש', 'שנים']}
  15:1 tokens: ['מקץ', 'שבע', 'שנים*', 'תעשה', 'שמטה']
  15:7 tokens: ['כי', 'יהיה', 'בך', 'אביון', 'מאחד', 'אחיך', 'באחד', 'שעריך', 'בארצך', 'אשר', 'יהוה', 'אלהיך', 'נתן', 'לך', 'לא', 'תאמץ', 'את', 'לבבך', 'ולא', 'תקפץ', 'את', 'ידך', 'מאחיך', 'האביון']
  15:9 tokens: ['השמר', 'לך', 'פן', 'יהיה', 'דבר', 'עם', 'לבבך', 'בליעל', 'לאמר', 'קרבה', 'שנת', 'השבע', 'שנת', 'השמטה', 'ורעה', 'עינך', 'באחיך', 'האביון', 'ולא', 'תתן', 'לו', 'וקרא', 'עליך', 'אל', 'יהוה', 'והיה', 'בך', 'חטא']
  15:12 tokens: ['כי', 'ימכר', 'לך', 'אחיך', 'העברי', 'או', 'העבריה', 'ועבדך', 'שש', 'שנים*', 'ובשנה', 'השביעת', 'תשלחנו', 'חפשי', 'מעמך']
  15:18 tokens: ['לא', 'יקשה', 'בעינך', 'בשלחך', 'אתו', 'חפשי', 'מעמך', 'כי', 'משנה', 'שכר', 'שכיר', 'עבדך', 'שש', 'שנים*', 'וברכך', 'יהוה', 'אלהיך', 'בכל', 'אשר', 'תעשה']
  15:23 tokens: ['רק', 'את', 'דמו', 'לא', 'תאכל', 'על', 'הארץ', 'תשפכנו', 'כמים']
==== D. CASE TOKENS, FRAMES, REGISTER, NAMES
  case tokens (כי "when/for" / אם "if" / ואם / או "or" / פן "lest"): {'15:2': ['כי'], '15:4': ['כי', 'כי'], '15:5': ['אם'], '15:6': ['כי'], '15:7': ['כי'], '15:8': ['כי'], '15:9': ['פן'], '15:10': ['כי'], '15:11': ['כי'], '15:12': ['כי', 'או'], '15:15': ['כי'], '15:16': ['כי', 'כי', 'כי'], '15:18': ['כי'], '15:21': ['או']}
  divine frames (ויאמר/וידבר + יהוה): []
  לאמר "saying" seats: ['15:9', '15:11']
  narrative-form verbs (V.w) per verse: {15: ['ויפדך']}
  first-person verb forms (1cs / 1cp) per verse: {16: [('אצא', 'HVqi1cs')]}
  imperatives (Vq.v / Vp.v / Vh.v) per verse: {}
  prohibitions לא + imperfect (the ten's form) per verse: {2: [('יגש', 'HVqi3ms')], 4: [('יהיה', 'HVqi3ms')], 6: [('תעבט', 'HVqi2ms'), ('ימשלו', 'HVqi3mp')], 7: [('תאמץ', 'HVpi2ms'), ('תקפץ', 'HVqi2ms')], 9: [('תתן', 'HVqi2ms')], 10: [('ירע', 'HVqi3ms')], 11: [('יחדל', 'HVqi3ms')], 13: [('תשלחנו', 'HVpi2ms/Sp3ms')], 16: [('אצא', 'HVqi1cs')], 18: [('יקשה', 'HVqi3ms')], 19: [('תעבד', 'HVqi2ms'), ('תגז', 'HVqi2ms')], 21: [('תזבחנו', 'HVqi2ms/Sp3ms')], 23: [('תאכל', 'HVqi2ms')]}
  name tokens (Np): {2: ['ליהוה'], 4: ['יהוה', 'יהוה'], 5: ['יהוה'], 6: ['יהוה'], 7: ['יהוה'], 9: ['יהוה'], 10: ['יהוה'], 14: ['יהוה'], 15: ['מצרים', 'יהוה'], 18: ['יהוה'], 19: ['ליהוה'], 20: ['יהוה', 'יהוה'], 21: ['ליהוה']}
  second-person plural vs singular (2mp / 2ms tokens per verse): {1: (0, 1), 2: (0, 0), 3: (0, 4), 4: (0, 4), 5: (0, 3), 6: (0, 7), 7: (0, 10), 8: (0, 3), 9: (0, 8), 10: (0, 7), 11: (0, 7), 12: (0, 4), 13: (0, 2), 14: (0, 7), 15: (0, 5), 16: (0, 3), 17: (0, 5), 18: (0, 6), 19: (0, 8), 20: (0, 4), 21: (0, 2), 22: (0, 2), 23: (0, 2)}
==== E. THE REGISTER GATE on Deut 15
  dispositions naming Deut 15: []
  REGISTER_INDEX lines on Deut 15:
==== F. THE PRIOR READS
  ledgers with an Onkelos Deut 15 row: []
  prior Sifrei Devarim rows anywhere (strict form), those among the outside rows: [('deu_11_ekev_reeh_2026-09-20.md', 41, 3), ('deu_12_reeh_2026-09-20.md', 71, 6), ('deu_12_reeh_2026-09-20.md', 71, 7), ('deu_12_reeh_2026-09-20.md', 71, 8), ('deu_12_reeh_2026-09-20.md', 106, 5), ('deu_13_reeh_2026-09-21.md', 117, 3), ('deu_14_reeh_2026-09-21.md', 106, 5), ('deu_14_reeh_2026-09-21.md', 109, 3), ('gen_09_helper_woman_first_speech_2026-08-24.md', 116, 18)] | all prior rows count 884
  ledgers NAMING a verse of Deut 15: 12
    ('erection_docket_2026-09-06.md', 1, ['Deut 15:13'])
    ('gen_09_helper_woman_first_speech_2026-08-24.md', 1, ['Deut 15:8'])
    ('holiness_b_topic_docket_2026-09-06.md', 1, ['Deut 15:19'])
    ('lev_25_shemittah_yovel_2026-09-05.md', 1, ['Deut 15:2'])
    ('lev_25_slave_jubilee_2026-09-05.md', 1, ['Deut 15:12'])
    ('lev_27_valuations_2026-09-05.md', 1, ['Deut 15:19'])
    ('num_16_18_korach_exam_2026-09-10.md', 1, ['Deut 15:20'])
    ('num_18_priest_levite_dues_2026-09-10.md', 2, ['Deut 15:18', 'Deut 15:20'])
    ('num_28_daily_shabbat_rosh_2026-09-11.md', 2, ['Deuteronomy 15:18'])
    ('num_30_vows_exam_2026-09-12.md', 2, ['Deut 15:10', 'Deut 15:19'])
    ('priesthood_topic_docket_2026-09-06.md', 1, ['Deut 15:21'])
    ('sheviit_topic_docket_2026-09-05.md', 2, ['Deut 15:2', 'Deut 15:9'])
  ledgers with an Onkelos Exod 21 / Exod 22 / Exod 23 row (the kin's reading — the Hebrew slave 21:2-11 for 15:12-18, the lender and the pledge 22:24-26 for 15:7-11, the seventh year 23:10-11 for 15:1-11, the firstborn of the ox and the sheep 22:29 for 15:19) or a Lev 25 row (the sabbatical year 25:1-7, the poor brother 25:35-38, the sold brother 25:39-55 for 15:1-18): ['exo_22_property_social_2026-09-01.md', 'exo_23_escort_land_2026-09-01.md', 'exo_23_justice_calendar_2026-09-01.md', 'lev_25_redemption_2026-09-05.md', 'lev_25_shemittah_yovel_2026-09-05.md', 'lev_25_slave_jubilee_2026-09-05.md', 'ordinances_topic_docket_2026-09-06.md'] | ledgers with an Onkelos Exod 13 / Exod 34 / Num 18 / Lev 27 / Lev 22 row (the firstling 13:2, 13:11-16, 34:19-20, Numbers 18:15-18, Leviticus 27:26; the blemish 22:17-25 and the seven days 22:27 for 15:19-23): ['erection_docket_2026-09-06.md', 'exo_34_second_tablets_2026-09-01.md', 'lev_22_holy_food_offerings_2026-09-05.md', 'lev_27_valuations_2026-09-05.md', 'num_18_priest_levite_dues_2026-09-10.md'] | ledgers with an Onkelos Deut 5 / Deut 12 / Deut 14 row (the slave remembered 5:15 for 15:15; the firstlings at the place 12:6, 12:17-18, the gazelle and the hart and the blood poured 12:15-16, 12:22-24 for 15:20-23; the poor at the gate 14:28-29 for 15:7-11): ['deu_05_vaetchanan_2026-09-16.md', 'deu_12_reeh_2026-09-20.md', 'deu_14_reeh_2026-09-21.md'] | ledgers with an Onkelos Gen 4 row (Abel's firstlings 4:4 for 15:19): []
==== G. THE DRAFTS
  deu_14_food_tithe: refs 14:1-29; steps (14, 1)..(14, 29) n=29; draft False; operators True; depends_on ['    - "deu_13_seducers"\n    - "lev_11_animals_water_birds"\n']; scenarios 36; binary_trees True; step E True; comment lines 34
  deu_15_release_firstborn: refs 15:1-23; steps (15, 1)..(15, 23) n=23; draft True; operators False; depends_on ['    - "deu_14_food_tithe"\n    - "lev_25_shemittah"\n    - "exo_21_slave_person"\n']; scenarios 30; binary_trees True; step E False; comment lines 27
    the step verses: [1, 2, 3, 4, 5, 6, 7, 8, 9, 10, 11, 12, 13, 14, 15, 16, 17, 18, 19, 20, 21, 22, 23] | covers DB 23 ? True
  the units' claim prefixes present anywhere? {'DV15': 0, 'DV15A': 0, 'DV15B': 0, 'DV14': 2, 'DV16': 0}
  existing manifests deu_15*: [] | ledgers deu_*: ['deu_01_03_devarim_2026-09-15.md', 'deu_01_03_devarim_exam_2026-09-15.md', 'deu_04_vaetchanan_2026-09-16.md', 'deu_04_vaetchanan_exam_2026-09-16.md', 'deu_05_vaetchanan_2026-09-16.md', 'deu_05_vaetchanan_exam_2026-09-16.md', 'deu_06_vaetchanan_2026-09-17.md', 'deu_06_vaetchanan_exam_2026-09-17.md', 'deu_07_vaetchanan_ekev_2026-09-17.md', 'deu_07_vaetchanan_ekev_exam_2026-09-18.md', 'deu_08_ekev_2026-09-18.md', 'deu_08_ekev_exam_2026-09-19.md', 'deu_09_ekev_2026-09-19.md', 'deu_09_ekev_exam_2026-09-19.md', 'deu_10_ekev_2026-09-19.md', 'deu_10_ekev_exam_2026-09-20.md', 'deu_11_ekev_reeh_2026-09-20.md', 'deu_11_ekev_reeh_exam_2026-09-20.md', 'deu_12_reeh_2026-09-20.md', 'deu_12_reeh_exam_2026-09-20.md', 'deu_13_reeh_2026-09-21.md', 'deu_13_reeh_exam_2026-09-21.md', 'deu_14_reeh_2026-09-21.md', 'deu_14_reeh_exam_2026-09-21.md']
  unit count and standing (CORPUS_TRUTH literals): []
==== H. THE STORE'S GLOSSES on chapter 15
  gloss Counter (the 50 commonest): [('that', 14), ('not', 12), ('YHWH', 12), ('God-you/your', 11), ('obj-marker·et', 10), ('which', 9), ('to-you/your', 8), ('to-him/its', 8), ('years', 6), ('be', 6), ('set', 6), ('hand-you/your', 5), ('all', 4), ('bless-you/your', 4), ('and-not', 4), ('open-wide', 4), ('from-with-you/your', 4), ('make', 3), ('to-YHWH', 3), ('brother-you/your', 3), ('in-you/your', 3), ('destitute', 3), ('the-this', 3), ('?', 3), ('command-you/your', 3), ('heart-you/your', 3), ('and-be', 3), ('over', 3), ('so', 3), ('send-him/its', 3), ('exempt', 3), ('remission', 2), ('word/thing', 2), ('the-remission', 2), ('fling-down', 2), ('drive', 2), ('and-obj-marker·et', 2), ('with', 2), ('in-earth', 2), ('leanness', 2), ('hear', 2), ('the-day', 2), ('and-pawn', 2), ('many/great', 2), ('in-earth-you/your', 2), ('the-destitute', 2), ('to-say', 2), ('the-word/thing', 2), ('in-all', 2), ('the-earth', 2)]
  gloss file bytes 10883
  overrides already for Deut.15: [] | by_ref last Deut.14 line: ['  "Deut.14.29:23": "you-do"   # תעשה']
==== I. THE SPINE ON THE CHAPTER — the Sifrei piskaot whose head is in chapter 15 (the spine on the chapter a seventh time), whole
  SPINE (computed from the heads): [111, 112, 113, 114, 115, 116, 117, 118, 119, 120, 121, 122, 123, 124, 125, 126] | contiguous? True | the heads by verse: [(111, 1), (112, 2), (113, 3), (114, 4), (115, 5), (116, 6), (117, 9), (118, 11), (119, 13), (120, 15), (121, 16), (122, 17), (123, 18), (124, 19), (125, 20), (126, 21)] | the heads before and after: {110: (14, 29), 127: (16, 1)}
  rows per piska (HE, EN): {111: (11, 11), 112: (11, 11), 113: (3, 3), 114: (3, 3), 115: (2, 2), 116: (18, 18), 117: (8, 8), 118: (7, 7), 119: (5, 5), 120: (2, 2), 121: (4, 4), 122: (9, 9), 123: (3, 3), 124: (6, 6), 125: (1, 1), 126: (6, 6)} | total HE rows 99 | HE == EN everywhere? True
  spine file bytes 92948 | bytes per piska HE+EN: {111: 7007, 112: 4498, 113: 1865, 114: 1075, 115: 852, 116: 5768, 117: 5645, 118: 6031, 119: 4193, 120: 1604, 121: 3103, 122: 6454, 123: 1316, 124: 13292, 125: 428, 126: 5428}
  prior reads among the spine rows (any ledger): [('deu_13_reeh_2026-09-21.md', 117, 3), ('gen_09_helper_woman_first_speech_2026-08-24.md', 116, 18)]
  the spine rows citing a verse of chapter 15 in the Hebrew (p, r, the export verses): [(111, 1, [1]), (111, 8, [9]), (111, 11, [2]), (112, 1, [2]), (113, 1, [3]), (114, 1, [4, 11]), (115, 1, [5]), (116, 1, [6]), (116, 4, [7]), (116, 12, [8]), (117, 1, [9]), (117, 6, [10]), (118, 1, [4, 11]), (118, 4, [12]), (120, 1, [15]), (121, 1, [16]), (122, 1, [17]), (123, 1, [18]), (124, 1, [19]), (125, 1, [20]), (126, 1, [21]), (126, 2, [23])]
  the spine rows' own Hebrew citations (book, chapter, verse) by row: [(111, 1, [('דברים', 15, 1), ('דברים', 31, 10)]), (111, 8, [('דברים', 15, 9)]), (111, 11, [('דברים', 15, 2)]), (112, 1, [('דברים', 15, 2)]), (112, 4, [('ויקרא', 25, 13)]), (113, 1, [('דברים', 15, 3)]), (114, 1, [('דברים', 15, 4), ('דברים', 15, 11)]), (115, 1, [('דברים', 15, 5)]), (116, 1, [('דברים', 15, 6), ('דברים', 28, 3)]), (116, 3, [('שופטים', 1, 7)]), (116, 4, [('דברים', 15, 7)]), (116, 12, [('דברים', 15, 8)]), (116, 18, [('בראשית', 2, 18)]), (117, 1, [('דברים', 15, 9)]), (117, 3, [('דברים', 13, 14)]), (117, 5, [('דברים', 24, 15)]), (117, 6, [('דברים', 15, 10)]), (118, 1, [('דברים', 15, 11), ('דברים', 15, 4)]), (118, 4, [('דברים', 15, 12), ('שמות', 21, 2), ('ויקרא', 25, 39)]), (118, 6, [('שמות', 21, 2)]), (118, 7, [('שמות', 21, 2)]), (120, 1, [('דברים', 15, 15), ('תהלים', 68, 14)]), (121, 1, [('דברים', 15, 16), ('שמות', 21, 5)]), (121, 2, [('שמות', 21, 5)]), (121, 3, [('שמות', 21, 5)]), (122, 1, [('דברים', 15, 17), ('ויקרא', 17, 13), ('דברים', 24, 1), ('שמות', 21, 6)]), (122, 3, [('שמות', 21, 6)]), (122, 6, [('ויקרא', 14, 14)]), (122, 8, [('שמות', 21, 6)]), (122, 9, [('שמות', 21, 5)]), (123, 1, [('דברים', 15, 18)]), (124, 1, [('דברים', 15, 19)]), (124, 4, [('ויקרא', 27, 26)]), (125, 1, [('דברים', 15, 20)]), (126, 1, [('דברים', 15, 21)]), (126, 2, [('דברים', 15, 23)])]
  the spine rows' English citations by row: [(111, 1, ['Dt.15:1', 'Dt.15:1', 'Dt.31:10']), (111, 2, ['Dt.15:1-2']), (111, 3, ['Dt.15:1']), (111, 5, ['Lv.25:40']), (111, 7, ['Dt.15:1', 'Dt.15:9']), (111, 8, ['Dt.15:9']), (111, 9, ['Dt.15:1-2']), (111, 10, ['Dt.15:1-2']), (111, 11, ['Dt.15:2']), (112, 1, ['Dt.15:2', 'Dt.15:2']), (112, 3, ['Lv.25:40', 'Dt.15:2']), (112, 4, ['Lv.25:40', 'Lv.25:13']), (112, 5, ['Dt.15:2', 'Dt.15:2']), (112, 6, ['Dt.15:2', 'Dt.15:2']), (112, 7, ['Dt.15:2']), (112, 8, ['Dt.15:2']), (112, 9, ['Dt.15:2']), (112, 10, ['Dt.15:2']), (112, 11, ['Dt.15:2']), (113, 1, ['Dt.15:3']), (113, 2, ['Dt.15:3']), (113, 3, ['Dt.15:3', 'Dt.15:9']), (114, 1, ['Dt.15:4', 'Dt.15:11']), (114, 2, ['Dt.15:4']), (114, 3, ['Dt.15:4']), (115, 1, ['Dt.15:5']), (115, 2, ['Dt.15:5']), (116, 1, ['Dt.15:6', 'Dt.28:3']), (116, 2, ['Dt.15:6', 'Dt.15:6']), (116, 3, ['Dt.15:6', 'Jud.1:7', 'Dt.15:6']), (116, 4, ['Dt.15:7']), (116, 5, ['Dt.15:7']), (116, 6, ['Dt.15:7', 'Dt.15:7']), (116, 7, ['Dt.15:7']), (116, 8, ['Dt.15:7']), (116, 9, ['Dt.15:7']), (116, 10, ['Dt.15:8']), (116, 11, ['Dt.15:8']), (116, 12, ['Dt.15:8']), (116, 13, ['Dt.15:8']), (116, 14, ['Dt.15:8']), (116, 15, ['Dt.15:8']), (116, 16, ['Dt.15:8']), (116, 18, ['Dt.15:8', 'Gn.2:18']), (117, 1, ['Dt.15:9']), (117, 2, ['Dt.15:9']), (117, 3, ['Dt.15:9', 'Dt.15:9', 'Dt.13:4', 'Dt.13:4', 'Dt.15:9']), (117, 4, ['Dt.15:9']), (117, 5, ['Dt.15:9', 'Dt.15:9', 'Dt.24:15', 'Dt.24:15', 'Dt.15:9']), (117, 6, ['Dt.15:10']), (117, 7, ['Dt.15:10']), (117, 8, ['Dt.15:10', 'Dt.15:10', 'Dt.15:10']), (118, 1, ['Dt.15:11', 'Dt.15:4']), (118, 2, ['Dt.15:11']), (118, 3, ['Dt.15:11']), (118, 4, ['Dt.15:12', 'Ex.21:2', 'Lv.25:39', 'Dt.15:12']), (118, 5, ['Dt.15:12']), (118, 6, ['Dt.15:12', 'Ex.21:2']), (118, 7, ['Ex.21:2', 'Ex.21:2']), (119, 1, ['Dt.15:13-14', 'Dt.15:12', 'Dt.15:13']), (119, 2, ['Dt.15:13', 'Dt.15:14']), (119, 3, ['Dt.15:14']), (119, 4, ['Dt.15:14', 'Dt.15:14', 'Dt.15:14']), (119, 5, ['Dt.15:14', 'Dt.15:14', 'Dt.15:14']), (120, 1, ['Dt.15:15', 'Ps.68:14', 'Ps.68:14', 'Song 1:11', 'Song1:11']), (120, 2, ['Dt.15:15']), (121, 1, ['Dt.15:16', 'Ex.21:5']), (121, 2, ['Ex.21:5', 'Dt.21:5']), (121, 3, ['Dt.15:16', 'Ex.21:5', 'Dt.15:16', 'Dt.15:16']), (121, 4, ['Dt.15:16']), (122, 1, ['Dt.15:17', 'Dt.15:17', 'Dt.15:17', 'Lv.17:12', 'Dt.24:1', 'Ex.21:6', 'Ex.21:6']), (122, 2, ['Dt.15:17']), (122, 3, ['Dt.15:17']), (122, 4, ['Ex.21:6']), (122, 6, ['Dt.15:17', 'Lv.14:14']), (122, 7, ['Dt.15:17', 'Dt.15:17']), (122, 8, ['Dt.15:17', 'Ex.21:6']), (122, 9, ['Dt.15:17', 'Ex.21:5']), (123, 1, ['Dt.15:18']), (123, 2, ['Dt.15:18', 'Dt.15:18']), (123, 3, ['Dt.15:18']), (124, 1, ['Dt.15:19-20', 'Dt.15:19', 'Dt.15:19', 'Dt.15:19']), (124, 2, ['Dt.15:19']), (124, 3, ['Dt.15:19', 'Dt.15:19', 'Dt.15:19', 'Dt.15:19']), (124, 4, ['Dt.15:19', 'Dt.15:19', 'Lv.27:26', 'Lv.27:26', 'Dt.15:19']), (124, 5, ['Dt.15:19', 'Dt.15:19', 'Dt.15:19', 'Dt.15:19', 'Ex.13:13']), (124, 6, ['Dt.15:19']), (125, 1, ['Dt.15:20']), (126, 1, ['Dt.15:21', 'Dt.15:21', 'Dt.15:21', 'Dt.15:21', 'Dt.15:21']), (126, 2, ['Dt.15:23']), (126, 3, ['Dt.15:23']), (126, 4, ['Dt.15:23']), (126, 5, ['Dt.15:23']), (126, 6, ['Dt.15:23', 'Dt.15:23', 'Dt.15:23'])]
  the spine rows with NO citation in either file: [(111, 4), (111, 6), (112, 2), (116, 17), (122, 5)]
  NO portion edge inside the chapter (Re'eh 11:26-16:17 holds it whole) — the heads by verse, and the verses of the chapter with no head: [1, 2, 3, 4, 5, 6, 9, 11, 13, 15, 16, 17, 18, 19, 20, 21] [7, 8, 10, 12, 14, 22, 23]
