=== chain 20:53:26
exit 0 TEXT LAYER GREEN: 23 steps, 7 scenarios — deu_15_release_firstborn
=== ritual deu_15_release_firstborn 20:53:27
exit 0 Manual next: watchlist (logic/middot_scan/), state-doc update, owner commit word.
ALL_DONE
verify_text: TEXT LAYER GREEN: 23 steps, 7 scenarios — deu_15_release_firstborn
=== fold 20:54:20
=== CHECK AFTER THE BAKE
CORPUS TRUTH GREEN — one world, 229 units, 1809 facts, 341 demands (191 open), hash 8b8fff1fa28953af
27:assert len(W["units"]) == 229
32:assert len(W["standing"]) == 2259
37:assert corpus_world._state_hash(W) == '8b8fff1fa28953af'
=== build_world 20:55:51
exit 0 |   ALL GREEN — the one database agrees with the fold
=== journal_gate 20:56:51
exit 0 | GATE GREEN — the replay is the audit, the running world is the instrument
=== register_gate 21:01:46
exit 0 | THE REGISTER GATE: GREEN
=== large_letter 21:01:49
exit 0 | 6/6
=== home_gate 21:01:49
exit 0 | THE HOME-PATH GATE: GREEN — 0 tracked text files carry a username or a home path
ALL GREEN 21:01:52
