  TOTAL submits 2852; HISTORY 1319; case rows 1491; statute 36; act/speech-on-tractate 6
recording: 3286 records written
  food_tithe         worlds 2  total  76  HISTORY   0  case  71  statute  5  act/speech-on-tractate   0  unregistered 0
  release_firstborn  worlds 2  total  86  HISTORY   0  case  82  statute  4  act/speech-on-tractate   0  unregistered 0
PLACEMENT LITERAL: {'markers': {'text_constrained': 108, 'reading_placed': 49}, 'events': {'text_constrained': 110, 'page_order': 1168, 'reading_placed': 58}}
tape written into /Users/Shared/TorahSim/World/step9/cold_run_sequence.py: 1716 lines
  CENSUS tuple (scanned, history, on tape, case, source-off, register-off, deduped, re-based, closes, markers, F, P, R, kinds, subjects): (2520, 1319, 1336, 1185, 6, 10, 9, 0, 71, 172, 131, 15, 26, 881, 272)
patched: import, DAEMON_ORDER, RUN (writes +15 read), PREVIOUS_RUN (no declared delta), NEWEST_RUNNER, PLACEMENT (read {'markers': {'text_constrained': 108, 'reading_placed': 49}, 'events': {'text_con
tape rc 1
  CHECKPOINT C1 the flood 150 days (7:24, 8:3) vs 7:11->8:4 [OPEN-4] DIVERGE
  CHECKPOINT C3a 430 years in Egypt (Exod 12:40) vs exodus-descent [OPEN-3] DIVERGE
  CHECKPOINT C3d-85 THE JOIN: the covenant placed at Abraham's 85 (bereshit_rabbah_46_2) + Exod 12:40's 430 against the exodus marker, creation year 2449 DIVERGE
  CHECKPOINT C3c-literal the descent-literal setting against the bound DIVERGE  within [0, 350]
  CHECKPOINT C4 Shem 100 at Arpachshad, 2 years after the flood (11:10) vs 5:32 DIVERGE
  CHECKPOINT C10 Methuselah 7 days before the flood (Sanhedrin 108b:5) DIVERGE
  CHECKPOINT CS0 the ark = born + 3 months (2:2) vs the sixth of Sivan (Sotah 12b:16-17) DIVERGE
  CHECKPOINT CS1 the exodus day's weekday by the creation count vs Shabbat 87b:2 (Thursday = 5) DIVERGE
  CHECKPOINT CS4 the manna's first morning (16 Iyar) a Sunday by the shelf (Shabbat 87b:5) vs the creation count DIVERGE
  CHECKPOINT CD8 the Sifrei's THIRTEEN utterances "to Moses and to Aaron" (58:1 — thirteen exclusions of Aaron read at 7:89) against the frame census of the LORD speaking to Moses and to Aaron, Exodus-Numbers (computed; 
  CHECKPOINT CE3 the month of flesh (11:20) FIRED against the Hazeroth marker (2, 3, 22) — the machine's thirty days from the twenty-third against the tradition's inclusive count with a full Iyar (Taanit 29a:3-5): DIVERG
  CHECKPOINT CE8 the LORD going down: the Sifrei's "ten descents are written" (93:1) against the ink's ELEVEN tokens (sitting 3's measurement, the row descents) — DIVERGE expected, OPEN DIVERGE
  CHECKPOINT CF2 the forty days' timer (13:3-25) FIRED against the return marker (2, 5, 9) — the machine's forty from the twenty-ninth against the baraita's Ninth of Av (Taanit 29a:5): DIVERGE by one expected, the inclus
  CHECKPOINT CF6 the ink's "these ten times" (14:22; Pirkei Avot 5:4) against the ledger's tested_the_lord count on Israel at the decree — the exodus story's six murmurings and this sitting's tenth; the calf and the quai
  CHECKPOINT CK4 KORACH'S DEATH-MODE — 26:10 adds "and Korach" among the swallowed (declared True) against 16:32's "every person who belonged to Korach" (Korach named there: False — the name קרח, "Korach", absent from th
  CHECKPOINT CM5 MIRIAM'S DAY — the tape's buried on the arrival's day (40, 1, 1) against the shelf's tenth of Nisan (Seder Olam Rabbah 10:2; the row miriam_death_day): DIVERGE by nine days expected, OPEN — the ink gives
  CHECKPOINT CP8 JOCHEBED'S ROW — the named row "born to Levi in Egypt" as of Num 26:57-62 (26:59's subjectless "bore her"); the Joseph runner's seventy cell by CALL names her the missing one; CJ3b's verdict DIVERGE unch
  CHECKPOINT CA8 THE COMMISSION AND THE PLEA — invested_office on yehoshua ONE (27:22-23) with the commission debit on Moses ONE CLOSED (closed_by beginning "Num 27:22"); see_the_land_from_abarim on Moses ONE OPEN; plea_
  CHECKPOINT CU5 THE KIN STANDS — on israel_people manna_provided ONE, water_from_the_rock TWO, serpents_sent ONE UNMOVED (the readback references, no second write); shema_commanded ONE and test_barred ONE UNMOVED; other
  CHECKPOINT DG1 THE LINES — four events on the tape AFTER the tape's last Deuteronomy 14 line, in the ink's order (release_law_declared 15:1-6, hand_opening_commanded 15:7-11, hebrew_slave_law_declared 15:12-18, firstli
  CHECKPOINT DG2 THE WRITES — debt_release_owed ONE (source beginning "Deut 15:1"), exaction_barred ONE ("Deut 15:1"), hand_opening_commanded ONE ("Deut 15:7"), hand_shutting_barred ONE ("Deut 15:7"), base_thought_barred
  CHECKPOINT DG3 THE READBACK — THE FORMS ON FILE, NO NEW FORM: the_readback's rows TWENTY-THREE, one per verse (the census from the runner's print: TURNED 2, SUPPLIED 11, VARIANT 2, VERBATIM 3, SHORTENED 1, DISAGREES 2,
  CHECKPOINT DG4 THE HOLES — the effects naming the debts' release, the exaction, the hand opened or shut, the base thought, the work of the hand, the furnishing, the empty sending, the firstling's sanctification or its 
  CHECKPOINT DG5 THE KIN STAND — interest_barred, land_release, sabbath_debt, jubilee_release, goes_out_in_the_jubilee, consecrated_firstborn NONE anywhere on the tape's world (the jubilee and the firstling engines write
checkpoint_check: 316 rows, 19 miss, 0 raised — the tape stepped to its end in 24s
