guard: 91 expectations checked, every one a literal from the answer sheet [honest-pairing guard satisfied]

THE CALENDAR COMPILES — the clock chapter's own span, with the first LAND-entity timer and the standing appearance duty on Heaven's docket.

THE CONSECRATION, SUBSTITUTION, AND DEVOTION MACHINE COMPILES — the two substitution verbs, "beast for beast," "it and its substitute" at the vow and the tithe, the fifth censused five times, the partitive "from all that he has," the ordinal tenth under the rod; three calls into sister engines: the Jubilee engine's tithe naming and the Passover engine's firstling donkey.
THE INK (printed before it is asserted): PARSED {(15, 1): [7], (15, 7): [1], (15, 12): [6], (15, 18): [6]}, ORDS {9: [7]}, MARKS {1: ['שנים*'], 12: ['שנים*'], 18: ['שנים*']}, TOKN 354, LETN 1294, KINNUM {('Exod', 21, 2): [6], ('Exod', 23, 10): [6], ('Lev', 25, 3): [6, 6], ('Lev', 25, 8): [7, 7, 7, 7, 49], ('Deut', 31, 10): [7], ('Jer', 34, 14): [7, 6], ('Exod', 22, 29): [7], ('Lev', 22, 27): [7], ('Deut', 14, 28): [3], ('Deut', 16, 9): [7, 7]}, STARRED [(9, 15, 'ושני^'), (10, 3, 'ושני^'), (14, 28, 'שנים*'), (15, 1, 'שנים*'), (15, 12, 'שנים*'), (15, 18, 'שנים*'), (31, 10, 'שנים*')]
  PRINT the exaction verb by tokens (the lemma table collides at 5065): ['1Kgs 20:13', '1Sam 13:6', '1Sam 14:24', '2Kgs 23:35', 'Deut 15:2', 'Deut 15:3', 'Exod 20:21', 'Exod 24:14', 'Gen 33:7', 'Isa 14:4', 'Isa 29:13', 'Isa 50:8', 'Isa 53:7', 'Isa 65:5', 'Job 3:18', 'Job 40:19', 'Lev 21:21', 'Lev 21:23', 'Ps 91:7', 'Zech 9:8']
  PRINT "howbeit" (the lemma table has no 657 in the Torah): ['2Sam 12:14', 'Amos 6:10', 'Amos 9:8', 'Deut 15:4', 'Gen 47:15', 'Gen 47:16', 'Isa 16:4', 'Isa 29:20', 'Isa 34:12', 'Isa 41:29', 'Isa 45:14', 'Isa 45:6', 'Isa 54:15', 'Isa 5:8', 'Judg 4:9', 'Num 13:28', 'Num 23:13'] | "cease" in the book: [('Deut 15:11', 'יחדל'), ('Deut 23:23', 'תחדל')]
  PRINT "free" every seat in the Bible (the count): 17 [('1Sam 17:25', 'חפשי'), ('Deut 15:12', 'חפשי'), ('Deut 15:13', 'חפשי'), ('Deut 15:18', 'חפשי'), ('Exod 21:2', 'לחפשי'), ('Exod 21:5', 'חפשי'), ('Exod 21:26', 'לחפשי'), ('Exod 21:27', 'לחפשי'), ('Isa 58:6', 'חפשים'), ('Jer 34:9', 'חפשים'), ('Jer 34:10', 'חפשים'), ('Jer 34:11', 'חפשים'), ('Jer 34:14', 'חפשי'), ('Jer 34:16', 'חפשים'), ('Job 3:19', 'חפשי'), ('Job 39:5', 'חפשי'), ('Ps 88:6', 'חפשי')]
  PRINT "shear" every seat in the Bible: ['1Sam 25:2', '1Sam 25:4', '1Sam 25:7', '1Sam 25:11', '2Sam 13:23', '2Sam 13:24', 'Deut 15:19', 'Gen 31:19', 'Gen 38:12', 'Gen 38:13', 'Isa 53:7', 'Jer 7:29', 'Job 1:20', 'Mic 1:16', 'Nah 1:12']
THE CLOCK (printed before it is asserted): {'counter': (40, 11, 1), 'release_keys': ['the_end', 'the_onset', 'the_territory', 'the_year'], 'firstlings_year_keys': ['its_own_year', 'the_blemished', 'the_exiles_arm', 'the_tending_term', 'the_two_day_edge'], 'the_release_on_the_bare_world': 'no count', 'the_firstlings_year_days': 354, 'the_two_day_edge': True, 'no_marker': True}
THE DB'S OWN SEATS (printed before they are asserted): INF_ABS [(2, 'שמוט'), (4, 'ברך'), (5, 'שמוע'), (8, 'פתח'), (8, 'והעבט'), (10, 'נתון'), (11, 'פתח'), (14, 'העניק')]; seven years ['Deut 15:1', 'Deut 31:10', 'Jer 34:14']; the release noun 5; needy 9; the pledge verb 6; remember-a-slave ['Deut 15:15', 'Deut 16:12', 'Deut 24:18', 'Deut 24:22', 'Deut 5:15']; the awl [('Deut 15:17', 'המרצע'), ('Exod 21:6', 'במרצע')]; six years ['Deut 15:12', 'Deut 15:18', 'Exod 21:2', 'Lev 25:3']; for ever ['Deut 15:17']; year by year 11; the place formula 11; unclean-clean ['Deut 12:15', 'Deut 12:22', 'Deut 15:22']; as water ['Deut 12:16', 'Deut 12:24', 'Deut 15:23']; spoke-to-you ['Deut 12:20', 'Deut 15:6', 'Deut 26:18', 'Deut 29:12']; base [('Deut 13:14', 'בליעל'), ('Deut 15:9', 'בליעל')]; sin-in-you ['Deut 15:9', 'Deut 23:22', 'Deut 24:15']; TWIN {'15:12 vs Exod 21:2': 3, '15:12 vs Jer 34:14': 7, '15:16 vs Exod 21:5': 3, '15:17 vs Exod 21:6': 1, '15:15 vs 5:15': 11, '15:15 vs 24:18': 14, '15:5 vs 28:1': 14, '15:6 vs 28:12': 6, '15:9 vs 24:15': 7, '15:10 vs 14:29': 6, '15:21 vs 17:1': 6, '15:22 vs 12:15': 4, '15:22 vs 12:22': 4, '15:23 vs 12:16': 6, '15:23 vs 12:24': 5, '15:4 vs 15:11': 3, '15:1 vs 31:10': 3, '15:20 vs 12:18': 9}
THE CALLEES (printed before they are asserted): the Belial ask in the city cell ['belial_and_naboth'] -> Belial and Naboth (13:14) — the Torah's two seats (13:14, 15:9); the one who turns his eye; the release on the bare world no count; the firstling's year 354 days; MP F1 ['slave-release: FREE-YEAR-7', 'slave-release: DEDUCT', 'slave-release: FREE-AT-JUBILEE']; M2 slave_maimed True
THE READBACK (the census, printed before it is asserted): rows 23, grades {'TURNED': 2, 'SUPPLIED': 11, 'VARIANT': 2, 'VERBATIM': 3, 'SHORTENED': 1, 'DISAGREES': 2, 'EXPANDED': 2}, on the tape 11, by CALL 23, SUPPLIED ['Deut 15:3', 'Deut 15:4', 'Deut 15:6', 'Deut 15:7', 'Deut 15:8', 'Deut 15:9', 'Deut 15:10', 'Deut 15:11', 'Deut 15:13', 'Deut 15:14', 'Deut 15:18'], writes [('Deut 15:1', 'debt_release_owed'), ('Deut 15:2', 'exaction_barred'), ('Deut 15:7', 'hand_shutting_barred'), ('Deut 15:8', 'hand_opening_commanded'), ('Deut 15:9', 'base_thought_barred'), ('Deut 15:10', 'work_of_the_hand_blessed'), ('Deut 15:13', 'empty_sending_barred'), ('Deut 15:14', 'furnishing_commanded'), ('Deut 15:18', 'work_of_the_hand_blessed'), ('Deut 15:19', 'firstling_sanctification_commanded')], pointer ['Deut 15:6'], state ['Deut 15:4'], open ['Deut 15:17', 'Deut 15:19']
THE VERSES NO ONE CITES (computed on the docket, printed before it is asserted): [15]
THE DATA ROWS (printed before they are asserted): 71 ['egypt_the_model', 'lend_not_borrow', 'the_altars_bar', 'the_awl_tool', 'the_blemish_class', 'the_blemished_in_the_gates', 'the_blemished_thirty_days', 'the_blessing_in_the_land'] …; the parameters 27 on file 27 + 2
THE SCENE (printed before it is asserted): ((1, 1, 1, 1, 1, 1, 1, 1, 1, 1, 1, 1, 1, 1, 1, 1, 1, 1, 1, 1, 1, 1, 1, 1, 1, 1, 1, 1, 1, 1, 1, 1, 1, 1, 1, 1, 1, 1, 1, 1, 1, 1, 1, 1, 1, 1, 1, 1, 1, 1, 1, 1, 1, 1, 1, 1, 1, 1, 1, 1, 1, 1, 1, 1, 1, 1, 1, 1, 1, 1, 1, 1, 1, 1, 1, 1, 1, 1, 1, 1, 1, 1), (1, 1, 1, 1, 1, 1, 1, 1, 1, 1, 1), 2, 17, 3, 1, 1, 1, (0, 0, 0, 0), 82, 0)
THE NARRATIVE (printed before it is asserted): (15, 0, 1, (11, 1), 0, 0, 0, 0) ['debt_release_owed', 'exaction_barred', 'blessings_for_hearing', 'hand_opening_commanded', 'hand_shutting_barred', 'base_thought_barred', 'work_of_the_hand_blessed', 'cry_heard', 'bears_sin', 'furnishing_commanded', 'empty_sending_barred', 'work_of_the_hand_blessed', 'firstling_sanctification_commanded', 'firstling_work_and_shearing_barred', 'holy_things_in_the_gates_barred']

PASS  [MOVE]  Deut 15:1-3; the Sifrei 111:1; Rosh Hashanah 8b:8-12; Arakhin 28b:7 — the_release_at_the_years_end
        ->  accepted           [heaven]  accepted for him — the offering's acceptance state
PASS  [MOVE]  Deut 15:1-3; the Sifrei 111:3-8 — the_one_calendar
        ->  accepted           [heaven]  accepted for him — the offering's acceptance state
PASS  [MOVE]  Deut 15:1-3; the Sifrei 111:9-11; Arakhin 32b:10-18 — the_onset
        ->  exempt             [status]  exempt — no entry opens; the ledger stays clean
PASS  [MOVE]  Deut 15:1-3; the Sifrei 112:11; Kiddushin 38b:1-4; Gittin 36a:13-36b:1 — the_territory
        ->  barred_from_it     [block]  barred — a person class may not eat of it; a block on the eater, not the offering
PASS  [MOVE]  Deut 15:1-3; the Sifrei 112:5-7; Mishnah Sheviit 10:1-2; Tosefta Sheviit 8:5-7 — the_object
        ->  accepted           [heaven]  accepted for him — the offering's acceptance state
PASS  [MOVE]  Deut 15:1-3; the Sifrei 112:1; Mishnah Sheviit 10:8; Gittin 37b:1-2 — the_manner
        ->  accepted           [heaven]  accepted for him — the offering's acceptance state
PASS  [MOVE]  Deut 15:1-3; THE WRITE exaction_barred; the Sifrei 112:8; Makkot 3b:7-10; ordinances.loan by CALL — the_exaction
        ->  exaction_barred    [block]  the exaction barred — the BLOCK the line release_law_declared writes on Israel: 'HE SHALL NOT EXACT IT OF HIS NEIGHBOR AND HIS BROTHER, because the LORD's release has been proclaimed; the foreigner you may exact' (15:2-3) — 'he shall not exact' TO PUT HIM UNDER A PROHIBITION (the Sifrei 112:8): the dunning creditor's negative command, the release's block; 'his neighbor' and 'his brother' TWO EXCLUSIONS (112:9-10 — the foreigner outside the bar, the resident alien with the brother); 'THE FOREIGNER YOU MAY EXACT' A POSITIVE COMMAND (113:1 — the same noun's rule at 23:21's interest ahead; yovel.interest_scope('foreigner') by CALL: the foreigner charged, the brother not); Onkelos 'shall not claim' (יתבע — the verb of the claim, not the approach); the creditor who exacts in the eighth year transgresses (Mishnah Sheviit 10:8 the debtor who pays anyway thanked; Makkot 3b:7-10 the stipulation against the release void in its form, valid as the debtor's waiver)
PASS  [MOVE]  Deut 15:1-3; the Sifrei 112:9-10, 113:1; yovel.interest_scope by CALL — the_two_exclusions_and_the_foreigner
        ->  accepted           [heaven]  accepted for him — the offering's acceptance state
PASS  [MOVE]  Deut 15:1-3; the Sifrei 112:2-4 — the_two_years_powers
        ->  barred_from_it     [block]  barred — a person class may not eat of it; a block on the eater, not the offering
PASS  [MOVE]  Deut 15:1-3; the Sifrei 113:2; Mishnah Sheviit 10:2 — the_pledge_loan
        ->  accepted           [heaven]  accepted for him — the offering's acceptance state
PASS  [MOVE]  Deut 15:1-3; the Sifrei 113:3; Mishnah Sheviit 10:3-4; Gittin 36a:11-37b:8 — the_prozbul
        ->  accepted           [heaven]  accepted for him — the offering's acceptance state
PASS  [MOVE]  Deut 15:4-6; the Sifrei 114:1, 118:1; Bava Metzia 33a:10 — the_needy_condition
        ->  accepted           [heaven]  accepted for him — the offering's acceptance state
PASS  [MOVE]  Deut 15:4-6; the Sifrei 114:2-3 — the_blessing_in_the_land
        ->  accepted           [heaven]  accepted for him — the offering's acceptance state
PASS  [MOVE]  Deut 15:4-6; the Sifrei 115:1; Deut 28:1, 11:13 by CALL — the_hearkening
        ->  accepted           [heaven]  accepted for him — the offering's acceptance state
PASS  [MOVE]  Deut 15:4-6; the Sifrei 115:1-2 — the_scribes_words
        ->  accepted           [heaven]  accepted for him — the offering's acceptance state
PASS  [HYP]  Deut 15:4-6; the Sifrei 116:1; good_land.receipt_seats by CALL — the_receipts_referent_ahead
        ->  accepted           [heaven]  accepted for him — the offering's acceptance state
PASS  [MOVE]  Deut 15:4-6; the Sifrei 116:2-3; Judges 1:7 — lend_not_borrow
        ->  accepted           [heaven]  accepted for him — the offering's acceptance state
PASS  [MOVE]  Deut 15:4-6; the reading's finder (the H print); good_land.receipt_seats by CALL — the_registers_two_near_misses
        ->  accepted           [heaven]  accepted for him — the offering's acceptance state
PASS  [MOVE]  Deut 15:7-11; the Sifrei 116:4-8; Bava Metzia 71a:3-4; ordinances.loan by CALL — the_needy_ranks
        ->  accepted           [heaven]  accepted for him — the offering's acceptance state
PASS  [MOVE]  Deut 15:7-11; THE WRITE hand_shutting_barred; the Sifrei 116:10-11, 117:2; Bava Metzia 31b — the_heart_before_the_hand
        ->  hand_shutting_barred [block]  the hand's shutting barred — the BLOCK the line hand_opening_commanded writes on Israel: 'YOU SHALL NOT HARDEN YOUR HEART NOR SHUT YOUR HAND from your needy brother' (15:7) — TWO VERBS, THE HEART'S STATE BEFORE THE HAND'S (the Sifrei 116:10-11: 'harden your heart' — there are those who grieve whether to give or not; 'shut your hand' — those who stretch out the hand and close it); the verb 'shut' ONE seat in the Torah of seven in the Bible, 'harden your heart' Sihon's hardening (2:30) the book's other seat; beware and lest two prohibitions beside it (117:2); the one who shuts his hand before the seventh year's release the exam's person (15:9's base thought the second block)
PASS  [MOVE]  Deut 15:7-11; THE WRITE hand_opening_commanded; the Sifrei 116:12, 117:6; Bava Metzia 31b:7-12 — the_doubled_verbs
        ->  hand_opening_commanded [status]  the hand's opening commanded — the STATUS the line hand_opening_commanded writes on Israel: 'OPEN, YOU SHALL OPEN YOUR HAND TO HIM, and lend, you shall lend him sufficient for his need … open, you shall open your hand to your brother, to your poor and to your needy in your land' (15:8, 15:11) — the doublings read REPEAT WITHOUT LIMIT, a hundred times (the Sifrei 116:12, 117:6; Bava Metzia 31b:7-12 the doubled verbs unconditional: 'open' to another city's poor, 'give' a small gift, 'lend' the one with means who will not use them; Ketubot 67b:11 the same); THE OBLIGATION TO LEND — lending_is_obligation the ordinances' cell by CALL (22:24's 'if money you lend' read as obligation FROM 15:8's 'you shall surely lend'); THE RANKS OF THE POOR A PRECEDENCE PARAMETER the_needy_ranks (116:4-8 — not others; the hungrier; the father's brother before the mother's; the city before another city; the Land before outside it; the door-to-door beggar owed nothing from the fund — Bava Metzia 71a:3-4 'the poor of your city first', the ladder ordinances.loan(priority_ladder) by CALL); THE MEASURE OF NEED the_measure_of_need (116:15-18 — 'sufficient for his need': not to enrich him, even a horse and a slave, Hillel's horse, the litra of meat, the wife by 'for him'; Mishnah Peah 8:7-9 the poor man's ration; Ketubot 67b:2-12 the house, the bed and the table, the two who refuse); THE PLEDGE A DISPUTE the_pledge_dispute (116:14 — R. Judah and the Sages; Bava Metzia 31b); the gift dressed as a loan (116:13); the secret gift (117:7 — Mishnah Shekalim 5:6 the chamber of the silent); THE FOUR GRADES OF THE GIVER (117:8); the three nouns three measures (118:3); THE WORDS OF THE SCRIBES at 'hear, you shall hear' (115:1) and the light as the weighty (115:2); the needy's condition the state variable (114:1, 118:1); the people's blessing on the work of the hand the ground (15:10)
PASS  [MOVE]  Deut 15:7-11; the Mekhilta on Exodus 22:24; Ketubot 67b:11; ordinances.loan by CALL — the_lending_obligation
        ->  accepted           [heaven]  accepted for him — the offering's acceptance state
PASS  [MOVE]  Deut 15:7-11; the Sifrei 116:15-18; Mishnah Peah 8:7-9; Ketubot 67b:2-12 — the_measure_of_need
        ->  accepted           [heaven]  accepted for him — the offering's acceptance state
PASS  [MOVE]  Deut 15:7-11; the Sifrei 116:14; Bava Metzia 31b:12 — the_pledge_dispute
        ->  accepted           [heaven]  accepted for him — the offering's acceptance state
PASS  [MOVE]  Deut 15:7-11; the Sifrei 116:13; Ketubot 67b:8-9 — the_gift_as_a_loan
        ->  accepted           [heaven]  accepted for him — the offering's acceptance state
PASS  [MOVE]  Deut 15:7-11; THE WRITE base_thought_barred; the Sifrei 117:1-3; Gittin 36a:11; seducers by CALL (the transfer) — the_base_thought
        ->  base_thought_barred [block]  the base thought barred — the BLOCK the line hand_opening_commanded writes on Israel: 'BEWARE LEST THERE BE A BASE THOUGHT IN YOUR HEART, saying: the seventh year, the year of release, is near — and your eye be evil against your needy brother and you give him nothing' (15:9) — 'BEWARE' and 'LEST' two prohibitions (the Sifrei 117:2); 'BASE' (בליעל, belial) WITHOUT A YOKE (117:1 — E30, the word's parts: 'without a yoke'); READ AS IDOLATRY BY I2 WITH 13:14 (117:3 — 'base' is said here and 'base' of the sons of Belial who lead a city astray: whoever shuts his eyes from charity is as an idolater — THE TRANSFER taught by the Sifrei, the labeled edge to seducers' Belial DATA row; the Torah's two seats of the word: 13:14 and here); Hillel's reason for the prozbul this verse (Gittin 36a:11); THE CRY A HASTENER AND THE SIN UNCONDITIONAL (117:5 with 279:4 word for word: cry_heard and bears_sin REUSED — 'and he cry to the LORD against you and it be sin in you', 24:15's hireling seven tokens in order); Onkelos 'in wickedness' (ברשע — 13:14's sons of Belial rendered by the same word)
PASS  [MOVE]  Deut 15:7-11; the Sifrei 117:5; 279:4; Exodus 22:22 — the_cry_and_the_sin
        ->  accepted           [heaven]  accepted for him — the offering's acceptance state
PASS  [MOVE]  Deut 15:7-11; the Sifrei 117:7-8; Mishnah Shekalim 5:6; Ketubot 67b:12-18 — the_secret_gift
        ->  accepted           [heaven]  accepted for him — the offering's acceptance state
PASS  [MOVE]  Deut 15:7-11; THE WRITE work_of_the_hand_blessed (the first seat); the Sifrei 117:9-10; Deut 14:29 by CALL (food_tithe) — the_blessing_on_the_work
        ->  work_of_the_hand_blessed [heaven]  the work of the hand blessed — the HEAVEN entry the lines hand_opening_commanded and hebrew_slave_law_declared write on Israel: 'for because of this thing THE LORD YOUR GOD WILL BLESS YOU IN ALL YOUR WORK AND IN ALL YOU PUT YOUR HAND TO' (15:10) and 'and the LORD your God will bless you in all that you do' (15:18) — the blessing beside every money loss (the Sifrei 123:3): the gift to the needy (15:10 — 14:29's twin 'in all the work of your hand', six tokens in order; the Sifrei 117:9-10: even if he said 'I will give' and did not give, even if he gave and it was lost — the blessing on the resolve) and the slave sent away free (15:18 — 'double the hire of a hireling he has served you six years'); TWO ENTRIES on Israel at the chapter's own day, the first the tape's (14:29's line wrote none — the registry held no name: measured at the types step); Onkelos 15:10 'because of this word'
PASS  [MOVE]  Deut 15:7-11; the Sifrei 118:1-3 — the_needy_never_cease
        ->  accepted           [heaven]  accepted for him — the offering's acceptance state
PASS  [MOVE]  Deut 15:12-15; the Sifrei 118:4; Kiddushin 14b:7-15b:4 — the_three_cases
        ->  goes_free          [status]  goes free — the slave's status ends; a person-status flip
PASS  [MOVE]  Deut 15:12-15; Exodus 21:2 by CALL (mishpatim's F1); Jeremiah 34:14 — the_six_years_by_the_clock
        ->  goes_free          [status]  goes free — the slave's status ends; a person-status flip
PASS  [MOVE]  Deut 15:12-15; the Sifrei 118:5; Mishnah Kiddushin 1:2; Kiddushin 14b-18a; mishpatim_3 by CALL — the_woman_added
        ->  goes_free          [status]  goes free — the slave's status ends; a person-status flip
PASS  [MOVE]  Deut 15:12-15; Mishnah Kiddushin 1:2; Kiddushin 16a-20b — the_exits_tables
        ->  accepted           [heaven]  accepted for him — the offering's acceptance state
PASS  [MOVE]  Deut 15:12-15; the Sifrei 118:7; Kiddushin 16b:21-17a:1 — the_fugitive
        ->  accepted           [heaven]  accepted for him — the offering's acceptance state
PASS  [MOVE]  Deut 15:12-15; the Sifrei 118:7; Kiddushin 17a:1-4 — the_sick_slave
        ->  exempt             [status]  exempt — no entry opens; the ledger stays clean
PASS  [MOVE]  Deut 15:12-15; the Sifrei 119:1; Kiddushin 16b:17-20 — the_three_sendings
        ->  exempt             [status]  exempt — no entry opens; the ledger stays clean
PASS  [MOVE]  Deut 15:12-15; the Sifrei 119:3; Kiddushin 15a:6-7, 16b:11-16 — the_gifts_persons
        ->  exempt             [status]  exempt — no entry opens; the ledger stays clean
PASS  [MOVE]  Deut 15:12-15; the Sifrei 119:4; Kiddushin 17a:16-17b:3 — the_gift_feature
        ->  accepted           [heaven]  accepted for him — the offering's acceptance state
PASS  [MOVE]  Deut 15:12-15; the Sifrei 119:5; Kiddushin 17a:5-14; erection.repeats by CALL — the_severance_gift
        ->  severance_gift_owed [debit]  the severance gift owed — the DEBIT the exam's case writes on the master toward the slave at the sending (the case kind release_firstborn_case through F4 the_hebrew_slave): 'of that with which the LORD your God has blessed you, YOU SHALL GIVE HIM' (15:14) — ITS AMOUNT A PARAMETER the_severance_gift, THREE ARMS WITH THEIR GROUNDS (Kiddushin 17a:5-14 — R. Meir five selas of each kind, fifteen in all, by 'empty'/'empty' with the firstborn 17a:7-8; R. Judah thirty by 'giving'/'giving' with the gored slave 17a:10; R. Simeon fifty by the valuations and 'poverty'/'poverty' 17a:13-14; the selection rule 'grasped too much, grasped nothing' 17a:12; R. Meir's total not less 17a:6) — erection.repeats('five_selas_to_the_severance_gift') the cell already pricing it by CALL; THE PERSONS: to him and not his heirs (15a:7), not the self-seller (15a:6), not his creditor (Tutai 16b:16), the fugitive and the deducter excluded (16b:17-20); THE FEATURE the category of blessing (119:4; 17a:16-17b:1); the debit CLOSED at the giving in the case's own world, never on the tape (the master who gives thirty selas the exam's person; the one who sends him empty the block's)
PASS  [MOVE]  Deut 15:12-15; THE WRITE empty_sending_barred; the Sifrei 119:1; Kiddushin 16b:19; erection.repeats by CALL — the_empty_sending
        ->  empty_sending_barred [block]  the empty sending barred — the BLOCK the line hebrew_slave_law_declared writes on Israel: 'and when you send him away free from you, YOU SHALL NOT SEND HIM AWAY EMPTY' (15:13) — the gift's negative command beside its positive (15:14); 'empty' sixteen in the Bible, the Torah's six — the exodus's 'you shall not go out empty' (Exodus 3:21), the festivals' 'not empty' (23:15, 34:20; 16:16 ahead), Jacob's wage, Ruth; the master who sends the slave away empty transgresses (Kiddushin 16b:19 — the sendings extended by 'you shall not send' and 'when you send'); the self-redeemer, the fugitive and the one who deducts outside the gift (119:1; Kiddushin 16b:17-20); 15:12's 'you shall send him away free' the send's first seat, 15:13's the second and 15:18's the third (the verb three times — 119:1)
PASS  [MOVE]  Deut 15:12-15; the Sifrei 120:1; Exodus 3:21 by kind; exodus_story by CALL — egypt_the_model
        ->  accepted           [heaven]  accepted for him — the offering's acceptance state
PASS  [MOVE]  Deut 15:12-15; the Sifrei 120:2 — the_piercing_by_day
        ->  barred_from_it     [block]  barred — a person class may not eat of it; a block on the eater, not the offering
PASS  [MOVE]  Deut 15:12-15; Deut 5:15 by CALL (covenant_at_horeb); Exodus 12:31 by kind — the_memory
        ->  accepted           [heaven]  accepted for him — the offering's acceptance state
PASS  [MOVE]  Deut 15:16-18; the Sifrei 121:1; Kiddushin 22a:3-6 — the_two_sayings
        ->  exempt             [status]  exempt — no entry opens; the ledger stays clean
PASS  [MOVE]  Deut 15:16-18; the Sifrei 121:2; Kiddushin 22a:4-5 — the_awl_timing
        ->  barred_from_it     [block]  barred — a person class may not eat of it; a block on the eater, not the offering
PASS  [MOVE]  Deut 15:16-18; the Sifrei 121:3; Kiddushin 22a:7-8 — the_mutual_love
        ->  exempt             [status]  exempt — no entry opens; the ledger stays clean
PASS  [MOVE]  Deut 15:16-18; the Sifrei 121:4; Kiddushin 22a:8-9 — the_illness
        ->  exempt             [status]  exempt — no entry opens; the ledger stays clean
PASS  [MOVE]  Deut 15:16-18; the Sifrei 122:1; Kiddushin 21b:5-11 — the_awl_tool
        ->  barred_from_it     [block]  barred — a person class may not eat of it; a block on the eater, not the offering
PASS  [MOVE]  Deut 15:16-18; the Sifrei 122:1 — the_three_circumventions
        ->  accepted           [heaven]  accepted for him — the offering's acceptance state
PASS  [MOVE]  Deut 15:16-18; the Sifrei 122:3, 122:7; Kiddushin 22b:1-3; Exodus 21:6 by CALL — the_judges_and_the_door
        ->  accepted           [heaven]  accepted for him — the offering's acceptance state
PASS  [MOVE]  Deut 15:16-18; the Sifrei 122:5-6; Kiddushin 15a:1, 21b:7; metzora.eighth by CALL — the_ear
        ->  barred_from_it     [block]  barred — a person class may not eat of it; a block on the eater, not the offering
PASS  [MOVE]  Deut 15:16-18; Kiddushin 21b:7, 21b:13-16; Bekhorot 37b:12-14; priesthood.blemish by CALL — the_priests_ear
        ->  exempt             [status]  exempt — no entry opens; the ledger stays clean
PASS  [MOVE]  Deut 15:16-18; the Sifrei 122:8; Kiddushin 15a:19-22, 17b:4-13, 21b:4; yovel by CALL — the_for_ever
        ->  serves_for_ever    [status]  the pierced slave serves for ever — the STATUS the exam's case writes on the pierced slave (the case kind release_firstborn_case through F5 the_awl_and_the_double_hire): 'then you shall take an awl and put it through his ear into the door, and HE SHALL BE YOUR SERVANT FOR EVER' (15:17) — 'FOR EVER' THE MASTER'S LIFETIME (the Sifrei 122:8 — I2 named in the Hebrew on the word at 15:17 and Exodus 21:6; Kiddushin 15a:21-22, 21b:4: the master's lifetime, the jubilee's forever); THE JUBILEE FREES EVEN HIM — jubilee_release ON FILE by CALL to yovel ('the timer that overrides even the pierced slave's forever'; Kiddushin 15a:19-20 the two verses both needed); THE PIERCED SERVES NO HEIR (Kiddushin 17b:4-13 — the son stands in his father's place for the designation and the field; Bava Metzia 71a:14); THE MAIDSERVANT NEVER PIERCED (Kiddushin 15a:3, 15a:5, 15a:18 'man' — 122:9's 'likewise' reaches the gift, not the awl: the DISAGREES row against Exodus 21:7 RESOLVED AS DATA; 17b:10-12 R. Padda's two conclusions from 'you shall DO'); THE RITE'S CONDITIONS: two sayings at the term's end (121:1-2; Kiddushin 22a:3-6), the mutual love and the master's house (121:3; 22a:7-8), illness in either bars the rite (121:4; 22a:9 both ill an open dilemma), THE AWL any tool or metal A DISPUTE (122:1 — Kiddushin 21b:5-11: R. Yosei son of R. Yehuda's amplification-restriction against Rabbi's general-particular-general; 'THE awl' the large awl), R. ISHMAEL'S THREE CIRCUMVENTIONS a DATA row (the blood's dust, the divorce's writ, the awl), NO JUDGES, NO DOORPOST, 'INTO THE DOOR' (122:3 — Exodus 21:6 by CALL; 22b:1-3 through the ear until the door, the door upright and attached), THE UPPER RIGHT EAR by the labeled TRANSFER from the leper's (122:5-6 — 'ear'/'ear' with Leviticus 14:14; Kiddushin 15a:1, 21b:7, 21b:12: through the cartilage, a priest-slave not pierced lest he be blemished — Bekhorot 37b:12-14); Onkelos 'a serving servant for ever' (עבד פלח לעלם)
PASS  [MOVE]  Deut 15:16-18; the Sifrei 122:9; Kiddushin 15a:3-18, 17b:10-12; mishpatim_3 by CALL — the_maidservant_never_pierced
        ->  barred_from_it     [block]  barred — a person class may not eat of it; a block on the eater, not the offering
PASS  [MOVE]  Deut 15:16-18; the Sifrei 123:1-2; Kiddushin 15a:11-13; holiness.wage by CALL — the_double_hire
        ->  accepted           [heaven]  accepted for him — the offering's acceptance state
PASS  [MOVE]  Deut 15:16-18; THE WRITE work_of_the_hand_blessed (the second seat); the Sifrei 123:3 — the_blessing_beside_the_loss
        ->  work_of_the_hand_blessed [heaven]  the work of the hand blessed — the HEAVEN entry the lines hand_opening_commanded and hebrew_slave_law_declared write on Israel: 'for because of this thing THE LORD YOUR GOD WILL BLESS YOU IN ALL YOUR WORK AND IN ALL YOU PUT YOUR HAND TO' (15:10) and 'and the LORD your God will bless you in all that you do' (15:18) — the blessing beside every money loss (the Sifrei 123:3): the gift to the needy (15:10 — 14:29's twin 'in all the work of your hand', six tokens in order; the Sifrei 117:9-10: even if he said 'I will give' and did not give, even if he gave and it was lost — the blessing on the resolve) and the slave sent away free (15:18 — 'double the hire of a hireling he has served you six years'); TWO ENTRIES on Israel at the chapter's own day, the first the tape's (14:29's line wrote none — the registry held no name: measured at the types step); Onkelos 15:10 'because of this word'
PASS  [MOVE]  Deut 15:19-20; the Sifrei 124:1; Exodus 13:2, Numbers 18:17 by CALL (korach, ordinances) — consecrated_from_the_womb
        ->  consecrated_firstborn [status]  consecrated — the firstborn belongs to the Lord from the womb; a status written at birth
PASS  [MOVE]  Deut 15:19-20; THE WRITE firstling_sanctification_commanded; the Sifrei 124:4; Mishnah Arakhin 8:7; temurah.consecrate by CALL — the_sanctify_for_value
        ->  firstling_sanctification_commanded [status]  the firstling's sanctification commanded — the STATUS the line firstling_law_declared writes on Israel: 'EVERY FIRSTLING MALE that is born of your herd and of your flock YOU SHALL SANCTIFY TO THE LORD YOUR GOD' (15:19) — its value the_sanctify_for_value A PARAMETER: 'YOU SHALL SANCTIFY' AGAINST LEVITICUS 27:26's 'NO MAN SHALL SANCTIFY IT' UPHELD BY DIVIDING THE SPHERES (the Sifrei 124:4 — Mishnah Arakhin 8:7 inside the spine: you sanctify it for its value, never for the altar; Arakhin 29a:20 the two verses at the answer sheet, Nazir 4b:11 sanctified by word though holy from birth; Temurah's consecrate cell by CALL — its probe list carrying 15:19 as the IMPORT against 27:26; the DISAGREES row RESOLVED AS DATA); CONSECRATED FROM THE WOMB — consecrated_firstborn REUSED by CALL (Exodus 13:2's and Numbers 18:17's status written at birth: ordinances.firstling, korach.the_gifts opens_the_womb; 'males' the detail of Exodus 13:2 — Bekhorot 19a:4; the sex's edge 41b:8, 42a:11); its year and the blemished from 'every' (124:1); THE CAESAREAN OUT (124:2 — Mishnah Bekhorot 2:9: not a firstling; the caesarean by I2 'birth'/'birth' Niddah 40a:14); the consecrated by a refuted a fortiori then the verse (124:3 — I1); 'YOUR' TWO WAYS A DISPUTE (124:5 — the owner's or the priest's: the firstling's flesh the priest's by Numbers 18:18; THE TWO FILES READING THE CLOSING VERSE OPPOSITE WAYS 124:6); THE DOUBT TABLE and THE PERSONS (Mishnah Bekhorot 2:6-8; Tosefta Bekhorot 1:1, 2:1-7 — the gentile's finger); the firstling from outside the Land (Bekhorot 53b; food_tithe by CALL); the firstling sanctified by word the exam's person accepted, the one who sanctifies it for the altar barred
PASS  [MOVE]  Deut 15:19-20; the Sifrei 124:3; Leviticus 27:26 by CALL (temurah) — the_altars_bar
        ->  barred_from_it     [block]  barred — a person class may not eat of it; a block on the eater, not the offering
PASS  [MOVE]  Deut 15:19-20; the Sifrei 124:2; Mishnah Bekhorot 2:9; ordinances.gifts by CALL — the_caesarean
        ->  exempt             [status]  exempt — no entry opens; the ledger stays clean
PASS  [MOVE]  Deut 15:19-20; the Sifrei 124:5-6; Numbers 18:18 by CALL (korach) — the_your_two_ways
        ->  barred_from_it     [block]  barred — a person class may not eat of it; a block on the eater, not the offering
PASS  [MOVE]  Deut 15:19-20; THE WRITE firstling_work_and_shearing_barred; the Sifrei 124:6; Bekhorot 9b, 24b, 41b; Chullin 135a-137a — the_work_and_the_shearing
        ->  firstling_work_and_shearing_barred [block]  the firstling's work and shearing barred — the BLOCK the line firstling_law_declared writes on Israel: 'YOU SHALL DO NO WORK WITH THE FIRSTLING OF YOUR OX NOR SHEAR THE FIRSTLING OF YOUR FLOCK' (15:19) — the two bars crossed by four a fortiori arguments and closed by the verse (the Sifrei 124:6); Bekhorot 25a-28b at the docket: PLUCKING IS NOT SHEARING (Rav, 25a:1-16 — the cleaver's clearing by hand, not by a tool that looks like shearing; plucked to show a blemish from the outset), THE SHED HAIR OF THE BLEMISHED FIRSTLING (Mishnah Bekhorot 3:4 at 25a:17-25b:2 — Akavya ben Mahalalel and the Rabbis; Rava's three disputes 26a:6-7; THE RULING AS R. YEHUDA from Eduyot 5:6, 26a:8; the Rabbis' DECREE lest one delay the slaughter to gather wool 25b:5), the ban's definition a DATA row; 'your ox … your flock' the partnership's arm (Bekhorot 9b:13), the neck's hair plucked not shorn (24b:5; Mishnah 3:3), the sanction gated on certainty (41b:2), the ban borrowed by the first shearing and read over both kinds (Chullin 135a:9, 135b:13, 136b:18, 137a:4), the blemished consecrated's lashes (Tosefta Bekhorot 2:3), the herd's tithe 'under the rod' by CALL to temurah.tithe; the one who plucks the firstling's hair by hand accepted, the one who shears it lashed
PASS  [MOVE]  Deut 15:19-20; Bekhorot 25a:1-16 — the_plucking
        ->  accepted           [heaven]  accepted for him — the offering's acceptance state
PASS  [MOVE]  Deut 15:19-20; Mishnah Bekhorot 3:4; Bekhorot 25a:17-26b:5 — the_shed_hair
        ->  accepted           [heaven]  accepted for him — the offering's acceptance state
PASS  [MOVE]  Deut 15:19-20; the Sifrei 125:1; Bekhorot 27b:3-28a:1; korach.the_gifts by CALL — the_firstlings_year
        ->  accepted           [heaven]  accepted for him — the offering's acceptance state
PASS  [MOVE]  Deut 15:19-20; Mishnah Bekhorot 4:1-2; Bekhorot 28a:3-11 — the_blemished_thirty_days
        ->  barred_from_it     [block]  barred — a person class may not eat of it; a block on the eater, not the offering
PASS  [MOVE]  Deut 15:19-20; Mishnah Bekhorot 4:1 at 26b:8; Bekhorot 26b:11-17; ordinances.firstling by CALL — the_tending_term
        ->  barred_from_it     [block]  barred — a person class may not eat of it; a block on the eater, not the offering
PASS  [MOVE]  Deut 15:19-20; the Sifrei 125:1; Deut 12:17-18 by CALL (place_name) — before_the_lord_at_the_place
        ->  barred_from_it     [block]  barred — a person class may not eat of it; a block on the eater, not the offering
PASS  [MOVE]  Deut 15:19-20; Bekhorot 28a:6; korach.the_gifts by CALL — the_exiles_arm
        ->  accepted           [heaven]  accepted for him — the offering's acceptance state
PASS  [MOVE]  Deut 15:19-20; Bekhorot 53b:5; food_tithe.the_second_tithe by CALL — the_firstling_from_outside
        ->  exempt             [status]  exempt — no entry opens; the ledger stays clean
PASS  [MOVE]  Deut 15:21-23; the Sifrei 126:1; Bekhorot 37a:16-37b:8; Mishnah Bekhorot 6; priesthood.acceptable by CALL — the_blemish_class
        ->  accepted           [heaven]  accepted for him — the offering's acceptance state
PASS  [MOVE]  Deut 15:21-23; Bekhorot 37a:20-37b:5; Mishnah Bekhorot 6:12 — the_passing_blemish
        ->  barred_from_it     [block]  barred — a person class may not eat of it; a block on the eater, not the offering
PASS  [MOVE]  Deut 15:21-23; Bekhorot 35b:1-37a:3; Mishnah Bekhorot 4:4-5; korach.the_gifts by CALL — the_testimony_and_the_expert
        ->  barred_from_it     [block]  barred — a person class may not eat of it; a block on the eater, not the offering
PASS  [MOVE]  Deut 15:21-23; Mishnah Bekhorot 4:3; Bekhorot 28a:12-28b:7 — the_blemish_after_the_slaughter
        ->  barred_from_it     [block]  barred — a person class may not eat of it; a block on the eater, not the offering
PASS  [MOVE]  Deut 15:21-23; the Sifrei 71:4-7, 126:2; Bekhorot 33a:1-11; place_name by CALL — the_blemished_in_the_gates
        ->  accepted           [heaven]  accepted for him — the offering's acceptance state
PASS  [MOVE]  Deut 15:21-23; the Sifrei 71:6; Bekhorot 15b:9-12; place_name by CALL — the_permanent_blemish_lent
        ->  accepted           [heaven]  accepted for him — the offering's acceptance state
PASS  [MOVE]  Deut 15:21-23; the Sifrei 71:7-8 — one_dish_and_the_heave_offering
        ->  barred_from_it     [block]  barred — a person class may not eat of it; a block on the eater, not the offering
PASS  [MOVE]  Deut 15:21-23; the Sifrei 126:2-4; Leviticus 17:10-14 by CALL (sanctions.blood); Deut 12:16 by CALL (place_name) — the_blood
        ->  lashes             [body]  liable to lashes — the flogging entry on the court docket
PASS  [MOVE]  Deut 15:21-23; the Sifrei 126:3; sanctions.blood, sanctions.frame by CALL — the_witnesses_warning
        ->  exempt             [status]  exempt — no entry opens; the ledger stays clean
PASS  [MOVE]  Deut 15:21-23; the Sifrei 126:2, 126:4 — drinking_is_eating
        ->  lashes             [body]  liable to lashes — the flogging entry on the court docket
PASS  [MOVE]  Deut 15:21-23; the Sifrei 126:5; Mishnah Chullin 2:9 — the_pouring_place
        ->  barred_from_it     [block]  barred — a person class may not eat of it; a block on the eater, not the offering
PASS  [MOVE]  Deut 15:21-23; the Sifrei 126:5-6; Leviticus 17:13 by CALL (sanctions.covering) — the_covering_contrast
        ->  accepted           [heaven]  accepted for him — the offering's acceptance state
PASS  [MOVE]  Deut 15:1-23 (the readback table); THE LOOP.md step 6 — the_table
        ->  accepted           [heaven]  accepted for him — the offering's acceptance state
PASS  [MOVE]  Deut 15:1-23 (the readback table); THE LOOP.md step 6 — the_supplied_rows
        ->  accepted           [heaven]  accepted for him — the offering's acceptance state
PASS  [HYP]  Deut 15:1-23 (the readback table); the Sifrei 116:1; the readback's pointer form — the_pointer_row
        ->  accepted           [heaven]  accepted for him — the offering's acceptance state
PASS  [MOVE]  Deut 15:1-23 (the readback table); the Sifrei 114:1, 118:1 — the_state_row
        ->  accepted           [heaven]  accepted for him — the offering's acceptance state
PASS  [MOVE]  Deut 15:1-23 (the readback table); the Sifrei 122:9, 124:4; Kiddushin 15a; Mishnah Arakhin 8:7 — the_open_rows
        ->  accepted           [heaven]  accepted for him — the offering's acceptance state
PASS  [MOVE]  Deut 15:1-23 (the readback table); the DB (DG8) — the_twin_diffed
        ->  accepted           [heaven]  accepted for him — the offering's acceptance state
PASS  [MOVE]  Deut 15:1-23 (the readback table); the docket deu_15_reeh_exam_2026-09-23.md — the_verses_no_one_cites
        ->  accepted           [heaven]  accepted for him — the offering's acceptance state
PASS  [MOVE]  Deut 15:1-23 (the readback table); THE LOOP.md step 6 (the retelling rules) — no_retrograde_row
        ->  accepted           [heaven]  accepted for him — the offering's acceptance state

WATCH COVERAGE (the wrap):
  WATCH law_release_firstborn  seen  82  fired  82  on: release_firstborn_case
MATRIX: 91/91 cells match the answer sheet
FRACTIONS: pure ink 0/91 (0%) · named moves 89/91 (98%) · data 0/91 (0%) · hypotheses 2/91 (the H class, counted apart — never as compiled)
LEDGER OPS this span writes: block x22, body x2, debit x1, heaven x48, status x18
THE INK: the number verses {(15, 1): [7], (15, 7): [1], (15, 12): [6], (15, 18): [6]} (the ordinal {9: [7]}; the starred years tokens {1: ['שנים*'], 12: ['שנים*'], 18: ['שנים*']}); the register singular-only [1, 3, 4, 5, 6, 7, 8, 9, 10, 11, 12, 13, 14, 15, 16, 17, 18, 19, 20, 21, 22, 23], none [2]; the negations {2: ['לא'], 4: ['לא'], 6: ['לא', 'לא'], 7: ['לא', 'ולא'], 9: ['ולא'], 10: ['ולא'], 11: ['לא'], 13: ['לא'], 16: ['לא'], 18: ['לא'], 19: ['לא', 'ולא'], 21: ['לא'], 23: ['לא']}; the Name 12 bare tokens; the infinitive absolutes [(2, 'שמוט'), (4, 'ברך'), (5, 'שמוע'), (8, 'פתח'), (8, 'והעבט'), (10, 'נתון'), (11, 'פתח'), (14, 'העניק')]; the tokens 354, the letters 1294
THE READBACK — THE FORMS ON FILE, NO NEW FORM: 23 rows — {'TURNED': 2, 'SUPPLIED': 11, 'VARIANT': 2, 'VERBATIM': 3, 'SHORTENED': 1, 'DISAGREES': 2, 'EXPANDED': 2}; on the tape 11, in the kin's cells by CALL 23 (every cell found True); the SUPPLIED rows ['Deut 15:3', 'Deut 15:4', 'Deut 15:6', 'Deut 15:7', 'Deut 15:8', 'Deut 15:9', 'Deut 15:10', 'Deut 15:11', 'Deut 15:13', 'Deut 15:14', 'Deut 15:18']; the rows with writes [('Deut 15:1', 'debt_release_owed'), ('Deut 15:2', 'exaction_barred'), ('Deut 15:7', 'hand_shutting_barred'), ('Deut 15:8', 'hand_opening_commanded'), ('Deut 15:9', 'base_thought_barred'), ('Deut 15:10', 'work_of_the_hand_blessed'), ('Deut 15:13', 'empty_sending_barred'), ('Deut 15:14', 'furnishing_commanded'), ('Deut 15:18', 'work_of_the_hand_blessed'), ('Deut 15:19', 'firstling_sanctification_commanded')]; the pointer rows ['Deut 15:6']; the state rows ['Deut 15:4']; the OPEN rows ['Deut 15:17', 'Deut 15:19']; the holes 0
THE COUNTER AND THE PARAMETERS: {'counter': (40, 11, 1), 'release_keys': ['the_end', 'the_onset', 'the_territory', 'the_year'], 'firstlings_year_keys': ['its_own_year', 'the_blemished', 'the_exiles_arm', 'the_tending_term', 'the_two_day_edge'], 'the_release_on_the_bare_world': 'no count', 'the_firstlings_year_days': 354, 'the_two_day_edge': True, 'no_marker': True}; the twenty-seven 27 (in the registry 2, in DATA 27); the_release_date keys ['the_end', 'the_onset', 'the_territory', 'the_year']; the_firstlings_year keys ['its_own_year', 'the_blemished', 'the_exiles_arm', 'the_tending_term', 'the_two_day_edge']
THE SCANS on the one database: the twelve on Israel []; the four reused effects' entities [['israel_people'], ['israel_people'], [], ['israel_people']]
THE CALLEES: YO cycle(7) sabbath_of_the_land, jubilee day tenth_of_seventh_month_yom_kippur, foreigner permitted, valuation 50; CA timer land released in year 7; MP F1 ['slave-release: FREE-YEAR-7', 'slave-release: DEDUCT', 'slave-release: FREE-AT-JUBILEE']; M3 exits ['years', 'jubilee', 'deduction', 'signs']; OR obligation lending_is_obligation, ladder ['my_people_before_gentile', 'poor_before_rich', 'your_poor_before_your_city', 'your_city_before_another']; ER empty five_selas_to_the_severance_gift; KO womb all that opens the womb — whic; TM for value value_consecration_yes; PR table {'slaughter_on': 'the_permanent_blemishe; PN place the place which the LORD will ; SA ban karet; HO poor takes, hire ['man', 'beast', 'tools', 'land']; FT four the four in want (14:29); CH fourth the fourth word (5:12-15; BC hearken if you hearken (11:13) —; ES sent the_mouth_that_said_i_will_not_send; PV firstling cannot_be_sanctified_to_the_altar; GL seats []; SE belial Belial and Naboth (13:14) — th; MZ members right_ear_ridge_right_thumb_right_toe
THE SCENE on the bench: (1, 1, 1, 1, 1, 1, 1, 1, 1, 1, 1, 1, 1, 1, 1, 1, 1, 1, 1, 1, 1, 1, 1, 1, 1, 1, 1, 1, 1, 1, 1, 1, 1, 1, 1, 1, 1, 1, 1, 1, 1, 1, 1, 1, 1, 1, 1, 1, 1, 1, 1, 1, 1, 1, 1, 1, 1, 1, 1, 1, 1, 1, 1, 1, 1, 1, 1, 1, 1, 1, 1, 1, 1, 1, 1, 1, 1, 1, 1, 1, 1, 1); the exempt arms (1, 1, 1, 1, 1, 1, 1, 1, 1, 1, 1); the lashes 2; barred_from_it 17, goes_free 3, severance_gift_owed 1, serves_for_ever 1, consecrated_firstborn 1; the timers (set, fired, cancelled, pending) (0, 0, 0, 0); entities 82; closes 0
THE NARRATIVE: (15, 0, 1, (11, 1), 0, 0, 0, 0) (the fifteen on Israel ['debt_release_owed', 'exaction_barred', 'blessings_for_hearing', 'hand_opening_commanded', 'hand_shutting_barred', 'base_thought_barred', 'work_of_the_hand_blessed', 'cry_heard', 'bears_sin', 'furnishing_commanded', 'empty_sending_barred', 'work_of_the_hand_blessed', 'firstling_sanctification_commanded', 'firstling_work_and_shearing_barred', 'holy_things_in_the_gates_barred'])
THE PARAMETER ROWS: the_readback = 23 rows, 0 holes, 2 open rows; the_counter_and_the_parameters = {'counter': (40, 11, 1), 'release_keys': ['the_end', 'the_onset', 'the_territory', 'the_year'], 'firstlings_year_keys': ['its_own_year', 'the_blemished', 'the_exiles_arm', 'the_tending_term', 'the_two_day_edge'], 'the_release_on_the_bare_world': 'no count', 'the_firstlings_year_days': 354, 'the_two_day_edge': True, 'no_marker': True}; the_twin_diffed = {'15:12 vs Exod 21:2': 3, '15:12 vs Jer 34:14': 7, '15:16 vs Exod 21:5': 3, '15:17 vs Exod 21:6': 1, '15:15 vs 5:15': 11, '15:15 vs 24:18': 14, '15:5 vs 28:1': 14, '15:6 vs 28:12': 6, '15:9 vs 24:15': 7, '15:10 vs 14:29': 6, '15:21 vs 17:1': 6, '15:22 vs 12:15': 4, '15:22 vs 12:22': 4, '15:23 vs 12:16': 6, '15:23 vs 12:24': 5, '15:4 vs 15:11': 3, '15:1 vs 31:10': 3, '15:20 vs 12:18': 9}; the_parsers_four_and_the_ordinal = {'deut_15_1': [7], 'deut_15_7': [1], 'deut_15_12': [6], 'deut_15_18': [6], 'the_ordinal_15_9': [7], 'the_marks': {1: ['שנים*'], 12: ['שנים*'], 18: ['שנים*']}, 'the_starred_in_the_book': [(9, 15, 'ושני^'), (10, 3, 'ושני^'), (14, 28, 'שנים*'), (15, 1, 'שנים*'), (15, 12, 'שנים*'), (15, 18, 'שנים*'), (31, 10, 'שנים*')], 'the_kin': {('Exod', 21, 2): [6], ('Exod', 23, 10): [6], ('Lev', 25, 3): [6, 6], ('Lev', 25, 8): [7, 7, 7, 7, 49], ('Deut', 31, 10): [7], ('Jer', 34, 14): [7, 6], ('Exod', 22, 29): [7], ('Lev', 22, 27): [7], ('Deut', 14, 28): [3], ('Deut', 16, 9): [7, 7]}, 'the_tokens': 354, 'the_letters': 1294}; the_verses_no_one_cites = {'the_verses': [15], 'the_count': 1, 'the_memory_verse': "15:15 — the readback's VERBATIM row with 5:15"}; the_registers_two_near_misses = {'15_2': "'and THIS is the WORD of the release' — a footer noun in the singular after 'this', not 'these'", '15_6': "'as He SPOKE to you' — not 'commanded'", 'the_finders_receipts_at_15': [], 'no_seat': True, 'footers_declared': 1, 'the_blocks_two_declarations_gone': True} (the other settings recorded in DATA — 71 rows)

THE COMPILE OF CHAPTER 15: the answer sheet REPRODUCED — 91/91
