==== A0. THE TWO DIVISIONS — the export's chapter 16 against the DB's
  DB verses 22 | export verses HE 22 EN 22 | per-chapter export lengths vs DB, chapters 1-16: [(5, 30, 33)]
  the alignment cost 23 | export verses mapped to MORE THAN ONE DB verse: {}
  the offset per export verse (DB minus export, the first DB verse of each): Counter({0: 22}) | the runs: [(1, 1, 1), (16, 16, 16), (17, 17, 17), (18, 18, 18), (19, 19, 19)]
  the shared export verse against its DB verses (tokens, negations): []
==== A. THE SHELF BY POSITION — the Sifrei on Deuteronomy around chapter 16
  piskaot 357 357 rows 2357 2357
  heads 124-150 (HE first citation | rows | EN first quote):
   124 head (15, 19) | HE rows  6 EN rows  6 | 'Every male Firstling that is born of your herds and flockssh'
   125 head (15, 20) | HE rows  1 EN rows  1 | 'Before HASHEM your God shall you eat it year by year,'
   126 head (15, 21) | HE rows  6 EN rows  6 | 'Now, when he suffers a blemish'
   127 head (16, 1) | HE rows  8 EN rows  8 | 'Take care to observe the month of Aviv'
   128 head (16, 1) | HE rows  5 EN rows  5 | 'To celebrate the Passover (pesakh) for HASHEM your God'
   129 head (16, 2) | HE rows  7 EN rows  7 | 'And you shall slaughter the Paschal lamb'
   130 head (16, 3) | HE rows  7 EN rows  7 | 'You shall not eat leavened-food 424Heb: khametz.with it'
   131 head (16, 4) | HE rows  5 EN rows  5 | 'Leaven430Heb: se’or; the leavening agent, rather than khamet'
   132 head (16, 5) | HE rows  4 EN rows  4 | 'You will not be able to slaughter the Paschal lamb in one of'
   133 head (16, 6) | HE rows  2 EN rows  2 | 'There H HhH Hyou shall slaughter the Paschal lamb in the eve'
   134 head (16, 7) | HE rows  5 EN rows  5 | 'Then you shall cook and eat it  in the place which HASHEM yo'
   135 head None | HE rows  3 EN rows  3 | 'Then, on the seventh day—it is a Closure-festival 452In rabb'
   136 head (16, 9) | HE rows  8 EN rows  8 | 'Seven weeks shall you count for yourselves'
   137 head (16, 10) | HE rows  3 EN rows  3 | 'Then you shall celebrate the Feast of Weeks 465Heb: khag has'
   138 head (16, 11) | HE rows  8 EN rows  8 | 'And you shall rejoice'
   139 head (16, 12) | HE rows  1 EN rows  1 | 'So that you remember that you were a slave in Egypt,and you '
   140 head (16, 13) | HE rows  7 EN rows  7 | 'A Feast of Huts shall you celebrate for yourself, seven days'
   141 head (16, 14) | HE rows  3 EN rows  3 | 'And you shall rejoice'
   142 head (16, 15) | HE rows  6 EN rows  6 | 'For seven days shall you be festive before HASHEM your God,i'
   143 head (16, 16) | HE rows  9 EN rows  9 | 'At three steps (pe`amim) of the year'
   144 head (16, 18) | HE rows 15 EN rows 15 | 'Justices and officers'
   145 head (16, 21) | HE rows  4 EN rows  4 | 'Do not plant for yourself an Asherah of any wood'
   146 head (16, 22) | HE rows  1 EN rows  1 | 'Neither shall you erect for yourself a pillar'
   147 head (17, 1) | HE rows  7 EN rows  7 | 'Do not slaughter for HASHEM your God an ox or a sheep'
   148 head (17, 2) | HE rows 10 EN rows 10 | 'When there is found among you'
   149 head (17, 4) | HE rows  7 EN rows  7 | 'And it is reported to you, and you have heard it,38Heb: sham'
   150 head (17, 6) | HE rows  3 EN rows  3 | 'By the testimony of two witnesses or three witnessesshall th'
  heads whose chapter is 16 : [(127, (16, 1)), (128, (16, 1)), (129, (16, 2)), (130, (16, 3)), (131, (16, 4)), (132, (16, 5)), (133, (16, 6)), (134, (16, 7)), (136, (16, 9)), (137, (16, 10)), (138, (16, 11)), (139, (16, 12)), (140, (16, 13)), (141, (16, 14)), (142, (16, 15)), (143, (16, 16)), (144, (16, 18)), (145, (16, 21)), (146, (16, 22))] | heads by chapter 1-16: [(1, 24), (3, 4), (6, 6), (11, 21), (12, 20), (13, 14), (14, 14), (15, 16), (16, 19), (17, 16), (18, 16), (19, 10), (20, 14), (21, 17), (22, 22), (23, 22)]
  HE rows citing Deut 16 (the export's verse → the DB's): 29 [(52, 4, 16, [16]), (127, 1, 1, [1]), (128, 1, 1, [1]), (128, 2, 2, [2]), (129, 1, 2, [2]), (129, 2, 1, [1]), (130, 1, 3, [3]), (131, 1, 4, [4]), (132, 1, 5, [5]), (133, 1, 6, [6]), (134, 1, 7, [7]), (134, 5, 8, [8]), (136, 1, 9, [9]), (137, 1, 10, [10]), (138, 1, 11, [11]), (139, 1, 12, [12]), (140, 1, 13, [13]), (141, 1, 14, [14]), (142, 1, 15, [15]), (143, 1, 16, [16]), (143, 9, 17, [17]), (144, 1, 18, [18]), (144, 7, 19, [19]), (144, 8, 19, [19]), (144, 12, 20, [20]), (145, 1, 21, [21]), (146, 1, 22, [22]), (147, 2, 5, [5]), (281, 1, 19, [19])]
  EN rows citing Deut 16 : 132 [(52, 4, 16, [16]), (127, 1, 1, [1]), (127, 2, 1, [1]), (127, 3, 1, [1]), (127, 4, 1, [1]), (127, 6, 1, [1]), (128, 1, 1, [1]), (128, 2, 2, [2]), (128, 3, 1, [1]), (128, 4, 1, [1]), (128, 5, 1, [1]), (129, 1, 2, [2]), (129, 3, 2, [2]), (129, 5, 1, [1]), (129, 6, 2, [2]), (129, 6, 2, [2]), (129, 6, 14, [14]), (129, 7, 2, [2]), (130, 1, 3, [3]), (130, 1, 3, [3]), (130, 2, 3, [3]), (130, 3, 3, [3]), (130, 4, 3, [3]), (130, 4, 3, [3]), (130, 6, 3, [3]), (130, 7, 3, [3]), (130, 7, 3, [3]), (131, 1, 4, [4]), (131, 1, 4, [4]), (131, 1, 4, [4]), (131, 2, 4, [4]), (131, 3, 4, [4]), (131, 4, 4, [4]), (131, 5, 4, [4]), (131, 5, 4, [4]), (132, 1, 5, [5]), (132, 1, 5, [5]), (132, 3, 5, [5]), (132, 4, 5, [5]), (133, 1, 6, [6]), (134, 1, 7, [7]), (134, 2, 7, [7]), (134, 3, 7, [7]), (134, 4, 7, [7]), (134, 4, 8, [8]), (134, 5, 8, [8]), (134, 5, 8, [8]), (135, 1, 8, [8]), (135, 1, 8, [8]), (135, 1, 8, [8]), (135, 2, 8, [8]), (135, 3, 8, [8]), (136, 1, 9, [9]), (136, 1, 9, [9]), (136, 2, 9, [9]), (136, 4, 9, [9]), (137, 1, 10, [10]), (137, 1, 10, [10]), (137, 2, 10, [10]), (137, 3, 10, [10]), (138, 1, 11, [11]), (138, 2, 11, [11]), (138, 3, 14, [14]), (138, 3, 16, [16]), (139, 1, 12, [12]), (139, 1, 12, [12]), (140, 1, 13, [13]), (140, 2, 13, [13]), (140, 3, 13, [13]), (140, 4, 13, [13]), (140, 6, 13, [13]), (141, 1, 14, [14]), (141, 2, 14, [14]), (141, 3, 14, [14]), (142, 1, 15, [15]), (142, 1, 15, [15]), (142, 2, 15, [15]), (142, 3, 15, [15]), (142, 3, 15, [15]), (142, 4, 15, [15]), (142, 5, 15, [15]), (142, 6, 15, [15]), (143, 1, 16, [16]), (143, 3, 16, [16]), (143, 4, 16, [16]), (143, 5, 16, [16]), (143, 6, 16, [16]), (143, 7, 16, [16]), (143, 7, 13, [13]), (143, 8, 16, [16]), (143, 9, 17, [17]), (143, 9, 17, [17]), (144, 1, 18, [18]), (144, 1, 18, [18]), (144, 1, 18, [18]), (144, 2, 18, [18]), (144, 3, 18, [18]), (144, 4, 18, [18]), (144, 4, 18, [18]), (144, 4, 18, [18]), (144, 4, 18, [18]), (144, 5, 18, [18]), (144, 6, 18, [18]), (144, 7, 18, [18]), (144, 7, 19, [19]), (144, 7, 18, [18]), (144, 8, 19, [19]), (144, 9, 19, [19]), (144, 10, 19, [19]), (144, 10, 19, [19]), (144, 10, 19, [19]), (144, 10, 19, [19]), (144, 11, 19, [19]), (144, 11, 19, [19]), (144, 11, 19, [19]), (144, 11, 19, [19]), (144, 11, 19, [19]), (144, 11, 19, [19]), (144, 12, 20, [20]), (144, 12, 20, [20]), (144, 13, 20, [20]), (144, 14, 20, [20]), (144, 15, 20, [20]), (145, 1, 21, [21]), (145, 1, 21, [21]), (145, 2, 21, [21]), (145, 2, 21, [21]), (145, 3, 21, [21]), (145, 3, 21, [21]), (146, 1, 22, [22]), (147, 2, 5, [5]), (281, 1, 19, [19])]
  EN "ibid 16:n" candidates: 0
  the union of rows (both files): 93 [(52, 4), (127, 1), (127, 2), (127, 3), (127, 4), (127, 6), (128, 1), (128, 2), (128, 3), (128, 4), (128, 5), (129, 1), (129, 2), (129, 3), (129, 5), (129, 6), (129, 7), (130, 1), (130, 2), (130, 3), (130, 4), (130, 6), (130, 7), (131, 1), (131, 2), (131, 3), (131, 4), (131, 5), (132, 1), (132, 3), (132, 4), (133, 1), (134, 1), (134, 2), (134, 3), (134, 4), (134, 5), (135, 1), (135, 2), (135, 3), (136, 1), (136, 2), (136, 4), (137, 1), (137, 2), (137, 3), (138, 1), (138, 2), (138, 3), (139, 1), (140, 1), (140, 2), (140, 3), (140, 4), (140, 6), (141, 1), (141, 2), (141, 3), (142, 1), (142, 2), (142, 3), (142, 4), (142, 5), (142, 6), (143, 1), (143, 3), (143, 4), (143, 5), (143, 6), (143, 7), (143, 8), (143, 9), (144, 1), (144, 2), (144, 3), (144, 4), (144, 5), (144, 6), (144, 7), (144, 8), (144, 9), (144, 10), (144, 11), (144, 12), (144, 13), (144, 14), (144, 15), (145, 1), (145, 2), (145, 3), (146, 1), (147, 2), (281, 1)]
  the rows OUTSIDE the spine piskaot (the union less the on-chapter piskaot 127 - 146 ): 6 [(52, 4), (135, 1), (135, 2), (135, 3), (147, 2), (281, 1)] | in-spine rows of the union: 87
  outside rows file bytes 11233
==== B. ONKELOS chapter 16 and the DB (the dump per DB verse; a shared export row printed at its first DB verse)
  the store's chapter 16 verses 22 | verses whose store token count differs from the DB: []
  token count chapter 16 : 334
  onkelos dump bytes 28374
==== C. THE PARSER on every verse of chapter 16
  16:3   N [7]                      O []             marked []
  16:4   N [7]                      O [1]            marked []
  16:5   N [1]                      O []             marked []
  16:8   N [6]                      O [7]            marked []
  16:9   N [7, 7]                   O []             marked ['שבעת*']
  16:13  N [7]                      O []             marked []
  16:15  N [7]                      O []             marked []
  16:16  N [3]                      O []             marked []
  number-word tokens present per verse (the bare check against the parser): {'16:4': ['הראשון'], '16:5': ['באחד'], '16:8': ['ששת', 'השביעי']}
  16:1 tokens: ['שמור', 'את', 'חדש', 'האביב', 'ועשית', 'פסח', 'ליהוה', 'אלהיך', 'כי', 'בחדש', 'האביב', 'הוציאך', 'יהוה', 'אלהיך', 'ממצרים', 'לילה']
  16:3 tokens: ['לא', 'תאכל', 'עליו', 'חמץ', 'שבעת', 'ימים', 'תאכל', 'עליו', 'מצות', 'לחם', 'עני', 'כי', 'בחפזון', 'יצאת', 'מארץ', 'מצרים', 'למען', 'תזכר', 'את', 'יום', 'צאתך', 'מארץ', 'מצרים', 'כל', 'ימי', 'חייך']
  16:4 tokens: ['ולא', 'יראה', 'לך', 'שאר', 'בכל', 'גבלך', 'שבעת', 'ימים', 'ולא', 'ילין', 'מן', 'הבשר', 'אשר', 'תזבח', 'בערב', 'ביום', 'הראשון', 'לבקר']
  16:5 tokens: ['לא', 'תוכל', 'לזבח', 'את', 'הפסח', 'באחד', 'שעריך', 'אשר', 'יהוה', 'אלהיך', 'נתן', 'לך']
  16:8 tokens: ['ששת', 'ימים', 'תאכל', 'מצות', 'וביום', 'השביעי', 'עצרת', 'ליהוה', 'אלהיך', 'לא', 'תעשה', 'מלאכה']
  16:9 tokens: ['שבעה', 'שבעת*', 'תספר', 'לך', 'מהחל', 'חרמש', 'בקמה', 'תחל', 'לספר', 'שבעה', 'שבעות']
  16:13 tokens: ['חג', 'הסכת', 'תעשה', 'לך', 'שבעת', 'ימים', 'באספך', 'מגרנך', 'ומיקבך']
  16:15 tokens: ['שבעת', 'ימים', 'תחג', 'ליהוה', 'אלהיך', 'במקום', 'אשר', 'יבחר', 'יהוה', 'כי', 'יברכך', 'יהוה', 'אלהיך', 'בכל', 'תבואתך', 'ובכל', 'מעשה', 'ידיך', 'והיית', 'אך', 'שמח']
  16:16 tokens: ['שלוש', 'פעמים', 'בשנה', 'יראה', 'כל', 'זכורך', 'את', 'פני', 'יהוה', 'אלהיך', 'במקום', 'אשר', 'יבחר', 'בחג', 'המצות', 'ובחג', 'השבעות', 'ובחג', 'הסכות', 'ולא', 'יראה', 'את', 'פני', 'יהוה', 'ריקם']
  16:22 tokens: ['ולא', 'תקים', 'לך', 'מצבה', 'אשר', 'שנא', 'יהוה', 'אלהיך']
==== D. CASE TOKENS, FRAMES, REGISTER, NAMES
  case tokens (כי "when/for" / אם "if" / ואם / או "or" / פן "lest"): {'16:1': ['כי'], '16:3': ['כי'], '16:6': ['כי', 'אם'], '16:12': ['כי'], '16:15': ['כי'], '16:19': ['כי']}
  divine frames (ויאמר/וידבר + יהוה): []
  לאמר "saying" seats: []
  narrative-form verbs (V.w) per verse: {}
  first-person verb forms (1cs / 1cp) per verse: {}
  imperatives (Vq.v / Vp.v / Vh.v) per verse: {}
  prohibitions לא + imperfect (the ten's form) per verse: {3: [('תאכל', 'HVqi2ms')], 4: [('יראה', 'HVNi3ms'), ('ילין', 'HVqi3ms')], 5: [('תוכל', 'HVqi2ms')], 8: [('תעשה', 'HVqi2ms')], 16: [('יראה', 'HVNi3ms')], 19: [('תטה', 'HVhi2ms'), ('תכיר', 'HVhi2ms'), ('תקח', 'HVqi2ms')], 21: [('תטע', 'HVqi2ms')], 22: [('תקים', 'HVhi2ms')]}
  name tokens (Np): {1: ['ליהוה', 'יהוה', 'ממצרים'], 2: ['ליהוה', 'יהוה'], 3: ['מצרים', 'מצרים'], 5: ['יהוה'], 6: ['יהוה', 'ממצרים'], 7: ['יהוה'], 8: ['ליהוה'], 10: ['ליהוה', 'יהוה'], 11: ['יהוה', 'יהוה'], 12: ['במצרים'], 15: ['ליהוה', 'יהוה', 'יהוה'], 16: ['יהוה', 'יהוה'], 17: ['יהוה'], 18: ['יהוה'], 20: ['יהוה'], 21: ['אשרה', 'יהוה'], 22: ['יהוה']}
  second-person plural vs singular (2mp / 2ms tokens per verse): {1: (0, 4), 2: (0, 2), 3: (0, 6), 4: (0, 3), 5: (0, 3), 6: (0, 3), 7: (0, 6), 8: (0, 3), 9: (0, 2), 10: (0, 6), 11: (0, 10), 12: (0, 4), 13: (0, 5), 14: (0, 8), 15: (0, 7), 16: (0, 2), 17: (0, 1), 18: (0, 6), 19: (0, 3), 20: (0, 4), 21: (0, 4), 22: (0, 3)}
==== E. THE REGISTER GATE on Deut 16
  dispositions naming Deut 16: []
  REGISTER_INDEX lines on Deut 16:
==== F. THE PRIOR READS
  ledgers with an Onkelos Deut 16 row: []
  prior Sifrei Devarim rows anywhere (strict form), those among the outside rows: [('deu_11_ekev_reeh_2026-09-20.md', 52, 4), ('deu_12_reeh_2026-09-20.md', 138, 1), ('deu_12_reeh_2026-09-20.md', 145, 3), ('deu_12_reeh_2026-09-20.md', 147, 2)] | all prior rows count 993
  ledgers NAMING a verse of Deut 16: 30
    ('deu_01_03_devarim_exam_2026-09-15.md', 4, ['Deuteronomy 16:18', 'Deuteronomy 16:20'])
    ('deu_12_reeh_exam_2026-09-20.md', 5, ['Deut 16:10', 'Deut 16:16', 'Deut 16:7'])
    ('deu_14_reeh_exam_2026-09-21.md', 1, ['Deuteronomy 16:20'])
    ('deu_15_reeh_exam_2026-09-23.md', 1, ['Deuteronomy 16:20'])
    ('erection_docket_2026-09-06.md', 2, ['Deut 16:17'])
    ('exodus_block_calendar_2026-09-04.md', 1, ['Deut 16:1'])
    ('exodus_block_courts_2026-09-04.md', 1, ['Deut 16:18'])
    ('exodus_block_festivals_2026-09-04.md', 1, ['Deut 16:7'])
    ('exodus_block_leaven_2026-09-04.md', 2, ['Deut 16:2-3', 'Deut 16:3'])
    ('exodus_block_matza_2026-09-04.md', 1, ['Deut 16:8'])
    ('exodus_block_pesach_2026-09-04.md', 2, ['Deut 16:1', 'Deut 16:2'])
    ('gen_04_lights_calendar_2026-07-30.md', 1, ['Deut 16:1'])
    ('gen_55_two_camps_wrestled_name_2026-08-27.md', 1, ['Deuteronomy 16:19'])
    ('lev_07_shelamim_types_2026-09-03.md', 2, ['Deut 16:2', 'Deut 16:4'])
    ('lev_23_festivals_2026-09-05.md', 7, ['Deut 16:13', 'Deut 16:15', 'Deut 16:3', 'Deut 16:8', 'Deut 16:9'])
    ('menachot_topic_docket_2026-09-05.md', 1, ['Deut 16:2'])
    ('num_09_pesach_cloud_2026-09-09.md', 2, ['Deut 16:1', 'Deut 16:3'])
    ('num_13_15_shelach_exam_2026-09-10.md', 1, ['Deut 16:3'])
    ('num_15_offerings_laws_2026-09-10.md', 3, ['Deut 16:3'])
    ('num_22_balak_bilam_call_2026-09-11.md', 3, ['Deut 16:16', 'Deuteronomy 16:16'])
    ('num_23_oracles_1_2_2026-09-11.md', 1, ['Deuteronomy 16:16'])
    ('num_24_oracles_3_4_2026-09-11.md', 1, ['Deuteronomy 16:16'])
    ('num_25_peor_pinchas_2026-09-11.md', 2, ['Deut 16:18', 'Deuteronomy 16:16'])
    ('num_28_29_musafim_exam_2026-09-11.md', 25, ['Deut 16:10', 'Deut 16:15', 'Deut 16:16', 'Deut 16:3', 'Deut 16:7', 'Deut 16:7-8', 'Deut 16:8', 'Deut 16:9', 'Deut 16:9-10'])
    ('num_28_pesach_shavuot_2026-09-11.md', 3, ['Deuteronomy 16:3', 'Deuteronomy 16:8'])
    ('num_29_fall_festivals_2026-09-11.md', 5, ['Deuteronomy 16:7', 'Deuteronomy 16:8'])
    ('num_30_vows_exam_2026-09-12.md', 3, ['Deut 16:16', 'Deut 16:7'])
    ('num_33_journeys_exam_2026-09-12.md', 1, ['Deuteronomy 16:1'])
    ('num_35_refuge_cities_exam_2026-09-13.md', 1, ['Deuteronomy 16:18'])
    ('pre_sinai_docket_2026-09-06.md', 1, ['Deut 16:3'])
  ledgers with an Onkelos Exod 12 / Exod 13 / Exod 23 / Exod 34 / Lev 23 / Num 9 / Num 28 / Num 29 row (the kin's reading — the Passover 12:1-28, 12:43-50, the unleavened bread and the month of Aviv 13:3-10, the three pilgrimages 23:14-19 and 34:18-26, the appointed times Leviticus 23, the second Passover Numbers 9, the offerings 28-29 for 16:1-17): ['erection_docket_2026-09-06.md', 'exo_23_escort_land_2026-09-01.md', 'exo_23_justice_calendar_2026-09-01.md', 'exo_34_second_tablets_2026-09-01.md', 'lev_23_festivals_2026-09-05.md', 'num_09_pesach_cloud_2026-09-09.md', 'num_28_daily_shabbat_rosh_2026-09-11.md', 'num_28_pesach_shavuot_2026-09-11.md', 'num_29_fall_festivals_2026-09-11.md'] | ledgers with an Onkelos Exod 18 / Exod 23 / Lev 19 / Deut 1 row (the judges and the bribe — Exodus 18:13-26, 23:1-8, Leviticus 19:15, Deuteronomy 1:9-18 for 16:18-20): ['deu_01_03_devarim_2026-09-15.md', 'exo_23_escort_land_2026-09-01.md', 'exo_23_justice_calendar_2026-09-01.md', 'lev_19_kedoshim_2026-09-05.md'] | ledgers with an Onkelos Exod 34 / Lev 26 / Deut 7 / Deut 12 row (the asherah and the pillar — Exodus 34:13, Leviticus 26:1, Deuteronomy 7:5, 12:3 for 16:21-22): ['deu_07_vaetchanan_ekev_2026-09-17.md', 'deu_12_reeh_2026-09-20.md', 'erection_docket_2026-09-06.md', 'exo_34_second_tablets_2026-09-01.md', 'lev_25_slave_jubilee_2026-09-05.md', 'lev_26_blessings_curses_2026-09-05.md']
==== G. THE DRAFTS
  deu_15_release_firstborn: refs 15:1-23; steps (15, 1)..(15, 23) n=23; draft False; operators True; depends_on ['    - "deu_14_food_tithe"\n    - "lev_25_shemittah"\n    - "exo_21_slave_person"\n']; scenarios 30; binary_trees True; step E True; comment lines 28
  deu_16_festivals_judges: refs 16:1-22; steps (16, 1)..(16, 22) n=22; draft True; operators False; depends_on ['    - "deu_15_release_firstborn"\n    - "lev_23_spring_festivals"\n    - "lev_23_fall_festivals"\n']; scenarios 29; binary_trees True; step E False; comment lines 26
    the step verses: [1, 2, 3, 4, 5, 6, 7, 8, 9, 10, 11, 12, 13, 14, 15, 16, 17, 18, 19, 20, 21, 22] | covers DB 22 ? True
  the units' claim prefixes present anywhere? {'DV16': 0, 'DV16A': 0, 'DV16B': 0, 'DV15': 2, 'DV17': 0}
  existing manifests deu_16*: [] | ledgers deu_*: ['deu_01_03_devarim_2026-09-15.md', 'deu_01_03_devarim_exam_2026-09-15.md', 'deu_04_vaetchanan_2026-09-16.md', 'deu_04_vaetchanan_exam_2026-09-16.md', 'deu_05_vaetchanan_2026-09-16.md', 'deu_05_vaetchanan_exam_2026-09-16.md', 'deu_06_vaetchanan_2026-09-17.md', 'deu_06_vaetchanan_exam_2026-09-17.md', 'deu_07_vaetchanan_ekev_2026-09-17.md', 'deu_07_vaetchanan_ekev_exam_2026-09-18.md', 'deu_08_ekev_2026-09-18.md', 'deu_08_ekev_exam_2026-09-19.md', 'deu_09_ekev_2026-09-19.md', 'deu_09_ekev_exam_2026-09-19.md', 'deu_10_ekev_2026-09-19.md', 'deu_10_ekev_exam_2026-09-20.md', 'deu_11_ekev_reeh_2026-09-20.md', 'deu_11_ekev_reeh_exam_2026-09-20.md', 'deu_12_reeh_2026-09-20.md', 'deu_12_reeh_exam_2026-09-20.md', 'deu_13_reeh_2026-09-21.md', 'deu_13_reeh_exam_2026-09-21.md', 'deu_14_reeh_2026-09-21.md', 'deu_14_reeh_exam_2026-09-21.md', 'deu_15_reeh_2026-09-22.md', 'deu_15_reeh_exam_2026-09-23.md']
  unit count and standing (CORPUS_TRUTH literals): []
==== H. THE STORE'S GLOSSES on chapter 16
  gloss Counter (the 50 commonest): [('God-you/your', 19), ('YHWH', 17), ('which', 17), ('to-you/your', 11), ('obj-marker·et', 9), ('day', 7), ('try', 6), ('not', 6), ('seven', 6), ('set', 6), ('to-YHWH', 5), ('that', 5), ('in-place', 5), ('and-not', 5), ('and-make', 3), ('bring-forth-you/your', 3), ('to-reside', 3), ('name-him/its', 3), ('there', 3), ('eat', 3), ('all', 3), ('see', 3), ('in-all', 3), ('make', 3), ('sevened', 3), ('face', 3), ('right', 3), ('the-green', 2), ('pretermission', 2), ('from-Egypt', 2), ('over-him/its', 2), ('sweetness', 2), ('from-earth', 2), ('Egypt', 2), ('so-that', 2), ('slaughter-an-animal', 2), ('in-evening', 2), ('the-pretermission', 2), ('gate-you/your', 2), ('festival', 2), ('hand-you/your', 2), ('bless-you/your', 2), ('and-brighten-up', 2), ('you', 2), ('and-son-you/your', 2), ('and-daughter-you/your', 2), ('and-servant-you/your', 2), ('and-maidservant-you/your', 2), ('and-the-Levite', 2), ('in-gate-you/your', 2)]
  gloss file bytes 10298
  overrides already for Deut.16: [] | by_ref last Deut.15 line: ['  "Deut.15.23:7": "you-shall-pour-it"   # תשפכנו']
==== I. THE SPINE ON THE CHAPTER — the Sifrei piskaot whose head is in chapter 16 (the spine on the chapter an eighth time), whole
  SPINE (computed from the heads): [127, 128, 129, 130, 131, 132, 133, 134, 136, 137, 138, 139, 140, 141, 142, 143, 144, 145, 146] | contiguous? False | the heads by verse: [(127, 1), (128, 1), (129, 2), (130, 3), (131, 4), (132, 5), (133, 6), (134, 7), (136, 9), (137, 10), (138, 11), (139, 12), (140, 13), (141, 14), (142, 15), (143, 16), (144, 18), (145, 21), (146, 22)] | the heads before and after: {126: (15, 21), 147: (17, 1)}
  rows per piska (HE, EN): {127: (8, 8), 128: (5, 5), 129: (7, 7), 130: (7, 7), 131: (5, 5), 132: (4, 4), 133: (2, 2), 134: (5, 5), 136: (8, 8), 137: (3, 3), 138: (8, 8), 139: (1, 1), 140: (7, 7), 141: (3, 3), 142: (6, 6), 143: (9, 9), 144: (15, 15), 145: (4, 4), 146: (1, 1)} | total HE rows 108 | HE == EN everywhere? True
  spine file bytes 81256 | bytes per piska HE+EN: {127: 3281, 128: 3701, 129: 3497, 130: 4179, 131: 4094, 132: 3129, 133: 1251, 134: 3436, 136: 2779, 137: 1625, 138: 2604, 139: 1084, 140: 4672, 141: 1078, 142: 2745, 143: 5245, 144: 8105, 145: 2365, 146: 787}
  prior reads among the spine rows (any ledger): [('deu_12_reeh_2026-09-20.md', 138, 1), ('deu_12_reeh_2026-09-20.md', 145, 3)]
  the spine rows citing a verse of chapter 16 in the Hebrew (p, r, the export verses): [(127, 1, [1]), (128, 1, [1]), (128, 2, [2]), (129, 1, [2]), (129, 2, [1]), (130, 1, [3]), (131, 1, [4]), (132, 1, [5]), (133, 1, [6]), (134, 1, [7]), (134, 5, [8]), (136, 1, [9]), (137, 1, [10]), (138, 1, [11]), (139, 1, [12]), (140, 1, [13]), (141, 1, [14]), (142, 1, [15]), (143, 1, [16]), (143, 9, [17]), (144, 1, [18]), (144, 7, [19]), (144, 8, [19]), (144, 12, [20]), (145, 1, [21]), (146, 1, [22])]
  the spine rows' own Hebrew citations (book, chapter, verse) by row: [(127, 1, [('דברים', 16, 1)]), (128, 1, [('דברים', 16, 1)]), (128, 2, [('דברים', 16, 2)]), (128, 4, [('תהלים', 68, 7)]), (128, 5, [('במדבר', 33, 3)]), (129, 1, [('דברים', 16, 2)]), (129, 2, [('דברים', 16, 1)]), (130, 1, [('דברים', 16, 3)]), (130, 6, [('שמות', 11, 7)]), (131, 1, [('דברים', 16, 4)]), (131, 2, [('פסחים', 3, 7)]), (131, 3, [('שמות', 13, 7)]), (131, 5, [('ויקרא', 7, 16), ('ויקרא', 7, 16)]), (132, 1, [('דברים', 16, 5)]), (133, 1, [('דברים', 16, 6)]), (134, 1, [('דברים', 16, 7)]), (134, 5, [('דברים', 16, 8), ('שמות', 12, 15)]), (136, 1, [('דברים', 16, 9), ('ויקרא', 23, 15)]), (136, 5, [('ויקרא', 23, 15)]), (136, 6, [('ויקרא', 23, 15)]), (136, 7, [('ויקרא', 23, 15)]), (137, 1, [('דברים', 16, 10), ('שמות', 23, 16)]), (138, 1, [('דברים', 16, 11), ('דברים', 27, 7)]), (139, 1, [('דברים', 16, 12)]), (140, 1, [('דברים', 16, 13), ('ויקרא', 23, 34)]), (140, 4, [('ויקרא', 23, 40), ('ויקרא', 23, 42)]), (141, 1, [('דברים', 16, 14)]), (142, 1, [('דברים', 16, 15), ('ויקרא', 23, 34)]), (142, 2, [('ויקרא', 23, 41)]), (143, 1, [('דברים', 16, 16), ('ישעיה', 26, 6)]), (143, 5, [('שמות', 23, 14)]), (143, 9, [('דברים', 16, 17)]), (144, 1, [('דברים', 16, 18)]), (144, 7, [('דברים', 16, 19)]), (144, 8, [('דברים', 16, 19)]), (144, 12, [('דברים', 16, 20)]), (145, 1, [('דברים', 16, 21)]), (145, 3, [('דברים', 12, 3)]), (146, 1, [('דברים', 16, 22)])]
  the spine rows' English citations by row: [(127, 1, ['Dt.16:1', 'Ex. 12:2']), (127, 2, ['Dt.16:1']), (127, 3, ['Dt.16:1']), (127, 4, ['Dt.16:1', 'Lv.23:1-44']), (127, 5, ['Nu.9:1-14']), (127, 6, ['Dt.16:1-17']), (128, 1, ['Dt.16:1']), (128, 2, ['Dt.16:2']), (128, 3, ['Dt.16:1']), (128, 4, ['Dt.16:1']), (128, 5, ['Dt.16:1', 'Nu.33:3']), (129, 1, ['Dt.16:2']), (129, 3, ['Dt.16:2']), (129, 5, ['Dt.16:1']), (129, 6, ['Dt.16:2', 'Dt.16:2', 'Dt.16:14-17']), (129, 7, ['Dt.16:2']), (130, 1, ['Dt.16:3', 'Dt.16:3']), (130, 2, ['Dt.16:3']), (130, 3, ['Dt.16:3']), (130, 4, ['Dt.16:3', 'Dt.16:3']), (130, 6, ['Dt.16:3', 'Ex.11:7']), (130, 7, ['Dt.16:3', 'Dt.16:3']), (131, 1, ['Dt.16:4', 'Dt.16:4', 'Dt.16:4']), (131, 2, ['Dt.16:4']), (131, 3, ['Ex.13:7', 'Dt.16:4']), (131, 4, ['Dt.16:4']), (131, 5, ['Dt.16:4', 'Lv.7:16-17', 'Dt. 16:4']), (132, 1, ['Dt.16:5', 'Dt.16:5']), (132, 3, ['Dt.16:5']), (132, 4, ['Dt.16:5']), (133, 1, ['Dt.16:6']), (134, 1, ['Dt.16:7']), (134, 2, ['Dt.16:7']), (134, 3, ['Dt.16:7']), (134, 4, ['Dt.16:7', 'Dt.16:8']), (134, 5, ['Dt.16:8', 'Dt.16:8', 'Ex.12:15']), (136, 1, ['Dt.16:9', 'Dt.16:9']), (136, 2, ['Dt.16:9']), (136, 4, ['Dt.16:9']), (136, 5, ['Lv.23:15']), (136, 6, ['Lv.23:15']), (136, 7, ['Lv.23:15']), (137, 1, ['Dt.16:10', 'Ex.23:16', 'Dt.16:10']), (137, 2, ['Dt.16:10']), (137, 3, ['Dt.16:10']), (138, 1, ['Dt.16:11']), (138, 2, ['Dt.16:11']), (138, 3, ['Dt. 16:16']), (139, 1, ['Dt.16:12', 'Dt.16:12']), (140, 1, ['Dt.16:13', 'Lv.23:34']), (140, 2, ['Dt.16:13']), (140, 3, ['Dt.16:13']), (140, 4, ['Dt.16:13', 'Lv.23:40', 'Lv.23:42']), (140, 6, ['Dt.16:13']), (141, 1, ['Dt.16:14']), (141, 2, ['Dt.16:14']), (141, 3, ['Dt.16:14']), (142, 1, ['Dt.16:15', 'Lv.23:34', 'Dt.16:15']), (142, 2, ['Lv.23:41', 'Dt.16:15']), (142, 3, ['Dt.16:15', 'Dt.16:15']), (142, 4, ['Dt.16:15']), (142, 5, ['Dt.16:15']), (142, 6, ['Dt.16:15']), (143, 1, ['Is.26:6']), (143, 3, ['Dt.16:16']), (143, 4, ['Dt.16:16']), (143, 5, ['Dt.16:16', 'Ex.23:14']), (143, 6, ['Dt.16:16']), (143, 7, ['Dt.16:16', 'Dt.16:13']), (143, 8, ['Dt.16:16']), (143, 9, ['Dt.16:17', 'Dt.16:17']), (144, 1, ['Dt.16:18', 'Dt.16:18', 'Dt.16:18']), (144, 2, ['Dt.16:18']), (144, 3, ['Dt.16:18']), (144, 4, ['Dt.16:18', 'Dt.16:18', 'Dt.16:18', 'Dt.16:18']), (144, 5, ['Dt.16:18']), (144, 6, ['Dt.16:18']), (144, 7, ['Dt.16:18', 'Dt.16:19', 'Dt.16:18']), (144, 8, ['Dt. 16:19']), (144, 9, ['Dt.16:19']), (144, 10, ['Dt.16:19', 'Dt.16:19', 'Dt.16:19', 'Dt.16:19']), (144, 11, ['Dt.16:19', 'Dt.16:19', 'Dt.16:19', 'Dt.16:19', 'Dt.16:19', 'Dt.16:19']), (144, 12, ['Dt.16:20', 'Dt.16:20']), (144, 13, ['Dt.16:20']), (144, 14, ['Dt.16:20']), (144, 15, ['Dt.16:20']), (145, 1, ['Dt.16:21', 'Dt.16:21']), (145, 2, ['Dt.16:21', 'Dt.16:21']), (145, 3, ['Dt.16:21', 'Dt.12:3', 'Dt.16:21']), (146, 1, ['Dt.16:22'])]
  the spine rows with NO citation in either file: [(127, 7), (127, 8), (129, 4), (130, 5), (132, 2), (133, 2), (136, 3), (136, 8), (138, 4), (138, 5), (138, 6), (138, 7), (138, 8), (140, 5), (140, 7), (143, 2), (145, 4)]
  THE PORTION EDGE inside the chapter (Re'eh ends at 16:17, Shoftim opens at 16:18) — the heads by verse, and the verses of the chapter with no head: [1, 2, 3, 4, 5, 6, 7, 9, 10, 11, 12, 13, 14, 15, 16, 18, 21, 22] [8, 17, 19, 20]
