guard: 53 expectations checked, every one a literal from the answer sheet [honest-pairing guard satisfied]

THE APPOINTED TIMES ENGINE STANDS — two work classes read off two token forms, the fast's two sanctions in their own verbs, the omer's arithmetic and gate from the ink, the four species counted by grammatical number, and the morrow ruled by the Sifra's four routes with Onkelos writing it into the verse.

THE CONSECRATION, SUBSTITUTION, AND DEVOTION MACHINE COMPILES — the two substitution verbs, "beast for beast," "it and its substitute" at the vow and the tithe, the fifth censused five times, the partitive "from all that he has," the ordinal tenth under the rod; three calls into sister engines: the Jubilee engine's tithe naming and the Passover engine's firstling donkey.
THE INK (printed before it is asserted): PARSE {3: ([7], [], []), 4: ([7], [1], []), 5: ([1], [], []), 8: ([6], [7], []), 9: ([7, 7], [], ['שבעת*']), 13: ([7], [], []), 15: ([7], [], []), 16: ([3], [], [])}, NUMV [3, 4, 5, 8, 9, 13, 15, 16], ORDV [4, 8], STARV [9], TOKN 334
THE CLOCK (printed before it is asserted): {'counter': (40, 11, 1), 'passover': (1, 14), 'passover_1': (1, 15), 'passover_7': {'from': 'passover_1', 'plus': 6}, 'atzeret': {'from': 'omer', 'plus': 49}, 'sukkot_1': (7, 15), 'omer_day': (1, 16), 'leap': {'position': 'after_month_12', 'length': 30}, 'threshold': 16, 'grounds': ['spring_grain', 'tree_fruit', 'season'], 'leap_by': ['count'], 'slots': ['evening', 'night', 'midnight', 'dawn', 'morning', 'noon', 'between_the_evenings', 'sunset'], 'between_the_evenings_from': 6.5, 'no_marker': True}
THE SCANS (printed before they are asserted): holes []; bribe []; burn ['aaron-and-sons']; place ['israel_people']; rejoice ['israel_people']; booths []; omer []; courts ['israel_people']; judges ['the_court']; appear ([], []); pillars (['the_pillar_of_bethel'], ['the_pillar_of_gilead']); pervert []
THE TWINS DIFFED (printed before they are asserted): {'16:1 vs Exod 34:18': 7, '16:1 vs Exod 23:15': 5, '16:4 vs Exod 13:7': 6, '16:4 vs Exod 34:25': 3, '16:6 vs Exod 12:6': 0, '16:8 vs Exod 13:6': 5, '16:9 vs Lev 23:15': 0, '16:11 vs 12:18': 13, '16:11 vs 16:14': 11, '16:12 vs 5:15': 5, '16:12 vs 24:18': 6, '16:16 vs Exod 34:23': 8, '16:16 vs Exod 23:17': 7, '16:17 vs 12:15': 6, '16:18 vs 1:16': 2, '16:19 vs Exod 23:8': 7, '16:20 vs 4:1': 6, '16:21 vs 7:5': 0, '16:22 vs 12:31': 2}
THE CALLEES (asserted from their prints): MO window after_midday, morrow festival, count 49, booths 7, the seventh servile_only; PS night only, until midnight / roasted only / burn on the 16th / invalid if not for its sake; CA male owes the three appearings; ER stand standing_liability_like_the_appearance_offering, amounts ('two_silver', 'maah'), made made_objects_not_the_ground; MU redress seven days of redress — Pesach's analogy; PN place the place which the LORD will ; OP charge the charge (1:16-17) — the six; ES sizes (71, 23); OR one-two merit_by_one_liability_by_two, bribe the_bribed_judges_eyes_dim / even_to_judge_truly; HO five 5; ST bribe takes no bribe (10:17) — Exodu; SN wood ['lashes']; CH keep keep and remember (5:12); JR three the three objects (33:52; PSH from Modi'im and beyond (fifteen mil)
THE READBACK (printed before it is asserted): rows 22, grades {'VARIANT': 9, 'EXPANDED': 2, 'SUPPLIED': 10, 'VERBATIM': 1}, on the tape 5, by CALL 22, supplied 10, with writes 14
THE NARRATIVE (printed before it is asserted): (16, 0, 1, (11, 1), 0, 0, 0, 0) ['passover_at_the_place_commanded', 'passover_in_the_gates_barred', 'leaven_with_the_passover_barred', 'flesh_till_morning_barred', 'seventh_day_assembly_commanded', 'weeks_at_the_place_commanded', 'booths_at_the_place_commanded', 'three_pilgrimages_commanded', 'empty_appearance_barred', 'judges_and_officers_commanded', 'judgment_wresting_barred', 'person_respecting_barred', 'bribe_barred', 'justice_pursuit_commanded', 'asherah_beside_the_altar_barred', 'pillar_barred']

PASS  [MOVE]  Deut 16:1-8; the Sifrei 127:1; the registry's intercalation rows (the count era) — the_intercalation
        ->  accepted           [heaven]  accepted for him — the offering's acceptance state
PASS  [MOVE]  Deut 16:1-8; the Sifrei 128:1-2; pesach by CALL — the_passovers_name
        ->  barred_from_it     [block]  barred — a person class may not eat of it; a block on the eater, not the offering
PASS  [MOVE]  Deut 16:1-8; the Sifrei 129:6; Onkelos; erection by CALL — the_flock_and_the_herd
        ->  barred_from_it     [block]  barred — a person class may not eat of it; a block on the eater, not the offering
PASS  [MOVE]  Deut 16:1-8; MISHNAH BERAKHOT 1:5 — the exam row; the Sifrei 130:4 — the_night_remembered
        ->  accepted           [heaven]  accepted for him — the offering's acceptance state
PASS  [MOVE]  Deut 16:1-8; THE WRITE leaven_with_the_passover_barred; the Sifrei 130:1; moadim by CALL — the_leaven_bans_onset
        ->  leaven_with_the_passover_barred [block]  leaven with the Passover barred — the BLOCK the line passover_at_the_place_declared writes on Israel: 'YOU SHALL NOT EAT LEAVEN WITH IT; seven days you shall eat unleavened bread with it, the bread of affliction' (16:3), 'no leaven shall be seen with you in all your border seven days' (16:4 — Exodus 13:7's six tokens shared in order) — THE BAN'S ONSET FROM THE SIXTH HOUR of the fourteenth (the Sifrei 130:1 — R. Judah: 'with it' the slaughter's time; moadim.passover()['slaughter_window'] after_midday by CALL: a clock datum the_leaven_bans_onset); the bread of affliction narrows the kind (130:3 — scalded bread and cakes out); THE TWO MEASURES (131:3 — Mishnah Beitzah 1:1 cited in the spine's Hebrew: Shammai leavening an olive and leaven a date, Hillel both an olive — both arms a DATA row); the leaven remembered on the road (Mishnah Pesachim 3:7 — return and remove, or nullify in the heart: three arms); the nights remembered (Mishnah Berakhot 1:5 — 'all the days of your life')
PASS  [MOVE]  Deut 16:1-8; the Sifrei 130:3 — the_bread_of_affliction
        ->  barred_from_it     [block]  barred — a person class may not eat of it; a block on the eater, not the offering
PASS  [MOVE]  Deut 16:1-8; MISHNAH PESACHIM 3:7 — the exam row; pesach by CALL — the_leaven_on_the_road
        ->  accepted           [heaven]  accepted for him — the offering's acceptance state
PASS  [MOVE]  Deut 16:1-8; MISHNAH BEITZAH 1:1 — the exam row; the Sifrei 131:3 — the_two_measures
        ->  barred_from_it     [block]  barred — a person class may not eat of it; a block on the eater, not the offering
PASS  [MOVE]  Deut 16:1-8; THE WRITE flesh_till_morning_barred; the Sifrei 131:4-5; pesach and erection by CALL — the_nights_flesh
        ->  flesh_till_morning_barred [block]  the flesh till morning barred — the BLOCK the line passover_at_the_place_declared writes on Israel: 'nor shall any of the flesh which you sacrifice the first day at evening REMAIN ALL NIGHT UNTIL THE MORNING' (16:4) — Exodus 12:10's 'let nothing of it remain until morning' and 34:25's 'the sacrifice of the feast of the Passover shall not remain until the morning' the twins (Exodus 34:25's two tokens shared): the remainder burned (pesach.paschal_procedure('leftover') 'burn on the 16th' by CALL — burn_remainder the tape's one entry on aaron-and-sons, the offerings' law), the fourteenth's festival offering the shelf's reading of the second seat (erection.repeats by CALL); the night's flesh the Passover's own night (the eating until midnight by CALL)
PASS  [MOVE]  Deut 16:1-8; THE WRITE passover_in_the_gates_barred; the Sifrei 132:1, 147:2; place_name by CALL — the_gates_bar
        ->  passover_in_the_gates_barred [block]  the Passover in the gates barred — the BLOCK the line passover_at_the_place_declared writes on Israel: 'YOU MAY NOT SACRIFICE THE PASSOVER WITHIN ANY OF YOUR GATES which the LORD your God gives you' (16:5) — 'you may not' one of the three true prohibitions of eating and slaughter outside the place (the Sifrei 147:2 with 12:17 and 17:1 — the order of offerings no prohibition); 'for one' read as the party's size, a dispute (132:1 — R. Judah: the Passover slaughtered for an individual; the party of one a DATA row); the gates' bar 12:17's by CALL (place_name — holy_things_in_the_gates_barred UNMOVED)
PASS  [MOVE]  Deut 16:1-8; the Sifrei 132:1 — a dispute — the_party_of_one
        ->  barred_from_it     [block]  barred — a person class may not eat of it; a block on the eater, not the offering
PASS  [MOVE]  Deut 16:1-8; THE WRITE passover_at_the_place_commanded; the Sifrei 129:1-5; place_name by CALL — the_place
        ->  passover_at_the_place_commanded [status]  the Passover at the place commanded — the STATUS the line passover_at_the_place_declared writes on Israel: 'you shall sacrifice the Passover to the LORD your God, flock and herd, IN THE PLACE which the LORD will choose to make His name dwell there' (16:2), 'but at the place … you shall sacrifice the Passover AT EVENING, AT THE GOING DOWN OF THE SUN, the season of your going out of Egypt; and you shall cook it and eat it in the place … and in the morning you shall turn and go to your tents' (16:6-7) — THE PLACE ADDED TO THE PASSOVER (place_chosen_required's formula at six seats in the chapter, by CALL; chapter 12's status UNMOVED); the name (the Sifrei 128:1-2 — pesach.paschal_procedure('for_its_sake') by CALL), the herd the festival offering (129:6 — Onkelos writing the same), the three phrases of the clock (133:2 — the calendar's day slots between_the_evenings / sunset / night; the eating until midnight by CALL), the cooking read as roasting (134:1 — 2 Chronicles 35:13 the run's case; 'roasted only' by CALL), the lodging night (134:2-3), the intercalation a parameter (127:1 — the calendar's rows for the count era; the exodus era's Aviv OWED)
PASS  [MOVE]  Deut 16:1-8; the Sifrei 133:2; the calendar's slots; pesach by CALL — the_three_phrases
        ->  barred_from_it     [block]  barred — a person class may not eat of it; a block on the eater, not the offering
PASS  [MOVE]  Deut 16:1-8; the Sifrei 134:1; 2 Chronicles 35:13; pesach by CALL — the_cooking
        ->  barred_from_it     [block]  barred — a person class may not eat of it; a block on the eater, not the offering
PASS  [MOVE]  Deut 16:1-8; the Sifrei 134:2-3 — the_lodging_night
        ->  barred_from_it     [block]  barred — a person class may not eat of it; a block on the eater, not the offering
PASS  [MOVE]  Deut 16:1-8; the Sifrei 135:1-2 (the headless piska) — the_six_and_the_seven
        ->  accepted           [heaven]  accepted for him — the offering's acceptance state
PASS  [MOVE]  Deut 16:1-8; THE WRITE seventh_day_assembly_commanded; the Sifrei 135:3; moadim and musafim by CALL — the_seventh_days_assembly
        ->  seventh_day_assembly_commanded [status]  the seventh day's assembly commanded — the STATUS the line passover_at_the_place_declared writes on Israel: 'SIX DAYS YOU SHALL EAT UNLEAVENED BREAD, AND ON THE SEVENTH DAY A SOLEMN ASSEMBLY to the LORD your God: you shall do no work' (16:8) — SIX against Exodus 13:6's SEVEN (the diff two tokens: the seventh day's unleavened bread optional after the first night, the Sifrei 135:1-2 — a DATA row the_six_and_the_seven); 'solemn assembly' the Torah's three seats (Leviticus 23:36's eighth day, Numbers 29:35 — the headless piska 135's own citation); THE SEVENTH RESTRAINED FROM ALL WORK, THE SIXTH NOT — 'Scripture handed it to the sages to say which day is forbidden and which permitted, which work forbidden and which permitted' (135:3): THE INTERMEDIATE DAYS' WORK A PARAMETER Scripture gives the sages to fill — the code/data law's seat named in the Hebrew; the work class by CALL (moadim.work_class('passover_7') servile_only; musafim.pesach_shavuot('the_seventh'))
PASS  [MOVE]  Deut 16:9-12; the Sifrei 136:3; moadim by CALL — the_sickles_three_rules
        ->  barred_from_it     [block]  barred — a person class may not eat of it; a block on the eater, not the offering
PASS  [MOVE]  Deut 16:9-12; THE WRITE weeks_at_the_place_commanded; the Sifrei 136:8; omer_day the registry's — the_reaping_by_night
        ->  weeks_at_the_place_commanded [status]  the feast of weeks at the place commanded — the STATUS the line weeks_and_booths_declared writes on Israel: 'SEVEN WEEKS YOU SHALL COUNT FOR YOURSELF: from the time the sickle is first put to the standing grain you shall begin to count seven weeks; and you shall keep the feast of weeks to the LORD your God with the measure of the freewill offering of your hand … and you shall rejoice before the LORD your God … in the place' (16:9-11) — THE COUNT FROM THE SICKLE (sharing nothing in order with Leviticus 23:15-16's 'morrow of the sabbath … fifty days'; Onkelos supplies 'the omer of the waving'): the omer's three rules standing, first, sickle (the Sifrei 136:3), REAPING AND COUNTING BY NIGHT, BRINGING BY DAY (136:8 — the count's start the night after the first day; moadim.omer()['morrow_reading'] festival and ['count_length'] 49 by CALL, omer_day 1/16 the registry's; counts_omer the moadim engine's timer UNMOVED on the tape); the freewill measure (137:3 — the tithe admitted); the pilgrimage's three commandments — the festival offering, the appearance, rejoicing (138:3); the rejoicing and the household by CALL (place_name — rejoicing_before_the_lord_commanded UNMOVED; the nine members 16:11 = 16:14); the slave remembered (16:12 — 5:15's clause by CALL to covenant_at_horeb, 15:15's twin)
PASS  [MOVE]  Deut 16:9-12; the Sifrei 137:3 — the_freewill_measure
        ->  accepted           [heaven]  accepted for him — the offering's acceptance state
PASS  [MOVE]  Deut 16:9-12; the Sifrei 138:3 — the_three_commandments_of_the_pilgrimage
        ->  accepted           [heaven]  accepted for him — the offering's acceptance state
PASS  [MOVE]  Deut 16:9-12; the Sifrei 138:4-6; place_name by CALL — the_rejoicing_and_the_household
        ->  accepted           [heaven]  accepted for him — the offering's acceptance state
PASS  [MOVE]  Deut 16:9-12; the Sifrei 139:1-2; covenant_at_horeb by CALL — the_slave_remembered
        ->  accepted           [heaven]  accepted for him — the offering's acceptance state
PASS  [MOVE]  Deut 16:13-15; the Sifrei 140:6 — the_gathering
        ->  accepted           [heaven]  accepted for him — the offering's acceptance state
PASS  [MOVE]  Deut 16:13-15; the Sifrei 140:4 — a dispute — the_booths_ownership
        ->  accepted           [heaven]  accepted for him — the offering's acceptance state
PASS  [MOVE]  Deut 16:13-15; MISHNAH SUKKAH 1:4 — the exam row — the_roofing
        ->  barred_from_it     [block]  barred — a person class may not eat of it; a block on the eater, not the offering
PASS  [MOVE]  Deut 16:13-15; THE WRITE booths_at_the_place_commanded; the Sifrei 142:1-5; moadim and musafim by CALL — the_seven_days
        ->  booths_at_the_place_commanded [status]  the feast of booths at the place commanded — the STATUS the line weeks_and_booths_declared writes on Israel: 'THE FEAST OF BOOTHS YOU SHALL KEEP SEVEN DAYS, when you gather in from your threshing floor and your winepress; and you shall rejoice in your feast … seven days you shall keep a feast to the LORD your God IN THE PLACE which the LORD will choose, for the LORD your God will bless you in all your produce and in all the work of your hands, and you shall be altogether joyful' (16:13-15) — THE PLACE ADDED TO THE BOOTHS ('the feast of booths' spelled defective at 16:13 alone in the Bible); the gathering the vegetables' tithe year (the Sifrei 140:6); the booth's ownership a dispute (140:4 — R. Eliezer each man's, the sages all Israel in one booth); THE ROOFING (Mishnah Sukkah 1:4 cited in the spine's Hebrew — what is not susceptible to impurity and grows from the ground roofs: a PARAMETER); the seven days by CALL (moadim.sukkot()['length'] 7, dwells_in_booths the moadim engine's timer UNMOVED; musafim.sukkot('the_dates')); THE COMPENSATION (142:1 — the festival offering missed on the first day brought any day of the seven: a PARAMETER the_compensation_window; Shavuot's seven by Deut 16:16's own analogy — musafim.pesach_shavuot('redress_days') by CALL); THE JOY'S OFFERING (141:2, 142:6 — Mishnah Chagigah 1:4 cited in the spine's Hebrew: vows and freewill offerings serve, birds and meal offerings not)
PASS  [MOVE]  Deut 16:13-15; the Sifrei 142:1; musafim by CALL — the_compensation
        ->  accepted           [heaven]  accepted for him — the offering's acceptance state
PASS  [MOVE]  Deut 16:13-15; MISHNAH CHAGIGAH 1:4 — the exam row; the Sifrei 141:2, 142:6 — the_joys_offering
        ->  barred_from_it     [block]  barred — a person class may not eat of it; a block on the eater, not the offering
PASS  [MOVE]  Deut 16:13-15; the Sifrei 142:7 — altogether_joyful
        ->  accepted           [heaven]  accepted for him — the offering's acceptance state
PASS  [MOVE]  Deut 16:16-17; THE WRITE three_pilgrimages_commanded; the Sifrei 143:1-2; calendar by CALL — the_three_times
        ->  three_pilgrimages_commanded [status]  the three pilgrimages commanded — the STATUS the line three_pilgrimages_declared writes on Israel: 'THREE TIMES A YEAR ALL YOUR MALES SHALL APPEAR before the LORD your God in the place which He will choose: at the feast of unleavened bread, at the feast of weeks and at the feast of booths' (16:16) — Exodus 23:14-17 and 34:23 the twins with the place added ('three times' spelled full here; 2 Chronicles 8:13 the one other verse with the three names in this order — the run's case): the appearing owed by CALL (calendar.pilgrimage — the able male owes the three appearings; appearance_owed the calendar's heaven entry on its case world, NONE on the tape UNMOVED); WHO APPEARS — Mishnah Chagigah 1:1 cited in the spine's Hebrew: all obligated except the deaf-mute, the imbecile, the minor, the tumtum, the hermaphrodite, women, unfreed slaves, the lame, the blind, the sick, the old and one who cannot ascend on foot; THE MINOR two houses — a PARAMETER the_exempt_from_appearing; the order of the three names the delay's clock (the Sifrei 143:7 — 23:22's vow ahead); the guard of the land (52:4 — Exodus 34:24 by CALL to erection.repeats)
PASS  [MOVE]  Deut 16:16-17; MISHNAH CHAGIGAH 1:1 — the exam row; the Sifrei 143:3-5; calendar by CALL — who_appears
        ->  exempt             [status]  exempt — no entry opens; the ledger stays clean
PASS  [MOVE]  Deut 16:16-17; the Sifrei 143:7; 2 Chronicles 8:13 — the_order_of_the_names
        ->  accepted           [heaven]  accepted for him — the offering's acceptance state
PASS  [MOVE]  Deut 16:16-17; THE WRITE empty_appearance_barred; the Sifrei 143:8; erection by CALL — not_empty
        ->  empty_appearance_barred [block]  the empty appearance barred — the BLOCK the line three_pilgrimages_declared writes on Israel: 'AND NONE SHALL APPEAR BEFORE THE LORD EMPTY; each man as the gift of his hand, according to the blessing of the LORD your God which He has given you' (16:16-17) — the clause's third seat after Exodus 23:15 and 34:20 ('empty' at one seat in this form; the singular 'shall appear'): THE APPEARANCE OFFERING by CALL (erection.repeats — 'empty'/'empty' the standing liability, Bekhorot 51b; appearance_gift_owed the erection's debit on its case world, NONE on the tape UNMOVED); THE TWO AMOUNTS (the Sifrei 143:8 — Mishnah Chagigah 1:2: Shammai the appearance two silver and the festival offering a ma'ah, Hillel the reverse: a PARAMETER with both arms); THE GIFT OF THE HAND (143:9 — Mishnah Chagigah 1:5 cited in the spine's Hebrew: many eaters and little property, much property and few eaters, both few, both many — a PARAMETER with the four cases)
PASS  [MOVE]  Deut 16:16-17; MISHNAH CHAGIGAH 1:2 — the exam row; erection by CALL — the_two_amounts
        ->  accepted           [heaven]  accepted for him — the offering's acceptance state
PASS  [MOVE]  Deut 16:16-17; MISHNAH CHAGIGAH 1:5 — the exam row; the Sifrei 143:9 — the_gift_of_the_hand
        ->  accepted           [heaven]  accepted for him — the offering's acceptance state
PASS  [MOVE]  Deut 16:16-17; the Sifrei 52:4 (the outside row); erection by CALL — the_guard_of_the_land
        ->  accepted           [heaven]  accepted for him — the offering's acceptance state
PASS  [MOVE]  Deut 16:18-20; THE WRITE judges_and_officers_commanded; the Sifrei 144:1; exodus_story by CALL — the_court_for_all_israel
        ->  judges_and_officers_commanded [status]  judges and officers commanded — the STATUS the line judges_in_every_gate_commanded writes on Israel: 'JUDGES AND OFFICERS YOU SHALL SET FOR YOURSELF IN ALL YOUR GATES which the LORD your God gives you, tribe by tribe, and they shall judge the people with righteous judgment' (16:18) — THE COURT FOR ALL ISRAEL from 'for yourself' (the Sifrei 144:1), every tribe's and every city's court (144:2-4), 'in all your gates' the small court compared to the great — judges and executes (144:5): THE THREE TIERS A PARAMETER the_three_tiers with the sizes by CALL (exodus_story.jethro('sanhedrin_sizes') (71, 23); ordinances.courts('twenty_three')); Exodus 18:21-25's founding on the tape (courts_established ONE on israel_people, valued the four denominations and 78,600) and Deut 1:16-17's charge (judges_charged ONE on the_court) the references, never a second write; the qualified judge by CALL (opening_speech — the qualities, the charge); 'judges and officers' the one seat of the pair in the Bible, the participles the register's only three
PASS  [MOVE]  Deut 16:18-20; the Sifrei 144:2-5; ordinances and opening_speech by CALL — the_three_tiers
        ->  accepted           [heaven]  accepted for him — the offering's acceptance state
PASS  [MOVE]  Deut 16:18-20; the Sifrei 144:6-11; opening_speech by CALL — the_qualified_judge
        ->  barred_from_it     [block]  barred — a person class may not eat of it; a block on the eater, not the offering
PASS  [MOVE]  Deut 16:18-20; THE WRITE judgment_wresting_barred; the Sifrei 144:8, 281:1; ordinances and holiness by CALL — wrest_no_judgment
        ->  judgment_wresting_barred [block]  the wresting of judgment barred — the BLOCK the line judges_in_every_gate_commanded writes on Israel: 'YOU SHALL NOT WREST JUDGMENT' (16:19) — Exodus 23:6's 'you shall not wrest the judgment of your poor' and 24:17's sojourner (the three seats of the phrase; 281:1 on 24:17 read whole — two prohibitions for the sojourner, three for the fatherless sojourner) with Leviticus 19:15's 'you shall do no wrong in judgment' (the judge's five effects — judgment_perverted the holiness engine's heaven entry, by CALL); ordinances.courts('poor_not_glorified') and holiness.conduct('no_favor') by CALL
PASS  [MOVE]  Deut 16:18-20; THE WRITE person_respecting_barred; the Sifrei 144:9-10; opening_speech, second_tablets and holiness by CALL — respect_no_person
        ->  person_respecting_barred [block]  the respecting of persons barred — the BLOCK the line judges_in_every_gate_commanded writes on Israel: 'YOU SHALL NOT RESPECT PERSONS' (16:19 — 'recognize faces') — Deut 1:17's 'you shall not respect persons in judgment' (the charge's clause, judges_charged on the_court by CALL to opening_speech('no_faces') — befriend / estrange disputed) and Leviticus 19:15's two faces, the poor's and the great's (holiness.conduct('no_favor') by CALL); 10:17's 'who lifts no face' the declaration about God (second_tablets by CALL); the Sifrei 144:9-10 — the appointer who sets a judge over the community for his wealth
PASS  [MOVE]  Deut 16:18-20; THE WRITE bribe_barred (its first entry); the Sifrei 144:11; ordinances, second_tablets and holiness by CALL — take_no_bribe
        ->  bribe_barred       [block]  the bribe barred — the BLOCK on the judge: no bribe, even to judge truly; the bribe blinds the open-eyed and twists the words of the righteous; the taker's eyes dim
PASS  [MOVE]  Deut 16:18-20; THE WRITE justice_pursuit_commanded; the Sifrei 144:12; ordinances by CALL (Mishnah Sanhedrin 4:1) — justice_justice
        ->  justice_pursuit_commanded [status]  the pursuit of justice commanded — the STATUS the line judges_in_every_gate_commanded writes on Israel: 'JUSTICE, JUSTICE YOU SHALL PURSUE, that you may live and inherit the land which the LORD your God gives you' (16:20) — the one seat of the doubled word in the Bible: THE ACQUITTAL FINAL (the Sifrei 144:12 — one who left the court acquitted is not brought back to conviction; Mishnah Sanhedrin 4:1 by CALL to ordinances.courts('one_vs_two') — money cases tilt by one either way, capital cases by one for merit and two for liability, reversed for merit not for liability: a PARAMETER the_acquittal_final); 'that you may live and inherit' the ground (the appointment of fit judges keeps Israel alive and settles them on their land — 144:13); the true judgment truly by CALL (opening_speech('judge_righteously'))
PASS  [MOVE]  Deut 16:18-20; the Sifrei 144:13 — that_you_may_live
        ->  accepted           [heaven]  accepted for him — the offering's acceptance state
PASS  [MOVE]  Deut 16:21-22; THE WRITE asherah_beside_the_altar_barred; the Sifrei 145:1-3; erection, seven_nations and place_name by CALL — the_asherah_beside_the_altar
        ->  asherah_beside_the_altar_barred [block]  the asherah beside the altar barred — the BLOCK the line asherah_and_pillar_barred writes on Israel: 'YOU SHALL NOT PLANT FOR YOURSELF AN ASHERAH OF ANY TREE BESIDE THE ALTAR of the LORD your God which you shall make for yourself' (16:21) — the asherah bare here and at Exodus 34:13 alone (7:5 and 12:3 'their asherim' — the demolition's kin by CALL: erection, seven_nations, place_name); the Sifrei 145:1-3 — the planting's own prohibition and the a fortiori the spine reads (145:3 reread whole from chapter 12's sitting); 'any tree' (145:4 — even a house of wood beside the altar in the shelf's reading — a DATA row); the asherah's shade and wood by CALL (seven_nations — the sitter barred, the wood-burner lashed); Mishnah Avodah Zarah 3:5's reason — a hand made it (erection.covenant by CALL)
PASS  [MOVE]  Deut 16:21-22; the Sifrei 145:4 — any_tree
        ->  barred_from_it     [block]  barred — a person class may not eat of it; a block on the eater, not the offering
PASS  [MOVE]  Deut 16:21-22; THE WRITE pillar_barred; the Sifrei 146:1; the tape's own entries; journeys by CALL — the_pillar_hated
        ->  pillar_barred      [block]  the pillar barred — the BLOCK the line asherah_and_pillar_barred writes on Israel: 'AND YOU SHALL NOT SET UP FOR YOURSELF A PILLAR, WHICH THE LORD YOUR GOD HATES' (16:22) — THE PILLAR LOVED BY THE FATHERS AND HATED BY THE SONS (the Sifrei 146:1): the tape's own entries the fathers' love — pillar_anointed TWO on the_pillar_of_bethel (Genesis 28:18, 35:14) and pillar_raised ONE on the_pillar_of_gilead (31:45), Jacob's — THE LAW'S REASON A CHANGE OF STATE ON THE TAPE, read by the cell from the world's ledgers (a DATA row the_pillars_change_of_state); Leviticus 26:1's 'you shall not raise up for yourselves a pillar' the twin (journeys.the_command by CALL — the figured stones at 33:52); the pillar at eleven Torah seats (Jacob's six, Sinai's, the ban's); Onkelos 'a pillar' (the word kept)
PASS  [MOVE]  Deut 16:1-22 (the readback table); the readback's forms on file — the_table
        ->  accepted           [heaven]  accepted for him — the offering's acceptance state
PASS  [MOVE]  Deut 16:1-22 (the readback table); the readback's supplied rows — the_supplied_rows
        ->  accepted           [heaven]  accepted for him — the offering's acceptance state
PASS  [MOVE]  Deut 16:1-22 (the readback table); the register empty on the chapter — no_pointer_no_state_no_open
        ->  accepted           [heaven]  accepted for him — the offering's acceptance state
PASS  [MOVE]  Deut 16:1-22 (the readback table); the DB's shared runs — the_twin_diffed
        ->  accepted           [heaven]  accepted for him — the offering's acceptance state
PASS  [MOVE]  Deut 16:1-22 (the readback table); THE LOOP step 6's retelling rules — no_retrograde_row
        ->  accepted           [heaven]  accepted for him — the offering's acceptance state

MATRIX: 53/53 cells match the answer sheet
FRACTIONS: pure ink 0/53 (0%) · named moves 53/53 (100%) · data 0/53 (0%) · hypotheses 0/53 (the H class, counted apart — never as compiled)
LEDGER OPS this span writes: block x22, heaven x23, status x8
THE INK: the number verses {3: [7], 4: [7], 5: [1], 8: [6], 9: [7, 7], 13: [7], 15: [7], 16: [3]} (the ordinals {4: [1], 8: [7]}; the starred token {9: ['שבעת*']}); the register singular-only (the reading's frames assert); the negations {3: 1, 4: 2, 5: 1, 8: 1, 16: 1, 19: 3, 21: 1, 22: 1}; the Name 17 bare tokens; the infinitive absolute [(1, 'שמור')]; the tokens 334
THE READBACK — THE FORMS ON FILE, NO NEW FORM: 22 rows — {'VARIANT': 9, 'EXPANDED': 2, 'SUPPLIED': 10, 'VERBATIM': 1}; on the tape 5, in the kin's cells by CALL 22 (every cell found True); the SUPPLIED rows ['Deut 16:5', 'Deut 16:6', 'Deut 16:9', 'Deut 16:10', 'Deut 16:13', 'Deut 16:15', 'Deut 16:17', 'Deut 16:18', 'Deut 16:20', 'Deut 16:22']; the rows with writes [('Deut 16:3', 'leaven_with_the_passover_barred'), ('Deut 16:4', 'flesh_till_morning_barred'), ('Deut 16:5', 'passover_in_the_gates_barred'), ('Deut 16:6', 'passover_at_the_place_commanded'), ('Deut 16:8', 'seventh_day_assembly_commanded'), ('Deut 16:9', 'weeks_at_the_place_commanded'), ('Deut 16:13', 'booths_at_the_place_commanded'), ('Deut 16:16', 'three_pilgrimages_commanded'), ('Deut 16:17', 'empty_appearance_barred'), ('Deut 16:18', 'judges_and_officers_commanded'), ('Deut 16:19', 'bribe_barred'), ('Deut 16:20', 'justice_pursuit_commanded'), ('Deut 16:21', 'asherah_beside_the_altar_barred'), ('Deut 16:22', 'pillar_barred')]; the pointer rows []; the state rows []; the OPEN rows []; the holes 0
THE COUNTER AND THE PARAMETERS: {'counter': (40, 11, 1), 'passover': (1, 14), 'passover_1': (1, 15), 'passover_7': {'from': 'passover_1', 'plus': 6}, 'atzeret': {'from': 'omer', 'plus': 49}, 'sukkot_1': (7, 15), 'omer_day': (1, 16), 'leap': {'position': 'after_month_12', 'length': 30}, 'threshold': 16, 'grounds': ['spring_grain', 'tree_fruit', 'season'], 'leap_by': ['count'], 'slots': ['evening', 'night', 'midnight', 'dawn', 'morning', 'noon', 'between_the_evenings', 'sunset'], 'between_the_evenings_from': 6.5, 'no_marker': True}; the twenty-nine 29 (in the registry 0, in DATA 29)
THE SCANS on the one database: the fifteen on Israel []; the bribe []; the pillars (['the_pillar_of_bethel'], ['the_pillar_of_gilead']); the courts ['israel_people']; the appearing ([], [])
THE CALLEES: MO window after_midday, morrow festival, count 49, booths 7; PS night only, until midnight; CA owes the three appearings; ER standing_liability_like_the_appearance_offering; MU seven days of redress — Pesach's analogy; ES (71, 23); OR merit_by_one_liability_by_two; HO banned; ST takes no bribe (10:17) — Exodu; SN ['lashes']; CH keep and remember (5:12); JR the three objects (33:52; PSH from Modi'im and beyond (fifteen mil)
THE EXAM (lean): the eight Mishnah rows ['Berakhot 1:5', 'Pesachim 3:7', 'Beitzah 1:1', 'Sukkah 1:4', 'Chagigah 1:1', 'Chagigah 1:2', 'Chagigah 1:4', 'Chagigah 1:5']; segments read 0
THE NARRATIVE: (16, 0, 1, (11, 1), 0, 0, 0, 0) (the sixteen on Israel ['passover_at_the_place_commanded', 'passover_in_the_gates_barred', 'leaven_with_the_passover_barred', 'flesh_till_morning_barred', 'seventh_day_assembly_commanded', 'weeks_at_the_place_commanded', 'booths_at_the_place_commanded', 'three_pilgrimages_commanded', 'empty_appearance_barred', 'judges_and_officers_commanded', 'judgment_wresting_barred', 'person_respecting_barred', 'bribe_barred', 'justice_pursuit_commanded', 'asherah_beside_the_altar_barred', 'pillar_barred'])
THE PARAMETER ROWS: the_readback = 22 rows, 0 holes, 0 open rows; the_counter_and_the_parameters = {'counter': (40, 11, 1), 'passover': (1, 14), 'passover_1': (1, 15), 'passover_7': {'from': 'passover_1', 'plus': 6}, 'atzeret': {'from': 'omer', 'plus': 49}, 'sukkot_1': (7, 15), 'omer_day': (1, 16), 'leap': {'position': 'after_month_12', 'length': 30}, 'threshold': 16, 'grounds': ['spring_grain', 'tree_fruit', 'season'], 'leap_by': ['count'], 'slots': ['evening', 'night', 'midnight', 'dawn', 'morning', 'noon', 'between_the_evenings', 'sunset'], 'between_the_evenings_from': 6.5, 'no_marker': True}; the_twin_diffed = {'16:1 vs Exod 34:18': 7, '16:1 vs Exod 23:15': 5, '16:4 vs Exod 13:7': 6, '16:4 vs Exod 34:25': 3, '16:6 vs Exod 12:6': 0, '16:8 vs Exod 13:6': 5, '16:9 vs Lev 23:15': 0, '16:11 vs 12:18': 13, '16:11 vs 16:14': 11, '16:12 vs 5:15': 5, '16:12 vs 24:18': 6, '16:16 vs Exod 34:23': 8, '16:16 vs Exod 23:17': 7, '16:17 vs 12:15': 6, '16:18 vs 1:16': 2, '16:19 vs Exod 23:8': 7, '16:20 vs 4:1': 6, '16:21 vs 7:5': 0, '16:22 vs 12:31': 2}; the_parsers_eight_and_the_two_ordinals = {'deut_16_3': [7], 'deut_16_4': [7], 'deut_16_5': [1], 'deut_16_8': [6], 'deut_16_9': [7, 7], 'deut_16_13': [7], 'deut_16_15': [7], 'deut_16_16': [3], 'the_ordinals': {4: [1], 8: [7]}, 'the_marks': {9: ['שבעת*']}} (the other settings recorded in DATA — 33 rows)

THE COMPILE OF CHAPTER 16 (LEAN): the answer sheet REPRODUCED — 53/53
