guard: 66 expectations checked, every one a literal from the answer sheet [honest-pairing guard satisfied]
probes: all 36 token probes fired  [zero-report law satisfied]

guard: 274 expectations checked, every one a literal from the answer sheet [honest-pairing guard satisfied]
guard: 159 expectations checked, every one a literal from the answer sheet [honest-pairing guard satisfied]
probes: all 142 token probes fired  [zero-report law satisfied]

probes: all 46 token probes fired  [zero-report law satisfied]

guard: 154 expectations checked, every one a literal from the answer sheet [honest-pairing guard satisfied]
probes: all 79 token probes fired  [zero-report law satisfied]

guard: 172 expectations checked, every one a literal from the answer sheet [honest-pairing guard satisfied]
guard: 155 expectations checked, every one a literal from the answer sheet [honest-pairing guard satisfied]
probes: all 100 token probes fired  [zero-report law satisfied]

probes: all 86 token probes fired  [zero-report law satisfied]

guard: 105 expectations checked, every one a literal from the answer sheet [honest-pairing guard satisfied]
probes: all 102 token probes fired  [zero-report law satisfied]

callees live: the spec (Exod 34:15-16) 1 / [('Exod', 34, 16)]; the priesthood clause 1; the judges 78600; the incense; the twenty-four; the hanging; the addressees; the tellers; the total; Isaac's clauses 6; Judah's lion 2; the ladder; the idolatry principle
guard: 70 expectations checked, every one a literal from the answer sheet [honest-pairing guard satisfied]
probes: all 35 token probes fired  [zero-report law satisfied]

guard: 110 expectations checked, every one a literal from the answer sheet [honest-pairing guard satisfied]
probes: all 54 token probes fired  [zero-report law satisfied]

guard: 147 expectations checked, every one a literal from the answer sheet [honest-pairing guard satisfied]
probes: all 55 token probes fired  [zero-report law satisfied]

guard: 99 expectations checked, every one a literal from the answer sheet [honest-pairing guard satisfied]
probes: all 112 token probes fired  [zero-report law satisfied]

guard: 74 expectations checked, every one a literal from the answer sheet [honest-pairing guard satisfied]
probes: all 121 token probes fired  [zero-report law satisfied]

guard: 53 expectations checked, every one a literal from the answer sheet [honest-pairing guard satisfied]
probes: all 111 token probes fired  [zero-report law satisfied]

guard: 56 expectations checked, every one a literal from the answer sheet [honest-pairing guard satisfied]
probes: all 123 token probes fired  [zero-report law satisfied]

guard: 51 expectations checked, every one a literal from the answer sheet [honest-pairing guard satisfied]
probes: all 84 token probes fired  [zero-report law satisfied]

callees: mishpatim_3, mishpatim, lev24, shelach, naso, second_census, journeys, borders, zelophehad, gad_reuben, chukat, bamidbar, primeval, sanctions, priesthood CALLED — every value asserted at import
guard: 97 expectations checked, every one a literal from the answer sheet [honest-pairing guard satisfied]
probes: all 164 token probes fired  [zero-report law satisfied]

callees: exodus_story, shelach, chukat, gad_reuben, zelophehad, journeys, borders, second_census, bamidbar, balak, primeval, mamre, joseph, ordinances, holiness, erection, beha, refuge CALLED — every value asserted at import
guard: 52 expectations checked, every one a literal from the answer sheet [honest-pairing guard satisfied]
guard: 49 expectations checked, every one a literal from the answer sheet [honest-pairing guard satisfied]
guard: 42 expectations checked, every one a literal from the answer sheet [honest-pairing guard satisfied]
guard: 51 expectations checked, every one a literal from the answer sheet [honest-pairing guard satisfied]
OS.the_spies_read_back(the_murmuring) = "the murmuring (1:27-28) — two words (Shevuot 47b:5); the spies' words in the people's mouths, 'greater and taller than w" ['accepted']
guard: 55 expectations checked, every one a literal from the answer sheet [honest-pairing guard satisfied]
HI.the_gift_and_the_warning(lest_you_forget) = "lest you forget (6:12) — obey_horeb's forgetting census (thirteen seats, 6:12 among them); the prohibition's seat 4:9 (O" ['accepted'] — the ask without a write
guard: 51 expectations checked, every one a literal from the answer sheet [honest-pairing guard satisfied]
ER.calf(saru_stiff) = (3, 6) — the stiff neck a state, no write; ER.calf(fourth_verb_decides) = a_test_not_a_nullification — the fourth verb the retelling drops
guard: 62 expectations checked, every one a literal from the answer sheet [honest-pairing guard satisfied]
Traceback (most recent call last):
  File "<repo>/World/step9/cold_run_sequence.py", line 105, in <module>
    import cold_run_second_tablets   # THE DEUTERONOMY WALK 8b (2026-09-20): chapter 10 (Deut 10:1-22) — THE SECOND TABLETS AND THE ARK, THE STATIONS AND AARON'S DEATH, THE LEVITES SEPARATED, THE THIRD FORTY AND THE GO, WHAT THE LORD ASKS, THE GOD OF GODS AND THE STRANGER: THE READBACK'S FORMS COMBINED, NO SEVENTH — twenty-five rows (ten on the tape, thirteen by CALL, two SUPPLIED WITH A WRITE, one stretch row); TWO ACTS TOLD ONLY HERE written ONCE at their own days by RETROGRADE markers — fragments_placed_in_the_ark at Deut 10:2 dated (2, 1, 1) (fragments_in_the_ark a STATUS on the ark — Bava Batra 14a-b, Menachot 99a:12), aaron_buried at Deut 10:6 dated (40, 5, 1) (buried REUSED — the ninth); the FORWARD marker at 10:12; FOUR OWN-DAY LINES at (40, 11, 1), STATUTE by form — THE CODE'S FOUR HOLES compiled: demand_declared (fear_of_heaven_asked — Berakhot 33b:23), heart_circumcision_commanded (heart_circumcision_commanded — Sukkah 52a:7; stiffening_barred the chapter's one prohibition), stranger_love_commanded (love_owed — Leviticus 19:34's effect written for the first time), cleaving_commanded (cleaving_commanded — Ketubot 111b:7); the second ascent's date MATCH (Seder Olam Rabbah 6:2); no second write of the kin's effects
    ^^^^^^^^^^^^^^^^^^^^^^^^^^^^^^
  File "<frozen importlib._bootstrap>", line 1371, in _find_and_load
  File "<frozen importlib._bootstrap>", line 1342, in _find_and_load_unlocked
  File "<frozen importlib._bootstrap>", line 938, in _load_unlocked
  File "<repo>/World/step9/ink_cache.py", line 269, in exec_module
    try: exec(compile(ast.Module(body=[node], type_ignores=[]), self.path, 'exec'), module.__dict__)
         ~~~~^^^^^^^^^^^^^^^^^^^^^^^^^^^^^^^^^^^^^^^^^^^^^^^^^^^^^^^^^^^^^^^^^^^^^^^^^^^^^^^^^^^^^^^
  File "<repo>/World/step9/cold_run_second_tablets.py", line 264, in <module>
    assert LAW_SCAN in ([], None), LAW_SCAN   # nothing written on Israel for the cleaving, the heart, the neck, the bribe or the fear of Heaven before this sitting (the code's holes)
           ^^^^^^^^^^^^^^^^^^^^^^
AssertionError: ['bribe_barred']
