THE LOOP — STEP 1'S GATE: the sequence runner twice, in two processes and two directories
  L3_run_cold_run_sequence_covenant_pieces.jsonl         3635 lines  bytes IDENTICAL  chain VERIFIED
  L3_run_cold_run_sequence_descent_literal.jsonl         3635 lines  bytes IDENTICAL  chain VERIFIED
  L3_run_cold_run_sequence_rest.jsonl                    3616 lines  bytes IDENTICAL  chain VERIFIED
  L3_run_cold_run_sequence_seed_isaac.jsonl              3635 lines  bytes IDENTICAL  chain VERIFIED
  THE LIVE INDEX (step 7 a): 4 sources, 14521 rows written line by line at their blocks; the two processes' rows IDENTICAL; the rebuilt index EQUALS the live rows
  the index over all 4 segments: 14521 rows; the running world's counts MATCH the RUN tuple
  THE FIVE RUN VIEWS (run_ledger, run_timers, run_clock, run_docket, run_population) — every count against the table's:
  cold_run_sequence/covenant_pieces            ledger  1668 = writes  1668 | timers   96 = sets   96 (fired 88 = fires 88, cancelled 0 = cancels 0, pending 8) | clock  172 = markers  172 | docket 4 (open 0) | population 148 = rows 148 | closed 127 = closes 127 (foreign 0) | skips 0  MATCH
  cold_run_sequence/descent_literal            ledger  1668 = writes  1668 | timers   96 = sets   96 (fired 88 = fires 88, cancelled 0 = cancels 0, pending 8) | clock  172 = markers  172 | docket 4 (open 0) | population 148 = rows 148 | closed 127 = closes 127 (foreign 0) | skips 0  MATCH
  cold_run_sequence/rest                       ledger  1653 = writes  1653 | timers   96 = sets   96 (fired 88 = fires 88, cancelled 0 = cancels 0, pending 8) | clock  172 = markers  172 | docket 4 (open 0) | population 148 = rows 148 | closed 127 = closes 127 (foreign 0) | skips 0  MATCH
  cold_run_sequence/seed_isaac                 ledger  1668 = writes  1668 | timers   96 = sets   96 (fired 88 = fires 88, cancelled 0 = cancels 0, pending 8) | clock  172 = markers  172 | docket 4 (open 0) | population 148 = rows 148 | closed 127 = closes 127 (foreign 0) | skips 0  MATCH
  THE FOLD LAYER units         header    230  pinned    230  MATCH
  THE FOLD LAYER facts         header   1809  pinned   1809  MATCH
  THE FOLD LAYER demands       header    341  pinned    341  MATCH
  THE FOLD LAYER events        header    557  pinned    557  MATCH
  THE FOLD LAYER names         header     81  pinned     81  MATCH
  THE FOLD LAYER standing      header   2267  pinned   2267  MATCH
  THE FOLD LAYER open_demands  header    191  pinned    191  MATCH
  THE FOLD LAYER state hash    header 8b8fff1fa28953af  pinned 8b8fff1fa28953af  MATCH
  THE FOLD LAYER: 12 kinds, 9822 rows in the index MATCHING the header
GATE GREEN — the replay is the audit, the running world is the instrument
