  TOTAL submits 2857; HISTORY 1319; case rows 1491; statute 41; act/speech-on-tractate 6
recording: 3292 records written
  festivals_judges   worlds 1  total   5  HISTORY   0  case   0  statute  5  act/speech-on-tractate   0  unregistered 0
  release_firstborn  worlds 2  total  86  HISTORY   0  case  82  statute  4  act/speech-on-tractate   0  unregistered 0
PLACEMENT LITERAL: {'markers': {'text_constrained': 108, 'reading_placed': 49}, 'events': {'text_constrained': 110, 'page_order': 1173, 'reading_placed': 58}}
tape written into <repo>/World/step9/cold_run_sequence.py: 1722 lines
  CENSUS tuple (scanned, history, on tape, case, source-off, register-off, deduped, re-based, closes, markers, F, P, R, kinds, subjects): (2520, 1319, 1341, 1185, 6, 10, 9, 0, 71, 172, 131, 15, 26, 886, 272)
patched: import, DAEMON_ORDER, RUN (writes +16 read), PREVIOUS_RUN (no declared delta), NEWEST_RUNNER, PLACEMENT (read {'markers': {'text_constrained': 108, 'reading_placed': 49}, 'events': {'text_con
tape rc 1
  CHECKPOINT C1 the flood 150 days (7:24, 8:3) vs 7:11->8:4 [OPEN-4] DIVERGE
  CHECKPOINT C3a 430 years in Egypt (Exod 12:40) vs exodus-descent [OPEN-3] DIVERGE
  CHECKPOINT C3d-85 THE JOIN: the covenant placed at Abraham's 85 (bereshit_rabbah_46_2) + Exod 12:40's 430 against the exodus marker, creation year 2449 DIVERGE
  CHECKPOINT C3c-literal the descent-literal setting against the bound DIVERGE  within [0, 350]
  CHECKPOINT C4 Shem 100 at Arpachshad, 2 years after the flood (11:10) vs 5:32 DIVERGE
  CHECKPOINT C10 Methuselah 7 days before the flood (Sanhedrin 108b:5) DIVERGE
  CHECKPOINT CS0 the ark = born + 3 months (2:2) vs the sixth of Sivan (Sotah 12b:16-17) DIVERGE
  CHECKPOINT CS1 the exodus day's weekday by the creation count vs Shabbat 87b:2 (Thursday = 5) DIVERGE
  CHECKPOINT CS4 the manna's first morning (16 Iyar) a Sunday by the shelf (Shabbat 87b:5) vs the creation count DIVERGE
  CHECKPOINT CD8 the Sifrei's THIRTEEN utterances "to Moses and to Aaron" (58:1 — thirteen exclusions of Aaron read at 7:89) against the frame census of the LORD speaking to Moses and to Aaron, Exodus-Numbers (computed; 
  CHECKPOINT CE3 the month of flesh (11:20) FIRED against the Hazeroth marker (2, 3, 22) — the machine's thirty days from the twenty-third against the tradition's inclusive count with a full Iyar (Taanit 29a:3-5): DIVERG
  CHECKPOINT CE8 the LORD going down: the Sifrei's "ten descents are written" (93:1) against the ink's ELEVEN tokens (sitting 3's measurement, the row descents) — DIVERGE expected, OPEN DIVERGE
  CHECKPOINT CF2 the forty days' timer (13:3-25) FIRED against the return marker (2, 5, 9) — the machine's forty from the twenty-ninth against the baraita's Ninth of Av (Taanit 29a:5): DIVERGE by one expected, the inclus
  CHECKPOINT CF6 the ink's "these ten times" (14:22; Pirkei Avot 5:4) against the ledger's tested_the_lord count on Israel at the decree — the exodus story's six murmurings and this sitting's tenth; the calf and the quai
  CHECKPOINT CK4 KORACH'S DEATH-MODE — 26:10 adds "and Korach" among the swallowed (declared True) against 16:32's "every person who belonged to Korach" (Korach named there: False — the name קרח, "Korach", absent from th
  CHECKPOINT CM5 MIRIAM'S DAY — the tape's buried on the arrival's day (40, 1, 1) against the shelf's tenth of Nisan (Seder Olam Rabbah 10:2; the row miriam_death_day): DIVERGE by nine days expected, OPEN — the ink gives
  CHECKPOINT CP8 JOCHEBED'S ROW — the named row "born to Levi in Egypt" as of Num 26:57-62 (26:59's subjectless "bore her"); the Joseph runner's seventy cell by CALL names her the missing one; CJ3b's verdict DIVERGE unch
  CHECKPOINT CA8 THE COMMISSION AND THE PLEA — invested_office on yehoshua ONE (27:22-23) with the commission debit on Moses ONE CLOSED (closed_by beginning "Num 27:22"); see_the_land_from_abarim on Moses ONE OPEN; plea_
  CHECKPOINT DD4 THE HOLES — the effects naming the place chosen, the rejoicing, the profane slaughter, the gates' bar, the Levite's forsaking, the Name's erasure or the inquiry on israel_people are this sitting's SEVEN 
  CHECKPOINT DG7 THE REGISTER AND THE EDGES — NO register seat at Deut 15 (the reading's finder: no receipt, no header, no footer, no count line; 15:2's "this is the word of" and 15:6's "as He spoke" each outside the for
  CHECKPOINT DH1 THE LINES — five events on the tape AFTER the tape's last Deuteronomy 15 line, in the ink's order (passover_at_the_place_declared 16:1-8, weeks_and_booths_declared 16:9-15, three_pilgrimages_declared 16:
  CHECKPOINT DH2 THE WRITES — the fifteen NEW ONE each on israel_people with their lines' first verses (16:1 five, 16:9 two, 16:16 two, 16:18 four, 16:21 two); bribe_barred ONE (16:18's line) — ITS FIRST ENTRY ANYWHERE (
  CHECKPOINT DH3 THE READBACK — THE FORMS ON FILE, NO NEW FORM: the_readback's rows TWENTY-TWO, one per verse (the census from the runner's print: VARIANT 9, SUPPLIED 10, EXPANDED 2, VERBATIM 1), every reference row's en
  CHECKPOINT DH4 THE KIN AND THE HOLES — place_chosen_required ONE, rejoicing_before_the_lord_commanded TWO, holy_things_in_the_gates_barred TWO, courts_established ONE on israel_people UNMOVED (referenced by CALL, not r
checkpoint_check: 321 rows, 19 miss, 0 raised — the tape stepped to its end in 25s
