loaded fifteen runners
FACT MO.passover() = {'date': ('14th_of_1st', 'INK'), 'slaughter_window': ('after_midday', 'MOVE'), 'matzot_days': (7, 'INK'), 'eating_time': ('night only, until midnight', 'IMPORT'), 'matzot_window': ('14th evening to 21st evening', 'IMPORT')}
FACT MO.omer() = {'morrow_reading': ('festival', 'MOVE'), 'count_length': (49, 'INK'), 'minchah_flour': ('two_tenths', 'INK'), 'minchah_oil': ('oil', 'INK'), 'minchah_frankincense': ('frankincense', 'ANSWER-SHEET'), 'libation': ('quarter_hin', 'INK'), 'new_grain_gate_with_temple': ('the_omer', 'INK'), 'new_grain_gate_without_temple': ('whole_day', 'INK'), 'lamb_olah': ('wholly_to_fires', 'IMPORT'), 'grain_source': ('new_and_from_the_land', 'IMPORT')}
FACT MO.sukkot() = {'date': ('15th_of_7th', 'INK'), 'length': (7, 'INK'), 'eighth': ('atzeret', 'INK'), 'dwelling_days': (7, 'INK'), 'women': ('exempt', 'MOVE'), 'lulav_temple_days': (7, 'INK'), 'lulav_province_days': (1, 'INK'), 'first_day_on_sabbath': ('overrides', 'MOVE'), 'etrog_count': (1, 'INK'), 'lulav_count': (1, 'INK'), 'willow_count': (2, 'INK'), 'myrtle_count': (['r_yishmael_three', 'r_akiva_one'], 'MOVE')}
FACT MO.work_class('passover_7') = ('servile_only', 'מלאכת עבדה (servile work) at Lev 23:8 — the lighter class')
FACT MO.work_class('passover_1') = 'servile_only'
FACT MO.work_class('atzeret') = 'servile_only'
FACT MO.work_class('sukkot_1') = 'servile_only'
FACT PS.paschal_procedure(eating_time) = ('night only, until midnight', ['eating_window'])
FACT PS.paschal_procedure(preparation) = ('roasted only', ['barred_from_it'])
FACT PS.paschal_procedure(leftover) = ('burn on the 16th', ['burn_remainder'])
FACT PS.paschal_procedure(for_its_sake) = ('invalid if not for its sake', ['disqualified'])
FACT PS.leaven_machine keys = ["    if case['ask'] == 'eats_leaven_in_window':", "    if case['ask'] == 'purge_deadline':", "    if case['ask'] == 'window_bounds':", "    if case['ask'] == 'whose_leaven_after_pesach':", "    if case['ask'] == 'eating_time':", "    if case['ask'] == 'preparation':", "    if case['ask'] == 'leftover':", "    if case['ask'] == 'break_bone':", "    if case['ask'] == 'carry_out':", "    if case['ask'] == 'for_its_sake':", "    if case['ask'] == 'join_households':", "    if case['ask'] == 'slaughter_for_nonregistrants':", "    if case['ask'] == 'slaughter_for_noneaters':", "    if case['ask'] == 'withdraw':"]
FACT CA.pilgrimage(able_male) = ('owes the three appearings', ['appearance_owed'])
FACT CA.pilgrimage(woman) = ('exempt', ['exempt'])
FACT CA.pilgrimage(lame) = ('exempt', ['exempt'])
FACT CA.pilgrimage(blind_one_eye) = ('exempt', ['exempt'])
FACT CA.matzah(as_commanded) = ('seven days of unleavened bread = 14th evening to 21st evening (CALLED pesach)', ['purge_deadline'])
FACT CA.offering_windows(leaven_beside_offering) = ('the slaughterer with leaven transgresses', ['barred_from_it'])
FACT CA.offering_windows(fat_overnight) = ('disqualified at morning off the altar', ['disqualified'])
FACT ER.repeats(chagigah_of_the_fourteenth_not_overnight) = ('no_case', 'INK', ['—'], '')
FACT ER.repeats(all_night_on_the_altar) = ('no_case', 'INK', ['—'], '')
FACT ER.repeats(purge_before_the_slaughter) = ('no_case', 'INK', ['—'], '')
FACT ER.repeats(standing_liability_like_the_appearance_offering) = ('no_case', 'INK', ['—'], '')
FACT ER.repeats(ingathering_after_the_turn) = ('no_case', 'INK', ['—'], '')
FACT ER.repeats(cow_grazes_unharmed) = ('no_case', 'INK', ['—'], '')
FACT ER.repeats(two_loaves_of_wheat_precede_bikkurim) = ('no_case', 'INK', ['—'], '')
FACT ER.repeats(existed_before_the_utterance) = ('no_case', 'INK', ['—'], '')
FACT ER.covenant(made_objects_not_the_ground) = ('no_case', 'INK', ['—'], '')
FACT ER.covenant(altar_class_forbidden) = ('no_case', 'INK', ['—'], '')
FACT MU.pesach_shavuot(the_dates) = ('the fourteenth and the fifteenth — Leviticus 23 by call', ['musaf_owed'])
FACT MU.pesach_shavuot(the_seventh) = ('the seventh a convocation — the same class', ['labor_barred'])
FACT MU.pesach_shavuot(redress_days) = ("seven days of redress — Pesach's analogy", ['commanded'])
FACT MU.pesach_shavuot(day_of_slaughter) = ("a day of slaughter after Shabbat — the festival's one-day tail", ['exempt'])
FACT MU.sukkot(the_dates) = ('the fifteenth, seven days, the eighth an assembly — Leviticus 23 by call', ['musaf_owed'])
FACT MU.sukkot(the_eighth) = ('the eighth its own festival — one bull, [1, 1, 7]', ['musaf_owed'])
FACT PN.the_place_chosen(the_place_which_the_lord_will_choose) = ("the place which the LORD will choose (12:5) — installed here, no seat before it ('will choose' the book's first at 12:5; His dwelling the one seat; the two seekings): the erection's line by kind — the readback row EXPANDED; THE LINE place_chosen_declared at the counter's day writing place_chosen_required (a STATUS) and REUSING high_places_banned (the eras table's own ink — SD.eras('ink_of_the_ban') = 'Lev 17:4 and Deut 12:8' by CALL)", ['place_chosen_required'])
FACT PN.the_place_chosen(eat_there_and_rejoice) = ("eat there and rejoice (12:7) — the peace offerings of rejoicing (the Sifrei 64:2; 138:1), 'your households' his wife (64:4 — Mishnah Yoma 1:1): THE WRITE rejoicing_before_the_lord_commanded — a STATUS on Israel at the chapter's own day, the law's first seat; the readback row SUPPLIED AS A LAW with its write", ['rejoicing_before_the_lord_commanded'])
FACT PN.the_place_chosen(your_households) = ("your households (12:12, 12:18) — 5:14's list said again without the ox and the ass, with the Levite (CH.the_first_tablet by CALL); the dearer first (the Sifrei 69:3, 74:4); 'no portion nor inheritance' portion_declared's reason (Num 18:20 on the tape by kind): the householder who feeds his servant before his son accepted against", ['accepted'])
FACT PN.the_place_chosen(the_womans_rejoicing) = ("the woman's rejoicing (12:7, 12:12, 12:18) — her own obligation, or her husband's to make her joyful (Rosh Hashanah 6b:15-16 — a two-arm parameter); the delay's clock on the vows (6b:3-13): the husband who makes his wife rejoice accepted", ['accepted'])
FACT PN.the_header_and_the_demolition(the_three_asherim) = ("the three Asherim (12:3) — planted, shaped, an idol set under it; the three houses (Mishnah Avodah Zarah 3:7; the Sifrei 61:5-6): the one who sits in the shade of the third kind after the idol's removal accepted (SN.the_seven_nations('the_asherah_shade') by CALL)", ['accepted'])
FACT PN.the_profane_slaughter_the_blood_and_the_gates(you_may_not_eat_within_your_gates) = ("you may not eat within your gates (12:17) — 'you are not permitted' (the Sifrei 72:1); the seven items each a bar (72:2-8); the second tithe's first seat (14:22-26 ahead), the Levites' tithe eaten anywhere the opposite (Num 18:31 — KR.the_tithe('every_place') by CALL): THE WRITE holy_things_in_the_gates_barred — a BLOCK on Israel at the chapter's own day; the readback row SUPPLIED AS A LAW with its write", ['holy_things_in_the_gates_barred'])
FACT OS.the_officers_and_the_judges(the_qualities) = ("the qualities (1:13, 15) — seven asked, three found (the Sifrei 15:2): the discerning not found (Eruvin 100b:18); Jethro's four by CALL: a DATA checklist", ['accepted'])
FACT OS.the_officers_and_the_judges(the_charge) = ("the charge (1:16-17) — the six clauses each one seat: judges_charged on the court, dated at the court's founding (1, 2, 16); the law in Moses' voice, the vows' class", ['judges_charged'])
FACT OS.the_officers_and_the_judges(no_faces) = ('no faces (1:17) — befriend / estrange disputed (Sanhedrin 7b:18); the kin and the haters off the bench (Mishnah Sanhedrin 3:4-5; 29a:11): the DATA row no_faces', ['accepted'])
FACT OS.the_officers_and_the_judges(the_court_of_three) = ("the court of three (Mishnah Sanhedrin 1:1, 3:1-3) — the litigants' choice, the third by the two (Sanhedrin 23a:12); the disqualified by conduct (24b-26b); the sizes by CALL", ['accepted'])
FACT OS.the_officers_and_the_judges(the_perverting_judge) = ('the perverting judge — the five effects (HO by CALL; Sanhedrin 7a:17-18): judgment_perverted', ['judgment_perverted'])
FACT OS.the_officers_and_the_judges(judge_righteously) = ("judge righteously (1:16) — the true judgment truly makes the Presence rest (Sanhedrin 7a:17); Leviticus 19:15's 'in righteousness' by CALL", ['accepted'])
FACT ES.jethro(judges) = (78600, 'INK', ['courts_established'])
FACT ES.jethro(denominations) = (4, 'INK', ['courts_established'])
FACT ES.jethro(sanhedrin_sizes) = ((71, 23), 'ANSWER-SHEET', ['courts_established'])
FACT OR.courts(poor_not_glorified) = ('each_verse_its_referent', 'MOVE', ['judgment_perverted'], "23:3 'and the POOR you shall not GLORIFY in his cause' — 'you shall not glorify' (תהדר) at [('Exod', 23, 3), ('Lev', 19,")
FACT OR.courts(asymmetry) = ('acquit_by_one_convict_by_two', 'MOVE', ['majority_decides'], "Mekhilta on Exod 23:2: 'you are not with them for evil but you ARE with them for good' — twelve acquit against eleven, a")
FACT OR.courts(twenty_three) = (23, 'ANSWER-SHEET', ['majority_decides'], 'Mishnah Sanhedrin 1:6: the small court is twenty-three — a judging and a delivering congregation (Num 35:24-25), ten eac')
FACT OR.courts(one_vs_two) = ('merit_by_one_liability_by_two', 'ANSWER-SHEET', ['majority_decides'], 'Mishnah Sanhedrin 4:1: money cases tilt by one either way; capital cases tilt by ONE for merit and by TWO for liability;')
FACT OR.courts(dissenter) = ('bound_and_silent', 'ANSWER-SHEET', ['majority_decides'], "Mishnah Sanhedrin 3:7: the judge leaving may not say 'I acquitted and my colleagues convicted' — 'do not go talebearing'")
FACT OR.courts(bribe) = ('the_bribed_judges_eyes_dim', 'IMPORT', ['bribe_barred', 'judgment_perverted'], "23:8 'and a BRIBE you shall not take, for the bribe blinds the OPEN-EYED (פקחים) and twists the words of the righteous' ")
FACT OR.courts(bribe_absolute) = ('even_to_judge_truly', 'MOVE', ['bribe_barred'], "Mekhilta on Exod 23:6-8: bribery absolute — even to judge truly; the taker's threefold blindness ladder (R. Natan: Torah")
FACT HO.conduct(no_favor, who=poor) = ('banned', ['judgment_perverted'])
FACT HO.conduct(scale_of_merit) = ('judge_every_person_toward_merit', 'MOVE', ['—'])
FACT HO.conduct(five_effects) = (['defiles_the_land', 'profanes_the_Name', 'removes_the_Presence', 'fells_by_the_sword', 'exiles'], 'MOVE', ['judgment_perverted'])
FACT HO.conduct(judge_is_measurer) = ('one_clause_at_two_seats', 'INK', ['judgment_perverted'])
FACT HO.conduct(bribe) = ('the_bribed_judges_eyes_dim', 'IMPORT', ['judgment_perverted'])
FACT HO.conduct(equal_treatment) = (['not_one_at_length_and_one_cut_short', 'not_one_standing_and_one_sitting'], 'MOVE', ['—'])
FACT ST.the_god_of_gods_and_the_stranger(takes_no_bribe) = ("takes no bribe (10:17) — Exodus 23:8's block never written on the tape (OR.courts by CALL — bribe_barred asserted absent; 16:19 the command's seat forward): a declaration; the shelf's exam — a bribe even to judge truly (Ketubot 105a:10), the bribe blinds a fortiori (105a:16, I1); the judge who takes to judge truly accepted against", ['accepted'])
FACT ST.the_god_of_gods_and_the_stranger(the_permitted_fee) = ("the permitted fee (Ketubot 105a:17-19) — Karna's fee from both parties for evident loss, Rav Huna's water-drawer: not a bribe, the judge exempt from the rule", ['exempt'])
FACT ST.the_god_of_gods_and_the_stranger(lifts_no_face) = ("lifts no face (10:17) — Numbers 6:26's 'the LORD lift up His face' thrice reconciled (NS.blessing('face_lifted') by CALL — when they do His will, the Sifrei 42:2; beyond the letter, Berakhot 20b:15; before the sentence, Niddah 70b:5; man and God against man and man, Rosh Hashanah 17b:17): a declaration, no write", ['accepted'])
FACT ST.the_god_of_gods_and_the_stranger(a_salary_voids) = ("a salary voids (Kiddushin 58b; Mishnah Bekhorot 4:6) — one who takes a fee to judge, his judgments are void: the judge who takes a salary accepted against; Karna's evident loss the exception", ['accepted'])
FACT ST.BRIBE_SCAN = []
FACT SN.the_seven_nations(the_asherah_shade) = ("the Asherah's shade (7:5) — not sat in, even the shade of its shade (Mishnah 3:8; Avodah Zarah 48b): the sitter in the Asherah's shade barred", ['accepted'])
FACT SN.the_seven_nations(the_asherah_wood) = ("the Asherah's wood (7:5, 7:26) — used, its user is FLOGGED (Makkot 22a; Pesachim 48a): the wood-burner lashed; the redemption R. Eliezer's (Avodah Zarah 49b)", ['lashes'])
FACT SN.the_seven_nations(the_four_objects) = ("the four objects (7:5) — four verbs where 34:13 had three, the images burned (ER and JO by CALL); the demolition a reference row against the dispossession's open debit; the shelf's order: fell, conquer, eradicate", ['accepted'])
FACT CH.the_first_tablet(the_fourth_word) = ('the fourth word (5:12-15) — EXPANDED, VERBATIM, EXPANDED, TURNED: decalogue.sabbath_clauses by CALL', ['accepted'])
FACT CH.the_first_tablet(keep_and_remember) = ("keep and remember (5:12) — one utterance: the diff's first word the tradition's exhibit; women's kiddush (Berakhot 20b)", ['accepted'])
FACT CH.the_first_tablet(the_servants_rest) = ("the servants' rest (5:14) — the circumcised slave and the righteous convert (Yevamot 48b); the analogy's limit (Bava Kamma 54b)", ['accepted'])
FACT JR.the_command(figured_stones) = ("their figured stones (33:52) — Leviticus 26:1's word at its ban's seat, uncompiled: the edge owed, Megillah 22b:11-13's rows filed to the debt", ['commanded'])
FACT JR.the_command(high_places) = ("their high places (33:52) — Leviticus 26:30's curse in the same verb on the same object: the spec/curse pair; the private altar's eras (Mishnah Zevachim 14:4-8) another sense", ['commanded'])
FACT JR.the_command(three_objects_own) = ("the three objects (33:52) are the chapter's own — the other iconoclasm lists (three, four, five by CALL) name altars, pillars, asherim and graven images", ['accepted'])
FACT JR.the_command(private_altar_eras) = ("the private altar's eras (Mishnah Zevachim 14:4-8) — Israel's own altars by era, the erection runner's block: not this chapter's high places", ['exempt'])
FAIL PSH.second_passover(who_keeps): KeyError: 'reason'
FACT PSH.second_passover(distance) = ("from Modi'im and beyond (fifteen mil)", ['exempt'])
FAIL PSH.second_passover(scope): KeyError: 'item'
FACT WE.CAL_PARAMS keys with festival/omer/intercal = ['intercalated_month', 'intercalation_grounds', 'intercalation_threshold_days', 'festival_dates', 'omer_day', 'night_start', 'between_the_evenings_from', 'twilight_doubt']
FACT WE.CAL_PARAMS[festival_dates][value] = {'passover': {'month': 1, 'day': 14}, 'passover_1': {'month': 1, 'day': 15}, 'passover_7': {'from': 'passover_1', 'plus': 6}, 'passover_sheni': {'month': 2, 'day': 14}, 'atzeret': {'from': 'omer', 'plus': 49}, 'rosh_hashanah': {'month': 7, 'day': 1}, 'yom_kippur': {'month': 7, 'day': 10}, 'sukkot_1': {'month': 7, 'day': 15}, 'shemini': {'from': 'sukkot_1', 'plus': 7}, 'sabbath': {'key': 'week'}}
FACT WE.CAL_PARAMS[intercalated_month][value], threshold, grounds = ({'position': 'after_month_12', 'length': 30}, 16, ['spring_grain', 'tree_fruit', 'season'])
FACT the day slots (WE) = ['evening', 'night', 'midnight', 'dawn', 'morning', 'noon', 'between_the_evenings', 'sunset']
CALLEES DONE
