  'pretermission': 1 families, 9 tokens: [('פסח', 9)]
  'the-pretermission': 1 families, 13 tokens: [('הפסח', 13)]
  'the-green': 2 families, 7 tokens: [('האביב', 6), ('הירק', 1)]
  'sweetness': 3 families, 28 tokens: [('מצות', 20), ('מצה', 4), ('מצת', 4)]
  'the-sweetness': 1 families, 9 tokens: [('המצות', 9)]
  'ferment': 2 families, 12 tokens: [('חמץ', 10), ('מחמצת', 2)]
  'barm': 1 families, 5 tokens: [('שאר', 5)]
  'sevened': 4 families, 7 tokens: [('שבע', 2), ('שבעות', 2), ('שבעת', 2), ('שבעים', 1)]
  'the-sevened': 1 families, 1 tokens: [('השבעות', 1)]
  'the-hut': 2 families, 4 tokens: [('הסכות', 3), ('הסכת', 1)]
  'stroke': 5 families, 28 tokens: [('פעמים', 23), ('אמחה', 2), ('ימחה', 1), ('מחה', 1), ('תמחה', 1)]
  'donation': 1 families, 3 tokens: [('שחד', 3)]
  'the-donation': 1 families, 2 tokens: [('השחד', 2)]
  'something-stationed': 1 families, 8 tokens: [('מצבה', 8)]
  'try': 5 families, 33 tokens: [('יבחר', 25), ('בחר', 5), ('אבחר', 1), ('בחור', 1), ('בחרו', 1)]
  'depression': 2 families, 3 tokens: [('עני', 2), ('שקערורת', 1)]
  'in-hasty-flight': 1 families, 2 tokens: [('בחפזון', 2)]
  'stop': 10 families, 16 tokens: [('ילין', 3), ('מלינים', 2), ('תלונו', 2), ('תלין', 2), ('תלינו', 2), ('הלינתם', 1), ('לינו', 1), ('לן', 1)]
  'cord-you/your': 2 families, 11 tokens: [('גבולך', 6), ('גבלך', 5)]
  'score-with-a-mark-as-a-tally': 5 families, 7 tokens: [('יספר', 2), ('תספר', 2), ('ספר', 1), ('ספרו', 1), ('תספרו', 1)]
  'to-score-with-a-mark-as-a-tally': 1 families, 3 tokens: [('לספר', 3)]
  'from-bore': 1 families, 1 tokens: [('מהחל', 1)]
  'bore': 15 families, 28 tokens: [('החל', 7), ('יחלל', 3), ('יחללו', 3), ('תחל', 2), ('תחלל', 2), ('תחללו', 2), ('אחל', 1), ('הוחל', 1)]
  'in-something-that-rises': 2 families, 2 tokens: [('בקמה', 1), ('בקמת', 1)]
  'abundance': 4 families, 7 tokens: [('רבבה', 3), ('רבבות', 2), ('מסת', 1), ('רב', 1)]
  'spontaneity': 2 families, 6 tokens: [('נדבה', 5), ('נדבת', 1)]
  'and-brighten-up': 3 families, 11 tokens: [('ושמחת', 6), ('ושמחתם', 3), ('ושמח', 2)]
  'move-in-acircle': 2 families, 4 tokens: [('תחג', 2), ('תחגו', 2)]
  'in-years': 3 families, 31 tokens: [('בשנה', 24), ('בשנת', 5), ('בשנים', 2)]
  'like-present': 2 families, 2 tokens: [('כמתנת', 1), ('כתרומת', 1)]
  'like-benediction': 1 families, 2 tokens: [('כברכת', 2)]
  'and-scribe': 1 families, 2 tokens: [('ושטרים', 2)]
  'stretch': 8 families, 22 tokens: [('נטה', 10), ('נטויה', 4), ('תטה', 3), ('הטי', 1), ('מטה', 1), ('נטיו', 1), ('נטית', 1), ('נטתה', 1)]
  'scrutinize': 6 families, 8 tokens: [('הכר', 3), ('הכיר', 1), ('יכיר', 1), ('ינכרו', 1), ('תכיר', 1), ('תכירו', 1)]
  'wrench': 0 families, 0 tokens: []
  'run-after--gone-by)': 6 families, 9 tokens: [('רדף', 3), ('ירדף', 2), ('ארדף', 1), ('ירדפו', 1), ('רדפו', 1), ('תרדף', 1)]
  'strike-in': 3 families, 6 tokens: [('תטע', 3), ('נטע', 2), ('נטעת', 1)]
  'arise': 22 families, 63 tokens: [('יקום', 15), ('קום', 12), ('הקים', 5), ('תקים', 4), ('יקומו', 3), ('קומו', 3), ('אקים', 2), ('הקמתי', 2)]
  'seasons': 3 families, 142 tokens: [('מועד', 138), ('מועדי', 3), ('מעדי', 1)]
  'like-come/bring': 2 families, 4 tokens: [('כבא', 2), ('כבוא', 2)]
  'new-moon': 2 families, 21 tokens: [('חדש', 19), ('חדשים', 2)]
  'in-new-moon': 1 families, 21 tokens: [('בחדש', 21)]
  'and-boil-up': 2 families, 3 tokens: [('ובשלת', 2), ('ובשלו', 1)]
  'in-nearest-part-you/your': 1 families, 14 tokens: [('בקרבך', 14)]
  'to-scion-you/your': 1 families, 1 tokens: [('לשבטיך', 1)]
  'judge': 9 families, 10 tokens: [('ישפטו', 2), ('התפלל', 1), ('ישפוטו', 1), ('ישפט', 1), ('פללתי', 1), ('שפוט', 1), ('שפטי', 1), ('שפטים', 1)]
  'mark': 10 families, 21 tokens: [('זכר', 6), ('זכור', 4), ('תזכר', 3), ('אזכר', 2), ('אזכיר', 1), ('זכרנו', 1), ('מזכיר', 1), ('מזכרת', 1)]
  'and-mark': 6 families, 18 tokens: [('וזכרת', 7), ('ויזכר', 5), ('וזכרתי', 3), ('ואזכר', 1), ('וזכרתם', 1), ('ונזכרתם', 1)]
  'in-gather-for-any-purpose-you/your': 1 families, 2 tokens: [('באספך', 2)]
  'from-threshing-floor-you/your': 1 families, 1 tokens: [('מגרנך', 1)]
  'income-you/your': 1 families, 3 tokens: [('תבואתך', 3)]
  'blithe': 1 families, 1 tokens: [('שמח', 1)]
  'particle-of-affirmation': 1 families, 41 tokens: [('אך', 41)]
  'to-tent-you/your': 1 families, 1 tokens: [('לאהליך', 1)]
  'male-you/your': 1 families, 3 tokens: [('זכורך', 3)]
  'very-widely-used-as-a-relati': 1 families, 36 tokens: [('כי', 36)]
  'as-demonstrative': 1 families, 30 tokens: [('אם', 30)]
  'the-enactment': 1 families, 15 tokens: [('החקים', 15)]
  'the-these': 2 families, 88 tokens: [('האלה', 80), ('האל', 8)]
  'bring-forth': 33 families, 152 tokens: [('יצא', 44), ('יצאו', 15), ('הוצאתי', 9), ('תצא', 9), ('הוציא', 8), ('יצאת', 8), ('יצאי', 5), ('יצאים', 5)]
  'bring-forth-you/your': 4 families, 9 tokens: [('הוצאתיך', 3), ('הוצאך', 2), ('הוציאך', 2), ('צאתך', 2)]
  'keep/guard': 11 families, 59 tokens: [('תשמרו', 15), ('השמר', 14), ('שמר', 7), ('תשמר', 7), ('שמרי', 4), ('השמרו', 3), ('שמור', 3), ('אשמר', 2)]
  'sickle': 1 families, 1 tokens: [('חרמש', 1)]
  'assembly': 1 families, 3 tokens: [('עצרת', 3)]
  'festival': 1 families, 15 tokens: [('חג', 15)]
  'in-festival': 1 families, 2 tokens: [('בחג', 2)]
  'and-in-festival': 1 families, 2 tokens: [('ובחג', 2)]
  'in-festival-you/your': 1 families, 1 tokens: [('בחגך', 1)]
  'the-bereaved-person': 0 families, 0 tokens: []
  'and-the-bereaved-person': 1 families, 3 tokens: [('והיתום', 3)]
  'just': 3 families, 11 tokens: [('צדיק', 6), ('צדיקם', 4), ('צדיקים', 1)]
  'wise': 4 families, 12 tokens: [('חכם', 7), ('חכמים', 3), ('חכמי', 1), ('חכמת', 1)]
  'right': 1 families, 9 tokens: [('צדק', 9)]
  'side': 2 families, 7 tokens: [('אצל', 6), ('צדי', 1)]
  'hate': 5 families, 14 tokens: [('שנא', 8), ('שנואה', 3), ('שנאי', 1), ('שנאתם', 1), ('תשנא', 1)]
  "'Asherah": 1 families, 1 tokens: [('אשרה', 1)]
  'to-face': 2 families, 238 tokens: [('לפני', 235), ('לפנים', 3)]
  'emptily': 1 families, 6 tokens: [('ריקם', 6)]
  'in-one': 2 families, 19 tokens: [('באחד', 16), ('באחת', 3)]
  'from-Egypt': 1 families, 45 tokens: [('ממצרים', 45)]
  'in-Egypt': 1 families, 33 tokens: [('במצרים', 33)]
  'to-reside': 1 families, 8 tokens: [('לשכן', 8)]
  'name-him/its': 1 families, 58 tokens: [('שמו', 58)]
  'see': 23 families, 146 tokens: [('ראה', 29), ('יראה', 15), ('ראו', 15), ('תראה', 14), ('ראיתי', 10), ('נראה', 9), ('אראה', 7), ('יראו', 7)]
  'set': 19 families, 300 tokens: [('נתן', 109), ('נתתי', 44), ('יתן', 42), ('תתן', 31), ('אתן', 21), ('תתנו', 20), ('נתנים', 5), ('נתתה', 4)]
  'alive-you/your': 1 families, 9 tokens: [('חייך', 9)]
  'from-earth': 1 families, 58 tokens: [('מארץ', 58)]
  'the-earth': 3 families, 367 tokens: [('הארץ', 364), ('הארצת', 2), ('הארצות', 1)]
  'and-servant-you/your': 2 families, 8 tokens: [('ועבדך', 5), ('ועבדיך', 3)]
  'and-maidservant-you/your': 1 families, 7 tokens: [('ואמתך', 7)]
  'and-son-you/your': 2 families, 17 tokens: [('ובניך', 11), ('ובנך', 6)]
  'and-daughter-you/your': 2 families, 9 tokens: [('ובתך', 5), ('ובנתיך', 4)]
  'and-the-sojourner': 1 families, 8 tokens: [('והגר', 8)]
  'and-the-widow': 1 families, 3 tokens: [('והאלמנה', 3)]
  'and-the-Levite': 2 families, 10 tokens: [('והלוי', 6), ('והלוים', 4)]
  'hand-you/your': 3 families, 41 tokens: [('ידך', 37), ('ידיך', 3), ('ידכה', 1)]
  'hand-him/its': 3 families, 77 tokens: [('ידו', 61), ('ידיו', 12), ('ידתיו', 4)]
  'over-him/its': 1 families, 151 tokens: [('עליו', 151)]
  'to-morning': 1 families, 3 tokens: [('לבקר', 3)]
  'the-flesh': 1 families, 16 tokens: [('הבשר', 16)]
  'so-that': 1 families, 68 tokens: [('למען', 68)]
  'the-first': 4 families, 32 tokens: [('הראשון', 26), ('הראשנים', 4), ('הראשן', 1), ('הראשנות', 1)]
  'the-seventh': 3 families, 55 tokens: [('השביעי', 48), ('השביעת', 4), ('השבעי', 3)]
  'in-evening': 1 families, 12 tokens: [('בערב', 12)]
  'in-day': 3 families, 152 tokens: [('ביום', 138), ('בימים', 8), ('בימי', 6)]
  'and-in-day': 1 families, 35 tokens: [('וביום', 35)]
  'day': 5 families, 257 tokens: [('ימים', 119), ('יום', 85), ('ימי', 49), ('יומים', 3), ('ימות', 1)]
  'all': 1 families, 967 tokens: [('כל', 967)]
  'eat': 15 families, 175 tokens: [('יאכל', 50), ('תאכלו', 46), ('תאכל', 34), ('אכל', 10), ('יאכלו', 10), ('אכלה', 4), ('אכלתי', 4), ('אכלו', 3)]
  'make': 22 families, 461 tokens: [('עשה', 116), ('תעשה', 97), ('יעשה', 51), ('תעשו', 49), ('עשו', 46), ('אעשה', 21), ('עשית', 20), ('עשיתי', 13)]
  'and-make': 14 families, 275 tokens: [('ויעש', 82), ('ועשית', 70), ('ויעשו', 39), ('ועשה', 32), ('ועשיתם', 22), ('ועשו', 13), ('ואעשה', 6), ('ועשתה', 3)]
  'work': 3 families, 44 tokens: [('מלאכה', 24), ('מלאכת', 19), ('פעלת', 1)]
  'to-you/your': 2 families, 363 tokens: [('לך', 302), ('אליך', 61)]
the chapter's glosses ALREADY rewritten by the earlier walks' by-gloss overrides: ['God-you/your', 'and-brighten-up', 'and-from-trough-you/your', 'and-maidservant-you/your', 'and-mark', 'and-scribe', 'and-the-bereaved-person', 'cord-you/your', 'donation', 'emptily', 'gate-you/your', 'in-gate-you/your', 'in-nearest-part-you/your', 'in-one', 'in-place', 'income-you/your', 'like-as/which', 'like-benediction', 'particle-of-affirmation', 'strike-in', 'the-enactment', 'the-these', 'to-reside', 'try']
by_gloss total 800 | by_ref total 1421 | the last by_ref line:   "Deut.15.23:7": "you-shall-pour-it"   # תשפכנו | sitting 13 marker present: True
