==== A. THE KIN BY COMPUTATION (every verse against every verse of the Bible; the closest three re-scored in order)
  16:1: [('Exod 34:18', 4, 7), ('Exod 23:15', 3, 5), ('Lev 23:5', 3, 2), ('1Chr 27:1', 2, None), ('1Kgs 5:28', 2, None), ('1Kgs 6:1', 2, None), ('2Chr 30:1', 2, None), ('2Chr 30:5', 2, None)]
  16:2: [('Deut 12:11', 4, 6), ('Deut 14:23', 4, 7), ('Deut 16:11', 4, 8), ('1Sam 15:21', 3, None), ('Deut 12:21', 3, None), ('Deut 16:6', 3, None), ('Deut 16:15', 3, None), ('Deut 26:2', 3, None)]
  16:3: [('Exod 12:15', 5, 5), ('Exod 23:15', 5, 6), ('Exod 34:18', 5, 6), ('1Kgs 8:65', 4, None), ('Lev 8:33', 4, None), ('Lev 23:6', 4, None), ('Num 28:17', 4, None), ('2Chr 7:8', 3, None)]
  16:4: [('Exod 12:15', 5, 4), ('Exod 13:7', 4, 6), ('Lev 23:39', 4, 4), ('Lev 23:40', 4, None), ('Neh 8:18', 4, None), ('1Kgs 20:29', 3, None), ('2Chr 7:9', 3, None), ('2Chr 30:21', 3, None)]
  16:5: [('Deut 15:7', 3, 7), ('Deut 17:2', 3, 7), ('Deut 12:15', 2, 4), ('Deut 16:18', 2, None), ('Deut 23:17', 2, None), ('Deut 28:52', 2, None), ('Judg 16:23', 2, None)]
  16:6: [('Deut 12:11', 4, 8), ('Deut 26:2', 4, 9), ('Deut 12:5', 3, 9), ('Deut 12:21', 3, None), ('Deut 14:23', 3, None), ('Deut 14:24', 3, None), ('Deut 16:2', 3, None), ('Deut 16:11', 3, None)]
  16:7: [('Deut 14:23', 3, 6), ('Deut 12:14', 2, 4), ('Deut 12:18', 2, 6), ('Deut 12:21', 2, None), ('Deut 14:25', 2, None), ('Deut 14:26', 2, None), ('Deut 15:20', 2, None), ('Deut 16:2', 2, None)]
  16:8: [('Exod 35:2', 7, 6), ('Lev 23:3', 7, 5), ('Exod 31:15', 6, 6), ('Exod 13:6', 5, None), ('Exod 23:12', 5, None), ('Deut 5:14', 4, None), ('Exod 16:26', 4, None), ('Exod 20:10', 4, None)]
  16:9: []
  16:10: [('Deut 15:10', 3, 4), ('1Chr 4:10', 2, 2), ('2Chr 30:21', 2, 2), ('Deut 14:29', 2, None), ('Deut 16:1', 2, None), ('Deut 16:15', 2, None), ('Deut 23:21', 2, None), ('Deut 23:24', 2, None)]
  16:11: [('Deut 12:18', 10, 13), ('Deut 16:14', 10, 11), ('Deut 5:14', 5, 8), ('Deut 14:23', 5, None), ('Deut 14:29', 4, None), ('Deut 16:2', 4, None), ('Deut 26:11', 4, None), ('Exod 20:10', 4, None)]
  16:12: [('Deut 24:18', 4, 6), ('Deut 5:15', 3, 5), ('Deut 15:15', 3, 5), ('Deut 24:22', 3, None), ('Deut 26:16', 3, None), ('Deut 7:11', 2, None), ('Deut 17:10', 2, None), ('Exod 14:12', 2, None)]
  16:13: [('1Sam 10:8', 3, 2), ('2Chr 30:21', 3, 3), ('2Chr 35:17', 3, 3), ('Exod 13:6', 3, None), ('Exod 22:29', 3, None), ('Exod 23:15', 3, None), ('Exod 34:18', 3, None), ('Ezek 43:25', 3, None)]
  16:14: [('Deut 16:11', 10, 11), ('Deut 12:18', 7, 8), ('Deut 5:14', 5, 7), ('Deut 14:29', 4, None), ('Exod 20:10', 4, None), ('Deut 26:11', 3, None), ('Deut 14:27', 2, None), ('Lev 25:44', 2, None)]
  16:15: [('2Chr 30:21', 3, 3), ('Deut 16:2', 3, 6), ('Deut 24:19', 3, 7), ('Exod 12:15', 3, None), ('Exod 13:6', 3, None), ('Lev 22:27', 3, None), ('Lev 23:6', 3, None), ('Lev 23:8', 3, None)]
  16:16: [('2Chr 8:13', 8, 9), ('Exod 23:17', 5, 7), ('Exod 34:23', 5, 8), ('Deut 15:20', 3, None), ('Deut 31:11', 3, None), ('Exod 23:15', 3, None), ('Exod 34:24', 3, None), ('1Kgs 9:25', 2, None)]
  16:17: [('1Kgs 13:4', 2, 3), ('1Kgs 13:5', 2, 2), ('1Sam 30:22', 2, 3), ('2Kgs 5:1', 2, None), ('2Kgs 7:2', 2, None), ('2Kgs 7:17', 2, None), ('2Kgs 23:35', 2, None), ('2Sam 15:5', 2, None)]
  16:18: [('Num 21:2', 3, 3), ('1Chr 19:11', 2, 1), ('1Kgs 5:21', 2, 3), ('1Kgs 12:9', 2, None), ('1Sam 10:25', 2, None), ('2Chr 10:9', 2, None), ('2Chr 24:24', 2, None), ('2Sam 10:10', 2, None)]
  16:19: [('Exod 23:8', 5, 7), ('Prov 22:12', 3, 3), ('1Kgs 8:59', 2, 1), ('1Sam 8:3', 2, None), ('2Chr 19:7', 2, None), ('Deut 10:17', 2, None), ('Deut 24:17', 2, None), ('Eccl 9:17', 2, None)]
  16:20: [('1Kgs 15:4', 2, 2), ('Deut 4:1', 2, 6), ('Deut 5:16', 2, 6), ('Deut 6:18', 2, None), ('Deut 16:18', 2, None), ('Deut 20:16', 2, None), ('Deut 25:15', 2, None), ('Deut 27:3', 2, None)]
  16:21: [('Amos 2:8', 2, 2), ('Exod 20:24', 2, 2), ('Exod 20:25', 2, 1), ('Exod 30:1', 2, None), ('Ezek 9:2', 2, None), ('Isa 19:19', 2, None)]
  16:22: []
==== B. THE TWINS DIFFED (shared tokens in order / the diff)
  16:1 vs Exod 13:4: shared in order 2 of 16/5; longest run ['בחדש', 'האביב']; diff [('replace', ['שמור', 'את', 'חדש', 'האביב', 'ועשית', 'פסח', 'ליהוה', 'אלהיך', 'כי'], ['היום', 'אתם', 'יצאים']), ('delete', ['הוציאך', 'יהוה', 'אלהיך', 'ממצרים', 'לילה'], [])]
  16:1 vs Exod 23:15: shared in order 5 of 16/21; longest run ['חדש', 'האביב']; diff [('delete', ['שמור'], []), ('insert', [], ['חג', 'המצות', 'תשמר', 'שבעת', 'ימים', 'תאכל', 'מצות', 'כאשר', 'צויתך', 'למועד']), ('delete', ['ועשית', 'פסח', 'ליהוה', 'אלהיך'], []), ('replace', ['בחדש', 'האביב', 'הוציאך', 'יהוה', 'אלהיך'], ['בו', 'יצאת']), ('replace', ['לילה'], ['ולא', 'יראו', 'פני', 'ריקם'])]
  16:1 vs Exod 34:18: shared in order 7 of 16/18; longest run ['כי', 'בחדש', 'האביב']; diff [('delete', ['שמור'], []), ('insert', [], ['חג', 'המצות', 'תשמר', 'שבעת', 'ימים', 'תאכל', 'מצות', 'אשר', 'צויתך', 'למועד']), ('delete', ['ועשית', 'פסח', 'ליהוה', 'אלהיך'], []), ('replace', ['הוציאך', 'יהוה', 'אלהיך'], ['יצאת']), ('delete', ['לילה'], [])]
  16:1 vs Exod 12:42: shared in order 1 of 16/16; longest run ['ליהוה']; diff [('replace', ['שמור', 'את', 'חדש', 'האביב', 'ועשית', 'פסח'], ['ליל', 'שמרים', 'הוא']), ('replace', ['אלהיך', 'כי', 'בחדש', 'האביב', 'הוציאך', 'יהוה', 'אלהיך', 'ממצרים', 'לילה'], ['להוציאם', 'מארץ', 'מצרים', 'הוא', 'הלילה', 'הזה', 'ליהוה', 'שמרים', 'לכל', 'בני', 'ישראל', 'לדרתם'])]
  16:2 vs Exod 12:5: shared in order 0 of 13/12; longest run []; diff [('replace', ['וזבחת', 'פסח', 'ליהוה', 'אלהיך', 'צאן', 'ובקר', 'במקום', 'אשר', 'יבחר', 'יהוה', 'לשכן', 'שמו', 'שם'], ['שה', 'תמים', 'זכר', 'בן', 'שנה', 'יהיה', 'לכם', 'מן', 'הכבשים', 'ומן', 'העזים', 'תקחו'])]
  16:2 vs Exod 12:21: shared in order 1 of 13/14; longest run ['צאן']; diff [('replace', ['וזבחת', 'פסח', 'ליהוה', 'אלהיך'], ['ויקרא', 'משה', 'לכל', 'זקני', 'ישראל', 'ויאמר', 'אלהם', 'משכו', 'וקחו', 'לכם']), ('replace', ['ובקר', 'במקום', 'אשר', 'יבחר', 'יהוה', 'לשכן', 'שמו', 'שם'], ['למשפחתיכם', 'ושחטו', 'הפסח'])]
  16:3 vs Exod 12:11: shared in order 1 of 26/15; longest run ['בחפזון']; diff [('replace', ['לא', 'תאכל', 'עליו', 'חמץ', 'שבעת', 'ימים', 'תאכל', 'עליו', 'מצות', 'לחם', 'עני', 'כי'], ['וככה', 'תאכלו', 'אתו', 'מתניכם', 'חגרים', 'נעליכם', 'ברגליכם', 'ומקלכם', 'בידכם', 'ואכלתם', 'אתו']), ('replace', ['יצאת', 'מארץ', 'מצרים', 'למען', 'תזכר', 'את', 'יום', 'צאתך', 'מארץ', 'מצרים', 'כל', 'ימי', 'חייך'], ['פסח', 'הוא', 'ליהוה'])]
  16:3 vs Exod 13:3: shared in order 1 of 26/23; longest run ['חמץ']; diff [('replace', ['לא', 'תאכל', 'עליו'], ['ויאמר', 'משה', 'אל', 'העם', 'זכור', 'את', 'היום', 'הזה', 'אשר', 'יצאתם', 'ממצרים', 'מבית', 'עבדים', 'כי', 'בחזק', 'יד', 'הוציא', 'יהוה', 'אתכם', 'מזה', 'ולא', 'יאכל']), ('delete', ['שבעת', 'ימים', 'תאכל', 'עליו', 'מצות', 'לחם', 'עני', 'כי', 'בחפזון', 'יצאת', 'מארץ', 'מצרים', 'למען', 'תזכר', 'את', 'יום', 'צאתך', 'מארץ', 'מצרים', 'כל', 'ימי', 'חייך'], [])]
  16:3 vs Exod 13:6: shared in order 3 of 26/8; longest run ['שבעת', 'ימים', 'תאכל']; diff [('delete', ['לא', 'תאכל', 'עליו', 'חמץ'], []), ('replace', ['עליו', 'מצות', 'לחם', 'עני', 'כי', 'בחפזון', 'יצאת', 'מארץ', 'מצרים', 'למען', 'תזכר', 'את', 'יום', 'צאתך', 'מארץ', 'מצרים', 'כל', 'ימי', 'חייך'], ['מצת', 'וביום', 'השביעי', 'חג', 'ליהוה'])]
  16:3 vs Exod 12:15: shared in order 5 of 26/23; longest run ['שבעת', 'ימים']; diff [('delete', ['לא', 'תאכל', 'עליו', 'חמץ'], []), ('delete', ['תאכל', 'עליו'], []), ('replace', ['לחם', 'עני'], ['תאכלו', 'אך', 'ביום', 'הראשון', 'תשביתו', 'שאר', 'מבתיכם']), ('replace', ['בחפזון', 'יצאת', 'מארץ', 'מצרים', 'למען', 'תזכר', 'את'], ['כל', 'אכל', 'חמץ', 'ונכרתה', 'הנפש', 'ההוא', 'מישראל', 'מיום', 'הראשן', 'עד']), ('replace', ['צאתך', 'מארץ', 'מצרים', 'כל', 'ימי', 'חייך'], ['השבעי'])]
  16:4 vs Exod 13:7: shared in order 6 of 18/15; longest run ['ולא', 'יראה', 'לך', 'שאר', 'בכל', 'גבלך']; diff [('insert', [], ['מצות', 'יאכל', 'את', 'שבעת', 'הימים', 'ולא', 'יראה', 'לך', 'חמץ']), ('delete', ['שבעת', 'ימים', 'ולא', 'ילין', 'מן', 'הבשר', 'אשר', 'תזבח', 'בערב', 'ביום', 'הראשון', 'לבקר'], [])]
  16:4 vs Exod 12:10: shared in order 1 of 18/11; longest run ['ולא']; diff [('replace', ['יראה', 'לך', 'שאר', 'בכל', 'גבלך', 'שבעת', 'ימים', 'ולא', 'ילין', 'מן', 'הבשר', 'אשר', 'תזבח', 'בערב', 'ביום', 'הראשון', 'לבקר'], ['תותירו', 'ממנו', 'עד', 'בקר', 'והנתר', 'ממנו', 'עד', 'בקר', 'באש', 'תשרפו'])]
  16:4 vs Exod 23:18: shared in order 2 of 18/12; longest run ['ולא', 'ילין']; diff [('replace', ['ולא', 'יראה', 'לך', 'שאר', 'בכל', 'גבלך', 'שבעת', 'ימים'], ['לא', 'תזבח', 'על', 'חמץ', 'דם', 'זבחי']), ('replace', ['מן', 'הבשר', 'אשר', 'תזבח', 'בערב', 'ביום', 'הראשון', 'לבקר'], ['חלב', 'חגי', 'עד', 'בקר'])]
  16:4 vs Exod 34:25: shared in order 3 of 18/12; longest run ['ולא', 'ילין']; diff [('replace', ['ולא', 'יראה', 'לך', 'שאר', 'בכל', 'גבלך', 'שבעת', 'ימים'], ['לא', 'תשחט', 'על', 'חמץ', 'דם', 'זבחי']), ('delete', ['מן', 'הבשר', 'אשר', 'תזבח', 'בערב', 'ביום', 'הראשון'], []), ('insert', [], ['זבח', 'חג', 'הפסח'])]
  16:5 vs Deut 12:17: shared in order 3 of 12/18; longest run ['לא', 'תוכל']; diff [('replace', ['לזבח', 'את', 'הפסח', 'באחד', 'שעריך'], ['לאכל', 'בשעריך', 'מעשר', 'דגנך', 'ותירשך', 'ויצהרך', 'ובכרת', 'בקרך', 'וצאנך', 'וכל', 'נדריך']), ('replace', ['יהוה', 'אלהיך', 'נתן', 'לך'], ['תדר', 'ונדבתיך', 'ותרומת', 'ידך'])]
  16:6 vs Exod 12:6: shared in order 0 of 20/17; longest run []; diff [('replace', ['כי', 'אם', 'אל', 'המקום', 'אשר', 'יבחר', 'יהוה', 'אלהיך', 'לשכן', 'שמו', 'שם', 'תזבח', 'את', 'הפסח', 'בערב', 'כבוא', 'השמש', 'מועד', 'צאתך', 'ממצרים'], ['והיה', 'לכם', 'למשמרת', 'עד', 'ארבעה', 'עשר', 'יום', 'לחדש', 'הזה', 'ושחטו', 'אתו', 'כל', 'קהל', 'עדת', 'ישראל', 'בין', 'הערבים'])]
  16:6 vs Lev 23:5: shared in order 0 of 20/9; longest run []; diff [('replace', ['כי', 'אם', 'אל', 'המקום', 'אשר', 'יבחר', 'יהוה', 'אלהיך', 'לשכן', 'שמו', 'שם', 'תזבח', 'את', 'הפסח', 'בערב', 'כבוא', 'השמש', 'מועד', 'צאתך', 'ממצרים'], ['בחדש', 'הראשון', 'בארבעה', 'עשר', 'לחדש', 'בין', 'הערבים', 'פסח', 'ליהוה'])]
  16:6 vs Num 9:3: shared in order 0 of 20/16; longest run []; diff [('replace', ['כי', 'אם', 'אל', 'המקום', 'אשר', 'יבחר', 'יהוה', 'אלהיך', 'לשכן', 'שמו', 'שם', 'תזבח', 'את', 'הפסח', 'בערב', 'כבוא', 'השמש', 'מועד', 'צאתך', 'ממצרים'], ['בארבעה', 'עשר', 'יום', 'בחדש', 'הזה', 'בין', 'הערבים', 'תעשו', 'אתו', 'במועדו', 'ככל', 'חקתיו', 'וככל', 'משפטיו', 'תעשו', 'אתו'])]
  16:7 vs Exod 12:8: shared in order 0 of 12/11; longest run []; diff [('replace', ['ובשלת', 'ואכלת', 'במקום', 'אשר', 'יבחר', 'יהוה', 'אלהיך', 'בו', 'ופנית', 'בבקר', 'והלכת', 'לאהליך'], ['ואכלו', 'את', 'הבשר', 'בלילה', 'הזה', 'צלי', 'אש', 'ומצות', 'על', 'מררים', 'יאכלהו'])]
  16:7 vs Exod 12:9: shared in order 0 of 12/16; longest run []; diff [('replace', ['ובשלת', 'ואכלת', 'במקום', 'אשר', 'יבחר', 'יהוה', 'אלהיך', 'בו', 'ופנית', 'בבקר', 'והלכת', 'לאהליך'], ['אל', 'תאכלו', 'ממנו', 'נא', 'ובשל', 'מבשל', 'במים', 'כי', 'אם', 'צלי', 'אש', 'ראשו', 'על', 'כרעיו', 'ועל', 'קרבו'])]
  16:8 vs Exod 12:16: shared in order 3 of 12/24; longest run ['וביום', 'השביעי']; diff [('replace', ['ששת', 'ימים', 'תאכל', 'מצות'], ['וביום', 'הראשון', 'מקרא', 'קדש']), ('replace', ['עצרת', 'ליהוה', 'אלהיך'], ['מקרא', 'קדש', 'יהיה', 'לכם', 'כל', 'מלאכה']), ('replace', ['תעשה', 'מלאכה'], ['יעשה', 'בהם', 'אך', 'אשר', 'יאכל', 'לכל', 'נפש', 'הוא', 'לבדו', 'יעשה', 'לכם'])]
  16:8 vs Lev 23:8: shared in order 3 of 12/14; longest run ['ימים']; diff [('replace', ['ששת'], ['והקרבתם', 'אשה', 'ליהוה', 'שבעת']), ('replace', ['תאכל', 'מצות', 'וביום'], ['ביום']), ('replace', ['עצרת', 'ליהוה', 'אלהיך'], ['מקרא', 'קדש', 'כל', 'מלאכת', 'עבדה']), ('replace', ['תעשה', 'מלאכה'], ['תעשו'])]
  16:8 vs Exod 13:6: shared in order 5 of 12/8; longest run ['ימים', 'תאכל']; diff [('replace', ['ששת'], ['שבעת']), ('replace', ['מצות'], ['מצת']), ('replace', ['עצרת'], ['חג']), ('delete', ['אלהיך', 'לא', 'תעשה', 'מלאכה'], [])]
  16:8 vs Num 28:25: shared in order 3 of 12/11; longest run ['וביום', 'השביעי']; diff [('delete', ['ששת', 'ימים', 'תאכל', 'מצות'], []), ('replace', ['עצרת', 'ליהוה', 'אלהיך'], ['מקרא', 'קדש', 'יהיה', 'לכם', 'כל', 'מלאכת', 'עבדה']), ('replace', ['תעשה', 'מלאכה'], ['תעשו'])]
  16:9 vs Lev 23:15: shared in order 0 of 11/13; longest run []; diff [('replace', ['שבעה', 'שבעת', 'תספר', 'לך', 'מהחל', 'חרמש', 'בקמה', 'תחל', 'לספר', 'שבעה', 'שבעות'], ['וספרתם', 'לכם', 'ממחרת', 'השבת', 'מיום', 'הביאכם', 'את', 'עמר', 'התנופה', 'שבע', 'שבתות', 'תמימת', 'תהיינה'])]
  16:9 vs Lev 23:16: shared in order 0 of 11/11; longest run []; diff [('replace', ['שבעה', 'שבעת', 'תספר', 'לך', 'מהחל', 'חרמש', 'בקמה', 'תחל', 'לספר', 'שבעה', 'שבעות'], ['עד', 'ממחרת', 'השבת', 'השביעת', 'תספרו', 'חמשים', 'יום', 'והקרבתם', 'מנחה', 'חדשה', 'ליהוה'])]
  16:10 vs Exod 23:16: shared in order 1 of 14/16; longest run ['אשר']; diff [('replace', ['ועשית', 'חג', 'שבעות', 'ליהוה', 'אלהיך', 'מסת', 'נדבת', 'ידך'], ['וחג', 'הקציר', 'בכורי', 'מעשיך']), ('replace', ['תתן', 'כאשר', 'יברכך', 'יהוה', 'אלהיך'], ['תזרע', 'בשדה', 'וחג', 'האסף', 'בצאת', 'השנה', 'באספך', 'את', 'מעשיך', 'מן', 'השדה'])]
  16:10 vs Exod 34:22: shared in order 0 of 14/11; longest run []; diff [('replace', ['ועשית', 'חג', 'שבעות', 'ליהוה', 'אלהיך', 'מסת', 'נדבת', 'ידך', 'אשר', 'תתן', 'כאשר', 'יברכך', 'יהוה', 'אלהיך'], ['וחג', 'שבעת', 'תעשה', 'לך', 'בכורי', 'קציר', 'חטים', 'וחג', 'האסיף', 'תקופת', 'השנה'])]
  16:10 vs Num 28:26: shared in order 1 of 14/16; longest run ['ליהוה']; diff [('replace', ['ועשית', 'חג', 'שבעות'], ['וביום', 'הבכורים', 'בהקריבכם', 'מנחה', 'חדשה']), ('replace', ['אלהיך', 'מסת', 'נדבת', 'ידך', 'אשר', 'תתן', 'כאשר', 'יברכך', 'יהוה', 'אלהיך'], ['בשבעתיכם', 'מקרא', 'קדש', 'יהיה', 'לכם', 'כל', 'מלאכת', 'עבדה', 'לא', 'תעשו'])]
  16:11 vs Deut 12:12: shared in order 4 of 25/18; longest run ['לפני', 'יהוה']; diff [('replace', ['ושמחת'], ['ושמחתם']), ('replace', ['אלהיך', 'אתה', 'ובנך', 'ובתך', 'ועבדך', 'ואמתך'], ['אלהיכם', 'אתם', 'ובניכם', 'ובנתיכם', 'ועבדיכם', 'ואמהתיכם']), ('replace', ['בשעריך', 'והגר', 'והיתום', 'והאלמנה', 'אשר', 'בקרבך', 'במקום', 'אשר', 'יבחר', 'יהוה', 'אלהיך', 'לשכן', 'שמו', 'שם'], ['בשעריכם', 'כי', 'אין', 'לו', 'חלק', 'ונחלה', 'אתכם'])]
  16:11 vs Deut 12:18: shared in order 13 of 25/27; longest run ['אתה', 'ובנך', 'ובתך', 'ועבדך', 'ואמתך', 'והלוי', 'אשר', 'בשעריך']; diff [('replace', ['ושמחת'], ['כי', 'אם']), ('insert', [], ['תאכלנו', 'במקום', 'אשר', 'יבחר', 'יהוה', 'אלהיך', 'בו']), ('replace', ['והגר', 'והיתום', 'והאלמנה', 'אשר', 'בקרבך', 'במקום', 'אשר', 'יבחר'], ['ושמחת', 'לפני']), ('replace', ['לשכן', 'שמו', 'שם'], ['בכל', 'משלח', 'ידך'])]
  16:11 vs Deut 14:26: shared in order 4 of 25/22; longest run ['לפני', 'יהוה', 'אלהיך']; diff [('replace', ['ושמחת'], ['ונתתה', 'הכסף', 'בכל', 'אשר', 'תאוה', 'נפשך', 'בבקר', 'ובצאן', 'וביין', 'ובשכר', 'ובכל', 'אשר', 'תשאלך', 'נפשך', 'ואכלת', 'שם']), ('insert', [], ['ושמחת']), ('replace', ['ובנך', 'ובתך', 'ועבדך', 'ואמתך', 'והלוי', 'אשר', 'בשעריך', 'והגר', 'והיתום', 'והאלמנה', 'אשר', 'בקרבך', 'במקום', 'אשר', 'יבחר', 'יהוה', 'אלהיך', 'לשכן', 'שמו', 'שם'], ['וביתך'])]
  16:11 vs Deut 16:14: shared in order 11 of 25/13; longest run ['אתה', 'ובנך', 'ובתך', 'ועבדך', 'ואמתך', 'והלוי']; diff [('replace', ['לפני', 'יהוה', 'אלהיך'], ['בחגך']), ('delete', ['אשר', 'בשעריך'], []), ('replace', ['בקרבך', 'במקום', 'אשר', 'יבחר', 'יהוה', 'אלהיך', 'לשכן', 'שמו', 'שם'], ['בשעריך'])]
  16:12 vs Deut 5:15: shared in order 5 of 10/23; longest run ['וזכרת', 'כי', 'עבד', 'היית']; diff [('replace', ['במצרים', 'ושמרת', 'ועשית'], ['בארץ', 'מצרים', 'ויצאך', 'יהוה', 'אלהיך', 'משם', 'ביד', 'חזקה', 'ובזרע', 'נטויה', 'על', 'כן', 'צוך', 'יהוה', 'אלהיך', 'לעשות']), ('replace', ['החקים', 'האלה'], ['יום', 'השבת'])]
  16:12 vs Deut 15:15: shared in order 5 of 10/17; longest run ['וזכרת', 'כי', 'עבד', 'היית']; diff [('replace', ['במצרים', 'ושמרת', 'ועשית'], ['בארץ', 'מצרים', 'ויפדך', 'יהוה', 'אלהיך', 'על', 'כן', 'אנכי', 'מצוך']), ('replace', ['החקים', 'האלה'], ['הדבר', 'הזה', 'היום'])]
  16:12 vs Deut 24:18: shared in order 6 of 10/17; longest run ['וזכרת', 'כי', 'עבד', 'היית', 'במצרים']; diff [('replace', ['ושמרת', 'ועשית'], ['ויפדך', 'יהוה', 'אלהיך', 'משם', 'על', 'כן', 'אנכי', 'מצוך', 'לעשות']), ('replace', ['החקים', 'האלה'], ['הדבר', 'הזה'])]
  16:12 vs Deut 24:22: shared in order 5 of 10/14; longest run ['וזכרת', 'כי', 'עבד', 'היית']; diff [('replace', ['במצרים', 'ושמרת', 'ועשית'], ['בארץ', 'מצרים', 'על', 'כן', 'אנכי', 'מצוך', 'לעשות']), ('replace', ['החקים', 'האלה'], ['הדבר', 'הזה'])]
  16:13 vs Lev 23:34: shared in order 3 of 9/16; longest run ['שבעת', 'ימים']; diff [('insert', [], ['דבר', 'אל', 'בני', 'ישראל', 'לאמר', 'בחמשה', 'עשר', 'יום', 'לחדש', 'השביעי', 'הזה']), ('replace', ['הסכת', 'תעשה', 'לך'], ['הסכות']), ('replace', ['באספך', 'מגרנך', 'ומיקבך'], ['ליהוה'])]
  16:13 vs Exod 23:16: shared in order 1 of 9/16; longest run ['באספך']; diff [('replace', ['חג', 'הסכת', 'תעשה', 'לך', 'שבעת', 'ימים'], ['וחג', 'הקציר', 'בכורי', 'מעשיך', 'אשר', 'תזרע', 'בשדה', 'וחג', 'האסף', 'בצאת', 'השנה']), ('replace', ['מגרנך', 'ומיקבך'], ['את', 'מעשיך', 'מן', 'השדה'])]
  16:13 vs Lev 23:39: shared in order 3 of 9/22; longest run ['שבעת', 'ימים']; diff [('insert', [], ['אך', 'בחמשה', 'עשר', 'יום', 'לחדש', 'השביעי', 'באספכם', 'את', 'תבואת', 'הארץ', 'תחגו', 'את']), ('replace', ['הסכת', 'תעשה', 'לך'], ['יהוה']), ('replace', ['באספך', 'מגרנך', 'ומיקבך'], ['ביום', 'הראשון', 'שבתון', 'וביום', 'השמיני', 'שבתון'])]
  16:14 vs Deut 16:11: shared in order 11 of 13/25; longest run ['אתה', 'ובנך', 'ובתך', 'ועבדך', 'ואמתך', 'והלוי']; diff [('replace', ['בחגך'], ['לפני', 'יהוה', 'אלהיך']), ('insert', [], ['אשר', 'בשעריך']), ('replace', ['בשעריך'], ['בקרבך', 'במקום', 'אשר', 'יבחר', 'יהוה', 'אלהיך', 'לשכן', 'שמו', 'שם'])]
  16:15 vs Lev 23:41: shared in order 2 of 21/14; longest run ['שבעת', 'ימים']; diff [('insert', [], ['וחגתם', 'אתו', 'חג', 'ליהוה']), ('replace', ['תחג', 'ליהוה', 'אלהיך', 'במקום', 'אשר', 'יבחר', 'יהוה', 'כי', 'יברכך', 'יהוה', 'אלהיך', 'בכל', 'תבואתך', 'ובכל', 'מעשה', 'ידיך', 'והיית', 'אך', 'שמח'], ['בשנה', 'חקת', 'עולם', 'לדרתיכם', 'בחדש', 'השביעי', 'תחגו', 'אתו'])]
  16:15 vs Lev 23:40: shared in order 2 of 21/20; longest run ['שבעת', 'ימים']; diff [('insert', [], ['ולקחתם', 'לכם', 'ביום', 'הראשון', 'פרי', 'עץ', 'הדר', 'כפת', 'תמרים', 'וענף', 'עץ', 'עבת', 'וערבי', 'נחל', 'ושמחתם', 'לפני', 'יהוה', 'אלהיכם']), ('delete', ['תחג', 'ליהוה', 'אלהיך', 'במקום', 'אשר', 'יבחר', 'יהוה', 'כי', 'יברכך', 'יהוה', 'אלהיך', 'בכל', 'תבואתך', 'ובכל', 'מעשה', 'ידיך', 'והיית', 'אך', 'שמח'], [])]
  16:16 vs Exod 23:17: shared in order 7 of 25/10; longest run ['פעמים', 'בשנה', 'יראה', 'כל', 'זכורך']; diff [('replace', ['שלוש'], ['שלש']), ('replace', ['את'], ['אל']), ('insert', [], ['האדן']), ('delete', ['אלהיך', 'במקום', 'אשר', 'יבחר', 'בחג', 'המצות', 'ובחג', 'השבעות', 'ובחג', 'הסכות', 'ולא', 'יראה', 'את', 'פני', 'יהוה', 'ריקם'], [])]
  16:16 vs Exod 34:23: shared in order 8 of 25/12; longest run ['פעמים', 'בשנה', 'יראה', 'כל', 'זכורך', 'את', 'פני']; diff [('replace', ['שלוש'], ['שלש']), ('insert', [], ['האדן']), ('replace', ['אלהיך', 'במקום', 'אשר', 'יבחר', 'בחג', 'המצות', 'ובחג', 'השבעות', 'ובחג', 'הסכות', 'ולא', 'יראה', 'את', 'פני', 'יהוה', 'ריקם'], ['אלהי', 'ישראל'])]
  16:16 vs Exod 23:14: shared in order 1 of 25/5; longest run ['בשנה']; diff [('replace', ['שלוש', 'פעמים'], ['שלש', 'רגלים', 'תחג', 'לי']), ('delete', ['יראה', 'כל', 'זכורך', 'את', 'פני', 'יהוה', 'אלהיך', 'במקום', 'אשר', 'יבחר', 'בחג', 'המצות', 'ובחג', 'השבעות', 'ובחג', 'הסכות', 'ולא', 'יראה', 'את', 'פני', 'יהוה', 'ריקם'], [])]
  16:16 vs Exod 23:15: shared in order 3 of 25/21; longest run ['את']; diff [('delete', ['שלוש', 'פעמים', 'בשנה', 'יראה', 'כל', 'זכורך'], []), ('insert', [], ['חג', 'המצות', 'תשמר', 'שבעת', 'ימים', 'תאכל', 'מצות', 'כאשר', 'צויתך', 'למועד', 'חדש', 'האביב', 'כי', 'בו', 'יצאת', 'ממצרים', 'ולא', 'יראו']), ('delete', ['יהוה', 'אלהיך', 'במקום', 'אשר', 'יבחר', 'בחג', 'המצות', 'ובחג', 'השבעות', 'ובחג', 'הסכות', 'ולא', 'יראה', 'את', 'פני', 'יהוה'], [])]
  16:16 vs Exod 34:20: shared in order 3 of 25/16; longest run ['כל']; diff [('replace', ['שלוש', 'פעמים', 'בשנה', 'יראה'], ['ופטר', 'חמור', 'תפדה', 'בשה', 'ואם', 'לא', 'תפדה', 'וערפתו']), ('replace', ['זכורך', 'את'], ['בכור', 'בניך', 'תפדה', 'ולא', 'יראו']), ('delete', ['יהוה', 'אלהיך', 'במקום', 'אשר', 'יבחר', 'בחג', 'המצות', 'ובחג', 'השבעות', 'ובחג', 'הסכות', 'ולא', 'יראה', 'את', 'פני', 'יהוה'], [])]
  16:17 vs Deut 12:15: shared in order 6 of 9/20; longest run ['כברכת', 'יהוה', 'אלהיך', 'אשר', 'נתן', 'לך']; diff [('replace', ['איש', 'כמתנת', 'ידו'], ['רק', 'בכל', 'אות', 'נפשך', 'תזבח', 'ואכלת', 'בשר']), ('insert', [], ['בכל', 'שעריך', 'הטמא', 'והטהור', 'יאכלנו', 'כצבי', 'וכאיל'])]
  16:18 vs Deut 1:16: shared in order 2 of 17/17; longest run ['את']; diff [('replace', ['שפטים', 'ושטרים', 'תתן', 'לך', 'בכל', 'שעריך', 'אשר', 'יהוה', 'אלהיך', 'נתן', 'לך', 'לשבטיך', 'ושפטו'], ['ואצוה']), ('replace', ['העם', 'משפט'], ['שפטיכם', 'בעת', 'ההוא', 'לאמר', 'שמע', 'בין', 'אחיכם', 'ושפטתם']), ('insert', [], ['בין', 'איש', 'ובין', 'אחיו', 'ובין', 'גרו'])]
  16:18 vs Exod 18:21: shared in order 1 of 17/22; longest run ['העם']; diff [('replace', ['שפטים', 'ושטרים', 'תתן', 'לך', 'בכל', 'שעריך', 'אשר', 'יהוה', 'אלהיך', 'נתן', 'לך', 'לשבטיך', 'ושפטו', 'את'], ['ואתה', 'תחזה', 'מכל']), ('replace', ['משפט', 'צדק'], ['אנשי', 'חיל', 'יראי', 'אלהים', 'אנשי', 'אמת', 'שנאי', 'בצע', 'ושמת', 'עלהם', 'שרי', 'אלפים', 'שרי', 'מאות', 'שרי', 'חמשים', 'ושרי', 'עשרת'])]
  16:18 vs Exod 18:25: shared in order 1 of 17/19; longest run ['העם']; diff [('replace', ['שפטים', 'ושטרים', 'תתן', 'לך', 'בכל', 'שעריך', 'אשר', 'יהוה', 'אלהיך', 'נתן', 'לך', 'לשבטיך', 'ושפטו', 'את'], ['ויבחר', 'משה', 'אנשי', 'חיל', 'מכל', 'ישראל', 'ויתן', 'אתם', 'ראשים', 'על']), ('replace', ['משפט', 'צדק'], ['שרי', 'אלפים', 'שרי', 'מאות', 'שרי', 'חמשים', 'ושרי', 'עשרת'])]
  16:19 vs Exod 23:8: shared in order 7 of 17/10; longest run ['כי', 'השחד', 'יעור']; diff [('insert', [], ['ושחד']), ('delete', ['תטה', 'משפט', 'לא', 'תכיר', 'פנים', 'ולא'], []), ('delete', ['שחד'], []), ('replace', ['עיני', 'חכמים'], ['פקחים']), ('replace', ['צדיקם'], ['צדיקים'])]
  16:19 vs Exod 23:6: shared in order 3 of 17/5; longest run ['לא', 'תטה', 'משפט']; diff [('replace', ['לא', 'תכיר', 'פנים', 'ולא', 'תקח', 'שחד', 'כי', 'השחד', 'יעור', 'עיני', 'חכמים', 'ויסלף', 'דברי', 'צדיקם'], ['אבינך', 'בריבו'])]
  16:19 vs Deut 1:17: shared in order 3 of 17/22; longest run ['לא']; diff [('replace', ['תטה', 'משפט'], ['תכירו', 'פנים', 'במשפט', 'כקטן', 'כגדל', 'תשמעון']), ('replace', ['תכיר', 'פנים', 'ולא', 'תקח', 'שחד'], ['תגורו', 'מפני', 'איש']), ('replace', ['השחד', 'יעור', 'עיני', 'חכמים', 'ויסלף', 'דברי', 'צדיקם'], ['המשפט', 'לאלהים', 'הוא', 'והדבר', 'אשר', 'יקשה', 'מכם', 'תקרבון', 'אלי', 'ושמעתיו'])]
  16:19 vs Lev 19:15: shared in order 3 of 17/15; longest run ['לא']; diff [('replace', ['תטה', 'משפט'], ['תעשו', 'עול', 'במשפט']), ('replace', ['תכיר', 'פנים'], ['תשא', 'פני', 'דל']), ('replace', ['תקח', 'שחד', 'כי', 'השחד', 'יעור', 'עיני', 'חכמים', 'ויסלף', 'דברי', 'צדיקם'], ['תהדר', 'פני', 'גדול', 'בצדק', 'תשפט', 'עמיתך'])]
  16:19 vs Deut 24:17: shared in order 4 of 17/9; longest run ['לא', 'תטה', 'משפט']; diff [('replace', ['לא', 'תכיר', 'פנים'], ['גר', 'יתום']), ('replace', ['תקח', 'שחד', 'כי', 'השחד', 'יעור', 'עיני', 'חכמים', 'ויסלף', 'דברי', 'צדיקם'], ['תחבל', 'בגד', 'אלמנה'])]
  16:19 vs Deut 27:19: shared in order 1 of 17/10; longest run ['משפט']; diff [('replace', ['לא', 'תטה'], ['ארור', 'מטה']), ('replace', ['לא', 'תכיר', 'פנים', 'ולא', 'תקח', 'שחד', 'כי', 'השחד', 'יעור', 'עיני', 'חכמים', 'ויסלף', 'דברי', 'צדיקם'], ['גר', 'יתום', 'ואלמנה', 'ואמר', 'כל', 'העם', 'אמן'])]
  16:20 vs Deut 8:1: shared in order 5 of 13/19; longest run ['את', 'הארץ', 'אשר']; diff [('replace', ['צדק', 'צדק', 'תרדף'], ['כל', 'המצוה', 'אשר', 'אנכי', 'מצוך', 'היום', 'תשמרון', 'לעשות']), ('replace', ['תחיה', 'וירשת'], ['תחיון', 'ורביתם', 'ובאתם', 'וירשתם']), ('insert', [], ['נשבע']), ('replace', ['אלהיך', 'נתן', 'לך'], ['לאבתיכם'])]
  16:20 vs Deut 4:1: shared in order 6 of 13/24; longest run ['את', 'הארץ', 'אשר', 'יהוה']; diff [('replace', ['צדק', 'צדק', 'תרדף'], ['ועתה', 'ישראל', 'שמע', 'אל', 'החקים', 'ואל', 'המשפטים', 'אשר', 'אנכי', 'מלמד', 'אתכם', 'לעשות']), ('replace', ['תחיה', 'וירשת'], ['תחיו', 'ובאתם', 'וירשתם']), ('replace', ['אלהיך'], ['אלהי', 'אבתיכם']), ('replace', ['לך'], ['לכם'])]
  16:21 vs Deut 7:5: shared in order 0 of 13/14; longest run []; diff [('replace', ['לא', 'תטע', 'לך', 'אשרה', 'כל', 'עץ', 'אצל', 'מזבח', 'יהוה', 'אלהיך', 'אשר', 'תעשה', 'לך'], ['כי', 'אם', 'כה', 'תעשו', 'להם', 'מזבחתיהם', 'תתצו', 'ומצבתם', 'תשברו', 'ואשירהם', 'תגדעון', 'ופסיליהם', 'תשרפון', 'באש'])]
  16:21 vs Deut 12:3: shared in order 0 of 13/18; longest run []; diff [('replace', ['לא', 'תטע', 'לך', 'אשרה', 'כל', 'עץ', 'אצל', 'מזבח', 'יהוה', 'אלהיך', 'אשר', 'תעשה', 'לך'], ['ונתצתם', 'את', 'מזבחתם', 'ושברתם', 'את', 'מצבתם', 'ואשריהם', 'תשרפון', 'באש', 'ופסילי', 'אלהיהם', 'תגדעון', 'ואבדתם', 'את', 'שמם', 'מן', 'המקום', 'ההוא'])]
  16:21 vs Exod 34:13: shared in order 0 of 13/10; longest run []; diff [('replace', ['לא', 'תטע', 'לך', 'אשרה', 'כל', 'עץ', 'אצל', 'מזבח', 'יהוה', 'אלהיך', 'אשר', 'תעשה', 'לך'], ['כי', 'את', 'מזבחתם', 'תתצון', 'ואת', 'מצבתם', 'תשברון', 'ואת', 'אשריו', 'תכרתון'])]
  16:22 vs Lev 26:1: shared in order 1 of 8/20; longest run ['יהוה']; diff [('replace', ['ולא', 'תקים', 'לך', 'מצבה', 'אשר', 'שנא'], ['לא', 'תעשו', 'לכם', 'אלילם', 'ופסל', 'ומצבה', 'לא', 'תקימו', 'לכם', 'ואבן', 'משכית', 'לא', 'תתנו', 'בארצכם', 'להשתחות', 'עליה', 'כי', 'אני']), ('replace', ['אלהיך'], ['אלהיכם'])]
  16:22 vs Deut 12:31: shared in order 2 of 8/22; longest run ['אשר', 'שנא']; diff [('replace', ['ולא', 'תקים', 'לך', 'מצבה'], ['לא', 'תעשה', 'כן', 'ליהוה', 'אלהיך', 'כי', 'כל', 'תועבת', 'יהוה']), ('replace', ['יהוה', 'אלהיך'], ['עשו', 'לאלהיהם', 'כי', 'גם', 'את', 'בניהם', 'ואת', 'בנתיהם', 'ישרפו', 'באש', 'לאלהיהם'])]
  16:22 vs Exod 23:24: shared in order 1 of 8/14; longest run ['ולא']; diff [('insert', [], ['לא', 'תשתחוה', 'לאלהיהם']), ('replace', ['תקים', 'לך', 'מצבה', 'אשר', 'שנא', 'יהוה', 'אלהיך'], ['תעבדם', 'ולא', 'תעשה', 'כמעשיהם', 'כי', 'הרס', 'תהרסם', 'ושבר', 'תשבר', 'מצבתיהם'])]
==== C. THE FORMULAS OVER THE TORAH AND THE BIBLE (phrase seats by consonants)
  the month of Aviv: Torah ['Deut 16:1', 'Exod 23:15', 'Exod 34:18'] | Bible ['Deut 16:1', 'Exod 23:15', 'Exod 34:18']
  seven days (Torah): Torah ['Deut 16:13', 'Deut 16:15', 'Deut 16:3', 'Deut 16:4', 'Exod 12:15', 'Exod 12:19', 'Exod 13:6', 'Exod 22:29', 'Exod 23:15', 'Exod 29:30', 'Exod 29:35', 'Exod 29:37', 'Exod 34:18', 'Exod 7:25', 'Gen 31:23', 'Gen 50:10', 'Gen 8:10', 'Gen 8:12', 'Lev 12:2', 'Lev 13:21', 'Lev 13:26', 'Lev 13:31', 'Lev 13:33', 'Lev 13:4', 'Lev 13:5', 'Lev 13:50', 'Lev 13:54', 'Lev 14:38', 'Lev 14:8', 'Lev 15:13', 'Lev 15:19', 'Lev 15:24', 'Lev 15:28', 'Lev 22:27', 'Lev 23:34', 'Lev 23:36', 'Lev 23:39', 'Lev 23:40', 'Lev 23:41', 'Lev 23:42', 'Lev 23:6', 'Lev 23:8', 'Lev 8:33', 'Lev 8:35', 'Num 12:14', 'Num 12:15', 'Num 19:11', 'Num 19:14', 'Num 19:16', 'Num 28:17', 'Num 28:24', 'Num 29:12', 'Num 31:19'] | Bible ['1Chr 10:12', '1Kgs 16:15', '1Kgs 20:29', '1Kgs 8:65', '1Sam 10:8', '1Sam 11:3', '1Sam 13:8', '1Sam 31:13', '2Chr 30:21', '2Chr 30:23', '2Chr 35:17', '2Chr 7:8', '2Chr 7:9', '2Kgs 3:9', 'Deut 16:13', 'Deut 16:15', 'Deut 16:3', 'Deut 16:4', 'Esth 1:5', 'Exod 12:15', 'Exod 12:19', 'Exod 13:6', 'Exod 22:29', 'Exod 23:15', 'Exod 29:30', 'Exod 29:35', 'Exod 29:37', 'Exod 34:18', 'Exod 7:25', 'Ezek 3:15', 'Ezek 3:16', 'Ezek 43:25', 'Ezek 43:26', 'Ezek 44:26', 'Ezra 6:22', 'Gen 31:23', 'Gen 50:10', 'Gen 8:10', 'Gen 8:12', 'Job 2:13', 'Lev 12:2', 'Lev 13:21', 'Lev 13:26', 'Lev 13:31', 'Lev 13:33', 'Lev 13:4', 'Lev 13:5', 'Lev 13:50', 'Lev 13:54', 'Lev 14:38', 'Lev 14:8', 'Lev 15:13', 'Lev 15:19', 'Lev 15:24', 'Lev 15:28', 'Lev 22:27', 'Lev 23:34', 'Lev 23:36', 'Lev 23:39', 'Lev 23:40', 'Lev 23:41', 'Lev 23:42', 'Lev 23:6', 'Lev 23:8', 'Lev 8:33', 'Lev 8:35', 'Neh 8:18', 'Num 12:14', 'Num 12:15', 'Num 19:11', 'Num 19:14', 'Num 19:16', 'Num 28:17', 'Num 28:24', 'Num 29:12', 'Num 31:19']
  the place which He will choose (book): Torah ['Deut 12:14', 'Deut 12:18', 'Deut 14:23', 'Deut 15:20', 'Deut 16:11', 'Deut 16:15', 'Deut 16:16', 'Deut 16:2', 'Deut 16:7', 'Deut 23:17', 'Deut 31:11'] | Bible ['Deut 12:14', 'Deut 12:18', 'Deut 14:23', 'Deut 15:20', 'Deut 16:11', 'Deut 16:15', 'Deut 16:16', 'Deut 16:2', 'Deut 16:7', 'Deut 23:17', 'Deut 31:11']
  to make His name dwell there: Torah ['Deut 12:11', 'Deut 14:23', 'Deut 16:11', 'Deut 16:2', 'Deut 16:6', 'Deut 26:2'] | Bible ['Deut 12:11', 'Deut 14:23', 'Deut 16:11', 'Deut 16:2', 'Deut 16:6', 'Deut 26:2']
  bread of affliction: Torah ['Deut 16:3'] | Bible ['Deut 16:3']
  at the going down of the sun: Torah ['Deut 16:6'] | Bible ['Deut 16:6']
  six days you shall eat: Torah ['Deut 16:8'] | Bible ['Deut 16:8']
  seven weeks: Torah ['Deut 16:9'] | Bible ['Deut 16:9']
  feast of weeks: Torah ['Deut 16:10'] | Bible ['Deut 16:10', 'Ezek 45:21']
  three times in the year: Torah ['Deut 16:16'] | Bible ['2Chr 8:13', 'Deut 16:16']
  all your males shall appear: Torah ['Deut 16:16', 'Exod 23:17', 'Exod 34:23'] | Bible ['Deut 16:16', 'Exod 23:17', 'Exod 34:23']
  appear before the LORD empty: Torah ['Deut 16:16'] | Bible ['Deut 16:16']
  judges and officers: Torah ['Deut 16:18'] | Bible ['Deut 16:18']
  in all your gates (book): Torah ['Deut 12:15', 'Deut 16:18', 'Deut 28:52', 'Deut 28:55'] | Bible ['Deut 12:15', 'Deut 16:18', 'Deut 28:52', 'Deut 28:55']
  you shall not wrest judgment: Torah ['Deut 16:19', 'Deut 24:17', 'Exod 23:6'] | Bible ['Deut 16:19', 'Deut 24:17', 'Exod 23:6']
  justice justice: Torah ['Deut 16:20'] | Bible ['Deut 16:20']
  that you may live and inherit: Torah ['Deut 16:20'] | Bible ['Deut 16:20']
  which the LORD your God hates: Torah ['Deut 16:22'] | Bible ['Deut 16:22']
  Passover token (Torah, exact): ['Deut 15:21', 'Deut 16:1', 'Deut 16:2', 'Deut 16:5', 'Deut 16:6', 'Exod 12:11', 'Exod 12:21', 'Exod 12:27', 'Exod 12:43', 'Exod 12:48', 'Exod 34:25', 'Lev 21:18', 'Lev 23:5', 'Num 28:16', 'Num 33:3', 'Num 9:10', 'Num 9:12', 'Num 9:13', 'Num 9:14', 'Num 9:2', 'Num 9:4', 'Num 9:5', 'Num 9:6'] | the Bible count 53
  in haste: ['Deut 16:3', 'Exod 12:11', 'Isa 52:12'] | solemn assembly: ['Deut 16:8', 'Lev 23:36', 'Num 29:35'] | sickle: ['Deut 16:9', 'Deut 23:26'] | asherah (Torah): ['Deut 16:21', 'Exod 34:13'] | pillar (Torah): ['Deut 12:3', 'Deut 16:22', 'Exod 23:24', 'Exod 24:4', 'Exod 34:13', 'Gen 28:18', 'Gen 28:22', 'Gen 31:13', 'Gen 31:45', 'Gen 35:14', 'Gen 35:20']
  and you shall rejoice (book): ['Deut 12:12', 'Deut 12:18', 'Deut 12:7', 'Deut 14:26', 'Deut 16:11', 'Deut 16:14', 'Deut 26:11', 'Deut 27:7'] | rejoice tokens in the chapter: [(11, 'ושמחת'), (14, 'ושמחת'), (15, 'שמח')]
  the feast of booths: ['Deut 16:13'] ['Ezra 3:4', 'Lev 23:34', 'Zech 14:16', 'Zech 14:18', 'Zech 14:19'] ['2Chr 8:13', 'Deut 16:16'] | the feast of unleavened bread: ['2Chr 30:13', '2Chr 30:21', '2Chr 35:17', 'Exod 23:15', 'Exod 34:18', 'Lev 23:6'] ['2Chr 8:13', 'Deut 16:16']
  respect persons: ['Deut 16:19'] ['Deut 1:17'] | a bribe blinds: ['Deut 16:19', 'Exod 23:8'] | bribe tokens (Torah): ['Deut 10:17', 'Deut 16:19', 'Deut 27:25', 'Exod 23:8']
  the household list at 16:11 == 16:14 (the nine tokens from "you"): ['אתה', 'ובנך', 'ובתך', 'ועבדך', 'ואמתך', 'והלוי', 'והגר', 'והיתום', 'והאלמנה'] ['אתה', 'ובנך', 'ובתך', 'ועבדך', 'ואמתך', 'והלוי', 'והגר', 'והיתום', 'והאלמנה'] | 12:12 and 12:18: ['ובניכם', 'ובנתיכם', 'ועבדיכם', 'ואמהתיכם', 'והלוי'] ['אתה', 'ובנך', 'ובתך', 'ועבדך', 'ואמתך', 'והלוי']
  "the place" formula in the chapter: [(2, 6), (6, 3), (7, 2), (11, 17), (15, 5), (16, 10)] | "your gates" in the chapter: [(5, 'שעריך'), (11, 'בשעריך'), (14, 'בשעריך'), (18, 'שעריך')]
  "seven" tokens per verse: {3: ['שבעת'], 4: ['שבעת'], 9: ['שבעה', 'שבעת', 'שבעה', 'שבעות'], 10: ['שבעות'], 13: ['שבעת'], 15: ['שבעת'], 16: ['השבעות']} | "remember" tokens: [(3, 'תזכר'), (12, 'וזכרת')] | "Egypt" tokens: [(1, 'ממצרים'), (3, 'מצרים'), (3, 'מצרים'), (6, 'ממצרים'), (12, 'במצרים')]
  the wise vs the open-eyed: 16:19 ['חכמים'] Exodus 23:8 ['פקחים'] | "boil" tokens (Torah): ['Deut 14:21', 'Deut 16:7', 'Exod 12:9', 'Exod 23:19', 'Exod 29:31', 'Exod 34:26', 'Lev 6:21'] | 2 Chr 35:13 tokens: ['ויבשלו', 'הפסח', 'באש', 'כמשפט', 'והקדשים', 'בשלו']
==== D. ONKELOS OVER THE BOOK (the plain Aramaic of every export row through NFKC; EXPORT verse numbers)
  and He did miracles for you (the addition at 16:1): 1 [(16, 1)]
  miracles token: 3 [(4, 34), (7, 19), (16, 1)]
  the Shekhinah: 16 [(4, 39), (6, 15), (7, 21), (12, 5), (12, 11), (12, 21), (14, 23), (14, 24), (16, 2), (16, 6), (16, 11), (23, 15), (26, 2), (32, 10), (33, 16), (33, 26)]
  before the LORD: 101 [(1, 34), (1, 37), (1, 41), (1, 45), (2, 15), (3, 23), (3, 26), (4, 10), (4, 21), (4, 25), (5, 14), (5, 25), (6, 2), (6, 16), (6, 18), (6, 25), (7, 6), (9, 7), (9, 8), (9, 16), (9, 18), (9, 20), (9, 22), (9, 24)]
  holy slaughterings (the chagigah at 16:2): 1 [(16, 2)]
  you have no permission (16:5): 4 [(12, 17), (16, 5), (17, 15), (22, 3)]
  the omer of the waving (16:9): 1 [(16, 9)]
  assembly (16:8): 10 [(16, 8), (16, 13), (22, 2), (30, 3), (30, 4), (32, 11), (32, 50), (33, 4), (33, 5), (33, 19)]
  your cities (for gates): 25 [(12, 15), (12, 17), (12, 18), (12, 21), (13, 13), (14, 21), (14, 27), (14, 28), (14, 29), (15, 7), (15, 22), (16, 5), (16, 11), (16, 14), (16, 18), (17, 2), (17, 8), (18, 6), (23, 17), (24, 14), (26, 12), (28, 52), (28, 55), (28, 57)]
  judges and officers (16:18): 1 [(16, 18)]
  upright words (16:19): 1 [(16, 19)]
  the Memra: 91 [(1, 5), (1, 6), (1, 9), (1, 16), (1, 26), (1, 28), (1, 32), (1, 34), (1, 37), (1, 43), (2, 2), (2, 4), (2, 7), (2, 17), (2, 26), (3, 18), (3, 21), (3, 22), (3, 23), (4, 24), (4, 30), (4, 33), (4, 36), (4, 37)]
  a pillar (16:22): 5 [(9, 5), (16, 22), (22, 4), (25, 7), (29, 12)]
  an asherah: 1 [(16, 21)]
  sourdough (16:4): 1 [(16, 4)]
  the sun's entering (16:6): 3 [(16, 6), (23, 12), (24, 13)]
  the huts (16:13): 3 [(16, 13), (16, 16), (31, 10)]
  empty (16:16): 1 [(16, 16)]
  16:1 Aramaic: ['טר', 'ית', 'ירחא', 'דאביבא', 'ותעבד', 'פסחא', 'קדם', 'יי', 'אלהך', 'ארי', 'בירחא', 'דאביבא', 'אפקך', 'יי', 'אלהך', 'ממצרים', 'ועבד', 'לך', 'נסין', 'בליליא']
  16:2 Aramaic: ['ותכוס', 'פסחא', 'קדם', 'יי', 'אלהך', 'מן', 'בני', 'ענא', 'ונכסת', 'קודשיא', 'מן', 'תורי', 'באתרא', 'די', 'יתרעי', 'יי', 'לאשראה', 'שכנתיה', 'תמן']
  16:9 Aramaic: ['שבעא', 'שבועין', 'תמני', 'לך', 'מדשריות', 'מגלא', 'בחצד', 'עומרא', 'דארמותא', 'תשרי', 'לממני', 'שבעא', 'שבועין']
  16:20 Aramaic: ['קשטא', 'קשטא', 'תהי', 'רדיף', 'בדיל', 'דתיחי', 'ותירת', 'ית', 'ארעא', 'דיי', 'אלהך', 'יהב', 'לך']
==== E. THE FRAMES AND THE REGISTER (computed on the morphology)
  2mp/2ms per verse: {1: (0, 4), 2: (0, 2), 3: (0, 6), 4: (0, 3), 5: (0, 3), 6: (0, 3), 7: (0, 6), 8: (0, 3), 9: (0, 2), 10: (0, 6), 11: (0, 10), 12: (0, 4), 13: (0, 5), 14: (0, 8), 15: (0, 7), 16: (0, 2), 17: (0, 1), 18: (0, 6), 19: (0, 3), 20: (0, 4), 21: (0, 4), 22: (0, 3)}
  infinitive absolutes: [(1, 'שמור')] | wayyiqtol forms: [] | imperatives: [] | first person: [] | participles: [(5, 'נתן'), (18, 'שפטים'), (18, 'ושטרים'), (18, 'נתן'), (20, 'נתן')]
  negations per verse: {3: 1, 4: 2, 5: 1, 8: 1, 16: 1, 19: 3, 21: 1, 22: 1} | verses opening with ki/im: [6] | "saying": [] | "so that" (למען): [3, 20]
  the Name bare / with lamed / "your God" pairs: 17 5 [1, 5, 6, 7, 10, 11, 15, 16, 17, 18, 20, 21, 22] | verses without the Name: [3, 4, 9, 12, 13, 14, 19]
  the register on Deut 16 — receipts: [] | footers: [] | headers: [] | receipts in the book so far: [('Deut', 1, 3), ('Deut', 1, 19), ('Deut', 1, 41), ('Deut', 4, 5), ('Deut', 5, 12), ('Deut', 5, 16), ('Deut', 5, 32), ('Deut', 10, 5)] | count lines: []
==== F. THE PRIOR READS (computed from the ledgers)
  spine rows read before: [('deu_12_reeh_2026-09-20.md', 138, 1), ('deu_12_reeh_2026-09-20.md', 145, 3)] | outside rows read before: [('deu_11_ekev_reeh_2026-09-20.md', 52, 4), ('deu_12_reeh_2026-09-20.md', 147, 2)]
  ledgers with an Onkelos row of Deut 16-34 or the Prophets (never read ahead — expected none): []
  the kin ledgers' Onkelos row counts: [('lev_23_festivals_2026-09-05.md', 44), ('num_28_pesach_shavuot_2026-09-11.md', 16), ('num_29_fall_festivals_2026-09-11.md', 39), ('num_09_pesach_cloud_2026-09-09.md', 23), ('exo_23_justice_calendar_2026-09-01.md', 7), ('exo_34_second_tablets_2026-09-01.md', 7), ('lev_19_kedoshim_2026-09-05.md', 37), ('lev_26_blessings_curses_2026-09-05.md', 44), ('deu_01_03_devarim_2026-09-15.md', 46), ('deu_07_vaetchanan_ekev_2026-09-17.md', 26), ('deu_12_reeh_2026-09-20.md', 31), ('deu_05_vaetchanan_2026-09-16.md', 33), ('deu_15_reeh_2026-09-22.md', 23)] | Exodus 12-13 and 18 ledgers with Onkelos rows: []
  the store mismatches: [] | token count: 334 | distinct glosses: 169 | "?" glosses: []
THE LEAN MEASURE PRINTED
