=== chain 19:53:39
exit 0 TEXT LAYER GREEN: 22 steps, 7 scenarios — deu_16_festivals_judges
=== ritual deu_16_festivals_judges 19:53:39
exit 0 Manual next: watchlist (logic/middot_scan/), state-doc update, owner commit word.
ALL_DONE
verify_text: TEXT LAYER GREEN: 22 steps, 7 scenarios — deu_16_festivals_judges
=== fold 19:54:33
=== CHECK AFTER THE BAKE
CORPUS TRUTH GREEN — one world, 230 units, 1809 facts, 341 demands (191 open), hash 8b8fff1fa28953af
27:assert len(W["units"]) == 230
32:assert len(W["standing"]) == 2267
37:assert corpus_world._state_hash(W) == '8b8fff1fa28953af'
=== build_world 19:56:03
exit 0 |   ALL GREEN — the one database agrees with the fold
=== journal_gate 19:57:03
exit 0 | GATE GREEN — the replay is the audit, the running world is the instrument
=== register_gate 20:02:11
exit 0 | THE REGISTER GATE: GREEN
=== large_letter 20:02:13
exit 0 | 6/6
=== home_gate 20:02:14
exit 0 | THE HOME-PATH GATE: GREEN — 0 tracked text files carry a username or a home path
ALL GREEN 20:02:16
