guard: 66 expectations checked, every one a literal from the answer sheet [honest-pairing guard satisfied]

THE CONSECRATION, SUBSTITUTION, AND DEVOTION MACHINE COMPILES — the two substitution verbs, "beast for beast," "it and its substitute" at the vow and the tithe, the fifth censused five times, the partitive "from all that he has," the ordinal tenth under the rod; three calls into sister engines: the Jubilee engine's tithe naming and the Passover engine's firstling donkey.
THE INK (printed before it is asserted): PARSE {(17, 2): ([1], [], []), (17, 6): ([2, 3, 1], [], [])}, NUMV [(17, 2), (17, 6)], ORDV [], STARV [], TOKN {17: 368, 18: 304}
THE NEGATIONS AND THE NAME (printed before they are asserted): {(17, 1): ['לא'], (17, 3): ['לא'], (17, 6): ['לא'], (17, 11): ['לא'], (17, 13): ['ולא'], (17, 15): ['לא', 'לא'], (17, 16): ['לא', 'ולא', 'לא'], (17, 17): ['ולא', 'ולא', 'לא'], (18, 1): ['לא'], (18, 2): ['לא'], (18, 9): ['לא'], (18, 10): ['לא'], (18, 14): ['לא'], (18, 16): ['לא', 'לא', 'ולא'], (18, 19): ['לא'], (18, 20): ['לא'], (18, 21): ['לא'], (18, 22): ['ולא', 'ולא', 'לא', 'לא']} 28
THE CLOCK (printed before it is asserted): {'counter': (40, 11, 1), 'no_marker': True, 'no_clock_datum': True}
THE SCANS (printed before they are asserted): holes []; hears ['israel_people']; false prophet ['israel_people']; inheritance ['aaron', 'the_levites']; kings ['jacob']; prophet ['abraham']; wholeness ['abraham']; courts ['israel_people']; judges ['the_court']; bribe ['israel_people']; stoned ['the_blasphemer', 'the_wood_gatherer']; put to death ['abiram', 'dathan', 'korach', 'the_lusters', 'the_ten_spies', 'the_two_hundred_fifty', 'the_wood_gatherer']; purged []; dues ['aaron']
THE TWINS DIFFED (printed before they are asserted): {'17:1 vs 15:21': 6, '17:4 vs 13:15': 9, '17:6 vs 19:15': 6, '17:7 vs 13:10': 7, '17:8 vs 1:17': 2, '17:11 vs 17:20': 1, '17:13 vs 13:12': 3, '17:17 vs 8:13': 3, '17:20 vs 8:14': 0, '18:2 vs 10:9': 8, '18:2 vs Num 18:20': 2, '18:5 vs 10:8': 3, '18:10 vs Lev 20:2': 0, '18:11 vs Lev 20:27': 1, '18:13 vs Gen 17:1': 1, '18:16 vs 5:25': 5, '18:17 vs 5:28': 5, '18:19 vs 13:4': 3, '18:22 vs 13:2': 0}
THE READBACK (printed before it is asserted): rows 42, grades {'SUPPLIED': 12, 'VARIANT': 22, 'EXPANDED': 5, 'VERBATIM': 2, 'SHORTENED': 1}, on the tape 11, by CALL 42, supplied 12, with writes 28
THE NARRATIVE (printed before it is asserted): (37, 0, 1, (11, 1), 0, 0, 0, 0) ['blemished_offering_barred', 'idolater_inquiry_required', 'two_witnesses_required', 'one_witness_barred', 'witnesses_hand_first_commanded', 'high_court_at_the_place_commanded', 'sentence_binding_commanded', 'turning_from_the_word_barred', 'king_from_the_brothers_commanded', 'foreign_king_barred', 'horses_multiplying_barred', 'return_to_egypt_barred', 'wives_multiplying_barred', 'silver_and_gold_multiplying_barred', 'law_copy_commanded', 'heart_lifting_barred', 'shoulder_cheeks_maw_owed', 'first_fleece_owed', 'priests_standing_chosen', 'levite_service_at_the_place_permitted', 'equal_portions_commanded', 'abominations_learning_barred', 'passing_through_fire_barred', 'diviner_barred', 'soothsayer_barred', 'augur_barred', 'sorcerer_barred', 'charmer_barred', 'ghost_consulting_barred', 'familiar_spirit_barred', 'necromancer_barred', 'wholeness_commanded', 'prophet_like_moses_promised', 'prophet_hearkening_commanded', 'word_required_of_the_hearer', 'false_word_test_declared', 'false_prophet_fear_barred']

PASS  [MOVE]  Deut 17:1; the Sifrei 147:1 — a dispute — the_south_and_the_blemish
        ->  blemished_offering_barred [block]  the blemished offering barred — the BLOCK the line blemished_sacrifice_barred writes on Israel: 'YOU SHALL NOT SACRIFICE TO THE LORD YOUR GOD AN OX OR A SHEEP WHICH HAS A BLEMISH, ANY EVIL THING, for it is an abomination to the LORD your God' (17:1) — the blemish transgresses, not the south (R. Judah; the sages: even the south — the Sifrei 147:1, a DATA row with both arms); one of the three true prohibitions of the place (147:2 — 12:17, 16:5, 17:1: place_name by CALL); born whole and made blemished, born blemished, the scabbed, the warted, the lichened, the old, the sick, the foul (147:3-4 — 15:21's class by CALL to release_firstborn, Leviticus 22's by CALL to priesthood); outside its time and place (147:5); the mounter, the mounted, the set-aside, the worshipped, the hire, the price, the mixed, the torn, the caesarean (147:6 — 'abomination' shared with 14:3 and 23:19); of the sacrifice, not the sacrificer (147:7)
PASS  [MOVE]  Deut 17:1; the Sifrei 147:2 (reread); place_name by CALL — the_three_true_prohibitions
        ->  accepted           [heaven]  accepted for him — the offering's acceptance state
PASS  [MOVE]  Deut 17:1; the Sifrei 147:3-4 (reread); release_firstborn and priesthood by CALL — born_blemished_and_any_evil_thing
        ->  barred_from_it     [block]  barred — a person class may not eat of it; a block on the eater, not the offering
PASS  [MOVE]  Deut 17:1; the Sifrei 147:5 — outside_its_time_and_place
        ->  barred_from_it     [block]  barred — a person class may not eat of it; a block on the eater, not the offering
PASS  [MOVE]  Deut 17:1; the Sifrei 147:6; 99:2, 261:2; seven_nations by CALL — the_mounter_and_the_harlots_hire
        ->  barred_from_it     [block]  barred — a person class may not eat of it; a block on the eater, not the offering
PASS  [MOVE]  Deut 17:1; the Sifrei 147:7 — the_sacrifice_not_the_sacrificer
        ->  accepted           [heaven]  accepted for him — the offering's acceptance state
PASS  [MOVE]  Deut 17:2-7; the Sifrei 148:1; refuge by CALL — found_means_witnesses
        ->  exempt             [status]  exempt — no entry opens; the ledger stays clean
PASS  [MOVE]  Deut 17:2-7; the Sifrei 148:2-4, 149:3-4; seducers by CALL — the_gate_and_the_stoning
        ->  stoned             [body]  stoned — the death mode named in ink; for the ox, the beast's own docket entry
        ->  evil_purged_from_the_midst [body]  the evil purged from the midst — THE PURGE FORMULA'S FIRST SEAT OF NINE: 'AND YOU SHALL PURGE THE EVIL FROM YOUR MIDST' (13:6 — the nine seats all in the book: 13:6 the first, then 17:7, 17:12, 19:19, 21:21, 22:21, 22:22, 22:24, 24:7 — each ahead a SECOND ENTRY, the compile's gain from naming the effect at its first seat): a BODY effect written on the condemned person at the exam's case (the false prophet put to death — the_prophets_death a parameter, stoning / strangling; the inciter stoned — 13:11's rite by CALL), never on the tape — 'purge the DOER of evils from Israel' (the Sifrei 86:10): the person removed, the evil with him; the homographs named, not counted — purge_deadline the leaven's timer, purge_commanded Jacob's removal of the foreign gods (Genesis 35:2); Onkelos 'ותפלי עביד דביש מבינך' (and you shall remove the doer of evil from among you)
PASS  [MOVE]  Deut 17:2-7; the Sifrei 148:6-8; covenant_at_horeb and obey_horeb by CALL — the_three_acts_and_the_associator
        ->  put_to_death       [body]  put to death — the court docket opens a capital entry (mode per the compiled law)
PASS  [MOVE]  Deut 17:2-7; THE WRITE idolater_inquiry_required; the Sifrei 149:1-2, 93:6, 190:7; seducers by CALL — the_seven_investigations
        ->  idolater_inquiry_required [status]  the idolater's inquiry required — the STATUS the line idolater_trial_declared writes on Israel: 'and it is told you AND YOU HEAR AND INQUIRE WELL, and behold it is true, the thing certain' (17:4) — 'well' 'well' the analogy with 13:15 at three verses (the Sifrei 149:1, 93:6, 190:7): THE SEVEN INVESTIGATIONS, the probes, the contradiction rule (149:2 — seducers' seven interrogations and congruence rule by CALL); condemned_city_inquiry_required 13:13's on Israel UNMOVED — the city's status, this the individual's
PASS  [MOVE]  Deut 17:2-7; the Sifrei 149:5-6 — the_three_exclusions
        ->  exempt             [status]  exempt — no entry opens; the ledger stays clean
PASS  [MOVE]  Deut 17:2-7; THE WRITE two_witnesses_required; the Sifrei 150:1, 190:3; refuge and ordinances by CALL — two_witnesses_for_every_death
        ->  two_witnesses_required [status]  two witnesses required — the STATUS the line idolater_trial_declared writes on Israel: 'BY THE MOUTH OF TWO WITNESSES OR THREE WITNESSES SHALL THE DEAD DIE' (17:6) — every capital case by the verse's repetition (the Sifrei 150:1); 'found' means witnesses (148:1 — 19:15's building from a father, ahead); men and not women (190:3 read whole — 'two' 'two' with 19:15); Numbers 35:30's bare plural two by the prototype (refuge's own row by CALL); the parser's [2, 3, 1] the reading's number verse
PASS  [MOVE]  Deut 17:2-7; THE WRITE one_witness_barred; the Sifrei 150:2-3; ordinances by CALL — one_witness_and_the_disciple_silent
        ->  one_witness_barred [block]  one witness barred — the BLOCK the line idolater_trial_declared writes on Israel: 'HE SHALL NOT DIE BY THE MOUTH OF ONE WITNESS' (17:6) — one witness argues no guilt, a disciple argues no guilt (the Sifrei 150:2-3 — the single witness barred from the prosecution's side; Mishnah Sanhedrin 5:4 by the English's note); acquit by one and convict by two, no execution without witnesses (ordinances' courts by CALL); Numbers 35:30's 'one witness shall not testify against a person to die' the twin (refuge by CALL)
PASS  [MOVE]  Deut 17:2-7; THE WRITE witnesses_hand_first_commanded; the Sifrei 149:7, 151:1-3, 306:9; seducers and mekoshesh by CALL — the_witnesses_hand_first
        ->  witnesses_hand_first_commanded [status]  the witnesses' hand first commanded — the STATUS the line idolater_trial_declared writes on Israel: 'THE HAND OF THE WITNESSES SHALL BE ON HIM FIRST to put him to death, and the hand of all the people afterward' (17:7) — a commandment on the witnesses to execute, any man's hand after (the Sifrei 151:1-2; 306:9 read whole — R. Benaiah's image); 13:10's 'your hand shall be on him first' the twin (seducers' hand-first by CALL); the stones from two verses — Leviticus 20:27's stone, here stones (149:7; mekoshesh's stones-and-a-stone by CALL — Mishnah Sanhedrin 6:4)
        ->  stoned             [body]  stoned — the death mode named in ink; for the ox, the beast's own docket entry
        ->  evil_purged_from_the_midst [body]  the evil purged from the midst — THE PURGE FORMULA'S FIRST SEAT OF NINE: 'AND YOU SHALL PURGE THE EVIL FROM YOUR MIDST' (13:6 — the nine seats all in the book: 13:6 the first, then 17:7, 17:12, 19:19, 21:21, 22:21, 22:22, 22:24, 24:7 — each ahead a SECOND ENTRY, the compile's gain from naming the effect at its first seat): a BODY effect written on the condemned person at the exam's case (the false prophet put to death — the_prophets_death a parameter, stoning / strangling; the inciter stoned — 13:11's rite by CALL), never on the tape — 'purge the DOER of evils from Israel' (the Sifrei 86:10): the person removed, the evil with him; the homographs named, not counted — purge_deadline the leaven's timer, purge_commanded Jacob's removal of the foreign gods (Genesis 35:2); Onkelos 'ותפלי עביד דביש מבינך' (and you shall remove the doer of evil from among you)
PASS  [MOVE]  Deut 17:8-13; the Sifrei 152:1-4; opening_speech by CALL — the_distinguished_judge_and_the_three_grades
        ->  accepted           [heaven]  accepted for him — the offering's acceptance state
PASS  [MOVE]  Deut 17:8-13; the Sifrei 152:5-10; exodus_story and ordinances by CALL — the_pairs
        ->  accepted           [heaven]  accepted for him — the offering's acceptance state
PASS  [MOVE]  Deut 17:8-13; the Sifrei 152:11-12, 152:15, 37:16, 317:2, 352:9; place_name by CALL — rise_at_once_in_court
        ->  accepted           [heaven]  accepted for him — the offering's acceptance state
PASS  [MOVE]  Deut 17:8-13; THE WRITE high_court_at_the_place_commanded; MISHNAH SANHEDRIN 11:2 — the exam row; the Sifrei 152:13-14; festivals_judges by CALL — the_three_courts
        ->  high_court_at_the_place_commanded [status]  the high court at the place commanded — the STATUS the line high_court_declared writes on Israel: 'when a matter is too hard for you in judgment … YOU SHALL RISE AND GO UP TO THE PLACE which the LORD your God will choose, and come to the priests the Levites and to the judge who shall be in those days' (17:8-9) — THE COURTS' SECOND DAEMON'S WRITE (16:18's daemon wrote judges_and_officers_commanded, the three tiers a parameter; the tiers' seats now THE THREE COURTS — the Temple Mount's entrance, the courtyard's entrance, the Chamber of Hewn Stone, the appeal's formula at each, 'from there Torah goes out to all Israel': the Sifrei 152:13-14, Mishnah Sanhedrin 11:2 the exam row); the distinguished judge (152:1), the three grades (152:2-4), the pairs (152:5-10), at once and in court and UP (152:11-12, 152:15 — 37:16, 317:2, 352:9 read whole), Yavneh included by 'come' (153:1), the priests a duty not a condition (153:2-3), the judge of those days (153:4); 1:17's hard matter by CALL (opening_speech), the sizes by CALL (exodus_story, ordinances), the place formula by CALL (place_name)
PASS  [MOVE]  Deut 17:8-13; the Sifrei 153:1-3, 154:1 — the_court_at_yavneh_and_the_priests
        ->  accepted           [heaven]  accepted for him — the offering's acceptance state
PASS  [MOVE]  Deut 17:8-13; the Sifrei 153:4-5 — the_judge_of_those_days
        ->  accepted           [heaven]  accepted for him — the offering's acceptance state
PASS  [MOVE]  Deut 17:8-13; THE WRITES sentence_binding_commanded, turning_from_the_word_barred; the Sifrei 154:2-5; obey_horeb by CALL — do_and_turn_not_right_or_left
        ->  sentence_binding_commanded [status]  the sentence binding commanded — the STATUS the line high_court_declared writes on Israel: 'AND YOU SHALL DO ACCORDING TO THE WORD which they tell you from that place … according to the law they teach you and according to the judgment they say to you, you shall do' (17:10-11) — a positive commandment (the Sifrei 154:3); for the ruling of the great court in Jerusalem they are liable to death, not for Yavneh's (154:1); for words of Torah, not of the scribes (154:2); the details of judgment the court's answer (153:5)
        ->  turning_from_the_word_barred [block]  the turning from the word barred — the BLOCK the line high_court_declared writes on Israel: 'YOU SHALL NOT TURN FROM THE WORD which they tell you, RIGHT OR LEFT' (17:11) — a negative commandment on the same act (the Sifrei 154:4 — the pair the compile's two effects); RIGHT THAT IS LEFT: even if they show you that right is left and left is right, obey them (154:5); 'right or left' spelled two ways in one chapter (17:11, 17:20 — the reading's assert); the rebel elder who acts against it (155:1-8 — the deed, presumptuously, from the court's own mouth; strangulation the unspecified death, 155:7) put to death — the case's body effect; 'and all the people shall hear and fear' israel_hears_and_fears 13:12's line the reference (the formula's second seat of four)
PASS  [MOVE]  Deut 17:8-13; the Sifrei 155:1-9; seducers by CALL — israel_hears_and_fears the tape's reference — the_rebel_elder
        ->  put_to_death       [body]  put to death — the court docket opens a capital entry (mode per the compiled law)
        ->  evil_purged_from_the_midst [body]  the evil purged from the midst — THE PURGE FORMULA'S FIRST SEAT OF NINE: 'AND YOU SHALL PURGE THE EVIL FROM YOUR MIDST' (13:6 — the nine seats all in the book: 13:6 the first, then 17:7, 17:12, 19:19, 21:21, 22:21, 22:22, 22:24, 24:7 — each ahead a SECOND ENTRY, the compile's gain from naming the effect at its first seat): a BODY effect written on the condemned person at the exam's case (the false prophet put to death — the_prophets_death a parameter, stoning / strangling; the inciter stoned — 13:11's rite by CALL), never on the tape — 'purge the DOER of evils from Israel' (the Sifrei 86:10): the person removed, the evil with him; the homographs named, not counted — purge_deadline the leaven's timer, purge_commanded Jacob's removal of the foreign gods (Genesis 35:2); Onkelos 'ותפלי עביד דביש מבינך' (and you shall remove the doer of evil from among you)
PASS  [MOVE]  Deut 17:14-20; the Sifrei 156:1-6 — two arms — the_disgrace_and_the_commandment
        ->  accepted           [heaven]  accepted for him — the offering's acceptance state
PASS  [MOVE]  Deut 17:14-20; THE WRITE king_from_the_brothers_commanded; the Sifrei 157:1-2, 157:7; pre_sinai and balak by CALL — set_you_shall_set
        ->  king_from_the_brothers_commanded [status]  the king from among the brothers commanded — the STATUS the line king_law_declared writes on Israel: 'SET, YOU SHALL SET A KING OVER YOU whom the LORD your God will choose; from among your brothers you shall set a king over you' (17:15) — a positive commandment (the Sifrei 157:7), if he died appoint another (157:1), a king and not a queen (157:2), by the mouth of a prophet (157:3 — F8's prophet the selector), from the land and a brother (157:4-5), that his awe be upon you (157:6 — Sanhedrin 2:5); a disgrace (R. Nehorai — 1 Samuel 8:7) and a commandment punished for its timing (R. Judah — 156:4-6): the condition 'when you come and say' a DATA row, NO KING ON THE TAPE until Samuel's day; kings_promised on jacob (Genesis 35:11 — a heaven entry) and the scepter of Genesis 49:10 the tape's references (pre_sinai's 'kings' at 17:6, 17:16; balak's Judah)
PASS  [MOVE]  Deut 17:14-20; the Sifrei 157:3 — chosen_by_a_prophet
        ->  accepted           [heaven]  accepted for him — the offering's acceptance state
PASS  [MOVE]  Deut 17:14-20; THE WRITE foreign_king_barred; MISHNAH SOTAH 7:8 — the exam row; the Sifrei 157:4-5, 157:8-10 — from_among_your_brothers_and_agrippas
        ->  foreign_king_barred [block]  the foreign king barred — the BLOCK the line king_law_declared writes on Israel: 'YOU MAY NOT SET OVER YOU A FOREIGNER who is not your brother' (17:15) — a negative commandment (the Sifrei 157:8), Onkelos 'you have no permission' (the book's four seats — the reading's assert); a man the community's provider, not a woman (157:9); AGRIPPAS WEEPING at this verse and all Israel's 'you are our brother, you are our brother' (157:10 — Mishnah Sotah 7:8 cited in the spine's Hebrew, the exam row read whole)
PASS  [MOVE]  Deut 17:14-20; MISHNAH SANHEDRIN 2:4 — the exam row; the Sifrei 157:6, 161:4 — the_awe_of_the_king
        ->  barred_from_it     [block]  barred — a person class may not eat of it; a block on the eater, not the offering
PASS  [MOVE]  Deut 17:14-20; THE WRITES horses_multiplying_barred, return_to_egypt_barred, wives_multiplying_barred, silver_and_gold_multiplying_barred; MISHNAH SANHEDRIN 2:4 — the exam row; the Sifrei 158:1-159:4; good_land by CALL — the_three_limits_for_himself
        ->  horses_multiplying_barred [block]  the multiplying of horses barred — the BLOCK the line king_law_declared writes on Israel: 'ONLY HE SHALL NOT MULTIPLY HORSES FOR HIMSELF' (17:16) — 'for himself' not, for his chariots and horsemen he may (the Sifrei 158:1 — Mishnah Sanhedrin 2:4: enough for his chariot); the singular 'horse' the idle beast (158:2); ONE IDLE HORSE enough to return the people to Egypt (158:3); the a fortiori to every land (158:4 — I1); Solomon's horses the run's future case (1 Kings 10:26-29)
        ->  return_to_egypt_barred [block]  the return to Egypt barred — the BLOCK the line king_law_declared writes on Israel: 'NOR RETURN THE PEOPLE TO EGYPT in order to multiply horse, since the LORD said to you: you shall not return that way again' (17:16) — even one idle horse returns the people (the Sifrei 158:3); 'since the LORD said to you' A RECEIPT whose referent is behind — Exodus 14:13's 'you shall not see them again for ever' (Sukkah 51b's reading, not read; the tape's Exodus 14 scene carries the verse inside its lines — no own line at 14:13, a run citation by scene); Deuteronomy 28:68's 'the way of which I said to you, you shall see it no more' ahead; returned_to_egypt on the-sons (Genesis 50:14 — Joseph's return) the homograph on the tape, named not counted
        ->  wives_multiplying_barred [block]  the multiplying of wives barred — the BLOCK the line king_law_declared writes on Israel: 'AND HE SHALL NOT MULTIPLY WIVES FOR HIMSELF, that his heart turn not' (17:17) — but EIGHTEEN (the Sifrei 159:1 — Mishnah Sanhedrin 2:4 cited in the spine's Hebrew: David's wives the count's ground); R. Judah: he may multiply provided they do not turn his heart; R. Simeon: even one who turns his heart he shall not marry, and 'he shall not multiply' even Abigail and her companions (159:2-3): THREE ARMS on the Mishnah's own line, a PARAMETER; Solomon's wives the run's future case (1 Kings 11:1-4)
        ->  silver_and_gold_multiplying_barred [block]  the multiplying of silver and gold barred — the BLOCK the line king_law_declared writes on Israel: 'AND SILVER AND GOLD HE SHALL NOT MULTIPLY GREATLY for himself' (17:17) — 'for himself' not, for the army he may (the Sifrei 159:4 — Mishnah Sanhedrin 2:4: enough for the soldiers' pay); DAVID KEPT IT (1 Chronicles 22:14) AND SOLOMON CHANGED IT — 'he made silver in Jerusalem as stones' (1 Kings 10:27 — the run's future case); 8:13's 'your silver and gold shall multiply' the twin (good_land's own row names 17:17 — by CALL)
PASS  [MOVE]  Deut 17:14-20; THE WRITE law_copy_commanded; MISHNAH SANHEDRIN 2:4 — the exam row; the Sifrei 160:1-8, 161:1-2 — the_copy_of_the_law
        ->  law_copy_commanded [status]  the copy of the law commanded — the STATUS the line king_law_declared writes on Israel: 'and when he sits on the throne of his kingdom, HE SHALL WRITE FOR HIMSELF A COPY OF THIS LAW ON A BOOK from before the priests the Levites; and it shall be with him and he shall read in it all the days of his life' (17:18-19) — worthy of the throne when he does all (the Sifrei 160:1); for his own name, never his fathers' (160:2); the whole Torah, the book's name for the change of script and the assembly's reading (160:3-4); on a scroll, not a tablet nor paper, of a clean beast's skin, CORRECTED FROM THE COURTYARD'S SCROLL BY THE SEVENTY-ONE (160:5-7); R. Elazar ben Arakh's prophecy of forgetting (160:8); with him going out, coming in, in judgment and at table (161:1 — Mishnah Sanhedrin 2:4), the nights too by 'all' (161:2 — Berakhot 1:5's move); the king's own ledger a FUTURE entity's
PASS  [MOVE]  Deut 17:14-20; THE WRITE heart_lifting_barred; the Sifrei 161:3, 161:5, 162:1-5; good_land by CALL — the_circle_of_learning_and_the_heart
        ->  heart_lifting_barred [block]  the lifting of the heart barred — the BLOCK the line king_law_declared writes on Israel: 'THAT HIS HEART BE NOT LIFTED ABOVE HIS BROTHERS, and that he turn not from the commandment right or left, that he may prolong days over his kingdom, he and his sons, in the midst of Israel' (17:20) — and not above the consecrated (the Sifrei 162:1); the archaic 'lest' in the sages' Hebrew (162:2); the days conditioned (162:3 — 160:1's trope); the son stands in his place for every office (162:4); Solomon's unasked riches against the conditioned days (162:5 — 1 Kings 3:13-14); THE CIRCLE OF LEARNING from fear to Scripture to translation to Mishnah to Talmud to deed to fear (161:3); 8:14's 'and your heart be lifted up' the twin (good_land's own row names 17:20 — by CALL; the arrogant as an idolater, Sotah 4b)
PASS  [MOVE]  Deut 18:1-5; the Sifrei 163:1-3, 164:1-3; korach and second_tablets by CALL — the receipt behind — no_portion_no_inheritance
        ->  barred_from_it     [block]  barred — a person class may not eat of it; a block on the eater, not the offering
PASS  [MOVE]  Deut 18:1-5; the Sifrei 163:4; korach by CALL — the_fire_offerings_and_the_boundarys_holy_things
        ->  accepted           [heaven]  accepted for him — the offering's acceptance state
PASS  [MOVE]  Deut 18:1-5; the Sifrei 165:1-3; korach by CALL — the_due_exacted_by_judges
        ->  exempt             [status]  exempt — no entry opens; the ledger stays clean
PASS  [MOVE]  Deut 18:1-5; THE WRITE shoulder_cheeks_maw_owed; MISHNAH CHULLIN 10:4 — the exam row; the Sifrei 165:4-5, 71:9 — the_claim_at_the_slaughter_and_the_proselytes_cow
        ->  shoulder_cheeks_maw_owed [status]  the shoulder, the cheeks and the maw owed — the STATUS the line priests_dues_declared writes on Israel: 'AND THIS SHALL BE THE DUE OF THE PRIESTS from the people, from those who slaughter the slaughter, whether ox or sheep: HE SHALL GIVE THE PRIEST THE SHOULDER AND THE CHEEKS AND THE MAW' (18:3) — the gifts exacted by judges (the Sifrei 165:1); on the common animal, not the consecrated (165:2 — the breast and thigh the consecrated's, korach by CALL); from the people, not from others nor the priests (165:3); the torn excluded (165:4); THE CLAIM BORN AT THE SLAUGHTER'S INSTANT — the proselyte's cow, the burden of proof on the claimant (165:5 — Mishnah Chullin 10:4 cited in the spine's Hebrew, the exam row read whole: the foreleg to the shoulder-blade, the jaw to the windpipe's ring); in and outside the land decided by the verse (165:6-9); to the priest himself (165:10); the right shoulder, the lower cheek, the maw as it sounds (165:11-13); Phinehas's three by the shared consonants (165:14 — a DATA row); the deer exempt (71:9 read whole)
PASS  [MOVE]  Deut 18:1-5; the Sifrei 165:6-9 — in_and_outside_the_land
        ->  accepted           [heaven]  accepted for him — the offering's acceptance state
PASS  [MOVE]  Deut 18:1-5; the Sifrei 165:10-14 — the_three_gifts_named
        ->  barred_from_it     [block]  barred — a person class may not eat of it; a block on the eater, not the offering
PASS  [MOVE]  Deut 18:1-5; THE WRITE first_fleece_owed; MISHNAH CHULLIN 11:2 — the exam row; the Sifrei 166:1-9; korach by CALL — the_first_fruits_and_the_fleece
        ->  first_fleece_owed  [status]  the first of the fleece owed — the STATUS the line priests_dues_declared writes on Israel: 'THE FIRST OF YOUR GRAIN, YOUR WINE AND YOUR OIL, AND THE FIRST OF THE FLEECE OF YOUR FLOCK YOU SHALL GIVE HIM' (18:4) — only from the choicest, kind for kind (the Sifrei 166:1 — the grain, wine and oil Numbers 18:12's grant by CALL to korach); the fleece not the washed-off, not the torn, everywhere (166:2-4); 'your flock' and not others' — the gentile's flock exempt, the seller who kept some liable else the buyer (166:5 — Mishnah Chullin 11:2 cited in the spine's Hebrew); 'you shall give him' enough for a gift — five selas in Judea, ten in Galilee, whitened not dyed, enough for a small garment (166:6 — 'ibid.'); TWO EWES (Shammai — Isaiah 7:21) OR FIVE (Hillel — 1 Samuel 25:18; 166:7-8); R. AKIVA'S FIVE counted out of the verse's own words (166:9): the threshold and the measure PARAMETERS with both houses' arms
PASS  [MOVE]  Deut 18:1-5; THE WRITE priests_standing_chosen; the Sifrei 167:1-2; second_tablets by CALL — chosen_to_stand
        ->  priests_standing_chosen [status]  the priests chosen to stand — the STATUS the line priests_dues_declared writes on Israel: 'FOR THE LORD YOUR GOD CHOSE HIM OF ALL YOUR TRIBES TO STAND AND MINISTER in the name of the LORD, he and his sons all the days' (18:5) — service valid only standing; if he sat and served, his service is invalid (the Sifrei 167:1 = 155:5 — Mishnah Zevachim 2:1's seated among the disqualified); he and his sons all the days — in and outside the land (167:2); 10:8's 'to stand before the LORD to minister to Him' the twin (second_tablets by CALL); priestly_dues_granted ONE on aaron (Numbers 18:8's line) the tape's reference
PASS  [MOVE]  Deut 18:6-8; the Sifrei 168:1-2, 208:1; place_name by CALL — the_levite_who_is_a_priest
        ->  barred_from_it     [block]  barred — a person class may not eat of it; a block on the eater, not the offering
PASS  [MOVE]  Deut 18:6-8; THE WRITE levite_service_at_the_place_permitted; the Sifrei 168:3-4; korach by CALL — all_the_desire_of_his_soul
        ->  levite_service_at_the_place_permitted [status]  the Levite's service at the place permitted — the STATUS the line levite_at_the_place_declared writes on Israel: 'AND WHEN THE LEVITE COMES FROM ONE OF YOUR GATES, from all Israel where he sojourns, and comes with all the desire of his soul to the place which the LORD will choose, HE SHALL MINISTER IN THE NAME OF THE LORD HIS GOD like all his brothers the Levites who stand there before the LORD' (18:6-7) — THE LEVITE HERE IS A PRIEST: those who took no gates elsewhere, one fit to minister (the Sifrei 168:1 — 208:1 the same at 21:5); from all the places of their dwellings (168:2); a priest lifts his hands at a watch not his own (168:3); THE WATCHES EQUAL only in the festival's own offerings, 'one of your gates' read as one gate for all Israel at the three feasts (168:4); ON THE FLOOR — the seated, the one on vessels, on a beast, on his fellow's feet invalid (169:1 — Mishnah Zevachim 2:1 cited in the spine's Hebrew, the exam row read whole); the watches' places and lots by CALL (korach); 12:12's Levite within your gates by CALL (place_name — levite_forsaking_barred UNMOVED)
PASS  [MOVE]  Deut 18:6-8; MISHNAH ZEVACHIM 2:1 — the exam row; the Sifrei 169:1 — on_the_floor
        ->  barred_from_it     [block]  barred — a person class may not eat of it; a block on the eater, not the offering
PASS  [MOVE]  Deut 18:6-8; THE WRITE equal_portions_commanded; MISHNAH SUKKAH 5:7 — the exam row; the Sifrei 169:2 — portion_as_portion
        ->  equal_portions_commanded [status]  equal portions commanded — the STATUS the line levite_at_the_place_declared writes on Israel: 'PORTION AS PORTION THEY SHALL EAT, besides his sales according to the fathers' (18:8) — a portion to eat, a portion to serve: the portion of eating as the portion of service (the Sifrei 169:2 — Mishnah Sukkah 5:7 cited in the spine's Hebrew: at three times in the year all the watches equal in the festival's limbs and the showbread's division; the exam row read whole); the festival's offerings that do not come because of the festival the fixed watch's (169:3); THE FATHERS' BARTER — 'you your Sabbath and I my Sabbath' — and ONKELOS WRITES IT INTO THE VERSE ('the watch that comes on the Sabbath, as the fathers ordained' — the reading's assert): a DATA row
PASS  [MOVE]  Deut 18:6-8; the Sifrei 169:3; Onkelos 18:8 — the_fathers_barter
        ->  barred_from_it     [block]  barred — a person class may not eat of it; a block on the eater, not the offering
PASS  [MOVE]  Deut 18:9-14; THE WRITE abominations_learning_barred; the Sifrei 170:1-3; place_name and seven_nations by CALL — learn_to_understand_not_to_do
        ->  abominations_learning_barred [block]  the learning of the abominations barred — the BLOCK the line diviners_barred writes on Israel: 'when you come into the land which the LORD your God gives you, YOU SHALL NOT LEARN TO DO THE ABOMINATIONS OF THOSE NATIONS' (18:9) — the entry formula (the Sifrei 170:1 — 156:1, 174:1 the same); 'to do' you may not learn, but you may learn to teach and understand (170:3 — THE CODE/DATA LAW'S OWN WARRANT: the diviners' arts read as data); 12:30-31's inquiry after their gods by CALL (place_name — foreign_rite_inquiry_barred UNMOVED); 7:25-26's abomination by CALL (seven_nations)
PASS  [MOVE]  Deut 18:9-14; THE WRITE passing_through_fire_barred; MISHNAH SANHEDRIN 7:7 — the exam row; the Sifrei 171:1-3; sanctions and place_name by CALL — the_court_warned_and_fire_with_molech
        ->  passing_through_fire_barred [block]  the passing through the fire barred — the BLOCK the line diviners_barred writes on Israel: 'THERE SHALL NOT BE FOUND AMONG YOU ONE WHO PASSES HIS SON OR HIS DAUGHTER THROUGH THE FIRE' (18:10) — 'found' warns the court (the Sifrei 171:1); the grandchildren from Leviticus 20:4 (171:2); FIRE AND MOLECH JOINED BY THE SHARED WORD 'passing' — not liable until he hands over AND passes through fire to Molech (171:3 — Mishnah Sanhedrin 7:7 the exam row read whole); the Aramean woman and the son hostile to the Place (171:6 reread — the calf cut in two, Jeremiah 34:18); Leviticus 20:2-5's Molech by CALL (sanctions — the seed's scope, the people of the land stone him); 12:31's sons and daughters in the fire by CALL (place_name)
PASS  [MOVE]  Deut 18:9-14; THE WRITES diviner_barred, augur_barred; the Sifrei 171:4-5, 171:9-10; balak by CALL — the_diviner_and_the_augur
        ->  diviner_barred     [block]  the diviner barred — the BLOCK the line diviners_barred writes on Israel: 'A DIVINER OF DIVINATIONS' (18:10) — one who divines much and one who divines little alike, liable for each divination (the Sifrei 171:4 — the doubled noun); one who holds his staff and says 'shall I go or not go?' — Hosea 4:12 (171:5); Numbers 23:23's 'no divination in Jacob' the diviner's word by CALL (balak); the diviners hearkened to by the nations (18:14 — 174:2: the Torah the oracle Israel was given)
        ->  augur_barred       [block]  the augur barred — the BLOCK the line diviners_barred writes on Israel: 'AN AUGUR' (18:10 — the omen-reader) — one who says 'my bread fell from my mouth, my staff from my hand, a snake passed on my right, a fox on my left, a deer cut the road before me' (the Sifrei 171:9); 'do not begin with me — it is morning, it is the new moon, it is the Sabbath's end' (171:10 — the calendar's three omens); Leviticus 19:26's 'nor practice augury' the warning's twin
PASS  [MOVE]  Deut 18:9-14; the Sifrei 171:6 (reread) — the_aramean_woman
        ->  accepted           [heaven]  accepted for him — the offering's acceptance state
PASS  [MOVE]  Deut 18:9-14; THE WRITE soothsayer_barred; the Sifrei 171:7-8 — three arms — the_soothsayer_three_ways
        ->  soothsayer_barred  [block]  the soothsayer barred — the BLOCK the line diviners_barred writes on Israel: 'A SOOTHSAYER' (18:10) — R. Ishmael: one who passes over the eye; R. Akiva: the givers of times ('the eve of the seventh years is fit for wheat'); the sages: the holders of the eyes (the Sifrei 171:7-8 — THREE ARMS by the word's two roots, a DATA row); Leviticus 19:26's 'you shall not practice soothsaying' the warning's twin
PASS  [MOVE]  Deut 18:9-14; THE WRITE sorcerer_barred; the Sifrei 171:11; ordinances by CALL — the_sorcerers_deed
        ->  sorcerer_barred    [block]  the sorcerer barred — the BLOCK the line diviners_barred writes on Israel: 'A SORCERER' (18:10) — one who does a deed, not one who holds the eyes: R. Akiva in R. Joshua's name, TWO GATHER CUCUMBERS — one gathers and is exempt, one gathers and is liable; the doer of a deed is liable, the holder of the eyes exempt (the Sifrei 171:11 — THE DEED AGAINST THE ILLUSION); Exodus 22:17's 'a sorceress you shall not let live' the punishment, this the warning (the Mekhilta — ordinances' capital by CALL: man and woman alike, stoning, the doer liable)
        ->  exempt             [status]  exempt — no entry opens; the ledger stays clean
PASS  [MOVE]  Deut 18:9-14; THE WRITES charmer_barred, ghost_consulting_barred, familiar_spirit_barred, necromancer_barred; MISHNAH SANHEDRIN 7:7 — the exam row; the Sifrei 172:1-5; sanctions and holiness_b by CALL — the_charmer_the_ghost_the_spirit_the_dead
        ->  charmer_barred     [block]  the charmer barred — the BLOCK the line diviners_barred writes on Israel: 'A CHARMER OF CHARMS' (18:11) — one who charms much and one who charms little alike; one who charms the snake and the scorpion alike (the Sifrei 172:1 — the doubled noun as 171:4's)
        ->  ghost_consulting_barred [block]  the consulting of a ghost barred — the BLOCK the line diviners_barred writes on Israel: 'ONE WHO ASKS A GHOST' (18:11) — this is the python who speaks from his armpit (the Sifrei 172:2 — MISHNAH SANHEDRIN 7:7 CITED IN THE HEBREW ITSELF, the exam row read whole); they themselves are stoned, and the one who asks them is under a warning (172:4 — the two penalties); Leviticus 19:31's 'turn not to the ghost-pits' the warning and 20:27's stoning the punishment by CALL (holiness_b, sanctions — the bearer stoned, the consulter warned)
        ->  familiar_spirit_barred [block]  the familiar spirit barred — the BLOCK the line diviners_barred writes on Israel: 'OR A FAMILIAR SPIRIT' (18:11) — one who speaks with his mouth (the Sifrei 172:3 — Sanhedrin 7:7's second definition); Onkelos 'zekhuru' one seat (the reading's assert); stoned, the asker warned (172:4); Leviticus 20:27's pair by CALL (sanctions, holiness_b)
        ->  necromancer_barred [block]  the necromancer barred — the BLOCK the line diviners_barred writes on Israel: 'OR ONE WHO INQUIRES OF THE DEAD' (18:11) — one who raises by his member and one who asks a skull alike; the raiser does not rise in its way and is not asked on the Sabbath, the skull rises in its way and is asked on the Sabbath (the Sifrei 172:5 — the two forms a DATA row)
        ->  stoned             [body]  stoned — the death mode named in ink; for the ox, the beast's own docket entry
PASS  [MOVE]  Deut 18:9-14; THE WRITE wholeness_commanded; the Sifrei 173:1-4, 174:1-2; pre_sinai by CALL — one_of_them_and_whole
        ->  wholeness_commanded [status]  wholeness commanded — the STATUS the line diviners_barred writes on Israel: 'WHOLE SHALL YOU BE WITH THE LORD YOUR GOD' (18:13) — one of the nine enough for liability (the Sifrei 173:1); the Canaanites warned (R. Simeon), R. Eliezer's pity (173:2); WHOLE AS INNOCENT — when you are whole your portion is with the LORD, David's 'I walk in my wholeness' (173:3 — Onkelos 'in the fear of the LORD'); conditioned on the whole passage (173:4 — 156:1's trope); Genesis 17:1's 'walk before Me and be whole' the twin (pre_sinai's own cell lists Deut 18:13 — by CALL: not whole until circumcised; wholeness_owed ONE on abraham, a DEBIT, the tape's reference)
PASS  [MOVE]  Deut 18:15-22; THE WRITE prophet_like_moses_promised; the Sifrei 175:1 — from_your_midst_of_your_brothers
        ->  prophet_like_moses_promised [heaven]  a prophet like Moses promised — the HEAVEN entry the line prophet_law_declared writes on Israel: 'A PROPHET FROM YOUR MIDST, OF YOUR BROTHERS, LIKE ME, THE LORD YOUR GOD WILL RAISE UP FOR YOU' (18:15), 'a prophet I will raise up for them from among their brothers like you, and I will put My words in his mouth' (18:18) — from the land, a brother, for you and not for the nations (the Sifrei 175:1 — Jeremiah 1:5 resolved); by this they merited prophets (176:1-2 — Horeb's request the cause); My words in his mouth but not face to face (176:3 — Numbers 12:8's Moses the contrast; Onkelos 'the words of My prophecy'); the LORD's own undertaking like kings_promised on jacob; prophet_declared ONE on abraham (Genesis 20:7) the tape's reference; the king chosen by the mouth of a prophet (157:3 — F4's selector)
PASS  [MOVE]  Deut 18:15-22; THE WRITE prophet_hearkening_commanded; the Sifrei 175:2; seducers by CALL — hear_him_even_for_the_hour
        ->  prophet_hearkening_commanded [status]  the hearkening to the prophet commanded — the STATUS the line prophet_law_declared writes on Israel: 'TO HIM YOU SHALL HEARKEN' (18:15) — even if he tells you to transgress one of the commandments, like Elijah on Mount Carmel, for the hour — obey him (the Sifrei 175:2; Onkelos 'you shall accept'); chapter 13's Elijah-at-Carmel and established-prophet rows by CALL (seducers); the prophet's order — first things first, no interpreter (176:4-5 — a DATA row)
PASS  [MOVE]  Deut 18:15-22; the Sifrei 176:1-2; covenant_at_horeb and obey_horeb by CALL — the tape's Deuteronomy 5 lines — horebs_request_the_cause
        ->  accepted           [heaven]  accepted for him — the offering's acceptance state
PASS  [MOVE]  Deut 18:15-22; the Sifrei 176:3-5; balak by CALL — my_words_in_his_mouth
        ->  barred_from_it     [block]  barred — a person class may not eat of it; a block on the eater, not the offering
PASS  [MOVE]  Deut 18:15-22; THE WRITE word_required_of_the_hearer; the Sifrei 177:1, 178:1; seducers by CALL — the_six_deaths
        ->  word_required_of_the_hearer [heaven]  the word required of the hearer — the HEAVEN entry the line prophet_law_declared writes on Israel: 'AND THE MAN WHO DOES NOT HEARKEN TO MY WORDS which he speaks in My name, I WILL REQUIRE IT OF HIM' (18:19) — THREE DIE BY HEAVEN'S HAND: who suppresses his prophecy like Jonah, who waives a prophet's words like Micah's fellow, a prophet who transgresses his own words like Iddo (the Sifrei 177:1; Onkelos 'My Memra will require of him' — the reading's assert); the three by the court from 18:20 the case's verdict, not this entry
        ->  put_to_death       [body]  put to death — the court docket opens a capital entry (mode per the compiled law)
PASS  [MOVE]  Deut 18:15-22; seducers by CALL — 13:2-6's cells — the_false_prophets_kin
        ->  put_to_death       [body]  put to death — the court docket opens a capital entry (mode per the compiled law)
        ->  evil_purged_from_the_midst [body]  the evil purged from the midst — THE PURGE FORMULA'S FIRST SEAT OF NINE: 'AND YOU SHALL PURGE THE EVIL FROM YOUR MIDST' (13:6 — the nine seats all in the book: 13:6 the first, then 17:7, 17:12, 19:19, 21:21, 22:21, 22:22, 22:24, 24:7 — each ahead a SECOND ENTRY, the compile's gain from naming the effect at its first seat): a BODY effect written on the condemned person at the exam's case (the false prophet put to death — the_prophets_death a parameter, stoning / strangling; the inciter stoned — 13:11's rite by CALL), never on the tape — 'purge the DOER of evils from Israel' (the Sifrei 86:10): the person removed, the evil with him; the homographs named, not counted — purge_deadline the leaven's timer, purge_commanded Jacob's removal of the foreign gods (Genesis 35:2); Onkelos 'ותפלי עביד דביש מבינך' (and you shall remove the doer of evil from among you)
PASS  [MOVE]  Deut 18:15-22; THE WRITE false_word_test_declared; the Sifrei 178:2 — the_test_by_the_event
        ->  false_word_test_declared [status]  the false word's test declared — the STATUS the line prophet_law_declared writes on Israel: 'and if you say in your heart, how shall we know the word which the LORD has not spoken? What the prophet speaks in the name of the LORD AND THE THING DOES NOT COME TO PASS — that is the word the LORD has not spoken; presumptuously the prophet spoke it' (18:21-22) — 'you will say it': Jeremiah's 'the vessels go to Babylon' against Hananiah's 'the vessels return' — whom shall I heed? THE TEST BY THE EVENT (the Sifrei 178:2 — Jeremiah 27-28); presumptuously, not in error (178:2 with 155:3 — the noun's two Torah seats 17:12 and 18:22, the reading's assert); THE PROPHET WHO PRESUMES shall die — strangulation, the unspecified death (178:1 = 155:7): three by the court — who prophesies what he did not hear, what was not said to him, in the name of an idol (177:1); the six deaths a PARAMETER; A LAW WHOSE VERDICT WAITS ON THE TAPE'S FUTURE — the rule compiled now, its exercise the readback's own question when the Prophets are on the tape (THE_LOOP step 6; the debt line)
PASS  [MOVE]  Deut 18:15-22; THE WRITE false_prophet_fear_barred; the Sifrei 178:3, 150:2 — no_fear_in_prosecuting
        ->  false_prophet_fear_barred [block]  the fear of the false prophet barred — the BLOCK the line prophet_law_declared writes on Israel: 'YOU SHALL NOT FEAR HIM' (18:22) — do not hold yourself back from arguing his guilt (the Sifrei 178:3 — the witness's duty, 150:2's rule inverted: one witness argues no guilt, the false prophet's witness must); 'you shall not fear' at one seat in this form (the reading's assert); false_prophet_hearing_barred 13:2's block on Israel the reference (seducers by CALL)
PASS  [DATA]  Deut 17:1-18:22 (the readback table); the readback table — forty-two rows — the_table
        ->  accepted           [heaven]  accepted for him — the offering's acceptance state
PASS  [DATA]  Deut 17:1-18:22 (the readback table); the eight SUPPLIED rows — the_supplied_rows
        ->  accepted           [heaven]  accepted for him — the offering's acceptance state
PASS  [DATA]  Deut 17:1-18:22 (the readback table); the tape's lines by kind and first verse — the_reference_rows
        ->  accepted           [heaven]  accepted for him — the offering's acceptance state
PASS  [DATA]  Deut 17:1-18:22 (the readback table); the two receipts behind — the_receipts
        ->  accepted           [heaven]  accepted for him — the offering's acceptance state
PASS  [DATA]  Deut 17:1-18:22 (the readback table); the forms on file — no_pointer_no_state_no_open
        ->  accepted           [heaven]  accepted for him — the offering's acceptance state
PASS  [DATA]  Deut 17:1-18:22 (the readback table); the reading's kin asserts (DI4) — the_twin_diffed
        ->  accepted           [heaven]  accepted for him — the offering's acceptance state
PASS  [DATA]  Deut 17:1-18:22 (the readback table); no narrative verb — no_retrograde_row
        ->  accepted           [heaven]  accepted for him — the offering's acceptance state

MATRIX: 66/66 cells match the answer sheet
FRACTIONS: pure ink 0/66 (0%) · named moves 59/66 (89%) · data 7/66 (11%) · hypotheses 0/66 (the H class, counted apart — never as compiled)
LEDGER OPS this span writes: block x30, body x11, heaven x22, status x19
THE INK: the number verses {(17, 2): [1], (17, 6): [2, 3, 1]} (no ordinal, no starred token; 18:6's one behind its prefix unread); the negations {(17, 1): ['לא'], (17, 3): ['לא'], (17, 6): ['לא'], (17, 11): ['לא'], (17, 13): ['ולא'], (17, 15): ['לא', 'לא'], (17, 16): ['לא', 'ולא', 'לא'], (17, 17): ['ולא', 'ולא', 'לא'], (18, 1): ['לא'], (18, 2): ['לא'], (18, 9): ['לא'], (18, 10): ['לא'], (18, 14): ['לא'], (18, 16): ['לא', 'לא', 'ולא'], (18, 19): ['לא'], (18, 20): ['לא'], (18, 21): ['לא'], (18, 22): ['ולא', 'ולא', 'לא', 'לא']}; the Name 28 bare tokens; the tokens {17: 368, 18: 304}
THE READBACK — THE FORMS ON FILE, NO NEW FORM: 42 rows — {'SUPPLIED': 12, 'VARIANT': 22, 'EXPANDED': 5, 'VERBATIM': 2, 'SHORTENED': 1}; on the tape 11, in the kin's cells by CALL 42 (every cell found True); the SUPPLIED rows ['Deut 17:1', 'Deut 17:2', 'Deut 17:8', 'Deut 17:10', 'Deut 17:14', 'Deut 18:1', 'Deut 18:3', 'Deut 18:6', 'Deut 18:8', 'Deut 18:9', 'Deut 18:15', 'Deut 18:21']; the rows with writes [('Deut 17:1', 'blemished_offering_barred'), ('Deut 17:2', 'idolater_inquiry_required'), ('Deut 17:4', 'idolater_inquiry_required'), ('Deut 17:6', 'two_witnesses_required'), ('Deut 17:7', 'witnesses_hand_first_commanded'), ('Deut 17:8', 'high_court_at_the_place_commanded'), ('Deut 17:10', 'sentence_binding_commanded'), ('Deut 17:11', 'turning_from_the_word_barred'), ('Deut 17:14', 'king_from_the_brothers_commanded'), ('Deut 17:15', 'foreign_king_barred'), ('Deut 17:16', 'horses_multiplying_barred'), ('Deut 17:17', 'wives_multiplying_barred'), ('Deut 17:18', 'law_copy_commanded'), ('Deut 17:20', 'heart_lifting_barred'), ('Deut 18:1', 'shoulder_cheeks_maw_owed'), ('Deut 18:3', 'shoulder_cheeks_maw_owed'), ('Deut 18:4', 'first_fleece_owed'), ('Deut 18:5', 'priests_standing_chosen'), ('Deut 18:6', 'levite_service_at_the_place_permitted'), ('Deut 18:7', 'levite_service_at_the_place_permitted'), ('Deut 18:8', 'equal_portions_commanded'), ('Deut 18:9', 'abominations_learning_barred'), ('Deut 18:10', 'passing_through_fire_barred'), ('Deut 18:11', 'charmer_barred'), ('Deut 18:13', 'wholeness_commanded'), ('Deut 18:15', 'prophet_like_moses_promised'), ('Deut 18:19', 'word_required_of_the_hearer'), ('Deut 18:22', 'false_word_test_declared')]; the pointer rows []; the state rows []; the OPEN rows []; the holes 0
THE COUNTER AND THE PARAMETERS: {'counter': (40, 11, 1), 'no_marker': True, 'no_clock_datum': True}; the thirty 33 (in the registry 0, in DATA 33)
THE SCANS on the one database: the thirty-seven on Israel []; hears-and-fears ['israel_people']; the false prophet ['israel_people']; the inheritance ['aaron', 'the_levites']; the kings ['jacob']; the prophet ['abraham']; the wholeness ['abraham']; the courts ['israel_people']; the judges ['the_court']; the bribe ['israel_people']; stoned ['the_blasphemer', 'the_wood_gatherer']; put to death 7; purged []
THE CALLEES: SE ['put_to_death', 'evil_purged_from_the_midst']; FJ ['accepted']; OP the court of three (Mish; ES (71, 23); OR merit_by_one_liability_by_two; SA the_pitom_speaking_from_the_armpit; HB stoning; PR included; RF ['barred_from_it']; KO 24; ST to stand before the LORD; PN ['place_chosen_required']; SN ['accepted']; CH ['accepted']; OH ['accepted']; RG two_by_the_prototype; MK both verses fulfilled: t; GL {'silver_and_gold': "8:1; BK ['word_put_in_mouth']; PS_ Deut 18:13
THE EXAM (lean): the eight Mishnah rows ['Sanhedrin 11:2', 'Sotah 7:8', 'Sanhedrin 2:4', 'Chullin 10:4', 'Chullin 11:2', 'Zevachim 2:1', 'Sukkah 5:7', 'Sanhedrin 7:7']; segments read 0
THE NARRATIVE: (37, 0, 1, (11, 1), 0, 0, 0, 0) (the thirty-seven on Israel ['blemished_offering_barred', 'idolater_inquiry_required', 'two_witnesses_required', 'one_witness_barred', 'witnesses_hand_first_commanded', 'high_court_at_the_place_commanded', 'sentence_binding_commanded', 'turning_from_the_word_barred', 'king_from_the_brothers_commanded', 'foreign_king_barred', 'horses_multiplying_barred', 'return_to_egypt_barred', 'wives_multiplying_barred', 'silver_and_gold_multiplying_barred', 'law_copy_commanded', 'heart_lifting_barred', 'shoulder_cheeks_maw_owed', 'first_fleece_owed', 'priests_standing_chosen', 'levite_service_at_the_place_permitted', 'equal_portions_commanded', 'abominations_learning_barred', 'passing_through_fire_barred', 'diviner_barred', 'soothsayer_barred', 'augur_barred', 'sorcerer_barred', 'charmer_barred', 'ghost_consulting_barred', 'familiar_spirit_barred', 'necromancer_barred', 'wholeness_commanded', 'prophet_like_moses_promised', 'prophet_hearkening_commanded', 'word_required_of_the_hearer', 'false_word_test_declared', 'false_prophet_fear_barred'])
THE PARAMETER ROWS: the_readback = 42 rows, 0 holes, 0 open rows; the_counter_and_the_parameters = {'counter': (40, 11, 1), 'no_marker': True, 'no_clock_datum': True}; the_twin_diffed = {'17:1 vs 15:21': 6, '17:4 vs 13:15': 9, '17:6 vs 19:15': 6, '17:7 vs 13:10': 7, '17:8 vs 1:17': 2, '17:11 vs 17:20': 1, '17:13 vs 13:12': 3, '17:17 vs 8:13': 3, '17:20 vs 8:14': 0, '18:2 vs 10:9': 8, '18:2 vs Num 18:20': 2, '18:5 vs 10:8': 3, '18:10 vs Lev 20:2': 0, '18:11 vs Lev 20:27': 1, '18:13 vs Gen 17:1': 1, '18:16 vs 5:25': 5, '18:17 vs 5:28': 5, '18:19 vs 13:4': 3, '18:22 vs 13:2': 0}; the_parsers_two_verses = {'deut_17_2': [1], 'deut_17_6': [2, 3, 1], 'the_ordinals': {}, 'the_marks': {}, 'deut_18_6_unread': "the number word behind its prefix — not read (the reading's assert)"} (the other settings recorded in DATA — 44 rows)

THE COMPILE OF CHAPTERS 17-18 (LEAN): the answer sheet REPRODUCED — 66/66
