=== chain 09:09:49
deu_18_levi_prophet: seated 4 operators on 4 steps [1, 6, 9, 15]; scenarios 7 in the anchor form
=== verify_text deu_18_levi_prophet 09:10:44
exit 0 TEXT LAYER GREEN: 22 steps, 7 scenarios — deu_18_levi_prophet
=== ritual deu_18_levi_prophet 09:10:44
exit 0 Manual next: watchlist (logic/middot_scan/), state-doc update, owner commit word.
ALL_DONE
verify_text deu_17_courts_king: TEXT LAYER GREEN: 20 steps, 7 scenarios — deu_17_courts_king
verify_text deu_18_levi_prophet: TEXT LAYER GREEN: 22 steps, 7 scenarios — deu_18_levi_prophet
=== fold 09:11:22
=== CHECK AFTER THE BAKE
CORPUS TRUTH GREEN — one world, 232 units, 1809 facts, 341 demands (191 open), hash 8b8fff1fa28953af
27:assert len(W["units"]) == 232
32:assert len(W["standing"]) == 2275
37:assert corpus_world._state_hash(W) == '8b8fff1fa28953af'
=== build_world 09:12:52
exit 0 |   ALL GREEN — the one database agrees with the fold
=== journal_gate 09:13:52
exit 0 | GATE GREEN — the replay is the audit, the running world is the instrument
=== register_gate 09:19:09
exit 0 | THE REGISTER GATE: GREEN
=== large_letter 09:19:12
exit 0 | 6/6
=== home_gate 09:19:12
exit 0 | THE HOME-PATH GATE: GREEN — 0 tracked text files carry a username or a home path
ALL GREEN 09:19:15
