assembled <repo>/World/step9/cold_run_courts_prophet.py 290051 bytes; parts [59375, 47821, 50158, 96619] tail 36032
runner rc 0
MATRIX: 287/287 cells match the answer sheet
MATRIX: 41/41 cells match the answer sheet
MATRIX: 66/66 cells match the answer sheet
THE COMPILE OF CHAPTERS 17-18 (LEAN): the answer sheet REPRODUCED — 66/66
daemon rc 0
DAEMON GATE coverage: 73 modules scanned (72 runners + the engine); 77 daemons watching 1179 kinds; 3964 submit records firing 1179 kinds; 530 compiled functions writing effects in 71 runners; event registry 1179 types, effects registry 1125
DAEMON GATE functions: 530 WRAPPED (verified), 0 OWED, 0 NONE of 530; unfired kinds 0, unconsumed 0, open aliases 3
DAEMON GATE: every daemon declared and its watches verified; every kind and effect registered; every compiled function dispositioned; every WRAPPED verified; every OWED on the worklist [gate satisfied]
dependency rc 1
DEPENDENCY GATE coverage: 72 runners declared, 5404 verses scanned, 42 type tokens, 5 pointer forms; required edges 293, required pointers 212; live import edges 579; dispositions on file: 751 edges, 211 pointers
DEPENDENCY GATE: 1 failure(s)
  FAIL LIVE EDGE sequence -> courts_prophet has NO ENTRY on file — the file understates the code: file it with its link (rule 9)
tape rc 1
  CHECKPOINT DD4 THE HOLES — the effects naming the place chosen, the rejoicing, the profane slaughter, the gates' bar, the Levite's forsaking, the Name's erasure or the inquiry on israel_people are t
  CHECKPOINT DE4 THE HOLES — the effects naming the false prophet's hearing, the LORD's testing, Israel's hearing and fearing, the condemned city's inquiry or the devoted thing's cleaving on israel_pe
  CHECKPOINT DI1 THE LINES — eight events on the tape AFTER the tape's last Deuteronomy 16 line, in the ink's order (17:1, 17:2, 17:8, 17:14, 18:1, 18:6, 18:9, 18:15), all page_order on the counter's 
  CHECKPOINT DI2 THE WRITES — the thirty-seven NEW ONE each on israel_people with their lines' first verses (17:1 one, 17:2 four, 17:8 three, 17:14 eight, 18:1 three, 18:6 two, 18:9 eleven, 18:15 five
  CHECKPOINT DI3 THE READBACK — THE FORMS ON FILE, NO NEW FORM: the_readback's rows FORTY-TWO, one per verse (the census from the runner's print: SUPPLIED 12, VARIANT 22, EXPANDED 5, VERBATIM 2, SHORT
  CHECKPOINT DI4 THE KIN AND THE HOLES — israel_hears_and_fears ONE, false_prophet_hearing_barred ONE, tested_by_the_lord ONE, condemned_city_inquiry_required ONE, courts_established ONE, bribe_barred
  CHECKPOINT DI5 THE REST — entities 319 UNMOVED (Israel the written-on party, on the registry; the king and the prophet future entities), closes 127 UNMOVED, the population table 148 UNMOVED, the eig
MISS the verdicts of the checkpoints, as the design expects
checkpoint_check: 326 rows, 19 miss, 0 raised — the tape stepped to its end in 26s
 TRIPS  blessing_and_curse RAIN_WORDS     hits 5, excluded 0, survivors ['blessing_and_curse_set', 'gerizim_ebal_ceremony_owed', 'heavens_shut_for_turning', 'rain_in_its_season', 'yoke_of_the_commandm
 TRIPS  courts_prophet     HOLE_WORDS     hits 37, excluded 0, survivors ['abominations_learning_barred', 'augur_barred', 'blemished_offering_barred', 'charmer_barred', 'diviner_barred', 'equal_portio
 TRIPS  festivals_judges   HOLE_WORDS     hits 15, excluded 0, survivors ['asherah_beside_the_altar_barred', 'booths_at_the_place_commanded', 'empty_appearance_barred', 'flesh_till_morning_barred', 'j
 TRIPS  food_tithe         FOOD_WORDS     hits 5, excluded 0, survivors ['abomination_eating_barred', 'carcass_eating_barred', 'cuttings_for_the_dead_barred', 'poor_tithe_owed', 'second_tithe_owed']
 TRIPS  not_righteousness  STIFF_WORDS    hits 1, excluded 0, survivors ['stiffening_barred']
 TRIPS  place_name         PLACE_WORDS    hits 10, excluded 0, survivors ['foreign_rite_inquiry_barred', 'high_court_at_the_place_commanded', 'holy_things_in_the_gates_barred', 'levite_forsaking_barre
 TRIPS  release_firstborn  HOLE_WORDS     hits 10, excluded 0, survivors ['base_thought_barred', 'debt_release_owed', 'empty_sending_barred', 'exaction_barred', 'firstling_sanctification_commanded', '
 TRIPS  seducers           SEDUCER_WORDS  hits 5, excluded 0, survivors ['condemned_city_inquiry_required', 'devoted_thing_cleaving_barred', 'false_prophet_fear_barred', 'false_prophet_hearing_barred'
SCAN CENSUS DONE — runner scans tripping: 8
