==== A0. THE TWO DIVISIONS — the export's chapter 17 against the DB's
  DB verses 20 | export verses HE 20 EN 20 | per-chapter export lengths vs DB, chapters 1-18: [(5, 30, 33)]
  the alignment cost 20 | export verses mapped to MORE THAN ONE DB verse: {}
  the offset per export verse (DB minus export, the first DB verse of each): Counter({0: 20}) | the runs: [(1, 1, 1), (16, 16, 16), (17, 17, 17), (18, 18, 18), (19, 19, 19)]
  the shared export verse against its DB verses (tokens, negations): []
==== A. THE SHELF BY POSITION — the Sifrei on Deuteronomy around chapter 17
  piskaot 357 357 rows 2357 2357
  heads 145-181 (HE first citation | rows | EN first quote):
   145 head (16, 21) | HE rows  4 EN rows  4 | 'Do not plant for yourself an Asherah of any wood'
   146 head (16, 22) | HE rows  1 EN rows  1 | 'Neither shall you erect for yourself a pillar'
   147 head (17, 1) | HE rows  7 EN rows  7 | 'Do not slaughter for HASHEM your God an ox or a sheep'
   148 head (17, 2) | HE rows 10 EN rows 10 | 'When there is found among you'
   149 head (17, 4) | HE rows  7 EN rows  7 | 'And it is reported to you, and you have heard it,38Heb: sham'
   150 head (17, 6) | HE rows  3 EN rows  3 | 'By the testimony of two witnesses or three witnessesshall th'
   151 head (17, 7) | HE rows  3 EN rows  3 | 'The hand of the witnesses shall be the first at him,to execu'
   152 head (17, 8) | HE rows 15 EN rows 15 | 'If you are bedazzled'
   153 head (17, 9) | HE rows  5 EN rows  5 | 'And when you reach'
   154 head (17, 10) | HE rows  5 EN rows  5 | 'And you shall behave according to the ruling'
   155 head (17, 12) | HE rows  9 EN rows  9 | 'As for the man who acts in defiance'
   156 head (17, 14) | HE rows  6 EN rows  6 | 'When you enter into the Land'
   157 head (17, 15) | HE rows 10 EN rows 10 | 'You should indeed place over yourself a king'
   158 head (17, 16) | HE rows  4 EN rows  4 | 'But—he is not to have himself many horses'
   159 head (17, 17) | HE rows  4 EN rows  4 | 'And he is not to have himself many wives'
   160 head (17, 18) | HE rows  8 EN rows  8 | 'Now, when he occupies the throne of his kingdom'
   161 head (17, 19) | HE rows  5 EN rows  5 | 'And it shall remain with him, and he shall read in it, all t'
   162 head (17, 20) | HE rows  5 EN rows  5 | 'So that he might not esteem himself above his brothers'
   163 head (18, 1) | HE rows  4 EN rows  4 | 'The levitical Priests—all the tribe of Levi—shall have no sh'
   164 head (18, 2) | HE rows  3 EN rows  3 | 'An inheritance he shall not have'
   165 head (18, 3) | HE rows 14 EN rows 14 | 'Now, this shall be the compensation of the Priests from the '
   166 head (18, 4) | HE rows  9 EN rows  9 | 'The finest of your grain, your must, and your oil'
   167 head (18, 5) | HE rows  2 EN rows  2 | 'For, HASHEM your God chose him from among all your tribesto '
   168 head (18, 6) | HE rows  4 EN rows  4 | 'Now, should the Levite149Heb: halewi. The Levite at issue he'
   169 head (18, 7) | HE rows  3 EN rows  3 | 'Then he shall serve . . . like all his levitical brotherswho'
   170 head (18, 9) | HE rows  3 EN rows  3 | 'When you enter into the Land'
   171 head (18, 10) | HE rows 11 EN rows 11 | 'There shall not be found among you'
   172 head (18, 11) | HE rows  5 EN rows  5 | 'Or a charm-trafficker'
   173 head (18, 12) | HE rows  4 EN rows  4 | 'Indeed, all who commit these acts are abominable to HASHEM'
   174 head (18, 14) | HE rows  2 EN rows  2 | 'For these nations which you are dispossessing'
   175 head (18, 15) | HE rows  2 EN rows  2 | 'A prophet from your midst'
   176 head (18, 16) | HE rows  5 EN rows  5 | 'According to all you asked from HASHEM my God at Horeb'
   177 head (18, 19) | HE rows  1 EN rows  1 | 'Now, as for the person who does not obey my words'
   178 head (18, 20) | HE rows  3 EN rows  3 | 'But the prophet so defiant as to speak a word in My Namewhic'
   179 head (19, 1) | HE rows  2 EN rows  2 | 'When HASHEM your God cuts down the gentiles'
   180 head (19, 2) | HE rows  8 EN rows  8 | 'Pisq’a 180206H: 204; JN2: 60.1. You shall designate for your'
   181 head (19, 4) | HE rows  6 EN rows  6 | 'Now, this rule is applied to the unwitting killer'
  heads whose chapter is 17 : [(147, (17, 1)), (148, (17, 2)), (149, (17, 4)), (150, (17, 6)), (151, (17, 7)), (152, (17, 8)), (153, (17, 9)), (154, (17, 10)), (155, (17, 12)), (156, (17, 14)), (157, (17, 15)), (158, (17, 16)), (159, (17, 17)), (160, (17, 18)), (161, (17, 19)), (162, (17, 20))] | heads by chapter 1-18: [(1, 24), (3, 4), (6, 6), (11, 21), (12, 20), (13, 14), (14, 14), (15, 16), (16, 19), (17, 16), (18, 16), (19, 10), (20, 14), (21, 17), (22, 22), (23, 22), (24, 16), (25, 10)]
  HE rows citing Deut 17 (the export's verse → the DB's): 32 [(37, 16, 8, [8]), (93, 6, 4, [4]), (99, 2, 1, [1]), (147, 1, 1, [1]), (148, 1, 2, [2]), (148, 2, 5, [5]), (148, 3, 5, [5]), (148, 6, 3, [3]), (149, 1, 4, [4]), (149, 3, 5, [5]), (149, 4, 5, [5]), (149, 4, 2, [2]), (150, 1, 6, [6]), (151, 1, 7, [7]), (152, 1, 8, [8]), (153, 1, 9, [9]), (154, 1, 10, [10]), (154, 2, 11, [11]), (155, 1, 12, [12]), (156, 1, 14, [14]), (156, 5, 15, [15]), (157, 1, 15, [15]), (158, 1, 16, [16]), (159, 1, 17, [17]), (160, 1, 18, [18]), (160, 3, 19, [19]), (161, 1, 19, [19]), (162, 1, 20, [20]), (190, 7, 4, [4]), (306, 9, 7, [7]), (317, 2, 8, [8]), (352, 9, 8, [8])]
  EN rows citing Deut 17 : 136 [(37, 16, 8, [8]), (93, 6, 4, [4]), (93, 6, 4, [4]), (99, 2, 1, [1]), (99, 2, 1, [1]), (147, 1, 1, [1]), (147, 1, 1, [1]), (147, 2, 1, [1]), (147, 3, 1, [1]), (147, 4, 1, [1]), (147, 5, 1, [1]), (147, 6, 1, [1]), (147, 6, 1, [1]), (147, 7, 1, [1]), (148, 1, 2, [2]), (148, 1, 2, [2]), (148, 2, 2, [2]), (148, 2, 5, [5]), (148, 2, 2, [2]), (148, 2, 5, [5]), (148, 2, 5, [5]), (148, 2, 2, [2]), (148, 3, 5, [5]), (148, 4, 2, [2]), (148, 5, 2, [2]), (148, 6, 3, [3]), (148, 6, 3, [3]), (149, 1, 4, [4]), (149, 1, 4, [4]), (149, 1, 4, [4]), (149, 3, 4, [4]), (149, 3, 5, [5]), (149, 4, 5, [5]), (149, 4, 2, [2]), (149, 4, 5, [5]), (149, 4, 2, [2]), (149, 4, 2, [2]), (149, 5, 5, [5]), (149, 6, 5, [5]), (149, 7, 5, [5]), (149, 7, 5, [5]), (150, 1, 6, [6]), (150, 1, 6, [6]), (150, 2, 6, [6]), (150, 3, 6, [6]), (151, 1, 7, [7]), (151, 2, 7, [7]), (151, 3, 7, [7]), (152, 1, 8, [8]), (152, 2, 8, [8]), (152, 3, 8, [8]), (152, 4, 8, [8]), (152, 5, 8, [8]), (152, 6, 8, [8]), (152, 7, 8, [8]), (152, 8, 8, [8]), (152, 9, 8, [8]), (152, 10, 8, [8]), (152, 11, 8, [8]), (152, 12, 8, [8]), (152, 14, 10, [10]), (152, 15, 8, [8]), (153, 1, 9, [9]), (153, 2, 9, [9]), (153, 3, 9, [9]), (153, 4, 9, [9]), (153, 5, 9, [9]), (154, 1, 10, [10]), (154, 2, 11, [11]), (154, 3, 11, [11]), (154, 4, 11, [11]), (154, 5, 11, [11]), (155, 1, 12, [12]), (155, 3, 12, [12]), (155, 4, 12, [12]), (155, 5, 12, [12]), (155, 6, 12, [12]), (155, 7, 12, [12]), (155, 8, 12, [12]), (155, 9, 12, [12]), (156, 1, 14, [14]), (156, 2, 14, [14]), (156, 3, 14, [14]), (156, 4, 14, [14]), (156, 5, 14, [14]), (156, 6, 14, [14]), (157, 1, 15, [15]), (157, 2, 15, [15]), (157, 3, 15, [15]), (157, 4, 15, [15]), (157, 5, 15, [15]), (157, 6, 15, [15]), (157, 6, 15, [15]), (157, 6, 15, [15]), (157, 7, 15, [15]), (157, 8, 15, [15]), (157, 9, 15, [15]), (157, 10, 15, [15]), (158, 1, 16, [16]), (158, 1, 16, [16]), (158, 2, 16, [16]), (158, 3, 16, [16]), (159, 1, 17, [17]), (159, 3, 17, [17]), (159, 3, 17, [17]), (159, 4, 17, [17]), (159, 4, 17, [17]), (159, 4, 17, [17]), (160, 1, 18, [18]), (160, 2, 17, [17]), (160, 3, 17, [17]), (160, 3, 19, [19]), (160, 3, 17, [17]), (160, 5, 18, [18]), (160, 5, 18, [18]), (160, 5, 18, [18]), (160, 6, 18, [18]), (160, 7, 18, [18]), (160, 8, 18, [18]), (161, 1, 19, [19]), (161, 1, 19, [19]), (161, 2, 19, [19]), (161, 3, 19, [19]), (161, 3, 19, [19]), (162, 1, 20, [20]), (162, 2, 20, [20]), (162, 3, 20, [20]), (162, 4, 20, [20]), (162, 4, 20, [20]), (190, 3, 6, [6]), (190, 7, 4, [4]), (261, 2, 1, [1]), (306, 9, 7, [7]), (306, 9, 7, [7]), (317, 2, 8, [8]), (352, 9, 8, [8])]
  EN "ibid 17:n" candidates: 0
  the union of rows (both files): 102 [(37, 16), (93, 6), (99, 2), (147, 1), (147, 2), (147, 3), (147, 4), (147, 5), (147, 6), (147, 7), (148, 1), (148, 2), (148, 3), (148, 4), (148, 5), (148, 6), (149, 1), (149, 3), (149, 4), (149, 5), (149, 6), (149, 7), (150, 1), (150, 2), (150, 3), (151, 1), (151, 2), (151, 3), (152, 1), (152, 2), (152, 3), (152, 4), (152, 5), (152, 6), (152, 7), (152, 8), (152, 9), (152, 10), (152, 11), (152, 12), (152, 14), (152, 15), (153, 1), (153, 2), (153, 3), (153, 4), (153, 5), (154, 1), (154, 2), (154, 3), (154, 4), (154, 5), (155, 1), (155, 3), (155, 4), (155, 5), (155, 6), (155, 7), (155, 8), (155, 9), (156, 1), (156, 2), (156, 3), (156, 4), (156, 5), (156, 6), (157, 1), (157, 2), (157, 3), (157, 4), (157, 5), (157, 6), (157, 7), (157, 8), (157, 9), (157, 10), (158, 1), (158, 2), (158, 3), (159, 1), (159, 3), (159, 4), (160, 1), (160, 2), (160, 3), (160, 5), (160, 6), (160, 7), (160, 8), (161, 1), (161, 2), (161, 3), (162, 1), (162, 2), (162, 3), (162, 4), (190, 3), (190, 7), (261, 2), (306, 9), (317, 2), (352, 9)]
  the rows OUTSIDE the spine piskaot (the union less the on-chapter piskaot 147 - 162 ): 9 [(37, 16), (93, 6), (99, 2), (190, 3), (190, 7), (261, 2), (306, 9), (317, 2), (352, 9)] | in-spine rows of the union: 93
  outside rows file bytes 16223
==== B. ONKELOS chapter 17 and the DB (the dump per DB verse; a shared export row printed at its first DB verse)
  the store's chapter 17 verses 20 | verses whose store token count differs from the DB: []
  token count chapter 17 : 368
  onkelos dump bytes 29470
==== C. THE PARSER on every verse of chapter 17
  17:2   N [1]                      O []             marked []
  17:6   N [2, 3, 1]                O []             marked []
  number-word tokens present per verse (the bare check against the parser): {'17:2': ['באחד'], '17:6': ['שנים', 'שלשה', 'אחד']}
  17:1 tokens: ['לא', 'תזבח', 'ליהוה', 'אלהיך', 'שור', 'ושה', 'אשר', 'יהיה', 'בו', 'מום', 'כל', 'דבר', 'רע', 'כי', 'תועבת', 'יהוה', 'אלהיך', 'הוא']
  17:2 tokens: ['כי', 'ימצא', 'בקרבך', 'באחד', 'שעריך', 'אשר', 'יהוה', 'אלהיך', 'נתן', 'לך', 'איש', 'או', 'אשה', 'אשר', 'יעשה', 'את', 'הרע', 'בעיני', 'יהוה', 'אלהיך', 'לעבר', 'בריתו']
  17:6 tokens: ['על', 'פי', 'שנים', 'עדים', 'או', 'שלשה', 'עדים', 'יומת', 'המת', 'לא', 'יומת', 'על', 'פי', 'עד', 'אחד']
  17:20 tokens: ['לבלתי', 'רום', 'לבבו', 'מאחיו', 'ולבלתי', 'סור', 'מן', 'המצוה', 'ימין', 'ושמאול', 'למען', 'יאריך', 'ימים', 'על', 'ממלכתו', 'הוא', 'ובניו', 'בקרב', 'ישראל']
==== D. CASE TOKENS, FRAMES, REGISTER, NAMES
  case tokens (כי "when/for" / אם "if" / ואם / או "or" / פן "lest"): {'17:1': ['כי'], '17:2': ['כי', 'או'], '17:3': ['או', 'או'], '17:5': ['או', 'או'], '17:6': ['או'], '17:8': ['כי'], '17:12': ['או'], '17:14': ['כי']}
  divine frames (ויאמר/וידבר + יהוה): []
  לאמר "saying" seats: []
  narrative-form verbs (V.w) per verse: {3: ['וילך', 'ויעבד', 'וישתחו']}
  first-person verb forms (1cs / 1cp) per verse: {3: [('צויתי', 'HVpp1cs')], 14: [('אשימה', 'HVqh1cs')]}
  imperatives (Vq.v / Vp.v / Vh.v) per verse: {}
  prohibitions לא + imperfect (the ten's form) per verse: {1: [('תזבח', 'HVqi2ms')], 3: [], 6: [('יומת', 'HVHi3ms')], 11: [('תסור', 'HVqi2ms')], 13: [('יזידון', 'HVhi3mp/Sn')], 15: [('תוכל', 'HVqi2ms')], 16: [('ירבה', 'HVhi3ms'), ('ישיב', 'HVhi3ms'), ('תספון', 'HVhi2mp/Sn')], 17: [('ירבה', 'HVhi3ms'), ('יסור', 'HVqi3ms'), ('ירבה', 'HVhi3ms')]}
  name tokens (Np): {1: ['ליהוה', 'יהוה'], 2: ['יהוה', 'יהוה'], 4: ['נעשתה', 'בישראל'], 8: ['יהוה'], 10: ['יהוה'], 12: ['יהוה', 'מישראל'], 14: ['יהוה'], 15: ['יהוה'], 16: ['מצרימה', 'ויהוה'], 19: ['יהוה'], 20: ['ישראל']}
  second-person plural vs singular (2mp / 2ms tokens per verse): {1: (0, 3), 2: (0, 4), 3: (0, 0), 4: (0, 3), 5: (0, 3), 6: (0, 0), 7: (0, 2), 8: (0, 5), 9: (0, 3), 10: (0, 4), 11: (0, 5), 12: (0, 2), 13: (0, 0), 14: (0, 5), 15: (0, 9), 16: (2, 0), 17: (0, 0), 18: (0, 0), 19: (0, 0), 20: (0, 0)}
==== E. THE REGISTER GATE on Deut 17
  dispositions naming Deut 17: []
  REGISTER_INDEX lines on Deut 17:
==== F. THE PRIOR READS
  ledgers with an Onkelos Deut 17 row: []
  prior Sifrei Devarim rows anywhere (strict form), those among the outside rows: [('deu_11_ekev_reeh_2026-09-20.md', 37, 16), ('deu_11_ekev_reeh_2026-09-20.md', 306, 9), ('deu_12_reeh_2026-09-20.md', 147, 2), ('deu_13_reeh_2026-09-21.md', 93, 6), ('deu_13_reeh_2026-09-21.md', 149, 1), ('deu_13_reeh_2026-09-21.md', 190, 7), ('deu_14_reeh_2026-09-21.md', 99, 2), ('deu_15_reeh_2026-09-22.md', 147, 3), ('deu_15_reeh_2026-09-22.md', 147, 4), ('deu_16_reeh_shoftim_2026-09-23.md', 147, 2)] | all prior rows count 1107
  ledgers NAMING a verse of Deut 17: 18
    ('chatat_topic_docket_2026-09-05.md', 1, ['Deut 17:19'])
    ('deu_01_03_devarim_exam_2026-09-15.md', 1, ['Deuteronomy 17:9'])
    ('deu_05_vaetchanan_exam_2026-09-16.md', 1, ['Deuteronomy 17:3'])
    ('gen_08_toledot_garden_first_rule_2026-08-24.md', 1, ['Deut 17:15'])
    ('lev_24_first_call_2026-09-05.md', 1, ['Deut 17:5'])
    ('lev_27_valuations_2026-09-05.md', 1, ['Deut 17:1'])
    ('num_04_07_naso_exam_2026-09-10.md', 3, ['Deut 17:11'])
    ('num_06_nazir_2026-09-09.md', 2, ['Deut 17:8'])
    ('num_15_mekoshesh_exam_2026-09-09.md', 1, ['Deut 17:7'])
    ('num_15_offerings_laws_2026-09-10.md', 5, ['Deut 17:14', 'Deut 17:2-3'])
    ('num_15_wood_tzitzit_2026-09-09.md', 2, ['Deut 17:7'])
    ('num_30_vows_2026-09-12.md', 1, ['Deuteronomy 17:8'])
    ('num_31_midian_exam_2026-09-12.md', 1, ['Deuteronomy 17:6'])
    ('num_33_journeys_exam_2026-09-12.md', 1, ['Deuteronomy 17:14'])
    ('num_34_borders_exam_2026-09-13.md', 1, ['Deuteronomy 17:5'])
    ('num_35_refuge_cities_2026-09-13.md', 2, ['Deuteronomy 17:6'])
    ('num_35_refuge_cities_exam_2026-09-13.md', 1, ['Deuteronomy 17:7'])
    ('sanctions_topic_docket_2026-09-05.md', 2, ['Deut 17:13', 'Deut 17:8-13'])
  ledgers with an Onkelos Lev 22 / Deut 15 / Deut 13 / Num 35 / Exod 18 / Deut 1 row (the kin's reading — the blemished offering Leviticus 22:17-25 and 15:21 for 17:1; the idolater's trial 13:7-12 and the two witnesses Numbers 35:30 for 17:2-7; the high court Exodus 18:13-26 and 1:9-18 for 17:8-13; the king's law — 1 Samuel 8 and 1 Kings 10-11 the run's cases, never rows): ['deu_01_03_devarim_2026-09-15.md', 'deu_13_reeh_2026-09-21.md', 'deu_15_reeh_2026-09-22.md', 'lev_22_holy_food_offerings_2026-09-05.md', 'num_35_refuge_cities_2026-09-13.md'] | ledgers with an Onkelos row of the Prophets (never read ahead — expected none): []
==== G. THE DRAFTS
  deu_16_festivals_judges: refs 16:1-22; steps (16, 1)..(16, 22) n=22; draft False; operators True; depends_on ['    - "deu_15_release_firstborn"\n    - "lev_23_spring_festivals"\n    - "lev_23_fall_festivals"\n']; scenarios 29; binary_trees True; step E True; comment lines 27
  deu_17_courts_king: refs 17:1-20; steps (17, 1)..(17, 20) n=20; draft True; operators False; depends_on ['    - "deu_16_festivals_judges"\n']; scenarios 27; binary_trees True; step E False; comment lines 24
    the step verses: [1, 2, 3, 4, 5, 6, 7, 8, 9, 10, 11, 12, 13, 14, 15, 16, 17, 18, 19, 20] | covers DB 20 ? True
  the units' claim prefixes present anywhere? {'DV17': 0, 'DV17A': 0, 'DV17B': 0, 'DV16': 2, 'DV18': 0}
  existing manifests deu_17*: [] | ledgers deu_*: ['deu_01_03_devarim_2026-09-15.md', 'deu_01_03_devarim_exam_2026-09-15.md', 'deu_04_vaetchanan_2026-09-16.md', 'deu_04_vaetchanan_exam_2026-09-16.md', 'deu_05_vaetchanan_2026-09-16.md', 'deu_05_vaetchanan_exam_2026-09-16.md', 'deu_06_vaetchanan_2026-09-17.md', 'deu_06_vaetchanan_exam_2026-09-17.md', 'deu_07_vaetchanan_ekev_2026-09-17.md', 'deu_07_vaetchanan_ekev_exam_2026-09-18.md', 'deu_08_ekev_2026-09-18.md', 'deu_08_ekev_exam_2026-09-19.md', 'deu_09_ekev_2026-09-19.md', 'deu_09_ekev_exam_2026-09-19.md', 'deu_10_ekev_2026-09-19.md', 'deu_10_ekev_exam_2026-09-20.md', 'deu_11_ekev_reeh_2026-09-20.md', 'deu_11_ekev_reeh_exam_2026-09-20.md', 'deu_12_reeh_2026-09-20.md', 'deu_12_reeh_exam_2026-09-20.md', 'deu_13_reeh_2026-09-21.md', 'deu_13_reeh_exam_2026-09-21.md', 'deu_14_reeh_2026-09-21.md', 'deu_14_reeh_exam_2026-09-21.md', 'deu_15_reeh_2026-09-22.md', 'deu_15_reeh_exam_2026-09-23.md', 'deu_16_reeh_shoftim_2026-09-23.md', 'deu_16_reeh_shoftim_exam_2026-09-23.md']
  unit count and standing (CORPUS_TRUTH literals): []
==== H. THE STORE'S GLOSSES on chapter 17
  gloss Counter (the 50 commonest): [('which', 18), ('obj-marker·et', 12), ('not', 9), ('YHWH', 9), ('God-you/your', 8), ('to-you/your', 7), ('or', 7), ('over', 7), ('to', 6), ('in-him/its', 5), ('word/thing', 5), ('make', 5), ('the-this', 5), ('all', 4), ('that', 4), ('the-bad', 4), ('the-word/thing', 4), ('the-he/it', 4), ('mouth', 4), ('and-not', 4), ('put/set', 4), ('multiply', 4), ('to-him/its', 4), ('be', 3), ('he/it', 3), ('the-man', 3), ('concretely', 3), ('the-people', 3), ('try', 3), ('the-priest', 3), ('from', 3), ('the-precept', 3), ('turn-aside', 3), ('king', 3), ('over-you/your', 3), ('so-that', 3), ('gate-you/your', 2), ('set', 2), ('man', 2), ('woman', 2), ('and-tell', 2), ('and-tread', 2), ('the-woman', 2), ('and-die', 2), ('die', 2), ('and-kindle', 2), ('between', 2), ('the-place', 2), ('the-Levite', 2), ('the-judge', 2)]
  gloss file bytes 10966
  overrides already for Deut.17: [] | by_ref last Deut.16 line: ['  "Deut.16.22:5": "hates"   # שנא']
==== I. THE SPINE ON THE CHAPTER — the Sifrei piskaot whose head is in chapter 17 (the spine on the chapter a ninth time), whole
  SPINE (computed from the heads): [147, 148, 149, 150, 151, 152, 153, 154, 155, 156, 157, 158, 159, 160, 161, 162] | contiguous? True | the heads by verse: [(147, 1), (148, 2), (149, 4), (150, 6), (151, 7), (152, 8), (153, 9), (154, 10), (155, 12), (156, 14), (157, 15), (158, 16), (159, 17), (160, 18), (161, 19), (162, 20)] | the heads before and after: {146: (16, 22), 163: (18, 1)}
  rows per piska (HE, EN): {147: (7, 7), 148: (10, 10), 149: (7, 7), 150: (3, 3), 151: (3, 3), 152: (15, 15), 153: (5, 5), 154: (5, 5), 155: (9, 9), 156: (6, 6), 157: (10, 10), 158: (4, 4), 159: (4, 4), 160: (8, 8), 161: (5, 5), 162: (5, 5)} | total HE rows 106 | HE == EN everywhere? True
  spine file bytes 68847 | bytes per piska HE+EN: {147: 6382, 148: 7199, 149: 4878, 150: 1310, 151: 815, 152: 4599, 153: 2270, 154: 1410, 155: 2143, 156: 2268, 157: 2769, 158: 1692, 159: 2814, 160: 3539, 161: 2979, 162: 2804}
  prior reads among the spine rows (any ledger): [('deu_04_vaetchanan_2026-09-16.md', 148, 8), ('deu_12_reeh_2026-09-20.md', 147, 2), ('deu_13_reeh_2026-09-21.md', 149, 1), ('deu_13_reeh_2026-09-21.md', 149, 2), ('deu_15_reeh_2026-09-22.md', 147, 3), ('deu_15_reeh_2026-09-22.md', 147, 4), ('deu_16_reeh_shoftim_2026-09-23.md', 147, 2)]
  the spine rows citing a verse of chapter 17 in the Hebrew (p, r, the export verses): [(147, 1, [1]), (148, 1, [2]), (148, 2, [5]), (148, 3, [5]), (148, 6, [3]), (149, 1, [4]), (149, 3, [5]), (149, 4, [2, 5]), (150, 1, [6]), (151, 1, [7]), (152, 1, [8]), (153, 1, [9]), (154, 1, [10]), (154, 2, [11]), (155, 1, [12]), (156, 1, [14]), (156, 5, [15]), (157, 1, [15]), (158, 1, [16]), (159, 1, [17]), (160, 1, [18]), (160, 3, [19]), (161, 1, [19]), (162, 1, [20])]
  the spine rows' own Hebrew citations (book, chapter, verse) by row: [(147, 1, [('דברים', 17, 1)]), (147, 2, [('דברים', 12, 17), ('דברים', 16, 5)]), (148, 1, [('דברים', 17, 2), ('דברים', 19, 15)]), (148, 2, [('דברים', 17, 5)]), (148, 3, [('דברים', 17, 5)]), (148, 6, [('דברים', 17, 3)]), (148, 7, [('דברים', 28, 14)]), (148, 8, [('דברים', 4, 19), ('דברים', 29, 25)]), (148, 9, [('ירמיה', 19, 5)]), (149, 1, [('דברים', 17, 4), ('דברים', 13, 15)]), (149, 3, [('דברים', 17, 5)]), (149, 4, [('דברים', 17, 5), ('דברים', 17, 2)]), (149, 7, [('ויקרא', 20, 27)]), (150, 1, [('דברים', 17, 6)]), (151, 1, [('דברים', 17, 7)]), (152, 1, [('דברים', 17, 8)]), (153, 1, [('דברים', 17, 9)]), (153, 4, [('קהלת', 7, 10)]), (154, 1, [('דברים', 17, 10)]), (154, 2, [('דברים', 17, 11)]), (155, 1, [('דברים', 17, 12)]), (156, 1, [('דברים', 17, 14)]), (156, 4, [('שמואל א', 8, 7)]), (156, 5, [('דברים', 17, 15)]), (156, 6, [('שמואל א', 8, 20)]), (157, 1, [('דברים', 17, 15)]), (158, 1, [('דברים', 17, 16)]), (159, 1, [('דברים', 17, 17)]), (159, 4, [('מלכים א', 10, 27)]), (160, 1, [('דברים', 17, 18)]), (160, 3, [('דברים', 17, 19)]), (161, 1, [('דברים', 17, 19), ('סנהדרין', 2, 4)]), (162, 1, [('דברים', 17, 20)]), (162, 5, [('מלכים א', 3, 13), ('מלכים א', 3, 14)])]
  the spine rows' English citations by row: [(147, 1, ['Dt.17:1', 'Dt.17:1']), (147, 2, ['Dt.12:17', 'Dt.16:5', 'Dt.17:1']), (147, 3, ['Dt.17:1', 'Dt.15:21']), (147, 4, ['Dt.15:21', 'Dt.17:1', 'Dt.15:21']), (147, 5, ['Dt.17:1']), (147, 6, ['Dt.17:1', 'Dt.17:1']), (147, 7, ['Dt.17:1']), (148, 1, ['Dt.17:2', 'Dt. 19:15', 'Dt.17:2']), (148, 2, ['Dt.17:2', 'Dt.17:5', 'Dt.17:2', 'Dt.17:5', 'Dt.17:5', 'Dt.17:2']), (148, 3, ['Dt.17:5']), (148, 4, ['Dt.17:2']), (148, 5, ['Dt.17:2']), (148, 6, ['Dt.17:3', 'Dt.17:3']), (148, 7, ['Dt.28:14']), (148, 8, ['Dt.4:19', 'Dt.29:25']), (148, 9, ['Jer.19:5', 'Jer.19:5', 'Jer.19:5']), (148, 10, ['Jer.19:5', 'Jer.19:5', 'Jer.19:5']), (149, 1, ['Dt.17:4', 'Dt.13:15', 'Dt.17:4', 'Dt.13:15', 'Dt.17:4']), (149, 2, ['Dt.13:15']), (149, 3, ['Dt.17:4', 'Dt.17:5']), (149, 4, ['Dt.17:5', 'Dt.17:2', 'Dt.17:5', 'Dt.17:2', 'Dt.17:2']), (149, 5, ['Dt.17:5']), (149, 6, ['Dt.17:5']), (149, 7, ['Dt.17:5', 'Lv.20:27', 'Dt.17:5']), (150, 1, ['Dt.17:6', 'Dt.17:6']), (150, 2, ['Dt.17:6']), (150, 3, ['Dt.17:6']), (151, 1, ['Dt.17:7']), (151, 2, ['Dt.17:7']), (151, 3, ['Dt.17:7']), (152, 1, ['Dt.17:8']), (152, 2, ['Dt.17:8']), (152, 3, ['Dt.17:8']), (152, 4, ['Dt.17:8']), (152, 5, ['Dt.17:8']), (152, 6, ['Dt.17:8']), (152, 7, ['Dt.17:8']), (152, 8, ['Dt.17:8', 'Lv.27:1-34']), (152, 9, ['Dt.17:8', 'Dt.21:1-9']), (152, 10, ['Dt.17:8']), (152, 11, ['Dt.17:8']), (152, 12, ['Dt.17:8']), (152, 14, ['Dt.17:10']), (152, 15, ['Dt.17:8']), (153, 1, ['Dt.17:9']), (153, 2, ['Dt.17:9']), (153, 3, ['Dt.17:9']), (153, 4, ['Dt.17:9', 'Ecc.7:10']), (153, 5, ['Dt.17:9']), (154, 1, ['Dt.17:10']), (154, 2, ['Dt.17:11']), (154, 3, ['Dt.17:11']), (154, 4, ['Dt.17:11']), (154, 5, ['Dt.17:11']), (155, 1, ['Dt.17:12']), (155, 3, ['Dt.17:12']), (155, 4, ['Dt.17:12']), (155, 5, ['Dt.17:12']), (155, 6, ['Dt.17:12']), (155, 7, ['Dt.17:12']), (155, 8, ['Dt.17:12']), (155, 9, ['Dt.17:12', 'Dt.22:1']), (156, 1, ['Dt.17:14']), (156, 2, ['Dt.17:14']), (156, 3, ['Dt.17:14']), (156, 4, ['Dt.17:14']), (156, 5, ['Dt.17:14']), (156, 6, ['Dt.17:14']), (157, 1, ['Dt.17:15']), (157, 2, ['Dt.17:15']), (157, 3, ['Dt.17:15']), (157, 4, ['Dt.17:15']), (157, 5, ['Dt.17:15']), (157, 6, ['Dt.17:15', 'Dt.17:15', 'Dt.17:15']), (157, 7, ['Dt.17:15']), (157, 8, ['Dt.17:15']), (157, 9, ['Dt.17:15']), (157, 10, ['Dt.17:15', 'Dt.31:10-13']), (158, 1, ['Dt.17:16', 'Dt.17:16']), (158, 2, ['Dt.17:16']), (158, 3, ['Dt.17:16']), (159, 1, ['Dt.17:17']), (159, 3, ['Dt.17:17', 'Dt.17:17']), (159, 4, ['Dt.17:17', 'Dt.17:17', 'Dt.17:17']), (160, 1, ['Dt.17:18']), (160, 2, ['Dt.17:17']), (160, 3, ['Dt.17:17', 'Dt.17:19', 'Dt.17:17']), (160, 4, ['Dt.31:10-13']), (160, 5, ['Dt.17:18', 'Dt.17:18', 'Dt.17:18']), (160, 6, ['Dt.17:18']), (160, 7, ['Dt.17:18']), (160, 8, ['Dt.17:18']), (161, 1, ['Dt.17:19', 'Dt.17:19']), (161, 2, ['Dt.17:19']), (161, 3, ['Dt.17:19', 'Dt.17:19']), (162, 1, ['Dt.17:20']), (162, 2, ['Dt.17:20']), (162, 3, ['Dt.17:20']), (162, 4, ['Dt.17:20', 'Dt.17:20'])]
  the spine rows with NO citation in either file: [(152, 13), (155, 2), (158, 4), (159, 2), (161, 4), (161, 5)]
  NO portion edge inside the chapter (Shoftim 16:18-21:9 holds it whole) — the heads by verse, and the verses of the chapter with no head: [1, 2, 4, 6, 7, 8, 9, 10, 12, 14, 15, 16, 17, 18, 19, 20] [3, 5, 11, 13]
