dropped (the store-, shelf- and Onkelos-bound lines): 0 []
the ink block: 38 lines, 20 asserts
part1 derived: 59375 bytes; helpers 3655, ink block 15848 (asserts 20); dropped 0 store-bound lines; the callees' facts 20920 bytes; TWIN_EXPECTED {'17:1 vs 15:21': 6, '17:4 vs 13:15': 9,
assembled <repo>/World/step9/cold_run_courts_prophet.py 289276 bytes; parts [59375, 47821, 50158, 95844] tail 36032
runner rc 0
MATRIX: 66/66 cells match the answer sheet
THE COMPILE OF CHAPTERS 17-18 (LEAN): the answer sheet REPRODUCED — 66/66
dependency rc 1
  FAIL EDGE courts_prophet -> refuge dispositioned CALL but no live import edge in cold_run_courts_prophet.py
  FAIL EDGE courts_prophet -> good_land dispositioned CALL but no live import edge in cold_run_courts_prophet.py
  FAIL POINTER Deut 18:2 AS_WHEN in courts_prophet ("כאשר דבר לו"): NO DISPOSITION
daemon rc 1
DAEMON GATE: 1 failure(s)
  FAIL daemon law_courts_prophet on 'diviners_barred': declared effects ['abominations_learning_barred', 'augur_barred', 'charmer_barred', 'diviner_barred', 'familiar_spirit_barred', 'ghost_consulting_barred', 'necromancer_barred', 'passing_through_fire_barred', 'soothsayer_barred', 'sorcerer_barred
  TOTAL submits 2865; HISTORY 1319; case rows 1491; statute 49; act/speech-on-tractate 6
recording: 3301 records written
  festivals_judges   worlds 1  total   5  HISTORY   0  case   0  statute  5  act/speech-on-tractate   0  unregistered 0
  courts_prophet     worlds 1  total   8  HISTORY   0  case   0  statute  8  act/speech-on-tractate   0  unregistered 0
PLACEMENT LITERAL: {'markers': {'text_constrained': 108, 'reading_placed': 49}, 'events': {'text_constrained': 110, 'page_order': 1181, 'reading_placed': 58}}
tape written into <repo>/World/step9/cold_run_sequence.py: 1732 lines
  CENSUS tuple (scanned, history, on tape, case, source-off, register-off, deduped, re-based, closes, markers, F, P, R, kinds, subjects): (2520, 1319, 1349, 1185, 6, 10, 9, 0, 71, 172, 131, 15, 26, 894, 272)
patched: import, DAEMON_ORDER, RUN (writes +37 read), PREVIOUS_RUN (no declared delta), NEWEST_RUNNER, PLACEMENT (read {'markers': {'text_constrained': 108, 'reading_placed': 49}, 'events': {'text_con
tape rc 1
  CHECKPOINT C1 the flood 150 days (7:24, 8:3) vs 7:11->8:4 [OPEN-4] DIVERGE
  CHECKPOINT C3a 430 years in Egypt (Exod 12:40) vs exodus-descent [OPEN-3] DIVERGE
  CHECKPOINT C3d-85 THE JOIN: the covenant placed at Abraham's 85 (bereshit_rabbah_46_2) + Exod 12:40's 430 against the exodus marker, creation year 2449 DIVERGE
  CHECKPOINT C3c-literal the descent-literal setting against the bound DIVERGE  within [0, 350]
  CHECKPOINT C4 Shem 100 at Arpachshad, 2 years after the flood (11:10) vs 5:32 DIVERGE
  CHECKPOINT C10 Methuselah 7 days before the flood (Sanhedrin 108b:5) DIVERGE
  CHECKPOINT CS0 the ark = born + 3 months (2:2) vs the sixth of Sivan (Sotah 12b:16-17) DIVERGE
  CHECKPOINT CS1 the exodus day's weekday by the creation count vs Shabbat 87b:2 (Thursday = 5) DIVERGE
  CHECKPOINT CS4 the manna's first morning (16 Iyar) a Sunday by the shelf (Shabbat 87b:5) vs the creation count DIVERGE
  CHECKPOINT CD8 the Sifrei's THIRTEEN utterances "to Moses and to Aaron" (58:1 — thirteen exclusions of Aaron read at 7:89) against the frame census of the LORD speaking to Moses and to Aaron, Exodus-Numbers (computed; 
  CHECKPOINT CE3 the month of flesh (11:20) FIRED against the Hazeroth marker (2, 3, 22) — the machine's thirty days from the twenty-third against the tradition's inclusive count with a full Iyar (Taanit 29a:3-5): DIVERG
  CHECKPOINT CE8 the LORD going down: the Sifrei's "ten descents are written" (93:1) against the ink's ELEVEN tokens (sitting 3's measurement, the row descents) — DIVERGE expected, OPEN DIVERGE
  CHECKPOINT CF2 the forty days' timer (13:3-25) FIRED against the return marker (2, 5, 9) — the machine's forty from the twenty-ninth against the baraita's Ninth of Av (Taanit 29a:5): DIVERGE by one expected, the inclus
  CHECKPOINT CF6 the ink's "these ten times" (14:22; Pirkei Avot 5:4) against the ledger's tested_the_lord count on Israel at the decree — the exodus story's six murmurings and this sitting's tenth; the calf and the quai
  CHECKPOINT CK4 KORACH'S DEATH-MODE — 26:10 adds "and Korach" among the swallowed (declared True) against 16:32's "every person who belonged to Korach" (Korach named there: False — the name קרח, "Korach", absent from th
  CHECKPOINT CM5 MIRIAM'S DAY — the tape's buried on the arrival's day (40, 1, 1) against the shelf's tenth of Nisan (Seder Olam Rabbah 10:2; the row miriam_death_day): DIVERGE by nine days expected, OPEN — the ink gives
  CHECKPOINT CP8 JOCHEBED'S ROW — the named row "born to Levi in Egypt" as of Num 26:57-62 (26:59's subjectless "bore her"); the Joseph runner's seventy cell by CALL names her the missing one; CJ3b's verdict DIVERGE unch
  CHECKPOINT CA8 THE COMMISSION AND THE PLEA — invested_office on yehoshua ONE (27:22-23) with the commission debit on Moses ONE CLOSED (closed_by beginning "Num 27:22"); see_the_land_from_abarim on Moses ONE OPEN; plea_
  CHECKPOINT DE4 THE HOLES — the effects naming the false prophet's hearing, the LORD's testing, Israel's hearing and fearing, the condemned city's inquiry or the devoted thing's cleaving on israel_people are this sittin
  CHECKPOINT DG7 THE REGISTER AND THE EDGES — NO register seat at Deut 15 (the reading's finder: no receipt, no header, no footer, no count line; 15:2's "this is the word of" and 15:6's "as He spoke" each outside the for
  CHECKPOINT DI1 THE LINES — eight events on the tape AFTER the tape's last Deuteronomy 16 line, in the ink's order (17:1, 17:2, 17:8, 17:14, 18:1, 18:6, 18:9, 18:15), all page_order on the counter's day (40, 11, 1), no 
  CHECKPOINT DI2 THE WRITES — the thirty-seven NEW ONE each on israel_people with their lines' first verses (17:1 one, 17:2 four, 17:8 three, 17:14 eight, 18:1 three, 18:6 two, 18:9 eleven, 18:15 five); the twenty blocks
  CHECKPOINT DI3 THE READBACK — THE FORMS ON FILE, NO NEW FORM: the_readback's rows FORTY-TWO, one per verse (the census from the runner's print: SUPPLIED 12, VARIANT 22, EXPANDED 5, VERBATIM 2, SHORTENED 1), every refer
  CHECKPOINT DI4 THE KIN AND THE HOLES — israel_hears_and_fears ONE, false_prophet_hearing_barred ONE, tested_by_the_lord ONE, condemned_city_inquiry_required ONE, courts_established ONE, bribe_barred ONE on israel_peopl
checkpoint_check: 326 rows, 19 miss, 0 raised — the tape stepped to its end in 26s
tape chain rc 0
scan census rc 0
