  'concretely': 2 families, 17 tokens: [('עד', 12), ('עדים', 5)]
  'the-concretely': 2 families, 2 tokens: [('העד', 1), ('העדים', 1)]
  'and-kindle': 3 families, 13 tokens: [('ובערת', 10), ('ובער', 2), ('ותבער', 1)]
  'goad': 5 families, 7 tokens: [('ילמדו', 2), ('תלמד', 2), ('ילמד', 1), ('למדתי', 1), ('מלמד', 1)]
  'try': 5 families, 33 tokens: [('יבחר', 25), ('בחר', 5), ('אבחר', 1), ('בחור', 1), ('בחרו', 1)]
  'smoothness': 2 families, 12 tokens: [('חלק', 9), ('חלקת', 3)]
  'like-smoothness': 1 families, 1 tokens: [('כחלק', 1)]
  'scion': 2 families, 18 tokens: [('שבט', 12), ('שבטי', 6)]
  'scion-you/your': 1 families, 2 tokens: [('שבטיך', 2)]
  'the-die': 2 families, 9 tokens: [('המתים', 5), ('המת', 4)]
  'dark': 1 families, 1 tokens: [('שמאל', 1)]
  'and-dark': 2 families, 7 tokens: [('ושמאול', 5), ('ושמאל', 2)]
  'seethe': 3 families, 3 tokens: [('זדו', 1), ('יזד', 1), ('יזיד', 1)]
  'seethe-suffix': 1 families, 1 tokens: [('יזידון', 1)]
  'hinder': 5 families, 54 tokens: [('אחרים', 23), ('אחר', 19), ('אחרות', 5), ('אחרת', 5), ('אחרנים', 2)]
  'mumble': 1 families, 2 tokens: [('אוב', 2)]
  'stain': 1 families, 14 tokens: [('מום', 14)]
  'something-disgusting': 2 families, 17 tokens: [('תועבת', 11), ('תועבה', 6)]
  'the-something-disgusting': 3 families, 7 tokens: [('התועבת', 4), ('התועבה', 2), ('התועבות', 1)]
  'like-something-disgusting': 1 families, 1 tokens: [('כתועבת', 1)]
  'in-arrogance': 1 families, 2 tokens: [('בזדון', 2)]
  'flow-as-water-you/your': 1 families, 2 tokens: [('יורוך', 2)]
  'the-precept': 2 families, 27 tokens: [('התורה', 26), ('התורת', 1)]
  'covered': 2 families, 3 tokens: [('כסוי', 2), ('כסא', 1)]
  'repetition': 1 families, 5 tokens: [('משנה', 5)]
  'and-grave': 6 families, 15 tokens: [('ויכתב', 6), ('וכתב', 4), ('וכתבת', 2), ('ואכתב', 1), ('ויכתבו', 1), ('וכתבתי', 1)]
  'writing': 1 families, 7 tokens: [('ספר', 7)]
  'fire-offering': 2 families, 52 tokens: [('אשה', 45), ('אשי', 7)]
  'the-arm': 1 families, 2 tokens: [('הזרע', 2)]
  'and-the-paunch': 1 families, 1 tokens: [('והקבה', 1)]
  'and-the-cheek': 1 families, 1 tokens: [('והלחיים', 1)]
  'must-you/your': 1 families, 2 tokens: [('תירשך', 2)]
  'increase-you/your': 1 families, 5 tokens: [('דגנך', 5)]
  'to-attend-as-a-menial': 1 families, 10 tokens: [('לשרת', 10)]
  'and-attend-as-a-menial': 3 families, 5 tokens: [('וישרת', 2), ('ושרת', 2), ('ושרתו', 1)]
  'turn-aside-from-the-road': 9 families, 14 tokens: [('יגור', 5), ('גר', 2), ('אגור', 1), ('גור', 1), ('גרו', 1), ('גרתה', 1), ('גרתי', 1), ('תגור', 1)]
  'longing': 2 families, 6 tokens: [('אות', 4), ('תאוה', 2)]
  'merchandise-him/its': 2 families, 5 tokens: [('ממכרו', 4), ('ממכריו', 1)]
  'lot': 1 families, 2 tokens: [('קסם', 2)]
  'distribute': 1 families, 2 tokens: [('קסמים', 2)]
  'act-covertly': 3 families, 3 tokens: [('מעונן', 1), ('מעננים', 1), ('תעוננו', 1)]
  'and-hiss': 1 families, 1 tokens: [('ומנחש', 1)]
  'and-whisper-aspell': 1 families, 1 tokens: [('ומכשף', 1)]
  'and-join': 3 families, 8 tokens: [('וחברת', 3), ('ויחבר', 3), ('וחבר', 2)]
  'society': 1 families, 1 tokens: [('חבר', 1)]
  'and-knowing-one': 1 families, 1 tokens: [('וידעני', 1)]
  'and-tread': 3 families, 5 tokens: [('ודרשת', 3), ('ודרש', 1), ('ודרשו', 1)]
  'tread': 8 families, 17 tokens: [('דרש', 5), ('אדרש', 3), ('דרך', 2), ('תדרך', 2), ('תדרש', 2), ('נדרש', 1), ('תדרכו', 1), ('תדרשו', 1)]
  'entire': 5 families, 47 tokens: [('תמים', 19), ('תמימם', 19), ('תמימה', 7), ('תמימים', 1), ('תמימת', 1)]
  "form-of-the-prefix-'k-'-me/my": 1 families, 3 tokens: [('כמני', 3)]
  "form-of-the-prefix-'k-'-you/your": 2 families, 9 tokens: [('כמוך', 7), ('כמכה', 2)]
  'the-assemblage': 1 families, 17 tokens: [('הקהל', 17)]
  'add': 13 families, 29 tokens: [('יסף', 9), ('אסף', 4), ('תסף', 4), ('יסיף', 2), ('יספו', 2), ('יוסף', 1), ('יוספו', 1), ('יספה', 1)]
  'add-suffix': 2 families, 4 tokens: [('תספון', 3), ('תאספון', 1)]
  '?': 28 families, 350 tokens: [('אני', 152), ('אנכי', 127), ('בית', 17), ('באר', 8), ('בעל', 7), ('לחי', 3), ('פוטי', 3), ('פי', 3)]
  'particle-of-affirmation': 1 families, 41 tokens: [('אך', 41)]
  'leanness': 1 families, 39 tokens: [('רק', 39)]
  'and-depress': 8 families, 39 tokens: [('וישתחו', 15), ('וישתחוו', 12), ('והשתחוית', 4), ('והשתחוו', 2), ('והשתחויתם', 2), ('ותשתחוין', 2), ('ואשתחוה', 1), ('ונשתחוה', 1)]
  'be--make-well': 7 families, 23 tokens: [('ייטב', 10), ('היטב', 6), ('היטיבו', 2), ('תיטיב', 2), ('איטיב', 1), ('היטיב', 1), ('ייטיב', 1)]
  'stability': 1 families, 5 tokens: [('אמת', 5)]
  'be-erect': 5 families, 10 tokens: [('נכון', 5), ('נכנים', 2), ('הכנתי', 1), ('כוננו', 1), ('תכין', 1)]
  'and-be-weighty-them/their': 1 families, 1 tokens: [('וסקלתם', 1)]
  'perhaps-to-separate': 2 families, 5 tokens: [('יפלא', 3), ('נפלאת', 2)]
  'blood--of-man': 3 families, 39 tokens: [('דם', 30), ('דמים', 6), ('דמי', 3)]
  'to-blood--of-man': 1 families, 6 tokens: [('לדם', 6)]
  'judgement': 1 families, 1 tokens: [('דין', 1)]
  'to-judgement': 1 families, 1 tokens: [('לדין', 1)]
  'blow': 3 families, 22 tokens: [('נגע', 20), ('אריח', 1), ('נגעים', 1)]
  'to-blow': 2 families, 3 tokens: [('לנגע', 2), ('להריח', 1)]
  'contest': 3 families, 6 tokens: [('ריב', 4), ('רב', 1), ('ריבת', 1)]
  'in-first': 4 families, 8 tokens: [('בראשנה', 4), ('בראשון', 2), ('בראשונה', 1), ('בראשן', 1)]
  'in-hinder': 1 families, 2 tokens: [('באחרנה', 2)]
  'be-high-actively': 12 families, 24 tokens: [('תרימו', 5), ('ירים', 4), ('ירימו', 3), ('רמה', 3), ('הרימתי', 2), ('הורם', 1), ('הרימו', 1), ('הרם', 1)]
  'dominion-him/its': 1 families, 3 tokens: [('ממלכתו', 3)]
  'to-failure-of': 1 families, 18 tokens: [('לבלתי', 18)]
  'and-to-failure-of': 1 families, 2 tokens: [('ולבלתי', 2)]
  'be--long': 5 families, 6 tokens: [('תאריכו', 2), ('ארכו', 1), ('יאריך', 1), ('יאריכו', 1), ('תאריך', 1)]
  'strange': 3 families, 5 tokens: [('נכרי', 2), ('נכריה', 2), ('נכריות', 1)]
  'Egypt-suffix': 1 families, 27 tokens: [('מצרימה', 27)]
  'eat-suffix': 2 families, 3 tokens: [('יאכלון', 2), ('תאכלון', 1)]
  'hear-suffix': 2 families, 8 tokens: [('ישמעון', 4), ('תשמעון', 4)]
  'and-in-circumstance': 1 families, 1 tokens: [('ובגלל', 1)]
  'possess/inherit': 13 families, 17 tokens: [('רש', 3), ('יורש', 2), ('יירש', 2), ('אוריש', 1), ('יירשו', 1), ('ירשו', 1), ('ירשים', 1), ('ירשנו', 1)]
  'the-judge': 2 families, 5 tokens: [('השפט', 4), ('השפטים', 1)]
  'the-priest': 2 families, 255 tokens: [('הכהן', 235), ('הכהנים', 20)]
  'to-priest': 2 families, 18 tokens: [('לכהן', 16), ('לכהנים', 2)]
  'to-pass-over': 2 families, 4 tokens: [('לעבר', 3), ('להעביר', 1)]
  'pass-over': 19 families, 81 tokens: [('עבר', 15), ('עברים', 13), ('תעבר', 9), ('יעבר', 8), ('אעברה', 5), ('נעבר', 4), ('עברנו', 4), ('אעבר', 3)]
  'in-nearest-part-you/your': 1 families, 14 tokens: [('בקרבך', 14)]
  'from-nearest-part': 1 families, 18 tokens: [('מקרב', 18)]
  'from-nearest-part-you/your': 1 families, 12 tokens: [('מקרבך', 12)]
  'in-nearest-part': 1 families, 14 tokens: [('בקרב', 14)]
  'word/thing': 3 families, 100 tokens: [('דבר', 60), ('דברי', 35), ('דברים', 5)]
  'the-word/thing': 2 families, 107 tokens: [('הדבר', 63), ('הדברים', 44)]
  'word/thing-me/my': 1 families, 7 tokens: [('דברי', 7)]
  'in-word/thing': 2 families, 4 tokens: [('בדבר', 3), ('בדברי', 1)]
  'speak-him/its': 1 families, 4 tokens: [('דברו', 4)]
  'command-him/its': 4 families, 7 tokens: [('צוהו', 4), ('אצונו', 1), ('צויתיו', 1), ('צותו', 1)]
  'in-name-me/my': 1 families, 3 tokens: [('בשמי', 3)]
  'in-name': 3 families, 18 tokens: [('בשם', 16), ('בשמות', 1), ('בשמת', 1)]
  'and-tell': 13 families, 33 tokens: [('ויגד', 16), ('ואגידה', 2), ('ויגדו', 2), ('ויגידו', 2), ('ונגד', 2), ('ותגד', 2), ('והגד', 1), ('והגדת', 1)]
  'to-die-him/its': 1 families, 3 tokens: [('להמיתו', 3)]
  'and-die': 12 families, 88 tokens: [('וימת', 41), ('ומת', 22), ('ומתו', 9), ('ותמת', 5), ('וימתו', 4), ('והומת', 1), ('והמית', 1), ('והמתה', 1)]
  'die': 23 families, 162 tokens: [('יומת', 33), ('מות', 31), ('ימות', 20), ('מת', 20), ('יומתו', 9), ('ימתו', 9), ('נמות', 7), ('אמות', 4)]
  'multiply': 12 families, 32 tokens: [('ירבה', 10), ('הרבה', 6), ('ארבה', 4), ('תרבה', 3), ('תרבו', 2), ('הרבו', 1), ('הרבות', 1), ('ירב', 1)]
  'put/set': 13 families, 41 tokens: [('שם', 10), ('תשים', 6), ('ישים', 4), ('שים', 4), ('שמתי', 4), ('שימו', 3), ('תשימו', 3), ('שמו', 2)]
  'set': 19 families, 300 tokens: [('נתן', 109), ('נתתי', 44), ('יתן', 42), ('תתן', 31), ('אתן', 21), ('תתנו', 20), ('נתנים', 5), ('נתתה', 4)]
  'to-set': 1 families, 37 tokens: [('לתת', 37)]
  'be-able': 10 families, 59 tokens: [('אוכל', 13), ('תוכל', 11), ('יכלו', 10), ('יוכל', 9), ('נוכל', 7), ('יכל', 3), ('יכלה', 2), ('יכלת', 2)]
  'return': 26 families, 69 tokens: [('ישוב', 9), ('שוב', 9), ('השב', 6), ('ישיב', 6), ('תשוב', 5), ('השיב', 4), ('תשבו', 3), ('אשוב', 2)]
  'the-bad': 4 families, 32 tokens: [('הרע', 21), ('הרעה', 9), ('הרעות', 1), ('הרעים', 1)]
  'bad': 5 families, 42 tokens: [('רע', 19), ('רעה', 13), ('רעות', 6), ('רעים', 3), ('רעת', 1)]
  'make': 22 families, 461 tokens: [('עשה', 116), ('תעשה', 97), ('יעשה', 51), ('תעשו', 49), ('עשו', 46), ('אעשה', 21), ('עשית', 20), ('עשיתי', 13)]
  'the-man': 2 families, 110 tokens: [('האיש', 65), ('האנשים', 45)]
  'the-woman': 2 families, 48 tokens: [('האשה', 40), ('הנשים', 8)]
  'and-fear': 7 families, 23 tokens: [('וייראו', 7), ('ויראו', 5), ('ויראת', 5), ('ויירא', 3), ('ואירא', 1), ('ונורא', 1), ('ותיראן', 1)]
  'arise': 22 families, 63 tokens: [('יקום', 15), ('קום', 12), ('הקים', 5), ('תקים', 4), ('יקומו', 3), ('קומו', 3), ('אקים', 2), ('הקמתי', 2)]
  'alive-him/its': 1 families, 2 tokens: [('חייו', 2)]
  'and-call': 11 families, 133 tokens: [('ויקרא', 90), ('ותקרא', 20), ('ויקראו', 6), ('וקרא', 4), ('ואקרא', 3), ('וקראת', 3), ('וקראתי', 2), ('וקראתם', 2)]
  'in-him/its': 1 families, 133 tokens: [('בו', 133)]
  'over': 2 families, 995 tokens: [('על', 987), ('עלי', 8)]
  'mouth': 2 families, 55 tokens: [('פי', 51), ('פה', 4)]
  'over-you/your': 1 families, 31 tokens: [('עליך', 31)]
  'gate-you/your': 1 families, 11 tokens: [('שעריך', 11)]
  'in-gate-you/your': 1 families, 17 tokens: [('בשעריך', 17)]
  'the-nation': 2 families, 33 tokens: [('הגוים', 27), ('הגוי', 6)]
  'circle-me/my': 1 families, 1 tokens: [('סביבתי', 1)]
  'brother-you/your': 1 families, 55 tokens: [('אחיך', 55)]
  'brother-him/its': 1 families, 94 tokens: [('אחיו', 94)]
  'from-brother-him/its': 1 families, 5 tokens: [('מאחיו', 5)]
  'from-brother-you/your': 1 families, 3 tokens: [('מאחיך', 3)]
  'from-with': 2 families, 61 tokens: [('מאת', 45), ('מעם', 16)]
  'with': 2 families, 127 tokens: [('את', 66), ('עם', 61)]
  'in-Horeb': 1 families, 7 tokens: [('בחרב', 7)]
  'voice/sound': 2 families, 31 tokens: [('קול', 28), ('קלת', 3)]
  'the-great': 6 families, 39 tokens: [('הגדל', 18), ('הגדול', 8), ('הגדלה', 6), ('הגדלים', 3), ('הגדלת', 3), ('הגדולה', 1)]
  'the-fire': 1 families, 28 tokens: [('האש', 28)]
  'see': 23 families, 146 tokens: [('ראה', 29), ('יראה', 15), ('ראו', 15), ('תראה', 14), ('ראיתי', 10), ('נראה', 9), ('אראה', 7), ('יראו', 7)]
  'still/again': 2 families, 73 tokens: [('עוד', 71), ('עד', 2)]
  'so': 1 families, 151 tokens: [('כן', 151)]
  'the-Levite': 2 families, 58 tokens: [('הלוים', 50), ('הלוי', 8)]
  'Levi': 1 families, 27 tokens: [('לוי', 27)]
  'Israel': 1 families, 547 tokens: [('ישראל', 547)]
  'in-Israel': 1 families, 22 tokens: [('בישראל', 22)]
  'from-Israel': 1 families, 9 tokens: [('מישראל', 9)]
  'the-heavens': 1 families, 73 tokens: [('השמים', 73)]
  'host': 2 families, 30 tokens: [('צבא', 29), ('צבאות', 1)]
  'and-work/serve': 7 families, 22 tokens: [('ועבדת', 5), ('ועבדתם', 4), ('ויעבד', 3), ('ויעבדו', 3), ('ונעבדה', 3), ('ועבדו', 3), ('ועבד', 1)]
  'and-go': 12 families, 92 tokens: [('וילך', 41), ('וילכו', 20), ('ותלך', 9), ('ואלכה', 5), ('ולכו', 5), ('ולך', 4), ('ואולך', 2), ('ונלכה', 2)]
  'beginning': 1 families, 11 tokens: [('ראשית', 11)]
  'and-beginning': 1 families, 2 tokens: [('וראשית', 2)]
  'fleece': 1 families, 1 tokens: [('גז', 1)]
  'flock-you/your': 1 families, 11 tokens: [('צאנך', 11)]
  'and-inheritance': 1 families, 7 tokens: [('ונחלה', 7)]
  'inheritance-him/its': 1 families, 15 tokens: [('נחלתו', 15)]
  'and-inheritance-him/its': 1 families, 1 tokens: [('ונחלתו', 1)]
  'the-sacrifice': 1 families, 2 tokens: [('הזבח', 2)]
  'slaughter-an-animal': 9 families, 20 tokens: [('תזבח', 5), ('יזבחו', 3), ('תזבחו', 3), ('זבח', 2), ('נזבח', 2), ('נזבחה', 2), ('זבחו', 1), ('זבחי', 1)]
  'bullock': 3 families, 72 tokens: [('פר', 32), ('שור', 24), ('פרים', 16)]
  'member-of-a-flock': 1 families, 15 tokens: [('שה', 15)]
  'and-member-of-a-flock': 1 families, 4 tokens: [('ושה', 4)]
  'if': 1 families, 154 tokens: [('אם', 154)]
  'that': 1 families, 952 tokens: [('כי', 952)]
  'and-that': 1 families, 50 tokens: [('וכי', 50)]
  'which': 1 families, 1650 tokens: [('אשר', 1650)]
  'and-which': 1 families, 32 tokens: [('ואשר', 32)]
  'or': 1 families, 256 tokens: [('או', 256)]
  'not': 3 families, 950 tokens: [('לא', 947), ('לוא', 2), ('אל', 1)]
  'and-not': 1 families, 358 tokens: [('ולא', 358)]
  'to-you/your': 2 families, 363 tokens: [('לך', 302), ('אליך', 61)]
  'to-him/its': 2 families, 466 tokens: [('לו', 343), ('אליו', 123)]
  'to-them/their': 7 families, 280 tokens: [('להם', 164), ('אלהם', 84), ('אליהם', 17), ('להן', 6), ('למו', 6), ('אליהן', 2), ('אלהן', 1)]
  'the-prophet': 1 families, 5 tokens: [('הנביא', 5)]
  'prophet': 2 families, 6 tokens: [('נביא', 5), ('נביאים', 1)]
  'the-people': 2 families, 235 tokens: [('העם', 215), ('העמים', 20)]
  'the-this': 2 families, 279 tokens: [('הזה', 195), ('הזאת', 84)]
  'the-these': 2 families, 88 tokens: [('האלה', 80), ('האל', 8)]
  'the-he/it': 2 families, 122 tokens: [('ההוא', 121), ('ההיא', 1)]
  'the-they': 2 families, 13 tokens: [('ההם', 12), ('ההמה', 1)]
  'YHWH': 1 families, 1525 tokens: [('יהוה', 1525)]
  'to-YHWH': 1 families, 255 tokens: [('ליהוה', 255)]
  'and-YHWH': 1 families, 22 tokens: [('ויהוה', 22)]
  'God-you/your': 1 families, 252 tokens: [('אלהיך', 252)]
  'God-him/its': 1 families, 12 tokens: [('אלהיו', 12)]
  'God-me/my': 1 families, 6 tokens: [('אלהי', 6)]
  'God': 2 families, 290 tokens: [('אלהים', 228), ('אלהי', 62)]
the chapters' glosses ALREADY rewritten by the earlier walks' by-gloss overrides: ['?', 'Egypt-suffix', 'God-you/your', 'and-dark', 'and-depress', 'and-oil-you/your', 'and-to-failure-of', 'and-tread', 'be--make-well', 'blood--of-man', 'brother-him/its', 'brother-you/your', 'concretely', 'flock-you/your', "form-of-the-prefix-'k-'-you/your", 'from-brother-you/your', 'from-face-you/your', 'from-nearest-part', 'from-nearest-part-you/your', 'from-with', 'from-you/your', 'gate-you/your', 'goad', 'hear-suffix', 'hinder', 'in-gate-you/your', 'in-hinder', 'in-nearest-part', 'in-nearest-part-you/your', 'in-one', 'increase-you/your', 'inheritance-him/its', 'inquire', 'leanness', 'like-all', 'like-as/which', 'longing', 'must-you/your', 'particle-of-affirmation', 'scion-you/your', 'something-disgusting', 'stability', 'stain', 'the-assemblage', 'the-enactment', 'the-he/it', 'the-precept', 'the-these', 'to-blood--of-man', 'to-die-him/its', 'to-failure-of', 'to-make-them/their', 'to-say', 'to-set', 'try', 'word/thing-me/my']
by_gloss total 823 | by_ref total 1524 | the last by_ref line:   "Deut.16.22:5": "hates"   # שנא | sitting 14 marker present: True | sitting 14 by_gloss rows: 1
