==== A0. THE TWO DIVISIONS — the export's chapter 18 against the DB's
  DB verses 22 | export verses HE 22 EN 22 | per-chapter export lengths vs DB, chapters 1-18: [(5, 30, 33)]
  the alignment cost 14 | export verses mapped to MORE THAN ONE DB verse: {}
  the offset per export verse (DB minus export, the first DB verse of each): Counter({0: 22}) | the runs: [(1, 1, 1), (16, 16, 16), (17, 17, 17), (18, 18, 18), (19, 19, 19)]
  the shared export verse against its DB verses (tokens, negations): []
==== A. THE SHELF BY POSITION — the Sifrei on Deuteronomy around chapter 18
  piskaot 357 357 rows 2357 2357
  heads 145-181 (HE first citation | rows | EN first quote):
   145 head (16, 21) | HE rows  4 EN rows  4 | 'Do not plant for yourself an Asherah of any wood'
   146 head (16, 22) | HE rows  1 EN rows  1 | 'Neither shall you erect for yourself a pillar'
   147 head (17, 1) | HE rows  7 EN rows  7 | 'Do not slaughter for HASHEM your God an ox or a sheep'
   148 head (17, 2) | HE rows 10 EN rows 10 | 'When there is found among you'
   149 head (17, 4) | HE rows  7 EN rows  7 | 'And it is reported to you, and you have heard it,38Heb: sham'
   150 head (17, 6) | HE rows  3 EN rows  3 | 'By the testimony of two witnesses or three witnessesshall th'
   151 head (17, 7) | HE rows  3 EN rows  3 | 'The hand of the witnesses shall be the first at him,to execu'
   152 head (17, 8) | HE rows 15 EN rows 15 | 'If you are bedazzled'
   153 head (17, 9) | HE rows  5 EN rows  5 | 'And when you reach'
   154 head (17, 10) | HE rows  5 EN rows  5 | 'And you shall behave according to the ruling'
   155 head (17, 12) | HE rows  9 EN rows  9 | 'As for the man who acts in defiance'
   156 head (17, 14) | HE rows  6 EN rows  6 | 'When you enter into the Land'
   157 head (17, 15) | HE rows 10 EN rows 10 | 'You should indeed place over yourself a king'
   158 head (17, 16) | HE rows  4 EN rows  4 | 'But—he is not to have himself many horses'
   159 head (17, 17) | HE rows  4 EN rows  4 | 'And he is not to have himself many wives'
   160 head (17, 18) | HE rows  8 EN rows  8 | 'Now, when he occupies the throne of his kingdom'
   161 head (17, 19) | HE rows  5 EN rows  5 | 'And it shall remain with him, and he shall read in it, all t'
   162 head (17, 20) | HE rows  5 EN rows  5 | 'So that he might not esteem himself above his brothers'
   163 head (18, 1) | HE rows  4 EN rows  4 | 'The levitical Priests—all the tribe of Levi—shall have no sh'
   164 head (18, 2) | HE rows  3 EN rows  3 | 'An inheritance he shall not have'
   165 head (18, 3) | HE rows 14 EN rows 14 | 'Now, this shall be the compensation of the Priests from the '
   166 head (18, 4) | HE rows  9 EN rows  9 | 'The finest of your grain, your must, and your oil'
   167 head (18, 5) | HE rows  2 EN rows  2 | 'For, HASHEM your God chose him from among all your tribesto '
   168 head (18, 6) | HE rows  4 EN rows  4 | 'Now, should the Levite149Heb: halewi. The Levite at issue he'
   169 head (18, 7) | HE rows  3 EN rows  3 | 'Then he shall serve . . . like all his levitical brotherswho'
   170 head (18, 9) | HE rows  3 EN rows  3 | 'When you enter into the Land'
   171 head (18, 10) | HE rows 11 EN rows 11 | 'There shall not be found among you'
   172 head (18, 11) | HE rows  5 EN rows  5 | 'Or a charm-trafficker'
   173 head (18, 12) | HE rows  4 EN rows  4 | 'Indeed, all who commit these acts are abominable to HASHEM'
   174 head (18, 14) | HE rows  2 EN rows  2 | 'For these nations which you are dispossessing'
   175 head (18, 15) | HE rows  2 EN rows  2 | 'A prophet from your midst'
   176 head (18, 16) | HE rows  5 EN rows  5 | 'According to all you asked from HASHEM my God at Horeb'
   177 head (18, 19) | HE rows  1 EN rows  1 | 'Now, as for the person who does not obey my words'
   178 head (18, 20) | HE rows  3 EN rows  3 | 'But the prophet so defiant as to speak a word in My Namewhic'
   179 head (19, 1) | HE rows  2 EN rows  2 | 'When HASHEM your God cuts down the gentiles'
   180 head (19, 2) | HE rows  8 EN rows  8 | 'Pisq’a 180206H: 204; JN2: 60.1. You shall designate for your'
   181 head (19, 4) | HE rows  6 EN rows  6 | 'Now, this rule is applied to the unwitting killer'
  heads whose chapter is 18 : [(163, (18, 1)), (164, (18, 2)), (165, (18, 3)), (166, (18, 4)), (167, (18, 5)), (168, (18, 6)), (169, (18, 7)), (170, (18, 9)), (171, (18, 10)), (172, (18, 11)), (173, (18, 12)), (174, (18, 14)), (175, (18, 15)), (176, (18, 16)), (177, (18, 19)), (178, (18, 20))] | heads by chapter 1-18: [(1, 24), (3, 4), (6, 6), (11, 21), (12, 20), (13, 14), (14, 14), (15, 16), (16, 19), (17, 16), (18, 16), (19, 10), (20, 14), (21, 17), (22, 22), (23, 22), (24, 16), (25, 10)]
  HE rows citing Deut 18 (the export's verse → the DB's): 26 [(163, 1, 1, [1]), (163, 1, 7, [7]), (164, 1, 2, [2]), (165, 1, 3, [3]), (166, 1, 4, [4]), (167, 1, 5, [5]), (168, 1, 6, [6]), (168, 1, 7, [7]), (168, 2, 6, [6]), (169, 1, 7, [7]), (169, 2, 8, [8]), (170, 1, 9, [9]), (171, 1, 10, [10]), (172, 1, 11, [11]), (173, 1, 12, [12]), (173, 3, 13, [13]), (174, 1, 14, [14]), (175, 1, 15, [15]), (176, 1, 16, [16]), (176, 2, 17, [17]), (176, 3, 18, [18]), (177, 1, 19, [19]), (178, 1, 20, [20]), (178, 2, 21, [21]), (178, 2, 22, [22]), (208, 1, 7, [7])]
  EN rows citing Deut 18 : 96 [(71, 9, 3, [3]), (163, 1, 1, [1]), (163, 1, 7, [7]), (163, 1, 1, [1]), (163, 2, 1, [1]), (163, 3, 1, [1]), (163, 4, 1, [1]), (163, 4, 1, [1]), (164, 1, 2, [2]), (164, 2, 2, [2]), (164, 3, 2, [2]), (165, 1, 3, [3]), (165, 2, 3, [3]), (165, 3, 3, [3]), (165, 3, 3, [3]), (165, 4, 3, [3]), (165, 5, 3, [3]), (165, 6, 3, [3]), (165, 6, 3, [3]), (165, 6, 5, [5]), (165, 6, 4, [4]), (165, 9, 3, [3]), (165, 10, 3, [3]), (165, 11, 3, [3]), (165, 12, 3, [3]), (165, 13, 3, [3]), (166, 1, 4, [4]), (166, 2, 4, [4]), (166, 3, 4, [4]), (166, 4, 4, [4]), (166, 5, 4, [4]), (166, 6, 4, [4]), (166, 6, 4, [4]), (166, 9, 4, [4]), (166, 9, 4, [4]), (166, 9, 4, [4]), (167, 1, 5, [5]), (167, 2, 5, [5]), (168, 1, 6, [6]), (168, 1, 6, [6]), (168, 1, 7, [7]), (168, 2, 6, [6]), (168, 3, 6, [6]), (168, 3, 6, [6]), (168, 3, 6, [6]), (168, 4, 6, [6]), (169, 1, 7, [7]), (169, 2, 8, [8]), (169, 3, 8, [8]), (170, 1, 9, [9]), (170, 2, 9, [9]), (170, 3, 9, [9]), (170, 3, 9, [9]), (171, 1, 10, [10]), (171, 2, 10, [10]), (171, 3, 10, [10]), (171, 3, 10, [10]), (171, 3, 10, [10]), (171, 3, 10, [10]), (171, 4, 10, [10]), (171, 6, 10, [10]), (171, 6, 10, [10]), (171, 7, 10, [10]), (171, 9, 10, [10]), (172, 1, 11, [11]), (172, 2, 11, [11]), (172, 3, 11, [11]), (172, 5, 11, [11]), (173, 1, 12, [12]), (173, 1, 12, [12]), (173, 2, 12, [12]), (173, 3, 13, [13]), (173, 4, 13, [13]), (174, 1, 14, [14]), (174, 2, 14, [14]), (174, 2, 14, [14]), (174, 2, 9, [9]), (175, 1, 15, [15]), (175, 1, 15, [15]), (175, 1, 15, [15]), (175, 2, 15, [15]), (176, 1, 16, [16]), (176, 1, 16, [16]), (176, 2, 17, [17]), (176, 2, 18, [18]), (176, 3, 18, [18]), (176, 4, 18, [18]), (176, 4, 18, [18]), (176, 5, 18, [18]), (177, 1, 19, [19]), (178, 1, 20, [20]), (178, 2, 21, [21]), (178, 2, 22, [22]), (178, 2, 22, [22]), (178, 3, 22, [22]), (208, 1, 7, [7])]
  EN "ibid 18:n" candidates: 0
  the union of rows (both files): 67 [(71, 9), (163, 1), (163, 2), (163, 3), (163, 4), (164, 1), (164, 2), (164, 3), (165, 1), (165, 2), (165, 3), (165, 4), (165, 5), (165, 6), (165, 9), (165, 10), (165, 11), (165, 12), (165, 13), (166, 1), (166, 2), (166, 3), (166, 4), (166, 5), (166, 6), (166, 9), (167, 1), (167, 2), (168, 1), (168, 2), (168, 3), (168, 4), (169, 1), (169, 2), (169, 3), (170, 1), (170, 2), (170, 3), (171, 1), (171, 2), (171, 3), (171, 4), (171, 6), (171, 7), (171, 9), (172, 1), (172, 2), (172, 3), (172, 5), (173, 1), (173, 2), (173, 3), (173, 4), (174, 1), (174, 2), (175, 1), (175, 2), (176, 1), (176, 2), (176, 3), (176, 4), (176, 5), (177, 1), (178, 1), (178, 2), (178, 3), (208, 1)]
  the rows OUTSIDE the spine piskaot (the union less the on-chapter piskaot 163 - 178 ): 2 [(71, 9), (208, 1)] | in-spine rows of the union: 65
  outside rows file bytes 1664
==== B. ONKELOS chapter 18 and the DB (the dump per DB verse; a shared export row printed at its first DB verse)
  the store's chapter 18 verses 22 | verses whose store token count differs from the DB: []
  token count chapter 18 : 304
  onkelos dump bytes 25174
==== C. THE PARSER on every verse of chapter 18
  number-word tokens present per verse (the bare check against the parser): {'18:6': ['מאחד']}
  18:1 tokens: ['לא', 'יהיה', 'לכהנים', 'הלוים', 'כל', 'שבט', 'לוי', 'חלק', 'ונחלה', 'עם', 'ישראל', 'אשי', 'יהוה', 'ונחלתו', 'יאכלון']
  18:6 tokens: ['וכי', 'יבא', 'הלוי', 'מאחד', 'שעריך', 'מכל', 'ישראל', 'אשר', 'הוא', 'גר', 'שם', 'ובא', 'בכל', 'אות', 'נפשו', 'אל', 'המקום', 'אשר', 'יבחר', 'יהוה']
  18:22 tokens: ['אשר', 'ידבר', 'הנביא', 'בשם', 'יהוה', 'ולא', 'יהיה', 'הדבר', 'ולא', 'יבוא', 'הוא', 'הדבר', 'אשר', 'לא', 'דברו', 'יהוה', 'בזדון', 'דברו', 'הנביא', 'לא', 'תגור', 'ממנו']
==== D. CASE TOKENS, FRAMES, REGISTER, NAMES
  case tokens (כי "when/for" / אם "if" / ואם / או "or" / פן "lest"): {'18:3': ['אם', 'אם'], '18:5': ['כי'], '18:9': ['כי'], '18:12': ['כי'], '18:14': ['כי']}
  divine frames (ויאמר/וידבר + יהוה): ['18:17']
  לאמר "saying" seats: ['18:16']
  narrative-form verbs (V.w) per verse: {17: ['ויאמר']}
  first-person verb forms (1cs / 1cp) per verse: {16: [('אסף', 'HVhi1cs'), ('אראה', 'HVqi1cs'), ('אמות', 'HVqi1cs')], 18: [('אקים', 'HVhi1cs'), ('אצונו', 'HVpi1cs/Sp3ms')], 19: [('אדרש', 'HVqi1cs')], 20: [('צויתיו', 'HVpp1cs/Sp3ms')], 21: [('נדע', 'HVqi1cp')]}
  imperatives (Vq.v / Vp.v / Vh.v) per verse: {}
  prohibitions לא + imperfect (the ten's form) per verse: {1: [('יהיה', 'HVqi3ms')], 2: [('יהיה', 'HVqi3ms')], 9: [('תלמד', 'HVqi2ms')], 10: [('ימצא', 'HVNi3ms')], 14: [], 16: [('אסף', 'HVhi1cs'), ('אראה', 'HVqi1cs'), ('אמות', 'HVqi1cs')], 19: [('ישמע', 'HVqi3ms')], 20: [], 21: [], 22: [('יהיה', 'HVqi3ms'), ('יבוא', 'HVqi3ms'), ('תגור', 'HVqi2ms')]}
  name tokens (Np): {1: ['לוי', 'ישראל', 'יהוה'], 2: ['יהוה'], 5: ['יהוה', 'יהוה'], 6: ['ישראל', 'יהוה'], 7: ['יהוה', 'יהוה'], 9: ['יהוה'], 12: ['יהוה', 'יהוה'], 13: ['יהוה'], 14: ['יהוה'], 15: ['יהוה'], 16: ['יהוה', 'בחרב', 'יהוה'], 17: ['יהוה'], 21: ['יהוה'], 22: ['יהוה', 'יהוה']}
  second-person plural vs singular (2mp / 2ms tokens per verse): {1: (0, 0), 2: (0, 0), 3: (0, 0), 4: (0, 5), 5: (0, 2), 6: (0, 1), 7: (0, 0), 8: (0, 0), 9: (0, 3), 10: (0, 1), 11: (0, 0), 12: (0, 2), 13: (0, 2), 14: (0, 4), 15: (1, 4), 16: (0, 2), 17: (0, 0), 18: (0, 1), 19: (0, 0), 20: (0, 0), 21: (0, 2), 22: (0, 1)}
==== E. THE REGISTER GATE on Deut 18
  dispositions naming Deut 18: []
  REGISTER_INDEX lines on Deut 18:
==== F. THE PRIOR READS
  ledgers with an Onkelos Deut 18 row: []
  prior Sifrei Devarim rows anywhere (strict form), those among the outside rows: [('deu_12_reeh_2026-09-20.md', 71, 9), ('gen_31_covenant_pieces_2026-08-25.md', 171, 6)] | all prior rows count 1107
  ledgers NAMING a verse of Deut 18: 15
    ('exodus_block_decalogue_2026-09-04.md', 2, ['Deut 18:9'])
    ('family_docket_2026-09-06.md', 1, ['Deut 18:3'])
    ('lev_07_fat_blood_dues_2026-09-03.md', 2, ['Deut 18:3'])
    ('num_05_camp_pure_theft_2026-09-09.md', 1, ['Deut 18:4'])
    ('num_06_priest_blessing_2026-09-09.md', 1, ['Deut 18:5'])
    ('num_15_offerings_laws_2026-09-10.md', 1, ['Deut 18:4'])
    ('num_16_18_korach_exam_2026-09-10.md', 1, ['Deut 18:4'])
    ('num_18_priest_levite_dues_2026-09-10.md', 5, ['Deut 18:1', 'Deut 18:3', 'Deut 18:4'])
    ('num_22_balak_bilam_call_2026-09-11.md', 3, ['Deut 18:10', 'Deut 18:22'])
    ('num_23_oracles_1_2_2026-09-11.md', 5, ['Deut 18:10', 'Deut 18:18', 'Deuteronomy 18:10', 'Deuteronomy 18:18'])
    ('num_24_oracles_3_4_2026-09-11.md', 1, ['Deut 18:18'])
    ('num_28_29_musafim_exam_2026-09-11.md', 1, ['Deut 18:6-8'])
    ('num_31_midian_exam_2026-09-12.md', 1, ['Deuteronomy 18:4'])
    ('num_34_borders_exam_2026-09-13.md', 1, ['Deuteronomy 18:20'])
    ('sanctions_topic_docket_2026-09-05.md', 2, ['Deut 18:19-20', 'Deuteronomy 18:10'])
  ledgers with an Onkelos Num 18 / Lev 7 / Deut 10 / Deut 12 / Deut 14 row (the kin's reading — the priests' portions Numbers 18:8-20 and Leviticus 7:28-34 for 18:1-5; the Levite without a portion 10:9, 12:12, 14:27-29 for 18:6-8): ['deu_10_ekev_2026-09-19.md', 'deu_12_reeh_2026-09-20.md', 'deu_14_reeh_2026-09-21.md', 'lev_07_asham_procedure_2026-09-03.md', 'lev_07_fat_blood_dues_2026-09-03.md', 'lev_07_shelamim_types_2026-09-03.md', 'num_18_priest_levite_dues_2026-09-10.md'] | ledgers with an Onkelos Lev 19 / Lev 20 / Exod 22 / Deut 12 row (the diviners — Leviticus 19:26-31, 20:6, 20:27, Exodus 22:17, 12:31 for 18:9-14): ['deu_12_reeh_2026-09-20.md', 'exo_22_property_social_2026-09-01.md', 'lev_19_kedoshim_2026-09-05.md', 'lev_20_sanctions_2026-09-05.md', 'ordinances_topic_docket_2026-09-06.md'] | ledgers with an Onkelos Deut 5 / Exod 20 / Deut 13 row (the prophet like Moses — 5:20-28 and Exodus 20:15-18 the request at Horeb, 13:2-6 the false prophet for 18:15-22): ['deu_05_vaetchanan_2026-09-16.md', 'deu_13_reeh_2026-09-21.md']
==== G. THE DRAFTS
  deu_17_courts_king: refs 17:1-20; steps (17, 1)..(17, 20) n=20; draft True; operators False; depends_on ['    - "deu_16_festivals_judges"\n']; scenarios 27; binary_trees True; step E False; comment lines 24
  deu_18_levi_prophet: refs 18:1-22; steps (18, 1)..(18, 22) n=22; draft True; operators False; depends_on ['    - "deu_17_courts_king"\n    - "num_18_priest_levite_dues"\n']; scenarios 29; binary_trees True; step E False; comment lines 26
    the step verses: [1, 2, 3, 4, 5, 6, 7, 8, 9, 10, 11, 12, 13, 14, 15, 16, 17, 18, 19, 20, 21, 22] | covers DB 22 ? True
  the units' claim prefixes present anywhere? {'DV18': 0, 'DV18A': 0, 'DV18B': 0, 'DV17': 0, 'DV19': 0}
  existing manifests deu_18*: [] | ledgers deu_*: ['deu_01_03_devarim_2026-09-15.md', 'deu_01_03_devarim_exam_2026-09-15.md', 'deu_04_vaetchanan_2026-09-16.md', 'deu_04_vaetchanan_exam_2026-09-16.md', 'deu_05_vaetchanan_2026-09-16.md', 'deu_05_vaetchanan_exam_2026-09-16.md', 'deu_06_vaetchanan_2026-09-17.md', 'deu_06_vaetchanan_exam_2026-09-17.md', 'deu_07_vaetchanan_ekev_2026-09-17.md', 'deu_07_vaetchanan_ekev_exam_2026-09-18.md', 'deu_08_ekev_2026-09-18.md', 'deu_08_ekev_exam_2026-09-19.md', 'deu_09_ekev_2026-09-19.md', 'deu_09_ekev_exam_2026-09-19.md', 'deu_10_ekev_2026-09-19.md', 'deu_10_ekev_exam_2026-09-20.md', 'deu_11_ekev_reeh_2026-09-20.md', 'deu_11_ekev_reeh_exam_2026-09-20.md', 'deu_12_reeh_2026-09-20.md', 'deu_12_reeh_exam_2026-09-20.md', 'deu_13_reeh_2026-09-21.md', 'deu_13_reeh_exam_2026-09-21.md', 'deu_14_reeh_2026-09-21.md', 'deu_14_reeh_exam_2026-09-21.md', 'deu_15_reeh_2026-09-22.md', 'deu_15_reeh_exam_2026-09-23.md', 'deu_16_reeh_shoftim_2026-09-23.md', 'deu_16_reeh_shoftim_exam_2026-09-23.md']
  unit count and standing (CORPUS_TRUTH literals): []
==== H. THE STORE'S GLOSSES on chapter 18
  gloss Counter (the 50 commonest): [('YHWH', 19), ('which', 14), ('not', 12), ('God-you/your', 7), ('be', 5), ('speak', 5), ('to', 5), ('all', 4), ('to-him/its', 4), ('he/it', 4), ('that', 4), ('in-name', 4), ('obj-marker·et', 4), ('the-prophet', 4), ('the-Levite', 3), ('from-with', 3), ('set', 3), ('come/bring', 3), ('to-you/your', 3), ('and-not', 3), ('the-word/thing', 3), ('speak-him/its', 3), ('to-priest', 2), ('smoothness', 2), ('and-inheritance', 2), ('with', 2), ('Israel', 2), ('brother-him/its', 2), ('if', 2), ('and-set', 2), ('try', 2), ('from-all', 2), ('and-that', 2), ('turn-aside-from-the-road', 2), ('there', 2), ('like-all', 2), ('you', 2), ('the-nation', 2), ('distribute', 2), ('act-covertly', 2), ('the-these', 2), ('possess/inherit', 2), ('obj-marker·et-them/their', 2), ('hear', 2), ('prophet', 2), ('arise', 2), ('to-them/their', 2), ('word/thing-me/my', 2), ('command-him/its', 2), ('in-name-me/my', 2)]
  gloss file bytes 9216
  overrides already for Deut.18: [] | by_ref last Deut.17 line: []
==== I. THE SPINE ON THE CHAPTER — the Sifrei piskaot whose head is in chapter 18 (the spine on the chapter a tenth time), whole
  SPINE (computed from the heads): [163, 164, 165, 166, 167, 168, 169, 170, 171, 172, 173, 174, 175, 176, 177, 178] | contiguous? True | the heads by verse: [(163, 1), (164, 2), (165, 3), (166, 4), (167, 5), (168, 6), (169, 7), (170, 9), (171, 10), (172, 11), (173, 12), (174, 14), (175, 15), (176, 16), (177, 19), (178, 20)] | the heads before and after: {162: (17, 20), 179: (19, 1)}
  rows per piska (HE, EN): {163: (4, 4), 164: (3, 3), 165: (14, 14), 166: (9, 9), 167: (2, 2), 168: (4, 4), 169: (3, 3), 170: (3, 3), 171: (11, 11), 172: (5, 5), 173: (4, 4), 174: (2, 2), 175: (2, 2), 176: (5, 5), 177: (1, 1), 178: (3, 3)} | total HE rows 75 | HE == EN everywhere? True
  spine file bytes 55551 | bytes per piska HE+EN: {163: 2575, 164: 642, 165: 7512, 166: 3675, 167: 612, 168: 3021, 169: 2261, 170: 1001, 171: 6880, 172: 1925, 173: 2650, 174: 1279, 175: 937, 176: 2070, 177: 1796, 178: 2050}
  prior reads among the spine rows (any ledger): [('gen_31_covenant_pieces_2026-08-25.md', 171, 6)]
  the spine rows citing a verse of chapter 18 in the Hebrew (p, r, the export verses): [(163, 1, [1, 7]), (164, 1, [2]), (165, 1, [3]), (166, 1, [4]), (167, 1, [5]), (168, 1, [6, 7]), (168, 2, [6]), (169, 1, [7]), (169, 2, [8]), (170, 1, [9]), (171, 1, [10]), (172, 1, [11]), (173, 1, [12]), (173, 3, [13]), (174, 1, [14]), (175, 1, [15]), (176, 1, [16]), (176, 2, [17]), (176, 3, [18]), (177, 1, [19]), (178, 1, [20]), (178, 2, [21, 22])]
  the spine rows' own Hebrew citations (book, chapter, verse) by row: [(163, 1, [('דברים', 18, 1), ('דברים', 18, 7)]), (164, 1, [('דברים', 18, 2)]), (165, 1, [('דברים', 18, 3)]), (165, 14, [('במדבר', 25, 7), ('תהלים', 106, 30), ('במדבר', 25, 8)]), (166, 1, [('דברים', 18, 4)]), (166, 7, [('ישעיהו', 7, 21)]), (166, 8, [('שמואל א', 25, 18)]), (167, 1, [('דברים', 18, 5)]), (168, 1, [('דברים', 18, 6), ('דברים', 18, 7)]), (168, 2, [('דברים', 18, 6)]), (169, 1, [('דברים', 18, 7)]), (169, 2, [('דברים', 18, 8)]), (170, 1, [('דברים', 18, 9)]), (171, 1, [('דברים', 18, 10)]), (171, 2, [('ויקרא', 20, 4)]), (171, 5, [('הושע', 4, 12)]), (171, 6, [('ירמיה', 34, 18)]), (172, 1, [('דברים', 18, 11)]), (173, 1, [('דברים', 18, 12)]), (173, 2, [('ישעיה', 59, 2)]), (173, 3, [('דברים', 18, 13), ('תהלים', 26, 11), ('תהלים', 41, 13)]), (174, 1, [('דברים', 18, 14)]), (175, 1, [('דברים', 18, 15), ('ירמיה', 1, 5)]), (176, 1, [('דברים', 18, 16)]), (176, 2, [('דברים', 18, 17)]), (176, 3, [('דברים', 18, 18)]), (177, 1, [('דברים', 18, 19)]), (178, 1, [('דברים', 18, 20)]), (178, 2, [('דברים', 18, 21), ('ירמיה', 27, 16), ('דברים', 18, 22)])]
  the spine rows' English citations by row: [(163, 1, ['Dt.18:1', 'Dt.18:7', 'Dt.18:1']), (163, 2, ['Dt.18:1']), (163, 3, ['Dt.18:1']), (163, 4, ['Dt.18:1', 'Dt.18:1']), (164, 1, ['Dt.18:2']), (164, 2, ['Dt.18:2']), (164, 3, ['Dt.18:2']), (165, 1, ['Dt.18:3']), (165, 2, ['Dt.18:3']), (165, 3, ['Dt.18:3', 'Dt.18:3']), (165, 4, ['Dt.18:3']), (165, 5, ['Dt.18:3']), (165, 6, ['Dt.18:3', 'Dt.18:3', 'Dt.18:5', 'Dt.18:4']), (165, 9, ['Dt.18:3']), (165, 10, ['Dt.18:3']), (165, 11, ['Dt.18:3']), (165, 12, ['Dt.18:3']), (165, 13, ['Dt.18:3']), (165, 14, ['Nu.25:7', 'Ps.106:30', 'Nu.25:8']), (166, 1, ['Dt.18:4']), (166, 2, ['Dt.18:4']), (166, 3, ['Dt.18:4']), (166, 4, ['Dt.18:4']), (166, 5, ['Dt.18:4']), (166, 6, ['Dt.18:4', 'Dt.18:4']), (166, 7, ['Is.7:21']), (166, 9, ['Dt.18:4', 'Dt.18:4', 'Dt.18:4']), (167, 1, ['Dt.18:5']), (167, 2, ['Dt.18:5']), (168, 1, ['Dt.18:6', 'Dt.18:6', 'Dt.18:7']), (168, 2, ['Dt.18:6']), (168, 3, ['Dt.18:6', 'Dt.18:6', 'Dt.18:6']), (168, 4, ['Dt.18:6']), (169, 1, ['Dt.18:7']), (169, 2, ['Lv.24:8-9', 'Dt.18:8']), (169, 3, ['Dt.18:8']), (170, 1, ['Dt.18:9']), (170, 2, ['Dt.18:9']), (170, 3, ['Dt.18:9', 'Dt.18:9']), (171, 1, ['Dt.18:10']), (171, 2, ['Dt.18:10', 'Lv.18:21']), (171, 3, ['Dt.18:10', 'Lv.18:21', 'Dt.18:10', 'Lv.18:21', 'Dt.18:10', 'Lv.18:21', 'Lv.18:21', 'Dt.18:10']), (171, 4, ['Dt.18:10']), (171, 5, ['Hos.4:12']), (171, 6, ['Dt.18:10', 'Dt.18:10', 'Jer.34:18']), (171, 7, ['Dt.18:10']), (171, 9, ['Dt.18:10']), (172, 1, ['Dt.18:11']), (172, 2, ['Dt.18:11']), (172, 3, ['Dt.18:11']), (172, 5, ['Dt.18:11']), (173, 1, ['Dt.18:12', 'Dt.18:12']), (173, 2, ['Dt.18:12', 'Is.59:2']), (173, 3, ['Dt.18:13', 'Ps.26:11', 'Ps.41:13']), (173, 4, ['Dt.18:13']), (174, 1, ['Dt.18:14']), (174, 2, ['Dt.18:14', 'Dt.18:14', 'Dt.18:9']), (175, 1, ['Dt.18:15', 'Dt.18:15', 'Dt.18:15', 'Jer.1:5']), (175, 2, ['Dt.18:15']), (176, 1, ['Dt.18:16', 'Dt.18:16']), (176, 2, ['Dt.18:17', 'Dt.18:18']), (176, 3, ['Dt.18:18']), (176, 4, ['Dt.18:18', 'Dt.18:18']), (176, 5, ['Dt.18:18']), (177, 1, ['Dt.18:19', 'Jon.1:1-3', 'Jer.28:1-17']), (178, 1, ['Dt.18:20']), (178, 2, ['Dt.18:21', 'Jer.27:16', 'Dt.18:22', 'Dt.18:22']), (178, 3, ['Dt.18:22'])]
  the spine rows with NO citation in either file: [(165, 7), (165, 8), (171, 8), (171, 10), (171, 11), (172, 4)]
  NO portion edge inside the chapter (Shoftim 16:18-21:9 holds it whole) — the heads by verse, and the verses of the chapter with no head: [1, 2, 3, 4, 5, 6, 7, 9, 10, 11, 12, 14, 15, 16, 19, 20] [8, 13, 17, 18, 21, 22]
