guard: 63 expectations checked, every one a literal from the answer sheet [honest-pairing guard satisfied]

THE CONSECRATION, SUBSTITUTION, AND DEVOTION MACHINE COMPILES — the two substitution verbs, "beast for beast," "it and its substitute" at the vow and the tithe, the fifth censused five times, the partitive "from all that he has," the ordinal tenth under the rod; three calls into sister engines: the Jubilee engine's tithe naming and the Passover engine's firstling donkey.
THE INK (printed before it is asserted): PARSE {(19, 2): ([3], [], []), (19, 3): ([3], [], []), (19, 5): ([1], [], []), (19, 7): ([3], [], []), (19, 9): ([3], [], []), (19, 11): ([1], [], []), (19, 15): ([1, 2, 3], [], ['שני^']), (19, 17): ([2], [], ['שני^']), (21, 15): ([2, 1, 1], [], ['שתי^', 'האחת#', 'והאחת#']), (21, 17): ([2], [], [])}, NUMV [(19, 2), (19, 3), (19, 5), (19, 7), (19, 9), (19, 11), (19, 15), (19, 17), (21, 15), (21, 17)], ORDV [], STARV [(19, 15), (19, 17), (21, 15)], TOKN {19: 332, 20: 316, 21: 354}
THE NEGATIONS AND THE NAME (printed before they are asserted): {(19, 4): ['לא'], (19, 6): ['לא'], (19, 10): ['ולא'], (19, 13): ['לא'], (19, 14): ['לא'], (19, 15): ['לא'], (19, 20): ['ולא'], (19, 21): ['ולא'], (20, 1): ['לא'], (20, 5): ['ולא'], (20, 6): ['ולא'], (20, 7): ['ולא'], (20, 8): ['ולא'], (20, 12): ['לא'], (20, 15): ['לא'], (20, 16): ['לא'], (20, 18): ['לא'], (20, 19): ['לא', 'לא'], (20, 20): ['לא'], (21, 1): ['לא'], (21, 3): ['לא', 'לא'], (21, 4): ['לא', 'ולא'], (21, 7): ['לא', 'לא'], (21, 14): ['לא', 'לא', 'לא'], (21, 16): ['לא'], (21, 18): ['ולא'], (21, 23): ['לא', 'ולא']} 22
THE CLOCK (printed before it is asserted): {'counter': (40, 11, 1), 'no_marker': True, 'no_clock_datum': True}
THE SCANS (printed before they are asserted): holes []; cities ['israel_people']; pity ['israel_people']; hears ['israel_people']; one witness ['israel_people']; two witnesses ['israel_people']; hand first ['israel_people']; abominations ['israel_people']; fear not ['isaac', 'jacob', 'moses', 'yehoshua']; captive ['israel_people', 'lot', 'the_captives_of_midian']; spoil ['israel_people', 'the-sons']; boundary ['the_heap_and_pillar']; hanged ['the_baker']; buried ['aaron', 'abraham', 'deborah_the_nurse', 'isaac', 'jacob', 'miriam', 'rachel', 'sarah', 'the_lusters']; blood ['noach']; atoned ['aaron', 'israel_people', 'the-repentant', 'the_officers_of_the_host']; firstborn by the head ['esau', 'perez']; hated ['the-sons']; stoned ['the_blasphemer', 'the_wood_gatherer']; put to death ['abiram', 'dathan', 'korach', 'the_lusters', 'the_ten_spies', 'the_two_hundred_fifty', 'the_wood_gatherer']; purged []; flees []; dwells []; land polluted []; city devoted []; driven out []; lashes []
THE TWINS DIFFED (printed before they are asserted): {'19:1 vs 12:29': 8, '19:4 vs 4:42': 9, '19:4 vs Exod 21:13': 3, '19:6 vs Josh 20:5': 10, '19:8 vs 12:20': 6, '19:9 vs 11:22': 10, '19:13 vs 13:9': 4, '19:15 vs 17:6': 3, '19:15 vs Num 35:30': 1, '19:16 vs Exod 23:1': 2, '19:17 vs 17:9': 3, '19:19 vs 13:6': 3, '19:20 vs 13:12': 7, '19:21 vs Exod 21:24': 4, '20:1 vs 7:18': 6, '20:3 vs 6:4': 2, '20:3 vs 31:6': 5, '20:4 vs 1:30': 5, '20:5 vs 20:6': 11, '20:5 vs 20:7': 11, '20:17 vs Josh 9:1': 5, '21:1 vs 17:2': 7, '21:3 vs Num 19:2': 3, '21:4 vs Exod 13:13': 1, '21:5 vs 18:5': 7, '21:6 vs 21:4': 7, '21:9 vs 12:25': 5, '21:10 vs 20:1': 7, '21:11 vs Gen 29:17': 2, '21:14 vs 24:1': 4, '21:15 vs Gen 4:19': 3, '21:17 vs Gen 49:3': 0, '21:18 vs Jer 5:23': 2, '21:21 vs 13:12': 3, '21:21 vs 22:21': 5, '21:23 vs Gen 9:6': 3}
THE READBACK (printed before it is asserted): rows 64, grades {'SUPPLIED': 27, 'VARIANT': 30, 'EXPANDED': 6, 'SHORTENED': 1}, on the tape 17, by CALL 64, supplied 27, with writes 44
THE PARAMETERS AND THE DATA (printed before the count is typed): parameters 44, DATA rows 83
THE NARRATIVE (printed before it is asserted): (45, 0, 1, (11, 1), 0, 0, 0, 0) ['three_cities_separated_commanded', 'way_prepared_commanded', 'land_divided_in_three_commanded', 'three_more_cities_conditioned', 'manslayer_flight_permitted', 'murderer_extradition_commanded', 'murderer_pity_barred', 'innocent_blood_purge_commanded', 'landmark_removal_barred', 'two_or_three_witnesses_required', 'witnesses_inquiry_commanded', 'plotting_witness_talion_commanded', 'talion_pity_barred', 'war_fear_barred', 'priest_war_speech_commanded', 'officers_exemptions_commanded', 'fearful_exemption_commanded', 'captains_appointed_commanded', 'peace_call_commanded', 'tribute_service_commanded', 'siege_males_smitten_commanded', 'spoil_permitted', 'far_cities_scope_declared', 'nothing_alive_left_commanded', 'abominations_teaching_barred', 'fruit_tree_cutting_barred', 'siege_works_permitted', 'slain_found_measuring_commanded', 'heifer_neck_broken_commanded', 'priests_approach_commanded', 'elders_hands_washed_commanded', 'elders_declaration_commanded', 'innocent_blood_atoned', 'captive_wife_permitted', 'captive_mourning_month_commanded', 'captive_sale_barred', 'captive_release_commanded', 'firstborn_double_portion_commanded', 'firstborn_right_transfer_barred', 'rebellious_son_seized_commanded', 'rebellious_son_stoning_commanded', 'hanging_after_death_commanded', 'corpse_overnight_barred', 'same_day_burial_commanded', 'land_defilement_barred']

PASS  [MOVE]  Deut 19:1-13; the Sifrei 179:1-2; place_name by CALL — 12:29's line the reference — when_the_lord_cuts_off_the_nations
        ->  accepted           [heaven]  accepted for him — the offering's acceptance state
PASS  [MOVE]  Deut 19:1-13; THE WRITE three_cities_separated_commanded; MISHNAH MAKKOT 2:4 — the exam row; the Sifrei 180:1-4; obey_horeb and refuge by CALL — three_cities_in_the_midst
        ->  three_cities_separated_commanded [status]  three cities separated commanded — the STATUS the line refuge_cities_declared writes on Israel: 'THREE CITIES YOU SHALL SEPARATE FOR YOURSELF in the midst of your land' (19:2, 19:7) — in the midst, not on the border (the Sifrei 180:1-4); the three and the three beyond the Jordan, none admitting until all six (Mishnah Makkot 2:4 — the exam row); cities_set_apart 4:41-43's status the tape's reference
PASS  [MOVE]  Deut 19:1-13; THE WRITES way_prepared_commanded, land_divided_in_three_commanded; the Sifrei 180:5-8 — the_way_prepared_and_the_border_in_three
        ->  way_prepared_commanded [status]  the way prepared commanded — the STATUS the line refuge_cities_declared writes on Israel: 'YOU SHALL PREPARE THE WAY for yourself' (19:3) — the roads made straight for the manslayer (the Sifrei 180:5-6)
        ->  land_divided_in_three_commanded [status]  the land divided in three commanded — the STATUS the line refuge_cities_declared writes on Israel: 'AND DIVIDE INTO THREE THE BORDER OF YOUR LAND' (19:3 — the parser's [3]) — the three distances equal (the Sifrei 180:7-8); a parameter
PASS  [MOVE]  Deut 19:1-13; MISHNAH MAKKOT 2:8 — cited in the spine's own Hebrew, the exam row; the Sifrei 181:1; obey_horeb and refuge by CALL — this_is_the_word_of_the_manslayer
        ->  accepted           [heaven]  accepted for him — the offering's acceptance state
PASS  [MOVE]  Deut 19:1-13; THE WRITE manslayer_flight_permitted; the Sifrei 181:2-6, 182:1; ordinances, refuge and obey_horeb by CALL — unknowingly_not_hating_from_yesterday
        ->  manslayer_flight_permitted [status]  the manslayer's flight permitted — the STATUS the line manslayer_and_murderer_declared writes on Israel: 'AND THIS IS THE WORD OF THE MANSLAYER WHO FLEES THERE AND LIVES' (19:4) — 'I am a manslayer' (Mishnah Makkot 2:8 in the spine's own Hebrew, the Sifrei 181:1); the goring ox's clock (181:2-6); the forest and the ax (182-183 — Makkot 2:2); flees_to_refuge and dwells_in_refuge Numbers 35's statuses on the killer (refuge by CALL)
PASS  [MOVE]  Deut 19:1-13; MISHNAH MAKKOT 2:2 — the exam row; the Sifrei 182:2-183:8; refuge by CALL — the_forest_and_the_ax
        ->  flees_to_refuge    [status]  flees to the appointed place — a location-status flip protecting the unintentional killer
PASS  [MOVE]  Deut 19:1-13; MISHNAH MAKKOT 2:7 — the exam row; the Sifrei 184:1-185:1; refuge by CALL — the_avengers_hot_heart_and_the_boundary
        ->  exempt             [status]  exempt — no entry opens; the ledger stays clean
PASS  [MOVE]  Deut 19:1-13; THE WRITE three_more_cities_conditioned; the Sifrei 185:2-3; good_land's receipt seats — the_three_more_conditioned
        ->  three_more_cities_conditioned [status]  three more cities conditioned — the STATUS the line refuge_cities_declared writes on Israel: 'if the LORD enlarges your border … YOU SHALL ADD THREE MORE CITIES TO THESE THREE' (19:8-9) — the condition the tape never met; the three more never separated (the Sifrei 185:2-3); a data row
PASS  [MOVE]  Deut 19:1-13; THE WRITES murderer_extradition_commanded, murderer_pity_barred, innocent_blood_purge_commanded; MISHNAH MAKKOT 2:6 — the exam row; the Sifrei 186:1-187:7; refuge and seducers by CALL — the_hater_who_lies_in_wait
        ->  murderer_extradition_commanded [status]  the murderer's extradition commanded — the STATUS the line manslayer_and_murderer_declared writes on Israel: 'THE ELDERS OF HIS CITY SHALL SEND AND TAKE HIM FROM THERE and give him into the hand of the avenger of blood' (19:12) — the hater who lies in wait (the Sifrei 186-187; Mishnah Makkot 2:6's court that sends and brings him); the murderer put to death (refuge's the_murderer by CALL)
        ->  murderer_pity_barred [block]  the murderer's pity barred — the BLOCK the line manslayer_and_murderer_declared writes on Israel: 'YOUR EYE SHALL NOT PITY HIM' (19:13) — the formula's third seat (7:16, 13:9 the tape's blocks on Israel, references — a new block on the murderer's case); the Sifrei 187:7
        ->  innocent_blood_purge_commanded [status]  the innocent blood's purge commanded — the STATUS the line manslayer_and_murderer_declared writes on Israel: 'AND YOU SHALL PURGE THE INNOCENT BLOOD FROM ISRAEL' (19:13) — THE PURGE FORMULA'S THIRD FORM (the evil, from Israel, the innocent blood), Onkelos 'remove the shedders of innocent blood'; its second seat 21:9 the heifer's close (the runner's own reference); the Sifrei 187:7
        ->  put_to_death       [body]  put to death — the court docket opens a capital entry (mode per the compiled law)
PASS  [MOVE]  Deut 19:14-21; THE WRITE landmark_removal_barred; the Sifrei 188:1-3 — the_landmark_of_the_first_ones
        ->  landmark_removal_barred [block]  the landmark's removal barred — the BLOCK the line landmark_declared writes on Israel: 'YOU SHALL NOT MOVE YOUR NEIGHBOR'S LANDMARK which the first ones bounded' (19:14) — your neighbor's, not the nations' beyond the sea; the removal and the theft (the Sifrei 188:1-3); boundary_witnessed Laban's heap the tape's reference
PASS  [MOVE]  Deut 19:14-21; THE WRITE two_or_three_witnesses_required; the Sifrei 188:4-9 (I3); courts_prophet, refuge and ordinances by CALL — one_witness_for_any_iniquity
        ->  two_or_three_witnesses_required [status]  two or three witnesses required for any matter — the STATUS the line witnesses_law_declared writes on Israel: 'ONE WITNESS SHALL NOT RISE against a man for any iniquity or any sin … BY THE MOUTH OF TWO WITNESSES OR BY THE MOUTH OF THREE WITNESSES A MATTER SHALL STAND' (19:15) — the general rule built from 17:6's death (the Sifrei 188:4-10; two_witnesses_required and one_witness_barred 17:2-7's the tape's references; refuge's two by the prototype read); by the mouth, not writing; the woman not a witness by the two 'two's (190:3)
PASS  [MOVE]  Deut 19:14-21; the Sifrei 188:10; Onkelos 19:15 — by_the_mouth_not_by_writing
        ->  barred_from_it     [block]  barred — a person class may not eat of it; a block on the eater, not the offering
PASS  [MOVE]  Deut 19:14-21; the Sifrei 189:1-2, 190:1-6 (I2); ordinances and festivals_judges by CALL — the_violent_witness_and_the_woman
        ->  exempt             [status]  exempt — no entry opens; the ledger stays clean
PASS  [MOVE]  Deut 19:14-21; THE WRITE witnesses_inquiry_commanded; the Sifrei 190:7 (reread); seducers and courts_prophet by CALL — the_inquiry_well_at_three_verses
        ->  witnesses_inquiry_commanded [status]  the witnesses' inquiry commanded — the STATUS the line witnesses_law_declared writes on Israel: 'AND THE JUDGES SHALL INQUIRE WELL' (19:18) — 'well' 'well' at 13:15, 17:4, 19:18 one questionnaire, the seven investigations (the Sifrei 190:7; seducers' and courts_prophet's by CALL)
PASS  [MOVE]  Deut 19:14-21; THE WRITE plotting_witness_talion_commanded; MISHNAH MAKKOT 1:4 — the exam row; the Sifrei 190:8-12; courts_prophet by CALL — as_he_plotted
        ->  plotting_witness_talion_commanded [status]  the plotting witness's talion commanded — the STATUS the line witnesses_law_declared writes on Israel: 'YOU SHALL DO TO HIM AS HE PLOTTED TO DO TO HIS BROTHER' (19:19) — undone by his fellows, not the accused (Mishnah Makkot 1:4 — the exam row; the Sifrei 190:8-9); as he plotted, not as he did — money for money, lashes for lashes (190:10-11); the purge formula's fourth seat and hear-and-fear's third (190:13)
        ->  put_to_death       [body]  put to death — the court docket opens a capital entry (mode per the compiled law)
PASS  [MOVE]  Deut 19:14-21; the Sifrei 190:13; seducers by CALL — israel_hears_and_fears the tape's reference — the_rest_hear_and_fear
        ->  evil_purged_from_the_midst [body]  the evil purged from the midst — THE PURGE FORMULA'S FIRST SEAT OF NINE: 'AND YOU SHALL PURGE THE EVIL FROM YOUR MIDST' (13:6 — the nine seats all in the book: 13:6 the first, then 17:7, 17:12, 19:19, 21:21, 22:21, 22:22, 22:24, 24:7 — each ahead a SECOND ENTRY, the compile's gain from naming the effect at its first seat): a BODY effect written on the condemned person at the exam's case (the false prophet put to death — the_prophets_death a parameter, stoning / strangling; the inciter stoned — 13:11's rite by CALL), never on the tape — 'purge the DOER of evils from Israel' (the Sifrei 86:10): the person removed, the evil with him; the homographs named, not counted — purge_deadline the leaven's timer, purge_commanded Jacob's removal of the foreign gods (Genesis 35:2); Onkelos 'ותפלי עביד דביש מבינך' (and you shall remove the doer of evil from among you)
PASS  [MOVE]  Deut 19:14-21; THE WRITE talion_pity_barred; the Sifrei 190:14-15; lev24 by CALL — the_talion_in_be
        ->  talion_pity_barred [block]  the talion's pity barred — the BLOCK the line witnesses_law_declared writes on Israel: 'AND YOUR EYE SHALL NOT PITY: LIFE IN LIFE, EYE IN EYE, tooth in tooth, hand in hand, foot in foot' (19:21) — 'in' where Exodus 21:24 and Leviticus 24:20 say 'in place of'; the talion as money (lev24 by CALL); Onkelos 'chalaf' (in place of) at both (the Sifrei 190:14-15)
        ->  pays               [debit]  pays — a money debt opens against the liable party
PASS  [MOVE]  Deut 20:1-9; THE WRITE war_fear_barred; MISHNAH SOTAH 8:1 — the exam row; the Sifrei 190:16-21; seven_nations by CALL — when_you_go_out_to_war
        ->  war_fear_barred    [block]  the war's fear barred — the BLOCK the line war_speech_declared writes on Israel: 'and see horse and chariot, a people more than you — YOU SHALL NOT FEAR THEM, for the LORD your God is with you' (20:1) — 7:18's twin (seven_nations by CALL); Onkelos 'His Memra (His Word) is your help'; the whole soldier and the wars' kinds (the Sifrei 190:16-21); fear_not_promised the tape's heaven entries, references
PASS  [MOVE]  Deut 20:1-9; THE WRITE priest_war_speech_commanded; MISHNAH SOTAH 8:1 — the exam row; the Sifrei 191:1; midian by CALL — the_priest_anointed_for_war
        ->  priest_war_speech_commanded [status]  the priest's war speech commanded — the STATUS the line war_speech_declared writes on Israel: 'THE PRIEST SHALL APPROACH AND SPEAK TO THE PEOPLE … HEAR, ISRAEL' (20:2-4) — the priest anointed for war in the holy tongue, against your enemies not your brothers, the four fears against the four terrors, the ark's camp (Mishnah Sotah 8:1 — the exam row; the Sifrei 191-193); Phinehas anointed for war (midian by CALL)
PASS  [MOVE]  Deut 20:1-9; MISHNAH SOTAH 8:1 — the exam row; the Sifrei 192:1-3, 193:1-6 — hear_israel_the_fourth
        ->  accepted           [heaven]  accepted for him — the offering's acceptance state
PASS  [MOVE]  Deut 20:1-9; THE WRITE officers_exemptions_commanded; MISHNAH SOTAH 8:2, 8:3 — the exam rows; the Sifrei 193:6-197:4 — the_four_exemptions
        ->  officers_exemptions_commanded [status]  the officers' exemptions commanded — the STATUS the line war_speech_declared writes on Israel: 'AND THE OFFICERS SHALL SPEAK TO THE PEOPLE, SAYING: what man has built a new house … planted a vineyard … betrothed a woman — let him go and return to his house' (20:5-7) — the kinds of each and the non-returners (Mishnah Sotah 8:2-3 — the exam rows; the Sifrei 193:6-197:1); the eight-word tail shared verbatim; parameters
PASS  [MOVE]  Deut 20:1-9; THE WRITE fearful_exemption_commanded; MISHNAH SOTAH 8:5 — the exam row, three arms; the Sifrei 197:2-4 — the_fearful_and_the_faint_of_heart
        ->  fearful_exemption_commanded [status]  the fearful man's exemption commanded — the STATUS the line war_speech_declared writes on Israel: 'WHAT MAN IS FEARFUL AND FAINT OF HEART — let him go and return to his house, lest his brothers' heart melt' (20:8) — as it sounds (R. Akiva), the fearful of his sins (R. Yose the Galilean), the forbidden unions (R. Yose) — three arms (Mishnah Sotah 8:5 — the exam row; the Sifrei 197:2-4; the variant piska 192)
PASS  [MOVE]  Deut 20:1-9; THE WRITE captains_appointed_commanded; MISHNAH SOTAH 8:6 — the exam row; the Sifrei 198:1 — the_captains_and_the_guards
        ->  captains_appointed_commanded [status]  the captains' appointment commanded — the STATUS the line war_speech_declared writes on Israel: 'AND CAPTAINS OF HOSTS SHALL BE APPOINTED AT THE HEAD OF THE PEOPLE' (20:9) — and at the rear; the guards with iron rods, 'the beginning of flight is a fall' (Mishnah Sotah 8:6 — the exam row; the Sifrei 198:1); the optional war against the commanded
PASS  [MOVE]  Deut 20:10-20; THE WRITE peace_call_commanded; the Sifrei 199:1-5 (reread); opening_speech by CALL — call_to_it_for_peace
        ->  peace_call_commanded [status]  the peace call commanded — the STATUS the line siege_law_declared writes on Israel: 'WHEN YOU DRAW NEAR TO A CITY to fight against it, YOU SHALL CALL TO IT FOR PEACE' (20:10) — scoped to the optional war (the Sifrei 199:1-4); GREAT IS PEACE — Sihon's messengers (199:5, 2:26 retelling Numbers 21:21 — opening_speech by CALL, the tape's own line)
PASS  [MOVE]  Deut 20:10-20; THE WRITE tribute_service_commanded; the Sifrei 200:1-3; midian by CALL — tribute_and_servitude_both
        ->  tribute_service_commanded [status]  tribute and service commanded — the STATUS the line siege_law_declared writes on Israel: 'all the people found in it SHALL BE TRIBUTE TO YOU AND SERVE YOU' (20:11) — both, not one (the Sifrei 200:1-3); Numbers 31:28's tribute a different noun (midian by CALL); Solomon's levy the Prophets' run citation
PASS  [MOVE]  Deut 20:10-20; THE WRITES siege_males_smitten_commanded, spoil_permitted; the Sifrei 200:4-201:2; midian by CALL — its ask deuteronomy_20 paid — the_siege_and_the_males
        ->  siege_males_smitten_commanded [status]  the siege's males smitten commanded — the STATUS the line siege_law_declared writes on Israel: 'when the LORD your God gives it into your hand, YOU SHALL SMITE EVERY MALE BY THE SWORD' (20:13) — the males, not the women and children (the Sifrei 200:4-7); Numbers 31:17's stricter sentence (midian by CALL — its own ask deuteronomy_20)
        ->  spoil_permitted    [status]  the spoil permitted — the STATUS the line siege_law_declared writes on Israel: 'only the women and the children and the cattle and all in the city, ALL ITS SPOIL YOU SHALL TAKE, and eat the spoil of your enemies' (20:14) — even the swine's flesh in the war, 'houses full of every good thing' (the Sifrei 201:1-3 — 6:11 reread); spoil_taken and taken_captive the tape's acts, references
PASS  [MOVE]  Deut 20:10-20; the Sifrei 201:3 (rereading 6:11) — a reference without an edge — houses_full_of_every_good_thing
        ->  accepted           [heaven]  accepted for him — the offering's acceptance state
PASS  [MOVE]  Deut 20:10-20; THE WRITE far_cities_scope_declared; the Sifrei 201:4, 202:1-2; seven_nations by CALL — the_far_cities_and_the_seven
        ->  far_cities_scope_declared [status]  the far cities' scope declared — the STATUS the line siege_law_declared writes on Israel: 'SO SHALL YOU DO TO ALL THE CITIES VERY FAR FROM YOU which are not of the cities of these nations' (20:15) — the far cities against the seven (the Sifrei 201:4); the penitent nations (202:1-2); a parameter
PASS  [MOVE]  Deut 20:10-20; THE WRITE nothing_alive_left_commanded; the Sifrei 201:5-202:3; seven_nations and good_land by CALL — THE RECEIPT 20:17 behind — no_breath_left_alive
        ->  nothing_alive_left_commanded [status]  nothing alive left commanded — the STATUS the line seven_nations_herem_declared writes on Israel: 'only of the cities of these peoples … YOU SHALL LET NO BREATH LIVE; you shall utterly destroy them … AS THE LORD YOUR GOD COMMANDED YOU' (20:16-17) — the six named, the seven at 7:1 (seven_nations by CALL); THE RECEIPT 20:17 -> 7:1-5's nations_devoted BEHIND, a run citation (the Sifrei 201:5, 202:3)
PASS  [MOVE]  Deut 20:10-20; THE WRITE abominations_teaching_barred; the Sifrei 202:4; courts_prophet and seven_nations by CALL — that_they_teach_you_not
        ->  abominations_teaching_barred [block]  the abominations' teaching barred — the BLOCK the line seven_nations_herem_declared writes on Israel: 'SO THAT THEY TEACH YOU NOT TO DO ALL THEIR ABOMINATIONS which they did for their gods' (20:18) — the penitent nation accepted (the Sifrei 202:4); 18:9's abominations_learning_barred the tape's reference (courts_prophet by CALL — to understand, not to do)
PASS  [MOVE]  Deut 20:10-20; THE WRITES fruit_tree_cutting_barred, siege_works_permitted; the Sifrei 203:1-204:6 — the_trees_of_the_siege
        ->  fruit_tree_cutting_barred [block]  the fruit tree's cutting barred — the BLOCK the line siege_trees_declared writes on Israel: 'YOU SHALL NOT DESTROY ITS TREES by swinging an ax against them, for of them you eat' (20:19) — the ax and the channel; 'is the tree of the field a man?' a statement in Onkelos; R. Ishmael's fruit (the Sifrei 203:1-10, 204:1)
        ->  siege_works_permitted [status]  the siege-works permitted — the STATUS the line siege_trees_declared writes on Israel: 'only a tree you know is not a tree for food, it you may destroy and cut down, AND BUILD A SIEGE-WORK AGAINST THE CITY … until it falls' (20:20) — the barren tree first, and the siege even on the Sabbath (the Sifrei 204:2-6)
PASS  [MOVE]  Deut 21:1-9; MISHNAH SOTAH 9:9 — cited in the spine's own Hebrew, the exam row; the Sifrei 205:1 — when_murderers_multiplied
        ->  accepted           [heaven]  accepted for him — the offering's acceptance state
PASS  [MOVE]  Deut 21:1-9; MISHNAH SOTAH 9:2 — cited in the spine's own Hebrew, the exam row; the Sifrei 205:2-9 — slain_on_the_ground_in_the_field
        ->  exempt             [status]  exempt — no entry opens; the ledger stays clean
PASS  [MOVE]  Deut 21:1-9; THE WRITE slain_found_measuring_commanded; MISHNAH SOTAH 9:1 — the exam row, two arms; the Sifrei 205:10-206:5; courts_prophet by CALL — the_measuring_court
        ->  slain_found_measuring_commanded [status]  the slain man's measuring commanded — the STATUS the line heifer_rite_declared writes on Israel: 'YOUR ELDERS AND YOUR JUDGES SHALL GO OUT AND MEASURE TO THE CITIES around the slain' (21:2) — three or five of the great court in the holy tongue (Mishnah Sotah 9:1 — the exam row); slain on the ground in the field, not hidden, not hanging, not floating; to a city with a court (Sotah 9:2 in the spine's own Hebrew — the Sifrei 205:2-11, 206:1-5); the rite ceased when murderers multiplied (Sotah 9:9 in the Hebrew — 205:1)
PASS  [MOVE]  Deut 21:1-9; THE WRITE heifer_neck_broken_commanded; MISHNAH SOTAH 9:5 and PARAH 1:1 — the exam rows; the Sifrei 207:1-5; chukat by CALL — the_heifer_never_worked
        ->  heifer_neck_broken_commanded [status]  the heifer's neck-breaking commanded — the STATUS the line heifer_rite_declared writes on Israel: 'a heifer of the herd which has not been worked, which has not pulled in a yoke … AND BREAK THE HEIFER'S NECK THERE IN THE VALLEY' (21:3-4) — a blemish does not disqualify, the valley hard and even not hard, the cleaver from behind, the place barred from sowing (Mishnah Sotah 9:5 — the exam row); a year old or two (Parah 1:1 — the exam row); the red cow's twin (chukat by CALL); the neck-breaking root's eight seats (the Sifrei 207:1-5)
        ->  disqualified       [block]  disqualified — the offering or rite is void; a block entry, no state advances
PASS  [MOVE]  Deut 21:1-9; THE WRITE priests_approach_commanded; the Sifrei 208:1-4 (reread); courts_prophet by CALL — the_priests_the_sons_of_levi
        ->  priests_approach_commanded [status]  the priests' approach commanded — the STATUS the line heifer_rite_declared writes on Israel: 'AND THE PRIESTS THE SONS OF LEVI SHALL APPROACH, for them the LORD your God chose to minister and to bless in His name, and by their mouth shall every dispute and every stroke be' (21:5) — the Levite who is a priest (the Sifrei 208:1 reread from 17-18; courts_prophet by CALL), the high court's pairs (17:8), Onkelos 'every plague of confinement'
PASS  [MOVE]  Deut 21:1-9; THE WRITES elders_hands_washed_commanded, elders_declaration_commanded; MISHNAH SOTAH 9:6 — the exam row; the Sifrei 209:1-210:3 — our_hands_have_not_shed
        ->  elders_hands_washed_commanded [status]  the elders' hands washed commanded — the STATUS the line heifer_rite_declared writes on Israel: 'all the elders of that city nearest the slain SHALL WASH THEIR HANDS OVER THE HEIFER whose neck was broken in the valley' (21:6) — in water at the place of the breaking (Mishnah Sotah 9:6 — the exam row; the Sifrei 209:1-2)
        ->  elders_declaration_commanded [status]  the elders' declaration commanded — the STATUS the line heifer_rite_declared writes on Israel: 'AND THEY SHALL ANSWER AND SAY: OUR HANDS HAVE NOT SHED THIS BLOOD and our eyes have not seen' (21:7) — he did not come to us and go without food, we did not see him and leave him without escort (Mishnah Sotah 9:6 — the exam row); the written 'shed' with the plural's letter and the read without (the store's twelfth token); the Sifrei 210:1-3
PASS  [MOVE]  Deut 21:1-9; THE HEAVEN ENTRY innocent_blood_atoned; MISHNAH SOTAH 9:6 — its close; the Sifrei 210:4-9; incense_shekel and refuge by CALL — atone_for_your_people
        ->  innocent_blood_atoned [heaven]  the innocent blood atoned — the HEAVEN entry the line heifer_rite_declared writes on Israel: 'ATONE FOR YOUR PEOPLE ISRAEL whom You redeemed, and lay not innocent blood in the midst of Your people Israel — AND THE BLOOD SHALL BE ATONED FOR THEM' (21:8) — the priests say 'atone' (Onkelos gives the speaker), and the Holy Spirit announces the atonement: when you do so, the blood is atoned (Mishnah Sotah 9:6 — the exam row; the Sifrei 210:4-9); atoned_forgiven Leviticus 4's a different effect; the ransom's word (incense_shekel by CALL)
PASS  [MOVE]  Deut 21:10-14; the Sifrei 211:1-2; midian by CALL — the tape's captives — when_you_go_out_to_war_the_second
        ->  accepted           [heaven]  accepted for him — the offering's acceptance state
PASS  [MOVE]  Deut 21:10-14; THE WRITE captive_wife_permitted; the Sifrei 211:3-5, 212:1 — a_woman_of_beautiful_form
        ->  captive_wife_permitted [status]  the captive wife permitted — the STATUS the line captive_wife_declared writes on Israel: 'and you see among the captives a woman of beautiful form AND DESIRE HER AND TAKE HER FOR A WIFE' (21:11) — even a married woman, one not two; the Torah spoke against the evil inclination; the first act's permission disputed (the Sifrei 211:1-5, 212:1); taken_captive the tape's acts, references (midian by CALL)
PASS  [MOVE]  Deut 21:10-14; THE WRITE captive_mourning_month_commanded; the Sifrei 212:2-213:8 — the nails two arms, Onkelos after R. Akiva — the_head_the_nails_the_garment
        ->  captive_mourning_month_commanded [status]  the captive's mourning month commanded — the STATUS the line captive_wife_declared writes on Israel: 'she shall shave her head and do her nails and remove the garment of her captivity and sit in your house AND BEWAIL HER FATHER AND HER MOTHER A MONTH OF DAYS' (21:12-13) — the nails cut (R. Eliezer) or let grow (R. Akiva — Onkelos after him); her father and mother her idolatry (R. Akiva); thirty days (the Sifrei 212:2-4, 213:1-8); the month a parameter, no timer
PASS  [MOVE]  Deut 21:10-14; THE WRITES captive_release_commanded, captive_sale_barred; the Sifrei 214:1-215:3; primeval by CALL — if_you_delight_not_in_her
        ->  captive_release_commanded [status]  the captive's release commanded — the STATUS the line captive_wife_declared writes on Israel: 'and if you delight not in her, YOU SHALL SEND HER AWAY FOR HERSELF' (21:14) — with a divorce document (the Sifrei 214:1-3 — 24:1's form; the release a divorce, the reading's crown)
        ->  captive_sale_barred [block]  the captive's sale barred — the BLOCK the line captive_wife_declared writes on Israel: 'YOU SHALL SURELY NOT SELL HER FOR MONEY, you shall not deal with her as a slave, since you have humbled her' (21:14) — the doubled verb; Onkelos 'you shall not trade in her'; 'humbled' Hagar's word (primeval by CALL); the Sifrei 214:4-6, 215:1-3
PASS  [MOVE]  Deut 21:15-17; MISHNAH BEKHOROT 8:1 — the exam row; the Sifrei 215:4-216:4; zelophehad, release_firstborn and mamre by CALL — two_wives_loved_and_hated
        ->  accepted           [heaven]  accepted for him — the offering's acceptance state
PASS  [MOVE]  Deut 21:15-17; THE WRITE firstborn_right_transfer_barred; MISHNAH BAVA BATRA 8:5 — the exam row; the Sifrei 216:5, 217:1; family by CALL — on_the_day_he_gives_his_sons_inheritance
        ->  firstborn_right_transfer_barred [block]  the firstborn's right's transfer barred — the BLOCK the line firstborn_portion_declared writes on Israel: 'on the day he gives his sons his inheritance HE MAY NOT MAKE THE LOVED ONE'S SON THE FIRSTBORN over the hated one's son, the firstborn' (21:16) — 'my firstborn shall not take double' nothing said, as a gift it stands (Mishnah Bava Batra 8:5 — the exam row); the four firstborns (Bekhorot 8:1 — the exam row); the Sifrei 215:4-14, 216:1-5, 217:1
PASS  [MOVE]  Deut 21:15-17; THE WRITE firstborn_double_portion_commanded; MISHNAH BEKHOROT 8:9 — the exam row; the Sifrei 217:2-8; family, zelophehad and mamre by CALL — double_of_all_that_he_has
        ->  firstborn_double_portion_commanded [status]  the firstborn's double portion commanded — the STATUS the line firstborn_portion_declared writes on Israel: 'the firstborn, the hated one's son, he shall acknowledge, TO GIVE HIM DOUBLE OF ALL THAT HE HAS, for he is the first of his strength' (21:17) — in the father's property, not the mother's, the held not the due (Mishnah Bekhorot 8:9 — the exam row); double of one share by 'of all that he has' and Jacob's one portion to Joseph (the Sifrei 217:2-8; family and zelophehad by CALL); 'the first of his strength' Reuben's (Genesis 49:3)
        ->  portion_added      [transfer]  one portion added — the TRANSFER the dying father's gift writes to one son above his brothers: 'and I have given you one portion above your brothers, which I took from the hand of the Amorite with my sword and my bow' — the GIFT verb is Mishnah Bava Batra 8:5's 'as a gift, his words stand' and Bekhorot 8:10's dispute (R. Meir: a gift does not return in the jubilee; the sages: as a sale); a HELD portion (Shechem — 33:19's plot, Josh 24:32 Joseph's grave) against the land still due (48:21) — Bekhorot 8:9's 'in the held, not the due'; 'sword and bow' read as prayer (Bava Batra 123a:6)
PASS  [MOVE]  Deut 21:18-21; MISHNAH SANHEDRIN 8:1 — the exam row; the Sifrei 218:1-3 — a_son_not_a_daughter
        ->  exempt             [status]  exempt — no entry opens; the ledger stays clean
PASS  [MOVE]  Deut 21:18-21; MISHNAH SANHEDRIN 8:5 — the exam row; the Sifrei 218:4-5, 220:3 — stubborn_and_rebellious_judged_by_his_end
        ->  accepted           [heaven]  accepted for him — the offering's acceptance state
PASS  [MOVE]  Deut 21:18-21; MISHNAH SANHEDRIN 8:3 — the exam row; the Sifrei 218:6-11 — they_chastise_him_and_he_hears_not
        ->  lashes             [body]  liable to lashes — the flogging entry on the court docket
PASS  [MOVE]  Deut 21:18-21; THE WRITE rebellious_son_seized_commanded; MISHNAH SANHEDRIN 8:4 — the exam row; the Sifrei 219:1-4; festivals_judges and ordinances by CALL — his_father_and_his_mother_seize_him
        ->  rebellious_son_seized_commanded [status]  the rebellious son's seizing commanded — the STATUS the line rebellious_son_declared writes on Israel: 'HIS FATHER AND HIS MOTHER SHALL SEIZE HIM AND BRING HIM OUT TO THE ELDERS OF HIS CITY and to the gate of his place' (21:19) — both willing and able, the five abilities from the five verbs, three then twenty-three (Mishnah Sanhedrin 8:4 — the exam row); a son not a daughter, the window (8:1); the theft's condition (8:3); the parents' pardon (the Sifrei 218:1-11, 219:1-4); Onkelos 'the gate of the court of his place'
        ->  exempt             [status]  exempt — no entry opens; the ledger stays clean
PASS  [MOVE]  Deut 21:18-21; MISHNAH SANHEDRIN 8:2 — the exam row, two arms; the Sifrei 220:1-4; Onkelos 21:20 — a_glutton_and_a_drunkard
        ->  exempt             [status]  exempt — no entry opens; the ledger stays clean
PASS  [MOVE]  Deut 21:18-21; THE WRITE rebellious_son_stoning_commanded; MISHNAH SANHEDRIN 6:4 — the exam row; the Sifrei 220:4, 221:1; mekoshesh, seducers and courts_prophet by CALL — all_the_men_of_his_city_stone_him
        ->  rebellious_son_stoning_commanded [status]  the rebellious son's stoning commanded — the STATUS the line rebellious_son_declared writes on Israel: 'AND ALL THE MEN OF HIS CITY SHALL STONE HIM WITH STONES AND HE SHALL DIE; and you shall purge the evil from your midst, and all Israel shall hear and fear' (21:21) — a tartemar of meat and half a log of wine (Mishnah Sanhedrin 8:2 — the exam row; Onkelos 'a glutton of meat and a drinker of wine'); the city's men a presence, stones then a stone (mekoshesh and seducers by CALL); the purge formula's fifth seat as persons; hear-and-fear's fourth and last (the Sifrei 220:1-4, 221:1)
        ->  stoned             [body]  stoned — the death mode named in ink; for the ox, the beast's own docket entry
        ->  evil_purged_from_the_midst [body]  the evil purged from the midst — THE PURGE FORMULA'S FIRST SEAT OF NINE: 'AND YOU SHALL PURGE THE EVIL FROM YOUR MIDST' (13:6 — the nine seats all in the book: 13:6 the first, then 17:7, 17:12, 19:19, 21:21, 22:21, 22:22, 22:24, 24:7 — each ahead a SECOND ENTRY, the compile's gain from naming the effect at its first seat): a BODY effect written on the condemned person at the exam's case (the false prophet put to death — the_prophets_death a parameter, stoning / strangling; the inciter stoned — 13:11's rite by CALL), never on the tape — 'purge the DOER of evils from Israel' (the Sifrei 86:10): the person removed, the evil with him; the homographs named, not counted — purge_deadline the leaven's timer, purge_commanded Jacob's removal of the foreign gods (Genesis 35:2); Onkelos 'ותפלי עביד דביש מבינך' (and you shall remove the doer of evil from among you)
PASS  [MOVE]  Deut 21:22-23; THE WRITE hanging_after_death_commanded; MISHNAH SANHEDRIN 6:4 — the exam row; the Sifrei 221:1-3; mekoshesh, balak and sanctions by CALL — a_sin_worthy_of_death_and_you_hang_him
        ->  hanging_after_death_commanded [status]  the hanging after death commanded — the STATUS the line hanged_burial_declared writes on Israel: 'when a man has committed a sin worthy of death AND IS PUT TO DEATH, AND YOU HANG HIM ON A TREE' (21:22) — after death, not alive as the kingdom does; a man not a woman; the reviler and the idolater (the sages) or all the stoned (R. Eliezer); not two in one day; the beam sunk or leaning (Mishnah Sanhedrin 6:4 — the exam row; the Sifrei 221:1-5); Numbers 25:4's hanging (balak by CALL), the wood-gatherer's rite (mekoshesh by CALL)
        ->  hanged             [body]  hanged — the BODY entry the birthday writes on the baker: 'and the chief of the bakers he hanged, as Joseph had interpreted to them' (40:22)
PASS  [MOVE]  Deut 21:22-23; the Sifrei 221:4-5; Mishnah Sanhedrin 6:4's eighty — him_and_not_two_in_one_day
        ->  barred_from_it     [block]  barred — a person class may not eat of it; a block on the eater, not the offering
PASS  [MOVE]  Deut 21:22-23; THE WRITES corpse_overnight_barred, same_day_burial_commanded; MISHNAH SANHEDRIN 6:5 — the exam row (I1); the Sifrei 221:6-7; mekoshesh by CALL — his_corpse_shall_not_stay_the_night
        ->  corpse_overnight_barred [block]  the corpse's staying overnight barred — the BLOCK the line hanged_burial_declared writes on Israel: 'HIS CORPSE SHALL NOT STAY THE NIGHT ON THE TREE' (21:23) — every dead overnight a prohibition, except for his honor (Mishnah Sanhedrin 6:5 — the exam row); hanged toward evening and released at once (the Sifrei 221:6-7)
        ->  same_day_burial_commanded [status]  the same-day burial commanded — the STATUS the line hanged_burial_declared writes on Israel: 'BUT YOU SHALL SURELY BURY HIM THAT DAY, for a curse of God is a hanged one' (21:23) — the doubled verb; the court's two graveyards (Mishnah Sanhedrin 6:5 — the exam row); the curse the reviler's, the Name profaned; Onkelos 'because he sinned before the LORD he was hanged'; 'hanged' holds the consonants of Levi (the Sifrei 221:7-8); buried and burial_owed the tape's acts, references
        ->  buried             [status]  buried — the STATUS the burial writes on the dead and closes on the mourner: 'and after this Abraham buried Sarah his wife in the cave of the field of Machpelah' — the first act on the bought land (the possession of Kiddushin 1:5); the burials restated with the deed (25:9, 35:29, 49:31, 50:13); the husband's duty in Mishnah Ketubot 4:4; Rachel buried on the road (48:7) and absent from the cave's list (49:31)
PASS  [MOVE]  Deut 21:22-23; the Sifrei 221:8; Mishnah Sanhedrin 6:4's close; sanctions and pre_sinai by CALL — a_curse_of_god_is_a_hanged_one
        ->  stoned             [body]  stoned — the death mode named in ink; for the ox, the beast's own docket entry
PASS  [MOVE]  Deut 21:22-23; THE WRITE land_defilement_barred; MISHNAH SANHEDRIN 6:3 — the exam row; the Sifrei 221:9-10; refuge's DATA read — not_defile_your_land
        ->  land_defilement_barred [block]  the land's defilement barred — the BLOCK the line hanged_burial_declared writes on Israel: 'AND YOU SHALL NOT DEFILE YOUR LAND which the LORD your God gives you for an inheritance' (21:23) — the court warned (the Sifrei 221:9-10); naked and the cloths (Mishnah Sanhedrin 6:3 — the exam row); the land polluted by blood (Numbers 35:33-34 — refuge's DATA read)
PASS  [DATA]  Deut 19:1-21:23 (the readback table); the readback table — sixty-four rows — the_table
        ->  accepted           [heaven]  accepted for him — the offering's acceptance state
PASS  [DATA]  Deut 19:1-21:23 (the readback table); the rows SUPPLIED with their writes — the_supplied_rows
        ->  accepted           [heaven]  accepted for him — the offering's acceptance state
PASS  [DATA]  Deut 19:1-21:23 (the readback table); the tape's lines by kind and first verse — the_reference_rows
        ->  accepted           [heaven]  accepted for him — the offering's acceptance state
PASS  [DATA]  Deut 19:1-21:23 (the readback table); the one receipt behind (20:17) — the_receipts
        ->  accepted           [heaven]  accepted for him — the offering's acceptance state
PASS  [DATA]  Deut 19:1-21:23 (the readback table); the forms on file — no_state_no_open
        ->  accepted           [heaven]  accepted for him — the offering's acceptance state
PASS  [DATA]  Deut 19:1-21:23 (the readback table); the reading's kin asserts (DJ4) — the_twin_diffed
        ->  accepted           [heaven]  accepted for him — the offering's acceptance state
PASS  [DATA]  Deut 19:1-21:23 (the readback table); no narrative verb — no_retrograde_row
        ->  accepted           [heaven]  accepted for him — the offering's acceptance state

MATRIX: 63/63 cells match the answer sheet
FRACTIONS: pure ink 0/63 (0%) · named moves 56/63 (89%) · data 7/63 (11%) · hypotheses 0/63 (the H class, counted apart — never as compiled)
LEDGER OPS this span writes: block x13, body x8, debit x1, heaven x16, status x42, transfer x1
THE INK: the number verses {'19:2': [3], '19:3': [3], '19:5': [1], '19:7': [3], '19:9': [3], '19:11': [1], '19:15': [1, 2, 3], '19:17': [2], '21:15': [2, 1, 1], '21:17': [2]} (no ordinal; the starred tokens at [(19, 15), (19, 17), (21, 15)]; none in chapter 20); the negations {'19:4': 1, '19:6': 1, '19:10': 1, '19:13': 1, '19:14': 1, '19:15': 1, '19:20': 1, '19:21': 1, '20:1': 1, '20:5': 1, '20:6': 1, '20:7': 1, '20:8': 1, '20:12': 1, '20:15': 1, '20:16': 1, '20:18': 1, '20:19': 2, '20:20': 1, '21:1': 1, '21:3': 2, '21:4': 2, '21:7': 2, '21:14': 3, '21:16': 1, '21:18': 1, '21:23': 2}; the Name 22 bare tokens; the tokens {19: 332, 20: 316, 21: 354}
THE READBACK — THE FORMS ON FILE, NO NEW FORM: 64 rows — {'SUPPLIED': 27, 'VARIANT': 30, 'EXPANDED': 6, 'SHORTENED': 1}; on the tape 17, in the kin's cells by CALL 64 (every cell found True); the SUPPLIED rows ['Deut 19:1', 'Deut 19:3', 'Deut 19:4', 'Deut 19:8', 'Deut 19:14', 'Deut 19:15', 'Deut 19:19', 'Deut 20:1', 'Deut 20:5', 'Deut 20:8', 'Deut 20:9', 'Deut 20:10', 'Deut 20:11', 'Deut 20:15', 'Deut 20:16', 'Deut 20:19', 'Deut 21:1', 'Deut 21:2', 'Deut 21:6', 'Deut 21:7', 'Deut 21:8', 'Deut 21:10', 'Deut 21:13', 'Deut 21:15', 'Deut 21:18', 'Deut 21:19', 'Deut 21:22']; the rows with writes [('Deut 19:1', 'three_cities_separated_commanded'), ('Deut 19:3', 'way_prepared_commanded'), ('Deut 19:4', 'manslayer_flight_permitted'), ('Deut 19:8', 'three_more_cities_conditioned'), ('Deut 19:12', 'murderer_extradition_commanded'), ('Deut 19:13', 'murderer_pity_barred'), ('Deut 19:14', 'landmark_removal_barred'), ('Deut 19:15', 'two_or_three_witnesses_required'), ('Deut 19:18', 'witnesses_inquiry_commanded'), ('Deut 19:19', 'plotting_witness_talion_commanded'), ('Deut 19:21', 'talion_pity_barred'), ('Deut 20:1', 'war_fear_barred'), ('Deut 20:2', 'priest_war_speech_commanded'), ('Deut 20:5', 'officers_exemptions_commanded'), ('Deut 20:8', 'fearful_exemption_commanded'), ('Deut 20:9', 'captains_appointed_commanded'), ('Deut 20:10', 'peace_call_commanded'), ('Deut 20:11', 'tribute_service_commanded'), ('Deut 20:13', 'siege_males_smitten_commanded'), ('Deut 20:14', 'spoil_permitted'), ('Deut 20:15', 'far_cities_scope_declared'), ('Deut 20:16', 'nothing_alive_left_commanded'), ('Deut 20:18', 'abominations_teaching_barred'), ('Deut 20:19', 'fruit_tree_cutting_barred'), ('Deut 20:20', 'siege_works_permitted'), ('Deut 21:1', 'slain_found_measuring_commanded'), ('Deut 21:2', 'slain_found_measuring_commanded'), ('Deut 21:3', 'heifer_neck_broken_commanded'), ('Deut 21:5', 'priests_approach_commanded'), ('Deut 21:6', 'elders_hands_washed_commanded'), ('Deut 21:7', 'elders_declaration_commanded'), ('Deut 21:8', 'innocent_blood_atoned'), ('Deut 21:10', 'captive_wife_permitted'), ('Deut 21:11', 'captive_wife_permitted'), ('Deut 21:13', 'captive_mourning_month_commanded'), ('Deut 21:14', 'captive_release_commanded'), ('Deut 21:15', 'firstborn_double_portion_commanded'), ('Deut 21:16', 'firstborn_right_transfer_barred'), ('Deut 21:17', 'firstborn_double_portion_commanded'), ('Deut 21:18', 'rebellious_son_seized_commanded'), ('Deut 21:19', 'rebellious_son_seized_commanded'), ('Deut 21:21', 'rebellious_son_stoning_commanded'), ('Deut 21:22', 'hanging_after_death_commanded'), ('Deut 21:23', 'corpse_overnight_barred')]; the pointer rows []; the state rows []; the OPEN rows []; the holes 0
THE COUNTER AND THE PARAMETERS: {'counter': (40, 11, 1), 'no_marker': True, 'no_clock_datum': True}; the parameters 44 (in the registry 0, in DATA 44); DATA rows 83
THE SCANS on the one database: the forty-five on Israel []; cities ['israel_people']; pity ['israel_people']; hears-and-fears ['israel_people']; one witness ['israel_people']; two witnesses ['israel_people']; hand first ['israel_people']; abominations ['israel_people']; fear not ['isaac', 'jacob', 'moses', 'yehoshua']; captive ['israel_people', 'lot', 'the_captives_of_midian']; spoil ['israel_people', 'the-sons']; boundary ['the_heap_and_pillar']; hanged ['the_baker']; buried 9; blood ['noach']; atoned 4; firstborn by the head ['esau', 'perez']; hated ['the-sons']; stoned ['the_blasphemer', 'the_wood_gatherer']; put to death 7; purged []; flees []; dwells []; land polluted []; city devoted []; driven out []; lashes []
THE CALLEES: PN ['accepted']; OH ['cities_set_apart']; RG ['accepted'] / two_by_the_prototype; OR merit_by_one_liability_by_two; CP ['two_witnesses_required']; SE ['condemned_city_inquiry_required']; FJ ['accepted']; L24 PAY-MONEY; SN ['exempt']; MD ['slain']; OP ['commanded']; CK ['disqualified']; IS_ ['Exod 30:15']; PV not_obliged_for_her_good_or_ill; FA ['Gen 48:22']; ZL ['portion_added']; MR the_first_to_come_out; RF ['consecrated_firstborn']; MK both verses fulfilled: t; BK ['commanded']; SA stoning; PS_ ['the_executioner']; GL ([], [17], [])
THE EXAM (lean): the twenty-eight Mishnah rows ['Bava Batra 8:5', 'Bekhorot 8:1', 'Bekhorot 8:9', 'Makkot 1:4', 'Makkot 2:2', 'Makkot 2:4', 'Makkot 2:6', 'Makkot 2:7', 'Makkot 2:8', 'Parah 1:1', 'Sanhedrin 6:3', 'Sanhedrin 6:4', 'Sanhedrin 6:5', 'Sanhedrin 8:1', 'Sanhedrin 8:2', 'Sanhedrin 8:3', 'Sanhedrin 8:4', 'Sanhedrin 8:5', 'Sotah 8:1', 'Sotah 8:2', 'Sotah 8:3', 'Sotah 8:5', 'Sotah 8:6', 'Sotah 9:1', 'Sotah 9:2', 'Sotah 9:5', 'Sotah 9:6', 'Sotah 9:9']; segments read 0
THE NARRATIVE: (45, 0, 1, (11, 1), 0, 0, 0, 0) (the forty-five on Israel ['three_cities_separated_commanded', 'way_prepared_commanded', 'land_divided_in_three_commanded', 'three_more_cities_conditioned', 'manslayer_flight_permitted', 'murderer_extradition_commanded', 'murderer_pity_barred', 'innocent_blood_purge_commanded', 'landmark_removal_barred', 'two_or_three_witnesses_required', 'witnesses_inquiry_commanded', 'plotting_witness_talion_commanded', 'talion_pity_barred', 'war_fear_barred', 'priest_war_speech_commanded', 'officers_exemptions_commanded', 'fearful_exemption_commanded', 'captains_appointed_commanded', 'peace_call_commanded', 'tribute_service_commanded', 'siege_males_smitten_commanded', 'spoil_permitted', 'far_cities_scope_declared', 'nothing_alive_left_commanded', 'abominations_teaching_barred', 'fruit_tree_cutting_barred', 'siege_works_permitted', 'slain_found_measuring_commanded', 'heifer_neck_broken_commanded', 'priests_approach_commanded', 'elders_hands_washed_commanded', 'elders_declaration_commanded', 'innocent_blood_atoned', 'captive_wife_permitted', 'captive_mourning_month_commanded', 'captive_sale_barred', 'captive_release_commanded', 'firstborn_double_portion_commanded', 'firstborn_right_transfer_barred', 'rebellious_son_seized_commanded', 'rebellious_son_stoning_commanded', 'hanging_after_death_commanded', 'corpse_overnight_barred', 'same_day_burial_commanded', 'land_defilement_barred'])
THE PARAMETER ROWS: the_readback = 64 rows, 0 holes, 0 open rows; the_counter_and_the_parameters = {'counter': (40, 11, 1), 'no_marker': True, 'no_clock_datum': True}; the_twin_diffed = {'19:1 vs 12:29': 8, '19:4 vs 4:42': 9, '19:4 vs Exod 21:13': 3, '19:6 vs Josh 20:5': 10, '19:8 vs 12:20': 6, '19:9 vs 11:22': 10, '19:13 vs 13:9': 4, '19:15 vs 17:6': 3, '19:15 vs Num 35:30': 1, '19:16 vs Exod 23:1': 2, '19:17 vs 17:9': 3, '19:19 vs 13:6': 3, '19:20 vs 13:12': 7, '19:21 vs Exod 21:24': 4, '20:1 vs 7:18': 6, '20:3 vs 6:4': 2, '20:3 vs 31:6': 5, '20:4 vs 1:30': 5, '20:5 vs 20:6': 11, '20:5 vs 20:7': 11, '20:17 vs Josh 9:1': 5, '21:1 vs 17:2': 7, '21:3 vs Num 19:2': 3, '21:4 vs Exod 13:13': 1, '21:5 vs 18:5': 7, '21:6 vs 21:4': 7, '21:9 vs 12:25': 5, '21:10 vs 20:1': 7, '21:11 vs Gen 29:17': 2, '21:14 vs 24:1': 4, '21:15 vs Gen 4:19': 3, '21:17 vs Gen 49:3': 0, '21:18 vs Jer 5:23': 2, '21:21 vs 13:12': 3, '21:21 vs 22:21': 5, '21:23 vs Gen 9:6': 3}; the_parsers_ten_verses = {'the_numbers': {'19:2': [3], '19:3': [3], '19:5': [1], '19:7': [3], '19:9': [3], '19:11': [1], '19:15': [1, 2, 3], '19:17': [2], '21:15': [2, 1, 1], '21:17': [2]}, 'the_ordinals': {}, 'the_starred': {'19:15': 1, '19:17': 1, '21:15': 3}, 'no_number_in_chapter_20': True} (the other settings recorded in DATA — 83 rows)

THE COMPILE OF CHAPTERS 19-21 (LEAN): the answer sheet REPRODUCED — 63/63
