the guard's count read from the generator's print: 63
assembled /Users/Shared/TorahSim/World/step9/cold_run_refuge_war_family.py 375085 bytes; parts [64932, 48522, 41347, 34132, 145427] tail 40676
runner rc 0
MATRIX: 63/63 cells match the answer sheet
THE COMPILE OF CHAPTERS 19-21 (LEAN): the answer sheet REPRODUCED — 63/63
dependency rc 1
  FAIL POINTER Deut 19:8 AS_WHEN in refuge_war_family ("כאשר נשבע לאבתיך"): NO DISPOSITION
  FAIL POINTER Deut 19:19 AS_WHEN in refuge_war_family ("כאשר זמם לעשות"): NO DISPOSITION
  FAIL POINTER Deut 20:17 AS_WHEN in refuge_war_family ("כאשר צוך יהוה"): NO DISPOSITION
daemon rc 0
index: World/step9/DAEMON_INDEX.md regenerated (78 daemons, 540 functions)
DAEMON GATE: every daemon declared and its watches verified; every kind and effect registered; every compiled function dispositioned; every WRAPPED verified; every OWED on the worklist [gate satisfied]
  TOTAL submits 2878; HISTORY 1319; case rows 1491; statute 62; act/speech-on-tractate 6
recording: 3315 records written
  courts_prophet     worlds 1  total   8  HISTORY   0  case   0  statute  8  act/speech-on-tractate   0  unregistered 0
  refuge_war_family  worlds 1  total  13  HISTORY   0  case   0  statute 13  act/speech-on-tractate   0  unregistered 0
PLACEMENT LITERAL: {'markers': {'text_constrained': 108, 'reading_placed': 49}, 'events': {'text_constrained': 110, 'page_order': 1194, 'reading_placed': 58}}
tape written into /Users/Shared/TorahSim/World/step9/cold_run_sequence.py: 1748 lines
  CENSUS tuple (scanned, history, on tape, case, source-off, register-off, deduped, re-based, closes, markers, F, P, R, kinds, subjects): (2520, 1319, 1362, 1185, 6, 10, 9, 0, 71, 172, 131, 15, 26, 907, 272)
patched: import, DAEMON_ORDER, RUN (writes +45 read), PREVIOUS_RUN (no declared delta), NEWEST_RUNNER, PLACEMENT (read {'markers': {'text_constrained': 108, 'reading_placed': 49}, 'events': {'text_con
tape rc 1
  CHECKPOINT C1 the flood 150 days (7:24, 8:3) vs 7:11->8:4 [OPEN-4] DIVERGE
  CHECKPOINT C3a 430 years in Egypt (Exod 12:40) vs exodus-descent [OPEN-3] DIVERGE
  CHECKPOINT C3d-85 THE JOIN: the covenant placed at Abraham's 85 (bereshit_rabbah_46_2) + Exod 12:40's 430 against the exodus marker, creation year 2449 DIVERGE
  CHECKPOINT C3c-literal the descent-literal setting against the bound DIVERGE  within [0, 350]
  CHECKPOINT C4 Shem 100 at Arpachshad, 2 years after the flood (11:10) vs 5:32 DIVERGE
  CHECKPOINT C10 Methuselah 7 days before the flood (Sanhedrin 108b:5) DIVERGE
  CHECKPOINT CS0 the ark = born + 3 months (2:2) vs the sixth of Sivan (Sotah 12b:16-17) DIVERGE
  CHECKPOINT CS1 the exodus day's weekday by the creation count vs Shabbat 87b:2 (Thursday = 5) DIVERGE
  CHECKPOINT CS4 the manna's first morning (16 Iyar) a Sunday by the shelf (Shabbat 87b:5) vs the creation count DIVERGE
  CHECKPOINT CD8 the Sifrei's THIRTEEN utterances "to Moses and to Aaron" (58:1 — thirteen exclusions of Aaron read at 7:89) against the frame census of the LORD speaking to Moses and to Aaron, Exodus-Numbers (computed; 
  CHECKPOINT CE3 the month of flesh (11:20) FIRED against the Hazeroth marker (2, 3, 22) — the machine's thirty days from the twenty-third against the tradition's inclusive count with a full Iyar (Taanit 29a:3-5): DIVERG
  CHECKPOINT CE8 the LORD going down: the Sifrei's "ten descents are written" (93:1) against the ink's ELEVEN tokens (sitting 3's measurement, the row descents) — DIVERGE expected, OPEN DIVERGE
  CHECKPOINT CF2 the forty days' timer (13:3-25) FIRED against the return marker (2, 5, 9) — the machine's forty from the twenty-ninth against the baraita's Ninth of Av (Taanit 29a:5): DIVERGE by one expected, the inclus
  CHECKPOINT CF6 the ink's "these ten times" (14:22; Pirkei Avot 5:4) against the ledger's tested_the_lord count on Israel at the decree — the exodus story's six murmurings and this sitting's tenth; the calf and the quai
  CHECKPOINT CK4 KORACH'S DEATH-MODE — 26:10 adds "and Korach" among the swallowed (declared True) against 16:32's "every person who belonged to Korach" (Korach named there: False — the name קרח, "Korach", absent from th
  CHECKPOINT CM5 MIRIAM'S DAY — the tape's buried on the arrival's day (40, 1, 1) against the shelf's tenth of Nisan (Seder Olam Rabbah 10:2; the row miriam_death_day): DIVERGE by nine days expected, OPEN — the ink gives
  CHECKPOINT CP8 JOCHEBED'S ROW — the named row "born to Levi in Egypt" as of Num 26:57-62 (26:59's subjectless "bore her"); the Joseph runner's seventy cell by CALL names her the missing one; CJ3b's verdict DIVERGE unch
  CHECKPOINT CA8 THE COMMISSION AND THE PLEA — invested_office on yehoshua ONE (27:22-23) with the commission debit on Moses ONE CLOSED (closed_by beginning "Num 27:22"); see_the_land_from_abarim on Moses ONE OPEN; plea_
  CHECKPOINT CU7 THE STATE — no effect naming a garment, clothing, a shoe or a swelling on israel_people (the SUPPLIED grade's assertion, run on the running world with the runner's own word list); the readback's SUPPLIED
  CHECKPOINT DA6 THE STIFF NECK — no effect naming stiff / neck / nape on israel_people (the state in the first telling, Exodus 32:9 — no entry, no write; the runner's own word list, run on the running world); the DATA r
  CHECKPOINT DG7 THE REGISTER AND THE EDGES — NO register seat at Deut 15 (the reading's finder: no receipt, no header, no footer, no count line; 15:2's "this is the word of" and 15:6's "as He spoke" each outside the for
  CHECKPOINT DJ1 THE LINES — thirteen events on the tape AFTER the tape's last Deuteronomy 18 line, in the ink's order (19:1, 19:4, 19:14, 19:15, 20:1, 20:10, 20:16, 20:19, 21:1, 21:10, 21:15, 21:18, 21:22), all page_ord
  CHECKPOINT DJ2 THE WRITES — the forty-five NEW ONE each on israel_people with their lines' first verses (19:1 four, 19:4 four, 19:14 one, 19:15 four, 20:1 five, 20:10 five, 20:16 two, 20:19 two, 21:1 six, 21:10 four, 2
  CHECKPOINT DJ3 THE READBACK — THE FORMS ON FILE, NO NEW FORM: the_readback's rows SIXTY-FOUR, one per verse (the census from the runner's print: SUPPLIED 27, VARIANT 30, EXPANDED 6, SHORTENED 1), every reference row's 
checkpoint_check: 331 rows, 20 miss, 0 raised — the tape stepped to its end in 26s
tape chain rc 0
scan census rc 1
