=== chain 00:57:48
exit 0 Manual next: watchlist (logic/middot_scan/), state-doc update, owner commit word.
=== seat deu_21_eglah_family 00:59:21
deu_21_eglah_family: seated 5 operators on 5 steps [1, 10, 15, 18, 22]; scenarios 7 in the anchor form
=== verify_text deu_21_eglah_family 00:59:21
exit 0 TEXT LAYER GREEN: 23 steps, 7 scenarios — deu_21_eglah_family
=== ritual deu_21_eglah_family 00:59:21
exit 0 Manual next: watchlist (logic/middot_scan/), state-doc update, owner commit word.
ALL_DONE
verify_text deu_19_miklat_witness: TEXT LAYER GREEN: 21 steps, 7 scenarios — deu_19_miklat_witness
verify_text deu_20_war_rules: TEXT LAYER GREEN: 20 steps, 7 scenarios — deu_20_war_rules
verify_text deu_21_eglah_family: TEXT LAYER GREEN: 23 steps, 7 scenarios — deu_21_eglah_family
=== fold 01:00:00
=== CHECK AFTER THE BAKE
CORPUS TRUTH GREEN — one world, 235 units, 1809 facts, 341 demands (191 open), hash 8b8fff1fa28953af
27:assert len(W["units"]) == 235
32:assert len(W["standing"]) == 2288
37:assert corpus_world._state_hash(W) == '8b8fff1fa28953af'
=== build_world 01:01:29
exit 0 |   ALL GREEN — the one database agrees with the fold
=== journal_gate 01:02:30
exit 0 | GATE GREEN — the replay is the audit, the running world is the instrument
=== register_gate 01:08:00
exit 0 | THE REGISTER GATE: GREEN
=== large_letter 01:08:02
exit 0 | 6/6
=== home_gate 01:08:03
exit 0 | THE HOME-PATH GATE: GREEN — 0 tracked text files carry a username or a home path
ALL GREEN 01:08:06
