==== A0. THE TWO DIVISIONS — the export's chapter 19 against the DB's
  DB verses 21 | export verses HE 21 EN 21 | per-chapter export lengths vs DB, chapters 1-21: [(5, 30, 33)]
  the alignment cost 16 | export verses mapped to MORE THAN ONE DB verse: {}
  the offset per export verse (DB minus export, the first DB verse of each): Counter({0: 21}) | the runs: [(1, 1, 1), (16, 16, 16), (17, 17, 17), (18, 18, 18), (19, 19, 19)]
  the shared export verse against its DB verses (tokens, negations): []
==== A. THE SHELF BY POSITION — the Sifrei on Deuteronomy around chapter 19
  piskaot 357 357 rows 2357 2357
  heads 177-223 (HE first citation | rows | EN first quote):
   177 head (18, 19) | HE rows  1 EN rows  1 | 'Now, as for the person who does not obey my words'
   178 head (18, 20) | HE rows  3 EN rows  3 | 'But the prophet so defiant as to speak a word in My Namewhic'
   179 head (19, 1) | HE rows  2 EN rows  2 | 'When HASHEM your God cuts down the gentiles'
   180 head (19, 2) | HE rows  8 EN rows  8 | 'Pisq’a 180206H: 204; JN2: 60.1. You shall designate for your'
   181 head (19, 4) | HE rows  6 EN rows  6 | 'Now, this rule is applied to the unwitting killer'
   182 head (19, 5) | HE rows  2 EN rows  2 | 'When he goes into the forest with his kinsman'
   183 head None | HE rows  8 EN rows  8 | 'And his hand wields the ax to cut down the tree'
   184 head (19, 8) | HE rows  3 EN rows  3 | 'If HASHEM your God will expand your border'
   185 head (19, 9) | HE rows  3 EN rows  3 | 'If you preserve all this commandment, to perform it . . .,th'
   186 head (19, 10) | HE rows  2 EN rows  2 | '186-187.'
   187 head None | HE rows  7 EN rows  7 | '2. On this basis R. Yose b. R. Judah taught:[Originally,]242'
   188 head (19, 14) | HE rows 11 EN rows 11 | 'You shall not remove your kinsman’s boundary marker'
   189 head (19, 16) | HE rows  2 EN rows  2 | 'If a malicious witness offers testimony against a man, charg'
   190 head (19, 17) | HE rows 21 EN rows 21 | 'Then the two men who have a dispute shall stand before HASHE'
   191 head (20, 2) | HE rows  1 EN rows  1 | 'When you draw close to battle'
   192 head (20, 8) | HE rows  3 EN rows  3 | 'another version'
   193 head (20, 4) | HE rows  6 EN rows  6 | 'But HASHEM your God is marching with you'
   194 head (20, 5) | HE rows  6 EN rows  6 | 'Who is the man who has built a new house'
   195 head (20, 6) | HE rows  7 EN rows  7 | 'Who is the man who has planted a vineyard'
   196 head (20, 7) | HE rows  3 EN rows  3 | 'Who is the man who has betrothed a woman'
   197 head (20, 8) | HE rows  4 EN rows  4 | 'And the officers shall continueto speak with the people, say'
   198 head (20, 9) | HE rows  1 EN rows  1 | 'And when the officers had finished'
   199 head (20, 10) | HE rows  5 EN rows  5 | 'When you approach a city'
   200 head (20, 11) | HE rows  7 EN rows  7 | 'Now, if it answers you with peace'
   201 head (20, 15) | HE rows  4 EN rows  4 | 'This is how you must treat all the distant cities'
   202 head (20, 18) | HE rows  2 EN rows  2 | 'So that they do not teach you to commit any of the abominati'
   203 head (20, 19) | HE rows 10 EN rows 10 | 'If you lay siege to a city'
   204 head (20, 20) | HE rows  6 EN rows  6 | 'Only, the tree which you know to have been useless'
   205 head (21, 1) | HE rows 11 EN rows 11 | 'Should you find a murder-victim'
   206 head (21, 3) | HE rows  5 EN rows  5 | 'After the city closest to the murder victim has been determi'
   207 head (21, 4) | HE rows  5 EN rows  5 | 'Now, the elders of that city shall bring the calf down'
   208 head (21, 5) | HE rows  4 EN rows  4 | 'Then the Priests, the sons of Levi, shall approach'
   209 head (21, 6) | HE rows  2 EN rows  2 | 'Then, all the elders of that city'
   210 head (21, 7) | HE rows  9 EN rows  9 | 'And they shall respond, saying:'
   211 head (21, 10) | HE rows  8 EN rows  8 | 'When you go out to battle'
   212 head (21, 12) | HE rows  4 EN rows  4 | 'And you may bring her into the inner-most chamber of your ho'
   213 head (21, 13) | HE rows  8 EN rows  8 | 'And she shall remove from herself the garment of her captivi'
   214 head (21, 14) | HE rows  6 EN rows  6 | 'Should you no longer desire her'
   215 head (21, 15) | HE rows 16 EN rows 16 | 'Should a man have two wives'
   216 head (21, 16) | HE rows  5 EN rows  5 | 'So when the day comes to bequeath to his sons'
   217 head (21, 17) | HE rows  8 EN rows  8 | 'Rather, he must recognize the First-born son of the rejected'
   218 head (21, 18) | HE rows 11 EN rows 11 | 'Should a man have a son'
   219 head (21, 19) | HE rows  4 EN rows  4 | 'Then his father and mother shall seize him'
   220 head (21, 21) | HE rows  4 EN rows  4 | 'Then all the populace of his city shall pummel46Heb: regemuh'
   221 head (21, 22) | HE rows 10 EN rows 10 | 'Now, if a man commits a sin worthy of the sentence of death,'
   222 head None | HE rows  8 EN rows  8 | 'When you see63Heb: tir’eh; root: r-‘-h. your rival’s ass cro'
   223 head (22, 2) | HE rows  4 EN rows  4 | 'But if your brother does not live near you'
  heads whose chapter is 19 : [(179, (19, 1)), (180, (19, 2)), (181, (19, 4)), (182, (19, 5)), (184, (19, 8)), (185, (19, 9)), (186, (19, 10)), (188, (19, 14)), (189, (19, 16)), (190, (19, 17))] | heads by chapter 1-21: [(1, 24), (3, 4), (6, 6), (11, 21), (12, 20), (13, 14), (14, 14), (15, 16), (16, 19), (17, 16), (18, 16), (19, 10), (20, 14), (21, 17), (22, 22), (23, 22), (24, 16), (25, 10), (26, 4), (31, 1), (32, 36)]
  HE rows citing Deut 19 (the export's verse → the DB's): 24 [(80, 3, 1, [1]), (148, 1, 15, [15]), (179, 1, 1, [1]), (180, 1, 2, [2]), (180, 5, 3, [3]), (181, 1, 4, [4]), (181, 2, 6, [6]), (182, 1, 5, [5]), (183, 5, 6, [6]), (183, 8, 7, [7]), (184, 1, 8, [8]), (185, 1, 9, [9]), (186, 1, 10, [10]), (186, 2, 11, [11]), (188, 1, 14, [14]), (188, 4, 15, [15]), (189, 1, 16, [16]), (190, 1, 17, [17]), (190, 3, 15, [15]), (190, 7, 18, [18]), (190, 10, 19, [19]), (190, 12, 21, [21]), (190, 14, 21, [21]), (293, 2, 21, [21])]
  EN rows citing Deut 19 : 96 [(80, 3, 1, [1]), (148, 1, 15, [15]), (179, 1, 1, [1]), (179, 2, 1, [1]), (179, 2, 1, [1]), (180, 1, 2, [2]), (180, 2, 2, [2]), (180, 3, 2, [2]), (180, 4, 2, [2]), (180, 5, 3, [3]), (180, 6, 3, [3]), (180, 7, 3, [3]), (180, 8, 3, [3]), (181, 1, 4, [4]), (181, 1, 4, [4]), (181, 2, 6, [6]), (181, 2, 4, [4]), (181, 2, 6, [6]), (181, 3, 6, [6]), (181, 3, 4, [4]), (181, 3, 6, [6]), (181, 5, 4, [4]), (181, 5, 5, [5]), (181, 5, 5, [5]), (181, 5, 4, [4]), (181, 6, 4, [4]), (182, 1, 5, [5]), (182, 2, 5, [5]), (183, 1, 5, [5]), (183, 2, 5, [5]), (183, 2, 5, [5]), (183, 4, 5, [5]), (183, 5, 6, [6]), (183, 6, 7, [7]), (183, 7, 7, [7]), (183, 8, 7, [7]), (184, 1, 8, [8]), (184, 1, 8, [8]), (184, 2, 8, [8]), (184, 3, 8, [8]), (185, 1, 9, [9]), (185, 1, 9, [9]), (185, 2, 9, [9]), (185, 2, 9, [9]), (185, 3, 9, [9]), (185, 3, 9, [9]), (185, 3, 9, [9]), (186, 1, 10, [10]), (186, 2, 11, [11]), (186, 2, 11, [11]), (187, 2, 12, [12]), (187, 6, 12, [12]), (187, 6, 12, [12]), (187, 6, 13, [13]), (187, 7, 13, [13]), (188, 1, 14, [14]), (188, 1, 14, [14]), (188, 2, 14, [14]), (188, 3, 14, [14]), (188, 3, 14, [14]), (188, 3, 14, [14]), (188, 3, 14, [14]), (188, 4, 15, [15]), (188, 4, 15, [15]), (188, 6, 15, [15]), (188, 7, 15, [15]), (188, 8, 15, [15]), (188, 8, 15, [15]), (188, 9, 15, [15]), (188, 10, 15, [15]), (188, 11, 15, [15]), (189, 1, 16, [16]), (189, 1, 16, [16]), (189, 2, 16, [16]), (190, 1, 17, [17]), (190, 1, 17, [17]), (190, 2, 17, [17]), (190, 2, 17, [17]), (190, 3, 15, [15]), (190, 4, 17, [17]), (190, 5, 17, [17]), (190, 6, 17, [17]), (190, 7, 18, [18]), (190, 9, 18, [18]), (190, 9, 18, [18]), (190, 9, 18, [18]), (190, 10, 19, [19]), (190, 12, 19, [19]), (190, 12, 21, [21]), (190, 13, 19, [19]), (190, 13, 19, [19]), (190, 14, 21, [21]), (190, 15, 21, [21]), (190, 16, 21, [21]), (293, 2, 21, [21]), (293, 2, 21, [21])]
  EN "ibid 19:n" candidates: 0
  the union of rows (both files): 64 [(80, 3), (148, 1), (179, 1), (179, 2), (180, 1), (180, 2), (180, 3), (180, 4), (180, 5), (180, 6), (180, 7), (180, 8), (181, 1), (181, 2), (181, 3), (181, 5), (181, 6), (182, 1), (182, 2), (183, 1), (183, 2), (183, 4), (183, 5), (183, 6), (183, 7), (183, 8), (184, 1), (184, 2), (184, 3), (185, 1), (185, 2), (185, 3), (186, 1), (186, 2), (187, 2), (187, 6), (187, 7), (188, 1), (188, 2), (188, 3), (188, 4), (188, 6), (188, 7), (188, 8), (188, 9), (188, 10), (188, 11), (189, 1), (189, 2), (190, 1), (190, 2), (190, 3), (190, 4), (190, 5), (190, 6), (190, 7), (190, 9), (190, 10), (190, 12), (190, 13), (190, 14), (190, 15), (190, 16), (293, 2)]
  the rows OUTSIDE the spine piskaot (the union less the on-chapter piskaot 179 - 190 ): 13 [(80, 3), (148, 1), (183, 1), (183, 2), (183, 4), (183, 5), (183, 6), (183, 7), (183, 8), (187, 2), (187, 6), (187, 7), (293, 2)] | in-spine rows of the union: 51
  outside rows file bytes 8264
==== B. ONKELOS chapter 19 and the DB (the dump per DB verse; a shared export row printed at its first DB verse)
  the store's chapter 19 verses 21 | verses whose store token count differs from the DB: []
  token count chapter 19 : 332
  onkelos dump bytes 27019
==== C. THE PARSER on every verse of chapter 19
  19:2   N [3]                      O []             marked []
  19:3   N [3]                      O []             marked []
  19:5   N [1]                      O []             marked []
  19:7   N [3]                      O []             marked []
  19:9   N [3]                      O []             marked []
  19:11  N [1]                      O []             marked []
  19:15  N [1, 2, 3]                O []             marked ['שני^']
  19:17  N [2]                      O []             marked ['שני^']
  number-word tokens present per verse (the bare check against the parser): {'19:3': ['ושלשת'], '19:5': ['אחת'], '19:7': ['שלש'], '19:8': ['נשבע'], '19:9': ['שלש', 'השלש'], '19:11': ['אחת'], '19:15': ['אחד', 'שני', 'שלשה'], '19:17': ['שני']}
  19:1 tokens: ['כי', 'יכרית', 'יהוה', 'אלהיך', 'את', 'הגוים', 'אשר', 'יהוה', 'אלהיך', 'נתן', 'לך', 'את', 'ארצם', 'וירשתם', 'וישבת', 'בעריהם', 'ובבתיהם']
  19:2 tokens: ['שלוש', 'ערים', 'תבדיל', 'לך', 'בתוך', 'ארצך', 'אשר', 'יהוה', 'אלהיך', 'נתן', 'לך', 'לרשתה']
  19:3 tokens: ['תכין', 'לך', 'הדרך', 'ושלשת', 'את', 'גבול', 'ארצך', 'אשר', 'ינחילך', 'יהוה', 'אלהיך', 'והיה', 'לנוס', 'שמה', 'כל', 'רצח']
  19:5 tokens: ['ואשר', 'יבא', 'את', 'רעהו', 'ביער', 'לחטב', 'עצים', 'ונדחה', 'ידו', 'בגרזן', 'לכרת', 'העץ', 'ונשל', 'הברזל', 'מן', 'העץ', 'ומצא', 'את', 'רעהו', 'ומת', 'הוא', 'ינוס', 'אל', 'אחת', 'הערים', 'האלה', 'וחי']
  19:7 tokens: ['על', 'כן', 'אנכי', 'מצוך', 'לאמר', 'שלש', 'ערים', 'תבדיל', 'לך']
  19:8 tokens: ['ואם', 'ירחיב', 'יהוה', 'אלהיך', 'את', 'גבלך', 'כאשר', 'נשבע', 'לאבתיך', 'ונתן', 'לך', 'את', 'כל', 'הארץ', 'אשר', 'דבר', 'לתת', 'לאבתיך']
  19:9 tokens: ['כי', 'תשמר', 'את', 'כל', 'המצוה', 'הזאת', 'לעשתה', 'אשר', 'אנכי', 'מצוך', 'היום', 'לאהבה', 'את', 'יהוה', 'אלהיך', 'וללכת', 'בדרכיו', 'כל', 'הימים', 'ויספת', 'לך', 'עוד', 'שלש', 'ערים', 'על', 'השלש', 'האלה']
  19:11 tokens: ['וכי', 'יהיה', 'איש', 'שנא', 'לרעהו', 'וארב', 'לו', 'וקם', 'עליו', 'והכהו', 'נפש', 'ומת', 'ונס', 'אל', 'אחת', 'הערים', 'האל']
  19:15 tokens: ['לא', 'יקום', 'עד', 'אחד', 'באיש', 'לכל', 'עון', 'ולכל', 'חטאת', 'בכל', 'חטא', 'אשר', 'יחטא', 'על', 'פי', 'שני^', 'עדים', 'או', 'על', 'פי', 'שלשה', 'עדים', 'יקום', 'דבר']
  19:17 tokens: ['ועמדו', 'שני^', 'האנשים', 'אשר', 'להם', 'הריב', 'לפני', 'יהוה', 'לפני', 'הכהנים', 'והשפטים', 'אשר', 'יהיו', 'בימים', 'ההם']
  19:21 tokens: ['ולא', 'תחוס', 'עינך', 'נפש', 'בנפש', 'עין', 'בעין', 'שן', 'בשן', 'יד', 'ביד', 'רגל', 'ברגל']
==== D. CASE TOKENS, FRAMES, REGISTER, NAMES
  case tokens (כי "when/for" / אם "if" / ואם / או "or" / פן "lest"): {'19:1': ['כי'], '19:6': ['פן', 'כי', 'כי', 'כי'], '19:8': ['ואם'], '19:9': ['כי'], '19:15': ['או'], '19:16': ['כי']}
  divine frames (ויאמר/וידבר + יהוה): []
  לאמר "saying" seats: ['19:7']
  narrative-form verbs (V.w) per verse: {}
  first-person verb forms (1cs / 1cp) per verse: {}
  imperatives (Vq.v / Vp.v / Vh.v) per verse: {}
  prohibitions לא + imperfect (the ten's form) per verse: {4: [], 6: [], 10: [('ישפך', 'HVNi3ms')], 13: [('תחוס', 'HVqi3fs')], 14: [('תסיג', 'HVhi2ms')], 15: [('יקום', 'HVqi3ms')], 20: [('יספו', 'HVhi3mp')], 21: [('תחוס', 'HVqi3fs')]}
  name tokens (Np): {1: ['יהוה', 'יהוה'], 2: ['יהוה'], 3: ['יהוה'], 8: ['יהוה', 'נשבע'], 9: ['יהוה'], 10: ['יהוה'], 13: ['מישראל'], 14: ['יהוה'], 17: ['יהוה']}
  second-person plural vs singular (2mp / 2ms tokens per verse): {1: (0, 5), 2: (0, 4), 3: (0, 6), 4: (0, 0), 5: (0, 0), 6: (0, 0), 7: (0, 2), 8: (0, 5), 9: (0, 5), 10: (0, 4), 11: (0, 0), 12: (0, 0), 13: (0, 2), 14: (0, 6), 15: (0, 0), 16: (0, 0), 17: (0, 0), 18: (0, 0), 19: (1, 2), 20: (0, 1), 21: (0, 1)}
==== E. THE REGISTER GATE on Deut 19
  dispositions naming Deut 19: []
  REGISTER_INDEX lines on Deut 19:
       Deut 19:11  MEASURE-ONLY  green    souls [1] | measures [1]
==== F. THE PRIOR READS
  ledgers with an Onkelos Deut 19 row: []
  prior Sifrei Devarim rows anywhere (strict form), those among the outside rows: [('deu_12_reeh_2026-09-20.md', 80, 3), ('deu_12_reeh_2026-09-20.md', 179, 2), ('deu_13_reeh_2026-09-21.md', 189, 1), ('deu_13_reeh_2026-09-21.md', 190, 7), ('deu_17_18_shoftim_2026-09-24.md', 148, 1), ('deu_17_18_shoftim_2026-09-24.md', 190, 3), ('deu_17_18_shoftim_2026-09-24.md', 190, 7)] | all prior rows count 1299
  ledgers NAMING a verse of Deut 19: 11
    ('deu_01_03_devarim_exam_2026-09-15.md', 7, ['Deuteronomy 19:15', 'Deuteronomy 19:3', 'Deuteronomy 19:4', 'Deuteronomy 19:5', 'Deuteronomy 19:9'])
    ('deu_05_vaetchanan_exam_2026-09-16.md', 1, ['Deuteronomy 19:16-21'])
    ('exodus_block_courts_2026-09-04.md', 1, ['Deut 19:17'])
    ('num_04_07_naso_exam_2026-09-10.md', 1, ['Deut 19:15'])
    ('num_05_sotah_2026-09-09.md', 1, ['Deut 19:15'])
    ('num_14_rejection_2026-09-10.md', 2, ['Deut 19:21'])
    ('num_30_vows_exam_2026-09-12.md', 2, ['Deut 19:4', 'Deut 19:5'])
    ('num_31_midian_exam_2026-09-12.md', 1, ['Deuteronomy 19:19'])
    ('num_35_refuge_cities_2026-09-13.md', 9, ['Deuteronomy 19:1-13', 'Deuteronomy 19:11', 'Deuteronomy 19:3', 'Deuteronomy 19:4', 'Deuteronomy 19:6'])
    ('num_35_refuge_cities_exam_2026-09-13.md', 27, ['Deuteronomy 19:11', 'Deuteronomy 19:12', 'Deuteronomy 19:3', 'Deuteronomy 19:4', 'Deuteronomy 19:5', 'Deuteronomy 19:6'])
    ('sheviit_topic_docket_2026-09-05.md', 1, ['Deut 19:4'])
  ledgers with an Onkelos Num 35 / Exod 21 / Exod 23 / Exod 20 / Deut 4 / Deut 27 / Deut 17 / Lev 24 row (the kin's reading — the cities of refuge Numbers 35:9-34, Exodus 21:12-14 and 4:41-43 for 19:1-13; the landmark 27:17 for 19:14; the witnesses 17:6 and Numbers 35:30, the false witness Exodus 23:1 and 20:13, the measure Leviticus 24:19-20 and Exodus 21:23-25 for 19:15-21): ['deu_04_vaetchanan_2026-09-16.md', 'deu_17_18_shoftim_2026-09-24.md', 'exo_23_escort_land_2026-09-01.md', 'exo_23_justice_calendar_2026-09-01.md', 'lev_24_first_call_2026-09-05.md', 'lev_24_lamp_bread_blasphemer_2026-09-05.md', 'num_35_refuge_cities_2026-09-13.md'] | ledgers with an Onkelos row of the Prophets (never read ahead — expected none): []
==== G. THE DRAFTS
  deu_18_levi_prophet: refs 18:1-22; steps (18, 1)..(18, 22) n=22; draft False; operators True; depends_on ['    - "deu_17_courts_king"\n    - "num_18_priest_levite_dues"\n']; scenarios 29; binary_trees True; step E True; comment lines 27
  deu_19_miklat_witness: refs 19:1-21; steps (19, 1)..(19, 21) n=21; draft True; operators False; depends_on ['    - "deu_18_levi_prophet"\n    - "num_35_refuge_cities"\n    - "deu_04_refuge_east"\n']; scenarios 28; binary_trees True; step E False; comment lines 25
    the step verses: [1, 2, 3, 4, 5, 6, 7, 8, 9, 10, 11, 12, 13, 14, 15, 16, 17, 18, 19, 20, 21] | covers DB 21 ? True
  the units' claim prefixes present anywhere? {'DV19': 0, 'DV19A': 0, 'DV19B': 0, 'DV18': 2, 'DV20': 0}
  existing manifests deu_19*: [] | ledgers deu_*: ['deu_01_03_devarim_2026-09-15.md', 'deu_01_03_devarim_exam_2026-09-15.md', 'deu_04_vaetchanan_2026-09-16.md', 'deu_04_vaetchanan_exam_2026-09-16.md', 'deu_05_vaetchanan_2026-09-16.md', 'deu_05_vaetchanan_exam_2026-09-16.md', 'deu_06_vaetchanan_2026-09-17.md', 'deu_06_vaetchanan_exam_2026-09-17.md', 'deu_07_vaetchanan_ekev_2026-09-17.md', 'deu_07_vaetchanan_ekev_exam_2026-09-18.md', 'deu_08_ekev_2026-09-18.md', 'deu_08_ekev_exam_2026-09-19.md', 'deu_09_ekev_2026-09-19.md', 'deu_09_ekev_exam_2026-09-19.md', 'deu_10_ekev_2026-09-19.md', 'deu_10_ekev_exam_2026-09-20.md', 'deu_11_ekev_reeh_2026-09-20.md', 'deu_11_ekev_reeh_exam_2026-09-20.md', 'deu_12_reeh_2026-09-20.md', 'deu_12_reeh_exam_2026-09-20.md', 'deu_13_reeh_2026-09-21.md', 'deu_13_reeh_exam_2026-09-21.md', 'deu_14_reeh_2026-09-21.md', 'deu_14_reeh_exam_2026-09-21.md', 'deu_15_reeh_2026-09-22.md', 'deu_15_reeh_exam_2026-09-23.md', 'deu_16_reeh_shoftim_2026-09-23.md', 'deu_16_reeh_shoftim_exam_2026-09-23.md', 'deu_17_18_shoftim_2026-09-24.md', 'deu_17_18_shoftim_exam_2026-09-24.md']
  unit count and standing (CORPUS_TRUTH literals): []
==== H. THE STORE'S GLOSSES on chapter 19
  gloss Counter (the 50 commonest): [('which', 14), ('to-you/your', 10), ('YHWH', 9), ('obj-marker·et', 9), ('God-you/your', 8), ('that', 6), ('not', 5), ('concretely', 5), ('set', 4), ('three', 4), ('all', 4), ('to-him/its', 4), ('over', 4), ('city', 3), ('earth-you/your', 3), ('associate-him/its', 3), ('hate', 3), ('and-die', 3), ('one', 3), ('the-these', 3), ('living-being', 3), ('and-not', 3), ('blood--of-man', 3), ('arise', 3), ('divide', 2), ('to-possess/inherit-her/its', 2), ('the-way/road', 2), ('cord', 2), ('and-be', 2), ('there-suffix', 2), ('word/thing', 2), ('the-dash-in-pieces', 2), ('flit', 2), ('and-live', 2), ('from-ago', 2), ('trebly', 2), ('the-tree', 2), ('he/it', 2), ('to', 2), ('the-city', 2), ('be-the-next-of-kin', 2), ('the-blood--of-man', 2), ('and-strike-him/its', 2), ('?', 2), ('command-you/your', 2), ('like-as/which', 2), ('to-father-you/your', 2), ('and-set', 2), ('the-this', 2), ('the-day', 2)]
  gloss file bytes 10040
  overrides already for Deut.19: [] | by_ref last Deut.18 line: ['  "Deut.18.22:20": "be-afraid"   # תגור']
==== I. THE SPINE ON THE CHAPTER — the Sifrei piskaot whose head is in chapter 19 (the spine on the chapter an eleventh time), whole
  SPINE (computed from the heads): [179, 180, 181, 182, 184, 185, 186, 188, 189, 190] | contiguous? False | the heads by verse: [(179, 1), (180, 2), (181, 4), (182, 5), (184, 8), (185, 9), (186, 10), (188, 14), (189, 16), (190, 17)] | the heads before and after: {178: (18, 20), 191: (20, 2)}
  rows per piska (HE, EN): {179: (2, 2), 180: (8, 8), 181: (6, 6), 182: (2, 2), 184: (3, 3), 185: (3, 3), 186: (2, 2), 188: (11, 11), 189: (2, 2), 190: (21, 21)} | total HE rows 60 | HE == EN everywhere? True
  spine file bytes 50970 | bytes per piska HE+EN: {179: 777, 180: 1673, 181: 4479, 182: 1878, 184: 713, 185: 1540, 186: 2062, 188: 9269, 189: 2498, 190: 13350}
  prior reads among the spine rows (any ledger): [('deu_12_reeh_2026-09-20.md', 179, 2), ('deu_13_reeh_2026-09-21.md', 189, 1), ('deu_13_reeh_2026-09-21.md', 190, 7), ('deu_13_reeh_2026-09-21.md', 190, 8), ('deu_17_18_shoftim_2026-09-24.md', 190, 3), ('deu_17_18_shoftim_2026-09-24.md', 190, 7)]
  the spine rows citing a verse of chapter 19 in the Hebrew (p, r, the export verses): [(179, 1, [1]), (180, 1, [2]), (180, 5, [3]), (181, 1, [4]), (181, 2, [6]), (182, 1, [5]), (184, 1, [8]), (185, 1, [9]), (186, 1, [10]), (186, 2, [11]), (188, 1, [14]), (188, 4, [15]), (189, 1, [16]), (190, 1, [17]), (190, 3, [15]), (190, 7, [18]), (190, 10, [19]), (190, 12, [21]), (190, 14, [21])]
  the spine rows' own Hebrew citations (book, chapter, verse) by row: [(179, 1, [('דברים', 19, 1)]), (179, 2, [('דברים', 12, 29)]), (180, 1, [('דברים', 19, 2)]), (180, 5, [('דברים', 19, 3)]), (181, 1, [('דברים', 19, 4), ('מכות', 2, 8)]), (181, 2, [('דברים', 19, 6)]), (182, 1, [('דברים', 19, 5)]), (184, 1, [('דברים', 19, 8)]), (185, 1, [('דברים', 19, 9)]), (186, 1, [('דברים', 19, 10)]), (186, 2, [('דברים', 19, 11), ('ויקרא', 19, 18), ('ויקרא', 19, 17), ('ויקרא', 25, 36)]), (188, 1, [('דברים', 19, 14), ('ויקרא', 19, 13)]), (188, 4, [('דברים', 19, 15)]), (189, 1, [('דברים', 19, 16), ('דברים', 13, 6), ('ירמיה', 28, 16)]), (190, 1, [('דברים', 19, 17)]), (190, 3, [('דברים', 19, 15)]), (190, 6, [('קהלת', 7, 10)]), (190, 7, [('דברים', 19, 18), ('דברים', 17, 4), ('דברים', 13, 15)]), (190, 10, [('דברים', 19, 19)]), (190, 11, [('שמות', 20, 13)]), (190, 12, [('דברים', 19, 21)]), (190, 14, [('דברים', 19, 21), ('דברים', 25, 12)]), (190, 15, [('שמות', 21, 24)]), (190, 17, [('יואל', 2, 16), ('דברים', 20, 1), ('שמות', 15, 1)])]
  the spine rows' English citations by row: [(179, 1, ['Dt.19:1']), (179, 2, ['Dt.19:1', 'Dt.19:1']), (180, 1, ['Dt.19:2']), (180, 2, ['Dt.19:2']), (180, 3, ['Dt.19:2']), (180, 4, ['Dt.19:2']), (180, 5, ['Dt.19:3']), (180, 6, ['Dt.19:3']), (180, 7, ['Dt.19:3']), (180, 8, ['Dt.19:3']), (181, 1, ['Dt.19:4', 'Dt.19:4']), (181, 2, ['Dt.19:6', 'Dt.19:4', 'Dt.19:6']), (181, 3, ['Dt.19:6', 'Dt.19:4', 'Dt.19:6']), (181, 4, ['Nu.35:6', 'Nu.35:11', 'Nu.35:15']), (181, 5, ['Dt.19:4', 'Dt.19:5', 'Dt.19:5', 'Dt.19:4']), (181, 6, ['Dt.19:4']), (182, 1, ['Dt.19:5']), (182, 2, ['Dt.19:5']), (184, 1, ['Dt.19:8', 'Dt.19:8']), (184, 2, ['Dt.19:8']), (184, 3, ['Dt.19:8']), (185, 1, ['Dt.19:9', 'Nu.35:14', 'Nu.35:14', 'Dt.19:9']), (185, 2, ['Nu.35:14', 'Dt.19:9', 'Dt.19:9']), (185, 3, ['Nu.35:14', 'Nu.35:14', 'Dt.19:9', 'Dt.19:9', 'Dt.19:9']), (186, 1, ['Dt.19:10']), (186, 2, ['Dt.19:11', 'Lv.19:18', 'Lv.19:18', 'Lv.19:18', 'Lv.19:17', 'Lv.25:36', 'Dt.19:11']), (188, 1, ['Dt.19:14', 'Lv.19:13', 'Dt.19:14']), (188, 2, ['Dt.19:14']), (188, 3, ['Dt.19:14', 'Dt.19:14', 'Dt.19:14', 'Dt.19:14']), (188, 4, ['Dt.19:15', 'Dt.19:15']), (188, 6, ['Dt.19:15']), (188, 7, ['Dt.19:15']), (188, 8, ['Dt.19:15', 'Dt.19:15']), (188, 9, ['Dt.19:15']), (188, 10, ['Dt.19:15']), (188, 11, ['Dt.19:15', 'Nu.5:13']), (189, 1, ['Dt.19:16', 'Dt.19:16', 'Dt.13:6', 'Jer.28:17']), (189, 2, ['Dt.19:16']), (190, 1, ['Dt.19:17', 'Dt.19:17']), (190, 2, ['Dt.19:17', 'Dt.19:17']), (190, 3, ['Dt.19:15', 'Dt.17:6']), (190, 4, ['Dt.19:17']), (190, 5, ['Dt.19:17']), (190, 6, ['Dt.19:17', 'Ecc.7:10']), (190, 7, ['Dt.19:18', 'Dt.17:4']), (190, 8, ['Dt.13:15']), (190, 9, ['Dt.19:18', 'Dt.19:18', 'Dt.19:18']), (190, 10, ['Dt.19:19']), (190, 11, ['Ex.20:13']), (190, 12, ['Dt.19:19', 'Dt.19:21']), (190, 13, ['Dt.19:19', 'Lv.21:9', 'Dt.19:19']), (190, 14, ['Dt.25:12', 'Dt.19:21']), (190, 15, ['Dt.19:21', 'Ex.21:24']), (190, 16, ['Dt.19:21', 'Dt.20:1']), (190, 17, ['Dt.20:1', 'Ex.15:1']), (190, 18, ['Dt.20:1']), (190, 19, ['Dt.20:1']), (190, 20, ['Dt.20:1']), (190, 21, ['Dt.20:1'])]
  the spine rows with NO citation in either file: [(188, 5)]
  NO portion edge inside the chapter (Shoftim 16:18-21:9 holds it whole) — the heads by verse, and the verses of the chapter with no head: [1, 2, 4, 5, 8, 9, 10, 14, 16, 17] [3, 6, 7, 11, 12, 13, 15, 18, 19, 20, 21]
