loaded place_name
loaded obey_horeb
loaded refuge
loaded ordinances
loaded courts_prophet
loaded seducers
loaded festivals_judges
loaded lev24
loaded seven_nations
loaded midian
loaded opening_speech
loaded chukat
loaded incense_shekel
loaded primeval
loaded family
loaded zelophehad
loaded mamre
loaded release_firstborn
loaded mekoshesh
loaded balak
loaded sanctions
loaded pre_sinai
loaded good_land
FACT place_name.the_nations_cut_off_and_the_abomination(when_the_lord_cuts_off_the_nations) = ("when the LORD cuts off the nations (12:29) — 7:1's dispossession said again as the cutting off (nations_devoted on the tape by kind — the readback row VARIANT; 33:53's 'possess and dwell' by CALL); build anywhere (the Sifrei 80:3; 19:1 the twin ahead); the sages at the border (80:4-5): the one who builds anywhere in their land accepted", ['accepted'])
FACT place_name.the_nations_cut_off_and_the_abomination(lest_you_inquire_after_their_gods) = ("lest you inquire after their gods (12:30) — the inquiry itself barred, 'how did these nations serve?' (the Sifrei 81:2-4); 23:24's 'not after their deeds' (OR.land by CALL): THE WRITE foreign_rite_inquiry_barred — a BLOCK on Israel at the chapter's own day (THE LINE nations_cut_off_warned); the readback row SUPPLIED AS A LAW with its write", ['foreign_rite_inquiry_barred'])
FACT obey_horeb.the_cities_and_the_frame(then_moses_set_apart) = ("then Moses set apart (4:41) — Moses' own act in the third person: cities_set_apart on Israel (the Song's 'then' form; R. Simlai's mitzva that came his way)", ['cities_set_apart'])
FACT obey_horeb.the_cities_and_the_frame(not_until_all_six) = ("not until all six (Makkot 2:4) — the three east admitted no one: the refuge debit on Israel READ OPEN and left open (RF by CALL); the manslayer's refuge exempt until Joshua's three", ['exempt'])
FACT obey_horeb.the_cities_and_the_frame(the_manslayer_defined) = ("the manslayer defined (4:42) — 19:4's words with 'slays' for 'smites' (computed); the refuge runner's clauses by CALL; 'and live' the teacher exiled with his school (Makkot 10a)", ['accepted'])
FACT obey_horeb.the_cities_and_the_frame(the_three_names) = ("the three names (4:43) — Bezer, Ramoth, Golan (RF's row by CALL); the two rows of vines (Makkot 9b:18); Joshua 20:8's Gaulon", ['accepted'])
FACT obey_horeb.DATA[the_three_cities] = {'value': "{'east': ['Bezer (Reuben)', 'Ramoth in Gilead (Gad)', 'Golan in Bashan (Manasseh)'], 'west_forward': ['Kedesh', 'Shechem', 'Hebron'], 'debit': 'OPEN'}", 'settings': {'not_until_all_six': "Mishnah Makkot 2:4 / Makkot 9b:14 — until the three in the land of Canaan were selected, the three beyond the Jordan did not admit; 'six cities of refuge SHALL THEY BE' (Numbers 35:13): the appointmen", 'a_mitzva_that_came': "R. Simlai (Makkot 10a:15-16): 'toward the sunrise' — shine the sun for murderers; Moses knew and said 'a mitzva that came my way, I will fulfill it'", 'two_rows': "Makkot 9b:18 — Hebron against Bezer, Shechem against Ramoth, Kadesh against Golan; Gilead's murderers (9b:19-10a:3); Reuben first — Joseph's rescue (10a:14)", 'the_names': "RF.DATA['the_six_cities'] by CALL — the names outside Numbers 35, computed by seat; Joshua 20:8 'Gaulon' without the vav, 4:43 'Golan' with it (computed)", 'bezer': 'Bezer is not Bozrah (Avodah Zarah 58b:8)'}}
FACT obey_horeb.DATA[the_manslayer_definition] = {'value': "{'deut_4_42': 'who slays his neighbor unawares and hated him not in time past', 'deut_19_4': 'who smites his neighbor unawares and hated him not in time past', 'num_35_11': 'who smites a soul unwittingly'}", 'settings': {'computed': "4:42 = 19:4's words with 'slays' for 'smites' (the diff: two replacements; the shared run 'his neighbor unawares and hated him not' eight tokens); 'without knowledge' five Bible seats; the murder-verb", 'the_rows': "'and live' (4:42) — make life livable: the teacher exiled with his school (Makkot 10a:9-11); the slave's surplus (Gittin 12a:11); the quarreling scholars (Sotah 49a:4); 'hated him not' — the enemy not"}}
FACT refuge.the_refuge_law(six_cities) = ("six cities (35:13-15) — [6], [3, 3], [6]: three and three; the names Deuteronomy 4:43's and Joshua 20:7-8's, none here; not until all six (Makkot 2:4): a data row", ['accepted'])
FACT refuge.the_refuge_law(for_whom) = ("for whom (35:15) — Israel, the stranger and the sojourner against 35:12's 'for you': the sojourner for a sojourner only (Makkot 9a); Joshua 20:9 drops the sojourner", ['accepted'])
FACT refuge.the_refuge_law(unwittingly) = ("unwittingly (35:11, 15) — the sin offering's word (thirteen seats; the shelach runner by CALL); Deuteronomy's 'without knowledge'; Joshua 20:3 both", ['accepted'])
FACT refuge.the_refuge_law(until_he_stands) = ("until he stands before the congregation (35:12) — the court before the avenger's hand (Makkot 12a:11; Onkelos' clause at 19, 21); Joshua 20:6 quotes it", ['accepted'])
FACT refuge.the_murderer(the_iron) = ("the iron (35:16) — no 'hand', no size clause: iron of any size kills (Sanhedrin 76b:12-13); the parameter's exemption stated by the shelf", ['put_to_death'])
FACT refuge.the_murderer(the_smiter) = ("the smiter (35:21, 24) — the active participle at seven Torah seats, the smitten woman its passive homograph; Leviticus 24:17's smiter by CALL", ['accepted'])
FACT refuge.the_murderer(the_mode) = ('the mode — the sword (M3 by CALL; Sanhedrin 9:1), from the neck (Ketubot 37b:7); any mode when the sword cannot be done (the doubled verb)', ['put_to_death'])
FACT refuge.the_murderer(the_intents) = ("the intents (35:20-22) — hatred, lying-in-wait (Exodus 21:13's verb as a noun), enmity (the serpent's word) against their negations: the intent's table (Sanhedrin 9:2) a data row; the forewarning a parameter by CALL", ['put_to_death'])
FACT refuge.the_murderer(the_manners) = ("the manners (35:20-21) — thrust, threw, struck with the hand; the confiner a murderer (Sanhedrin 76b:15); the causation line the shelf's (a data row)", ['put_to_death'])
FACT refuge.the_murderer(the_avengers_hand) = ("the avenger's hand (35:19, 21) — the avenger puts him to death after the court; none — the court appoints one (Sanhedrin 45b:13); a data row with its arms", ['put_to_death'])
FACT refuge.the_manslayer(the_border) = ("the border (35:26-27) — outside the border the avenger has no blood: the burglar's clause reused (has_blood no_blood by CALL); the doubled infinitive and the mood disputed (Makkot 12a)", ['has_blood', 'exempt'])
FACT refuge.the_manslayer(the_return) = ("the return (35:28) — after the death of the high priest to the land of his possession: returns_to_his_possession written at the term's close; the stem read (Sifrei 161:5)", ['returns_to_his_possession'])
FACT refuge.the_manslayer(not_his_enemy) = ("not his enemy (35:23) — the hater of three days off the witness stand and the bench (Sanhedrin 29a:6); the enemy's exile by the circumstances (R. Shimon)", ['accepted'])
FACT refuge.the_manslayer(the_deliverance) = ("the deliverance (35:25) — the court returns him: flees_to_refuge (Exodus 21:13's effect at its second seat) and dwells_in_refuge, the term's open entry", ['flees_to_refuge', 'dwells_in_refuge'])
FACT refuge.the_manslayer(the_levite_exiled) = ('the Levite exiled (Makkot 12b:9) — from district to district; the exile who killed again to another neighborhood: a data row', ['flees_to_refuge'])
FACT refuge.the_manslayer(the_honor) = ("the exile's honor, roads and teacher (Mishnah Makkot 2:5, 2:8; Makkot 10a-10b) — the shelf's rows as data", ['accepted'])
FACT refuge.DATA[the_one_witness] = {'value': 'two_by_the_prototype', 'settings': {'the_prototype': "'by the mouth of witnesses' (35:30) — the bare plural: TWO unless 'one' is written (the Sifrei 161:1's rule; Deuteronomy 17:6, 19:15 the spec, FORWARD)", 'for_acquittal': "'one witness shall not testify against a person to die' (35:30) — the Rabbis: nothing beyond his testimony; R. Yosei son of R. Yehuda: he may answer to ACQUIT (Sanhedrin 33b:15; the Sifrei 161:1)", 'the_oath': 'the oath of testimony — men, non-relatives, the fit; before the court (Mishnah Shevuot 4:1)', 'no_inference': "'we do not punish by inference' for the lashed ('wicked' / 'wicked', 35:31) and for the exiled ('murderer' / 'murderer', 35:21 / 35:11) — Makkot 5b:15-16; the Sifrei 157:6, 160:3 the same rule", 'the_witnesses_hand': "the witnesses' hands first (Deuteronomy 17:7; Sanhedrin 45b:7); conspiring witnesses on exile flogged, not exiled (Mishnah Makkot 1:1) — Deuteronomy 19 FORWARD"}, 'source': "35:30 — 'witnesses' the bare plural, 'one witness' the homograph told by the lemma (5707 against 5704's 'until')"}
FACT refuge.DATA[the_avengers_hand] = {'value': 'after_the_court', 'settings': {'the_court_first': "'the manslayer shall not die until he stands before the congregation for judgment' (35:12) written against 35:27's avenger — R. Eliezer: only after conviction; Rav: the avenger who kills before is lia", 'outside_the_border': "R. Yosei HaGelili: a MITZVA for the avenger, optional for any man; R. Akiva: optional for the avenger, any other man LIABLE — 'and the avenger slays' a narration, not 'shall slay' (Mishnah Makkot 2:7;", 'on_the_way': "Rav Huna: the avenger who killed him on the way to the city is exempt — 'no sentence of death' (Deuteronomy 19:6) the avenger's; the baraita: the manslayer's (Makkot 10b:7-9)", 'no_avenger': "the court appoints an avenger where there is none — 'when he meets him' (35:21; Sanhedrin 45b:13); the Sifrei 160:7's court-appointed avenger (the English moved it to 160:5)", 'two_verses_as_one': 'the murderer and the avenger — two verses that come as one, no principle from them (Sanhedrin 45b:12)', 'the_son': 'a son is no avenger against his father; the grandson is (Makkot 12a:16-18)'}, 'source': "35:19, 21 'when he meets him' — two seats; 35:12's clause"}
FACT refuge.DATA[the_lands_atonement] = {'value': 'by_the_shedders_blood', 'settings': {'no_atonement_until_he_dies': 'the killer known — no atonement for the community until he is put to death; where the court cannot (no forewarning) — the tunic (Arakhin 16a:22; Zevachim 88b:13); not Yom Kippur (Keritot 26a:17)', 'the_heifer': "the heifer broken and then the killer found — he dies, not by the calf's blood (Mishnah Sotah 9:7; Sotah 47b:2; Ketubot 37b:6); the beheaded beheaded from the neck like the heifer, not with the cleave", 'the_presence_departs': 'for bloodshed the Temple is destroyed and the Presence departs — 35:33-34 read whole (Shabbat 33a:4); bloodshed an impurity the goat does not atone (Shevuot 7b:7); R. Yishmael reads 35:34 at the burgl', 'genesis_9_6': "'except by the blood of him who shed it' — Genesis 9:6's clause run as law: PR.cain by CALL, the blood_required HEAVEN entry on Noah", 'leviticus_18': "'you shall not defile the land' — Leviticus 18:25-28's land that vomits: SA.frame('land') by CALL"}, 'source': "35:33-34 — the pollute-root's only Torah seat, the passive 'no atonement', 'defile' — computed"}
FACT refuge.DATA[the_court_of_twenty_three] = {'value': '23', 'settings': {'ten_and_ten_and_three': "'the congregation shall judge' ten, 'the congregation shall deliver' ten (a congregation ten by the spies, 14:27), a majority of two to convict (Exodus 23:2) and one for the odd number (Mishnah Sanhed", 'the_deliverance_verb': "the court must seek exoneration (Pesachim 12a:2; Rosh Hashanah 26a:2; Sanhedrin 69a:12); a Sanhedrin that saw the killing may not judge it — 'until he stands before the congregation' another court (Ma", 'in_all_your_dwellings': "'a statute of judgment for your generations in all your dwellings' (35:29): the Sanhedrin with capital authority in the land and outside it (Makkot 7a:3, 7a:7); no execution on the Sabbath by 'dwellin", 'the_kin_and_the_haters': "the kin off the bench and the witness stand (Mishnah Sanhedrin 3:4; 27b:10-15 from Deuteronomy 24:16); the hater of three days (3:5) — 'not his enemy' testifies, 'nor sought his harm' judges (Sanhedri", 'the_rate': 'a Sanhedrin that executes once in seven years is destructive (Mishnah Makkot 1:10; R. Elazar ben Azarya seventy; R. Tarfon and R. Akiva never; Rabban Shimon ben Gamliel: they would multiply murderers '}, 'source': "35:12, 24, 25, 25 — the congregation-token's four seats computed"}
FACT refuge.DATA[the_blind_killer] = {'value': 'disputed', 'settings': {'r_yehuda': "'without seeing' (35:23) EXCLUDES the blind from exile (Makkot 9b:5-6; Bava Kamma 86b:17-18; Nedarim 87b:5); and from the death penalty by 'murderer' / 'murderer' (Bava Kamma 86b:21), from lashes by '", 'r_meir': "'without seeing' and 'without knowledge' (Deuteronomy 19:4) — a restriction after a restriction amplifies: the blind INCLUDED (Makkot 9b:7; Bava Kamma 86b:19)"}, 'source': "35:23's 'without seeing' — one seat"}
FACT ordinances.courts(witness_of_violence) = ('robbers_disqualified', 'MOVE', ['false_report_barred'], "23:1 'do not set your hand with the wicked to be a WITNESS OF VIOLENCE (עד חמס)' — the phrase at [('Deut', 19, 16), ('Exod', 23, 1)]: this and Deut 19:16's scheming witness; Mekhilta on Exod  (R. Nata")
FACT ordinances.courts(false_report) = ('hapax', 'INK', ['false_report_barred'], "23:1 'you shall not raise a FALSE REPORT (שמע שוא)' — the phrase at [('Exod', 23, 1)] alone; 'wicked' in Exodus at [('Exod', 23, 1), ('Exod', 23, 7)] — this verse and 23:7, the chapter's own pair")
FACT ordinances.courts(one_vs_two) = ('merit_by_one_liability_by_two', 'ANSWER-SHEET', ['majority_decides'], 'Mishnah Sanhedrin 4:1: money cases tilt by one either way; capital cases tilt by ONE for merit and by TWO for liability; reversed for merit, not for liability')
FACT ordinances.courts(twenty_three) = (23, 'ANSWER-SHEET', ['majority_decides'], "Mishnah Sanhedrin 1:6: the small court is twenty-three — a judging and a delivering congregation (Num 35:24-25), ten each; and three more from 'DO NOT FOLLOW THE MANY FOR EVIL': not for evil as for go")
FACT ordinances.courts(enemy_ox) = ('return_it', 'INK', ['restores'], "23:4 'if you MEET your enemy's ox or his donkey straying, you shall surely return it to him' — 'you shall meet' (תפגע) at [('Exod', 23, 4), ('Jer', 7, 16)] (Jeremiah 7:16 the other); 'your enemy' (איב")
FACT ordinances.courts(who_is_enemy) = (['idolater', 'relapsed_convert', 'transgressor', 'son_after_a_quarrel'], 'MOVE', ['—'], "Mekhilta on Exod 23:4: who is 'your enemy' — the idolater (R. Yoshiyah), the relapsed convert (R. Eliezer), the Israelite transgressor (R. Yitzchak), R. Natan's son after a quarrel — an enemy for the ")
FACT ordinances.capital(idolater_row) = ('serves_sacrifices_incense_libation_bows_accepts_says', 'ANSWER-SHEET', ['stoned'], "Mishnah Sanhedrin 7:6: the idolater — one who serves, sacrifices, burns incense, pours, bows, accepts it as a god, says 'you are my god'; the embracer and kisser a prohibition; Peor and Merkulis by th")
FACT courts_prophet.the_idolaters_trial(found_means_witnesses) = ("found means witnesses (17:2) — 'when there is found' by two or three witnesses, 19:15's building from a father (the Sifrei 148:1; refuge's two_by_the_prototype by CALL): the idolater found by one witness exempt", ['exempt'])
FACT courts_prophet.the_idolaters_trial(the_seven_investigations) = ("the seven investigations (17:4) — 'well' 'well' the analogy with 13:15 at three verses: the seven investigations, the probes, the contradiction rule (the Sifrei 149:1-2, 93:6, 190:7; seducers' condemned_city_inquiry_required by CALL): THE WRITE idolater_inquiry_required, a STATUS on Israel at the chapters' own day; the witness who says 'I do not know' at an investigation accepted against", ['idolater_inquiry_required'])
FACT courts_prophet.the_idolaters_trial(two_witnesses_for_every_death) = ("two witnesses for every death (17:6) — 'shall the dead die' every capital case, men not women (the Sifrei 150:1, 190:3; refuge's two_by_the_prototype and ordinances' no_execution_without_witnesses by CALL): THE WRITE two_witnesses_required, a STATUS on Israel at the chapters' own day; the court that executes on one witness barred from it", ['two_witnesses_required'])
FACT courts_prophet.the_idolaters_trial(one_witness_and_the_disciple_silent) = ("one witness and the disciple silent (17:6) — neither argues for guilt (the Sifrei 150:2-3; ordinances' merit_by_one_liability_by_two by CALL): THE WRITE one_witness_barred, a BLOCK on Israel at the chapters' own day; the disciple who argues for guilt barred from it", ['one_witness_barred'])
FACT courts_prophet.the_idolaters_trial(the_witnesses_hand_first) = ("the witnesses' hand first (17:7) — the witnesses execute, any man after, the second stone (the Sifrei 151:1-2, 149:7; seducers' hand-first accepted and mekoshesh's both verses fulfilled: t by CALL), the doers of evil purged (151:3 — the formula's second seat): THE WRITE witnesses_hand_first_commanded, a STATUS on Israel at the chapters' own day; the convicted idolater stoned and the evil purged", ['witnesses_hand_first_commanded', 'stoned', 'evil_purged_from_the_midst'])
FACT courts_prophet.the_high_court(the_pairs) = ('the pairs (17:8) — the bloods, the judgments, the plagues, the valuations, the rites, the gifts (the Sifrei 152:5-10; the sizes (71, 23) and the twenty-three by CALL): the court of twenty-three that cannot decide accepted, the matter goes up', ['accepted'])
FACT courts_prophet.the_high_court(the_three_courts) = ("the three courts (17:8-10) — the Temple Mount's, the courtyard's, the Chamber of Hewn Stone, the formula at each, Torah going out from the great court (the Sifrei 152:13-14 = Mishnah Sanhedrin 11:2 — the exam row read whole; festivals_judges' tiers accepted by CALL): THE WRITE high_court_at_the_place_commanded, a STATUS on Israel at the chapters' own day; the elder who taught but did not instruct to act exempt", ['high_court_at_the_place_commanded'])
FACT courts_prophet.the_levite_at_the_place(the_levite_who_is_a_priest) = ("the Levite who is a priest (18:6-7) — the two exclusions, the priest from all the places of their dwellings (the Sifrei 168:1-2, 208:1; place_name's Levite levite_forsaking_barred by CALL — no second write): the Levite proper who comes to minister at the altar barred from it", ['barred_from_it'])
FACT courts_prophet.the_diviners(learn_to_understand_not_to_do) = ("learn to understand, not to do (18:9) — the entry formula, the learning barred only 'to do' (the Sifrei 170:1-3; place_name's inquiry foreign_rite_inquiry_barred and seven_nations' abomination by CALL): THE WRITE abominations_learning_barred, a BLOCK on Israel at the chapters' own day; the sage who studies the sorcerers' ways to judge them accepted", ['abominations_learning_barred'])
FACT seducers.the_city_heard_of_the_inquiry_and_the_sword(the_seven_interrogations) = ("the seven interrogations (13:15) — the cycle, the year, the month, the day, the weekday, the hour, the place (Mishnah Sanhedrin 5:1; Sanhedrin 40a:1) from the three verses' terms pooled (40a:15, 40b:1 — the Sifrei 93:6-9), 'diligently' free (I2, 40b:4-6), the eighth R. Abbahu's (40b:11-14); the examinations — the forewarning (SA.frame by CALL), the idol and the service (OR.capital by CALL): the_inquiries a PARAMETER read as data; the witness who says 'I do not know' at an interrogation accepted against — the testimony void", ['condemned_city_inquiry_required'])
FACT seducers.the_city_heard_of_the_inquiry_and_the_sword(the_sword) = ("the sword (13:16) — 'smite, you shall smite': decapitation, and by any means if you cannot (Bava Metzia 31b:3; Sanhedrin 52b:12 — Mishnah Sanhedrin 9:1's list); the children disputed (the Sifrei 94:3 — Abba Hanan from 24:16): the inhabitant of the condemned city put to death — the mode the sword", ['put_to_death'])
FACT seducers.the_inciter(the_hand_first) = ("the hand first (13:10) — the enticed's own commandment, the people's after (the Sifrei 89:8; 17:7's witnesses the twin ahead; Leviticus 24:14's hands laid by CALL — L24; Leviticus 20:2's people by CALL — SA.molech): the enticed who lets another cast the first stone accepted against", ['accepted'])
FACT seducers.the_inciter(the_stoning_rite) = ("the stoning's rite (13:11) — the stones and the stone (the Sifrei 90:1 — MK.capital_procedure by CALL: the wood-gatherer's cell holds it); stoned_as_commanded on the tape (the readback row VARIANT); the two verbs of stoning (Deuteronomy's against Leviticus's and Numbers'): the inciter who says 'it is our duty' stoned and the evil purged from the midst", ['stoned', 'evil_purged_from_the_midst'])
FACT seducers.the_readback(the_purge_formulas_nine_seats) = ("the purge formula's nine seats — 9 on the DB, all in the book, 13:6 the first: evil_purged_from_the_midst named here, the eight ahead second entries", ['accepted'])
FACT seducers.the_readback(the_two_verbs_of_stoning) = ("the two verbs of stoning — Deuteronomy's 4 seats against Leviticus's and Numbers' 9, 21:21 both: the same rite, two verbs (the DB's lemmas; MK.capital_procedure by CALL)", ['accepted'])
FACT festivals_judges.the_judges_in_every_gate(the_court_for_all_israel) = ("the court for all Israel (16:18) — judges and officers 'for yourself' (the Sifrei 144:1; exodus_story.jethro 78600 judges, the sizes (71, 23) by CALL): THE WRITE judges_and_officers_commanded, a STATUS on Israel at the chapter's own day; the community that appoints the court accepted", ['judges_and_officers_commanded'])
FACT festivals_judges.the_judges_in_every_gate(the_three_tiers) = ("the three tiers (16:18) — the court for all Israel, the tribe's, the city's; the small court judges and executes as the great (the Sifrei 144:2-5; ordinances.courts('twenty_three') 23, the sizes (71, 23) by CALL): THE PARAMETER the_three_tiers; the city court that tries a capital case accepted", ['accepted'])
FACT lev24.talion(eye) = {'blemish': 'eye', 'verdict': 'PAY-MONEY', 'effect': 'substitution', 'prov': 'RECORDED', 'why': 'through Lev 24:18-22 — the pay verb on the exchange formula (24:18), strikes-beast-pays beside strikes-man-dies (24:21, Bava Kamma 83b:10 "that one is written about killing"), and one-law-EQUAL-for-all (24:22, Bava Kamma 84a:1) — money is what equalizes'}
FACT lev24.talion signature = <Signature (blemish='eye')>
FACT seven_nations.the_seven_nations(the_seven) = ('the seven (7:1) — the list counted by its own verse: seven where every Exodus list has six, the Girgashite the seventh (ER by CALL); the readback row EXPANDED', ['accepted'])
FACT seven_nations.the_seven_nations(the_ban) = ("the ban (7:2) — 'you shall utterly devote them': the code's hole compiled — a DEBIT on Israel open to Joshua; the east's devotings runs before the spec; the dispossession's debit referenced (JO by CALL), not doubled", ['accepted'])
FACT seven_nations.the_seven_nations(the_bans_condition) = ("the ban's condition (7:2) — the Canaanite outside the Land, or who repents, is not devoted (Sotah 35b-36a; 20:16-18 and 21:10 forward): EXEMPT from the ban's debit", ['exempt'])
FACT seven_nations.do_not_fear(the_doubt) = ("the doubt (7:17) — the spies' fear voiced again ('more than I; how can I') against 1:28 and 4:38 (OS and OH by CALL); no write", ['accepted'])
FACT seven_nations.do_not_fear(remember_pharaoh) = ("remember Pharaoh (7:18-19) — the plagues, the sea, the signs and the wonders in one clause (ES by CALL; the tape's ten lines found): the readback row SHORTENED; the fear rule owed to the war chapter", ['accepted'])
FACT seven_nations.the_images_and_the_devoted(abomination_to_the_lord) = ("an abomination to the LORD (7:25) — the book's phrase at its first seat; the idol an abomination from its making (Avodah Zarah 52a): a DATA row", ['accepted'])
FACT midian.the_vengeance(phinehas_anointed_for_war) = ("Phinehas the priest anointed for war (Sotah 43a:1); 'them' the Sanhedrin; the avenger of Joseph — 'the Midianites sold him' (Sotah 43a:2-3; Sifrei 157:4)", ['accepted'])
FACT midian.the_vengeance(the_trumpets) = ("the trumpets in Phinehas's hand (31:6) — moses' debit the_trumpets closed BY VALUE: a run by carrying; no sounding narrated", ['accepted'])
FACT midian.the_vengeance(war_clause) = ("10:9's war clause by CALL — 'the alarm — war itself'; nothing written for the alarm: no sounding narrated (BH.trumpets)", ['accepted'])
FACT midian.the_war(every_male) = ("they killed every male — Shechem's phrase (Genesis 34:25 its only other seat)", ['slain'])
FACT midian.the_war(captives) = ('the women of Midian and their little ones taken captive (31:9) — the captives of Midian one party, cp israel', ['taken_captive'])
FACT midian.the_war(spoil) = ('all their cattle, all their flocks, all their goods taken as spoil (31:9) — spoil_taken on israel, cp the Midianites', ['spoil_taken'])
FACT midian.the_sentence(every_female_kept) = ("'have you kept every female alive?' (31:15) — by the word of Balaam they were the cause of the treachery in the matter of Peor (31:16): the sotah's phrase", ['accepted'])
FACT midian.the_sentence(the_sentence) = ('every male among the little ones and every woman who has known a man killed, the little ones among the women who have not known a man kept alive (31:17-18) — a COMMAND with no narrated run: OPEN', ['commanded'])
FACT midian.the_sentence(deuteronomy_20) = ('Deuteronomy 20:13-14 spares the women and the little ones — this chapter stricter on both; NOT COMPILED, owed at its chapter', ['accepted'])
FACT midian.the_division(tribute_rate) = ("one soul of five hundred (31:28) — the rate Fraction(1, 500), the parser's read; not one of ten and not for all generations (Menachot 77b:20); asked as a measure (Yoma 24a:5)", ['heave_offering_given'])
FACT opening_speech.the_bypass(sihon_commanded) = ("Sihon commanded (2:24-25) — told only here: commanded on Israel, CLOSED by the prior run Num 21:24-25; the dread's row the sun for Moses (Avodah Zarah 25a; Taanit 20a): DATA", ['commanded'])
FACT opening_speech.the_bypass(the_speech_resumed) = ("the speech resumed (2:17) — 'SPOKE to me' the Bible's one seat: only after the last of that generation (Bava Batra 121b:1)", ['accepted'])
FACT opening_speech.DATA[the_ban] = {'value': 'told_only_in_the_retelling', 'settings': {'sihon': "'we devoted every city — the men, the women and the little ones' (2:34) against 21:24-25's 'smote … possessed'", 'og': "'as we did to Sihon' (3:6) against 21:35's 'smote … possessed'", 'the_effect': "destroyed — the body effect the king of Arad's line wrote at 21:3 (the cherem executed; Leviticus 27:28-29 by the temurah engine), on the Amorite twice", 'genesis_15_16': "'the iniquity of the Amorite is not yet full' — amorite_not_full on the Amorite READ (PR.pieces fourth_generation by CALL), a printed line, no verdict", 'the_law_forward': "Deuteronomy 20:16-17's cherem law FORWARD — its runner's; the bans here acts, not law"}, 'source': "'and we devoted' at 2:34 and 3:6 alone (computed)"}
FACT chukat.heifer_rite(yoke) = ('disqualified — a burden came on it (19:2; Rav: a bundle of sacks)', ['disqualified'])
FACT chukat.heifer_rite(blemish) = ('disqualified by any consecrated-animal blemish (Parah 2:3; Sotah 46a:2)', ['disqualified'])
FACT chukat.heifer_rite(age) = ('three or four years (the Sages); R. Eliezer two; R. Meir even five — DATA', ['—'])
FACT incense_shekel.shekel(atone_souls) = (['Exod 30:15', 'Exod 30:16', 'Lev 17:11'], 'INK', ['half_shekel_owed'], "'TO ATONE FOR YOUR SOULS' at ['Exod 30:15', 'Exod 30:16', 'Lev 17:11'] — the shekel twice and THE BLOOD (Lev 17:11 'the blood atones for the soul'): the ransom-silver and the altar's blood share one c")
FACT incense_shekel.shekel(ransom) = (['Deut 21:8', 'Exod 21:30', 'Exod 29:33', 'Exod 30:12', 'Num 35:31', 'Num 35:32'], 'INK', ['half_shekel_owed'], "30:12 'each shall give A RANSOM FOR HIS SOUL to the LORD' — the phrase once (['Exod 30:12']); the ransom-word's Torah seats ['Deut 21:8', 'Exod 21:30', 'Exod 29:33', 'Exod 30:12', 'Num 35:31', 'Num 35")
FACT primeval.hagar(affliction_reading) = ('not_obliged_for_her_good_or_ill', 'MOVE', ['afflicted'], "Bereshit Rabbah 45:6 — 'behold, your maid is in your hand; do to her what is good in your eyes' (16:6): he said to her, what do I care — neither for her good nor her ill; it is written 'you shall not ")
FACT family.inheritance(one_portion) = (['Gen 48:22', 'Zeph 3:9'], 'INK', ['portion_added'], "'ONE PORTION above your brothers' (48:22 — 'shekhem echad' at ['Gen 48:22', 'Zeph 3:9'] alone; Zephaniah's 'one shoulder'): the extra share given by word — the double's Genesis seat")
FACT family.inheritance(given_as_gift) = (1, 'INK', ['portion_added'], "'and I have GIVEN you' (48:22) — the GIFT verb: Mishnah Bava Batra 8:5's 'if he wrote it as a GIFT, his words stand' — the testament's disposition in the gift form, not the inheritance form ('as inher")
FACT family.inheritance(gift_returns_dispute) = (['R_Meir_a_gift_stays', 'sages_a_gift_is_as_a_sale'], 'ANSWER-SHEET', ['returns_to_holding'], "Mishnah Bekhorot 8:10 — these do not return in the jubilee: the firstborn's portion, the wife's inheritor, the levir, and a GIFT (R. Meir); the sages: a gift is as a sale: the two arms dispute on the ")
FACT family.inheritance(held_not_due) = ((True, True), 'INK', ['portion_added'], "'which I TOOK from the hand of the Amorite' (48:22 — the held) against 'God will BRING YOU BACK to the land of your fathers' (48:21 — the due): Mishnah Bekhorot 8:9's 'the firstborn takes double in th")
FACT family.inheritance(birthright_run) = (['1Chr 5:1'], 'INK', ['birthright_transferred'], "'his birthright was GIVEN to the sons of Joseph' (1 Chr 5:1 — the phrase's only seat) — THE RUN'S VERDICT on 49:4's charge ('when he defiled his father's bed'); 'and not to be reckoned by the birthrig")
FACT family.inheritance(firstborn_by_call) = (('redeem (five sela — fetched constant)', 'not consecrated'), 'IMPORT', ['consecrated_firstborn'], "CALLED cold_run_pesach.firstborn({'kind': 'human'}) -> 'redeem (five sela — fetched constant)'; firstborn({'kind': 'caesarean_animal'}) -> 'not consecrated' [IMPORT, live]: Manasseh 'the firstborn' (4")
FACT family.testament(firstborn_my_strength) = (['Gen 49:3', 'Deut 21:17'], 'INK', ['birthright_transferred'], "'Reuben, my firstborn, my strength and THE BEGINNING OF MY VIGOR' (49:3) — the phrase at ['Gen 49:3', 'Deut 21:17'] ALONE: Deut 21:17's inheritance-firstborn is defined by the FATHER's first ('the beg")
FACT family.testament(excess_named_denied) = ((2, 1), 'INK', ['demoted', 'birthright_transferred'], "'EXCESS of dignity and EXCESS of power' (49:3 — the root twice) and 'you shall not EXCEL' (49:4 — the same root denied): the birthright's surplus named and withdrawn on one root across the two verses ")
FAIL zelophehad.inheritance_order(ladder): KeyError: 'survivors'
FACT zelophehad.inheritance_order(source_of_rule) = ('from the output (27:8), not the plea (27:4)', ['—'])
FACT zelophehad.inheritance_order(firstborn_double) = ("double — in the father's property, in the held", ['portion_added'])
FACT mamre.twins(firstborn_sheet) = ('the_first_to_come_out', 'ANSWER-SHEET', ['firstborn_by_the_head'], "Mishnah Bekhorot 8:1 — the firstborn for inheritance is the one who opens the womb: 'and the first came out red' (25:25) — Esau, firstborn_by_the_head (the family engine's effect reused)")
FACT mamre.twins(sale_with_oath) = (('sworn', 'sold'), 'INK', ['oath_sworn', 'birthright_transferred'], "'swear to me as of this day; and he swore to him; and he sold his birthright to Jacob' (25:33) — the oath then the sale; birthright_transferred the family engine's effect at its Genesis seat")
FACT release_firstborn.the_firstling(consecrated_from_the_womb) = ("consecrated from the womb (15:19) — the consecration Exodus 13:2's and Numbers 18:17's by CALL (korach.the_gifts opens_the_womb — consecrated_firstborn the status written at birth; ordinances.firstling the eighth day), not this verse's; 'the male' Exodus 13:2's detail (Bekhorot 19a:4): the firstling male born of the herd consecrated from the womb", ['consecrated_firstborn'])
FAIL mekoshesh.capital_procedure(stoning): KeyError: 'died_at'
FACT mekoshesh.capital_procedure(stones_and_a_stone) = ("both verses fulfilled: the second witness's stone, all Israel's stones", ['—'])
FACT mekoshesh.capital_procedure(hanging) = ('not hanged (the sages: the blasphemer and the idolater alone)', ['—'])
FACT mekoshesh.capital_procedure(burial) = ("buried the same day in the court's graveyard for the stoned and the burned", ['buried'])
FACT mekoshesh.capital_procedure(mode) = ('stoning — the severest of the four (the sages; Rabbi Shimon: burning)', ['—'])
FACT balak.peor(hang_before_the_sun) = ("'hang them before the sun' — the heads installed as judges, the sinners judged by day and hanged (Sanhedrin 34b-35a; the Jerusalem Talmud); the wood-gatherer's court: the idolater hanged after stoning", ['commanded'])
FACT balak.peor(judges_count) = ("the judges of Israel 78,600 (Exod 18:21's tiers by the exodus engine) — each executing two = 157,200 (the Jerusalem Talmud Sanhedrin 10:2:17; the Sifrei 131:2)", ['commanded'])
FACT sanctions.curser(mode) = ('stoning', 'MOVE', ['stoned'], '20:9 "his blood is upon him" — the formula\'s singular seat ([(20, 9)]), decoded on 20:27; Sifra, Kedoshim, Chapter 9 3')
FACT sanctions.curser(by_the_name) = ('liable', 'IMPORT', ['stoned'], 'Sanhedrin 7:8 — not liable until he curses BY THE NAME: Sifra, Kedoshim, Chapter 10 6 from Lev 24:16 "when he pronounces the NAME" [IMPORT — the first call\'s span]')
FACT pre_sinai.noahide(bloodshed_seats) = ((['מכה', 'איש', 'ומת', 'מות', 'יומת'], ['ואיש', 'כי', 'יכה', 'כל', 'נפש', 'אדם', 'מות', 'יומת']), 'IMPORT', ['put_to_death'], "the BLOODSHED leg's Sinai seats — Exod 21:12 'he who strikes a man and he dies shall surely die' (CALLED cold_run_mishpatim.words -> ['מכה', 'איש', 'ומת', 'מות', 'יומת'] [IMPORT, live call]) and Lev 2")
FACT pre_sinai.noahide(by_man) = (['the_executioner', 'the_pursuers_rescuer', 'the_fetus'], 'MOVE', ['put_to_death'], "'BY man shall his blood be shed' — three readings on one token: the executioner (57a:3, 57b:1), the pursuer's rescuer (72b:15-17, the Noahide block (2026-09-01, credited): 'save his blood by his blood")
FACT good_land.receipt_seats(19) = []
FACT good_land.receipt_seats(20) = [17]
FACT good_land.receipt_seats(21) = []
==== THE TAPE'S KINDS AT THE REFERENCE VERSES (cold_run_sequence.py — the submit lines by case_source) ====
submit lines with a case_source: 1349
 TAPE Deut 12:29 1 [('nations_cut_off_warned', 'Deut 12:29-31 — when the LORD your God cuts ')]
 TAPE Deut 4:41  1 [('three_cities_set_apart', 'Deut 4:41-43 — then Moses set apart three ci')]
 TAPE Deut 17:2  1 [('idolater_trial_declared', 'Deut 17:2-7 — when there is found in your mi')]
 TAPE Deut 13:   4 [('word_sealed', 'Deut 13:1 — all the word that I command you,'), ('prophet_test_declared', 'Deut 13:2-6 — when a prophet arises among yo'), ('inciter_law_declared', 'Deut 13:7-12 — when your brother, the son of'), ('condemned_city_law_declared', 'Deut 13:13-19 — when you hear in one of your')]
 TAPE Deut 7:1   2 [('nations_devoted', 'Deut 7:1-5 — when the LORD your God brings y'), ('hearing_blessed', 'Deut 7:12-16 — and it shall be, because you ')]
 TAPE Deut 7:2   1 [('abomination_barred', 'Deut 7:25-26 — the graven images of their go')]
 TAPE Deut 6:4   1 [('shema_declared', 'Deut 6:4-9 — hear, O Israel: the LORD our Go')]
 TAPE Num 21:21  1 [('messengers_sent_to_sihon', 'Num 21:21-22 — and Israel sent messengers to')]
 TAPE Deut 2:24  1 [('sihon_war_commanded', 'Deut 2:24-25 — rise up, take your journey, a')]
 TAPE Deut 2:26  0 []
 TAPE Num 31:9   1 [('captives_and_spoil_taken', 'Num 31:9-12 — and the children of Israel too')]
 TAPE Num 31:13  1 [('moses_wroth_at_the_officers', 'Num 31:13-18 — and Moses was wroth with the ')]
 TAPE Deut 18:9  1 [('diviners_barred', 'Deut 18:9-14 — when you come into the land w')]
 TAPE Num 19:1   1 [('heifer_statute_given', 'Num 19:1-22 — and the LORD spoke to Moses an')]
 TAPE Gen 4:19   2 [('married', 'Gen 4:19'), ('married', 'Gen 4:19')]
 TAPE Gen 29:31  1 [('womb_opened', 'Gen 29:31')]
 TAPE Gen 48:22  1 [('portion_given', 'Gen 48:22')]
 TAPE Gen 49:3   2 [('testament', 'Gen 49:3-10'), ('gathered', 'Gen 49:33')]
 TAPE Num 27:6   1 [('statute_declared', 'Num 27:6-11 — and the LORD said to Moses, sa')]
 TAPE Num 25:4   1 [('hanging_commanded', 'Num 25:4 — and the LORD said to Moses: take ')]
 TAPE Lev 24:13  1 [('sentence_declared', 'Lev 24:13-14 — and the LORD spoke to Moses: ')]
 TAPE Lev 24:23  1 [('stoned_as_commanded', 'Lev 24:23 — and they brought out the curser ')]
 TAPE Gen 40:22  1 [('hanged', 'Gen 40:22')]
 TAPE Gen 9:5    1 [('blood_required', 'Gen 9:5')]
 TAPE Num 35:9   1 [('refuge_law_given', 'Num 35:9-34 — and the LORD spoke to Moses, s')]
 TAPE Deut 16:18 1 [('judges_in_every_gate_commanded', 'Deut 16:18-20 — judges and officers you shal')]
 TAPE Exod 30:1  0 []
 TAPE Gen 16:    15 [('hagar_offered', 'Gen 16:2'), ('married', 'Gen 16:3'), ('conceived_and_despised', 'Gen 16:4'), ('wrong_claimed', 'Gen 16:5'), ('maid_released', 'Gen 16:6'), ('afflicted', 'Gen 16:6'), ('fled', 'Gen 16:6; Gen 16:8'), ('angel_found', 'Gen 16:7-8'), ('return_commanded', 'Gen 16:9'), ('seed_promised_to_hagar', 'Gen 16:10')]
 TAPE Gen 25:3   10 [('begot', 'Gen 25:3'), ('begot', 'Gen 25:3'), ('gulp_demanded', 'Gen 25:30'), ('named', 'Gen 25:30'), ('sale_demanded', 'Gen 25:31'), ('birthright_dismissed', 'Gen 25:32'), ('sworn', 'Gen 25:33'), ('birthright_sold', 'Gen 25:33'), ('bread_and_lentils_given', 'Gen 25:34'), ('birthright_despised', 'Gen 25:34')]
 TAPE Exod 13:   3 [('bones_taken', 'Exod 13:19'), ('journeyed', 'Exod 13:20'), ('pillar_set', 'Exod 13:21-22')]
 TAPE Num 15:3   4 [('gathered_wood_on_the_sabbath', 'Num 15:32-33 — and they found a man gatherin'), ('placed_in_custody', 'Num 15:34 — and they placed him in the guard'), ('sentence_declared', 'Num 15:35 — and the LORD said to Moses: die '), ('stoned_as_commanded', 'Num 15:36 — and all the congregation brought')]
 TAPE Deut 18:15 1 [('prophet_law_declared', 'Deut 18:15-22 — a prophet from your midst, o')]
 TAPE Deut 5:2   2 [('mediator_requested', 'Deut 5:23-27 — and it came to pass, when you'), ('stand_here_commanded', 'Deut 5:28-31 — and the LORD heard the voice ')]
the last Deut 18 submit line: [(2462, '    w.submit({\'kind\': \'prophet_law_declared\', \'subject\': \'israel\', \'the_prophet_like_me\': "a prophet')]
CALLEES DONE
