  'cut': 13 families, 33 tokens: [('כרת', 11), ('תכרת', 7), ('יכרת', 3), ('יכרית', 2), ('כרתי', 2), ('הכרת', 1)]
  'divide': 7 families, 12 tokens: [('יבדיל', 3), ('הבדיל', 2), ('הבדלתי', 2), ('תבדיל', 2), ('בדד', 1), ('הבדלו', 1)]
  'be-erect': 5 families, 10 tokens: [('נכון', 5), ('נכנים', 2), ('הכנתי', 1), ('כוננו', 1), ('תכין', 1)]
  'and-be--triplicate': 1 families, 1 tokens: [('ושלשת', 1)]
  'cord': 1 families, 19 tokens: [('גבול', 19)]
  'cord-you/your': 2 families, 11 tokens: [('גבולך', 6), ('גבלך', 5)]
  'inherit--mode-of-descent)-you/your': 1 families, 1 tokens: [('ינחילך', 1)]
  'inherit--mode-of-descent)-him/its': 1 families, 1 tokens: [('הנחילו', 1)]
  'inherit--mode-of-descent)': 7 families, 13 tokens: [('ינחלו', 5), ('תנחל', 2), ('תתנחלו', 2), ('התנחל', 1), ('ינחיל', 1), ('מנחיל', 1)]
  'to-flit': 2 families, 6 tokens: [('לנוס', 4), ('לנס', 2)]
  'flit': 9 families, 14 tokens: [('ינוס', 4), ('נס', 2), ('נסו', 2), ('אנוסה', 1), ('הניס', 1), ('ינוסו', 1)]
  'and-flit': 5 families, 12 tokens: [('וינס', 5), ('ונס', 3), ('וינסו', 2), ('ונסו', 1), ('ונסתם', 1)]
  'dash-in-pieces': 6 families, 14 tokens: [('רצח', 7), ('ירצח', 2), ('תרצח', 2), ('נפוץ', 1), ('נפצו', 1), ('רוצח', 1)]
  'the-dash-in-pieces': 1 families, 14 tokens: [('הרצח', 14)]
  'in-failure': 1 families, 2 tokens: [('בבלי', 2)]
  'from-ago': 2 families, 6 tokens: [('מתמול', 4), ('מתמל', 2)]
  'trebly': 2 families, 10 tokens: [('שלשם', 7), ('שלשום', 3)]
  'in-copse-of-bushes': 1 families, 1 tokens: [('ביער', 1)]
  'to-chop': 1 families, 1 tokens: [('לחטב', 1)]
  'and-push-off': 3 families, 4 tokens: [('ונדחת', 2), ('וידיחו', 1), ('ונדחה', 1)]
  'to-push-off': 1 families, 1 tokens: [('לנדח', 1)]
  'and-pluck-off': 3 families, 5 tokens: [('ונשל', 3), ('וגזול', 1), ('וטרף', 1)]
  'run-after--gone-by)': 6 families, 9 tokens: [('רדף', 3), ('ירדף', 2), ('ארדף', 1), ('ירדפו', 1), ('רדפו', 1), ('תרדף', 1)]
  'be-the-next-of-kin': 3 families, 25 tokens: [('גאל', 13), ('יגאל', 11), ('גאלת', 1)]
  'the-blood--of-man': 1 families, 51 tokens: [('הדם', 51)]
  'blood--of-man': 3 families, 39 tokens: [('דם', 30), ('דמים', 6), ('דמי', 3)]
  'be-hot': 1 families, 3 tokens: [('יחם', 3)]
  'and-reach-him/its': 1 families, 1 tokens: [('והשיגו', 1)]
  'living-being': 3 families, 72 tokens: [('נפש', 68), ('נפשת', 3), ('נפשות', 1)]
  'in-living-being': 1 families, 6 tokens: [('בנפש', 6)]
  'cover': 7 families, 26 tokens: [('מסך', 13), ('כפר', 4), ('תחוס', 4), ('תחס', 2), ('חפף', 1), ('כסות', 1)]
  'and-kindle': 3 families, 13 tokens: [('ובערת', 10), ('ובער', 2), ('ותבער', 1)]
  'kindle': 6 families, 11 tokens: [('בער', 4), ('בערתי', 2), ('יבער', 2), ('בערה', 1), ('תבער', 1), ('תבערו', 1)]
  'retreat': 3 families, 3 tokens: [('מנסת', 1), ('מסיג', 1), ('תסיג', 1)]
  'twist-as-arope': 2 families, 2 tokens: [('גבלו', 1), ('הגבל', 1)]
  'concretely': 2 families, 17 tokens: [('עד', 12), ('עדים', 5)]
  'the-concretely': 2 families, 2 tokens: [('העד', 1), ('העדים', 1)]
  'perversity': 3 families, 19 tokens: [('עון', 17), ('עונת', 1), ('תהפכת', 1)]
  'sin-offering': 1 families, 34 tokens: [('חטאת', 34)]
  'crime': 1 families, 11 tokens: [('חטא', 11)]
  'to-eye': 3 families, 24 tokens: [('לעיני', 20), ('לעינים', 2), ('לענות', 2)]
  'eye': 9 families, 41 tokens: [('עין', 17), ('עינים', 6), ('עיני', 5), ('עינת', 3), ('ענות', 3), ('תענה', 3)]
  'and-eye': 9 families, 37 tokens: [('ויען', 18), ('ויענו', 4), ('ועיני', 3), ('וענו', 3), ('וענתה', 3), ('ותען', 2)]
  'apostasy': 1 families, 2 tokens: [('סרה', 2)]
  'the-contest': 1 families, 1 tokens: [('הריב', 1)]
  'contest': 3 families, 6 tokens: [('ריב', 4), ('רב', 1), ('ריבת', 1)]
  'to-face': 2 families, 238 tokens: [('לפני', 235), ('לפנים', 3)]
  'and-tread': 3 families, 5 tokens: [('ודרשת', 3), ('ודרש', 1), ('ודרשו', 1)]
  'be--make-well': 7 families, 23 tokens: [('ייטב', 10), ('היטב', 6), ('היטיבו', 2), ('תיטיב', 2), ('איטיב', 1), ('היטיב', 1)]
  'untruth': 1 families, 6 tokens: [('שקר', 6)]
  'plan': 3 families, 6 tokens: [('זמה', 4), ('זמם', 1), ('יזמו', 1)]
  'and-the-swell-up': 2 families, 5 tokens: [('והנשארים', 4), ('והנשאר', 1)]
  'bring-forth': 33 families, 152 tokens: [('יצא', 44), ('יצאו', 15), ('הוצאתי', 9), ('תצא', 9), ('הוציא', 8), ('יצאת', 8)]
  'and-bring-forth': 17 families, 106 tokens: [('ויצא', 55), ('ויצאו', 14), ('והוציא', 6), ('ויוצא', 6), ('ותצא', 4), ('והוצאתי', 3)]
  'hating-you/your': 2 families, 20 tokens: [('איביך', 16), ('איבך', 4)]
  'hating-you/your (pl)': 1 families, 14 tokens: [('איביכם', 14)]
  'and-vehicle': 1 families, 2 tokens: [('ורכב', 2)]
  'the-go-up-you/your': 1 families, 1 tokens: [('המעלך', 1)]
  'like-bring-near-you/your (pl)': 1 families, 1 tokens: [('כקרבכם', 1)]
  'and-be': 22 families, 544 tokens: [('ויהי', 194), ('והיה', 157), ('ויהיו', 45), ('והיו', 42), ('והיתה', 31), ('ותהי', 18)]
  'soften': 1 families, 1 tokens: [('ירך', 1)]
  'start-up-suddenly': 1 families, 1 tokens: [('תחפזו', 1)]
  'awe': 2 families, 3 tokens: [('תערצו', 2), ('תערץ', 1)]
  'the-walk/go': 3 families, 16 tokens: [('ההלך', 11), ('ההלכים', 3), ('ההלכת', 2)]
  'to-feed-on': 1 families, 5 tokens: [('להלחם', 5)]
  'to-be-open': 1 families, 1 tokens: [('להושיע', 1)]
  'the-scribe': 1 families, 3 tokens: [('השטרים', 3)]
  'narrow-him/its': 3 families, 3 tokens: [('חנכו', 1), ('יחנכנו', 1), ('צריו', 1)]
  'strike-in': 3 families, 6 tokens: [('תטע', 3), ('נטע', 2), ('נטעת', 1)]
  'garden': 3 families, 7 tokens: [('כרם', 4), ('כרמים', 2), ('גן', 1)]
  'bore-him/its': 4 families, 4 tokens: [('חללו', 1), ('יחללהו', 1), ('יחללנו', 1), ('תחללנו', 1)]
  'engage-for-matrimony': 4 families, 5 tokens: [('ארשה', 2), ('ארש', 1), ('מארשה', 1), ('תארש', 1)]
  'hinder': 5 families, 54 tokens: [('אחרים', 23), ('אחר', 19), ('אחרות', 5), ('אחרת', 5), ('אחרנים', 2)]
  'the-fearing': 1 families, 1 tokens: [('הירא', 1)]
  'and-tender': 1 families, 1 tokens: [('ורך', 1)]
  'liquefy': 2 families, 2 tokens: [('המסו', 1), ('ימס', 1)]
  'like-be-complete': 2 families, 2 tokens: [('ככלות', 1), ('ככלת', 1)]
  'and-count/visit': 7 families, 12 tokens: [('ויפקד', 5), ('ופקודי', 2), ('ואפקד', 1), ('והפקדתי', 1), ('ופקדו', 1), ('ופקדתי', 1)]
  'officer': 3 families, 47 tokens: [('שר', 23), ('שרי', 22), ('שרים', 2)]
  'mass-of-persons': 1 families, 1 tokens: [('צבאות', 1)]
  'bring-near': 18 families, 82 tokens: [('תקריב', 10), ('תקריבו', 10), ('יקריב', 9), ('יקרב', 7), ('יקריבו', 7), ('הקרב', 6)]
  'to-safe': 2 families, 6 tokens: [('לשלום', 5), ('לשלם', 1)]
  'safe': 1 families, 12 tokens: [('שלום', 12)]
  'eye-you/your': 3 families, 22 tokens: [('עיניך', 15), ('עינך', 6), ('תענך', 1)]
  'and-open-wide': 5 families, 14 tokens: [('ויפתח', 7), ('ותפתח', 3), ('ופתחת', 2), ('ויפתחו', 1), ('ופתחה', 1)]
  'the-find': 3 families, 5 tokens: [('הנמצא', 3), ('המצאים', 1), ('הנמצאת', 1)]
  'to-burden': 1 families, 2 tokens: [('למס', 2)]
  'be-safe': 5 families, 23 tokens: [('ישלם', 16), ('שלם', 4), ('אשלם', 1), ('שלמתם', 1), ('תשלים', 1)]
  'and-cramp': 4 families, 6 tokens: [('והצר', 2), ('וצרת', 2), ('וצררו', 1), ('וצרתי', 1)]
  'cramp': 5 families, 5 tokens: [('צרור', 1), ('צררים', 1), ('צררת', 1), ('תצור', 1), ('תצר', 1)]
  'male-her/its': 1 families, 1 tokens: [('זכורה', 1)]
  'drought': 2 families, 19 tokens: [('חרב', 17), ('חרבה', 2)]
  'leanness': 1 families, 39 tokens: [('רק', 39)]
  'and-the-family': 1 families, 4 tokens: [('והטף', 4)]
  'booty-her/its': 1 families, 3 tokens: [('שללה', 3)]
  'plunder': 5 families, 8 tokens: [('בזזו', 3), ('בצע', 2), ('בזונו', 1), ('בזזנו', 1), ('תבז', 1)]
  'booty': 2 families, 4 tokens: [('שלל', 3), ('עד', 1)]
  'the-remote': 2 families, 2 tokens: [('הרחקים', 1), ('הרחקת', 1)]
  'themselves': 1 families, 13 tokens: [('הנה', 13)]
  'puff': 2 families, 3 tokens: [('נשמת', 2), ('נשמה', 1)]
  'seclude': 4 families, 9 tokens: [('החרם', 4), ('יחרם', 3), ('חרם', 1), ('תחרים', 1)]
  'seclude-them/their': 1 families, 1 tokens: [('תחרימם', 1)]
  'goad': 5 families, 7 tokens: [('ילמדו', 2), ('תלמד', 2), ('ילמד', 1), ('למדתי', 1), ('מלמד', 1)]
  'something-disgusting-them/their': 1 families, 1 tokens: [('תועבתם', 1)]
  'to-manipulate-her/its': 1 families, 1 tokens: [('לתפשה', 1)]
  'and-manipulate': 2 families, 2 tokens: [('ואתפש', 1), ('ותפשו', 1)]
  'decay': 9 families, 17 tokens: [('שחת', 4), ('אשחית', 3), ('תשחית', 3), ('תשחת', 2), ('השחית', 1), ('השחת', 1)]
  'the-human': 1 families, 57 tokens: [('האדם', 57)]
  'in-something-hemming-in': 1 families, 4 tokens: [('במצור', 4)]
  'something-hemming-in': 1 families, 1 tokens: [('מצור', 1)]
  'eatable': 1 families, 4 tokens: [('מאכל', 4)]
  'go-down-her/its': 1 families, 1 tokens: [('רדתה', 1)]
  'pierced': 2 families, 3 tokens: [('חלל', 2), ('חללים', 1)]
  'the-pierced': 2 families, 4 tokens: [('החלל', 3), ('החללים', 1)]
  'in-ground': 1 families, 2 tokens: [('באדמה', 2)]
  'and-stretch': 6 families, 23 tokens: [('ויט', 15), ('ונטה', 3), ('ותט', 2), ('וימדו', 1), ('ומדדו', 1), ('ומדתם', 1)]
  'circle': 4 families, 68 tokens: [('סביב', 54), ('ככר', 9), ('סביבת', 3), ('סביבות', 2)]
  'calf': 3 families, 7 tokens: [('עגל', 5), ('עגלה', 1), ('עגלת', 1)]
  'the-calf': 2 families, 8 tokens: [('העגל', 5), ('העגלה', 3)]
  'herd': 1 families, 50 tokens: [('בקר', 50)]
  'draw': 2 families, 2 tokens: [('משכה', 1), ('משכו', 1)]
  'in-yoke': 1 families, 1 tokens: [('בעל', 1)]
  'stream': 4 families, 25 tokens: [('נחל', 15), ('נהר', 4), ('שבלים', 4), ('נחלי', 2)]
  'in-stream': 1 families, 6 tokens: [('בנחל', 6)]
  'permanence': 1 families, 2 tokens: [('איתן', 2)]
  'yield-seed': 7 families, 18 tokens: [('תזרע', 9), ('זרע', 2), ('יזרע', 2), ('מזריע', 2), ('נזרע', 1), ('תזריע', 1)]
  'and-break-the-neck': 1 families, 1 tokens: [('וערפו', 1)]
  'the-break-the-neck': 1 families, 1 tokens: [('הערופה', 1)]
  'try': 5 families, 33 tokens: [('יבחר', 25), ('בחר', 5), ('אבחר', 1), ('בחור', 1), ('בחרו', 1)]
  'to-attend-as-a-menial-him/its': 1 families, 2 tokens: [('לשרתו', 2)]
  'blow': 3 families, 22 tokens: [('נגע', 20), ('אריח', 1), ('נגעים', 1)]
  'lave': 3 families, 9 tokens: [('ירחץ', 4), ('ירחצו', 3), ('רחץ', 2)]
  'sever': 6 families, 16 tokens: [('תפדה', 10), ('פדית', 2), ('אפדה', 1), ('יפדה', 1), ('נפדתה', 1), ('פדה', 1)]
  'the-straight': 1 families, 5 tokens: [('הישר', 5)]
  'and-transport-into-captivity': 3 families, 3 tokens: [('וישב', 1), ('וישבו', 1), ('ושבית', 1)]
  'exiled-him/its': 1 families, 1 tokens: [('שביו', 1)]
  'in-exile': 1 families, 1 tokens: [('בשביה', 1)]
  'outline': 1 families, 5 tokens: [('תאר', 5)]
  'and-cling': 2 families, 2 tokens: [('וחשק', 1), ('וחשקת', 1)]
  'and-be-bald': 4 families, 6 tokens: [('וגלח', 3), ('וגלחה', 1), ('והתגלח', 1), ('ויגלח', 1)]
  'claw-her/its': 1 families, 1 tokens: [('צפרניה', 1)]
  'dress': 3 families, 6 tokens: [('שמלת', 4), ('שלמה', 1), ('שלמת', 1)]
  'exile-her/its': 1 families, 1 tokens: [('שביה', 1)]
  'lunation': 2 families, 3 tokens: [('ירחים', 2), ('ירח', 1)]
  'and-hind-part': 2 families, 36 tokens: [('ואחר', 18), ('ואחרי', 18)]
  'and-be-master-her/its': 2 families, 2 tokens: [('ובעלה', 1), ('ובעלתה', 1)]
  'incline-to': 4 families, 5 tokens: [('חפץ', 2), ('חפצת', 1), ('חפצתי', 1), ('יחפץ', 1)]
  'to-living-being-her/its': 1 families, 1 tokens: [('לנפשה', 1)]
  'gather-grain': 1 families, 1 tokens: [('תתעמר', 1)]
  'depress-literally-her/its': 2 families, 2 tokens: [('ענה', 1), ('עניתה', 1)]
  'have-affection-for': 5 families, 11 tokens: [('אהב', 5), ('אהבת', 2), ('אהבתי', 2), ('אהבים', 1), ('אהובה', 1)]
  'the-have-affection-for': 1 families, 2 tokens: [('האהובה', 2)]
  'hate': 5 families, 14 tokens: [('שנא', 8), ('שנואה', 3), ('שנאי', 1), ('שנאתם', 1), ('תשנא', 1)]
  'the-hate': 1 families, 2 tokens: [('השנואה', 2)]
  'and-the-hate': 1 families, 1 tokens: [('והשנואה', 1)]
  'to-hated': 1 families, 1 tokens: [('לשניאה', 1)]
  'to-give-the-birthright': 1 families, 1 tokens: [('לבכר', 1)]
  'scrutinize': 6 families, 8 tokens: [('הכר', 3), ('הכיר', 1), ('יכיר', 1), ('ינכרו', 1), ('תכיר', 1), ('תכירו', 1)]
  'ability-him/its': 1 families, 1 tokens: [('אנו', 1)]
  'the-firstling-of-man': 1 families, 2 tokens: [('הבכרה', 2)]
  'turn-away': 1 families, 2 tokens: [('סורר', 2)]
  'and-be--bitter': 4 families, 6 tokens: [('ותמרו', 3), ('וימררו', 1), ('ומורה', 1), ('ומרה', 1)]
  'there-is-not-him/its': 1 families, 18 tokens: [('איננו', 18)]
  'and-chastise': 2 families, 3 tokens: [('ויסרו', 2), ('ויסרתי', 1)]
  'shake': 1 families, 1 tokens: [('זולל', 1)]
  'and-potation': 1 families, 1 tokens: [('וסבא', 1)]
  'and-cast-together-him/its': 1 families, 1 tokens: [('ורגמהו', 1)]
  'in-stone': 2 families, 12 tokens: [('באבנים', 8), ('באבן', 4)]
  'suspend': 4 families, 5 tokens: [('תלה', 2), ('ישקל', 1), ('תלאים', 1), ('תלוי', 1)]
  'and-suspend': 3 families, 3 tokens: [('וישקל', 1), ('ותלה', 1), ('ותלית', 1)]
  'stop': 10 families, 16 tokens: [('ילין', 3), ('מלינים', 2), ('תלונו', 2), ('תלין', 2), ('תלינו', 2), ('הלינתם', 1)]
  'flabby-thing-him/its': 1 families, 1 tokens: [('נבלתו', 1)]
  'inter': 6 families, 13 tokens: [('קבר', 5), ('קברו', 4), ('מקברים', 1), ('קבור', 1), ('קברתי', 1), ('תקבר', 1)]
  'inter-him/its': 2 families, 2 tokens: [('קברו', 1), ('תקברנו', 1)]
  'vilification': 2 families, 2 tokens: [('קללה', 1), ('קללת', 1)]
  'be-foul': 10 families, 64 tokens: [('יטמא', 38), ('טמא', 7), ('נטמאה', 5), ('תטמאו', 5), ('תטמא', 4), ('הטמאה', 1)]
  'ground-you/your': 1 families, 12 tokens: [('אדמתך', 12)]
  'old': 4 families, 34 tokens: [('זקני', 24), ('זקן', 6), ('ישן', 3), ('זקנים', 1)]
  'old-you/your': 1 families, 2 tokens: [('זקניך', 2)]
  'and-judge-you/your': 1 families, 1 tokens: [('ושפטיך', 1)]
  'the-near': 4 families, 10 tokens: [('הקרב', 6), ('הקרבים', 2), ('הקרבה', 1), ('הקרובה', 1)]
  'and-take': 15 families, 213 tokens: [('ויקח', 88), ('ולקח', 29), ('ולקחת', 29), ('ויקחו', 23), ('ותקח', 12), ('ולקחו', 9)]
  'work/serve': 11 families, 40 tokens: [('תעבד', 12), ('עבדו', 7), ('יעבד', 6), ('עבד', 4), ('עבדתי', 3), ('יעבדו', 2)]
  'and-go-down': 13 families, 46 tokens: [('וירד', 19), ('וירדו', 6), ('ותרד', 4), ('וארד', 3), ('והורדתם', 3), ('והורדו', 2)]
  'associate-him/its': 1 families, 28 tokens: [('רעהו', 28)]
  'associate-you/your': 1 families, 13 tokens: [('רעך', 13)]
  'to-associate-him/its': 1 families, 3 tokens: [('לרעהו', 3)]
  'and-lurk': 1 families, 1 tokens: [('וארב', 1)]
  'and-arise': 16 families, 64 tokens: [('ויקם', 27), ('ויקמו', 6), ('וקם', 6), ('והקמתי', 5), ('וקמו', 4), ('ותקם', 3)]
  'arise': 22 families, 63 tokens: [('יקום', 15), ('קום', 12), ('הקים', 5), ('תקים', 4), ('יקומו', 3), ('קומו', 3)]
  'and-send': 10 families, 59 tokens: [('וישלח', 32), ('ושלח', 8), ('וישלחו', 6), ('ושלחתי', 5), ('ואשלחה', 2), ('ותשלח', 2)]
  'and-set': 15 families, 241 tokens: [('ויתן', 78), ('ונתן', 37), ('ונתתה', 26), ('ונתתי', 21), ('ונתת', 19), ('ונתנו', 15)]
  'set': 19 families, 300 tokens: [('נתן', 109), ('נתתי', 44), ('יתן', 42), ('תתן', 31), ('אתן', 21), ('תתנו', 20)]
  'from-there': 1 families, 38 tokens: [('משם', 38)]
  'strike': 11 families, 30 tokens: [('הכה', 7), ('מכה', 7), ('יכה', 4), ('הכות', 3), ('הכית', 2), ('תכה', 2)]
  'strike-him/its': 6 families, 10 tokens: [('הכהו', 5), ('אכנו', 1), ('הכתו', 1), ('יכנו', 1), ('מכהו', 1), ('נכנו', 1)]
  'and-strike-him/its': 3 families, 6 tokens: [('והכהו', 4), ('ויכהו', 1), ('ונכהו', 1)]
  'and-die': 12 families, 88 tokens: [('וימת', 41), ('ומת', 22), ('ומתו', 9), ('ותמת', 5), ('וימתו', 4), ('והומת', 1)]
  'die': 23 families, 162 tokens: [('יומת', 33), ('מות', 31), ('ימות', 20), ('מת', 20), ('יומתו', 9), ('ימתו', 9)]
  'and-live': 10 families, 62 tokens: [('ויחי', 35), ('וחי', 11), ('ונחיה', 5), ('וחיה', 2), ('וחיו', 2), ('ותחי', 2)]
  'and-add': 9 families, 24 tokens: [('ויסף', 12), ('ויוספו', 2), ('ויספתי', 2), ('ונוסף', 2), ('ותסף', 2), ('ויוסף', 1)]
  'add': 13 families, 29 tokens: [('יסף', 9), ('אסף', 4), ('תסף', 4), ('יסיף', 2), ('יספו', 2), ('יוסף', 1)]
  'still/again': 2 families, 73 tokens: [('עוד', 71), ('עד', 2)]
  'and-make': 14 families, 275 tokens: [('ויעש', 82), ('ועשית', 70), ('ויעשו', 39), ('ועשה', 32), ('ועשיתם', 22), ('ועשו', 13)]
  'make': 22 families, 461 tokens: [('עשה', 116), ('תעשה', 97), ('יעשה', 51), ('תעשו', 49), ('עשו', 46), ('אעשה', 21)]
  'to-make': 3 families, 76 tokens: [('לעשות', 66), ('לעשת', 9), ('לעשה', 1)]
  'know': 20 families, 106 tokens: [('ידע', 21), ('ידעתי', 21), ('ידעת', 15), ('ידעו', 9), ('תדע', 8), ('ידעתם', 6)]
  'and-see': 17 families, 178 tokens: [('וירא', 88), ('וראה', 33), ('ויראו', 15), ('ותרא', 13), ('וארא', 4), ('ואראה', 4)]
  'see': 23 families, 146 tokens: [('ראה', 29), ('יראה', 15), ('ראו', 15), ('תראה', 14), ('ראיתי', 10), ('נראה', 9)]
  'hear': 16 families, 130 tokens: [('שמע', 39), ('תשמע', 15), ('שמעו', 12), ('שמעתי', 12), ('ישמעו', 11), ('שמעת', 10)]
  'and-fear': 7 families, 23 tokens: [('וייראו', 7), ('ויראו', 5), ('ויראת', 5), ('ויירא', 3), ('ואירא', 1), ('ונורא', 1)]
  'be': 31 families, 505 tokens: [('יהיה', 206), ('תהיה', 64), ('היה', 52), ('יהיו', 43), ('היו', 35), ('היתה', 18)]
  'and-say': 14 families, 898 tokens: [('ויאמר', 632), ('ויאמרו', 88), ('ותאמר', 58), ('ואמרת', 40), ('ואמר', 39), ('ואמרו', 12)]
  'say': 15 families, 164 tokens: [('אמר', 84), ('תאמר', 16), ('יאמר', 15), ('אמרתי', 11), ('יאמרו', 7), ('אמרה', 6)]
  'and-return': 22 families, 85 tokens: [('וישב', 29), ('וישבו', 14), ('ושב', 8), ('והשיב', 6), ('והשיבו', 3), ('ושבת', 3)]
  'go': 15 families, 96 tokens: [('לך', 22), ('לכו', 12), ('תלך', 10), ('ילך', 9), ('נלכה', 9), ('תלכו', 9)]
  'and-speak': 10 families, 170 tokens: [('וידבר', 140), ('ודבר', 7), ('וידברו', 6), ('ואדברה', 5), ('ודברת', 3), ('ותדבר', 3)]
  'to-speak': 1 families, 23 tokens: [('לדבר', 23)]
  'speak': 14 families, 203 tokens: [('דבר', 127), ('ידבר', 16), ('תדבר', 14), ('דברת', 9), ('דברתי', 9), ('דברו', 8)]
  'word/thing': 3 families, 100 tokens: [('דבר', 60), ('דברי', 35), ('דברים', 5)]
  'like-word/thing': 2 families, 16 tokens: [('כדבר', 12), ('כדברים', 4)]
  'many/great': 4 families, 53 tokens: [('רב', 23), ('רבים', 20), ('רבה', 6), ('רבות', 4)]
  'people': 3 families, 55 tokens: [('עם', 44), ('עמים', 10), ('עמי', 1)]
  'the-people': 2 families, 235 tokens: [('העם', 215), ('העמים', 20)]
  'with': 2 families, 127 tokens: [('את', 66), ('עם', 61)]
  'to-battle': 1 families, 12 tokens: [('למלחמה', 12)]
  'in-battle': 1 families, 3 tokens: [('במלחמה', 3)]
  'battle': 2 families, 13 tokens: [('מלחמה', 12), ('מלחמת', 1)]
  'the-battle': 1 families, 7 tokens: [('המלחמה', 7)]
  'horse': 2 families, 9 tokens: [('סוס', 8), ('סוסים', 1)]
  'the-man': 2 families, 110 tokens: [('האיש', 65), ('האנשים', 45)]
  'and-man': 3 families, 44 tokens: [('ואיש', 40), ('ואנשי', 3), ('ואנשים', 1)]
  'man': 3 families, 338 tokens: [('איש', 287), ('אנשי', 27), ('אנשים', 24)]
  'the-woman': 2 families, 48 tokens: [('האשה', 40), ('הנשים', 8)]
  'woman': 4 families, 119 tokens: [('אשה', 62), ('אשת', 44), ('נשים', 8), ('נשי', 5)]
  'to-woman': 2 families, 36 tokens: [('לאשה', 30), ('לנשים', 6)]
  'to-man': 3 families, 25 tokens: [('לאיש', 23), ('לאנשי', 1), ('לאנשים', 1)]
  'in-man': 3 families, 11 tokens: [('באיש', 9), ('באנשי', 1), ('באנשים', 1)]
  'house': 3 families, 74 tokens: [('בית', 65), ('בתים', 5), ('בתי', 4)]
  'to-house-him/its': 1 families, 5 tokens: [('לביתו', 5)]
  'house-you/your': 2 families, 10 tokens: [('ביתך', 9), ('בתיך', 1)]
  'in-house-you/your': 1 families, 9 tokens: [('בביתך', 9)]
  'new': 3 families, 8 tokens: [('חדש', 4), ('חדשה', 3), ('חדשים', 1)]
  'the-city': 2 families, 59 tokens: [('העיר', 35), ('הערים', 24)]
  'city': 3 families, 46 tokens: [('עיר', 22), ('ערי', 13), ('ערים', 11)]
  'in-city': 3 families, 14 tokens: [('בעיר', 9), ('בערי', 3), ('בערים', 2)]
  'from-city': 2 families, 4 tokens: [('מערי', 3), ('מעיר', 1)]
  'city-him/its': 2 families, 14 tokens: [('עירו', 12), ('עריו', 2)]
  'the-nation': 2 families, 33 tokens: [('הגוים', 27), ('הגוי', 6)]
  'the-tree': 2 families, 21 tokens: [('העץ', 16), ('העצים', 5)]
  'tree': 3 families, 67 tokens: [('עץ', 36), ('עצי', 25), ('עצים', 6)]
  'tree-her/its': 1 families, 1 tokens: [('עצה', 1)]
  'axe': 1 families, 1 tokens: [('גרזן', 1)]
  'in-axe': 1 families, 1 tokens: [('בגרזן', 1)]
  'the-iron': 1 families, 3 tokens: [('הברזל', 3)]
  'the-way/road': 1 families, 20 tokens: [('הדרך', 20)]
  'hand-him/its': 3 families, 77 tokens: [('ידו', 61), ('ידיו', 12), ('ידתיו', 4)]
  'in-hand': 1 families, 45 tokens: [('ביד', 45)]
  'hand': 5 families, 37 tokens: [('יד', 28), ('ידי', 5), ('ידות', 2), ('ידים', 1), ('ידת', 1)]
  'in-hand-you/your': 1 families, 19 tokens: [('בידך', 19)]
  'hand-them/their': 2 families, 22 tokens: [('ידיהם', 14), ('ידם', 8)]
  'hand-us/our': 1 families, 3 tokens: [('ידינו', 3)]
  'the-priest': 2 families, 255 tokens: [('הכהן', 235), ('הכהנים', 20)]
  'the-judge': 2 families, 5 tokens: [('השפט', 4), ('השפטים', 1)]
  'and-the-judge': 1 families, 1 tokens: [('והשפטים', 1)]
  'in-day': 3 families, 152 tokens: [('ביום', 138), ('בימים', 8), ('בימי', 6)]
  'the-day': 3 families, 159 tokens: [('היום', 135), ('הימים', 23), ('הימם', 1)]
  'day': 5 families, 257 tokens: [('ימים', 119), ('יום', 85), ('ימי', 49), ('יומים', 3), ('ימות', 1)]
  'to-say': 2 families, 306 tokens: [('לאמר', 305), ('לאמור', 1)]
  'in-earth': 2 families, 160 tokens: [('בארץ', 158), ('בארצת', 2)]
  'the-earth': 3 families, 367 tokens: [('הארץ', 364), ('הארצת', 2), ('הארצות', 1)]
  'earth-you/your': 1 families, 9 tokens: [('ארצך', 9)]
  'earth-them/their': 1 families, 4 tokens: [('ארצם', 4)]
  'from-earth': 1 families, 58 tokens: [('מארץ', 58)]
  'inheritance': 2 families, 23 tokens: [('נחלה', 17), ('נחלת', 6)]
  'in-inheritance-you/your': 1 families, 1 tokens: [('בנחלתך', 1)]
  'three': 4 families, 85 tokens: [('שלשה', 35), ('שלש', 28), ('שלשת', 19), ('שלוש', 3)]
  'the-three': 2 families, 2 tokens: [('השלש', 1), ('השלשה', 1)]
  'two': 4 families, 235 tokens: [('שני', 80), ('שנים', 72), ('שתי', 66), ('שתים', 17)]
  'one': 4 families, 266 tokens: [('אחד', 188), ('אחת', 74), ('אחדים', 3), ('אח', 1)]
  'the-one': 2 families, 92 tokens: [('האחד', 64), ('האחת', 28)]
  'and-the-one': 2 families, 4 tokens: [('והאחד', 3), ('והאחת', 1)]
  'mouth': 2 families, 55 tokens: [('פי', 51), ('פה', 4)]
  'mouth-them/their': 1 families, 1 tokens: [('פיהם', 1)]
  'tooth': 2 families, 8 tokens: [('שן', 7), ('שנים', 1)]
  'in-tooth': 1 families, 1 tokens: [('בשן', 1)]
  'foot': 2 families, 12 tokens: [('רגל', 6), ('רגלים', 6)]
  'in-foot': 1 families, 1 tokens: [('ברגל', 1)]
  'in-eye': 2 families, 35 tokens: [('בעיני', 33), ('בעין', 2)]
  'eye-us/our': 1 families, 1 tokens: [('עינינו', 1)]
  'and-eye-us/our': 1 families, 1 tokens: [('ועינינו', 1)]
  'father-him/its': 2 families, 82 tokens: [('אביו', 75), ('אבתיו', 7)]
  'father-her/its': 2 families, 20 tokens: [('אביה', 19), ('אביך', 1)]
  'mother-him/its': 1 families, 25 tokens: [('אמו', 25)]
  'mother-her/its': 1 families, 3 tokens: [('אמה', 3)]
  'and-mother-him/its': 1 families, 5 tokens: [('ואמו', 5)]
  'son': 3 families, 949 tokens: [('בני', 584), ('בן', 322), ('בנים', 43)]
  'the-son': 2 families, 5 tokens: [('הבנים', 3), ('הבן', 2)]
  'son-him/its': 2 families, 112 tokens: [('בניו', 71), ('בנו', 41)]
  'son-us/our': 1 families, 1 tokens: [('בננו', 1)]
  'the-firstborn': 2 families, 10 tokens: [('הבכור', 6), ('הבכר', 4)]
  'gate': 1 families, 16 tokens: [('שער', 16)]
  'place-him/its': 1 families, 2 tokens: [('מקמו', 2)]
  'in-voice/sound': 1 families, 16 tokens: [('בקול', 16)]
  'and-in-voice/sound': 1 families, 1 tokens: [('ובקול', 1)]
  'in-voice/sound-us/our': 1 families, 1 tokens: [('בקלנו', 1)]
  'God': 2 families, 290 tokens: [('אלהים', 228), ('אלהי', 62)]
  'Israel': 1 families, 547 tokens: [('ישראל', 547)]
  'from-Israel': 1 families, 9 tokens: [('מישראל', 9)]
  'Egypt': 1 families, 204 tokens: [('מצרים', 204)]
  'Levi': 1 families, 27 tokens: [('לוי', 27)]
  'the-innocent': 1 families, 2 tokens: [('הנקי', 2)]
  'innocent': 3 families, 8 tokens: [('נקי', 6), ('נקיים', 1), ('נקים', 1)]
  'the-bad': 4 families, 32 tokens: [('הרע', 21), ('הרעה', 9), ('הרעות', 1), ('הרעים', 1)]
  'the-this': 2 families, 279 tokens: [('הזה', 195), ('הזאת', 84)]
  'this': 3 families, 162 tokens: [('זה', 89), ('זאת', 71), ('זו', 2)]
  'that': 1 families, 952 tokens: [('כי', 952)]
  'and-that': 1 families, 50 tokens: [('וכי', 50)]
  'which': 1 families, 1650 tokens: [('אשר', 1650)]
  'and-which': 1 families, 32 tokens: [('ואשר', 32)]
  'not': 3 families, 950 tokens: [('לא', 947), ('לוא', 2), ('אל', 1)]
  'and-not': 1 families, 358 tokens: [('ולא', 358)]
  'do-not': 1 families, 87 tokens: [('אל', 87)]
  'and-do-not': 1 families, 17 tokens: [('ואל', 17)]
  'lest': 1 families, 59 tokens: [('פן', 59)]
  'if': 1 families, 154 tokens: [('אם', 154)]
  'and-if': 1 families, 142 tokens: [('ואם', 142)]
  'so': 1 families, 151 tokens: [('כן', 151)]
  'so-that': 1 families, 68 tokens: [('למען', 68)]
  'over': 2 families, 995 tokens: [('על', 987), ('עלי', 8)]
  'to': 1 families, 1149 tokens: [('אל', 1149)]
  'from': 1 families, 214 tokens: [('מן', 214)]
  'until': 1 families, 265 tokens: [('עד', 265)]
  'there': 1 families, 134 tokens: [('שם', 134)]
  'there-suffix': 1 families, 72 tokens: [('שמה', 72)]
  'all': 1 families, 967 tokens: [('כל', 967)]
  'and-all': 1 families, 198 tokens: [('וכל', 198)]
  'to-all': 1 families, 82 tokens: [('לכל', 82)]
  'in-all': 1 families, 140 tokens: [('בכל', 140)]
  'like-all': 1 families, 35 tokens: [('ככל', 35)]
  'who?': 1 families, 46 tokens: [('מי', 46)]
  'and-who?': 1 families, 5 tokens: [('ומי', 5)]
  'or': 1 families, 256 tokens: [('או', 256)]
  'very': 1 families, 70 tokens: [('מאד', 70)]
  'in-midst': 1 families, 51 tokens: [('בתוך', 51)]
  'midst': 1 families, 9 tokens: [('תוך', 9)]
  'YHWH': 1 families, 1525 tokens: [('יהוה', 1525)]
  'to-YHWH': 1 families, 255 tokens: [('ליהוה', 255)]
  'God-you/your': 1 families, 252 tokens: [('אלהיך', 252)]
  'God-you/your (pl)': 1 families, 85 tokens: [('אלהיכם', 85)]
  'God-them/their': 3 families, 17 tokens: [('אלהיהם', 13), ('אלהיהן', 3), ('אלהימו', 1)]
  'obj-marker·et': 1 families, 2549 tokens: [('את', 2549)]
  'obj-marker·et-him/its': 1 families, 248 tokens: [('אתו', 248)]
  'obj-marker·et-you/your (pl)': 1 families, 118 tokens: [('אתכם', 118)]
  'and-obj-marker·et': 1 families, 817 tokens: [('ואת', 817)]
  'and-obj-marker·et-him/its': 1 families, 6 tokens: [('ואתו', 6)]
  'to-you/your': 2 families, 363 tokens: [('לך', 302), ('אליך', 61)]
  'to-you/your (pl)': 3 families, 260 tokens: [('לכם', 233), ('אליכם', 21), ('אלכם', 6)]
  'to-him/its': 2 families, 466 tokens: [('לו', 343), ('אליו', 123)]
  'to-her/its': 2 families, 69 tokens: [('לה', 49), ('אליה', 20)]
  'to-them/their': 7 families, 280 tokens: [('להם', 164), ('אלהם', 84), ('אליהם', 17), ('להן', 6), ('למו', 6), ('אליהן', 2)]
  'in-him/its': 1 families, 133 tokens: [('בו', 133)]
  'in-her/its': 1 families, 74 tokens: [('בה', 74)]
  'over-him/its': 1 families, 151 tokens: [('עליו', 151)]
  'over-her/its': 1 families, 51 tokens: [('עליה', 51)]
  'over-you/your': 1 families, 31 tokens: [('עליך', 31)]
  'from-you/your': 1 families, 22 tokens: [('ממך', 22)]
  'from-them/their': 1 families, 25 tokens: [('מהם', 25)]
  'with-you/your': 2 families, 82 tokens: [('עמך', 48), ('אתך', 34)]
  'with-you/your (pl)': 2 families, 44 tokens: [('אתכם', 22), ('עמכם', 22)]
  'he/it': 2 families, 459 tokens: [('הוא', 451), ('היא', 8)]
  'and-he/it': 2 families, 64 tokens: [('והוא', 54), ('והיא', 10)]
  'the-he/it': 2 families, 122 tokens: [('ההוא', 121), ('ההיא', 1)]
  'the-they': 2 families, 13 tokens: [('ההם', 12), ('ההמה', 1)]
  'the-these': 2 families, 88 tokens: [('האלה', 80), ('האל', 8)]
  'you': 2 families, 196 tokens: [('אתה', 133), ('אתם', 63)]
  'and-you': 2 families, 58 tokens: [('ואתה', 39), ('ואתם', 19)]
  '?': 28 families, 350 tokens: [('אני', 152), ('אנכי', 127), ('בית', 17), ('באר', 8), ('בעל', 7), ('לחי', 3)]
  'command-you/your': 5 families, 44 tokens: [('מצוך', 28), ('צוך', 8), ('צויתך', 5), ('צויתיך', 2), ('אצוך', 1)]
  'like-as/which': 1 families, 203 tokens: [('כאשר', 203)]
  'swear': 10 families, 51 tokens: [('נשבע', 27), ('נשבעתי', 11), ('נשבעת', 3), ('תשבע', 3), ('השבע', 2), ('אשבע', 1)]
  'to-father-you/your': 2 families, 15 tokens: [('לאבתיך', 13), ('לאביך', 2)]
  'broaden': 3 families, 4 tokens: [('ירחיב', 2), ('הרחיב', 1), ('מרחיב', 1)]
  'keep/guard': 11 families, 59 tokens: [('תשמרו', 15), ('השמר', 14), ('שמר', 7), ('תשמר', 7), ('שמרי', 4), ('השמרו', 3)]
  'the-commandment': 2 families, 17 tokens: [('המצוה', 13), ('המצות', 4)]
  'to-make-her/its': 1 families, 2 tokens: [('לעשתה', 2)]
  'to-have-affection-for': 1 families, 7 tokens: [('לאהבה', 7)]
  'and-to-go': 1 families, 2 tokens: [('וללכת', 2)]
  'in-way/road-him/its': 1 families, 5 tokens: [('בדרכיו', 5)]
  'spill-forth': 6 families, 15 tokens: [('ישפך', 8), ('שפך', 3), ('שפכה', 1), ('שפכו', 1), ('תשפך', 1), ('תשפכו', 1)]
  'in-nearest-part': 1 families, 14 tokens: [('בקרב', 14)]
  'from-nearest-part-you/your': 1 families, 12 tokens: [('מקרבך', 12)]
  'in-nearest-part-you/your': 1 families, 14 tokens: [('בקרבך', 14)]
  'and-good': 3 families, 6 tokens: [('וטוב', 3), ('וטבות', 2), ('וטבת', 1)]
  'first': 4 families, 8 tokens: [('ראשנה', 3), ('ראשנים', 3), ('ראשון', 1), ('ראשונה', 1)]
  'in-brother-him/its': 1 families, 4 tokens: [('באחיו', 4)]
  'to-brother-him/its': 1 families, 11 tokens: [('לאחיו', 11)]
  'brother-him/its': 1 families, 94 tokens: [('אחיו', 94)]
  'like-heart-him/its': 1 families, 1 tokens: [('כלבבו', 1)]
  'heart': 2 families, 38 tokens: [('לב', 33), ('לבב', 5)]
  'heart-him/its': 2 families, 22 tokens: [('לבו', 17), ('לבבו', 5)]
  'heart-you/your (pl)': 2 families, 9 tokens: [('לבבכם', 8), ('לבכם', 1)]
  'the-heart': 1 families, 1 tokens: [('הלבב', 1)]
  'from-face-them/their': 1 families, 10 tokens: [('מפניהם', 10)]
  'from-face-you/your': 1 families, 20 tokens: [('מפניך', 20)]
  'face': 2 families, 107 tokens: [('פני', 94), ('פנים', 13)]
  'in-head': 1 families, 4 tokens: [('בראש', 4)]
  'head-her/its': 1 families, 2 tokens: [('ראשה', 2)]
  'and-hate': 2 families, 2 tokens: [('ואיבתי', 1), ('וישנאו', 1)]
  'hind-part': 2 families, 96 tokens: [('אחרי', 75), ('אחר', 21)]
  'multiply': 12 families, 32 tokens: [('ירבה', 10), ('הרבה', 6), ('ארבה', 4), ('תרבה', 3), ('תרבו', 2), ('הרבו', 1)]
  'judgment': 1 families, 17 tokens: [('משפט', 17)]
  'death': 1 families, 11 tokens: [('מות', 11)]
  'and-in-house-them/their': 1 families, 1 tokens: [('ובבתיהם', 1)]
  'in-city-them/their': 1 families, 1 tokens: [('בעריהם', 1)]
  'and-possess/inherit-them/their': 3 families, 5 tokens: [('ויירשם', 2), ('וירשתם', 2), ('והורשתם', 1)]
  'and-dwell/sit': 13 families, 69 tokens: [('וישב', 30), ('וישבו', 11), ('וישבתם', 7), ('וישבת', 6), ('ותשב', 6), ('ונשב', 2)]
  'to-possess/inherit-her/its': 1 families, 26 tokens: [('לרשתה', 26)]
  'and-be-the-next-of-kin': 3 families, 3 tokens: [('וגאל', 1), ('וגאלתי', 1), ('ונגאל', 1)]
  'and-the-livestock': 1 families, 2 tokens: [('והבהמה', 2)]
  'in-field': 1 families, 32 tokens: [('בשדה', 32)]
  'the-field': 2 families, 51 tokens: [('השדה', 50), ('השדת', 1)]
  'and-weep': 5 families, 20 tokens: [('ויבך', 10), ('ויבכו', 6), ('ותבכו', 2), ('ובכתה', 1), ('ותבך', 1)]
  'from-over-her/its': 1 families, 4 tokens: [('מעליה', 4)]
  'and-turn-aside': 10 families, 24 tokens: [('ויסר', 8), ('וסרתם', 3), ('והסיר', 2), ('והסרתי', 2), ('וזר', 2), ('וסר', 2)]
  'and-send-her/its': 3 families, 4 tokens: [('ושלחה', 2), ('וישלחה', 1), ('ושלחתה', 1)]
  'and-sell': 6 families, 10 tokens: [('ונמכר', 4), ('ומכר', 2), ('והתמכרתם', 1), ('וימכר', 1), ('וימכרו', 1), ('ומכרו', 1)]
  'sell-her/its': 1 families, 1 tokens: [('תמכרנה', 1)]
  'in-silver': 1 families, 8 tokens: [('בכסף', 8)]
  'under': 1 families, 88 tokens: [('תחת', 88)]
  'and-bear-young': 8 families, 89 tokens: [('ויולד', 40), ('ותלד', 37), ('וילדו', 6), ('וילדה', 2), ('ויולדו', 1), ('וילדת', 1)]
  'and-be-able': 2 families, 2 tokens: [('ויכלת', 1), ('ותוכל', 1)]
  'be-able': 10 families, 59 tokens: [('אוכל', 13), ('תוכל', 11), ('יכלו', 10), ('יוכל', 9), ('נוכל', 7), ('יכל', 3)]
  'to-set': 1 families, 37 tokens: [('לתת', 37)]
  'beginning': 1 families, 11 tokens: [('ראשית', 11)]
  'the-old': 2 families, 6 tokens: [('הזקנים', 5), ('הזקן', 1)]
the chapters' glosses ALREADY rewritten by the earlier walks' by-gloss overrides: ['?', 'God-you/your', 'God-you/your (pl)', 'and-flit', 'and-tread', 'apostasy', 'associate-him/its', 'associate-you/your', 'awe', 'be--make-well', 'be-foul', 'beginning', 'blood--of-man', 'booty-her/its', 'brother-him/its', 'concretely', 'cord', 'cord-you/your', 'crime', 'flit', 'from-ago', 'from-face-you/your', 'from-nearest-part-you/your', 'from-you/your', 'goad', 'ground-you/your', 'hating-you/your', 'hating-you/your (pl)', 'have-affection-for', 'heart-you/your (pl)', 'hind-part', 'hinder', 'in-failure', 'in-hand-you/your', 'in-house-you/your', 'in-midst', 'in-nearest-part', 'in-nearest-part-you/your', 'inherit--mode-of-descent)', 'inherit--mode-of-descent)-him/its', 'inherit--mode-of-descent)-you/your', 'inter', 'kindle', 'leanness', 'like-all', 'like-as/which', 'liquefy', 'safe', 'seclude', 'spill-forth', 'strike-in', 'the-Kenaanite', 'the-blood--of-man', 'the-dash-in-pieces', 'the-he/it', 'the-remote', 'the-straight', 'the-these', 'the-way/road', 'there-suffix', 'to-God-them/their', 'to-attend-as-a-menial-him/its', 'to-flit', 'to-have-affection-for', 'to-make-her/its', 'to-possess/inherit-her/its', 'to-say', 'to-set', 'trebly', 'try', 'with-you/your (pl)']
by_gloss total 853 | by_ref total 1621 | the last by_ref line:   "Deut.18.22:20": "be-afraid"   # תגור | sitting 15 marker present: True | by-gloss marker rows: 2
