=== chain start 00:57:48 ROOT=/Users/Shared/TorahSim
=== seat deu_19_miklat_witness 00:57:48
deu_19_miklat_witness: seated 4 operators on 4 steps [1, 4, 14, 15]; scenarios 7 in the anchor form
=== verify_text deu_19_miklat_witness 00:57:49
exit 0 TEXT LAYER GREEN: 21 steps, 7 scenarios — deu_19_miklat_witness
=== ritual deu_19_miklat_witness 00:57:49
exit 0 Manual next: watchlist (logic/middot_scan/), state-doc update, owner commit word.
=== seat deu_20_war_rules 00:58:42
deu_20_war_rules: seated 4 operators on 4 steps [1, 10, 16, 19]; scenarios 7 in the anchor form
=== verify_text deu_20_war_rules 00:58:43
exit 0 TEXT LAYER GREEN: 20 steps, 7 scenarios — deu_20_war_rules
=== ritual deu_20_war_rules 00:58:43
exit 0 Manual next: watchlist (logic/middot_scan/), state-doc update, owner commit word.
=== seat deu_21_eglah_family 00:59:21
deu_21_eglah_family: seated 5 operators on 5 steps [1, 10, 15, 18, 22]; scenarios 7 in the anchor form
=== verify_text deu_21_eglah_family 00:59:21
exit 0 TEXT LAYER GREEN: 23 steps, 7 scenarios — deu_21_eglah_family
=== ritual deu_21_eglah_family 00:59:21
exit 0 Manual next: watchlist (logic/middot_scan/), state-doc update, owner commit word.
ALL_DONE
