==== A. THE KIN BY COMPUTATION (every verse against every verse of the Bible; the closest three re-scored in order)
  19:1: [('Deut 12:29', 3, 8), ('1Chr 14:17', 2, 2), ('2Kgs 19:17', 2, 4), ('2Kgs 23:11', 2, None), ('Deut 4:1', 2, None), ('Deut 9:5', 2, None), ('Deut 11:23', 2, None), ('Deut 11:31', 2, None)]
  19:2: [('2Chr 6:13', 2, 1), ('2Sam 7:2', 2, 1), ('Deut 3:18', 2, 3), ('Deut 5:31', 2, None), ('Deut 9:6', 2, None), ('Deut 12:1', 2, None), ('Deut 15:4', 2, None), ('Deut 19:7', 2, None)]
  19:3: [('1Kgs 8:36', 2, 3), ('2Chr 6:27', 2, 3), ('Deut 19:10', 2, 5), ('Ezek 47:15', 2, None), ('Ezek 47:17', 2, None), ('Ezek 48:8', 2, None), ('Ezek 48:28', 2, None), ('Isa 8:8', 2, None)]
  19:4: [('Deut 4:42', 6, 9), ('Josh 20:5', 5, 5), ('Deut 19:5', 3, 2), ('1Sam 21:6', 2, None), ('1Sam 25:36', 2, None), ('2Sam 13:22', 2, None), ('2Sam 14:19', 2, None), ('2Sam 24:13', 2, None)]
  19:5: [('Deut 4:42', 4, 6), ('Deut 19:4', 3, 2), ('Deut 19:11', 3, 4), ('1Kgs 5:20', 2, None), ('1Sam 31:7', 2, None), ('Amos 5:19', 2, None), ('Deut 11:2', 2, None), ('Deut 15:2', 2, None)]
  19:6: [('Josh 20:5', 7, 10), ('Num 35:21', 4, 3), ('Num 35:25', 4, 3), ('Num 35:27', 4, None), ('Deut 4:42', 3, None), ('Deut 19:11', 3, None), ('Deut 22:26', 3, None), ('Jer 26:16', 3, None)]
  19:7: [('Deut 19:9', 3, 4), ('1Chr 6:47', 2, 1), ('1Kgs 2:39', 2, 1), ('2Kgs 18:14', 2, None), ('Amos 4:8', 2, None), ('Deut 1:28', 2, None), ('Deut 4:41', 2, None), ('Deut 15:11', 2, None)]
  19:8: [('Deut 6:10', 3, 6), ('Deut 7:13', 3, 3), ('Deut 13:18', 3, 4), ('Deut 28:11', 3, None), ('Deut 29:12', 3, None), ('Deut 30:20', 3, None), ('Exod 13:5', 3, None), ('1Kgs 13:3', 2, None)]
  19:9: [('Deut 11:22', 4, 10), ('Deut 15:5', 3, 8), ('Deut 19:7', 3, 4), ('Deut 30:11', 3, None), ('Deut 30:16', 3, None), ('Josh 22:5', 3, None), ('1Chr 6:47', 2, None), ('Amos 4:8', 2, None)]
  19:10: [('Deut 21:8', 3, 3), ('Deut 25:19', 3, 6), ('Deut 26:1', 3, 6), ('1Chr 22:8', 2, None), ('1Kgs 22:23', 2, None), ('1Sam 16:16', 2, None), ('1Sam 25:30', 2, None), ('2Chr 18:22', 2, None)]
  19:11: [('Deut 4:42', 5, 7), ('Deut 24:5', 4, 2), ('Deut 19:5', 3, 4), ('Deut 19:6', 3, None), ('Deut 24:7', 3, None), ('Exod 21:20', 3, None), ('Exod 21:22', 3, None), ('Exod 21:28', 3, None)]
  19:12: [('Exod 12:7', 4, 2), ('Deut 21:19', 3, 2), ('Deut 22:18', 3, 2), ('Ezek 33:2', 3, None), ('Josh 20:4', 3, None), ('Josh 20:9', 3, None), ('Num 35:25', 3, None), ('Num 35:27', 3, None)]
  19:13: [('Deut 13:9', 3, 4), ('2Chr 15:9', 2, 2), ('2Kgs 16:15', 2, 1), ('2Kgs 24:4', 2, None), ('Deut 17:12', 2, None), ('Deut 19:21', 2, None), ('Deut 22:22', 2, None), ('Deut 25:12', 2, None)]
  19:14: [('Deut 3:18', 2, 3), ('Deut 5:31', 2, 5), ('Deut 9:6', 2, 6), ('Deut 12:1', 2, None), ('Deut 15:4', 2, None), ('Deut 19:2', 2, None), ('Deut 21:1', 2, None), ('Deut 25:19', 2, None)]
  19:15: [('Deut 17:6', 4, 3), ('Deut 22:26', 3, 3), ('Eccl 4:8', 3, 1), ('Lev 5:7', 3, None), ('Lev 14:22', 3, None), ('Lev 22:18', 3, None), ('Num 4:27', 3, None), ('Num 16:22', 3, None)]
  19:16: [('Deut 19:15', 2, 3), ('Prov 3:31', 2, 1)]
  19:17: [('1Sam 3:1', 3, 4), ('Deut 17:9', 3, 3), ('Esth 2:21', 3, 2), ('Gen 6:4', 3, None), ('Jer 31:33', 3, None), ('Josh 20:6', 3, None), ('Lev 23:20', 3, None), ('1Chr 11:3', 2, None)]
  19:18: [('Deut 13:15', 2, 2), ('Deut 17:4', 2, 2), ('Prov 25:18', 2, 2)]
  19:19: [('Deut 13:6', 3, 3), ('Deut 17:7', 3, 3), ('Deut 21:21', 3, 3), ('Deut 22:21', 3, None), ('Deut 22:24', 3, None), ('Deut 24:7', 3, None), ('1Kgs 16:19', 2, None), ('1Kgs 21:20', 2, None)]
  19:20: [('Deut 13:12', 6, 7), ('Deut 17:13', 3, 4), ('Deut 21:21', 3, 2), ('Deut 31:12', 3, None), ('Ezra 10:5', 3, None), ('Neh 5:12', 3, None), ('1Chr 19:19', 2, None), ('1Chr 28:7', 2, None)]
  19:21: [('Exod 21:24', 4, 4), ('Ezek 25:6', 3, 1), ('1Kgs 1:9', 2, 2), ('2Chr 26:11', 2, None), ('2Chr 33:8', 2, None), ('2Sam 17:17', 2, None), ('Deut 13:9', 2, None), ('Deut 19:13', 2, None)]
  20:1: [('1Kgs 3:8', 3, 3), ('1Kgs 8:9', 3, 3), ('1Kgs 8:21', 3, 3), ('1Kgs 12:28', 3, None), ('Dan 9:15', 3, None), ('Deut 7:18', 3, None), ('Deut 9:7', 3, None), ('Deut 21:10', 3, None)]
  20:2: [('Exod 4:16', 3, 3), ('1Kgs 1:39', 2, 2), ('1Kgs 18:24', 2, 2), ('1Sam 2:13', 2, None), ('1Sam 13:22', 2, None), ('1Sam 14:20', 2, None), ('1Sam 18:5', 2, None), ('2Kgs 22:4', 2, None)]
  20:3: [('1Kgs 22:6', 3, 2), ('2Chr 18:5', 3, 2), ('Deut 5:1', 3, 4), ('Deut 31:6', 3, None), ('Neh 4:8', 3, None), ('1Chr 19:17', 2, None), ('1Kgs 8:59', 2, None), ('1Kgs 11:2', 2, None)]
  20:4: [('1Chr 19:19', 2, 3), ('1Kgs 12:21', 2, 2), ('1Sam 12:11', 2, 2), ('1Sam 13:5', 2, None), ('2Chr 11:1', 2, None), ('2Chr 15:2', 2, None), ('2Chr 20:17', 2, None), ('2Kgs 17:39', 2, None)]
  20:5: [('Deut 20:6', 8, 11), ('Deut 20:7', 8, 11), ('Deut 20:8', 7, 8), ('1Sam 14:24', 4, None), ('Judg 7:3', 4, None), ('1Kgs 12:23', 3, None), ('1Kgs 13:33', 3, None), ('1Sam 14:28', 3, None)]
  20:6: [('Deut 20:7', 9, 12), ('Deut 20:5', 8, 11), ('Deut 20:8', 4, 4), ('1Sam 29:4', 3, None), ('Deut 28:30', 3, None), ('Isa 5:7', 3, None), ('1Chr 17:16', 2, None), ('1Kgs 13:33', 2, None)]
  20:7: [('Deut 20:6', 9, 12), ('Deut 20:5', 8, 11), ('Deut 20:8', 4, 4), ('1Sam 29:4', 3, None), ('Deut 24:3', 3, None), ('Deut 28:30', 3, None), ('1Chr 17:16', 2, None), ('1Kgs 13:33', 2, None)]
  20:8: [('Deut 20:5', 7, 8), ('Deut 20:6', 4, 4), ('Deut 20:7', 4, 4), ('2Sam 3:27', 3, None), ('Deut 20:9', 3, None), ('Deut 27:15', 3, None), ('Gen 14:16', 3, None), ('Jer 38:4', 3, None)]
  20:9: [('Deut 20:8', 3, 4), ('1Chr 21:2', 2, 2), ('1Kgs 2:5', 2, 2), ('1Kgs 18:24', 2, None), ('1Kgs 20:15', 2, None), ('1Kgs 21:9', 2, None), ('1Kgs 21:12', 2, None), ('1Sam 4:4', 2, None)]
  20:10: [('Deut 20:19', 3, 5), ('Eccl 9:14', 3, 2), ('Amos 4:7', 2, 2), ('Deut 22:14', 2, None), ('Ezek 4:1', 2, None), ('Ezek 4:3', 2, None), ('Ezek 22:3', 2, None), ('Ezek 24:6', 2, None)]
  20:11: [('1Chr 20:3', 2, 2), ('1Kgs 18:24', 2, 3), ('1Sam 13:22', 2, 3), ('2Chr 34:30', 2, None), ('2Chr 35:7', 2, None), ('2Kgs 22:13', 2, None), ('2Kgs 23:2', 2, None), ('2Sam 12:29', 2, None)]
  20:12: [('Deut 20:20', 2, 3), ('Ezek 4:3', 2, 2), ('Ezek 22:3', 2, 2), ('Ezek 33:2', 2, None), ('Jer 6:4', 2, None)]
  20:13: [('1Sam 15:8', 2, 4), ('1Sam 22:19', 2, 2), ('2Kgs 10:25', 2, 2), ('2Sam 15:14', 2, None), ('Deut 13:16', 2, None), ('Exod 17:13', 2, None), ('Gen 34:26', 2, None), ('Jer 21:7', 2, None)]
  20:14: [('Deut 12:15', 3, 5), ('Josh 11:14', 3, 2), ('1Sam 24:5', 2, 4), ('2Chr 5:10', 2, None), ('2Sam 12:1', 2, None), ('Deut 3:6', 2, None), ('Deut 7:16', 2, None), ('Deut 8:10', 2, None)]
  20:15: [('1Sam 2:22', 2, 2), ('1Sam 8:5', 2, 2), ('1Sam 12:1', 2, 2), ('1Sam 26:21', 2, None), ('1Sam 28:21', 2, None), ('2Chr 33:14', 2, None), ('2Kgs 10:4', 2, None), ('2Kgs 18:21', 2, None)]
  20:16: [('Josh 13:14', 3, 2), ('2Chr 5:10', 2, 3), ('Deut 4:6', 2, 1), ('Deut 4:21', 2, None), ('Deut 7:16', 2, None), ('Deut 10:15', 2, None), ('Deut 12:15', 2, None), ('Deut 15:4', 2, None)]
  20:17: [('Josh 3:10', 5, 4), ('Josh 9:1', 5, 5), ('Judg 3:5', 5, 4), ('2Chr 8:7', 4, None), ('Deut 7:1', 4, None), ('Exod 3:8', 4, None), ('Exod 3:17', 4, None), ('Exod 33:2', 4, None)]
  20:18: [('2Chr 30:5', 3, 2), ('Deut 4:1', 3, 4), ('Deut 12:31', 3, 3), ('Deut 24:8', 3, None), ('Deut 31:12', 3, None), ('Josh 1:7', 3, None), ('Josh 1:8', 3, None), ('1Kgs 8:43', 2, None)]
  20:19: [('2Chr 1:11', 3, 5), ('2Chr 18:31', 3, 2), ('2Chr 24:25', 3, 3), ('Deut 16:3', 3, None), ('Deut 20:10', 3, None), ('Ezek 15:3', 3, None), ('Ezek 31:15', 3, None), ('Gen 2:16', 3, None)]
  20:20: [('1Chr 17:2', 2, 3), ('1Chr 19:9', 2, 1), ('1Chr 22:11', 2, 1), ('1Kgs 2:5', 2, None), ('1Kgs 8:44', 2, None), ('1Kgs 11:28', 2, None), ('1Kgs 11:38', 2, None), ('1Kgs 12:21', 2, None)]
  21:1: [('1Kgs 8:56', 2, 3), ('2Chr 36:23', 2, 2), ('Deut 3:18', 2, 3), ('Deut 5:31', 2, None), ('Deut 9:6', 2, None), ('Deut 12:1', 2, None), ('Deut 15:4', 2, None), ('Deut 17:2', 2, None)]
  21:2: []
  21:3: [('Deut 21:6', 4, 3), ('Deut 22:18', 4, 4), ('Isa 7:21', 4, 4), ('Deut 13:16', 3, None), ('Deut 21:4', 3, None), ('Eccl 9:15', 3, None), ('Jer 17:24', 3, None), ('Jer 27:8', 3, None)]
  21:4: [('Deut 21:6', 5, 6), ('Deut 21:3', 3, 5), ('Deut 22:18', 3, 4), ('1Sam 16:4', 2, None), ('2Kgs 23:6', 2, None), ('2Sam 19:4', 2, None), ('Deut 2:36', 2, None), ('Deut 3:12', 2, None)]
  21:5: [('1Chr 23:13', 3, 4), ('2Chr 29:11', 3, 5), ('Deut 25:1', 3, 1), ('Deut 31:9', 3, None), ('Ezek 40:46', 3, None), ('1Chr 2:1', 2, None), ('1Chr 5:27', 2, None), ('1Chr 6:1', 2, None)]
  21:6: [('Deut 21:4', 5, 7), ('Deut 21:3', 4, 3), ('Deut 22:18', 3, 4), ('1Sam 16:4', 2, None), ('2Sam 19:4', 2, None), ('Deut 13:16', 2, None), ('Deut 22:15', 2, None), ('Deut 22:17', 2, None)]
  21:7: [('1Kgs 9:8', 2, 2), ('1Sam 14:29', 2, 2), ('1Sam 24:11', 2, 1), ('2Kgs 6:32', 2, None), ('Deut 4:6', 2, None), ('Deut 27:14', 2, None), ('Deut 27:15', 2, None), ('Deut 29:23', 2, None)]
  21:8: [('1Chr 17:21', 3, 3), ('1Chr 17:22', 3, 3), ('2Chr 6:25', 3, 3), ('2Sam 7:24', 3, None), ('Deut 19:10', 3, None), ('Deut 31:23', 3, None), ('Lev 17:10', 3, None), ('1Chr 11:3', 2, None)]
  21:9: [('Deut 12:25', 3, 5), ('1Kgs 5:23', 2, 2), ('1Kgs 11:33', 2, 2), ('1Kgs 11:38', 2, None), ('1Kgs 14:8', 2, None), ('1Kgs 15:5', 2, None), ('1Kgs 15:11', 2, None), ('1Kgs 22:43', 2, None)]
  21:10: [('Deut 20:1', 3, 7), ('1Sam 24:5', 2, 2), ('2Sam 21:17', 2, 2), ('Deut 23:10', 2, None), ('Deut 28:25', 2, None), ('Judg 20:28', 2, None)]
  21:11: [('1Sam 28:7', 2, 2), ('2Sam 11:3', 2, 1), ('2Sam 12:10', 2, 3), ('Deut 25:5', 2, None), ('Esth 2:7', 2, None), ('Gen 16:3', 2, None), ('Gen 29:17', 2, None), ('Lev 18:20', 2, None)]
  21:12: [('Deut 22:2', 2, 3)]
  21:13: [('1Chr 2:24', 2, 1), ('1Sam 2:31', 2, 2), ('1Sam 25:40', 2, 2), ('2Kgs 15:13', 2, None), ('2Kgs 20:17', 2, None), ('2Sam 14:2', 2, None), ('Ezek 4:3', 2, None), ('Gen 30:4', 2, None)]
  21:14: [('Deut 20:11', 2, 3), ('Deut 21:3', 2, 4), ('Deut 23:14', 2, 2), ('Deut 24:1', 2, None), ('Deut 26:1', 2, None), ('Isa 3:24', 2, None), ('Isa 8:21', 2, None), ('Isa 30:32', 2, None)]
  21:15: [('Gen 4:19', 3, 3), ('1Chr 4:5', 2, 2), ('1Chr 14:3', 2, 2), ('1Chr 26:2', 2, None), ('1Chr 26:4', 2, None), ('1Kgs 7:42', 2, None), ('1Sam 1:2', 2, None), ('2Chr 4:13', 2, None)]
  21:16: [('1Kgs 2:37', 3, 4), ('Deut 21:17', 3, 3), ('Deut 31:17', 3, 3), ('Exod 28:37', 3, None), ('Ezek 1:28', 3, None), ('Ezek 7:19', 3, None), ('Ezek 33:12', 3, None), ('Gen 25:9', 3, None)]
  21:17: [('Deut 21:16', 3, 3), ('Josh 17:4', 3, 3), ('1Kgs 2:39', 2, 1), ('1Kgs 19:19', 2, None), ('1Sam 13:1', 2, None), ('2Chr 21:5', 2, None), ('2Chr 21:20', 2, None), ('2Chr 24:1', 2, None)]
  21:18: [('1Kgs 22:53', 3, 1), ('2Chr 26:1', 3, 2), ('2Kgs 14:21', 3, 2), ('2Kgs 23:30', 3, None), ('2Sam 19:36', 3, None), ('Deut 21:20', 3, None), ('Ezek 33:2', 3, None), ('Jer 43:4', 3, None)]
  21:19: [('Deut 19:12', 3, 2), ('Gen 50:7', 3, 3), ('Josh 20:4', 3, 1), ('1Kgs 11:17', 2, None), ('2Chr 26:1', 2, None), ('2Kgs 14:21', 2, None), ('2Kgs 23:30', 2, None), ('2Kgs 24:12', 2, None)]
  21:20: [('Deut 21:18', 3, 3), ('Deut 19:12', 2, 2), ('Deut 21:19', 2, 3), ('Deut 25:8', 2, None), ('Judg 11:10', 2, None), ('Ps 78:8', 2, None)]
  21:21: [('Deut 22:21', 5, 5), ('Deut 24:7', 5, 4), ('Deut 22:24', 4, 4), ('1Sam 5:7', 3, None), ('1Sam 31:7', 3, None), ('Deut 13:6', 3, None), ('Deut 13:12', 3, None), ('Deut 17:7', 3, None)]
  21:22: [('Deut 23:23', 3, 3), ('Lev 19:23', 3, 2), ('1Kgs 2:26', 2, 1), ('1Kgs 2:37', 2, None), ('1Sam 8:11', 2, None), ('1Sam 19:4', 2, None), ('1Sam 20:31', 2, None), ('2Kgs 2:21', 2, None)]
  21:23: [('1Chr 16:7', 3, 3), ('1Chr 17:3', 3, 3), ('1Sam 10:9', 3, 2), ('Deut 31:18', 3, None), ('Esth 8:1', 3, None), ('Gen 48:20', 3, None), ('Judg 4:23', 3, None), ('1Chr 12:23', 2, None)]
==== B. THE TWINS DIFFED (shared tokens in order of the two lengths / the longest run)
  19:1 vs Deut 12:29: shared 8 of 17/17; run ['כי', 'יכרית', 'יהוה', 'אלהיך', 'את', 'הגוים', 'אשר']
  19:1 vs Deut 12:1: shared 2 of 17/21; run ['יהוה']
  19:1 vs Deut 11:31: shared 6 of 17/18; run ['אשר', 'יהוה']
  19:2 vs Deut 4:41: shared 1 of 12/9; run ['ערים']
  19:2 vs Num 35:14: shared 0 of 12/15; run []
  19:2 vs Deut 19:7: shared 3 of 12/9; run ['ערים', 'תבדיל', 'לך']
  19:2 vs Deut 19:9: shared 4 of 12/27; run ['יהוה', 'אלהיך']
  19:3 vs Num 35:11: shared 2 of 16/13; run ['שמה']
  19:3 vs Num 35:6: shared 3 of 16/19; run ['את']
  19:4 vs Num 35:15: shared 1 of 19/16; run ['שמה']
  19:4 vs Num 35:22: shared 0 of 19/12; run []
  19:4 vs Exod 21:13: shared 3 of 19/12; run ['אשר', 'ינוס', 'שמה']
  19:4 vs Num 35:11: shared 1 of 19/13; run ['שמה']
  19:5 vs Num 35:23: shared 0 of 27/18; run []
  19:5 vs Exod 21:13: shared 2 of 27/12; run ['ואשר']
  19:6 vs Num 35:19: shared 4 of 26/10; run ['גאל', 'הדם']
  19:6 vs Num 35:21: shared 3 of 26/17; run ['גאל', 'הדם']
  19:6 vs Num 35:12: shared 1 of 26/13; run ['הרצח']
  19:6 vs Num 35:25: shared 3 of 26/27; run ['גאל', 'הדם']
  19:7 vs Deut 19:2: shared 3 of 9/12; run ['ערים', 'תבדיל', 'לך']
  19:8 vs Deut 12:20: shared 6 of 18/22; run ['ירחיב', 'יהוה', 'אלהיך', 'את']
  19:8 vs Deut 11:24: shared 2 of 18/21; run ['כל']
  19:8 vs Exod 34:24: shared 2 of 18/21; run ['יהוה', 'אלהיך']
  19:9 vs Deut 11:22: shared 10 of 27/22; run ['את', 'כל', 'המצוה', 'הזאת']
  19:9 vs Deut 30:16: shared 9 of 27/25; run ['אשר', 'אנכי', 'מצוך', 'היום', 'לאהבה', 'את', 'יהוה', 'אלהיך']
  19:9 vs Deut 10:12: shared 4 of 27/26; run ['את', 'יהוה', 'אלהיך']
  19:10 vs Num 35:33: shared 2 of 15/24; run ['ולא']
  19:10 vs Deut 21:8: shared 3 of 15/16; run ['דם', 'נקי', 'בקרב']
  19:10 vs Deut 22:8: shared 2 of 15/15; run ['ולא']
  19:11 vs Num 35:20: shared 1 of 17/8; run ['עליו']
  19:11 vs Num 35:16: shared 0 of 17/10; run []
  19:11 vs Exod 21:14: shared 2 of 17/11; run ['וכי']
  19:11 vs Deut 27:24: shared 0 of 17/8; run []
  19:12 vs Num 35:19: shared 2 of 12/10; run ['גאל', 'הדם']
  19:12 vs Num 35:24: shared 2 of 12/10; run ['גאל', 'הדם']
  19:12 vs Num 35:25: shared 2 of 12/27; run ['גאל', 'הדם']
  19:13 vs Deut 13:9: shared 4 of 10/15; run ['תחוס', 'עינך', 'עליו']
  19:13 vs Deut 7:16: shared 3 of 10/21; run ['לא']
  19:13 vs Deut 21:9: shared 1 of 10/10; run ['הנקי']
  19:13 vs Deut 19:21: shared 2 of 10/13; run ['תחוס', 'עינך']
  19:13 vs Deut 25:12: shared 3 of 10/6; run ['לא', 'תחוס', 'עינך']
  19:13 vs Num 35:33: shared 1 of 10/24; run ['לא']
  19:14 vs Deut 27:17: shared 1 of 17/8; run ['גבול']
  19:14 vs Prov 22:28: shared 2 of 17/7; run ['גבול']
  19:14 vs Prov 23:10: shared 1 of 17/8; run ['גבול']
  19:14 vs Hos 5:10: shared 1 of 17/9; run ['גבול']
  19:15 vs Deut 17:6: shared 3 of 24/15; run ['עד', 'אחד']
  19:15 vs Num 35:30: shared 1 of 24/14; run ['לא']
  19:16 vs Exod 23:1: shared 2 of 8/12; run ['עד', 'חמס']
  19:16 vs Exod 20:13: shared 0 of 8/2; run []
  19:16 vs Ps 35:11: shared 1 of 8/7; run ['חמס']
  19:17 vs Deut 17:9: shared 3 of 15/16; run ['בימים', 'ההם']
  19:17 vs Deut 21:5: shared 1 of 15/20; run ['יהוה']
  19:17 vs Deut 1:17: shared 1 of 15/22; run ['אשר']
  19:18 vs Deut 13:15: shared 2 of 10/12; run ['היטב', 'והנה']
  19:18 vs Deut 17:4: shared 2 of 10/13; run ['היטב', 'והנה']
  19:19 vs Deut 13:6: shared 3 of 9/32; run ['ובערת', 'הרע', 'מקרבך']
  19:19 vs Deut 17:7: shared 3 of 9/13; run ['ובערת', 'הרע', 'מקרבך']
  19:19 vs Deut 21:21: shared 3 of 9/13; run ['ובערת', 'הרע', 'מקרבך']
  19:19 vs Deut 22:21: shared 3 of 9/22; run ['ובערת', 'הרע', 'מקרבך']
  19:20 vs Deut 13:12: shared 7 of 11/11; run ['כדבר', 'הרע', 'הזה', 'בקרבך']
  19:20 vs Deut 17:13: shared 4 of 11/7; run ['ישמעו', 'ויראו', 'ולא']
  19:20 vs Deut 21:21: shared 2 of 11/13; run ['ישמעו', 'ויראו']
  19:21 vs Exod 21:23: shared 1 of 13/7; run ['נפש']
  19:21 vs Exod 21:24: shared 4 of 13/12; run ['עין']
  19:21 vs Lev 24:20: shared 2 of 13/16; run ['עין']
  19:21 vs Deut 25:12: shared 2 of 13/6; run ['תחוס', 'עינך']
  19:21 vs Deut 7:16: shared 1 of 13/21; run ['ולא']
  19:21 vs Deut 13:9: shared 3 of 13/15; run ['ולא', 'תחוס', 'עינך']
  20:1 vs Deut 7:17: shared 1 of 21/10; run ['כי']
  20:1 vs Deut 7:18: shared 6 of 21/13; run ['לא', 'תירא', 'מהם']
  20:1 vs Deut 3:22: shared 3 of 21/8; run ['כי', 'יהוה']
  20:1 vs Deut 31:6: shared 4 of 21/17; run ['כי', 'יהוה', 'אלהיך']
  20:1 vs Exod 14:13: shared 2 of 21/27; run ['כי']
  20:1 vs Deut 20:3: shared 2 of 21/20; run ['למלחמה', 'על']
  20:1 vs Deut 21:10: shared 7 of 21/11; run ['כי', 'תצא', 'למלחמה', 'על', 'איביך']
  20:2 vs Num 10:9: shared 0 of 9/16; run []
  20:2 vs Num 31:6: shared 1 of 9/18; run ['הכהן']
  20:3 vs Deut 1:29: shared 1 of 20/7; run ['ואמר']
  20:3 vs Deut 7:21: shared 1 of 20/10; run ['אל']
  20:3 vs Deut 31:6: shared 5 of 20/17; run ['אל', 'תיראו', 'ואל']
  20:3 vs Deut 6:4: shared 2 of 20/6; run ['שמע', 'ישראל']
  20:4 vs Deut 1:30: shared 5 of 11/13; run ['יהוה', 'אלהיכם', 'ההלך']
  20:4 vs Deut 3:22: shared 4 of 11/8; run ['כי', 'יהוה', 'אלהיכם']
  20:4 vs Exod 14:14: shared 2 of 11/5; run ['יהוה']
  20:4 vs Josh 23:10: shared 4 of 11/14; run ['כי', 'יהוה', 'אלהיכם']
  20:5 vs Deut 28:30: shared 2 of 22/14; run ['ואיש', 'אחר']
  20:5 vs Deut 20:6: shared 11 of 22/16; run ['ילך', 'וישב', 'לביתו', 'פן', 'ימות', 'במלחמה', 'ואיש', 'אחר']
  20:5 vs Deut 20:7: shared 11 of 22/16; run ['ילך', 'וישב', 'לביתו', 'פן', 'ימות', 'במלחמה', 'ואיש', 'אחר']
  20:6 vs Deut 28:30: shared 2 of 16/14; run ['ואיש', 'אחר']
  20:6 vs Lev 19:23: shared 0 of 16/19; run []
  20:6 vs Lev 19:24: shared 0 of 16/8; run []
  20:6 vs Lev 19:25: shared 0 of 16/11; run []
  20:7 vs Deut 28:30: shared 3 of 16/14; run ['ואיש', 'אחר']
  20:7 vs Deut 24:5: shared 1 of 16/23; run ['אשר']
  20:8 vs Judg 7:3: shared 3 of 20/22; run ['העם']
  20:8 vs Deut 1:28: shared 1 of 20/21; run ['את']
  20:8 vs Josh 2:11: shared 1 of 20/19; run ['ולא']
  20:9 vs Num 31:14: shared 1 of 11/12; run ['שרי']
  20:9 vs Deut 1:15: shared 1 of 11/21; run ['שרי']
  20:10 vs Num 21:21: shared 1 of 9/8; run ['אל']
  20:10 vs Deut 2:26: shared 1 of 9/11; run ['אל']
  20:10 vs Judg 11:12: shared 2 of 9/16; run ['כי']
  20:11 vs Josh 9:23: shared 0 of 15/13; run []
  20:11 vs Josh 16:10: shared 1 of 15/16; run ['למס']
  20:11 vs 1Kgs 9:21: shared 1 of 15/18; run ['למס']
  20:11 vs Josh 9:27: shared 0 of 15/18; run []
  20:12 vs Deut 2:34: shared 1 of 9/16; run ['לא']
  20:12 vs Deut 2:32: shared 0 of 9/8; run []
  20:13 vs Deut 2:34: shared 2 of 10/16; run ['את', 'כל']
  20:13 vs Num 31:7: shared 3 of 10/11; run ['יהוה']
  20:13 vs Josh 10:28: shared 2 of 10/28; run ['לפי', 'חרב']
  20:14 vs Deut 2:35: shared 2 of 21/8; run ['רק']
  20:14 vs Deut 3:7: shared 1 of 21/6; run ['וכל']
  20:14 vs Num 31:9: shared 1 of 21/18; run ['כל']
  20:14 vs Josh 8:2: shared 3 of 21/17; run ['רק']
  20:14 vs Josh 8:27: shared 3 of 21/14; run ['רק']
  20:15 vs Josh 9:22: shared 1 of 13/17; run ['מאד']
  20:15 vs Deut 20:16: shared 2 of 13/14; run ['אשר']
  20:16 vs Deut 7:2: shared 3 of 14/14; run ['יהוה', 'אלהיך']
  20:16 vs Josh 10:40: shared 1 of 14/24; run ['יהוה']
  20:16 vs Josh 11:11: shared 4 of 14/17; run ['כל', 'נשמה']
  20:16 vs Josh 11:14: shared 4 of 14/23; run ['כל', 'נשמה']
  20:16 vs Deut 20:17: shared 2 of 14/13; run ['יהוה', 'אלהיך']
  20:17 vs Deut 7:1: shared 3 of 13/27; run ['יהוה', 'אלהיך']
  20:17 vs Exod 23:23: shared 4 of 13/13; run ['החוי', 'והיבוסי']
  20:17 vs Josh 9:1: shared 5 of 13/22; run ['החתי', 'והאמרי', 'הכנעני']
  20:17 vs Exod 34:11: shared 2 of 13/17; run ['והפרזי']
  20:17 vs Deut 7:2: shared 2 of 13/14; run ['יהוה', 'אלהיך']
  20:18 vs Deut 7:4: shared 0 of 14/14; run []
  20:18 vs Deut 12:31: shared 3 of 14/22; run ['עשו', 'לאלהיהם']
  20:18 vs Deut 18:9: shared 3 of 14/16; run ['אשר']
  20:18 vs Exod 23:33: shared 1 of 14/15; run ['לא']
  20:18 vs Deut 12:30: shared 1 of 14/22; run ['לאלהיהם']
  20:19 vs Lev 19:23: shared 2 of 29/19; run ['אל']
  20:19 vs Deut 20:20: shared 3 of 29/23; run ['כי']
  20:19 vs 2Kgs 3:19: shared 2 of 29/20; run ['עיר']
  20:20 vs 2Kgs 3:25: shared 2 of 23/25; run ['עץ']
  20:20 vs Deut 20:19: shared 1 of 23/29; run ['עץ']
  20:20 vs 2Kgs 25:1: shared 2 of 23/23; run ['הוא']
  21:1 vs Exod 21:14: shared 0 of 16/11; run []
  21:1 vs Num 35:33: shared 2 of 16/24; run ['כי']
  21:1 vs Deut 17:2: shared 7 of 16/22; run ['אשר', 'יהוה', 'אלהיך', 'נתן', 'לך']
  21:1 vs Lev 4:13: shared 2 of 16/18; run ['אשר']
  21:2 vs Deut 21:6: shared 2 of 9/14; run ['אל']
  21:2 vs Deut 21:3: shared 2 of 9/19; run ['אל']
  21:2 vs Deut 16:18: shared 1 of 9/17; run ['אשר']
  21:3 vs Num 19:2: shared 3 of 19/25; run ['אשר', 'לא']
  21:3 vs 1Sam 6:7: shared 2 of 19/22; run ['אשר', 'לא']
  21:3 vs Deut 21:4: shared 5 of 19/20; run ['זקני', 'העיר', 'ההוא']
  21:3 vs Deut 21:6: shared 3 of 19/14; run ['זקני', 'העיר', 'ההוא']
  21:4 vs Exod 13:13: shared 1 of 20/14; run ['לא']
  21:4 vs Exod 34:20: shared 2 of 20/16; run ['לא']
  21:4 vs Deut 21:6: shared 6 of 20/14; run ['זקני', 'העיר', 'ההוא']
  21:4 vs Lev 4:5: shared 1 of 20/10; run ['אל']
  21:5 vs Deut 10:8: shared 3 of 20/21; run ['לשרתו', 'ולברך']
  21:5 vs Deut 17:8: shared 3 of 20/26; run ['יהוה', 'אלהיך']
  21:5 vs Deut 18:5: shared 7 of 20/15; run ['בחר', 'יהוה', 'אלהיך']
  21:5 vs Deut 19:17: shared 1 of 20/15; run ['הכהנים']
  21:5 vs Deut 31:9: shared 5 of 20/19; run ['הכהנים', 'בני', 'לוי']
  21:5 vs Num 6:23: shared 1 of 20/13; run ['בני']
  21:6 vs Ps 26:6: shared 1 of 14/7; run ['את']
  21:6 vs Ps 73:13: shared 0 of 14/7; run []
  21:6 vs Deut 21:4: shared 7 of 14/20; run ['זקני', 'העיר', 'ההוא']
  21:7 vs Jonah 1:14: shared 1 of 11/23; run ['הזה']
  21:7 vs Deut 21:8: shared 1 of 11/16; run ['הדם']
  21:7 vs Gen 37:22: shared 1 of 11/24; run ['הזה']
  21:8 vs Deut 21:9: shared 1 of 16/10; run ['יהוה']
  21:8 vs Num 35:33: shared 2 of 16/24; run ['אשר']
  21:8 vs Deut 32:43: shared 1 of 16/13; run ['דם']
  21:8 vs Deut 7:8: shared 2 of 16/22; run ['אשר']
  21:8 vs Deut 9:26: shared 2 of 16/18; run ['אשר', 'פדית']
  21:9 vs Deut 13:6: shared 1 of 10/32; run ['מקרבך']
  21:9 vs Deut 17:7: shared 1 of 10/13; run ['מקרבך']
  21:9 vs Deut 19:13: shared 1 of 10/10; run ['הנקי']
  21:9 vs Deut 19:19: shared 1 of 10/9; run ['מקרבך']
  21:9 vs Deut 12:25: shared 5 of 10/12; run ['כי', 'תעשה', 'הישר', 'בעיני', 'יהוה']
  21:9 vs Deut 13:19: shared 4 of 10/18; run ['הישר', 'בעיני', 'יהוה']
  21:10 vs Deut 20:1: shared 7 of 11/21; run ['כי', 'תצא', 'למלחמה', 'על', 'איביך']
  21:10 vs Deut 20:13: shared 3 of 11/10; run ['יהוה', 'אלהיך', 'בידך']
  21:10 vs Deut 20:14: shared 3 of 11/21; run ['יהוה', 'אלהיך']
  21:10 vs Deut 23:10: shared 4 of 11/9; run ['כי', 'תצא']
  21:11 vs Gen 6:2: shared 0 of 10/15; run []
  21:11 vs Gen 12:11: shared 1 of 10/17; run ['יפת']
  21:11 vs Gen 29:17: shared 2 of 10/9; run ['יפת', 'תאר']
  21:11 vs Deut 7:3: shared 0 of 10/11; run []
  21:11 vs Gen 34:8: shared 1 of 10/14; run ['לאשה']
  21:12 vs Lev 14:8: shared 1 of 10/20; run ['אל']
  21:12 vs Lev 14:9: shared 2 of 10/26; run ['את']
  21:12 vs Num 6:9: shared 0 of 10/16; run []
  21:12 vs Num 8:7: shared 0 of 10/16; run []
  21:12 vs Deut 25:11: shared 1 of 10/18; run ['את']
  21:13 vs Gen 27:41: shared 2 of 22/20; run ['את']
  21:13 vs Gen 50:10: shared 1 of 22/18; run ['ימים']
  21:13 vs Deut 34:8: shared 1 of 22/14; run ['את']
  21:13 vs Num 20:29: shared 1 of 22/14; run ['את']
  21:14 vs Exod 21:8: shared 3 of 17/15; run ['אם']
  21:14 vs Exod 21:11: shared 1 of 17/10; run ['לא']
  21:14 vs Gen 34:2: shared 0 of 17/13; run []
  21:14 vs Deut 22:29: shared 2 of 17/19; run ['תחת', 'אשר']
  21:14 vs Deut 24:1: shared 4 of 17/24; run ['והיה', 'אם', 'לא']
  21:14 vs Deut 22:24: shared 2 of 17/31; run ['לא']
  21:15 vs Gen 29:30: shared 0 of 18/15; run []
  21:15 vs Gen 29:31: shared 2 of 18/10; run ['כי']
  21:15 vs Gen 29:33: shared 2 of 18/19; run ['כי']
  21:15 vs Deut 21:17: shared 2 of 18/21; run ['כי']
  21:15 vs Exod 21:10: shared 1 of 18/9; run ['לו']
  21:16 vs Gen 48:14: shared 2 of 20/21; run ['את']
  21:16 vs Gen 48:18: shared 2 of 20/14; run ['לא']
  21:16 vs Gen 25:5: shared 3 of 20/7; run ['את']
  21:16 vs Deut 21:17: shared 3 of 20/21; run ['בן', 'השנואה']
  21:16 vs Num 27:8: shared 1 of 20/15; run ['את']
  21:17 vs Gen 49:3: shared 0 of 21/10; run []
  21:17 vs Gen 48:22: shared 1 of 21/13; run ['אשר']
  21:17 vs 2Kgs 2:9: shared 2 of 21/21; run ['פי', 'שנים']
  21:17 vs Deut 21:15: shared 2 of 21/18; run ['כי']
  21:17 vs Gen 25:31: shared 1 of 21/7; run ['את']
  21:17 vs Num 3:13: shared 1 of 21/22; run ['כי']
  21:18 vs Deut 21:20: shared 3 of 17/13; run ['איננו', 'שמע']
  21:18 vs Isa 30:1: shared 1 of 17/18; run ['ולא']
  21:18 vs Jer 5:23: shared 2 of 17/8; run ['סורר', 'ומורה']
  21:18 vs Ps 78:8: shared 2 of 17/15; run ['סורר']
  21:18 vs Deut 21:19: shared 2 of 17/12; run ['אביו']
  21:18 vs Deut 8:5: shared 1 of 17/12; run ['כי']
  21:19 vs Deut 22:15: shared 3 of 12/12; run ['אל', 'זקני']
  21:19 vs Deut 25:7: shared 1 of 12/22; run ['אל']
  21:19 vs Ruth 4:1: shared 0 of 12/19; run []
  21:19 vs Deut 21:21: shared 1 of 12/13; run ['עירו']
  21:19 vs Deut 17:5: shared 1 of 12/24; run ['אל']
  21:20 vs Deut 21:18: shared 3 of 13/17; run ['איננו', 'שמע']
  21:20 vs Prov 23:20: shared 1 of 13/7; run ['אל']
  21:20 vs Prov 23:21: shared 0 of 13/7; run []
  21:20 vs Prov 28:7: shared 0 of 13/8; run []
  21:21 vs Deut 13:11: shared 2 of 13/14; run ['באבנים', 'ומת']
  21:21 vs Deut 13:12: shared 3 of 13/11; run ['וכל', 'ישראל', 'ישמעו']
  21:21 vs Deut 17:5: shared 1 of 13/24; run ['באבנים']
  21:21 vs Deut 17:13: shared 3 of 13/7; run ['ישמעו', 'ויראו']
  21:21 vs Deut 19:20: shared 2 of 13/11; run ['ישמעו', 'ויראו']
  21:21 vs Deut 22:21: shared 5 of 13/22; run ['ובערת', 'הרע', 'מקרבך']
  21:21 vs Lev 20:2: shared 1 of 13/22; run ['ישראל']
  21:21 vs Deut 22:24: shared 4 of 13/31; run ['ובערת', 'הרע', 'מקרבך']
  21:22 vs Num 25:4: shared 0 of 11/19; run []
  21:22 vs Gen 40:19: shared 2 of 11/17; run ['על', 'עץ']
  21:22 vs Josh 8:29: shared 1 of 11/32; run ['על']
  21:22 vs Josh 10:26: shared 1 of 11/15; run ['על']
  21:22 vs Esth 7:10: shared 1 of 11/11; run ['על']
  21:22 vs Deut 22:26: shared 3 of 11/19; run ['חטא']
  21:22 vs Deut 19:6: shared 2 of 11/26; run ['משפט', 'מות']
  21:23 vs Josh 8:29: shared 3 of 24/32; run ['על', 'העץ']
  21:23 vs Josh 10:27: shared 1 of 24/25; run ['על']
  21:23 vs Num 35:34: shared 5 of 24/19; run ['ולא', 'תטמא', 'את']
  21:23 vs Lev 18:25: shared 1 of 24/9; run ['את']
  21:23 vs 2Sam 21:10: shared 1 of 24/29; run ['ולא']
  21:23 vs Deut 21:1: shared 6 of 24/16; run ['אשר', 'יהוה', 'אלהיך', 'נתן', 'לך']
==== C. THE FORMULAS OVER THE TORAH AND THE BIBLE (phrase seats by consonants; the lists cut to fourteen, the counts whole)
  cities of refuge: Torah 3 ['Num 35:11', 'Num 35:13', 'Num 35:14'] | Bible 3 ['Num 35:11', 'Num 35:13', 'Num 35:14']
  three cities: Torah 3 ['Deut 19:7', 'Deut 19:9', 'Deut 4:41'] | Bible 4 ['Amos 4:8', 'Deut 19:7', 'Deut 19:9', 'Deut 4:41']
  separate for yourself (tavdil): Torah 2 ['Deut 19:2', 'Deut 19:7'] | Bible 2 ['Deut 19:2', 'Deut 19:7']
  the avenger of blood: Torah 7 ['Deut 19:12', 'Deut 19:6', 'Num 35:19', 'Num 35:21', 'Num 35:24', 'Num 35:25', 'Num 35:27'] | Bible 10 ['2Sam 14:11', 'Deut 19:12', 'Deut 19:6', 'Josh 20:5', 'Josh 20:9', 'Num 35:19', 'Num 35:21', 'Num 35:24', 'Num 35:25', 'Num 35:27']
  the manslayer (rotzeach): Torah 7 ['Deut 19:3', 'Num 35:11', 'Num 35:16', 'Num 35:17', 'Num 35:18', 'Num 35:21', 'Num 35:31'] | Bible 8 ['Deut 19:3', 'Jer 7:9', 'Num 35:11', 'Num 35:16', 'Num 35:17', 'Num 35:18', 'Num 35:21', 'Num 35:31']
  without knowledge: Torah 2 ['Deut 19:4', 'Deut 4:42'] | Bible 5 ['Deut 19:4', 'Deut 4:42', 'Job 35:16', 'Josh 20:3', 'Josh 20:5']
  not hating him from yesterday and the day before: Torah 1 ['Deut 19:4'] | Bible 1 ['Deut 19:4']
  from yesterday and the day before (any): Torah 2 ['Deut 19:4', 'Exod 21:29'] | Bible 2 ['Deut 19:4', 'Exod 21:29']
  his heart is hot: Torah 1 ['Deut 19:6'] | Bible 1 ['Deut 19:6']
  innocent blood: Torah 3 ['Deut 19:10', 'Deut 21:8', 'Deut 27:25'] | Bible 9 ['2Kgs 21:16', '2Kgs 24:4', 'Deut 19:10', 'Deut 21:8', 'Deut 27:25', 'Isa 59:7', 'Jer 26:15', 'Prov 6:17', 'Ps 106:38']
  and blood be upon you: Torah 1 ['Deut 19:10'] | Bible 1 ['Deut 19:10']
  the elders of his city: Torah 4 ['Deut 19:12', 'Deut 21:19', 'Deut 21:20', 'Deut 25:8'] | Bible 4 ['Deut 19:12', 'Deut 21:19', 'Deut 21:20', 'Deut 25:8']
  your eye shall not pity: Torah 2 ['Deut 19:13', 'Deut 25:12'] | Bible 2 ['Deut 19:13', 'Deut 25:12']
  purge the innocent blood: Torah 1 ['Deut 19:13'] | Bible 1 ['Deut 19:13']
  purge the evil from your midst: Torah 7 ['Deut 13:6', 'Deut 17:7', 'Deut 19:19', 'Deut 21:21', 'Deut 22:21', 'Deut 22:24', 'Deut 24:7'] | Bible 7 ['Deut 13:6', 'Deut 17:7', 'Deut 19:19', 'Deut 21:21', 'Deut 22:21', 'Deut 22:24', 'Deut 24:7']
  landmark of your neighbor: Torah 1 ['Deut 19:14'] | Bible 1 ['Deut 19:14']
  the first ones set (the border): Torah 1 ['Deut 19:14'] | Bible 1 ['Deut 19:14']
  one witness: Torah 4 ['Deut 17:6', 'Deut 19:15', 'Exod 14:28', 'Exod 9:7'] | Bible 6 ['2Sam 17:22', 'Deut 17:6', 'Deut 19:15', 'Exod 14:28', 'Exod 9:7', 'Judg 4:16']
  by the mouth of two witnesses: Torah 1 ['Deut 19:15'] | Bible 1 ['Deut 19:15']
  two witnesses or three: Torah 1 ['Deut 17:6'] | Bible 1 ['Deut 17:6']
  a violent witness: Torah 2 ['Deut 19:16', 'Exod 23:1'] | Bible 2 ['Deut 19:16', 'Exod 23:1']
  a witness of falsehood (sheker): Torah 2 ['Deut 19:18', 'Exod 20:16'] | Bible 5 ['Deut 19:18', 'Exod 20:16', 'Prov 14:5', 'Prov 25:18', 'Prov 6:19']
  before the priests and the judges: Torah 1 ['Deut 19:17'] | Bible 1 ['Deut 19:17']
  in those days: Torah 5 ['Deut 17:9', 'Deut 19:17', 'Deut 26:3', 'Exod 2:11', 'Gen 6:4'] | Bible 31 ['1Sam 28:1', '1Sam 3:1', '2Chr 32:24', '2Kgs 10:32', '2Kgs 15:37', '2Kgs 20:1', '2Sam 16:23', 'Dan 10:2', 'Deut 17:9', 'Deut 19:17', 'Deut 26:3', 'Esth 1:2', 'Esth 2:21', 'Exod 2:11']
  inquire well: Torah 1 ['Deut 19:18'] | Bible 1 ['Deut 19:18']
  as he plotted: Torah 1 ['Deut 19:19'] | Bible 2 ['Deut 19:19', 'Zech 1:6']
  hear and fear: Torah 3 ['Deut 17:13', 'Deut 19:20', 'Deut 21:21'] | Bible 3 ['Deut 17:13', 'Deut 19:20', 'Deut 21:21']
  life for life: Torah 1 ['Deut 19:21'] | Bible 1 ['Deut 19:21']
  eye for eye: Torah 2 ['Deut 19:21', 'Num 14:14'] | Bible 3 ['Deut 19:21', 'Isa 52:8', 'Num 14:14']
  tooth for tooth: Torah 1 ['Deut 19:21'] | Bible 1 ['Deut 19:21']
  hand for hand: Torah 1 ['Deut 19:21'] | Bible 1 ['Deut 19:21']
  foot for foot: Torah 1 ['Deut 19:21'] | Bible 1 ['Deut 19:21']
  go out to battle against your enemies: Torah 2 ['Deut 20:1', 'Deut 21:10'] | Bible 2 ['Deut 20:1', 'Deut 21:10']
  horse and chariot: Torah 1 ['Deut 20:1'] | Bible 2 ['Deut 20:1', 'Ezek 39:20']
  a people more than you: Torah 1 ['Deut 20:1'] | Bible 1 ['Deut 20:1']
  fear them not: Torah 2 ['Deut 20:1', 'Deut 7:18'] | Bible 2 ['Deut 20:1', 'Deut 7:18']
  who brought you up from Egypt (ha-maalkha): Torah 1 ['Deut 20:1'] | Bible 2 ['Deut 20:1', 'Ps 81:11']
  Hear, Israel: Torah 4 ['Deut 20:3', 'Deut 5:1', 'Deut 6:4', 'Deut 9:1'] | Bible 4 ['Deut 20:3', 'Deut 5:1', 'Deut 6:4', 'Deut 9:1']
  let not your heart faint: Torah 1 ['Deut 20:3'] | Bible 1 ['Deut 20:3']
  fear not and tremble not: Torah 1 ['Deut 20:3'] | Bible 1 ['Deut 20:3']
  goes with you to fight for you: Torah 1 ['Deut 20:4'] | Bible 1 ['Deut 20:4']
  the officers (shotrim): Torah 3 ['Deut 20:5', 'Deut 20:8', 'Deut 20:9'] | Bible 4 ['Deut 20:5', 'Deut 20:8', 'Deut 20:9', 'Josh 3:2']
  a new house: Torah 2 ['Deut 20:5', 'Deut 22:8'] | Bible 2 ['Deut 20:5', 'Deut 22:8']
  lest he die in the battle: Torah 3 ['Deut 20:5', 'Deut 20:6', 'Deut 20:7'] | Bible 3 ['Deut 20:5', 'Deut 20:6', 'Deut 20:7']
  planted a vineyard: Torah 1 ['Deut 20:6'] | Bible 2 ['Deut 20:6', 'Prov 31:16']
  betrothed a woman: Torah 1 ['Deut 20:7'] | Bible 1 ['Deut 20:7']
  fearful and faint of heart: Torah 1 ['Deut 20:8'] | Bible 1 ['Deut 20:8']
  captains of hosts: Torah 1 ['Deut 20:9'] | Bible 2 ['1Kgs 2:5', 'Deut 20:9']
  call to it for peace: Torah 1 ['Deut 20:10'] | Bible 1 ['Deut 20:10']
  tribute and serve you: Torah 1 ['Deut 20:11'] | Bible 1 ['Deut 20:11']
  smite every male: Torah 1 ['Deut 20:13'] | Bible 1 ['Deut 20:13']
  the women and the little ones: Torah 2 ['Deut 20:14', 'Deut 3:6'] | Bible 2 ['Deut 20:14', 'Deut 3:6']
  you shall not let any breath live: Torah 1 ['Deut 20:16'] | Bible 1 ['Deut 20:16']
  the Hittite and the Amorite (the list): Torah 1 ['Deut 20:17'] | Bible 4 ['2Chr 8:7', 'Deut 20:17', 'Josh 9:1', 'Judg 3:5']
  utterly destroy them: Torah 1 ['Deut 20:17'] | Bible 1 ['Deut 20:17']
  lest they teach you: Torah 1 ['Deut 20:18'] | Bible 1 ['Deut 20:18']
  siege (matzor): Torah 2 ['Deut 20:20', 'Deut 8:15'] | Bible 17 ['2Chr 8:5', '2Kgs 19:24', 'Deut 20:20', 'Deut 8:15', 'Ezek 4:2', 'Ezek 4:7', 'Hab 2:1', 'Isa 19:6', 'Isa 37:25', 'Isa 48:21', 'Jer 18:14', 'Mic 4:14', 'Mic 7:12', 'Nah 3:14']
  many days: Torah 8 ['Deut 1:46', 'Deut 20:19', 'Deut 2:1', 'Gen 21:34', 'Gen 37:34', 'Lev 15:25', 'Num 20:15', 'Num 9:19'] | Bible 24 ['1Chr 7:22', '1Kgs 18:1', '1Kgs 2:38', '1Kgs 3:11', '2Chr 1:11', '2Sam 14:2', 'Deut 1:46', 'Deut 20:19', 'Deut 2:1', 'Esth 1:4', 'Gen 21:34', 'Gen 37:34', 'Hos 3:3', 'Hos 3:4']
  is the tree of the field a man: Torah 1 ['Deut 20:19'] | Bible 1 ['Deut 20:19']
  tree of food: Torah 2 ['Deut 20:20', 'Lev 19:23'] | Bible 3 ['Deut 20:20', 'Ezek 47:12', 'Lev 19:23']
  until it falls: Torah 1 ['Deut 20:20'] | Bible 1 ['Deut 20:20']
  a slain one (chalal) in the field: Torah 1 ['Deut 21:1'] | Bible 1 ['Deut 21:1']
  not known who smote him: Torah 1 ['Deut 21:1'] | Bible 1 ['Deut 21:1']
  your elders and your judges: Torah 1 ['Deut 21:2'] | Bible 1 ['Deut 21:2']
  a heifer of the herd: Torah 1 ['Deut 21:3'] | Bible 3 ['1Sam 16:2', 'Deut 21:3', 'Isa 7:21']
  not drawn a yoke: Torah 1 ['Deut 21:3'] | Bible 1 ['Deut 21:3']
  a rough valley: Torah 1 ['Deut 21:4'] | Bible 1 ['Deut 21:4']
  break the neck (arap): Torah 1 ['Deut 21:4'] | Bible 1 ['Deut 21:4']
  the priests the sons of Levi: Torah 2 ['Deut 21:5', 'Deut 31:9'] | Bible 2 ['Deut 21:5', 'Deut 31:9']
  to minister to Him and to bless in the name: Torah 1 ['Deut 21:5'] | Bible 1 ['Deut 21:5']
  every dispute and every stroke: Torah 1 ['Deut 21:5'] | Bible 1 ['Deut 21:5']
  wash their hands: Torah 1 ['Deut 21:6'] | Bible 1 ['Deut 21:6']
  our hands have not shed: Torah 1 ['Deut 21:7'] | Bible 1 ['Deut 21:7']
  atone for Your people Israel: Torah 1 ['Deut 21:8'] | Bible 1 ['Deut 21:8']
  whom You redeemed: Torah 2 ['Deut 21:8', 'Deut 9:26'] | Bible 6 ['1Chr 17:21', '2Sam 7:23', 'Deut 21:8', 'Deut 9:26', 'Neh 1:10', 'Ps 71:23']
  right in the eyes of the LORD: Torah 3 ['Deut 12:25', 'Deut 13:19', 'Deut 21:9'] | Bible 21 ['1Kgs 15:11', '1Kgs 15:5', '1Kgs 22:43', '2Chr 20:32', '2Chr 24:2', '2Chr 25:2', '2Chr 26:4', '2Chr 27:2', '2Chr 28:1', '2Chr 29:2', '2Chr 34:2', '2Kgs 12:3', '2Kgs 14:3', '2Kgs 15:3']
  a woman beautiful of form: Torah 1 ['Deut 21:11'] | Bible 1 ['Deut 21:11']
  shave her head: Torah 1 ['Deut 21:12'] | Bible 1 ['Deut 21:12']
  the garment of her captivity: Torah 1 ['Deut 21:13'] | Bible 1 ['Deut 21:13']
  a month of days: Torah 1 ['Deut 21:13'] | Bible 2 ['2Kgs 15:13', 'Deut 21:13']
  she shall be your wife: Torah 1 ['Deut 21:13'] | Bible 1 ['Deut 21:13']
  send her away for herself: Torah 1 ['Deut 21:14'] | Bible 1 ['Deut 21:14']
  sell her for money: Torah 1 ['Deut 21:14'] | Bible 1 ['Deut 21:14']
  deal tyrannously (hitamer): Torah 1 ['Deut 21:14'] | Bible 1 ['Deut 21:14']
  humbled her: Torah 1 ['Deut 21:14'] | Bible 1 ['Deut 21:14']
  two wives: Torah 2 ['Deut 21:15', 'Gen 4:19'] | Bible 4 ['1Chr 4:5', '1Sam 1:2', 'Deut 21:15', 'Gen 4:19']
  loved and hated: Torah 1 ['Deut 21:15'] | Bible 1 ['Deut 21:15']
  the right of the firstborn: Torah 1 ['Deut 21:17'] | Bible 1 ['Deut 21:17']
  double portion (pi shnayim): Torah 2 ['Deut 17:6', 'Deut 21:17'] | Bible 4 ['2Kgs 2:9', 'Deut 17:6', 'Deut 21:17', 'Zech 13:8']
  the first of his strength: Torah 1 ['Deut 21:17'] | Bible 1 ['Deut 21:17']
  stubborn and rebellious: Torah 1 ['Deut 21:18'] | Bible 2 ['Deut 21:18', 'Jer 5:23']
  a glutton and a drunkard: Torah 1 ['Deut 21:20'] | Bible 1 ['Deut 21:20']
  the elders of his city and the gate of his place: Torah 1 ['Deut 21:19'] | Bible 1 ['Deut 21:19']
  all the men of his city stone him: Torah 1 ['Deut 21:21'] | Bible 1 ['Deut 21:21']
  all Israel shall hear and fear: Torah 1 ['Deut 21:21'] | Bible 1 ['Deut 21:21']
  a sin worthy of death: Torah 1 ['Deut 21:22'] | Bible 1 ['Deut 21:22']
  hang him on a tree: Torah 1 ['Deut 21:22'] | Bible 1 ['Deut 21:22']
  his body shall not stay overnight: Torah 1 ['Deut 21:23'] | Bible 1 ['Deut 21:23']
  bury him that day: Torah 1 ['Deut 21:23'] | Bible 1 ['Deut 21:23']
  a curse of God is one hanged: Torah 1 ['Deut 21:23'] | Bible 1 ['Deut 21:23']
  defile not your land: Torah 1 ['Deut 21:23'] | Bible 1 ['Deut 21:23']
  for an inheritance (the gift formula): Torah 8 ['Deut 15:4', 'Deut 19:10', 'Deut 20:16', 'Deut 21:23', 'Deut 24:4', 'Deut 25:19', 'Deut 26:1', 'Deut 4:21'] | Bible 8 ['Deut 15:4', 'Deut 19:10', 'Deut 20:16', 'Deut 21:23', 'Deut 24:4', 'Deut 25:19', 'Deut 26:1', 'Deut 4:21']
  the "three" tokens in chapter 19: [(2, 'שלוש'), (3, 'ושלשת'), (7, 'שלש'), (9, 'שלש'), (9, 'השלש'), (15, 'שלשה')] | "one" tokens: [(5, 'אחת'), (11, 'אחת'), (15, 'אחד')] | "two" tokens (19 and 21): [(19, 15, 'שני'), (19, 17, 'שני'), (21, 15, 'שתי'), (21, 17, 'שנים')]
  the manslayer tokens (Torah): ['Deut 19:3', 'Deut 19:4', 'Deut 19:6', 'Deut 4:42', 'Num 35:11', 'Num 35:12', 'Num 35:16', 'Num 35:17', 'Num 35:18', 'Num 35:19', 'Num 35:21', 'Num 35:25', 'Num 35:26', 'Num 35:27', 'Num 35:28', 'Num 35:30', 'Num 35:31', 'Num 35:6'] | the avenger tokens (Torah): ['Deut 19:12', 'Deut 19:6', 'Gen 48:16', 'Lev 25:26', 'Lev 27:13', 'Lev 27:19', 'Lev 27:31', 'Num 35:19', 'Num 35:21', 'Num 35:24', 'Num 35:25', 'Num 35:27', 'Num 5:8'] | refuge (miklat) tokens (Bible): ['1Chr 6:42', '1Chr 6:52', 'Josh 20:2', 'Josh 21:13', 'Josh 21:21', 'Josh 21:27', 'Josh 21:32', 'Josh 21:38', 'Num 35:11', 'Num 35:13', 'Num 35:14', 'Num 35:25', 'Num 35:26', 'Num 35:27', 'Num 35:28', 'Num 35:32', 'Num 35:6']
  the purge formula tokens (Torah): ['Deut 13:6', 'Deut 17:12', 'Deut 17:7', 'Deut 19:13', 'Deut 19:19', 'Deut 21:21', 'Deut 22:21', 'Deut 22:22', 'Deut 22:24', 'Deut 24:7', 'Exod 35:3'] | "the judges" (book): ['Deut 16:18', 'Deut 19:18', 'Deut 21:2'] | "the priests" (book): ['Deut 17:18', 'Deut 17:9', 'Deut 18:3', 'Deut 19:17', 'Deut 21:5', 'Deut 24:8', 'Deut 31:9'] | "the elders" (book): ['Deut 19:12', 'Deut 21:19', 'Deut 21:2', 'Deut 21:20', 'Deut 21:3', 'Deut 21:4', 'Deut 21:6', 'Deut 22:15', 'Deut 22:16', 'Deut 22:17', 'Deut 22:18', 'Deut 25:7', 'Deut 25:8', 'Deut 25:9', 'Deut 31:28', 'Deut 31:9', 'Deut 32:7']
  "battle" tokens (book): ['Deut 20:1', 'Deut 20:12', 'Deut 20:2', 'Deut 20:20', 'Deut 20:3', 'Deut 20:5', 'Deut 20:6', 'Deut 20:7', 'Deut 21:10', 'Deut 29:6', 'Deut 2:14', 'Deut 2:16', 'Deut 2:24', 'Deut 2:32', 'Deut 2:9', 'Deut 3:1'] | "enemy" (book): ['Deut 20:1', 'Deut 20:14', 'Deut 21:10', 'Deut 23:10', 'Deut 23:15', 'Deut 25:19', 'Deut 28:25', 'Deut 28:48', 'Deut 28:53', 'Deut 28:55', 'Deut 28:57', 'Deut 28:7', 'Deut 30:7', 'Deut 32:27', 'Deut 32:42', 'Deut 33:27', 'Deut 33:29', 'Deut 6:19'] | "peace" (book): ['Deut 20:10', 'Deut 20:11', 'Deut 29:18', 'Deut 2:26'] | "spoil" (book): ['Deut 13:17', 'Deut 20:14']
  the heifer (eglah) tokens (Bible): ['1Chr 13:7', '1Sam 16:2', '1Sam 6:10', '1Sam 6:11', '1Sam 6:14', '1Sam 6:7', '1Sam 6:8', '2Sam 6:3', 'Amos 2:13', 'Deut 21:3', 'Deut 21:4', 'Deut 21:6', 'Gen 15:9', 'Hos 10:11', 'Isa 15:5', 'Isa 28:27', 'Isa 5:18', 'Isa 7:21', 'Jer 46:20', 'Jer 48:34', 'Num 7:3'] | the neck-breaking root (Bible): ['Deut 21:4', 'Deut 21:6', 'Deut 32:2', 'Exod 13:13', 'Exod 34:20', 'Hos 10:2', 'Ruth 1:14', 'Ruth 1:4'] | "slain" (chalal) tokens (Torah): ['Deut 21:1', 'Deut 21:2', 'Deut 21:3', 'Deut 21:6', 'Deut 32:42', 'Gen 34:27', 'Lev 19:8', 'Num 23:24'] | "innocent" (naki) tokens (Torah): ['Deut 19:10', 'Deut 19:13', 'Deut 21:8', 'Deut 21:9', 'Deut 24:5', 'Deut 27:25', 'Exod 21:28', 'Exod 23:7', 'Gen 24:41', 'Num 5:19']
  the firstborn tokens (Torah): ['Deut 15:19', 'Deut 21:15', 'Deut 21:16', 'Deut 21:17', 'Deut 25:6', 'Deut 33:17', 'Exod 11:5', 'Exod 12:12', 'Exod 12:29', 'Exod 13:13', 'Exod 13:15', 'Exod 13:2', 'Exod 22:28', 'Exod 34:20', 'Exod 6:14', 'Gen 25:13', 'Gen 25:34', 'Gen 31:34', 'Gen 35:23', 'Gen 36:15', 'Gen 38:7', 'Gen 41:51', 'Gen 43:33', 'Gen 46:8', 'Gen 48:14', 'Gen 48:18', 'Lev 27:26', 'Num 18:15', 'Num 18:17', 'Num 1:20', 'Num 26:5', 'Num 33:4', 'Num 3:12', 'Num 3:13', 'Num 3:2', 'Num 3:40', 'Num 3:41', 'Num 3:42', 'Num 3:43', 'Num 3:45', 'Num 3:50', 'Num 8:16', 'Num 8:17', 'Num 8:18'] | "hated" (senuah) tokens (Torah): ['Deut 21:15', 'Deut 21:16', 'Deut 21:17', 'Gen 29:31', 'Gen 29:33'] | "loved" (ahuvah): ['Deut 21:15', 'Deut 21:16'] | "stubborn" (sorer) (Bible): ['Deut 21:18', 'Deut 21:20', 'Isa 1:23', 'Isa 30:1', 'Isa 65:2', 'Jer 5:23', 'Jer 6:28', 'Lam 3:11', 'Neh 9:29', 'Ps 68:19', 'Ps 68:7', 'Ps 78:8'] | "rebellious" (moreh) (Bible): ['1Sam 1:11', '1Sam 20:36', '2Chr 15:3', '2Kgs 17:28', 'Deut 21:18', 'Gen 12:6', 'Hab 2:18', 'Isa 9:14', 'Jer 5:23', 'Job 36:22', 'Joel 2:23', 'Judg 13:5', 'Judg 16:17', 'Ps 84:7']
  "hanged" / "tree" (talah) tokens (Torah): ['Deut 21:22', 'Deut 21:23'] | "curse of God": ['Deut 21:23', 'Eccl 7:22', 'Judg 9:57', 'Prov 26:2'] | "overnight" (lin) tokens (Torah): ['Deut 16:4', 'Deut 21:23', 'Exod 23:18', 'Exod 34:25', 'Lev 19:13']
  the three chapters' "not" clauses and the openings: {'19:4': ['לא'], '19:6': ['לא'], '19:10': ['ולא'], '19:13': ['לא'], '19:14': ['לא'], '19:15': ['לא'], '19:20': ['ולא'], '19:21': ['ולא'], '20:1': ['לא'], '20:5': ['ולא'], '20:6': ['ולא'], '20:7': ['ולא'], '20:8': ['ולא'], '20:12': ['לא'], '20:15': ['לא'], '20:16': ['לא'], '20:18': ['לא'], '20:19': ['לא', 'לא'], '20:20': ['לא'], '21:1': ['לא'], '21:3': ['לא', 'לא'], '21:4': ['לא', 'ולא'], '21:7': ['לא', 'לא'], '21:14': ['לא', 'לא', 'לא'], '21:16': ['לא'], '21:18': ['ולא'], '21:23': ['לא', 'ולא']} | verses opening with ki/im/rak/akh: ['19:1', '19:9', '19:11', '19:16', '20:1', '20:4', '20:10', '20:14', '20:16', '20:17', '20:19', '20:20', '21:1', '21:10', '21:15', '21:17', '21:18', '21:22']
  "Egypt" tokens: [(20, 1, 'מצרים')] | "Israel": [(19, 13, 'מישראל'), (20, 3, 'ישראל'), (21, 8, 'ישראל'), (21, 8, 'ישראל'), (21, 21, 'ישראל')] | "Levi": [(21, 5, 'לוי'), (21, 23, 'תלוי')] | "your gates": [(21, 19, 'שער')] | "brother" tokens: [(20, 8, 'אחיו')]
  19:21 vs Exodus 21:24 tokens: ['עין', 'תחת', 'עין', 'שן', 'תחת', 'שן', 'יד', 'תחת', 'יד', 'רגל', 'תחת', 'רגל'] | Leviticus 24:20: ['שבר', 'תחת', 'שבר', 'עין', 'תחת', 'עין', 'שן', 'תחת', 'שן', 'כאשר', 'יתן', 'מום', 'באדם', 'כן', 'ינתן', 'בו'] | 19:15 vs 17:6 vs Numbers 35:30 shared runs: ['עד', 'אחד'] ['לא'] | 21:4 vs Exodus 13:13 tokens: ['וכל', 'פטר', 'חמר', 'תפדה', 'בשה', 'ואם', 'לא', 'תפדה', 'וערפתו', 'וכל', 'בכור', 'אדם', 'בבניך', 'תפדה'] | 21:17 vs Genesis 49:3: ['ראובן', 'בכרי', 'אתה', 'כחי', 'וראשית', 'אוני', 'יתר', 'שאת', 'ויתר', 'עז'] | Genesis 48:22: ['ואני', 'נתתי', 'לך', 'שכם', 'אחד', 'על', 'אחיך', 'אשר', 'לקחתי', 'מיד', 'האמרי', 'בחרבי', 'ובקשתי']
==== D. ONKELOS OVER THE BOOK (the plain Aramaic of every export row through NFKC; EXPORT verse numbers)
  cities of refuge — kirvei shezavuta (19:2): 0 []
  the avenger of blood (19:6): 2 [(19, 6), (19, 12)]
  the manslayer — katola (19:3): 12 [(4, 42), (5, 17), (17, 6), (19, 3), (19, 4), (19, 6), (19, 10), (21, 22), (22, 8), (22, 26), (32, 42), (33, 20)]
  without knowledge (19:4): 0 []
  the Memra — "by the memra of" (19:15): 8 [(1, 26), (17, 6), (17, 10), (17, 11), (19, 15), (21, 5), (33, 3), (34, 5)]
  the Memra of the LORD: 24 [(1, 26), (1, 32), (1, 43), (2, 7), (4, 33), (5, 5), (5, 22), (5, 23), (8, 3), (8, 20), (9, 23), (13, 19), (15, 5), (18, 16), (26, 14), (27, 10), (28, 1), (28, 2), (28, 15), (28, 45), (28, 62), (30, 8), (30, 10), (34, 5)]
  the court (bet dina): 1 [(25, 7)]
  your court (bet dinakh): 1 [(17, 5)]
  the witnesses (sahadin): 2 [(17, 6), (19, 15)]
  a false witness — sahid sheqar (19:16, 18): 2 [(19, 16), (19, 18)]
  the judge (dayyana): 14 [(1, 17), (17, 8), (17, 9), (17, 11), (17, 12), (19, 17), (25, 1), (25, 2), (25, 7), (32, 4), (32, 34), (32, 36), (32, 41), (33, 9)]
  your cities (for gates): 25 [(12, 15), (12, 17), (12, 18), (12, 21), (13, 13), (14, 21), (14, 27), (14, 28), (14, 29), (15, 7), (15, 22), (16, 5), (16, 11), (16, 14), (16, 18), (17, 2), (17, 8), (18, 6), (23, 17), (24, 14), (26, 12), (28, 52), (28, 55), (28, 57)]
  the peoples (amemaya): 59 [(2, 25), (4, 6), (4, 19), (4, 27), (4, 28), (6, 14), (7, 4), (7, 6), (7, 7), (7, 14), (7, 16), (7, 17), (7, 19), (7, 22), (8, 19), (8, 20), (9, 4), (9, 5), (10, 15), (11, 16), (11, 23), (11, 28), (12, 2), (12, 29)]
  to wage battle — le-agacha kerava (20:1): 13 [(2, 32), (3, 1), (20, 1), (20, 2), (20, 3), (20, 5), (20, 6), (20, 7), (20, 10), (21, 10), (29, 6), (33, 7), (33, 18)]
  battle (kerava) tokens: 44 [(1, 17), (1, 22), (1, 41), (1, 42), (2, 9), (2, 14), (2, 16), (2, 19), (2, 24), (2, 32), (2, 37), (3, 1), (4, 11), (4, 34), (5, 20), (5, 24), (8, 15), (10, 20), (11, 22), (13, 5), (14, 8), (18, 1), (20, 1), (20, 2)]
  your enemies (sanakh): 39 [(4, 20), (4, 21), (4, 38), (7, 10), (7, 15), (10, 9), (12, 9), (12, 12), (14, 27), (14, 29), (15, 4), (18, 1), (18, 2), (19, 10), (20, 14), (20, 16), (21, 23), (24, 4), (25, 19), (26, 1), (28, 25), (28, 53), (28, 55), (28, 57)]
  the Shekhinah: 16 [(4, 39), (6, 15), (7, 21), (12, 5), (12, 11), (12, 21), (14, 23), (14, 24), (16, 2), (16, 6), (16, 11), (23, 15), (26, 2), (32, 10), (33, 16), (33, 26)]
  the Memra going before (20:4): 18 [(3, 22), (4, 24), (4, 30), (4, 36), (4, 37), (5, 21), (9, 3), (9, 23), (11, 1), (13, 5), (20, 1), (23, 15), (26, 17), (30, 2), (30, 20), (31, 3), (31, 8), (33, 27)]
  the officers (sarkhaya): 6 [(1, 15), (20, 5), (20, 8), (20, 9), (29, 9), (31, 28)]
  the slain — ketila (21:1): 5 [(21, 1), (21, 2), (21, 3), (21, 6), (32, 42)]
  the heifer (eglat torei): 3 [(21, 3), (21, 4), (21, 6)]
  break the neck — nekaf (21:4, 6): 2 [(21, 4), (21, 6)]
  a barren valley (chakal bayir): 0 []
  the priests the sons of Levi: 2 [(21, 5), (31, 9)]
  the captives (shivya): 13 [(2, 11), (5, 14), (15, 9), (15, 12), (16, 8), (21, 10), (21, 11), (21, 13), (28, 41), (30, 3), (32, 2), (32, 36), (32, 42)]
  her nails (tufraha): 1 [(21, 12)]
  a month of days (yerach yomin): 1 [(21, 13)]
  deal with her as merchandise (21:14): 6 [(2, 5), (2, 9), (2, 19), (21, 14), (23, 25), (23, 26)]
  the loved (rechimta): 0 []
  the hated (senita): 3 [(21, 15), (21, 16), (21, 17)]
  the firstborn (bukhra): 5 [(15, 19), (21, 15), (21, 16), (21, 17), (25, 6)]
  two portions (tren chulakin — 21:17): 0 []
  stubborn and rebellious (21:18): 2 [(21, 18), (21, 20)]
  glutton and drunkard (21:20): 0 []
  stone him (21:21): 2 [(21, 21), (22, 21)]
  the tree — tzeliva (21:22-23): 2 [(21, 22), (21, 23)]
  sinned before the LORD (21:23 — the addition): 1 [(21, 23)]
  distanced — for abomination: 11 [(7, 25), (7, 26), (12, 31), (14, 3), (17, 1), (18, 12), (22, 5), (23, 19), (24, 4), (25, 16), (27, 15)]
  the doer of evil: 10 [(9, 18), (13, 6), (17, 7), (17, 12), (19, 19), (21, 21), (22, 21), (22, 22), (22, 24), (24, 7)]
  the fear of the LORD: 12 [(1, 36), (4, 4), (4, 29), (4, 30), (8, 11), (8, 14), (8, 19), (13, 5), (13, 11), (18, 13), (29, 17), (30, 2)]
  the Torah (oraita): 24 [(1, 5), (4, 8), (4, 44), (17, 11), (17, 18), (17, 19), (27, 3), (27, 8), (27, 26), (28, 58), (28, 61), (29, 20), (29, 28), (30, 10), (31, 9), (31, 11), (31, 12), (31, 24), (31, 26), (32, 6), (32, 10), (32, 46), (33, 2), (33, 4)]
  19:3 Aramaic: ['תתקן', 'לך', 'ארחא', 'ותתלת', 'ית', 'תחום', 'ארעך', 'די', 'יחסננך', 'יי', 'אלהך', 'ויהי', 'למעירוק', 'תמן', 'כל', 'קטולא']
  19:4 Aramaic: ['ודין', 'פתגם', 'קטולא', 'דיערוק', 'תמן', 'ויתקים', 'די', 'יקטול', 'ית', 'חבריה', 'בלא', 'מנדעיה', 'והוא', 'לא', 'סני', 'ליה', 'מאתמלי', 'ומדקמוהי']
  19:6 Aramaic: ['דילמא', 'ירדוף', 'גאל', 'דמא', 'בתר', 'קטולא', 'ארי', 'יחם', 'לביה', 'וידבקניה', 'ארי', 'תסגי', 'ארחא', 'ויקטלניה', 'נפש', 'וליה', 'לית', 'חובת', 'דין', 'דקטול', 'ארי', 'לא', 'סני', 'הוא', 'ליה', 'מתמלי', 'ומדקמוהי']
  19:10 Aramaic: ['ולא', 'ישתפך', 'דם', 'זכי', 'בגו', 'ארעך', 'די', 'יי', 'אלהך', 'יהב', 'לך', 'אחסנא', 'ויהי', 'עלך', 'חובת', 'דין', 'דקטול']
  19:13 Aramaic: ['לא', 'תחוס', 'עינך', 'עלוהי', 'ותפלי', 'אשדי', 'דם', 'זכי', 'מישראל', 'וייטב', 'לך']
  19:15 Aramaic: ['לא', 'יקום', 'סהיד', 'חד', 'בגבר', 'לכל', 'עוין', 'ולכל', 'חובין', 'בכל', 'חט', 'די', 'יחטא', 'על', 'מימר', 'תרין', 'סהדין', 'או', 'על', 'מימר', 'תלתא', 'סהדין', 'יתקים', 'פתגמא']
  19:16 Aramaic: ['ארי', 'יקום', 'סהיד', 'שקר', 'בגבר', 'לאסהדא', 'ביה', 'סטיא']
  19:17 Aramaic: ['ויקומון', 'תרין', 'גברין', 'די', 'להון', 'דינא', 'קדם', 'יי', 'קדם', 'כהניא', 'ודיניא', 'די', 'יהון', 'ביומיא', 'האנון']
  20:1 Aramaic: ['ארי', 'תפוק', 'לאגחא', 'קרבא', 'על', 'בעלי', 'דבבך', 'ותחזי', 'סוסון', 'ורתכין', 'עם', 'סגי', 'מנך', 'לא', 'תדחל', 'מנהון', 'ארי', 'יי', 'אלהך', 'מימריה', 'בסעדך', 'דאסקך', 'מארעא', 'דמצרים']
  20:4 Aramaic: ['ארי', 'יי', 'אלהכון', 'דמדבר', 'קדמיכון', 'לאגחא', 'לכון', 'קרב', 'עם', 'בעלי', 'דבביכון', 'למפרק', 'יתכון']
  20:5 Aramaic: ['וימללון', 'סרכיא', 'קדם', 'עמא', 'למימר', 'מן', 'גברא', 'די', 'בנא', 'ביתא', 'חדתא', 'ולא', 'חנכיה', 'יהך', 'ויתוב', 'לביתיה', 'דילמא', 'ימות', 'באגחא', 'קרבא', 'וגבר', 'אחרן', 'יחנכניה']
  20:8 Aramaic: ['ויוספון', 'סרכיא', 'למללא', 'עם', 'עמא', 'ויימרון', 'מן', 'גברא', 'דדחל', 'ותביר', 'לבא', 'יהך', 'ויתוב', 'לביתיה', 'ולא', 'יתבר', 'ית', 'לבא', 'דאחוהי', 'כלביה']
  20:11 Aramaic: ['ויהי', 'אם', 'שלם', 'תעננך', 'ותפתח', 'לך', 'ויהי', 'כל', 'עמא', 'דישתכח', 'בה', 'יהון', 'לך', 'מסקי', 'מסין', 'ויפלחנך']
  20:19 Aramaic: ['ארי', 'תצור', 'לקרתא', 'יומין', 'סגיאין', 'לאגחא', 'עלה', 'למכבשה', 'לא', 'תחבל', 'ית', 'אילנה', 'לארמא', 'עלוהי', 'גרזנא', 'ארי', 'מניה', 'תיכול', 'ויתיה', 'לא', 'תקוץ', 'ארי', 'לא', 'כאנשא', 'אילן', 'חקלא', 'למיעל', 'מקדמך', 'בצירא']
  21:1 Aramaic: ['ארי', 'ישתכח', 'קטילא', 'בארעא', 'די', 'יי', 'אלהך', 'יהב', 'לך', 'למירתה', 'רמי', 'בחקלא', 'לא', 'אתידע', 'מן', 'קטליה']
  21:4 Aramaic: ['ויחתון', 'סבי', 'קרתא', 'ההיא', 'ית', 'עגלתא', 'לנחלא', 'ביר', 'די', 'לא', 'אתפלח', 'ביה', 'ולא', 'יזדרע', 'וינקפון', 'תמן', 'ית', 'עגלתא', 'בנחלא']
  21:5 Aramaic: ['ויתקרבון', 'כהניא', 'בני', 'לוי', 'ארי', 'בהון', 'יתרעי', 'יי', 'אלהך', 'לשמשותיה', 'ולברכא', 'בשמא', 'דיי', 'ועל', 'מימרהון', 'יהי', 'כל', 'דין', 'וכל', 'מכתש', 'סגירו']
  21:7 Aramaic: ['ויתיבון', 'ויימרון', 'ידנא', 'לא', 'אשדו', 'ית', 'דמא', 'הדין', 'ועיננא', 'לא', 'חזאה']
  21:8 Aramaic: ['כהניא', 'יימרון', 'כפר', 'לעמך', 'ישראל', 'די', 'פרקתא', 'יי', 'ולא', 'תתן', 'חובת', 'דם', 'זכי', 'בגו', 'עמך', 'ישראל', 'ויתכפר', 'להון', 'על', 'דמא']
  21:12 Aramaic: ['ותעלנה', 'לגו', 'ביתך', 'ותגלח', 'ית', 'רישה', 'ותרבי', 'ית', 'טופרנהא']
  21:14 Aramaic: ['ויהי', 'אם', 'לא', 'תתרעי', 'בה', 'ותפטרנה', 'לנפשה', 'וזבנא', 'לא', 'תזבננה', 'בכספא', 'לא', 'תתגר', 'בה', 'חלף', 'די', 'עניתה']
  21:17 Aramaic: ['ארי', 'ית', 'בוכרא', 'בר', 'שניאתא', 'יפרש', 'למתן', 'ליה', 'תרתין', 'חלקין', 'בכל', 'די', 'ישתכח', 'ליה', 'ארי', 'הוא', 'ריש', 'תקפיה', 'ליה', 'חזיא', 'בכרותא']
  21:18 Aramaic: ['ארי', 'יהי', 'לגבר', 'בר', 'סטי', 'ומרי', 'ליתוהי', 'מקבל', 'למימר', 'אבוהי', 'ולמימר', 'אמיה', 'ומלפן', 'יתיה', 'ולא', 'יקבל', 'מנהון']
  21:20 Aramaic: ['ויימרון', 'לסבי', 'קרתיה', 'בננא', 'דין', 'סטי', 'ומרי', 'ליתוהי', 'מקבל', 'למימרנא', 'זלל', 'בסר', 'וסבי', 'חמר']
  21:22 Aramaic: ['וארי', 'יהי', 'בגבר', 'חובת', 'דין', 'דקטול', 'ויתקטל', 'ותצלוב', 'יתיה', 'על', 'צליבא']
  21:23 Aramaic: ['לא', 'תבית', 'נבלתיה', 'על', 'צליבא', 'ארי', 'מקבר', 'תקברניה', 'ביומא', 'ההוא', 'ארי', 'על', 'דחב', 'קדם', 'יי', 'אצטלב', 'ולא', 'תסאב', 'ית', 'ארעך', 'די', 'יי', 'אלהך', 'יהב', 'לך', 'אחסנא']
==== E. THE FRAMES AND THE REGISTER (computed on the morphology)
  2mp/2ms per verse: {'19:1': (0, 5), '19:2': (0, 4), '19:3': (0, 6), '19:4': (0, 0), '19:5': (0, 0), '19:6': (0, 0), '19:7': (0, 2), '19:8': (0, 5), '19:9': (0, 5), '19:10': (0, 4), '19:11': (0, 0), '19:12': (0, 0), '19:13': (0, 2), '19:14': (0, 6), '19:15': (0, 0), '19:16': (0, 0), '19:17': (0, 0), '19:18': (0, 0), '19:19': (1, 2), '19:20': (0, 1), '19:21': (0, 1), '20:1': (0, 7), '20:2': (1, 0), '20:3': (6, 1), '20:4': (5, 0), '20:5': (0, 0), '20:6': (0, 0), '20:7': (0, 0), '20:8': (0, 0), '20:9': (0, 0), '20:10': (0, 2), '20:11': (0, 3), '20:12': (0, 2), '20:13': (0, 3), '20:14': (0, 4), '20:15': (0, 2), '20:16': (0, 3), '20:17': (0, 3), '20:18': (3, 0), '20:19': (0, 5), '20:20': (0, 5), '21:1': (0, 2), '21:2': (0, 2), '21:3': (0, 0), '21:4': (0, 0), '21:5': (0, 1), '21:6': (0, 0), '21:7': (0, 0), '21:8': (0, 5), '21:9': (0, 4), '21:10': (0, 5), '21:11': (0, 4), '21:12': (0, 2), '21:13': (0, 4), '21:14': (0, 5), '21:15': (0, 0), '21:16': (0, 0), '21:17': (0, 0), '21:18': (0, 0), '21:19': (0, 0), '21:20': (0, 0), '21:21': (0, 2), '21:22': (0, 1), '21:23': (0, 5)}
  infinitive absolutes: [(19, 18, 'היטב'), (20, 17, 'החרם'), (21, 14, 'ומכר'), (21, 23, 'קבור')] | wayyiqtol forms: [] | imperatives: [(20, 3, 'שמע'), (21, 8, 'כפר')] | first person: [] | participles: [(19, 1, 'נתן'), (19, 2, 'נתן'), (19, 3, 'רצח'), (19, 4, 'הרצח'), (19, 4, 'שנא'), (19, 6, 'גאל'), (19, 6, 'הרצח'), (19, 6, 'שנא'), (19, 7, 'מצוך'), (19, 9, 'מצוך'), (19, 10, 'נתן'), (19, 11, 'שנא'), (19, 12, 'גאל'), (19, 14, 'נתן'), (19, 17, 'והשפטים'), (19, 18, 'השפטים'), (19, 20, 'והנשארים'), (20, 1, 'איביך'), (20, 1, 'המעלך'), (20, 3, 'איביכם'), (20, 4, 'ההלך'), (20, 4, 'איביכם'), (20, 5, 'השטרים'), (20, 8, 'השטרים'), (20, 9, 'השטרים'), (20, 11, 'הנמצא'), (20, 14, 'איביך'), (20, 16, 'נתן'), (20, 20, 'עשה'), (21, 1, 'נתן'), (21, 1, 'נפל'), (21, 2, 'ושפטיך'), (21, 10, 'איביך'), (21, 18, 'סורר'), (21, 18, 'ומורה'), (21, 18, 'שמע'), (21, 20, 'סורר'), (21, 20, 'ומרה'), (21, 20, 'שמע'), (21, 20, 'זולל'), (21, 20, 'וסבא'), (21, 23, 'נתן')]
  negations per verse: {'19:4': 1, '19:6': 1, '19:10': 1, '19:13': 1, '19:14': 1, '19:15': 1, '19:20': 1, '19:21': 1, '20:1': 1, '20:5': 1, '20:6': 1, '20:7': 1, '20:8': 1, '20:12': 1, '20:15': 1, '20:16': 1, '20:18': 1, '20:19': 2, '20:20': 1, '21:1': 1, '21:3': 2, '21:4': 2, '21:7': 2, '21:14': 3, '21:16': 1, '21:18': 1, '21:23': 2} | "saying": ['19:7', '20:5'] | "so that" (למען): ['20:18'] | "lest" (פן): ['19:6', '20:5', '20:6', '20:7']
  chapter 19: the Name bare / with lamed / "your God" pairs: 9 0 [1, 2, 3, 8, 9, 10, 14] | verses without the Name: [4, 5, 6, 7, 11, 12, 13, 15, 16, 18, 19, 20, 21] | "God" other: []
  chapter 20: the Name bare / with lamed / "your God" pairs: 6 1 [1, 13, 14, 16, 17] | verses without the Name: [2, 3, 5, 6, 7, 8, 9, 10, 11, 12, 15, 19, 20] | "God" other: [(4, 'אלהיכם'), (18, 'אלהיכם')]
  chapter 21: the Name bare / with lamed / "your God" pairs: 7 0 [1, 5, 10, 23] | verses without the Name: [2, 3, 4, 6, 7, 11, 12, 13, 14, 15, 16, 17, 18, 19, 20, 21, 22] | "God" other: [(23, 'אלהים')]
  the register on Deut 19-21 — receipts: [('Deut', 20, 17)] | footers: [] | headers: [] | receipts in the book so far: [('Deut', 1, 3), ('Deut', 1, 19), ('Deut', 1, 41), ('Deut', 4, 5), ('Deut', 5, 12), ('Deut', 5, 16), ('Deut', 5, 32), ('Deut', 10, 5), ('Deut', 20, 17)] | count lines: []
  the parser's hits: {(19, 2): ([3], [], []), (19, 3): ([3], [], []), (19, 5): ([1], [], []), (19, 7): ([3], [], []), (19, 9): ([3], [], []), (19, 11): ([1], [], []), (19, 15): ([1, 2, 3], [], ['שני^']), (19, 17): ([2], [], ['שני^']), (21, 15): ([2, 1, 1], [], ['שתי^', 'האחת#', 'והאחת#']), (21, 17): ([2], [], [])} | 19:3 tokens as the parser sees them: ['תכין', 'לך', 'הדרך', 'ושלשת', 'את', 'גבול'] | 19:8: ['כאשר', 'נשבע', 'לאבתיך', 'ונתן'] | 21:17: ['לתת', 'לו', 'פי', 'שנים', 'בכל', 'אשר']
==== F. THE PRIOR READS (computed from the ledgers)
  spine rows read before: [('deu_01_03_devarim_2026-09-15.md', 199, 5), ('deu_06_vaetchanan_2026-09-17.md', 201, 3), ('deu_12_reeh_2026-09-20.md', 179, 2), ('deu_13_reeh_2026-09-21.md', 189, 1), ('deu_13_reeh_2026-09-21.md', 190, 7), ('deu_13_reeh_2026-09-21.md', 190, 8), ('deu_17_18_shoftim_2026-09-24.md', 190, 3), ('deu_17_18_shoftim_2026-09-24.md', 190, 7), ('deu_17_18_shoftim_2026-09-24.md', 208, 1)] | outside rows read before: [('deu_12_reeh_2026-09-20.md', 76, 5), ('deu_12_reeh_2026-09-20.md', 80, 3), ('deu_15_reeh_2026-09-22.md', 121, 2), ('deu_17_18_shoftim_2026-09-24.md', 148, 1), ('deu_17_18_shoftim_2026-09-24.md', 152, 9)]
  ledgers with an Onkelos row of Deut 19-34 or the Prophets (never read ahead — expected none): []
  the kin ledgers' Onkelos row counts: [('deu_01_03_devarim_2026-09-15.md', 66), ('deu_04_vaetchanan_2026-09-16.md', 49), ('deu_05_vaetchanan_2026-09-16.md', 33), ('deu_07_vaetchanan_ekev_2026-09-17.md', 26), ('deu_12_reeh_2026-09-20.md', 31), ('deu_13_reeh_2026-09-21.md', 19), ('deu_16_reeh_shoftim_2026-09-23.md', 22), ('deu_17_18_shoftim_2026-09-24.md', 20), ('exo_23_escort_land_2026-09-01.md', 8), ('exo_23_justice_calendar_2026-09-01.md', 7), ('exo_34_second_tablets_2026-09-01.md', 7), ('lev_20_sanctions_2026-09-05.md', 27), ('lev_24_first_call_2026-09-05.md', 13), ('lev_24_lamp_bread_blasphemer_2026-09-05.md', 23), ('num_10_trumpets_depart_2026-09-10.md', 36), ('num_19_parah_2026-09-11.md', 22), ('num_21_snakes_conquest_2026-09-11.md', 35), ('num_25_peor_pinchas_2026-09-11.md', 19), ('num_31_midian_2026-09-12.md', 54), ('num_35_refuge_cities_2026-09-13.md', 34)]
  the store mismatches: [(21, 7, 12, 11)] | token counts: {19: 332, 20: 316, 21: 354} | distinct glosses: {19: 195, 20: 187, 21: 213} | "?" glosses: [(19, 7, 'אנכי'), (19, 9, 'אנכי')]
THE LEAN MEASURE PRINTED
