israel_people rows in the one database: 313 | all distinct rows: 1652 | chapters 19-21 present: 45 ['abominations_teaching_barred', 'captains_appointed_commanded', 'captive_mourning_month_commanded', 'captive_release_commanded', 'captive_sale_barred', 'captive_wife_permitted'] ...
==== A. THE RUNNERS' HOLE SCANS (ledger_scan on israel_people by a WORDS pattern) ====
 TRIPS  blessing_and_curse RAIN_WORDS     hits 5, excluded 0, survivors ['blessing_and_curse_set', 'gerizim_ebal_ceremony_owed', 'heavens_shut_for_turning', 'rain_in_its_season', 'yoke_of_the_commandments_accepted']
 TRIPS  courts_prophet     HOLE_WORDS     hits 37, excluded 0, survivors ['abominations_learning_barred', 'augur_barred', 'blemished_offering_barred', 'charmer_barred', 'diviner_barred', 'equal_portions_commanded', 'false_prophet_fear_barred', 'false_word_test_declared', 'familiar_spirit_barred', 'first_fleece_owed', 'foreign_king_barred', 'ghost_consulting_barred', 'heart_lifting_barred', 'high_court_at_the_place_commanded', 'horses_multiplying_barred', 'idolater_inquiry_required', 'king_from_the_brothers_commanded', 'law_copy_commanded', 'levite_service_at_the_place_permitted', 'necromancer_barred', 'one_witness_barred', 'passing_through_fire_barred', 'priests_standing_chosen', 'prophet_hearkening_commanded', 'prophet_like_moses_promised', 'return_to_egypt_barred', 'sentence_binding_commanded', 'shoulder_cheeks_maw_owed', 'silver_and_gold_multiplying_barred', 'soothsayer_barred', 'sorcerer_barred', 'turning_from_the_word_barred', 'two_witnesses_required', 'wholeness_commanded', 'witnesses_hand_first_commanded', 'wives_multiplying_barred', 'word_required_of_the_hearer']
 TRIPS  festivals_judges   HOLE_WORDS     hits 15, excluded 0, survivors ['asherah_beside_the_altar_barred', 'booths_at_the_place_commanded', 'empty_appearance_barred', 'flesh_till_morning_barred', 'judges_and_officers_commanded', 'judgment_wresting_barred', 'justice_pursuit_commanded', 'leaven_with_the_passover_barred', 'passover_at_the_place_commanded', 'passover_in_the_gates_barred', 'person_respecting_barred', 'pillar_barred', 'seventh_day_assembly_commanded', 'three_pilgrimages_commanded', 'weeks_at_the_place_commanded']
 TRIPS  food_tithe         FOOD_WORDS     hits 5, excluded 0, survivors ['abomination_eating_barred', 'carcass_eating_barred', 'cuttings_for_the_dead_barred', 'poor_tithe_owed', 'second_tithe_owed']
 TRIPS  not_righteousness  STIFF_WORDS    hits 3, excluded 0, survivors ['elders_hands_washed_commanded', 'heifer_neck_broken_commanded', 'stiffening_barred']
 TRIPS  place_name         PLACE_WORDS    hits 10, excluded 0, survivors ['foreign_rite_inquiry_barred', 'high_court_at_the_place_commanded', 'holy_things_in_the_gates_barred', 'levite_forsaking_barred', 'name_erasure_barred', 'passover_at_the_place_commanded', 'place_chosen_required', 'profane_slaughter_permitted', 'rejoicing_before_the_lord_commanded', 'weeks_at_the_place_commanded']
 TRIPS  refuge_war_family  HOLE_WORDS     hits 45, excluded 0, survivors ['abominations_teaching_barred', 'captains_appointed_commanded', 'captive_mourning_month_commanded', 'captive_release_commanded', 'captive_sale_barred', 'captive_wife_permitted', 'corpse_overnight_barred', 'elders_declaration_commanded', 'elders_hands_washed_commanded', 'far_cities_scope_declared', 'fearful_exemption_commanded', 'firstborn_double_portion_commanded', 'firstborn_right_transfer_barred', 'fruit_tree_cutting_barred', 'hanging_after_death_commanded', 'heifer_neck_broken_commanded', 'innocent_blood_atoned', 'innocent_blood_purge_commanded', 'land_defilement_barred', 'land_divided_in_three_commanded', 'landmark_removal_barred', 'manslayer_flight_permitted', 'murderer_extradition_commanded', 'murderer_pity_barred', 'nothing_alive_left_commanded', 'officers_exemptions_commanded', 'peace_call_commanded', 'plotting_witness_talion_commanded', 'priest_war_speech_commanded', 'priests_approach_commanded', 'rebellious_son_seized_commanded', 'rebellious_son_stoning_commanded', 'same_day_burial_commanded', 'siege_males_smitten_commanded', 'siege_works_permitted', 'slain_found_measuring_commanded', 'spoil_permitted', 'talion_pity_barred', 'three_cities_separated_commanded', 'three_more_cities_conditioned', 'tribute_service_commanded', 'two_or_three_witnesses_required', 'war_fear_barred', 'way_prepared_commanded', 'witnesses_inquiry_commanded']
 TRIPS  release_firstborn  HOLE_WORDS     hits 10, excluded 0, survivors ['base_thought_barred', 'debt_release_owed', 'empty_sending_barred', 'exaction_barred', 'firstling_sanctification_commanded', 'firstling_work_and_shearing_barred', 'furnishing_commanded', 'hand_opening_commanded', 'hand_shutting_barred', 'work_of_the_hand_blessed']
 TRIPS  seducers           SEDUCER_WORDS  hits 5, excluded 0, survivors ['condemned_city_inquiry_required', 'devoted_thing_cleaving_barred', 'false_prophet_fear_barred', 'false_prophet_hearing_barred', 'tested_by_the_lord']
==== B. THE PROBES' AND THE TAPE'S SUBSTRING SCANS (every quoted pattern handed to a ledger/effect scan in readback_probes.py, census_probes.py, register_census.py and cold_run_sequence.py; the values of the new rows searched for each) ====
 TRIPS? readback_probes.py     line 222   entity None           pattern 'commanded'                              -> new rows matched ['captains_appointed_commanded', 'captive_mourning_month_commanded', 'captive_release_commanded', 'elders_declaration_commanded', 'elders_hands_washed_commanded', 'fearful_exemption_commanded']
 TRIPS? readback_probes.py     line 223   entity None           pattern 'pity_barred'                            -> new rows matched ['murderer_pity_barred', 'talion_pity_barred']
 TRIPS? readback_probes.py     line 231   entity None           pattern 'commanded'                              -> new rows matched ['captains_appointed_commanded', 'captive_mourning_month_commanded', 'captive_release_commanded', 'elders_declaration_commanded', 'elders_hands_washed_commanded', 'fearful_exemption_commanded']
 TRIPS? readback_probes.py     line 674   entity None           pattern 'released'                               -> new rows matched ['same_day_burial_commanded']
 TRIPS? readback_probes.py     line 734   entity None           pattern 'stoned'                                 -> new rows matched ['hanging_after_death_commanded', 'land_defilement_barred']
 TRIPS? readback_probes.py     line 764   entity None           pattern 'pity_barred'                            -> new rows matched ['murderer_pity_barred', 'talion_pity_barred']
 TRIPS? readback_probes.py     line 764   entity None           pattern 'abominations_learning_barred'           -> new rows matched ['abominations_teaching_barred']
 TRIPS? readback_probes.py     line 764   entity None           pattern 'taken_captive'                          -> new rows matched ['spoil_permitted']
 TRIPS? readback_probes.py     line 764   entity None           pattern 'spoil_taken'                            -> new rows matched ['spoil_permitted']
 TRIPS? readback_probes.py     line 764   entity None           pattern 'hanged'                                 -> new rows matched ['hanging_after_death_commanded', 'same_day_burial_commanded']
 TRIPS? readback_probes.py     line 764   entity None           pattern 'hated'                                  -> new rows matched ['firstborn_double_portion_commanded', 'firstborn_right_transfer_barred', 'manslayer_flight_permitted']
 TRIPS? readback_probes.py     line 764   entity None           pattern 'stoned'                                 -> new rows matched ['hanging_after_death_commanded', 'land_defilement_barred']
 readback_probes.py: 153 scan seats read, 12 name a new row
 census_probes.py: 0 scan seats read, 0 name a new row
 register_census.py: 0 scan seats read, 0 name a new row
 cold_run_sequence.py: 251 scan seats read, 0 name a new row
 checkpoint_check.py: 0 scan seats read, 0 name a new row
==== B2. THE TAPE'S NAMED-PATTERN SCANS (re.search(cold_run_X.NAME_WORDS, …) in cold_run_sequence.py — the pattern read from the runner's own source; a THIRD form the census had not covered: THE DEUTERONOMY WALK 16b, read at the tape's first run 9/10 — CU7 and DA6) ====
 TRIPS  cold_run_sequence.py line 3267  good_land              STATE_WORDS    pattern '\\b(garment|garments|clothing|clothes|cloth|shoe|sh' -> new rows matched ['captive_mourning_month_commanded']
 TRIPS  cold_run_sequence.py line 3288  not_righteousness      STIFF_WORDS    pattern '\\b(stiff|stiff-necked|neck|nape)\\b'             -> new rows matched ['elders_hands_washed_commanded', 'heifer_neck_broken_commanded']
 named-pattern seats read 2, 2 name a new row
==== C. THE NEW ROWS' VALUES NAMING OTHER CHAPTERS' EFFECT NAMES (a value that spells an earlier effect's name trips that effect's substring scans) ====
  abominations_teaching_barred -> ['abominations_learning_barred']
  captains_appointed_commanded -> ['commanded']
  murderer_pity_barred -> ['pity_barred']
  nothing_alive_left_commanded -> ['commanded']
  spoil_permitted -> ['spoil_taken', 'taken_captive']
SCAN CENSUS DONE — runner scans tripping: 9
