==== A0. THE TWO DIVISIONS — the export's chapter 20 against the DB's
  DB verses 20 | export verses HE 20 EN 20 | per-chapter export lengths vs DB, chapters 1-21: [(5, 30, 33)]
  the alignment cost 33 | export verses mapped to MORE THAN ONE DB verse: {}
  the offset per export verse (DB minus export, the first DB verse of each): Counter({0: 20}) | the runs: [(1, 1, 1), (16, 16, 16), (17, 17, 17), (18, 18, 18), (19, 19, 19)]
  the shared export verse against its DB verses (tokens, negations): []
==== A. THE SHELF BY POSITION — the Sifrei on Deuteronomy around chapter 20
  piskaot 357 357 rows 2357 2357
  heads 177-223 (HE first citation | rows | EN first quote):
   177 head (18, 19) | HE rows  1 EN rows  1 | 'Now, as for the person who does not obey my words'
   178 head (18, 20) | HE rows  3 EN rows  3 | 'But the prophet so defiant as to speak a word in My Namewhic'
   179 head (19, 1) | HE rows  2 EN rows  2 | 'When HASHEM your God cuts down the gentiles'
   180 head (19, 2) | HE rows  8 EN rows  8 | 'Pisq’a 180206H: 204; JN2: 60.1. You shall designate for your'
   181 head (19, 4) | HE rows  6 EN rows  6 | 'Now, this rule is applied to the unwitting killer'
   182 head (19, 5) | HE rows  2 EN rows  2 | 'When he goes into the forest with his kinsman'
   183 head None | HE rows  8 EN rows  8 | 'And his hand wields the ax to cut down the tree'
   184 head (19, 8) | HE rows  3 EN rows  3 | 'If HASHEM your God will expand your border'
   185 head (19, 9) | HE rows  3 EN rows  3 | 'If you preserve all this commandment, to perform it . . .,th'
   186 head (19, 10) | HE rows  2 EN rows  2 | '186-187.'
   187 head None | HE rows  7 EN rows  7 | '2. On this basis R. Yose b. R. Judah taught:[Originally,]242'
   188 head (19, 14) | HE rows 11 EN rows 11 | 'You shall not remove your kinsman’s boundary marker'
   189 head (19, 16) | HE rows  2 EN rows  2 | 'If a malicious witness offers testimony against a man, charg'
   190 head (19, 17) | HE rows 21 EN rows 21 | 'Then the two men who have a dispute shall stand before HASHE'
   191 head (20, 2) | HE rows  1 EN rows  1 | 'When you draw close to battle'
   192 head (20, 8) | HE rows  3 EN rows  3 | 'another version'
   193 head (20, 4) | HE rows  6 EN rows  6 | 'But HASHEM your God is marching with you'
   194 head (20, 5) | HE rows  6 EN rows  6 | 'Who is the man who has built a new house'
   195 head (20, 6) | HE rows  7 EN rows  7 | 'Who is the man who has planted a vineyard'
   196 head (20, 7) | HE rows  3 EN rows  3 | 'Who is the man who has betrothed a woman'
   197 head (20, 8) | HE rows  4 EN rows  4 | 'And the officers shall continueto speak with the people, say'
   198 head (20, 9) | HE rows  1 EN rows  1 | 'And when the officers had finished'
   199 head (20, 10) | HE rows  5 EN rows  5 | 'When you approach a city'
   200 head (20, 11) | HE rows  7 EN rows  7 | 'Now, if it answers you with peace'
   201 head (20, 15) | HE rows  4 EN rows  4 | 'This is how you must treat all the distant cities'
   202 head (20, 18) | HE rows  2 EN rows  2 | 'So that they do not teach you to commit any of the abominati'
   203 head (20, 19) | HE rows 10 EN rows 10 | 'If you lay siege to a city'
   204 head (20, 20) | HE rows  6 EN rows  6 | 'Only, the tree which you know to have been useless'
   205 head (21, 1) | HE rows 11 EN rows 11 | 'Should you find a murder-victim'
   206 head (21, 3) | HE rows  5 EN rows  5 | 'After the city closest to the murder victim has been determi'
   207 head (21, 4) | HE rows  5 EN rows  5 | 'Now, the elders of that city shall bring the calf down'
   208 head (21, 5) | HE rows  4 EN rows  4 | 'Then the Priests, the sons of Levi, shall approach'
   209 head (21, 6) | HE rows  2 EN rows  2 | 'Then, all the elders of that city'
   210 head (21, 7) | HE rows  9 EN rows  9 | 'And they shall respond, saying:'
   211 head (21, 10) | HE rows  8 EN rows  8 | 'When you go out to battle'
   212 head (21, 12) | HE rows  4 EN rows  4 | 'And you may bring her into the inner-most chamber of your ho'
   213 head (21, 13) | HE rows  8 EN rows  8 | 'And she shall remove from herself the garment of her captivi'
   214 head (21, 14) | HE rows  6 EN rows  6 | 'Should you no longer desire her'
   215 head (21, 15) | HE rows 16 EN rows 16 | 'Should a man have two wives'
   216 head (21, 16) | HE rows  5 EN rows  5 | 'So when the day comes to bequeath to his sons'
   217 head (21, 17) | HE rows  8 EN rows  8 | 'Rather, he must recognize the First-born son of the rejected'
   218 head (21, 18) | HE rows 11 EN rows 11 | 'Should a man have a son'
   219 head (21, 19) | HE rows  4 EN rows  4 | 'Then his father and mother shall seize him'
   220 head (21, 21) | HE rows  4 EN rows  4 | 'Then all the populace of his city shall pummel46Heb: regemuh'
   221 head (21, 22) | HE rows 10 EN rows 10 | 'Now, if a man commits a sin worthy of the sentence of death,'
   222 head None | HE rows  8 EN rows  8 | 'When you see63Heb: tir’eh; root: r-‘-h. your rival’s ass cro'
   223 head (22, 2) | HE rows  4 EN rows  4 | 'But if your brother does not live near you'
  heads whose chapter is 20 : [(191, (20, 2)), (192, (20, 8)), (193, (20, 4)), (194, (20, 5)), (195, (20, 6)), (196, (20, 7)), (197, (20, 8)), (198, (20, 9)), (199, (20, 10)), (200, (20, 11)), (201, (20, 15)), (202, (20, 18)), (203, (20, 19)), (204, (20, 20))] | heads by chapter 1-21: [(1, 24), (3, 4), (6, 6), (11, 21), (12, 20), (13, 14), (14, 14), (15, 16), (16, 19), (17, 16), (18, 16), (19, 10), (20, 14), (21, 17), (22, 22), (23, 22), (24, 16), (25, 10), (26, 4), (31, 1), (32, 36)]
  HE rows citing Deut 20 (the export's verse → the DB's): 28 [(190, 17, 1, [1]), (191, 1, 2, [2]), (191, 1, 3, [3]), (192, 1, 8, [8]), (192, 2, 3, [3]), (193, 1, 4, [4]), (193, 3, 5, [5]), (193, 4, 7, [7]), (193, 6, 8, [8]), (194, 1, 5, [5]), (194, 6, 7, [7]), (195, 1, 6, [6]), (195, 7, 7, [7]), (196, 1, 7, [7]), (197, 1, 8, [8]), (198, 1, 9, [9]), (199, 1, 10, [10]), (200, 1, 11, [11]), (200, 4, 12, [12]), (200, 6, 13, [13]), (200, 7, 14, [14]), (201, 1, 15, [15]), (201, 2, 16, [16]), (201, 3, 17, [17]), (202, 1, 18, [18]), (203, 1, 19, [19]), (204, 1, 20, [20]), (251, 1, 10, [10])]
  EN rows citing Deut 20 : 97 [(190, 16, 1, [1]), (190, 17, 1, [1]), (190, 18, 1, [1]), (190, 19, 1, [1]), (190, 20, 1, [1]), (190, 21, 1, [1]), (191, 1, 2, [2]), (191, 1, 3, [3]), (191, 1, 2, [2]), (191, 1, 2, [2]), (192, 1, 5, [5]), (192, 2, 3, [3]), (192, 3, 3, [3]), (192, 3, 4, [4]), (193, 1, 4, [4]), (193, 2, 4, [4]), (193, 3, 5, [5]), (193, 3, 8, [8]), (193, 4, 7, [7]), (193, 5, 7, [7]), (193, 6, 8, [8]), (193, 6, 8, [8]), (193, 6, 5, [5]), (194, 1, 5, [5]), (194, 2, 5, [5]), (194, 2, 5, [5]), (194, 2, 5, [5]), (194, 2, 5, [5]), (194, 3, 5, [5]), (194, 4, 5, [5]), (194, 5, 5, [5]), (194, 6, 5, [5]), (194, 6, 5, [5]), (194, 6, 7, [7]), (195, 1, 6, [6]), (195, 1, 6, [6]), (195, 2, 6, [6]), (195, 2, 6, [6]), (195, 2, 6, [6]), (195, 4, 6, [6]), (195, 5, 6, [6]), (195, 6, 6, [6]), (195, 7, 6, [6]), (195, 7, 6, [6]), (195, 7, 7, [7]), (196, 1, 7, [7]), (196, 2, 7, [7]), (196, 3, 7, [7]), (197, 1, 8, [8]), (197, 2, 8, [8]), (197, 2, 8, [8]), (197, 4, 8, [8]), (198, 1, 9, [9]), (199, 1, 10, [10]), (199, 2, 10, [10]), (199, 3, 10, [10]), (199, 4, 10, [10]), (199, 5, 10, [10]), (200, 1, 11, [11]), (200, 1, 11, [11]), (200, 2, 11, [11]), (200, 3, 11, [11]), (200, 4, 12, [12]), (200, 5, 12, [12]), (200, 6, 13, [13]), (200, 7, 13, [13]), (200, 7, 14, [14]), (200, 7, 14, [14]), (200, 7, 14, [14]), (200, 7, 14, [14]), (201, 1, 15, [15]), (201, 2, 15, [15]), (201, 2, 16, [16]), (201, 3, 17, [17]), (201, 4, 17, [17]), (201, 4, 17, [17]), (202, 1, 18, [18]), (202, 2, 18, [18]), (203, 1, 19, [19]), (203, 2, 19, [19]), (203, 3, 19, [19]), (203, 4, 19, [19]), (203, 5, 19, [19]), (203, 6, 19, [19]), (203, 6, 19, [19]), (203, 7, 19, [19]), (203, 8, 19, [19]), (203, 8, 19, [19]), (203, 9, 19, [19]), (203, 10, 19, [19]), (204, 1, 20, [20]), (204, 2, 20, [20]), (204, 2, 20, [20]), (204, 2, 20, [20]), (204, 4, 20, [20]), (204, 6, 20, [20]), (251, 1, 10, [10])]
  EN "ibid 20:n" candidates: 0
  the union of rows (both files): 68 [(190, 16), (190, 17), (190, 18), (190, 19), (190, 20), (190, 21), (191, 1), (192, 1), (192, 2), (192, 3), (193, 1), (193, 2), (193, 3), (193, 4), (193, 5), (193, 6), (194, 1), (194, 2), (194, 3), (194, 4), (194, 5), (194, 6), (195, 1), (195, 2), (195, 4), (195, 5), (195, 6), (195, 7), (196, 1), (196, 2), (196, 3), (197, 1), (197, 2), (197, 4), (198, 1), (199, 1), (199, 2), (199, 3), (199, 4), (199, 5), (200, 1), (200, 2), (200, 3), (200, 4), (200, 5), (200, 6), (200, 7), (201, 1), (201, 2), (201, 3), (201, 4), (202, 1), (202, 2), (203, 1), (203, 2), (203, 3), (203, 4), (203, 5), (203, 6), (203, 7), (203, 8), (203, 9), (203, 10), (204, 1), (204, 2), (204, 4), (204, 6), (251, 1)]
  the rows OUTSIDE the spine piskaot (the union less the on-chapter piskaot 191 - 204 ): 7 [(190, 16), (190, 17), (190, 18), (190, 19), (190, 20), (190, 21), (251, 1)] | in-spine rows of the union: 61
  outside rows file bytes 5720
==== B. ONKELOS chapter 20 and the DB (the dump per DB verse; a shared export row printed at its first DB verse)
  the store's chapter 20 verses 20 | verses whose store token count differs from the DB: []
  token count chapter 20 : 316
  onkelos dump bytes 26186
==== C. THE PARSER on every verse of chapter 20
  number-word tokens present per verse (the bare check against the parser): {}
  20:1 tokens: ['כי', 'תצא', 'למלחמה', 'על', 'איביך', 'וראית', 'סוס', 'ורכב', 'עם', 'רב', 'ממך', 'לא', 'תירא', 'מהם', 'כי', 'יהוה', 'אלהיך', 'עמך', 'המעלך', 'מארץ', 'מצרים']
  20:20 tokens: ['רק', 'עץ', 'אשר', 'תדע', 'כי', 'לא', 'עץ', 'מאכל', 'הוא', 'אתו', 'תשחית', 'וכרת', 'ובנית', 'מצור', 'על', 'העיר', 'אשר', 'הוא', 'עשה', 'עמך', 'מלחמה', 'עד', 'רדתה']
==== D. CASE TOKENS, FRAMES, REGISTER, NAMES
  case tokens (כי "when/for" / אם "if" / ואם / או "or" / פן "lest"): {'20:1': ['כי', 'כי'], '20:4': ['כי'], '20:5': ['פן'], '20:6': ['פן'], '20:7': ['פן'], '20:10': ['כי'], '20:11': ['אם'], '20:12': ['ואם'], '20:17': ['כי'], '20:19': ['כי', 'כי', 'כי'], '20:20': ['כי']}
  divine frames (ויאמר/וידבר + יהוה): []
  לאמר "saying" seats: ['20:5']
  narrative-form verbs (V.w) per verse: {}
  first-person verb forms (1cs / 1cp) per verse: {}
  imperatives (Vq.v / Vp.v / Vh.v) per verse: {}
  prohibitions לא + imperfect (the ten's form) per verse: {1: [('תירא', 'HVqi2ms')], 5: [], 6: [], 7: [], 8: [('ימס', 'HVNi3ms')], 12: [('תשלים', 'HVhi3fs')], 15: [], 16: [('תחיה', 'HVpi2ms')], 18: [('ילמדו', 'HVpi3mp')], 19: [('תשחית', 'HVhi2ms'), ('תכרת', 'HVqi2ms')], 20: []}
  name tokens (Np): {1: ['יהוה', 'מצרים'], 3: ['ישראל'], 4: ['יהוה'], 13: ['יהוה'], 14: ['יהוה'], 16: ['יהוה'], 17: ['יהוה'], 18: ['ליהוה']}
  second-person plural vs singular (2mp / 2ms tokens per verse): {1: (0, 7), 2: (1, 0), 3: (6, 1), 4: (5, 0), 5: (0, 0), 6: (0, 0), 7: (0, 0), 8: (0, 0), 9: (0, 0), 10: (0, 2), 11: (0, 3), 12: (0, 2), 13: (0, 3), 14: (0, 4), 15: (0, 2), 16: (0, 3), 17: (0, 3), 18: (3, 0), 19: (0, 5), 20: (0, 5)}
==== E. THE REGISTER GATE on Deut 20
  dispositions naming Deut 20: ['  Deut 20:17:']
  REGISTER_INDEX lines on Deut 20:
       Deut 20:17  NONE          declared  | [] | why: Deuteronomy is not on the tape (the book not read) — the seat waits for its reading and compile
==== F. THE PRIOR READS
  ledgers with an Onkelos Deut 20 row: []
  prior Sifrei Devarim rows anywhere (strict form), those among the outside rows: [('deu_01_03_devarim_2026-09-15.md', 199, 5), ('deu_06_vaetchanan_2026-09-17.md', 201, 3)] | all prior rows count 1299
  ledgers NAMING a verse of Deut 20: 8
    ('deu_13_reeh_exam_2026-09-21.md', 2, ['Deut 20:16', 'Deuteronomy 20:16'])
    ('exodus_block_capital_2026-09-04.md', 1, ['Deut 20:16'])
    ('gen_30_war_of_kings_2026-08-25.md', 1, ['Deuteronomy 20:8'])
    ('gen_45_wells_covenant_esau_wives_2026-08-27.md', 1, ['Deuteronomy 20:17'])
    ('num_06_nazir_2026-09-09.md', 1, ['Deut 20:3'])
    ('num_19_21_chukat_exam_2026-09-11.md', 1, ['Deut 20:16'])
    ('num_31_midian_2026-09-12.md', 2, ['Deuteronomy 20:13-14'])
    ('num_31_midian_exam_2026-09-12.md', 4, ['Deuteronomy 20:5', 'Deuteronomy 20:6', 'Deuteronomy 20:7'])
  ledgers with an Onkelos Num 10 / Num 21 / Num 31 / Deut 24 / Deut 28 / Deut 7 / Deut 12 / Deut 2 / Deut 3 / Exod 23 / Exod 34 row (the kin's reading — the trumpets Numbers 10:9 for 20:1-4; the exemptions, 24:5 and 28:30 for 20:5-9; the siege, Sihon 2:26-36, 3:1-7, Numbers 21:21-35 and 31:7-18 for 20:10-15; the seven nations 7:1-5, 7:16, 12:29-31, Exodus 23:31-33 and 34:11-16 for 20:16-18): ['deu_01_03_devarim_2026-09-15.md', 'deu_07_vaetchanan_ekev_2026-09-17.md', 'deu_12_reeh_2026-09-20.md', 'erection_docket_2026-09-06.md', 'exo_23_escort_land_2026-09-01.md', 'exo_23_justice_calendar_2026-09-01.md', 'exo_34_second_tablets_2026-09-01.md', 'num_10_trumpets_depart_2026-09-10.md', 'num_21_snakes_conquest_2026-09-11.md', 'num_31_midian_2026-09-12.md'] | ledgers with an Onkelos row of the Prophets (never read ahead — expected none): []
==== G. THE DRAFTS
  deu_19_miklat_witness: refs 19:1-21; steps (19, 1)..(19, 21) n=21; draft True; operators False; depends_on ['    - "deu_18_levi_prophet"\n    - "num_35_refuge_cities"\n    - "deu_04_refuge_east"\n']; scenarios 28; binary_trees True; step E False; comment lines 25
  deu_20_war_rules: refs 20:1-20; steps (20, 1)..(20, 20) n=20; draft True; operators False; depends_on ['    - "deu_19_miklat_witness"\n']; scenarios 27; binary_trees True; step E False; comment lines 24
    the step verses: [1, 2, 3, 4, 5, 6, 7, 8, 9, 10, 11, 12, 13, 14, 15, 16, 17, 18, 19, 20] | covers DB 20 ? True
  the units' claim prefixes present anywhere? {'DV20': 0, 'DV20A': 0, 'DV20B': 0, 'DV19': 0, 'DV21': 0}
  existing manifests deu_20*: [] | ledgers deu_*: ['deu_01_03_devarim_2026-09-15.md', 'deu_01_03_devarim_exam_2026-09-15.md', 'deu_04_vaetchanan_2026-09-16.md', 'deu_04_vaetchanan_exam_2026-09-16.md', 'deu_05_vaetchanan_2026-09-16.md', 'deu_05_vaetchanan_exam_2026-09-16.md', 'deu_06_vaetchanan_2026-09-17.md', 'deu_06_vaetchanan_exam_2026-09-17.md', 'deu_07_vaetchanan_ekev_2026-09-17.md', 'deu_07_vaetchanan_ekev_exam_2026-09-18.md', 'deu_08_ekev_2026-09-18.md', 'deu_08_ekev_exam_2026-09-19.md', 'deu_09_ekev_2026-09-19.md', 'deu_09_ekev_exam_2026-09-19.md', 'deu_10_ekev_2026-09-19.md', 'deu_10_ekev_exam_2026-09-20.md', 'deu_11_ekev_reeh_2026-09-20.md', 'deu_11_ekev_reeh_exam_2026-09-20.md', 'deu_12_reeh_2026-09-20.md', 'deu_12_reeh_exam_2026-09-20.md', 'deu_13_reeh_2026-09-21.md', 'deu_13_reeh_exam_2026-09-21.md', 'deu_14_reeh_2026-09-21.md', 'deu_14_reeh_exam_2026-09-21.md', 'deu_15_reeh_2026-09-22.md', 'deu_15_reeh_exam_2026-09-23.md', 'deu_16_reeh_shoftim_2026-09-23.md', 'deu_16_reeh_shoftim_exam_2026-09-23.md', 'deu_17_18_shoftim_2026-09-24.md', 'deu_17_18_shoftim_exam_2026-09-24.md']
  unit count and standing (CORPUS_TRUTH literals): []
==== H. THE STORE'S GLOSSES on chapter 20
  gloss Counter (the 50 commonest): [('which', 11), ('that', 9), ('not', 8), ('to', 7), ('the-people', 7), ('YHWH', 6), ('God-you/your', 5), ('and-be', 5), ('to-you/your', 5), ('with-you/your', 4), ('the-man', 4), ('and-not', 4), ('go', 4), ('and-return', 4), ('to-house-him/its', 4), ('obj-marker·et', 4), ('all', 4), ('over', 3), ('to-feed-on', 3), ('the-scribe', 3), ('lest', 3), ('die', 3), ('in-battle', 3), ('and-man', 3), ('hinder', 3), ('over-her/its', 3), ('leanness', 3), ('make', 3), ('tree', 3), ('to-battle', 2), ('hating-you/your', 2), ('many/great', 2), ('from-you/your', 2), ('fear', 2), ('and-speak', 2), ('and-say', 2), ('hating-you/your (pl)', 2), ('do-not', 2), ('and-do-not', 2), ('God-you/your (pl)', 2), ('obj-marker·et-you/your (pl)', 2), ('who?', 2), ('narrow-him/its', 2), ('and-who?', 2), ('bore-him/its', 2), ('take-her/its', 2), ('to-speak', 2), ('city', 2), ('be', 2), ('battle', 2)]
  gloss file bytes 9505
  overrides already for Deut.20: [] | by_ref last Deut.19 line: []
==== I. THE SPINE ON THE CHAPTER — the Sifrei piskaot whose head is in chapter 20 (the spine on the chapter a twelfth time), whole
  SPINE (computed from the heads): [191, 192, 193, 194, 195, 196, 197, 198, 199, 200, 201, 202, 203, 204] | contiguous? True | the heads by verse: [(191, 2), (192, 8), (193, 4), (194, 5), (195, 6), (196, 7), (197, 8), (198, 9), (199, 10), (200, 11), (201, 15), (202, 18), (203, 19), (204, 20)] | the heads before and after: {190: (19, 17), 205: (21, 1)}
  rows per piska (HE, EN): {191: (1, 1), 192: (3, 3), 193: (6, 6), 194: (6, 6), 195: (7, 7), 196: (3, 3), 197: (4, 4), 198: (1, 1), 199: (5, 5), 200: (7, 7), 201: (4, 4), 202: (2, 2), 203: (10, 10), 204: (6, 6)} | total HE rows 65 | HE == EN everywhere? True
  spine file bytes 46792 | bytes per piska HE+EN: {191: 1085, 192: 5592, 193: 2714, 194: 3047, 195: 2828, 196: 2589, 197: 1155, 198: 1269, 199: 1595, 200: 3735, 201: 1510, 202: 560, 203: 3805, 204: 1607}
  prior reads among the spine rows (any ledger): [('deu_01_03_devarim_2026-09-15.md', 199, 5), ('deu_06_vaetchanan_2026-09-17.md', 201, 3)]
  the spine rows citing a verse of chapter 20 in the Hebrew (p, r, the export verses): [(191, 1, [2, 3]), (192, 1, [8]), (192, 2, [3]), (193, 1, [4]), (193, 3, [5]), (193, 4, [7]), (193, 6, [8]), (194, 1, [5]), (194, 6, [7]), (195, 1, [6]), (195, 7, [7]), (196, 1, [7]), (197, 1, [8]), (198, 1, [9]), (199, 1, [10]), (200, 1, [11]), (200, 4, [12]), (200, 6, [13]), (200, 7, [14]), (201, 1, [15]), (201, 2, [16]), (201, 3, [17]), (202, 1, [18]), (203, 1, [19]), (204, 1, [20])]
  the spine rows' own Hebrew citations (book, chapter, verse) by row: [(191, 1, [('דברים', 20, 2), ('דברים', 20, 3)]), (192, 1, [('דברים', 20, 8)]), (192, 2, [('דברים', 20, 3), ('שופטים', 21, 3)]), (193, 1, [('דברים', 20, 4), ('שמות', 14, 14)]), (193, 3, [('דברים', 20, 5)]), (193, 4, [('דברים', 20, 7)]), (193, 6, [('דברים', 20, 8)]), (194, 1, [('דברים', 20, 5)]), (194, 6, [('דברים', 20, 7)]), (195, 1, [('דברים', 20, 6)]), (195, 7, [('דברים', 20, 7)]), (196, 1, [('דברים', 20, 7)]), (197, 1, [('דברים', 20, 8)]), (198, 1, [('דברים', 20, 9), ('שמואל א', 4, 17), ('יואל', 2, 16)]), (199, 1, [('דברים', 20, 10)]), (199, 5, [('איוב', 25, 2), ('דברים', 2, 26)]), (200, 1, [('דברים', 20, 11)]), (200, 4, [('דברים', 20, 12)]), (200, 6, [('דברים', 20, 13)]), (200, 7, [('דברים', 20, 14)]), (201, 1, [('דברים', 20, 15)]), (201, 2, [('דברים', 20, 16)]), (201, 3, [('דברים', 20, 17), ('דברים', 6, 11)]), (202, 1, [('דברים', 20, 18)]), (203, 1, [('דברים', 20, 19)]), (203, 7, [('שמואל ב', 1, 1)]), (204, 1, [('דברים', 20, 20)])]
  the spine rows' English citations by row: [(191, 1, ['Dt.20:2', 'Dt.20:3', 'Dt.20:2', 'Dt.20:2']), (192, 1, ['Dt.20:5-8']), (192, 2, ['Dt.20:3', 'Jud.21:3']), (192, 3, ['Dt.20:3', 'Dt.20:4']), (193, 1, ['Dt.20:4', 'Ex.14:14']), (193, 2, ['Dt.20:4']), (193, 3, ['Dt.20:5', 'Dt.20:8']), (193, 4, ['Dt.20:7']), (193, 5, ['Dt.20:7']), (193, 6, ['Dt.20:8', 'Dt.20:8', 'Dt.20:5']), (194, 1, ['Dt.20:5']), (194, 2, ['Dt.20:5', 'Dt.20:5', 'Dt.20:5', 'Dt.20:5']), (194, 3, ['Dt.20:5']), (194, 4, ['Dt.20:5']), (194, 5, ['Dt.20:5']), (194, 6, ['Dt.20:5', 'Dt.20:5']), (195, 1, ['Dt.20:6', 'Dt.20:6']), (195, 2, ['Dt.20:6', 'Dt.20:6', 'Dt.20:6']), (195, 4, ['Dt.20:6']), (195, 5, ['Dt.20:6']), (195, 6, ['Dt.20:6']), (195, 7, ['Dt.20:6', 'Dt.20:6']), (196, 1, ['Dt.20:7']), (196, 2, ['Dt.20:7']), (196, 3, ['Dt.20:7']), (197, 1, ['Dt.20:8']), (197, 2, ['Dt.20:8', 'Dt.20:8']), (197, 4, ['Dt.20:8']), (198, 1, ['Dt.20:9']), (199, 1, ['Dt.20:10']), (199, 2, ['Dt.20:10']), (199, 3, ['Dt.20:10']), (199, 4, ['Dt.20:10']), (199, 5, ['Dt.20:10', 'Job 25:2', 'Dt.2:25']), (200, 1, ['Dt.20:11', 'Dt.20:11']), (200, 2, ['Dt.20:11']), (200, 3, ['Dt.20:11']), (200, 4, ['Dt.20:12']), (200, 5, ['Dt.20:12']), (200, 6, ['Dt.20:13']), (200, 7, ['Dt.20:13', 'Dt.20:14', 'Nu.31:17-18', 'Dt.20:14', 'Dt.20:14', 'Dt.20:14']), (201, 1, ['Dt.20:15']), (201, 2, ['Dt.20:15', 'Dt.20:16']), (201, 3, ['Dt.20:17', 'Dt.6:11']), (201, 4, ['Dt.20:17', 'Dt.20:17']), (202, 1, ['Dt.20:18']), (202, 2, ['Dt.20:18']), (203, 1, ['Dt.20:19']), (203, 2, ['Dt.20:19']), (203, 3, ['Dt.20:19']), (203, 4, ['Dt.20:19']), (203, 5, ['Dt.20:19']), (203, 6, ['Dt.20:19', 'Dt.20:19']), (203, 7, ['Dt.20:19']), (203, 8, ['Dt.20:19', 'Dt.20:19']), (203, 9, ['Dt.20:19']), (203, 10, ['Dt.20:19']), (204, 1, ['Dt.20:20']), (204, 2, ['Dt.20:20', 'Dt.20:20', 'Dt.20:20']), (204, 4, ['Dt.20:20']), (204, 6, ['Dt.20:20'])]
  the spine rows with NO citation in either file: [(195, 3), (197, 3), (204, 3), (204, 5)]
  NO portion edge inside the chapter (Shoftim 16:18-21:9 holds it whole) — the heads by verse, and the verses of the chapter with no head: [2, 4, 5, 6, 7, 8, 9, 10, 11, 15, 18, 19, 20] [1, 3, 12, 13, 14, 16, 17]
