==== A0. THE TWO DIVISIONS — the export's chapter 21 against the DB's
  DB verses 23 | export verses HE 23 EN 23 | per-chapter export lengths vs DB, chapters 1-21: [(5, 30, 33)]
  the alignment cost 24 | export verses mapped to MORE THAN ONE DB verse: {}
  the offset per export verse (DB minus export, the first DB verse of each): Counter({0: 23}) | the runs: [(1, 1, 1), (16, 16, 16), (17, 17, 17), (18, 18, 18), (19, 19, 19)]
  the shared export verse against its DB verses (tokens, negations): []
==== A. THE SHELF BY POSITION — the Sifrei on Deuteronomy around chapter 21
  piskaot 357 357 rows 2357 2357
  heads 177-223 (HE first citation | rows | EN first quote):
   177 head (18, 19) | HE rows  1 EN rows  1 | 'Now, as for the person who does not obey my words'
   178 head (18, 20) | HE rows  3 EN rows  3 | 'But the prophet so defiant as to speak a word in My Namewhic'
   179 head (19, 1) | HE rows  2 EN rows  2 | 'When HASHEM your God cuts down the gentiles'
   180 head (19, 2) | HE rows  8 EN rows  8 | 'Pisq’a 180206H: 204; JN2: 60.1. You shall designate for your'
   181 head (19, 4) | HE rows  6 EN rows  6 | 'Now, this rule is applied to the unwitting killer'
   182 head (19, 5) | HE rows  2 EN rows  2 | 'When he goes into the forest with his kinsman'
   183 head None | HE rows  8 EN rows  8 | 'And his hand wields the ax to cut down the tree'
   184 head (19, 8) | HE rows  3 EN rows  3 | 'If HASHEM your God will expand your border'
   185 head (19, 9) | HE rows  3 EN rows  3 | 'If you preserve all this commandment, to perform it . . .,th'
   186 head (19, 10) | HE rows  2 EN rows  2 | '186-187.'
   187 head None | HE rows  7 EN rows  7 | '2. On this basis R. Yose b. R. Judah taught:[Originally,]242'
   188 head (19, 14) | HE rows 11 EN rows 11 | 'You shall not remove your kinsman’s boundary marker'
   189 head (19, 16) | HE rows  2 EN rows  2 | 'If a malicious witness offers testimony against a man, charg'
   190 head (19, 17) | HE rows 21 EN rows 21 | 'Then the two men who have a dispute shall stand before HASHE'
   191 head (20, 2) | HE rows  1 EN rows  1 | 'When you draw close to battle'
   192 head (20, 8) | HE rows  3 EN rows  3 | 'another version'
   193 head (20, 4) | HE rows  6 EN rows  6 | 'But HASHEM your God is marching with you'
   194 head (20, 5) | HE rows  6 EN rows  6 | 'Who is the man who has built a new house'
   195 head (20, 6) | HE rows  7 EN rows  7 | 'Who is the man who has planted a vineyard'
   196 head (20, 7) | HE rows  3 EN rows  3 | 'Who is the man who has betrothed a woman'
   197 head (20, 8) | HE rows  4 EN rows  4 | 'And the officers shall continueto speak with the people, say'
   198 head (20, 9) | HE rows  1 EN rows  1 | 'And when the officers had finished'
   199 head (20, 10) | HE rows  5 EN rows  5 | 'When you approach a city'
   200 head (20, 11) | HE rows  7 EN rows  7 | 'Now, if it answers you with peace'
   201 head (20, 15) | HE rows  4 EN rows  4 | 'This is how you must treat all the distant cities'
   202 head (20, 18) | HE rows  2 EN rows  2 | 'So that they do not teach you to commit any of the abominati'
   203 head (20, 19) | HE rows 10 EN rows 10 | 'If you lay siege to a city'
   204 head (20, 20) | HE rows  6 EN rows  6 | 'Only, the tree which you know to have been useless'
   205 head (21, 1) | HE rows 11 EN rows 11 | 'Should you find a murder-victim'
   206 head (21, 3) | HE rows  5 EN rows  5 | 'After the city closest to the murder victim has been determi'
   207 head (21, 4) | HE rows  5 EN rows  5 | 'Now, the elders of that city shall bring the calf down'
   208 head (21, 5) | HE rows  4 EN rows  4 | 'Then the Priests, the sons of Levi, shall approach'
   209 head (21, 6) | HE rows  2 EN rows  2 | 'Then, all the elders of that city'
   210 head (21, 7) | HE rows  9 EN rows  9 | 'And they shall respond, saying:'
   211 head (21, 10) | HE rows  8 EN rows  8 | 'When you go out to battle'
   212 head (21, 12) | HE rows  4 EN rows  4 | 'And you may bring her into the inner-most chamber of your ho'
   213 head (21, 13) | HE rows  8 EN rows  8 | 'And she shall remove from herself the garment of her captivi'
   214 head (21, 14) | HE rows  6 EN rows  6 | 'Should you no longer desire her'
   215 head (21, 15) | HE rows 16 EN rows 16 | 'Should a man have two wives'
   216 head (21, 16) | HE rows  5 EN rows  5 | 'So when the day comes to bequeath to his sons'
   217 head (21, 17) | HE rows  8 EN rows  8 | 'Rather, he must recognize the First-born son of the rejected'
   218 head (21, 18) | HE rows 11 EN rows 11 | 'Should a man have a son'
   219 head (21, 19) | HE rows  4 EN rows  4 | 'Then his father and mother shall seize him'
   220 head (21, 21) | HE rows  4 EN rows  4 | 'Then all the populace of his city shall pummel46Heb: regemuh'
   221 head (21, 22) | HE rows 10 EN rows 10 | 'Now, if a man commits a sin worthy of the sentence of death,'
   222 head None | HE rows  8 EN rows  8 | 'When you see63Heb: tir’eh; root: r-‘-h. your rival’s ass cro'
   223 head (22, 2) | HE rows  4 EN rows  4 | 'But if your brother does not live near you'
  heads whose chapter is 21 : [(205, (21, 1)), (206, (21, 3)), (207, (21, 4)), (208, (21, 5)), (209, (21, 6)), (210, (21, 7)), (211, (21, 10)), (212, (21, 12)), (213, (21, 13)), (214, (21, 14)), (215, (21, 15)), (216, (21, 16)), (217, (21, 17)), (218, (21, 18)), (219, (21, 19)), (220, (21, 21)), (221, (21, 22))] | heads by chapter 1-21: [(1, 24), (3, 4), (6, 6), (11, 21), (12, 20), (13, 14), (14, 14), (15, 16), (16, 19), (17, 16), (18, 16), (19, 10), (20, 14), (21, 17), (22, 22), (23, 22), (24, 16), (25, 10), (26, 4), (31, 1), (32, 36)]
  HE rows citing Deut 21 (the export's verse → the DB's): 28 [(205, 1, 1, [1]), (205, 10, 2, [2]), (206, 1, 3, [3]), (207, 1, 4, [4]), (208, 1, 5, [5]), (209, 1, 6, [6]), (210, 1, 7, [7]), (210, 3, 8, [8]), (210, 9, 9, [9]), (211, 1, 10, [10]), (211, 5, 11, [11]), (212, 1, 12, [12]), (213, 1, 13, [13]), (214, 1, 14, [14]), (215, 1, 15, [15]), (216, 1, 16, [16]), (217, 1, 17, [17]), (218, 1, 18, [18]), (218, 5, 22, [22]), (219, 1, 19, [19]), (219, 3, 20, [20]), (220, 1, 21, [21]), (221, 1, 22, [22]), (221, 3, 23, [23]), (221, 5, 23, [23]), (306, 23, 4, [4]), (306, 27, 4, [4]), (351, 1, 5, [5])]
  EN rows citing Deut 21 : 155 [(76, 5, 11, [11]), (121, 2, 5, [5]), (152, 9, 1, [1]), (205, 1, 1, [1]), (205, 2, 1, [1]), (205, 2, 1, [1]), (205, 3, 1, [1]), (205, 4, 1, [1]), (205, 5, 1, [1]), (205, 6, 1, [1]), (205, 8, 1, [1]), (205, 9, 7, [7]), (205, 10, 2, [2]), (205, 10, 2, [2]), (205, 10, 2, [2]), (205, 11, 2, [2]), (206, 1, 3, [3]), (206, 2, 3, [3]), (206, 2, 3, [3]), (206, 3, 3, [3]), (206, 4, 6, [6]), (206, 4, 5, [5]), (206, 5, 3, [3]), (206, 5, 3, [3]), (207, 1, 4, [4]), (207, 2, 4, [4]), (207, 3, 4, [4]), (207, 4, 4, [4]), (207, 4, 4, [4]), (207, 5, 4, [4]), (208, 1, 5, [5]), (208, 1, 5, [5]), (208, 2, 5, [5]), (208, 2, 5, [5]), (208, 3, 5, [5]), (209, 1, 6, [6]), (209, 2, 6, [6]), (209, 2, 6, [6]), (210, 1, 7, [7]), (210, 2, 7, [7]), (210, 3, 8, [8]), (210, 4, 8, [8]), (210, 5, 8, [8]), (210, 6, 8, [8]), (210, 7, 8, [8]), (210, 9, 9, [9]), (211, 1, 10, [10]), (211, 2, 10, [10]), (211, 3, 10, [10]), (211, 4, 10, [10]), (211, 5, 11, [11]), (211, 6, 11, [11]), (211, 7, 11, [11]), (211, 7, 11, [11]), (211, 8, 11, [11]), (212, 1, 12, [12]), (212, 2, 12, [12]), (213, 1, 13, [13]), (213, 2, 13, [13]), (213, 3, 13, [13]), (213, 3, 13, [13]), (213, 5, 13, [13]), (213, 6, 13, [13]), (213, 7, 13, [13]), (213, 8, 13, [13]), (214, 1, 14, [14]), (214, 2, 14, [14]), (214, 3, 14, [14]), (214, 4, 15, [15]), (214, 4, 15, [15]), (214, 5, 15, [15]), (214, 5, 15, [15]), (214, 6, 15, [15]), (215, 1, 15, [15]), (215, 1, 15, [15]), (215, 3, 15, [15]), (215, 4, 15, [15]), (215, 5, 15, [15]), (215, 5, 15, [15]), (215, 6, 15, [15]), (215, 6, 15, [15]), (215, 7, 15, [15]), (215, 8, 15, [15]), (215, 9, 15, [15]), (215, 10, 15, [15]), (215, 10, 15, [15]), (215, 11, 15, [15]), (215, 12, 15, [15]), (215, 13, 15, [15]), (215, 13, 15, [15]), (215, 14, 15, [15]), (215, 15, 15, [15]), (215, 16, 15, [15]), (216, 1, 16, [16]), (216, 2, 16, [16]), (216, 3, 16, [16]), (216, 3, 16, [16]), (216, 4, 16, [16]), (216, 5, 16, [16]), (217, 1, 17, [17]), (217, 2, 17, [17]), (217, 3, 16, [16]), (217, 6, 17, [17]), (217, 7, 17, [17]), (217, 8, 17, [17]), (218, 1, 18, [18]), (218, 2, 18, [18]), (218, 3, 18, [18]), (218, 4, 18, [18]), (218, 4, 18, [18]), (218, 4, 18, [18]), (218, 5, 22, [22]), (218, 6, 18, [18]), (218, 6, 18, [18]), (218, 9, 18, [18]), (218, 9, 18, [18]), (218, 9, 20, [20]), (218, 9, 20, [20]), (218, 9, 18, [18]), (218, 9, 20, [20]), (218, 9, 18, [18]), (218, 10, 18, [18]), (218, 11, 18, [18]), (219, 1, 19, [19]), (219, 2, 19, [19]), (219, 3, 20, [20]), (219, 4, 19, [19]), (219, 4, 19, [19]), (219, 4, 19, [19]), (219, 4, 19, [19]), (219, 4, 19, [19]), (219, 4, 20, [20]), (219, 4, 20, [20]), (220, 1, 21, [21]), (220, 2, 21, [21]), (220, 2, 21, [21]), (220, 4, 21, [21]), (221, 1, 22, [22]), (221, 3, 22, [22]), (221, 3, 22, [22]), (221, 3, 22, [22]), (221, 5, 22, [22]), (221, 5, 23, [23]), (221, 6, 23, [23]), (221, 6, 22, [22]), (221, 7, 23, [23]), (221, 7, 23, [23]), (221, 7, 23, [23]), (221, 8, 22, [22]), (221, 10, 23, [23]), (259, 5, 18, [18]), (306, 23, 4, [4]), (306, 27, 4, [4]), (351, 1, 5, [5]), (351, 1, 1, [1])]
  EN "ibid 21:n" candidates: 0
  the union of rows (both files): 112 [(76, 5), (121, 2), (152, 9), (205, 1), (205, 2), (205, 3), (205, 4), (205, 5), (205, 6), (205, 8), (205, 9), (205, 10), (205, 11), (206, 1), (206, 2), (206, 3), (206, 4), (206, 5), (207, 1), (207, 2), (207, 3), (207, 4), (207, 5), (208, 1), (208, 2), (208, 3), (209, 1), (209, 2), (210, 1), (210, 2), (210, 3), (210, 4), (210, 5), (210, 6), (210, 7), (210, 9), (211, 1), (211, 2), (211, 3), (211, 4), (211, 5), (211, 6), (211, 7), (211, 8), (212, 1), (212, 2), (213, 1), (213, 2), (213, 3), (213, 5), (213, 6), (213, 7), (213, 8), (214, 1), (214, 2), (214, 3), (214, 4), (214, 5), (214, 6), (215, 1), (215, 3), (215, 4), (215, 5), (215, 6), (215, 7), (215, 8), (215, 9), (215, 10), (215, 11), (215, 12), (215, 13), (215, 14), (215, 15), (215, 16), (216, 1), (216, 2), (216, 3), (216, 4), (216, 5), (217, 1), (217, 2), (217, 3), (217, 6), (217, 7), (217, 8), (218, 1), (218, 2), (218, 3), (218, 4), (218, 5), (218, 6), (218, 9), (218, 10), (218, 11), (219, 1), (219, 2), (219, 3), (219, 4), (220, 1), (220, 2), (220, 4), (221, 1), (221, 3), (221, 5), (221, 6), (221, 7), (221, 8), (221, 10), (259, 5), (306, 23), (306, 27), (351, 1)]
  the rows OUTSIDE the spine piskaot (the union less the on-chapter piskaot 205 - 221 ): 7 [(76, 5), (121, 2), (152, 9), (259, 5), (306, 23), (306, 27), (351, 1)] | in-spine rows of the union: 105
  outside rows file bytes 8965
==== B. ONKELOS chapter 21 and the DB (the dump per DB verse; a shared export row printed at its first DB verse)
  the store's chapter 21 verses 23 | verses whose store token count differs from the DB: [(21, 7, 12, 11)]
  token count chapter 21 : 354
  onkelos dump bytes 29387
==== C. THE PARSER on every verse of chapter 21
  21:15  N [2, 1, 1]                O []             marked ['שתי^', 'האחת#', 'והאחת#']
  21:17  N [2]                      O []             marked []
  number-word tokens present per verse (the bare check against the parser): {'21:15': ['שתי', 'האחת'], '21:17': ['שנים']}
  21:1 tokens: ['כי', 'ימצא', 'חלל', 'באדמה', 'אשר', 'יהוה', 'אלהיך', 'נתן', 'לך', 'לרשתה', 'נפל', 'בשדה', 'לא', 'נודע', 'מי', 'הכהו']
  21:15 tokens: ['כי', 'תהיין', 'לאיש', 'שתי^', 'נשים', 'האחת#', 'אהובה', 'והאחת#', 'שנואה', 'וילדו', 'לו', 'בנים', 'האהובה', 'והשנואה', 'והיה', 'הבן', 'הבכור', 'לשניאה']
  21:17 tokens: ['כי', 'את', 'הבכר', 'בן', 'השנואה', 'יכיר', 'לתת', 'לו', 'פי', 'שנים', 'בכל', 'אשר', 'ימצא', 'לו', 'כי', 'הוא', 'ראשית', 'אנו', 'לו', 'משפט', 'הבכרה']
  21:23 tokens: ['לא', 'תלין', 'נבלתו', 'על', 'העץ', 'כי', 'קבור', 'תקברנו', 'ביום', 'ההוא', 'כי', 'קללת', 'אלהים', 'תלוי', 'ולא', 'תטמא', 'את', 'אדמתך', 'אשר', 'יהוה', 'אלהיך', 'נתן', 'לך', 'נחלה']
==== D. CASE TOKENS, FRAMES, REGISTER, NAMES
  case tokens (כי "when/for" / אם "if" / ואם / או "or" / פן "lest"): {'21:1': ['כי'], '21:5': ['כי'], '21:9': ['כי'], '21:10': ['כי'], '21:14': ['אם'], '21:15': ['כי'], '21:17': ['כי', 'כי'], '21:18': ['כי'], '21:23': ['כי', 'כי']}
  divine frames (ויאמר/וידבר + יהוה): []
  לאמר "saying" seats: []
  narrative-form verbs (V.w) per verse: {}
  first-person verb forms (1cs / 1cp) per verse: {}
  imperatives (Vq.v / Vp.v / Vh.v) per verse: {}
  prohibitions לא + imperfect (the ten's form) per verse: {1: [], 3: [], 4: [('יעבד', 'HVNi3ms'), ('יזרע', 'HVNi3ms')], 7: [], 14: [('תמכרנה', 'HVqi2ms/Sp3fs'), ('תתעמר', 'HVti2ms')], 16: [('יוכל', 'HVqi3ms')], 18: [('ישמע', 'HVqi3ms')], 23: [('תלין', 'HVqi3fs'), ('תטמא', 'HVpi2ms')]}
  name tokens (Np): {1: ['יהוה', 'נודע'], 5: ['לוי', 'יהוה', 'יהוה'], 8: ['ישראל', 'יהוה', 'ישראל'], 9: ['יהוה'], 10: ['יהוה'], 21: ['ישראל'], 23: ['יהוה']}
  second-person plural vs singular (2mp / 2ms tokens per verse): {1: (0, 2), 2: (0, 2), 3: (0, 0), 4: (0, 0), 5: (0, 1), 6: (0, 0), 7: (0, 0), 8: (0, 5), 9: (0, 4), 10: (0, 5), 11: (0, 4), 12: (0, 2), 13: (0, 4), 14: (0, 5), 15: (0, 0), 16: (0, 0), 17: (0, 0), 18: (0, 0), 19: (0, 0), 20: (0, 0), 21: (0, 2), 22: (0, 1), 23: (0, 5)}
==== E. THE REGISTER GATE on Deut 21
  dispositions naming Deut 21: []
  REGISTER_INDEX lines on Deut 21:
==== F. THE PRIOR READS
  ledgers with an Onkelos Deut 21 row: []
  prior Sifrei Devarim rows anywhere (strict form), those among the outside rows: [('deu_12_reeh_2026-09-20.md', 76, 5), ('deu_15_reeh_2026-09-22.md', 121, 2), ('deu_17_18_shoftim_2026-09-24.md', 152, 9), ('deu_17_18_shoftim_2026-09-24.md', 208, 1)] | all prior rows count 1299
  ledgers NAMING a verse of Deut 21: 16
    ('deu_01_03_devarim_exam_2026-09-15.md', 1, ['Deuteronomy 21:1-9'])
    ('deu_15_reeh_2026-09-22.md', 1, ['Deuteronomy 21:5'])
    ('deu_15_reeh_exam_2026-09-23.md', 1, ['Deuteronomy 21:11-12'])
    ('exodus_block_courts_2026-09-04.md', 1, ['Deut 21:16'])
    ('family_docket_2026-09-06.md', 6, ['Deut 21:17'])
    ('gen_32_hagar_angel_2026-08-25.md', 1, ['Deuteronomy 21:14'])
    ('incense_shekel_docket_2026-09-06.md', 1, ['Deut 21:22'])
    ('num_15_mekoshesh_exam_2026-09-09.md', 3, ['Deut 21:19-20', 'Deut 21:23'])
    ('num_15_wood_tzitzit_2026-09-09.md', 1, ['Deut 21:22'])
    ('num_19_21_chukat_exam_2026-09-11.md', 5, ['Deut 21:3', 'Deut 21:4'])
    ('num_19_parah_2026-09-11.md', 4, ['Deut 21:3', 'Deut 21:4', 'Deuteronomy 21:3'])
    ('num_26_second_census_2026-09-11.md', 1, ['Deuteronomy 21:16'])
    ('num_26_second_census_exam_2026-09-11.md', 6, ['Deut 21:16', 'Deut 21:16-17', 'Deut 21:17'])
    ('num_27_inheritance_exam_2026-09-09.md', 3, ['Deut 21:17'])
    ('num_35_refuge_cities_2026-09-13.md', 8, ['Deuteronomy 21:1', 'Deuteronomy 21:1-9', 'Deuteronomy 21:2', 'Deuteronomy 21:4', 'Deuteronomy 21:8'])
    ('num_35_refuge_cities_exam_2026-09-13.md', 8, ['Deuteronomy 21:1-3', 'Deuteronomy 21:19', 'Deuteronomy 21:19-20', 'Deuteronomy 21:2', 'Deuteronomy 21:22-23', 'Deuteronomy 21:4', 'Deuteronomy 21:9'])
  ledgers with an Onkelos Num 35 / Num 31 / Num 25 / Exod 13 / Exod 21 / Deut 19 / Deut 7 / Deut 5 / Deut 13 / Gen 25 / Gen 48 / Gen 49 / Gen 40 / Lev 20 row (the kin's reading — the heifer and the land's blood Numbers 35:33 and 19:10, the neck broken Exodus 13:13 for 21:1-9; the captive Numbers 31:9-18, 7:3 and Exodus 21:8 for 21:10-14; the firstborn's double Genesis 25:31-34, 49:3-4 and 48:22 for 21:15-17; the rebellious son Exodus 21:15, 17, Leviticus 20:9, 5:16 and 13:12 for 21:18-21; the hanged Numbers 25:4 and Genesis 40:19 for 21:22-23): ['deu_05_vaetchanan_2026-09-16.md', 'deu_07_vaetchanan_ekev_2026-09-17.md', 'deu_13_reeh_2026-09-21.md', 'lev_20_sanctions_2026-09-05.md', 'num_25_peor_pinchas_2026-09-11.md', 'num_31_midian_2026-09-12.md', 'num_35_refuge_cities_2026-09-13.md'] | ledgers with an Onkelos row of the Prophets (never read ahead — expected none): []
==== G. THE DRAFTS
  deu_20_war_rules: refs 20:1-20; steps (20, 1)..(20, 20) n=20; draft True; operators False; depends_on ['    - "deu_19_miklat_witness"\n']; scenarios 27; binary_trees True; step E False; comment lines 24
  deu_21_eglah_family: refs 21:1-23; steps (21, 1)..(21, 23) n=23; draft True; operators False; depends_on ['    - "deu_20_war_rules"\n']; scenarios 30; binary_trees True; step E False; comment lines 27
    the step verses: [1, 2, 3, 4, 5, 6, 7, 8, 9, 10, 11, 12, 13, 14, 15, 16, 17, 18, 19, 20, 21, 22, 23] | covers DB 23 ? True
  the units' claim prefixes present anywhere? {'DV21': 0, 'DV21A': 0, 'DV21B': 0, 'DV20': 0, 'DV22': 0}
  existing manifests deu_21*: [] | ledgers deu_*: ['deu_01_03_devarim_2026-09-15.md', 'deu_01_03_devarim_exam_2026-09-15.md', 'deu_04_vaetchanan_2026-09-16.md', 'deu_04_vaetchanan_exam_2026-09-16.md', 'deu_05_vaetchanan_2026-09-16.md', 'deu_05_vaetchanan_exam_2026-09-16.md', 'deu_06_vaetchanan_2026-09-17.md', 'deu_06_vaetchanan_exam_2026-09-17.md', 'deu_07_vaetchanan_ekev_2026-09-17.md', 'deu_07_vaetchanan_ekev_exam_2026-09-18.md', 'deu_08_ekev_2026-09-18.md', 'deu_08_ekev_exam_2026-09-19.md', 'deu_09_ekev_2026-09-19.md', 'deu_09_ekev_exam_2026-09-19.md', 'deu_10_ekev_2026-09-19.md', 'deu_10_ekev_exam_2026-09-20.md', 'deu_11_ekev_reeh_2026-09-20.md', 'deu_11_ekev_reeh_exam_2026-09-20.md', 'deu_12_reeh_2026-09-20.md', 'deu_12_reeh_exam_2026-09-20.md', 'deu_13_reeh_2026-09-21.md', 'deu_13_reeh_exam_2026-09-21.md', 'deu_14_reeh_2026-09-21.md', 'deu_14_reeh_exam_2026-09-21.md', 'deu_15_reeh_2026-09-22.md', 'deu_15_reeh_exam_2026-09-23.md', 'deu_16_reeh_shoftim_2026-09-23.md', 'deu_16_reeh_shoftim_exam_2026-09-23.md', 'deu_17_18_shoftim_2026-09-24.md', 'deu_17_18_shoftim_exam_2026-09-24.md']
  unit count and standing (CORPUS_TRUTH literals): []
==== H. THE STORE'S GLOSSES on chapter 21
  gloss Counter (the 50 commonest): [('obj-marker·et', 13), ('not', 11), ('that', 10), ('which', 10), ('YHWH', 7), ('to', 7), ('and-be', 6), ('son', 6), ('the-city', 5), ('old', 5), ('be', 5), ('over', 5), ('to-him/its', 5), ('God-you/your', 4), ('to-you/your', 4), ('the-he/it', 4), ('in-her/its', 4), ('hear', 4), ('set', 3), ('the-pierced', 3), ('the-calf', 3), ('and-not', 3), ('and-all', 3), ('the-blood--of-man', 3), ('Israel', 3), ('the-firstborn', 3), ('obj-marker·et-him/its', 3), ('city-him/its', 3), ('find', 2), ('and-bring-forth', 2), ('the-near', 2), ('and-take', 2), ('work/serve', 2), ('in-him/its', 2), ('in-stream', 2), ('all', 2), ('and-say', 2), ('spill-forth', 2), ('to-them/their', 2), ('from-nearest-part-you/your', 2), ('woman', 2), ('to-woman', 2), ('to-man', 2), ('two', 2), ('the-have-affection-for', 2), ('in-day', 2), ('the-hate', 2), ('judgment', 2), ('turn-away', 2), ('and-be--bitter', 2)]
  gloss file bytes 10800
  overrides already for Deut.21: [] | by_ref last Deut.20 line: []
==== I. THE SPINE ON THE CHAPTER — the Sifrei piskaot whose head is in chapter 21 (the spine on the chapter a thirteenth time), whole
  SPINE (computed from the heads): [205, 206, 207, 208, 209, 210, 211, 212, 213, 214, 215, 216, 217, 218, 219, 220, 221] | contiguous? True | the heads by verse: [(205, 1), (206, 3), (207, 4), (208, 5), (209, 6), (210, 7), (211, 10), (212, 12), (213, 13), (214, 14), (215, 15), (216, 16), (217, 17), (218, 18), (219, 19), (220, 21), (221, 22)] | the heads before and after: {204: (20, 20), 222: None}
  rows per piska (HE, EN): {205: (11, 11), 206: (5, 5), 207: (5, 5), 208: (4, 4), 209: (2, 2), 210: (9, 9), 211: (8, 8), 212: (4, 4), 213: (8, 8), 214: (6, 6), 215: (16, 16), 216: (5, 5), 217: (8, 8), 218: (11, 11), 219: (4, 4), 220: (4, 4), 221: (10, 10)} | total HE rows 120 | HE == EN everywhere? True
  spine file bytes 85376 | bytes per piska HE+EN: {205: 4520, 206: 2489, 207: 2453, 208: 2757, 209: 1091, 210: 2765, 211: 1693, 212: 1587, 213: 3660, 214: 2109, 215: 8668, 216: 1859, 217: 6511, 218: 6019, 219: 3702, 220: 2857, 221: 6892}
  prior reads among the spine rows (any ledger): [('deu_17_18_shoftim_2026-09-24.md', 208, 1)]
  the spine rows citing a verse of chapter 21 in the Hebrew (p, r, the export verses): [(205, 1, [1]), (205, 10, [2]), (206, 1, [3]), (207, 1, [4]), (208, 1, [5]), (209, 1, [6]), (210, 1, [7]), (210, 3, [8]), (210, 9, [9]), (211, 1, [10]), (211, 5, [11]), (212, 1, [12]), (213, 1, [13]), (214, 1, [14]), (215, 1, [15]), (216, 1, [16]), (217, 1, [17]), (218, 1, [18]), (218, 5, [22]), (219, 1, [19]), (219, 3, [20]), (220, 1, [21]), (221, 1, [22]), (221, 3, [23]), (221, 5, [23])]
  the spine rows' own Hebrew citations (book, chapter, verse) by row: [(205, 1, [('דברים', 21, 1), ('סוטה', 9, 9)]), (205, 10, [('דברים', 21, 2)]), (206, 1, [('דברים', 21, 3), ('סוטה', 9, 2)]), (207, 1, [('דברים', 21, 4)]), (207, 4, [('שמות', 13, 13)]), (208, 1, [('דברים', 21, 5), ('דברים', 18, 7)]), (208, 4, [('ויקרא', 13, 2)]), (209, 1, [('דברים', 21, 6)]), (210, 1, [('דברים', 21, 7)]), (210, 3, [('דברים', 21, 8)]), (210, 9, [('דברים', 21, 9)]), (211, 1, [('דברים', 21, 10)]), (211, 5, [('דברים', 21, 11)]), (212, 1, [('דברים', 21, 12)]), (212, 4, [('שמואל ב', 19, 25)]), (213, 1, [('דברים', 21, 13)]), (213, 3, [('ירמיהו', 2, 27)]), (213, 8, [('שמות', 21, 10)]), (214, 1, [('דברים', 21, 14)]), (215, 1, [('דברים', 21, 15)]), (216, 1, [('דברים', 21, 16)]), (217, 1, [('דברים', 21, 17)]), (217, 4, [('בראשית', 48, 22)]), (218, 1, [('דברים', 21, 18)]), (218, 5, [('דברים', 21, 22)]), (219, 1, [('דברים', 21, 19)]), (219, 3, [('דברים', 21, 20)]), (219, 4, [('משלי', 23, 20), ('משלי', 23, 21)]), (220, 1, [('דברים', 21, 21)]), (220, 2, [('ויקרא', 20, 2)]), (221, 1, [('דברים', 21, 22)]), (221, 3, [('דברים', 21, 23)]), (221, 5, [('דברים', 21, 23)])]
  the spine rows' English citations by row: [(205, 1, ['Dt.21:1']), (205, 2, ['Dt.21:1', 'Dt.21:1']), (205, 3, ['Dt.21:1']), (205, 4, ['Dt.21:1']), (205, 5, ['Dt.21:1']), (205, 6, ['Dt.21:1']), (205, 8, ['Dt.21:1']), (205, 9, ['Dt.21:7']), (205, 10, ['Dt.21:2', 'Dt.21:2', 'Dt.21:2']), (205, 11, ['Dt.21:2']), (206, 1, ['Dt.21:3']), (206, 2, ['Dt.21:3', 'Dt.21:3']), (206, 3, ['Dt.21:3']), (206, 4, ['Dt.21:6', 'Dt.21:5-7']), (206, 5, ['Dt.21:3', 'Dt.21:3']), (207, 1, ['Dt.21:4']), (207, 2, ['Dt.21:4']), (207, 3, ['Dt.21:4']), (207, 4, ['Dt.21:4', 'Ex13:13', 'Dt.21:4']), (207, 5, ['Dt.21:4']), (208, 1, ['Dt.21:5', 'Dt.18:7', 'Dt.21:5']), (208, 2, ['Dt.21:5', 'Dt.21:5']), (208, 3, ['Dt.21:5']), (208, 4, ['Lv.13:2']), (209, 1, ['Dt.21:6']), (209, 2, ['Dt.21:6', 'Dt.21:6']), (210, 1, ['Dt.21:7']), (210, 2, ['Dt.21:7']), (210, 3, ['Dt.21:8']), (210, 4, ['Dt.21:8']), (210, 5, ['Dt.21:8']), (210, 6, ['Dt.21:8']), (210, 7, ['Dt.21:8']), (210, 9, ['Dt.21:9']), (211, 1, ['Dt.21:10']), (211, 2, ['Dt.21:10']), (211, 3, ['Dt.21:10']), (211, 4, ['Dt.21:10']), (211, 5, ['Dt.21:11']), (211, 6, ['Dt.21:11']), (211, 7, ['Dt.21:11', 'Dt.21:11']), (211, 8, ['Dt.21:11']), (212, 1, ['Dt.21:12']), (212, 2, ['Dt.21:12']), (213, 1, ['Dt.21:13']), (213, 2, ['Dt.21:13']), (213, 3, ['Dt.21:13', 'Jer.2:27', 'Dt.21:13']), (213, 5, ['Dt.21:13']), (213, 6, ['Dt.21:13']), (213, 7, ['Dt.21:13']), (213, 8, ['Dt.21:13', 'Ex.21:10']), (214, 1, ['Dt.21:14']), (214, 2, ['Dt.21:14']), (214, 3, ['Dt.21:14']), (214, 4, ['Dt.21:15', 'Dt.21:15']), (214, 5, ['Dt.21:15', 'Dt.21:15']), (214, 6, ['Dt.21:15']), (215, 1, ['Dt.21:15', 'Dt.21:15']), (215, 3, ['Dt.21:15']), (215, 4, ['Dt.21:15']), (215, 5, ['Dt.21:15', 'Dt.21:15']), (215, 6, ['Dt.21:15', 'Dt.21:15']), (215, 7, ['Dt. 21:15']), (215, 8, ['Dt. 21:15']), (215, 9, ['Dt.21:15']), (215, 10, ['Dt.21:15', 'Dt.21:15']), (215, 11, ['Dt.21:15']), (215, 12, ['Dt.21:15']), (215, 13, ['Dt.21:15', 'Nu.27:1-12', 'Dt.21:15']), (215, 14, ['Dt.21:15']), (215, 15, ['Dt.21:15']), (215, 16, ['Dt.21:15']), (216, 1, ['Dt.21:16']), (216, 2, ['Dt.21:16']), (216, 3, ['Dt.21:16', 'Dt.21:16']), (216, 4, ['Dt.21:16']), (216, 5, ['Dt.21:16']), (217, 1, ['Dt.21:17']), (217, 2, ['Dt.21:17']), (217, 3, ['Dt.21:16']), (217, 4, ['Gn.48:22']), (217, 6, ['Dt.21:17']), (217, 7, ['Dt.21:17']), (217, 8, ['Dt.21:17']), (218, 1, ['Dt.21:18']), (218, 2, ['Dt.21:18']), (218, 3, ['Dt.21:18']), (218, 4, ['Dt.21:18', 'Dt.21:18', 'Dt.21:18']), (218, 5, ['Dt.21:22']), (218, 6, ['Dt.21:18', 'Dt.21:18']), (218, 9, ['Dt.21:18', 'Dt.21:18', 'Dt.21:20', 'Dt.21:20', 'Dt.21:18', 'Dt.21:20', 'Dt.21:18']), (218, 10, ['Dt.21:18']), (218, 11, ['Dt.21:18']), (219, 1, ['Dt.21:19']), (219, 2, ['Dt.21:19']), (219, 3, ['Dt.21:20']), (219, 4, ['Dt.21:19', 'Dt.21:19', 'Dt.21:19', 'Dt.21:19', 'Dt.21:19', 'Dt.21:20', 'Dt.21:20', 'Prov.23:20', 'Prov.23:21']), (220, 1, ['Dt.21:21']), (220, 2, ['Dt.21:21', 'Lv.20:2', 'Dt.21:21']), (220, 4, ['Dt.21:21']), (221, 1, ['Dt.21:22']), (221, 3, ['Dt.21:22', 'Dt.21:22', 'Dt.21:22']), (221, 5, ['Dt.21:22', 'Dt.21:23']), (221, 6, ['Dt.21:23', 'Dt.21:22']), (221, 7, ['Dt.21:23', 'Dt.21:23', 'Dt.21:23']), (221, 8, ['Dt.21:22']), (221, 10, ['Dt.21:23'])]
  the spine rows with NO citation in either file: [(205, 7), (210, 8), (212, 3), (213, 4), (215, 2), (217, 5), (218, 7), (218, 8), (220, 3), (221, 2), (221, 4), (221, 9)]
  THE PORTION EDGE inside the chapter at 21:9|21:10 (Shoftim ends at 21:9, Ki Teitzei opens at 21:10 — the chapter the unit, CHAPTER NUMBERS) — the heads by verse, the verses with no head, and the heads on 21:9 and 21:10: [1, 3, 4, 5, 6, 7, 10, 12, 13, 14, 15, 16, 17, 18, 19, 21, 22] [2, 8, 9, 11, 20, 23] [(211, (21, 10))]
