the guard's count read from the generator's print: 94
assembled /Users/Shared/TorahSim/World/step9/cold_run_persons_poor_court.py 537841 bytes; parts [75821, 53415, 46610, 48949, 51973, 96597, 101023] tail 63376
runner rc 0
MATRIX: 128/128 cells match the answer sheet
MATRIX: 252/252 cells match the answer sheet
MATRIX: 301/301 cells match the answer sheet
MATRIX: 41/41 cells match the answer sheet
MATRIX: 228/228 cells match the answer sheet
dependency rc 1
  FAIL EDGE persons_poor_court -> musafim dispositioned CALL but no live import edge in cold_run_persons_poor_court.py
  FAIL EDGE persons_poor_court -> release_firstborn dispositioned CALL but no live import edge in cold_run_persons_poor_court.py
  FAIL LIVE EDGE persons_poor_court -> good_land has NO ENTRY on file — the file understates the code: file it with its link (rule 9)
daemon rc 0
index: World/step9/DAEMON_INDEX.md regenerated (79 daemons, 557 functions)
DAEMON GATE: every daemon declared and its watches verified; every kind and effect registered; every compiled function dispositioned; every WRAPPED verified; every OWED on the worklist [gate satisfied]
  TOTAL submits 2898; HISTORY 1319; case rows 1491; statute 82; act/speech-on-tractate 6
recording: 3336 records written
  refuge_war_family  worlds 1  total  13  HISTORY   0  case   0  statute 13  act/speech-on-tractate   0  unregistered 0
  persons_poor_court worlds 1  total  20  HISTORY   0  case   0  statute 20  act/speech-on-tractate   0  unregistered 0
PLACEMENT LITERAL: {'markers': {'text_constrained': 108, 'reading_placed': 49}, 'events': {'text_constrained': 110, 'page_order': 1214, 'reading_placed': 58}}
tape written into /Users/Shared/TorahSim/World/step9/cold_run_sequence.py: 1772 lines
  CENSUS tuple (scanned, history, on tape, case, source-off, register-off, deduped, re-based, closes, markers, F, P, R, kinds, subjects): (2520, 1319, 1382, 1185, 6, 10, 9, 0, 71, 172, 131, 15, 26, 927, 272)
patched: import, DAEMON_ORDER, RUN (writes +79 read), PREVIOUS_RUN (no declared delta), NEWEST_RUNNER, PLACEMENT (read {'markers': {'text_constrained': 108, 'reading_placed': 49}, 'events': {'text_con
tape rc 1
  CHECKPOINT C1 the flood 150 days (7:24, 8:3) vs 7:11->8:4 [OPEN-4] DIVERGE
  CHECKPOINT C3a 430 years in Egypt (Exod 12:40) vs exodus-descent [OPEN-3] DIVERGE
  CHECKPOINT C3d-85 THE JOIN: the covenant placed at Abraham's 85 (bereshit_rabbah_46_2) + Exod 12:40's 430 against the exodus marker, creation year 2449 DIVERGE
  CHECKPOINT C3c-literal the descent-literal setting against the bound DIVERGE  within [0, 350]
  CHECKPOINT C4 Shem 100 at Arpachshad, 2 years after the flood (11:10) vs 5:32 DIVERGE
  CHECKPOINT C10 Methuselah 7 days before the flood (Sanhedrin 108b:5) DIVERGE
  CHECKPOINT CS0 the ark = born + 3 months (2:2) vs the sixth of Sivan (Sotah 12b:16-17) DIVERGE
  CHECKPOINT CS1 the exodus day's weekday by the creation count vs Shabbat 87b:2 (Thursday = 5) DIVERGE
  CHECKPOINT CS4 the manna's first morning (16 Iyar) a Sunday by the shelf (Shabbat 87b:5) vs the creation count DIVERGE
  CHECKPOINT CD8 the Sifrei's THIRTEEN utterances "to Moses and to Aaron" (58:1 — thirteen exclusions of Aaron read at 7:89) against the frame census of the LORD speaking to Moses and to Aaron, Exodus-Numbers (computed; 
  CHECKPOINT CE3 the month of flesh (11:20) FIRED against the Hazeroth marker (2, 3, 22) — the machine's thirty days from the twenty-third against the tradition's inclusive count with a full Iyar (Taanit 29a:3-5): DIVERG
  CHECKPOINT CE8 the LORD going down: the Sifrei's "ten descents are written" (93:1) against the ink's ELEVEN tokens (sitting 3's measurement, the row descents) — DIVERGE expected, OPEN DIVERGE
  CHECKPOINT CF2 the forty days' timer (13:3-25) FIRED against the return marker (2, 5, 9) — the machine's forty from the twenty-ninth against the baraita's Ninth of Av (Taanit 29a:5): DIVERGE by one expected, the inclus
  CHECKPOINT CF6 the ink's "these ten times" (14:22; Pirkei Avot 5:4) against the ledger's tested_the_lord count on Israel at the decree — the exodus story's six murmurings and this sitting's tenth; the calf and the quai
  CHECKPOINT CK4 KORACH'S DEATH-MODE — 26:10 adds "and Korach" among the swallowed (declared True) against 16:32's "every person who belonged to Korach" (Korach named there: False — the name קרח, "Korach", absent from th
  CHECKPOINT CM5 MIRIAM'S DAY — the tape's buried on the arrival's day (40, 1, 1) against the shelf's tenth of Nisan (Seder Olam Rabbah 10:2; the row miriam_death_day): DIVERGE by nine days expected, OPEN — the ink gives
  CHECKPOINT CP8 JOCHEBED'S ROW — the named row "born to Levi in Egypt" as of Num 26:57-62 (26:59's subjectless "bore her"); the Joseph runner's seventy cell by CALL names her the missing one; CJ3b's verdict DIVERGE unch
  CHECKPOINT CA8 THE COMMISSION AND THE PLEA — invested_office on yehoshua ONE (27:22-23) with the commission debit on Moses ONE CLOSED (closed_by beginning "Num 27:22"); see_the_land_from_abarim on Moses ONE OPEN; plea_
  CHECKPOINT CU7 THE STATE — no effect naming a garment, clothing, a shoe or a swelling on israel_people (the SUPPLIED grade's assertion, run on the running world with the runner's own word list; THE DEUTERONOMY WALK 16b
  CHECKPOINT DC4 THE RAIN'S HOLE — the effects naming the rain, the heavens shut or the yoke of the commandments on israel_people are this sitting's three ALONE (no other entry named them before this daemon's lines — the
  CHECKPOINT DG7 THE REGISTER AND THE EDGES — NO register seat at Deut 15 (the reading's finder: no receipt, no header, no footer, no count line; 15:2's "this is the word of" and 15:6's "as He spoke" each outside the for
  CHECKPOINT DK1 THE LINES — twenty events on the tape AFTER the tape's last Deuteronomy 21 line, in the ink's order (22:1, 22:5, 22:9, 22:13, 22:22, 23:1, 23:10, 23:16, 23:22, 23:25, 24:1, 24:5, 24:8, 24:10, 24:16, 25:1
  CHECKPOINT DK2 THE WRITES — the seventy-nine NEW ONE each on israel_people with their lines' first verses (22:1 three, 22:5 four, 22:9 four, 22:13 three, 22:22 four, 23:1 six, 23:10 four, 23:16 six, 23:22 three, 23:25 
  CHECKPOINT DK3 THE READBACK — THE FORMS ON FILE, NO NEW FORM: the_readback's rows NINETY-SIX, one per verse (the census from the runner's print: SUPPLIED 39, EXPANDED 26, VARIANT 20, TURNED 8, VERBATIM 2, SHORTENED 1),
checkpoint_check: 336 rows, 20 miss, 0 raised — the tape stepped to its end in 27s
tape chain rc 0
scan census rc 0
