recording: 3336 records written
  refuge_war_family  worlds 1  total  13  HISTORY   0  case   0  statute 13  act/speech-on-tractate   0  unregistered 0
  persons_poor_court worlds 1  total  20  HISTORY   0  case   0  statute 20  act/speech-on-tractate   0  unregistered 0
PLACEMENT LITERAL: {'markers': {'text_constrained': 108, 'reading_placed': 49}, 'events': {'text_constrained': 110, 'page_order': 1214, 'reading_placed': 58}}
tape written into /Users/Shared/TorahSim/World/step9/cold_run_sequence.py: 1772 lines
  CENSUS tuple (scanned, history, on tape, case, source-off, register-off, deduped, re-based, closes, markers, F, P, R, kinds, subjects): (2520, 1319, 1382, 1185, 6, 10, 9, 0, 71, 172, 131, 15, 26, 927, 272)
tape rc 1
  CHECKPOINT DK1 THE LINES — twenty events on the tape AFTER the tape's last Deuteronomy 21 line, in the ink's order (22:1, 22:5, 22:9, 22:13, 22:22, 23:1, 23:10, 23:16, 23:22, 23:25, 24:1, 24:5, 24:8
  CHECKPOINT DK2 THE WRITES — the seventy-nine NEW ONE each on israel_people with their lines' first verses (22:1 three, 22:5 four, 22:9 four, 22:13 three, 22:22 four, 23:1 six, 23:10 four, 23:16 six,
  CHECKPOINT DK3 THE READBACK — THE FORMS ON FILE, NO NEW FORM: the_readback's rows NINETY-SIX, one per verse (the census from the runner's print: SUPPLIED 39, EXPANDED 26, VARIANT 20, TURNED 8, VERBA
  CHECKPOINT DK4 THE KIN AND THE HOLES — pity_barred 2, talion_pity_barred 1, put_to_death 7, stoned 2, lashes 0, pays 1, exempt 1, israel_hears_and_fears 1, hanged 1, buried 9, sent_outside_the_camp 
  CHECKPOINT DK5 THE REST — entities 319 UNMOVED (Israel the written-on party, on the registry; no bride, divorcee, levirate widow, flogged man, hireling, escaped slave or harlot of Israel an entity),
OK   the markers on the tape (forward, proleptic, retrograde) — predicted
OK   the placement classes — markers and events, predicted by the stitcher (O9 T2)
OK   the day slots on the events, predicted by the stitcher and re-verified against the ink (O9 OPEN-5)
OK   the events on the tape — predicted
OK   the ink re-checks, one per marker (the running world; each fork world re-checks its own) — predicted
OK   the predicted days of the markers (the calendar arithmetic before the run)
MISS the verdicts of the checkpoints, as the design expects
OK   the sojourn fork: the two other worlds' verdicts on the 430, as section 12 expects
OK   the run (typed from the first run): events, set, fired, cancelled, retro-writes, writes, daemons fired, entities, double writes, closes
OK   THE REST — the tape minus the newest runner's lines (persons_poor_court) run as its own world reproduces the previous sitting's tuple exactly
MISSES REMAIN — a miss is evidence, never a retype: read it
checkpoint_check: 336 rows, 19 miss, 0 raised — the tape stepped to its end in 27s
israel_people rows in the one database: 392 | all distinct rows: 1731 | chapters 22-25 present: 79 ['adulterers_death_commanded', 'amalek_forgetting_barred', 'amalek_memory_blotting_commanded', 'amale
SCAN CENSUS DONE — runner scans tripping: 11
