==== A0. THE TWO DIVISIONS — the export's chapter 22 against the DB's
  DB verses 29 | export verses HE 29 EN 29 | per-chapter export lengths vs DB, chapters 1-25: [(5, 30, 33)]
  the alignment cost 29 | export verses mapped to MORE THAN ONE DB verse: {}
  the offset per export verse (DB minus export, the first DB verse of each): Counter({0: 29}) | the runs: [(1, 1, 1), (16, 16, 16), (17, 17, 17), (18, 18, 18), (19, 19, 19)]
  the shared export verse against its DB verses (tokens, negations): []
==== A. THE SHELF BY POSITION — the Sifrei on Deuteronomy around chapter 22
  piskaot 357 357 rows 2357 2357
  heads 220-300 (HE first citation | rows | EN first quote):
   220 head (21, 21) | HE rows  4 EN rows  4 | 'Then all the populace of his city shall pummel46Heb: regemuh'
   221 head (21, 22) | HE rows 10 EN rows 10 | 'Now, if a man commits a sin worthy of the sentence of death,'
   222 head None | HE rows  8 EN rows  8 | 'When you see63Heb: tir’eh; root: r-‘-h. your rival’s ass cro'
   223 head (22, 2) | HE rows  4 EN rows  4 | 'But if your brother does not live near you'
   224 head (22, 3) | HE rows  7 EN rows  7 | 'Thus shall you treat his ass, as well as his garment,as well'
   225 head (22, 4) | HE rows  6 EN rows  6 | 'You shall not see your brother’s ox'
   226 head (22, 5) | HE rows  3 EN rows  3 | 'A woman must not don a man’s gear;nor may a man dress-up in '
   227 head (22, 6) | HE rows 11 EN rows 11 | 'If you happen across a bird’s nest'
   228 head (22, 7) | HE rows  8 EN rows  8 | 'You must definitely send away the dam'
   229 head (22, 8) | HE rows 10 EN rows 10 | 'When you build a new house'
   230 head (22, 9) | HE rows 13 EN rows 13 | 'You may not sow your vineyard with incompatible specieslest '
   231 head (22, 10) | HE rows  3 EN rows  3 | 'You may not plow with an ox and an ass as one'
   232 head (22, 11) | HE rows  5 EN rows  5 | 'Do not wear wool and linen fibers mingled144Heb: sh`atnez. a'
   233 head (22, 11) | HE rows  5 EN rows  5 | 'Do not wear garments of wool and linen fibers mingled as one'
   234 head (22, 12) | HE rows  7 EN rows  7 | 'Tassels157Heb: gedilim. shall you make for yourself'
   235 head (22, 13) | HE rows 11 EN rows 11 | 'Should a man take a wife, consort with her, and come to hate'
   236 head None | HE rows  4 EN rows  4 | 'To be his wife, but now he hates her;moreover, he has levele'
   237 head (22, 17) | HE rows  3 EN rows  3 | 'Then they spread out her night-dress'
   238 head (22, 18) | HE rows 10 EN rows 10 | 'Then the elders of that city shall take the man'
   239 head (22, 20) | HE rows  3 EN rows  3 | 'But if this charge were true'
   240 head (22, 21) | HE rows  5 EN rows  5 | 'Now, the men of her city shall pelt191Heb: seqaluhah. See Dt'
   241 head (22, 22) | HE rows  7 EN rows  7 | 'If a man is found'
   242 head (22, 23) | HE rows 10 EN rows 10 | 'Should there be a virginal young lady, who is betrothed to a'
   243 head (22, 26) | HE rows  4 EN rows  4 | 'But, do nothing to the young lady'
   244 head (22, 28) | HE rows  3 EN rows  3 | 'Should a man find a virginal young lady,215Heb: na`arah betu'
   245 head (22, 29) | HE rows  7 EN rows  7 | 'And the man'
   246 head (23, 1) | HE rows  1 EN rows  1 | 'A man shall not take his father’s wife'
   247 head (23, 2) | HE rows  5 EN rows  5 | 'crushing wound'
   248 head (23, 3) | HE rows  5 EN rows  5 | 'No one of impaired lineage234Heb: mamzer. shall enter the Co'
   249 head (23, 4) | HE rows  4 EN rows  4 | 'Neither an Ammonite nor a Moabite shall enter the Community '
   250 head (23, 5) | HE rows  5 EN rows  5 | 'By reason of their failure to extend hospitality to you, wit'
   251 head (23, 7) | HE rows  3 EN rows  3 | 'Don’t inquire after their comfort250Heb: shlomam; literally,'
   252 head (23, 8) | HE rows  3 EN rows  3 | 'Do not despise an Edomite'
   253 head (23, 9) | HE rows  3 EN rows  3 | 'The sons born to them'
   254 head (23, 10) | HE rows  4 EN rows  4 | 'When you go off to encamp upon your enemies'
   255 head (23, 11) | HE rows  5 EN rows  5 | 'Should there be among you'
   256 head (23, 12) | HE rows  2 EN rows  2 | 'Then, he shall wash with water'
   257 head (23, 13) | HE rows  6 EN rows  6 | 'You should prepare a handy spot275Heb: yad; literally, “hand'
   258 head (23, 15) | HE rows  4 EN rows  4 | 'Because HASHEM your God moves about in the midst of your cam'
   259 head (23, 16) | HE rows  8 EN rows  8 | 'Do not return a slave to his master'
   260 head (23, 18) | HE rows  2 EN rows  2 | 'No daughter of Israel shall become a prostitute'
   261 head (23, 19) | HE rows  6 EN rows  6 | 'Do not bring a whore’s hire . . . to the Abode of HASHEM you'
   262 head (23, 20) | HE rows  3 EN rows  3 | 'Do not exact from304Heb: tashich; literally, “take a bite fr'
   263 head (23, 21) | HE rows  4 EN rows  4 | 'You may, rather, exact from the foreigner [unfair terms];but'
   264 head (23, 22) | HE rows  7 EN rows  7 | 'When you utter a vow316Heb: neder; as a noun, “a vow;'
   265 head (23, 23) | HE rows  9 EN rows  9 | 'But if you restrain yourself from uttering a vow'
   266 head (23, 25) | HE rows  6 EN rows  6 | 'When you come into your kinsman’s vineyard,you may eat grape'
   267 head (23, 26) | HE rows  4 EN rows  4 | 'When you come upon your kinsman’s standing grain,you may sna'
   268 head (24, 1) | HE rows  3 EN rows  3 | 'Should a man take337Heb: yiqakh. The root, l-q-kh, can mean '
   269 head None | HE rows 14 EN rows 14 | 'In the event that she doesn’t please him'
   270 head (24, 2) | HE rows 13 EN rows 13 | 'And she shall go out from his house'
   271 head (24, 5) | HE rows  6 EN rows  6 | 'When a man takes a new wife'
   272 head (24, 6) | HE rows  2 EN rows  2 | 'He should not seize a mill or a millstone'
   273 head (24, 7) | HE rows  9 EN rows  9 | 'If a man is found'
   274 head (24, 8) | HE rows  6 EN rows  6 | 'Be careful'
   275 head (24, 9) | HE rows  3 EN rows  3 | 'Remember what HASHEM your God did to Miriam'
   276 head (24, 10) | HE rows  3 EN rows  3 | 'Should you ever lend on pledge to your kinsman'
   277 head (24, 12) | HE rows  5 EN rows  5 | 'Now, if he is a poor man'
   278 head (24, 14) | HE rows  5 EN rows  5 | 'You must not withhold the pay of a the poor or a pauper'
   279 head (24, 15) | HE rows  4 EN rows  4 | 'Pay him for his day’s work'
   280 head (24, 16) | HE rows  3 EN rows  3 | 'Fathers shall not be put to death by reason of the sons'
   281 head (24, 17) | HE rows  3 EN rows  3 | 'Do not pervert justice against the migrant or fatherless'
   282 head (24, 19) | HE rows  4 EN rows  4 | 'When you are reaping your harvest in your field'
   283 head None | HE rows  6 EN rows  6 | 'And you forgot a sheaf'
   284 head (24, 20) | HE rows  6 EN rows  6 | 'When you beat your olives from their trees, do not strip the'
   285 head (24, 21) | HE rows  4 EN rows  4 | 'When you reap your vineyard, do not take the odd bunches of '
   286 head (25, 1) | HE rows 17 EN rows 17 | 'Should there be a quarrel between men'
   287 head (25, 4) | HE rows  3 EN rows  3 | 'You may not muzzle an ox'
   288 head (25, 5) | HE rows  6 EN rows  6 | 'If brothers are living as one'
   289 head (25, 6) | HE rows 11 EN rows 11 | 'Then, the first son she shall bear'
   290 head (25, 8) | HE rows  4 EN rows  4 | 'Then the elders of his city shall summon him'
   291 head (25, 9) | HE rows  9 EN rows  9 | 'Then, his widowed sister-in-lawshall approach him before the'
   292 head (25, 11) | HE rows  5 EN rows  5 | 'When men struggle together'
   293 head (25, 12) | HE rows  2 EN rows  2 | 'And you shall cut off her hand'
   294 head (25, 13) | HE rows  9 EN rows  9 | 'You shall not have in your pouch stone-weights,one heavy sto'
   295 head None | HE rows  4 EN rows  4 | 'So that you may extend your days'
   296 head (25, 17) | HE rows  9 EN rows  9 | 'Remember'
   297 head (26, 1) | HE rows 10 EN rows 10 | 'Now it shall be, when you enter the Land'
   298 head None | HE rows  3 EN rows  3 | 'And place it in a basket'
   299 head None | HE rows  4 EN rows  4 | 'And you shall say to him'
   300 head (26, 4) | HE rows  2 EN rows  2 | 'Then the Priest will take the basket from your hand'
  heads whose chapter is 22 : [(223, (22, 2)), (224, (22, 3)), (225, (22, 4)), (226, (22, 5)), (227, (22, 6)), (228, (22, 7)), (229, (22, 8)), (230, (22, 9)), (231, (22, 10)), (232, (22, 11)), (233, (22, 11)), (234, (22, 12)), (235, (22, 13)), (237, (22, 17)), (238, (22, 18)), (239, (22, 20)), (240, (22, 21)), (241, (22, 22)), (242, (22, 23)), (243, (22, 26)), (244, (22, 28)), (245, (22, 29))] | heads by chapter 1-25: [(1, 24), (3, 4), (6, 6), (11, 21), (12, 20), (13, 14), (14, 14), (15, 16), (16, 19), (17, 16), (18, 16), (19, 10), (20, 14), (21, 17), (22, 22), (23, 22), (24, 16), (25, 10), (26, 4), (31, 1), (32, 36), (33, 14), (34, 1)]
  HE rows citing Deut 22 (the export's verse → the DB's): 37 [(222, 4, 1, [1]), (223, 1, 2, [2]), (224, 1, 3, [3]), (225, 1, 4, [4]), (226, 1, 5, [5]), (227, 1, 6, [6]), (228, 1, 7, [7]), (228, 3, 6, [6]), (228, 5, 7, [7]), (229, 1, 8, [8]), (230, 1, 9, [9]), (230, 10, 10, [10]), (231, 1, 10, [10]), (232, 1, 11, [11]), (234, 1, 12, [12]), (235, 1, 13, [13]), (235, 3, 14, [14]), (235, 3, 17, [17]), (235, 8, 15, [15]), (235, 10, 16, [16]), (236, 1, 17, [17]), (236, 4, 22, [22]), (237, 1, 17, [17]), (238, 1, 18, [18]), (238, 3, 19, [19]), (239, 1, 20, [20]), (239, 3, 21, [21]), (240, 1, 21, [21]), (241, 1, 22, [22]), (242, 1, 23, [23]), (242, 8, 25, [25]), (242, 8, 25, [25]), (243, 1, 26, [26]), (243, 3, 27, [27]), (244, 1, 28, [28]), (245, 1, 29, [29]), (336, 2, 7, [7])]
  EN rows citing Deut 22 : 223 [(155, 9, 1, [1]), (222, 3, 4, [4]), (222, 4, 1, [1]), (222, 5, 1, [1]), (222, 6, 1, [1]), (222, 7, 1, [1]), (222, 7, 1, [1]), (222, 8, 1, [1]), (222, 8, 1, [1]), (222, 8, 1, [1]), (223, 1, 2, [2]), (223, 1, 2, [2]), (223, 2, 2, [2]), (223, 3, 2, [2]), (223, 3, 2, [2]), (223, 4, 2, [2]), (224, 1, 3, [3]), (224, 5, 3, [3]), (224, 6, 3, [3]), (224, 6, 3, [3]), (224, 7, 3, [3]), (225, 1, 4, [4]), (225, 3, 4, [4]), (225, 4, 4, [4]), (225, 5, 4, [4]), (225, 5, 1, [1]), (225, 6, 4, [4]), (225, 6, 4, [4]), (225, 6, 4, [4]), (225, 6, 4, [4]), (226, 1, 5, [5]), (226, 1, 5, [5]), (226, 2, 5, [5]), (226, 2, 5, [5]), (226, 3, 5, [5]), (227, 1, 6, [6]), (227, 2, 6, [6]), (227, 2, 6, [6]), (227, 2, 6, [6]), (227, 3, 6, [6]), (227, 3, 6, [6]), (227, 4, 6, [6]), (227, 6, 6, [6]), (227, 7, 6, [6]), (227, 8, 6, [6]), (227, 8, 6, [6]), (227, 9, 6, [6]), (227, 10, 6, [6]), (227, 10, 6, [6]), (227, 11, 8, [8]), (228, 1, 7, [7]), (228, 1, 7, [7]), (228, 3, 6, [6]), (228, 3, 6, [6]), (228, 4, 6, [6]), (228, 5, 7, [7]), (228, 6, 7, [7]), (228, 7, 7, [7]), (228, 8, 7, [7]), (229, 1, 8, [8]), (229, 1, 8, [8]), (229, 2, 8, [8]), (229, 2, 8, [8]), (229, 3, 8, [8]), (229, 4, 8, [8]), (229, 4, 8, [8]), (229, 5, 8, [8]), (229, 6, 8, [8]), (229, 6, 8, [8]), (229, 7, 8, [8]), (229, 8, 8, [8]), (229, 8, 8, [8]), (229, 9, 8, [8]), (229, 10, 8, [8]), (230, 1, 9, [9]), (230, 1, 9, [9]), (230, 2, 9, [9]), (230, 3, 9, [9]), (230, 4, 9, [9]), (230, 5, 9, [9]), (230, 5, 9, [9]), (230, 6, 9, [9]), (230, 6, 9, [9]), (230, 7, 9, [9]), (230, 8, 9, [9]), (230, 8, 9, [9]), (230, 10, 10, [10]), (230, 10, 10, [10]), (230, 11, 9, [9]), (230, 12, 9, [9]), (230, 13, 9, [9]), (230, 13, 9, [9]), (231, 1, 10, [10]), (231, 1, 10, [10]), (231, 1, 10, [10]), (231, 1, 10, [10]), (231, 1, 10, [10]), (231, 2, 9, [9]), (231, 2, 9, [9]), (231, 3, 9, [9]), (231, 3, 9, [9]), (232, 1, 11, [11]), (232, 1, 11, [11]), (232, 2, 11, [11]), (232, 2, 11, [11]), (232, 3, 11, [11]), (232, 3, 11, [11]), (232, 4, 11, [11]), (232, 5, 11, [11]), (233, 1, 11, [11]), (234, 1, 12, [12]), (234, 1, 12, [12]), (234, 4, 12, [12]), (234, 4, 12, [12]), (234, 5, 12, [12]), (234, 5, 12, [12]), (234, 5, 12, [12]), (234, 5, 12, [12]), (235, 1, 13, [13]), (235, 2, 13, [13]), (235, 2, 13, [13]), (235, 3, 13, [13]), (235, 3, 14, [14]), (235, 3, 17, [17]), (235, 3, 17, [17]), (235, 3, 14, [14]), (235, 3, 17, [17]), (235, 3, 14, [14]), (235, 3, 14, [14]), (235, 4, 14, [14]), (235, 5, 14, [14]), (235, 6, 13, [13]), (235, 6, 13, [13]), (235, 8, 15, [15]), (235, 8, 15, [15]), (235, 8, 15, [15]), (235, 9, 15, [15]), (235, 10, 16, [16]), (235, 11, 16, [16]), (236, 1, 16, [16]), (236, 3, 16, [16]), (236, 4, 22, [22]), (237, 1, 17, [17]), (237, 1, 17, [17]), (237, 2, 17, [17]), (237, 2, 17, [17]), (238, 1, 18, [18]), (238, 2, 18, [18]), (238, 3, 19, [19]), (238, 4, 19, [19]), (238, 5, 19, [19]), (238, 6, 19, [19]), (238, 6, 19, [19]), (238, 7, 14, [14]), (238, 8, 19, [19]), (238, 8, 19, [19]), (238, 9, 19, [19]), (238, 10, 19, [19]), (239, 1, 20, [20]), (239, 1, 20, [20]), (239, 1, 20, [20]), (239, 2, 20, [20]), (239, 3, 21, [21]), (239, 3, 21, [21]), (239, 3, 21, [21]), (240, 1, 21, [21]), (240, 2, 21, [21]), (240, 2, 21, [21]), (240, 3, 21, [21]), (240, 4, 21, [21]), (240, 4, 21, [21]), (240, 5, 21, [21]), (241, 1, 22, [22]), (241, 1, 22, [22]), (241, 1, 22, [22]), (241, 2, 22, [22]), (241, 3, 22, [22]), (241, 4, 22, [22]), (241, 5, 22, [22]), (241, 6, 22, [22]), (241, 7, 22, [22]), (242, 1, 23, [23]), (242, 2, 23, [23]), (242, 3, 23, [23]), (242, 3, 23, [23]), (242, 4, 24, [24]), (242, 5, 24, [24]), (242, 5, 24, [24]), (242, 6, 24, [24]), (242, 7, 24, [24]), (242, 8, 25, [25]), (242, 9, 25, [25]), (242, 10, 25, [25]), (243, 1, 26, [26]), (243, 1, 26, [26]), (243, 1, 26, [26]), (243, 2, 26, [26]), (243, 2, 26, [26]), (243, 2, 26, [26]), (243, 3, 27, [27]), (243, 3, 27, [27]), (243, 4, 27, [27]), (244, 1, 28, [28]), (244, 1, 28, [28]), (244, 1, 28, [28]), (244, 1, 28, [28]), (244, 1, 28, [28]), (244, 1, 28, [28]), (244, 1, 28, [28]), (244, 1, 28, [28]), (244, 1, 29, [29]), (244, 1, 28, [28]), (244, 3, 28, [28]), (245, 1, 29, [29]), (245, 2, 29, [29]), (245, 2, 29, [29]), (245, 3, 29, [29]), (245, 4, 29, [29]), (245, 5, 29, [29]), (245, 6, 29, [29]), (245, 7, 29, [29]), (245, 7, 29, [29]), (336, 2, 7, [7])]
  EN "ibid 22:n" candidates: 0
  the union of rows (both files): 138 [(155, 9), (222, 3), (222, 4), (222, 5), (222, 6), (222, 7), (222, 8), (223, 1), (223, 2), (223, 3), (223, 4), (224, 1), (224, 5), (224, 6), (224, 7), (225, 1), (225, 3), (225, 4), (225, 5), (225, 6), (226, 1), (226, 2), (226, 3), (227, 1), (227, 2), (227, 3), (227, 4), (227, 6), (227, 7), (227, 8), (227, 9), (227, 10), (227, 11), (228, 1), (228, 3), (228, 4), (228, 5), (228, 6), (228, 7), (228, 8), (229, 1), (229, 2), (229, 3), (229, 4), (229, 5), (229, 6), (229, 7), (229, 8), (229, 9), (229, 10), (230, 1), (230, 2), (230, 3), (230, 4), (230, 5), (230, 6), (230, 7), (230, 8), (230, 10), (230, 11), (230, 12), (230, 13), (231, 1), (231, 2), (231, 3), (232, 1), (232, 2), (232, 3), (232, 4), (232, 5), (233, 1), (234, 1), (234, 4), (234, 5), (235, 1), (235, 2), (235, 3), (235, 4), (235, 5), (235, 6), (235, 8), (235, 9), (235, 10), (235, 11), (236, 1), (236, 3), (236, 4), (237, 1), (237, 2), (238, 1), (238, 2), (238, 3), (238, 4), (238, 5), (238, 6), (238, 7), (238, 8), (238, 9), (238, 10), (239, 1), (239, 2), (239, 3), (240, 1), (240, 2), (240, 3), (240, 4), (240, 5), (241, 1), (241, 2), (241, 3), (241, 4), (241, 5), (241, 6), (241, 7), (242, 1), (242, 2), (242, 3), (242, 4), (242, 5), (242, 6), (242, 7), (242, 8), (242, 9), (242, 10), (243, 1), (243, 2), (243, 3), (243, 4), (244, 1), (244, 3), (245, 1), (245, 2), (245, 3), (245, 4), (245, 5), (245, 6), (245, 7), (336, 2)]
  the rows OUTSIDE the spine piskaot (the union less the on-chapter piskaot 223 - 245 ): 11 [(155, 9), (222, 3), (222, 4), (222, 5), (222, 6), (222, 7), (222, 8), (236, 1), (236, 3), (236, 4), (336, 2)] | in-spine rows of the union: 127
  outside rows file bytes 10923
==== B. ONKELOS chapter 22 and the DB (the dump per DB verse; a shared export row printed at its first DB verse)
  the store's chapter 22 verses 29 | verses whose store token count differs from the DB: [(22, 15, 14, 12), (22, 16, 13, 12), (22, 20, 10, 9), (22, 21, 23, 22), (22, 23, 12, 11), (22, 24, 32, 31), (22, 25, 19, 18), (22, 26, 21, 19), (22, 27, 10, 9), (22, 28, 13, 12), (22, 29, 20, 19)]
  token count chapter 22 : 437
  onkelos dump bytes 36272
==== C. THE PARSER on every verse of chapter 22
  22:12  N [4]                      O []             marked []
  22:19  N [100]                    O []             marked []
  22:22  N [2]                      O []             marked ['שני#']
  22:24  N [2]                      O []             marked ['שני#']
  22:29  N [50]                     O []             marked []
  number-word tokens present per verse (the bare check against the parser): {'22:12': ['ארבע'], '22:19': ['מאה']}
  22:1 tokens: ['לא', 'תראה', 'את', 'שור', 'אחיך', 'או', 'את', 'שיו', 'נדחים', 'והתעלמת', 'מהם', 'השב', 'תשיבם', 'לאחיך']
  22:12 tokens: ['גדלים', 'תעשה', 'לך', 'על', 'ארבע', 'כנפות', 'כסותך', 'אשר', 'תכסה', 'בה']
  22:19 tokens: ['וענשו', 'אתו', 'מאה', 'כסף', 'ונתנו', 'לאבי', 'הנערה', 'כי', 'הוציא', 'שם', 'רע', 'על', 'בתולת', 'ישראל', 'ולו', 'תהיה', 'לאשה', 'לא', 'יוכל', 'לשלחה', 'כל', 'ימיו']
  22:22 tokens: ['כי', 'ימצא', 'איש', 'שכב', 'עם', 'אשה', 'בעלת', 'בעל', 'ומתו', 'גם', 'שני#', 'האיש', 'השכב', 'עם', 'האשה', 'והאשה', 'ובערת', 'הרע', 'מישראל']
  22:24 tokens: ['והוצאתם', 'את', 'שני#', 'אל', 'שער', 'העיר', 'ההוא', 'וסקלתם', 'אתם', 'באבנים', 'ומתו', 'את', 'הנער', 'על', 'דבר', 'אשר', 'לא', 'צעקה', 'בעיר', 'ואת', 'האיש', 'על', 'דבר', 'אשר', 'ענה', 'את', 'אשת', 'רעהו', 'ובערת', 'הרע', 'מקרבך']
  22:29 tokens: ['ונתן', 'האיש', 'השכב', 'עמה', 'לאבי', 'הנער', 'חמשים', 'כסף', 'ולו', 'תהיה', 'לאשה', 'תחת', 'אשר', 'ענה', 'לא', 'יוכל', 'שלחה', 'כל', 'ימיו']
==== D. CASE TOKENS, FRAMES, REGISTER, NAMES
  case tokens (כי "when/for" / אם "if" / ואם / או "or" / פן "lest"): {'22:1': ['או'], '22:2': ['ואם'], '22:4': ['או'], '22:5': ['כי'], '22:6': ['כי', 'או', 'או', 'או'], '22:8': ['כי', 'כי'], '22:9': ['פן'], '22:13': ['כי'], '22:19': ['כי'], '22:20': ['ואם'], '22:21': ['כי'], '22:22': ['כי'], '22:23': ['כי'], '22:25': ['ואם'], '22:26': ['כי'], '22:27': ['כי'], '22:28': ['כי']}
  divine frames (ויאמר/וידבר + יהוה): []
  לאמר "saying" seats: ['22:17']
  narrative-form verbs (V.w) per verse: {14: ['ואקרב'], 16: ['וישנאה']}
  first-person verb forms (1cs / 1cp) per verse: {14: [('לקחתי', 'HVqp1cs'), ('מצאתי', 'HVqp1cs')], 16: [('נתתי', 'HVqp1cs')], 17: [('מצאתי', 'HVqp1cs')]}
  imperatives (Vq.v / Vp.v / Vh.v) per verse: {}
  prohibitions לא + imperfect (the ten's form) per verse: {1: [('תראה', 'HVqi2ms')], 2: [], 3: [('תוכל', 'HVqi2ms')], 4: [('תראה', 'HVqi2ms')], 5: [('יהיה', 'HVqi3ms'), ('ילבש', 'HVqi3ms')], 6: [('תקח', 'HVqi2ms')], 8: [('תשים', 'HVqi2ms')], 9: [('תזרע', 'HVqi2ms')], 10: [('תחרש', 'HVqi2ms')], 11: [('תלבש', 'HVqi2ms')], 14: [], 17: [], 19: [('יוכל', 'HVqi3ms')], 20: [], 24: [], 26: [('תעשה', 'HVqi2ms')], 28: [], 29: [('יוכל', 'HVqi3ms')]}
  name tokens (Np): {5: ['יהוה'], 19: ['ישראל'], 20: ['נמצאו'], 21: ['בישראל'], 22: ['מישראל']}
  second-person plural vs singular (2mp / 2ms tokens per verse): {1: (0, 5), 2: (0, 8), 3: (0, 6), 4: (0, 4), 5: (0, 1), 6: (0, 2), 7: (0, 3), 8: (0, 5), 9: (0, 3), 10: (0, 1), 11: (0, 1), 12: (0, 3), 13: (0, 0), 14: (0, 0), 15: (0, 0), 16: (0, 0), 17: (0, 1), 18: (0, 0), 19: (0, 0), 20: (0, 0), 21: (0, 2), 22: (0, 1), 23: (0, 0), 24: (2, 2), 25: (0, 0), 26: (0, 1), 27: (0, 0), 28: (0, 0), 29: (0, 0)}
==== E. THE REGISTER GATE on Deut 22
  dispositions naming Deut 22: []
  REGISTER_INDEX lines on Deut 22:
==== F. THE PRIOR READS
  ledgers with an Onkelos Deut 22 row: []
  prior Sifrei Devarim rows anywhere (strict form), those among the outside rows: [('deu_05_vaetchanan_2026-09-16.md', 233, 1), ('deu_14_reeh_2026-09-21.md', 228, 5), ('deu_17_18_shoftim_2026-09-24.md', 155, 9)] | all prior rows count 1570
  ledgers NAMING a verse of Deut 22: 12
    ('exodus_block_decalogue_2026-09-04.md', 1, ['Deut 22:26'])
    ('family_docket_2026-09-06.md', 2, ['Deut 22:29'])
    ('gen_46_isaac_blessing_demandee_mismatch_2026-08-27.md', 1, ['Deuteronomy 22:6'])
    ('holiness_b_topic_docket_2026-09-06.md', 43, ['Deut 22:10', 'Deut 22:11', 'Deut 22:9'])
    ('lev_21_priests_2026-09-05.md', 1, ['Deut 22:21'])
    ('num_04_07_naso_exam_2026-09-10.md', 1, ['Deut 22:21'])
    ('num_15_wood_tzitzit_2026-09-09.md', 3, ['Deut 22:12'])
    ('num_17_plague_staff_2026-09-10.md', 1, ['Deut 22:6-7'])
    ('num_18_priest_levite_dues_2026-09-10.md', 3, ['Deut 22:9'])
    ('num_25_peor_pinchas_2026-09-11.md', 3, ['Deut 22:24', 'Deuteronomy 22:24'])
    ('ordinances_topic_docket_2026-09-06.md', 3, ['Deut 22:1', 'Deut 22:2', 'Deut 22:3'])
    ('sanctions_topic_docket_2026-09-05.md', 3, ['Deut 22:10', 'Deut 22:23-27', 'Deut 22:6-7'])
  ledgers with an Onkelos Exod 23 / Exod 22 / Lev 19 / Lev 18 / Lev 20 / Num 15 / Deut 27 / Deut 24 row (the kin's reading — the lost ox and the fallen ass Exodus 23:4-5 for 22:1-4; the mixtures Leviticus 19:19 and the tassels Numbers 15:38 for 22:9-12; the adulterer Leviticus 20:10 and 18:20 for 22:22; the seducer Exodus 22:15-16 for 22:28-29; the father's wife Leviticus 18:8 and 20:11 for 23:1, the English's 22:30; the curses 27:20-23): ['exo_22_property_social_2026-09-01.md', 'exo_23_escort_land_2026-09-01.md', 'exo_23_justice_calendar_2026-09-01.md', 'lev_17_18_blood_arayot_2026-09-05.md', 'lev_19_kedoshim_2026-09-05.md', 'lev_20_sanctions_2026-09-05.md', 'num_15_offerings_laws_2026-09-10.md', 'num_15_wood_tzitzit_2026-09-09.md', 'ordinances_topic_docket_2026-09-06.md'] | ledgers with an Onkelos row of the Prophets (never read ahead — expected none): []
==== G. THE DRAFTS
  deu_21_eglah_family: refs 21:1-23; steps (21, 1)..(21, 23) n=23; draft False; operators True; depends_on ['    - "deu_20_war_rules"\n']; scenarios 30; binary_trees True; step E True; comment lines 28
  deu_22_return_sex_laws: refs 22:1-29; steps (22, 1)..(22, 29) n=29; draft True; operators False; depends_on ['    - "deu_21_eglah_family"\n    - "num_15_wood_tzitzit"\n']; scenarios 36; binary_trees True; step E False; comment lines 33
    the step verses: [1, 2, 3, 4, 5, 6, 7, 8, 9, 10, 11, 12, 13, 14, 15, 16, 17, 18, 19, 20, 21, 22, 23, 24, 25, 26, 27, 28, 29] | covers DB 29 ? True
  the units' claim prefixes present anywhere? {'DV22': 0, 'DV22A': 0, 'DV22B': 0, 'DV21': 2, 'DV23': 0}
  existing manifests deu_22*: [] | ledgers deu_*: ['deu_01_03_devarim_2026-09-15.md', 'deu_01_03_devarim_exam_2026-09-15.md', 'deu_04_vaetchanan_2026-09-16.md', 'deu_04_vaetchanan_exam_2026-09-16.md', 'deu_05_vaetchanan_2026-09-16.md', 'deu_05_vaetchanan_exam_2026-09-16.md', 'deu_06_vaetchanan_2026-09-17.md', 'deu_06_vaetchanan_exam_2026-09-17.md', 'deu_07_vaetchanan_ekev_2026-09-17.md', 'deu_07_vaetchanan_ekev_exam_2026-09-18.md', 'deu_08_ekev_2026-09-18.md', 'deu_08_ekev_exam_2026-09-19.md', 'deu_09_ekev_2026-09-19.md', 'deu_09_ekev_exam_2026-09-19.md', 'deu_10_ekev_2026-09-19.md', 'deu_10_ekev_exam_2026-09-20.md', 'deu_11_ekev_reeh_2026-09-20.md', 'deu_11_ekev_reeh_exam_2026-09-20.md', 'deu_12_reeh_2026-09-20.md', 'deu_12_reeh_exam_2026-09-20.md', 'deu_13_reeh_2026-09-21.md', 'deu_13_reeh_exam_2026-09-21.md', 'deu_14_reeh_2026-09-21.md', 'deu_14_reeh_exam_2026-09-21.md', 'deu_15_reeh_2026-09-22.md', 'deu_15_reeh_exam_2026-09-23.md', 'deu_16_reeh_shoftim_2026-09-23.md', 'deu_16_reeh_shoftim_exam_2026-09-23.md', 'deu_17_18_shoftim_2026-09-24.md', 'deu_17_18_shoftim_exam_2026-09-24.md', 'deu_19_21_shoftim_ki_teitzei_2026-09-24.md', 'deu_19_21_shoftim_ki_teitzei_exam_2026-09-25.md']
  unit count and standing (CORPUS_TRUTH literals): []
==== H. THE STORE'S GLOSSES on chapter 22
  gloss Counter (the 50 commonest): [('the-girl', 17), ('not', 16), ('obj-marker·et', 13), ('that', 12), ('over', 10), ('which', 8), ('make', 7), ('the-man', 7), ('man', 6), ('find', 6), ('brother-you/your', 5), ('or', 5), ('to', 5), ('be', 5), ('woman', 5), ('to-her/its', 5), ('word/thing', 5), ('virginity', 5), ('with-her/its', 5), ('to-you/your', 4), ('and-not', 4), ('take', 4), ('and-bring-forth', 4), ('the-this', 4), ('the-city', 4), ('to-girl', 4), ('and-die', 4), ('girl', 4), ('and-if', 3), ('obj-marker·et-him/its', 3), ('and-so', 3), ('be-able', 3), ('arise', 3), ('all', 3), ('house', 3), ('old', 3), ('to-woman', 3), ('virgin', 3), ('and-kindle', 3), ('the-bad', 3), ('and-lie-down', 3), ('see', 2), ('and-veil-from-sight', 2), ('from-them/their', 2), ('and-find-her/its', 2), ('fall', 2), ('in-way/road', 2), ('valiant-man', 2), ('wrap-around', 2), ('the-mother', 2)]
  gloss file bytes 13564
  overrides already for Deut.22: [] | by_ref last Deut.21 line: ['  "Deut.21.23:13": "a-hanged-one"   # תלוי']
==== I. THE SPINE ON THE CHAPTER — the Sifrei piskaot whose head is in chapter 22 (the spine on the chapter a fourteenth time), whole
  SPINE (computed from the heads): [223, 224, 225, 226, 227, 228, 229, 230, 231, 232, 233, 234, 235, 237, 238, 239, 240, 241, 242, 243, 244, 245] | contiguous? False | the heads by verse: [(223, 2), (224, 3), (225, 4), (226, 5), (227, 6), (228, 7), (229, 8), (230, 9), (231, 10), (232, 11), (233, 11), (234, 12), (235, 13), (237, 17), (238, 18), (239, 20), (240, 21), (241, 22), (242, 23), (243, 26), (244, 28), (245, 29)] | the heads before and after: {222: None, 246: (23, 1)}
  rows per piska (HE, EN): {223: (4, 4), 224: (7, 7), 225: (6, 6), 226: (3, 3), 227: (11, 11), 228: (8, 8), 229: (10, 10), 230: (13, 13), 231: (3, 3), 232: (5, 5), 233: (5, 5), 234: (7, 7), 235: (11, 11), 237: (3, 3), 238: (10, 10), 239: (3, 3), 240: (5, 5), 241: (7, 7), 242: (10, 10), 243: (4, 4), 244: (3, 3), 245: (7, 7)} | total HE rows 145 | HE == EN everywhere? True
  spine file bytes 109758 | bytes per piska HE+EN: {223: 1433, 224: 2475, 225: 3667, 226: 1967, 227: 5017, 228: 5103, 229: 6510, 230: 6426, 231: 2371, 232: 3987, 233: 2323, 234: 3778, 235: 7697, 237: 2661, 238: 3423, 239: 2079, 240: 2239, 241: 1762, 242: 3542, 243: 3464, 244: 6415, 245: 2280}
  prior reads among the spine rows (any ledger): [('deu_05_vaetchanan_2026-09-16.md', 233, 1), ('deu_14_reeh_2026-09-21.md', 228, 5)]
  the spine rows citing a verse of chapter 22 in the Hebrew (p, r, the export verses): [(223, 1, [2]), (224, 1, [3]), (225, 1, [4]), (226, 1, [5]), (227, 1, [6]), (228, 1, [7]), (228, 3, [6]), (228, 5, [7]), (229, 1, [8]), (230, 1, [9]), (230, 10, [10]), (231, 1, [10]), (232, 1, [11]), (234, 1, [12]), (235, 1, [13]), (235, 3, [14, 17]), (235, 8, [15]), (235, 10, [16]), (237, 1, [17]), (238, 1, [18]), (238, 3, [19]), (239, 1, [20]), (239, 3, [21]), (240, 1, [21]), (241, 1, [22]), (242, 1, [23]), (242, 8, [25]), (243, 1, [26]), (243, 3, [27]), (244, 1, [28]), (245, 1, [29])]
  the spine rows' own Hebrew citations (book, chapter, verse) by row: [(223, 1, [('דברים', 22, 2)]), (224, 1, [('דברים', 22, 3)]), (225, 1, [('דברים', 22, 4), ('שמות', 23, 5)]), (225, 2, [('שמות', 23, 5)]), (226, 1, [('דברים', 22, 5)]), (227, 1, [('דברים', 22, 6)]), (227, 10, [('ויקרא', 14, 4)]), (228, 1, [('דברים', 22, 7)]), (228, 3, [('דברים', 22, 6)]), (228, 5, [('דברים', 22, 7)]), (229, 1, [('דברים', 22, 8)]), (229, 9, [('קהלת', 9, 12)]), (230, 1, [('דברים', 22, 9), ('ויקרא', 19, 19)]), (230, 3, [('ויקרא', 5, 15)]), (230, 10, [('דברים', 22, 10)]), (231, 1, [('דברים', 22, 10), ('שמות', 23, 12)]), (232, 1, [('דברים', 22, 11)]), (232, 2, [('ויקרא', 19, 19)]), (233, 1, [('שמות', 20, 8), ('דברים', 5, 12)]), (233, 2, [('שמות', 31, 14), ('במדבר', 28, 9)]), (233, 3, [('ויקרא', 18, 16), ('דברים', 25, 5)]), (233, 4, [('במדבר', 36, 8), ('במדבר', 36, 9)]), (233, 5, [('תהלים', 62, 12)]), (234, 1, [('דברים', 22, 12), ('במדבר', 15, 38)]), (234, 4, [('במדבר', 15, 38)]), (235, 1, [('דברים', 22, 13)]), (235, 2, [('ויקרא', 19, 18), ('ויקרא', 19, 17), ('ויקרא', 25, 36)]), (235, 3, [('דברים', 22, 14), ('דברים', 22, 17)]), (235, 6, [('ויקרא', 20, 10)]), (235, 8, [('דברים', 22, 15)]), (235, 10, [('דברים', 22, 16)]), (237, 1, [('דברים', 22, 17), ('שמות', 22, 2), ('שמות', 21, 19)]), (238, 1, [('דברים', 22, 18)]), (238, 3, [('דברים', 22, 19)]), (239, 1, [('דברים', 22, 20)]), (239, 3, [('דברים', 22, 21)]), (240, 1, [('דברים', 22, 21)]), (240, 2, [('ויקרא', 20, 2)]), (240, 4, [('ויקרא', 21, 9)]), (241, 1, [('דברים', 22, 22)]), (242, 1, [('דברים', 22, 23)]), (242, 5, [('ויקרא', 20, 27)]), (242, 8, [('דברים', 22, 25), ('דברים', 22, 25)]), (243, 1, [('דברים', 22, 26)]), (243, 3, [('דברים', 22, 27)]), (244, 1, [('דברים', 22, 28)]), (245, 1, [('דברים', 22, 29)])]
  the spine rows' English citations by row: [(223, 1, ['Dt.22:2', 'Dt.22:2']), (223, 2, ['Dt.22:2']), (223, 3, ['Dt.22:2', 'Dt.22:2']), (223, 4, ['Dt.22:2']), (224, 1, ['Dt.22:3']), (224, 5, ['Dt.22:3']), (224, 6, ['Dt.22:3', 'Dt.22:3']), (224, 7, ['Dt.22:3']), (225, 1, ['Dt.22:4', 'Ex.23:5']), (225, 2, ['Ex.23:5']), (225, 3, ['Dt.22:4']), (225, 4, ['Dt.22:4']), (225, 5, ['Dt.22:4', 'Dt.22:1']), (225, 6, ['Dt.22:4', 'Dt.22:4', 'Dt.22:4', 'Dt.22:4']), (226, 1, ['Dt.22:5', 'Dt.22:5']), (226, 2, ['Dt.22:5', 'Dt.22:5']), (226, 3, ['Dt.22:5']), (227, 1, ['Dt.22:6']), (227, 2, ['Dt.22:6', 'Dt.22:6', 'Dt.22:6']), (227, 3, ['Dt.22:6', 'Dt.22:6']), (227, 4, ['Dt.22:6']), (227, 6, ['Dt.22:6']), (227, 7, ['Dt.22:6']), (227, 8, ['Dt.22:6', 'Dt.22:6']), (227, 9, ['Dt.22:6']), (227, 10, ['Dt.22:6', 'Lv.14:4', 'Dt.22:6']), (227, 11, ['Dt.22:8', 'Ecc.9:12']), (228, 1, ['Dt.22:7', 'Dt.22:7']), (228, 3, ['Dt.22:6', 'Dt.22:6']), (228, 4, ['Dt.22:6']), (228, 5, ['Dt.22:7', 'Dt.14:11']), (228, 6, ['Dt.22:7']), (228, 7, ['Dt.22:7']), (228, 8, ['Dt.22:7']), (229, 1, ['Dt.22:8', 'Dt.22:8']), (229, 2, ['Dt.22:8', 'Dt.22:8']), (229, 3, ['Dt.22:8']), (229, 4, ['Dt.22:8', 'Dt.22:8']), (229, 5, ['Dt.22:8']), (229, 6, ['Dt.22:8', 'Dt.22:8']), (229, 7, ['Dt.22:8']), (229, 8, ['Dt.22:8', 'Dt.22:8']), (229, 9, ['Dt.22:8', 'Ecc.9:12']), (229, 10, ['Dt.22:8']), (230, 1, ['Dt.22:9', 'Lv.19:19', 'Dt.22:9', 'Lv.19:19']), (230, 2, ['Dt.22:9']), (230, 3, ['Dt.22:9', 'Lv.5:15']), (230, 4, ['Dt.22:9']), (230, 5, ['Dt.22:9', 'Dt.22:9']), (230, 6, ['Dt.22:9', 'Dt.22:9']), (230, 7, ['Dt.22:9']), (230, 8, ['Dt.22:9', 'Dt.22:9']), (230, 10, ['Dt.22:10', 'Dt.22:10']), (230, 11, ['Dt.22:9']), (230, 12, ['Dt.22:9']), (230, 13, ['Dt.22:9', 'Dt.22:9']), (231, 1, ['Dt.22:10', 'Ex.23:12', 'Dt.22:10', 'Dt.22:10', 'Dt.22:10', 'Dt.22:10']), (231, 2, ['Dt.22:9', 'Dt.22:9']), (231, 3, ['Dt.22:9', 'Dt.22:9']), (232, 1, ['Dt.22:11', 'Dt.22:11']), (232, 2, ['Dt.22:11', 'Lv.19:19', 'Dt.22:11']), (232, 3, ['Dt.22:11', 'Dt.22:11']), (232, 4, ['Dt.22:11']), (232, 5, ['Dt.22:11']), (233, 1, ['Dt.22:11-12', 'Ex.20:8', 'Dt.5:12']), (233, 2, ['Ex.31:14', 'Nu.28:9']), (233, 3, ['Lv.18:16', 'Dt.25:5']), (233, 4, ['Nu.36:8', 'Nu.36:9']), (233, 5, ['Ps.62:12']), (234, 1, ['Dt.22:12', 'Dt.22:12']), (234, 4, ['Dt.22:12', 'Dt.22:12', 'Nu.15:38']), (234, 5, ['Dt.22:12', 'Dt.22:12', 'Dt.22:12', 'Dt.22:12']), (234, 6, ['Dt.11:12']), (235, 1, ['Dt.22:13']), (235, 2, ['Dt.22:13', 'Lv.19:18', 'Lv.19:18', 'Lv.19:17', 'Lv.25:36', 'Dt.22:13']), (235, 3, ['Dt.22:13', 'Dt.22:14', 'Dt.22:17', 'Dt.22:17', 'Dt.22:14', 'Dt.22:17', 'Dt.22:14', 'Dt.22:14']), (235, 4, ['Dt.22:14']), (235, 5, ['Dt.22:14']), (235, 6, ['Dt.22:13', 'Lv.20:10', 'Dt.22:13']), (235, 8, ['Dt.22:15', 'Dt.22:15', 'Dt.22:15']), (235, 9, ['Dt.22:15']), (235, 10, ['Dt.22:16']), (235, 11, ['Dt.22:16']), (237, 1, ['Dt.22:17', 'Ex.22:2', 'Ex.21:19', 'Dt.22:17']), (237, 2, ['Dt.22:17', 'Dt.22:17']), (238, 1, ['Dt.22:18']), (238, 2, ['Dt.22:18']), (238, 3, ['Dt.22:19']), (238, 4, ['Dt.22:19']), (238, 5, ['Dt.22:19']), (238, 6, ['Dt.22:19', 'Dt.22:19']), (238, 7, ['Dt.22:14']), (238, 8, ['Dt.22:19', 'Dt.22:19']), (238, 9, ['Dt.22:19']), (238, 10, ['Dt.22:19']), (239, 1, ['Dt.22:20', 'Dt.22:20', 'Dt.22:20']), (239, 2, ['Dt.22:20']), (239, 3, ['Dt.22:21', 'Dt.22:21', 'Dt.22:21']), (240, 1, ['Dt.22:21']), (240, 2, ['Dt.22:21', 'Lv.20:2', 'Dt.22:21']), (240, 3, ['Dt.22:21']), (240, 4, ['Dt.22:21', 'Dt.22:21', 'Lv.21:9']), (240, 5, ['Dt.22:21']), (241, 1, ['Dt.22:22', 'Dt.22:22', 'Dt.22:22']), (241, 2, ['Dt.22:22']), (241, 3, ['Dt.22:22']), (241, 4, ['Dt.22:22']), (241, 5, ['Dt.22:22']), (241, 6, ['Dt.22:22']), (241, 7, ['Dt.22:22']), (242, 1, ['Dt.22:23']), (242, 2, ['Dt.22:23']), (242, 3, ['Dt.22:23', 'Dt.22:23']), (242, 4, ['Dt.22:24']), (242, 5, ['Dt.22:24', 'Lv.20:2', 'Dt.22:24']), (242, 6, ['Dt.22:24']), (242, 7, ['Dt.22:24']), (242, 8, ['Dt.22:25']), (242, 9, ['Dt.22:25']), (242, 10, ['Dt.22:25']), (243, 1, ['Dt.22:26', 'Dt.22:26', 'Dt.22:26']), (243, 2, ['Dt.22:26', 'Dt.22:26', 'Dt.22:26']), (243, 3, ['Dt.22:27', 'Dt.22:27']), (243, 4, ['Dt.22:27']), (244, 1, ['Dt.22:28', 'Dt.22:28', 'Ex.22:15', 'Ex.22:15', 'Ex.22:15', 'Dt.22:28', 'Dt.22:28', 'Dt.22:28', 'Ex.22:15', 'Dt.22:28', 'Dt.22:28', 'Ex.22:15', 'Dt.22:28', 'Ex.22:15', 'Dt.22:29']), (244, 3, ['Dt.22:28']), (245, 1, ['Dt.22:29']), (245, 2, ['Dt.22:29', 'Dt.22:29']), (245, 3, ['Dt.22:29']), (245, 4, ['Dt.22:29']), (245, 5, ['Dt.22:29']), (245, 6, ['Dt.22:29']), (245, 7, ['Dt.22:29', 'Dt.22:29'])]
  the spine rows with NO citation in either file: [(224, 2), (224, 3), (224, 4), (227, 5), (228, 2), (230, 9), (234, 2), (234, 3), (234, 7), (235, 7), (237, 3), (244, 2)]
  NO portion edge inside the chapter (Ki Teitzei 21:10-25:19 holds it whole) — the heads by verse, and the verses of the chapter with no head: [2, 3, 4, 5, 6, 7, 8, 9, 10, 11, 12, 13, 17, 18, 20, 21, 22, 23, 26, 28, 29] [1, 14, 15, 16, 19, 24, 25, 27]
