israel_people rows in the one database: 392 | all distinct rows: 1731 | chapters 22-25 present: 79 ['adulterers_death_commanded', 'amalek_forgetting_barred', 'amalek_memory_blotting_commanded', 'amalek_remembrance_commanded', 'ammon_moab_barred_forever', 'ammon_moab_peace_barred'] ...
==== A. THE RUNNERS' HOLE SCANS (ledger_scan on israel_people by a WORDS pattern) ====
 TRIPS  blessing_and_curse RAIN_WORDS     hits 5, excluded 0, survivors ['blessing_and_curse_set', 'gerizim_ebal_ceremony_owed', 'heavens_shut_for_turning', 'rain_in_its_season', 'yoke_of_the_commandments_accepted']
 TRIPS  courts_prophet     HOLE_WORDS     hits 37, excluded 0, survivors ['abominations_learning_barred', 'augur_barred', 'blemished_offering_barred', 'charmer_barred', 'diviner_barred', 'equal_portions_commanded', 'false_prophet_fear_barred', 'false_word_test_declared', 'familiar_spirit_barred', 'first_fleece_owed', 'foreign_king_barred', 'ghost_consulting_barred', 'heart_lifting_barred', 'high_court_at_the_place_commanded', 'horses_multiplying_barred', 'idolater_inquiry_required', 'king_from_the_brothers_commanded', 'law_copy_commanded', 'levite_service_at_the_place_permitted', 'necromancer_barred', 'one_witness_barred', 'passing_through_fire_barred', 'priests_standing_chosen', 'prophet_hearkening_commanded', 'prophet_like_moses_promised', 'return_to_egypt_barred', 'sentence_binding_commanded', 'shoulder_cheeks_maw_owed', 'silver_and_gold_multiplying_barred', 'soothsayer_barred', 'sorcerer_barred', 'turning_from_the_word_barred', 'two_witnesses_required', 'wholeness_commanded', 'witnesses_hand_first_commanded', 'wives_multiplying_barred', 'word_required_of_the_hearer']
 TRIPS  festivals_judges   HOLE_WORDS     hits 15, excluded 0, survivors ['asherah_beside_the_altar_barred', 'booths_at_the_place_commanded', 'empty_appearance_barred', 'flesh_till_morning_barred', 'judges_and_officers_commanded', 'judgment_wresting_barred', 'justice_pursuit_commanded', 'leaven_with_the_passover_barred', 'passover_at_the_place_commanded', 'passover_in_the_gates_barred', 'person_respecting_barred', 'pillar_barred', 'seventh_day_assembly_commanded', 'three_pilgrimages_commanded', 'weeks_at_the_place_commanded']
 TRIPS  food_tithe         FOOD_WORDS     hits 5, excluded 0, survivors ['abomination_eating_barred', 'carcass_eating_barred', 'cuttings_for_the_dead_barred', 'poor_tithe_owed', 'second_tithe_owed']
 TRIPS  not_righteousness  STIFF_WORDS    hits 3, excluded 0, survivors ['elders_hands_washed_commanded', 'heifer_neck_broken_commanded', 'stiffening_barred']
 TRIPS  persons_poor_court HOLE_WORDS     hits 79, excluded 0, survivors ['adulterers_death_commanded', 'amalek_forgetting_barred', 'amalek_memory_blotting_commanded', 'amalek_remembrance_commanded', 'ammon_moab_barred_forever', 'ammon_moab_peace_barred', 'betrothed_girl_city_field_declared', 'bill_of_divorce_commanded', 'brother_degradation_barred', 'camp_evil_thing_guarded', 'camp_holiness_required', 'camp_latrine_commanded', 'court_justification_commanded', 'cross_dressing_barred', 'crushed_barred_from_assembly', 'cult_prostitution_barred', 'diverse_measures_barred', 'diverse_weights_barred', 'divorced_wife_remarriage_permitted', 'edom_egypt_third_generation_admitted', 'escaped_slave_return_barred', 'fallen_beast_raising_commanded', 'fathers_for_sons_death_barred', 'fathers_wife_barred', 'first_husband_retaking_barred', 'firstborn_on_dead_name_commanded', 'forbidden_union_offspring_barred', 'forgotten_sheaf_commanded', 'hand_cutting_pity_barred', 'harlots_hire_dogs_price_barred', 'hiding_from_lost_thing_barred', 'hireling_oppression_barred', 'hireling_wage_same_day_commanded', 'house_bloodguilt_barred', 'house_of_unshod_named', 'interest_to_brother_barred', 'interest_to_foreigner_permitted', 'kidnapper_death_commanded', 'laborer_eating_permitted', 'laborer_vessel_barred', 'land_caused_to_sin_barred', 'lashes_by_number_commanded', 'lashes_forty_cap_declared', 'leprosy_priests_teaching_commanded', 'levirate_marriage_commanded', 'lips_utterance_binding', 'lost_thing_return_commanded', 'millstone_pledge_barred', 'miriam_remembrance_commanded', 'mother_bird_sending_commanded', 'newlywed_year_exemption_commanded', 'nocturnal_unclean_exit_commanded', 'olive_second_beating_barred', 'ox_ass_plowing_barred', 'ox_muzzling_barred', 'parapet_commanded', 'pledge_entry_barred', 'poor_mans_pledge_return_commanded', 'rapist_divorce_barred', 'rapist_fifty_commanded', 'refusal_at_gate_declared', 'righteousness_before_the_lord', 'shoe_loosening_rite_declared', 'sickle_swinging_barred', 'slander_fine_commanded', 'slanderer_divorce_barred', 'slave_oppression_barred', 'stranger_orphan_justice_commanded', 'tassels_commanded', 'unchaste_bride_stoning_commanded', 'vineyard_gleaning_barred', 'vineyard_mixed_seed_barred', 'vow_delay_barred', 'vow_refraining_permitted', 'whole_just_weight_commanded', 'widow_outsider_marriage_barred', 'widows_garment_pledge_barred', 'wife_seizing_hand_cut_commanded', 'wool_linen_barred']
 TRIPS  place_name         PLACE_WORDS    hits 10, excluded 0, survivors ['foreign_rite_inquiry_barred', 'high_court_at_the_place_commanded', 'holy_things_in_the_gates_barred', 'levite_forsaking_barred', 'name_erasure_barred', 'passover_at_the_place_commanded', 'place_chosen_required', 'profane_slaughter_permitted', 'rejoicing_before_the_lord_commanded', 'weeks_at_the_place_commanded']
 TRIPS  refuge_war_family  HOLE_WORDS     hits 45, excluded 0, survivors ['abominations_teaching_barred', 'captains_appointed_commanded', 'captive_mourning_month_commanded', 'captive_release_commanded', 'captive_sale_barred', 'captive_wife_permitted', 'corpse_overnight_barred', 'elders_declaration_commanded', 'elders_hands_washed_commanded', 'far_cities_scope_declared', 'fearful_exemption_commanded', 'firstborn_double_portion_commanded', 'firstborn_right_transfer_barred', 'fruit_tree_cutting_barred', 'hanging_after_death_commanded', 'heifer_neck_broken_commanded', 'innocent_blood_atoned', 'innocent_blood_purge_commanded', 'land_defilement_barred', 'land_divided_in_three_commanded', 'landmark_removal_barred', 'manslayer_flight_permitted', 'murderer_extradition_commanded', 'murderer_pity_barred', 'nothing_alive_left_commanded', 'officers_exemptions_commanded', 'peace_call_commanded', 'plotting_witness_talion_commanded', 'priest_war_speech_commanded', 'priests_approach_commanded', 'rebellious_son_seized_commanded', 'rebellious_son_stoning_commanded', 'same_day_burial_commanded', 'siege_males_smitten_commanded', 'siege_works_permitted', 'slain_found_measuring_commanded', 'spoil_permitted', 'talion_pity_barred', 'three_cities_separated_commanded', 'three_more_cities_conditioned', 'tribute_service_commanded', 'two_or_three_witnesses_required', 'war_fear_barred', 'way_prepared_commanded', 'witnesses_inquiry_commanded']
 TRIPS  release_firstborn  HOLE_WORDS     hits 10, excluded 0, survivors ['base_thought_barred', 'debt_release_owed', 'empty_sending_barred', 'exaction_barred', 'firstling_sanctification_commanded', 'firstling_work_and_shearing_barred', 'furnishing_commanded', 'hand_opening_commanded', 'hand_shutting_barred', 'work_of_the_hand_blessed']
 TRIPS  second_tablets     LAW_WORDS      hits 9, excluded 0, survivors ['bribe_barred', 'cleaving_commanded', 'devoted_thing_cleaving_barred', 'elders_hands_washed_commanded', 'fear_of_heaven_asked', 'heart_circumcision_commanded', 'heifer_neck_broken_commanded', 'love_owed', 'stiffening_barred']
 TRIPS  seducers           SEDUCER_WORDS  hits 5, excluded 0, survivors ['condemned_city_inquiry_required', 'devoted_thing_cleaving_barred', 'false_prophet_fear_barred', 'false_prophet_hearing_barred', 'tested_by_the_lord']
==== B. THE PROBES' AND THE TAPE'S SUBSTRING SCANS (every quoted pattern handed to a ledger/effect scan in readback_probes.py, census_probes.py, register_census.py and cold_run_sequence.py; the values of the new rows searched for each) ====
 TRIPS? readback_probes.py     line 223   entity None           pattern 'commanded'                              -> new rows matched ['adulterers_death_commanded', 'amalek_memory_blotting_commanded', 'amalek_remembrance_commanded', 'bill_of_divorce_commanded', 'camp_latrine_commanded', 'court_justification_commanded']
 TRIPS? readback_probes.py     line 224   entity None           pattern 'pity_barred'                            -> new rows matched ['hand_cutting_pity_barred']
 TRIPS? readback_probes.py     line 232   entity None           pattern 'commanded'                              -> new rows matched ['adulterers_death_commanded', 'amalek_memory_blotting_commanded', 'amalek_remembrance_commanded', 'bill_of_divorce_commanded', 'camp_latrine_commanded', 'court_justification_commanded']
 TRIPS? readback_probes.py     line 256   entity None           pattern 'forgetting_barred'                      -> new rows matched ['amalek_forgetting_barred']
 TRIPS? readback_probes.py     line 675   entity None           pattern 'interest_barred'                        -> new rows matched ['interest_to_brother_barred']
 TRIPS? readback_probes.py     line 675   entity None           pattern 'released'                               -> new rows matched ['house_of_unshod_named']
 TRIPS? readback_probes.py     line 675   entity None           pattern 'wage_due_by_morning'                    -> new rows matched ['hireling_oppression_barred']
 TRIPS? readback_probes.py     line 735   entity None           pattern 'stoned'                                 -> new rows matched ['betrothed_girl_city_field_declared']
 TRIPS? readback_probes.py     line 765   entity None           pattern 'pity_barred'                            -> new rows matched ['hand_cutting_pity_barred']
 TRIPS? readback_probes.py     line 765   entity None           pattern 'stoned'                                 -> new rows matched ['betrothed_girl_city_field_declared']
 TRIPS? readback_probes.py     line 425   entity name           pattern 'rain'                                   -> new rows matched ['vow_refraining_permitted']
 readback_probes.py: 158 scan seats read, 11 name a new row
 census_probes.py: 0 scan seats read, 0 name a new row
 register_census.py: 0 scan seats read, 0 name a new row
 TRIPS? cold_run_sequence.py   line 3038  entity None           pattern 'israel'                                 -> new rows matched ['camp_holiness_required', 'tassels_commanded']
 TRIPS? cold_run_sequence.py   line 3053  entity None           pattern 'israel'                                 -> new rows matched ['camp_holiness_required', 'tassels_commanded']
 TRIPS? cold_run_sequence.py   line 3063  entity None           pattern 'israel'                                 -> new rows matched ['camp_holiness_required', 'tassels_commanded']
 TRIPS? cold_run_sequence.py   line 3084  entity None           pattern 'israel'                                 -> new rows matched ['camp_holiness_required', 'tassels_commanded']
 TRIPS? cold_run_sequence.py   line 3085  entity None           pattern 'israel'                                 -> new rows matched ['camp_holiness_required', 'tassels_commanded']
 TRIPS? cold_run_sequence.py   line 3099  entity None           pattern 'israel'                                 -> new rows matched ['camp_holiness_required', 'tassels_commanded']
 TRIPS? cold_run_sequence.py   line 3101  entity None           pattern 'israel'                                 -> new rows matched ['camp_holiness_required', 'tassels_commanded']
 TRIPS? cold_run_sequence.py   line 3114  entity None           pattern 'israel'                                 -> new rows matched ['camp_holiness_required', 'tassels_commanded']
 TRIPS? cold_run_sequence.py   line 3134  entity None           pattern 'israel'                                 -> new rows matched ['camp_holiness_required', 'tassels_commanded']
 TRIPS? cold_run_sequence.py   line 3141  entity None           pattern 'israel'                                 -> new rows matched ['camp_holiness_required', 'tassels_commanded']
 TRIPS? cold_run_sequence.py   line 3164  entity None           pattern 'israel'                                 -> new rows matched ['camp_holiness_required', 'tassels_commanded']
 TRIPS? cold_run_sequence.py   line 3164  entity None           pattern 'israel'                                 -> new rows matched ['camp_holiness_required', 'tassels_commanded']
 TRIPS? cold_run_sequence.py   line 3164  entity None           pattern 'israel'                                 -> new rows matched ['camp_holiness_required', 'tassels_commanded']
 TRIPS? cold_run_sequence.py   line 3164  entity None           pattern 'israel'                                 -> new rows matched ['camp_holiness_required', 'tassels_commanded']
 TRIPS? cold_run_sequence.py   line 3164  entity None           pattern 'israel'                                 -> new rows matched ['camp_holiness_required', 'tassels_commanded']
 TRIPS? cold_run_sequence.py   line 3164  entity None           pattern 'israel'                                 -> new rows matched ['camp_holiness_required', 'tassels_commanded']
 TRIPS? cold_run_sequence.py   line 3167  entity None           pattern 'edom'                                   -> new rows matched ['edom_egypt_third_generation_admitted']
 TRIPS? cold_run_sequence.py   line 3175  entity None           pattern 'israel'                                 -> new rows matched ['camp_holiness_required', 'tassels_commanded']
 TRIPS? cold_run_sequence.py   line 3175  entity None           pattern 'israel'                                 -> new rows matched ['camp_holiness_required', 'tassels_commanded']
 TRIPS? cold_run_sequence.py   line 3187  entity None           pattern 'israel'                                 -> new rows matched ['camp_holiness_required', 'tassels_commanded']
 TRIPS? cold_run_sequence.py   line 3194  entity None           pattern 'israel'                                 -> new rows matched ['camp_holiness_required', 'tassels_commanded']
 TRIPS? cold_run_sequence.py   line 3196  entity None           pattern 'israel'                                 -> new rows matched ['camp_holiness_required', 'tassels_commanded']
 TRIPS? cold_run_sequence.py   line 3196  entity None           pattern 'israel'                                 -> new rows matched ['camp_holiness_required', 'tassels_commanded']
 TRIPS? cold_run_sequence.py   line 3196  entity None           pattern 'israel'                                 -> new rows matched ['camp_holiness_required', 'tassels_commanded']
 TRIPS? cold_run_sequence.py   line 3196  entity None           pattern 'israel'                                 -> new rows matched ['camp_holiness_required', 'tassels_commanded']
 TRIPS? cold_run_sequence.py   line 3198  entity None           pattern 'israel'                                 -> new rows matched ['camp_holiness_required', 'tassels_commanded']
 TRIPS? cold_run_sequence.py   line 3198  entity None           pattern 'israel'                                 -> new rows matched ['camp_holiness_required', 'tassels_commanded']
 TRIPS? cold_run_sequence.py   line 3200  entity None           pattern 'israel'                                 -> new rows matched ['camp_holiness_required', 'tassels_commanded']
 TRIPS? cold_run_sequence.py   line 3200  entity None           pattern 'israel'                                 -> new rows matched ['camp_holiness_required', 'tassels_commanded']
 TRIPS? cold_run_sequence.py   line 3211  entity None           pattern 'israel'                                 -> new rows matched ['camp_holiness_required', 'tassels_commanded']
 TRIPS? cold_run_sequence.py   line 3211  entity None           pattern 'israel'                                 -> new rows matched ['camp_holiness_required', 'tassels_commanded']
 TRIPS? cold_run_sequence.py   line 3216  entity None           pattern 'israel'                                 -> new rows matched ['camp_holiness_required', 'tassels_commanded']
 TRIPS? cold_run_sequence.py   line 3216  entity None           pattern 'israel'                                 -> new rows matched ['camp_holiness_required', 'tassels_commanded']
 TRIPS? cold_run_sequence.py   line 3225  entity None           pattern 'israel'                                 -> new rows matched ['camp_holiness_required', 'tassels_commanded']
 TRIPS? cold_run_sequence.py   line 3233  entity None           pattern 'israel'                                 -> new rows matched ['camp_holiness_required', 'tassels_commanded']
 TRIPS? cold_run_sequence.py   line 3235  entity None           pattern 'israel'                                 -> new rows matched ['camp_holiness_required', 'tassels_commanded']
 TRIPS? cold_run_sequence.py   line 3241  entity None           pattern 'israel'                                 -> new rows matched ['camp_holiness_required', 'tassels_commanded']
 TRIPS? cold_run_sequence.py   line 3241  entity None           pattern 'israel'                                 -> new rows matched ['camp_holiness_required', 'tassels_commanded']
 TRIPS? cold_run_sequence.py   line 3257  entity None           pattern 'israel'                                 -> new rows matched ['camp_holiness_required', 'tassels_commanded']
 TRIPS? cold_run_sequence.py   line 3259  entity None           pattern 'israel'                                 -> new rows matched ['camp_holiness_required', 'tassels_commanded']
 TRIPS? cold_run_sequence.py   line 3259  entity None           pattern 'israel'                                 -> new rows matched ['camp_holiness_required', 'tassels_commanded']
 TRIPS? cold_run_sequence.py   line 3259  entity None           pattern 'israel'                                 -> new rows matched ['camp_holiness_required', 'tassels_commanded']
 TRIPS? cold_run_sequence.py   line 3265  entity None           pattern 'israel'                                 -> new rows matched ['camp_holiness_required', 'tassels_commanded']
 TRIPS? cold_run_sequence.py   line 3265  entity None           pattern 'israel'                                 -> new rows matched ['camp_holiness_required', 'tassels_commanded']
 TRIPS? cold_run_sequence.py   line 3265  entity None           pattern 'israel'                                 -> new rows matched ['camp_holiness_required', 'tassels_commanded']
 TRIPS? cold_run_sequence.py   line 3266  entity None           pattern 'israel'                                 -> new rows matched ['camp_holiness_required', 'tassels_commanded']
 TRIPS? cold_run_sequence.py   line 3269  entity None           pattern 'israel'                                 -> new rows matched ['camp_holiness_required', 'tassels_commanded']
 TRIPS? cold_run_sequence.py   line 3269  entity None           pattern 'israel'                                 -> new rows matched ['camp_holiness_required', 'tassels_commanded']
 TRIPS? cold_run_sequence.py   line 3271  entity None           pattern 'israel'                                 -> new rows matched ['camp_holiness_required', 'tassels_commanded']
 TRIPS? cold_run_sequence.py   line 3274  entity None           pattern 'amalek'                                 -> new rows matched ['amalek_forgetting_barred', 'amalek_memory_blotting_commanded', 'amalek_remembrance_commanded']
 TRIPS? cold_run_sequence.py   line 3281  entity None           pattern 'israel'                                 -> new rows matched ['camp_holiness_required', 'tassels_commanded']
 TRIPS? cold_run_sequence.py   line 3283  entity None           pattern 'israel'                                 -> new rows matched ['camp_holiness_required', 'tassels_commanded']
 TRIPS? cold_run_sequence.py   line 3290  entity None           pattern 'israel'                                 -> new rows matched ['camp_holiness_required', 'tassels_commanded']
 TRIPS? cold_run_sequence.py   line 3292  entity None           pattern 'israel'                                 -> new rows matched ['camp_holiness_required', 'tassels_commanded']
 TRIPS? cold_run_sequence.py   line 3294  entity None           pattern 'israel'                                 -> new rows matched ['camp_holiness_required', 'tassels_commanded']
 TRIPS? cold_run_sequence.py   line 3315  entity None           pattern 'israel'                                 -> new rows matched ['camp_holiness_required', 'tassels_commanded']
 TRIPS? cold_run_sequence.py   line 3329  entity None           pattern 'israel'                                 -> new rows matched ['camp_holiness_required', 'tassels_commanded']
 TRIPS? cold_run_sequence.py   line 3330  entity None           pattern 'israel'                                 -> new rows matched ['camp_holiness_required', 'tassels_commanded']
 TRIPS? cold_run_sequence.py   line 3345  entity None           pattern 'israel'                                 -> new rows matched ['camp_holiness_required', 'tassels_commanded']
 TRIPS? cold_run_sequence.py   line 3346  entity None           pattern 'israel'                                 -> new rows matched ['camp_holiness_required', 'tassels_commanded']
 TRIPS? cold_run_sequence.py   line 3356  entity None           pattern 'israel'                                 -> new rows matched ['camp_holiness_required', 'tassels_commanded']
 TRIPS? cold_run_sequence.py   line 3356  entity None           pattern 'israel'                                 -> new rows matched ['camp_holiness_required', 'tassels_commanded']
 TRIPS? cold_run_sequence.py   line 3356  entity None           pattern 'israel'                                 -> new rows matched ['camp_holiness_required', 'tassels_commanded']
 TRIPS? cold_run_sequence.py   line 3357  entity None           pattern 'israel'                                 -> new rows matched ['camp_holiness_required', 'tassels_commanded']
 TRIPS? cold_run_sequence.py   line 3363  entity None           pattern 'israel'                                 -> new rows matched ['camp_holiness_required', 'tassels_commanded']
 TRIPS? cold_run_sequence.py   line 3365  entity None           pattern 'israel'                                 -> new rows matched ['camp_holiness_required', 'tassels_commanded']
 TRIPS? cold_run_sequence.py   line 3365  entity None           pattern 'israel'                                 -> new rows matched ['camp_holiness_required', 'tassels_commanded']
 TRIPS? cold_run_sequence.py   line 3366  entity None           pattern 'israel'                                 -> new rows matched ['camp_holiness_required', 'tassels_commanded']
 TRIPS? cold_run_sequence.py   line 3381  entity None           pattern 'israel'                                 -> new rows matched ['camp_holiness_required', 'tassels_commanded']
 TRIPS? cold_run_sequence.py   line 3381  entity None           pattern 'israel'                                 -> new rows matched ['camp_holiness_required', 'tassels_commanded']
 TRIPS? cold_run_sequence.py   line 3381  entity None           pattern 'israel'                                 -> new rows matched ['camp_holiness_required', 'tassels_commanded']
 TRIPS? cold_run_sequence.py   line 3383  entity None           pattern 'israel'                                 -> new rows matched ['camp_holiness_required', 'tassels_commanded']
 TRIPS? cold_run_sequence.py   line 3389  entity None           pattern 'israel'                                 -> new rows matched ['camp_holiness_required', 'tassels_commanded']
 TRIPS? cold_run_sequence.py   line 3394  entity None           pattern 'israel'                                 -> new rows matched ['camp_holiness_required', 'tassels_commanded']
 TRIPS? cold_run_sequence.py   line 3394  entity None           pattern 'israel'                                 -> new rows matched ['camp_holiness_required', 'tassels_commanded']
 TRIPS? cold_run_sequence.py   line 3407  entity None           pattern 'israel'                                 -> new rows matched ['camp_holiness_required', 'tassels_commanded']
 TRIPS? cold_run_sequence.py   line 3407  entity None           pattern 'israel'                                 -> new rows matched ['camp_holiness_required', 'tassels_commanded']
 TRIPS? cold_run_sequence.py   line 3407  entity None           pattern 'israel'                                 -> new rows matched ['camp_holiness_required', 'tassels_commanded']
 TRIPS? cold_run_sequence.py   line 3408  entity None           pattern 'israel'                                 -> new rows matched ['camp_holiness_required', 'tassels_commanded']
 TRIPS? cold_run_sequence.py   line 3408  entity None           pattern 'israel'                                 -> new rows matched ['camp_holiness_required', 'tassels_commanded']
 TRIPS? cold_run_sequence.py   line 3409  entity None           pattern 'israel'                                 -> new rows matched ['camp_holiness_required', 'tassels_commanded']
 TRIPS? cold_run_sequence.py   line 3415  entity None           pattern 'israel'                                 -> new rows matched ['camp_holiness_required', 'tassels_commanded']
 TRIPS? cold_run_sequence.py   line 3416  entity None           pattern 'israel'                                 -> new rows matched ['camp_holiness_required', 'tassels_commanded']
 TRIPS? cold_run_sequence.py   line 3418  entity None           pattern 'israel'                                 -> new rows matched ['camp_holiness_required', 'tassels_commanded']
 TRIPS? cold_run_sequence.py   line 3418  entity None           pattern 'israel'                                 -> new rows matched ['camp_holiness_required', 'tassels_commanded']
 TRIPS? cold_run_sequence.py   line 3418  entity None           pattern 'israel'                                 -> new rows matched ['camp_holiness_required', 'tassels_commanded']
 TRIPS? cold_run_sequence.py   line 3420  entity None           pattern 'israel'                                 -> new rows matched ['camp_holiness_required', 'tassels_commanded']
 TRIPS? cold_run_sequence.py   line 3420  entity None           pattern 'israel'                                 -> new rows matched ['camp_holiness_required', 'tassels_commanded']
 TRIPS? cold_run_sequence.py   line 3433  entity None           pattern 'israel'                                 -> new rows matched ['camp_holiness_required', 'tassels_commanded']
 TRIPS? cold_run_sequence.py   line 3433  entity None           pattern 'israel'                                 -> new rows matched ['camp_holiness_required', 'tassels_commanded']
 TRIPS? cold_run_sequence.py   line 3433  entity None           pattern 'israel'                                 -> new rows matched ['camp_holiness_required', 'tassels_commanded']
 TRIPS? cold_run_sequence.py   line 3434  entity None           pattern 'israel'                                 -> new rows matched ['camp_holiness_required', 'tassels_commanded']
 TRIPS? cold_run_sequence.py   line 3434  entity None           pattern 'israel'                                 -> new rows matched ['camp_holiness_required', 'tassels_commanded']
 TRIPS? cold_run_sequence.py   line 3435  entity None           pattern 'israel'                                 -> new rows matched ['camp_holiness_required', 'tassels_commanded']
 TRIPS? cold_run_sequence.py   line 3441  entity None           pattern 'israel'                                 -> new rows matched ['camp_holiness_required', 'tassels_commanded']
 TRIPS? cold_run_sequence.py   line 3442  entity None           pattern 'israel'                                 -> new rows matched ['camp_holiness_required', 'tassels_commanded']
 TRIPS? cold_run_sequence.py   line 3445  entity None           pattern 'israel'                                 -> new rows matched ['camp_holiness_required', 'tassels_commanded']
 TRIPS? cold_run_sequence.py   line 3446  entity None           pattern 'israel'                                 -> new rows matched ['camp_holiness_required', 'tassels_commanded']
 TRIPS? cold_run_sequence.py   line 3446  entity None           pattern 'israel'                                 -> new rows matched ['camp_holiness_required', 'tassels_commanded']
 TRIPS? cold_run_sequence.py   line 3446  entity None           pattern 'israel'                                 -> new rows matched ['camp_holiness_required', 'tassels_commanded']
 TRIPS? cold_run_sequence.py   line 3461  entity None           pattern 'israel'                                 -> new rows matched ['camp_holiness_required', 'tassels_commanded']
 TRIPS? cold_run_sequence.py   line 3461  entity None           pattern 'israel'                                 -> new rows matched ['camp_holiness_required', 'tassels_commanded']
 TRIPS? cold_run_sequence.py   line 3461  entity None           pattern 'israel'                                 -> new rows matched ['camp_holiness_required', 'tassels_commanded']
 TRIPS? cold_run_sequence.py   line 3462  entity None           pattern 'israel'                                 -> new rows matched ['camp_holiness_required', 'tassels_commanded']
 TRIPS? cold_run_sequence.py   line 3462  entity None           pattern 'israel'                                 -> new rows matched ['camp_holiness_required', 'tassels_commanded']
 TRIPS? cold_run_sequence.py   line 3463  entity None           pattern 'israel'                                 -> new rows matched ['camp_holiness_required', 'tassels_commanded']
 TRIPS? cold_run_sequence.py   line 3463  entity None           pattern 'israel'                                 -> new rows matched ['camp_holiness_required', 'tassels_commanded']
 TRIPS? cold_run_sequence.py   line 3464  entity None           pattern 'israel'                                 -> new rows matched ['camp_holiness_required', 'tassels_commanded']
 TRIPS? cold_run_sequence.py   line 3470  entity None           pattern 'israel'                                 -> new rows matched ['camp_holiness_required', 'tassels_commanded']
 TRIPS? cold_run_sequence.py   line 3471  entity None           pattern 'israel'                                 -> new rows matched ['camp_holiness_required', 'tassels_commanded']
 TRIPS? cold_run_sequence.py   line 3473  entity None           pattern 'israel'                                 -> new rows matched ['camp_holiness_required', 'tassels_commanded']
 TRIPS? cold_run_sequence.py   line 3474  entity None           pattern 'israel'                                 -> new rows matched ['camp_holiness_required', 'tassels_commanded']
 TRIPS? cold_run_sequence.py   line 3489  entity None           pattern 'israel'                                 -> new rows matched ['camp_holiness_required', 'tassels_commanded']
 TRIPS? cold_run_sequence.py   line 3489  entity None           pattern 'israel'                                 -> new rows matched ['camp_holiness_required', 'tassels_commanded']
 TRIPS? cold_run_sequence.py   line 3489  entity None           pattern 'israel'                                 -> new rows matched ['camp_holiness_required', 'tassels_commanded']
 TRIPS? cold_run_sequence.py   line 3490  entity None           pattern 'israel'                                 -> new rows matched ['camp_holiness_required', 'tassels_commanded']
 TRIPS? cold_run_sequence.py   line 3490  entity None           pattern 'israel'                                 -> new rows matched ['camp_holiness_required', 'tassels_commanded']
 TRIPS? cold_run_sequence.py   line 3491  entity None           pattern 'israel'                                 -> new rows matched ['camp_holiness_required', 'tassels_commanded']
 TRIPS? cold_run_sequence.py   line 3498  entity None           pattern 'israel'                                 -> new rows matched ['camp_holiness_required', 'tassels_commanded']
 TRIPS? cold_run_sequence.py   line 3499  entity None           pattern 'israel'                                 -> new rows matched ['camp_holiness_required', 'tassels_commanded']
 TRIPS? cold_run_sequence.py   line 3508  entity None           pattern 'israel'                                 -> new rows matched ['camp_holiness_required', 'tassels_commanded']
 TRIPS? cold_run_sequence.py   line 3508  entity None           pattern 'israel'                                 -> new rows matched ['camp_holiness_required', 'tassels_commanded']
 TRIPS? cold_run_sequence.py   line 3508  entity None           pattern 'israel'                                 -> new rows matched ['camp_holiness_required', 'tassels_commanded']
 TRIPS? cold_run_sequence.py   line 3509  entity None           pattern 'israel'                                 -> new rows matched ['camp_holiness_required', 'tassels_commanded']
 TRIPS? cold_run_sequence.py   line 3509  entity None           pattern 'israel'                                 -> new rows matched ['camp_holiness_required', 'tassels_commanded']
 TRIPS? cold_run_sequence.py   line 3516  entity None           pattern 'israel'                                 -> new rows matched ['camp_holiness_required', 'tassels_commanded']
 TRIPS? cold_run_sequence.py   line 3517  entity None           pattern 'israel'                                 -> new rows matched ['camp_holiness_required', 'tassels_commanded']
 TRIPS? cold_run_sequence.py   line 3526  entity None           pattern 'israel'                                 -> new rows matched ['camp_holiness_required', 'tassels_commanded']
 TRIPS? cold_run_sequence.py   line 3526  entity None           pattern 'israel'                                 -> new rows matched ['camp_holiness_required', 'tassels_commanded']
 TRIPS? cold_run_sequence.py   line 3526  entity None           pattern 'israel'                                 -> new rows matched ['camp_holiness_required', 'tassels_commanded']
 TRIPS? cold_run_sequence.py   line 3527  entity None           pattern 'israel'                                 -> new rows matched ['camp_holiness_required', 'tassels_commanded']
 TRIPS? cold_run_sequence.py   line 3527  entity None           pattern 'israel'                                 -> new rows matched ['camp_holiness_required', 'tassels_commanded']
 TRIPS? cold_run_sequence.py   line 3534  entity None           pattern 'israel'                                 -> new rows matched ['camp_holiness_required', 'tassels_commanded']
 TRIPS? cold_run_sequence.py   line 3544  entity None           pattern 'israel'                                 -> new rows matched ['camp_holiness_required', 'tassels_commanded']
 TRIPS? cold_run_sequence.py   line 3544  entity None           pattern 'israel'                                 -> new rows matched ['camp_holiness_required', 'tassels_commanded']
 TRIPS? cold_run_sequence.py   line 3544  entity None           pattern 'israel'                                 -> new rows matched ['camp_holiness_required', 'tassels_commanded']
 TRIPS? cold_run_sequence.py   line 3545  entity None           pattern 'israel'                                 -> new rows matched ['camp_holiness_required', 'tassels_commanded']
 TRIPS? cold_run_sequence.py   line 3545  entity None           pattern 'israel'                                 -> new rows matched ['camp_holiness_required', 'tassels_commanded']
 TRIPS? cold_run_sequence.py   line 3552  entity None           pattern 'israel'                                 -> new rows matched ['camp_holiness_required', 'tassels_commanded']
 cold_run_sequence.py: 257 scan seats read, 139 name a new row
 checkpoint_check.py: 0 scan seats read, 0 name a new row
==== B2. THE TAPE'S NAMED-PATTERN SCANS (re.search(cold_run_X.NAME_WORDS, …) in cold_run_sequence.py — the pattern read from the runner's own source; a THIRD form the census had not covered: THE DEUTERONOMY WALK 16b, read at the tape's first run 9/10 — CU7 and DA6) ====
 TRIPS  cold_run_sequence.py line 3294  good_land              STATE_WORDS    pattern '\\b(garment|garments|clothing|clothes|cloth|shoe|sh' -> new rows matched ['cross_dressing_barred', 'house_of_unshod_named', 'levirate_marriage_commanded', 'shoe_loosening_rite_declared', 'tassels_commanded', 'widow_outsider_marriage_barred', 'widows_garment_pledge_barred']
 ok     cold_run_sequence.py line 3315  not_righteousness      STIFF_WORDS    pattern '\\b(stiff|stiff-necked|neck|nape)\\b'             -> new rows matched []
 named-pattern seats read 2, 1 name a new row
==== C. THE NEW ROWS' VALUES NAMING OTHER CHAPTERS' EFFECT NAMES (a value that spells an earlier effect's name trips that effect's substring scans) ====
  amalek_forgetting_barred -> ['forgetting_barred']
  amalek_memory_blotting_commanded -> ['amalek_to_be_blotted']
  hand_cutting_pity_barred -> ['pity_barred', 'talion_pity_barred']
  hireling_wage_same_day_commanded -> ['bears_sin', 'cry_heard']
  leprosy_priests_teaching_commanded -> ['commanded']
  stranger_orphan_justice_commanded -> ['judgment_wresting_barred']
  vow_delay_barred -> ['bears_sin']
SCAN CENSUS DONE — runner scans tripping: 11
