loaded ordinances
loaded mishpatim
loaded mishpatim_2
loaded mishpatim_3
loaded holiness
loaded holiness_b
loaded sanctions
loaded priesthood
loaded yovel
loaded vows
loaded naso
loaded negaim
loaded metzora
loaded beha
loaded balak
loaded exodus_story
loaded family
loaded zelophehad
loaded mekoshesh
loaded hear_o_israel
loaded seducers
loaded refuge_war_family
loaded courts_prophet
loaded festivals_judges
loaded second_tablets
loaded release_firstborn
loaded covenant_at_horeb
loaded seven_nations
loaded place_name
loaded primeval
loaded mamre
loaded joseph
loaded lev24
loaded chukat
loaded good_land
loaded obey_horeb
loaded musafim
loaded incense_shekel
CELL ordinances.courts: asks 0 [] | keys 0 []
CELL ordinances.loan: asks 0 [] | keys 0 []
CELL ordinances.stranger: asks 0 [] | keys 0 []
CELL ordinances.gifts: asks 0 [] | keys 0 []
CELL ordinances.capital: asks 0 [] | keys 0 []
DATA KEYS ordinances ~ ox|ass|burden|enemy|pledge|garment|sunset|interest|widow|orphan|stranger|bribe|lend: []
DATA KEYS mishpatim ~ kidnap|steal|soul|wrestl|strive|hurt|talion|eye|tooth: []
DATA KEYS mishpatim_2 ~ seduc|virgin|betroth|dowry|fifty|wife|refuse|father: []
DATA KEYS mishpatim_3 ~ kidnap|steal|soul|maid|servant: []
DEFS mishpatim ['db', 'grade', 'has_lemma', 'law_mishpatim', 'lev24_talion', 'scene', 'strip', 'words']
DEFS mishpatim_2 ['db', 'grade', 'has', 'law_mishpatim_2', 'scene']
DEFS mishpatim_3 ['burglar', 'cell', 'check_honest_pairing', 'db', 'killer', 'law_mishpatim_3', 'maidservant', 'mishnah', 'parent_curser', 'parent_striker', 'scene', 'slave_struck', 'strip', 'toks']
CELL holiness.gifts: asks 0 [] | keys 0 []
CELL holiness.wage: asks 0 [] | keys 0 []
CELL holiness.conduct: asks 0 [] | keys 0 []
DATA KEYS holiness ~ glean|corner|forgot|sheaf|wage|hire|morning|justice|weight|measure|balance|ephah: []
CELL holiness_b.mixtures: asks 0 [] | keys 0 []
CELL holiness_b.maidservant: asks 0 [] | keys 0 []
CELL holiness_b.convert_measures: asks 0 [] | keys 0 []
DATA KEYS holiness_b ~ mix|kilay|wool|linen|seed|plow|weight|measure|convert|stranger|harlot|daughter: []
CELL yovel.interest: asks 0 [] | keys 0 []
CELL yovel.interest_scope: asks 0 [] | keys 0 []
CELL yovel.support_duty: asks 0 [] | keys 0 []
CELL yovel.sale_manner: asks 0 [] | keys 0 []
DATA KEYS yovel ~ interest|bite|increase|foreign|brother|slave|rigor: []
CELL sanctions.grade: asks 0 [] | keys 0 []
CELL sanctions.levirate: asks 0 [] | keys 0 []
CELL sanctions.cowives: asks 0 [] | keys 0 []
CELL sanctions.unions_misc: asks 0 [] | keys 0 []
CELL sanctions.curser: asks 0 [] | keys 0 []
CELL sanctions.frame: asks 0 [] | keys 0 []
CELL sanctions.blood: asks 0 [] | keys 0 []
CELL sanctions.census: asks 0 [] | keys 0 []
DATA KEYS sanctions ~ father|wife|adulter|lash|forty|stripe|levir|brother|union|mamzer|crush|assembly|kahal: []
CELL priesthood.family: asks 0 [] | keys 0 []
CELL priesthood.acceptable: asks 0 [] | keys 0 []
CELL priesthood.holy_food: asks 0 [] | keys 0 []
DATA KEYS priesthood ~ divorc|harlot|hire|dog|profan|crush|kahal|assembly: []
CELL family.levirate: asks 0 [] | keys 0 []
CELL family.commission: asks 0 [] | keys 0 []
CELL family.purchase: asks 0 [] | keys 0 []
CELL family.inheritance: asks 0 [] | keys 0 []
CELL family.testament: asks 0 [] | keys 0 []
DATA KEYS family ~ levir|yavam|onan|tamar|shoe|sandal|name|seed|widow|divorc|bill|get|betroth|seduc: []
CELL zelophehad.the_daughters: asks 19 ['plea', 'counsel', 'halt', 'uncertainty', 'levirate_dilemma', 'child_of_any_kind', 'three_portions', 'section_on_high', 'output_frames', 'tribes_plea', 'second_output', 'reach', 'lapse', 'execution', 'the_run', 'names_order', 'identity', 'name_is_inheritance', 'the_case'] | keys 0 []
FACT zelophehad.the_daughters(levirate_dilemma) = ('both horns from one clause: as offspring they inherit (27:8), and as offspring they exempt their mother (Deut 25:5) — no bond', ['holding_owed', 'exempt'])
FACT zelophehad.the_daughters(name_is_inheritance) = ('the plea\'s "name" is inheritance — the levirate\'s word (Deut 25:6) read from 48:6', ['—'])
FACT zelophehad.the_daughters(child_of_any_kind) = ('bound — no child, a brother in the world', ['levirate_owed'])
FACT zelophehad.the_daughters(reach) = ('this generation — the one that divided the land', ['marries_within_tribe'])
CELL primeval.hagar: asks 0 [] | keys 0 []
CELL primeval.separation: asks 0 [] | keys 0 []
DATA KEYS mamre ~ husband|baal|married|sarah|wife: []
DATA KEYS primeval ~ humbl|afflict|hagar: []
CELL joseph.dinah: asks 0 [] | keys 0 []
CELL joseph.potiphar: asks 0 [] | keys 0 []
DATA KEYS joseph ~ folly|nevalah|dinah|shechem|seduc|garment|potiphar: []
CELL mishpatim_2.grade: asks 0 [] | keys 0 []
CELL balak.the_call: asks 0 [] | keys 0 []
CELL balak.the_stands: asks 0 [] | keys 0 []
DATA KEYS balak ~ hire|curse|bless|moab|ammon|bread|water|way|love: ['curse_roots', 'curses_turned']
CELL naso.camp_purity: asks 12 ['classes', 'ladder', 'three_camps', 'who_is_sent', 'entered_impure', 'leper_entered', 'impure_pesach', 'tevul_yom_pesach', 'tent_rolled_up', 'warning', 'day', 'run_doubled'] | keys 0 []
FACT naso.camp_purity(classes) = ('the leper, the zav, the corpse-unclean — three classes', ['sent_outside_the_camp'])
FAIL naso.camp_purity(ladder): KeyError: 'who'
FACT naso.camp_purity(three_camps) = ('israel: the walls to the mount; levites: the mount to nicanor; presence: the courtyard', ['arrayed_by_banners'])
FAIL naso.camp_purity(who_is_sent): KeyError: 'what'
FACT naso.camp_purity(entered_impure) = ('lashes (5:3 the prohibition, 19:13 the punishment)', ['lashes'])
FACT naso.camp_purity(leper_entered) = ("a dispute: exempt (Rav Chisda) / liable (R. Yehuda's tanna)", ['lashes'])
FACT naso.camp_purity(impure_pesach) = ('liable to karet (the corpse-unclean sent)', ['karet_cut_off'])
FACT naso.camp_purity(tevul_yom_pesach) = ("may enter — the Passover's karet overrides (Pesachim 92a)", ['exempt'])
FACT naso.camp_purity(tent_rolled_up) = ('the place unsacred — the Presence, not the ground (Taanit 21b)', ['exempt'])
FACT naso.camp_purity(warning) = ("the warning for 19:20's punishment (Sifrei 1:1)", ['sent_outside_the_camp'])
FACT naso.camp_purity(day) = ("the first of Nisan — R. Levi's eight sections (Gittin 60a:17): reading-placed", ['sent_outside_the_camp'])
FACT naso.camp_purity(run_doubled) = ('before the calf no zavim; after — the doubling (Sifrei 1:8)', ['sent_outside_the_camp'])
DATA KEYS naso ~ camp|unclean|leper|zav|corpse|sent: []
CELL negaim.law_negaim: asks 0 [] | keys 0 []
DATA KEYS negaim ~ priest|teach|declar|shut|quarant|leprous: []
DATA KEYS metzora ~ priest|cleans|shav|bird: []
CELL beha.miriam: asks 26 ['who_first', 'dibbur', 'cushite', 'separation', 'suddenly', 'summons', 'dreams', 'likeness', 'aaron_struck', 'as_snow', 'who_declared', 'kin_rule', 'short_prayer', 'dayo', 'admonition_days', 'quarantine', 'grade', 'as_one_dead', 'measure_for_measure', 'halt', 'leper_shaves_on_festival', 'humble', 'article_blocks_identity', 'foolish', 'remember_miriam', 'days'] | keys 0 []
FACT beha.miriam(remember_miriam) = ('the paradigm of evil speech (Deut 24:9)', ['evil_speech_spoken'])
FACT beha.miriam(kin_rule) = ("not his own, not his relatives' (R. Meir); only a priest declares", ['stricken_with_leprosy'])
FACT beha.miriam(quarantine) = ("shut out seven days — the leper's week (7)", ['confined_seven_days'])
FACT beha.miriam(days) = ('7 days', ['confined_seven_days'])
FACT beha.miriam(as_one_dead) = ('the leper among the four as dead', ['stricken_with_leprosy'])
FACT beha.miriam(measure_for_measure) = ("an hour at the Nile, seven days' halt — measure for measure", ['journey_halted'])
CELL courts_prophet.the_blemished_sacrifice: asks 6 ['the_south_and_the_blemish', 'the_three_true_prohibitions', 'born_blemished_and_any_evil_thing', 'outside_its_time_and_place', 'the_mounter_and_the_harlots_hire', 'the_sacrifice_not_the_sacrificer'] | keys 0 []
FACT courts_prophet.the_blemished_sacrifice(the_mounter_and_the_harlots_hire) = ("the mounter and the harlot's hire (17:1) — nine disqualified by 'abomination' (the Sifrei 147:6; 14:3 and 23:19 the shared word — 99:2, 261:2), the offspring not (R. Judah): the one who offers the dog's price barred from it", ['barred_from_it'])
FACT courts_prophet.the_blemished_sacrifice(the_sacrifice_not_the_sacrificer) = ("the sacrifice, not the sacrificer (17:1) — 'it' limits the abomination to the animal (the Sifrei 147:7): the transgressor who brings a whole beast accepted under this verse", ['accepted'])
CELL courts_prophet.the_diviners: asks 8 ['learn_to_understand_not_to_do', 'the_court_warned_and_fire_with_molech', 'the_diviner_and_the_augur', 'the_aramean_woman', 'the_soothsayer_three_ways', 'the_sorcerers_deed', 'the_charmer_the_ghost_the_spirit_the_dead', 'one_of_them_and_whole'] | keys 0 []
FACT courts_prophet.the_diviners(learn_to_understand_not_to_do) = ("learn to understand, not to do (18:9) — the entry formula, the learning barred only 'to do' (the Sifrei 170:1-3; place_name's inquiry foreign_rite_inquiry_barred and seven_nations' abomination by CALL): THE WRITE abominations_learning_barred, a BLOCK on Israel at the chapters' own day; the sage who studies the sorcerers' ways to judge them accepted", ['abominations_learning_barred'])
CELL seven_nations.the_images_and_the_devoted: asks 12 ['burn_the_images', 'the_gentile_revokes', 'the_jew_bent_it', 'not_covet_silver_gold', 'the_money_at_the_head', 'lest_snared', 'abomination_to_the_lord', 'into_your_house', 'devoted_like_it', 'utterly_detest', 'the_readback_table', 'the_write'] | keys 0 []
FACT seven_nations.the_images_and_the_devoted(abomination_to_the_lord) = ("an abomination to the LORD (7:25) — the book's phrase at its first seat; the idol an abomination from its making (Avodah Zarah 52a): a DATA row", ['accepted'])
FACT seven_nations.the_images_and_the_devoted(into_your_house) = ("the abomination into the house (7:26) — the code's hole compiled: the renter for a residence barred, the wall withdrawn, a house bowed to forbidden (Mishnah 1:9, 3:6; Avodah Zarah 47b): house_abomination_barred on Israel", ['accepted'])
FACT seven_nations.the_images_and_the_devoted(devoted_like_it) = ("devoted like it (7:26) — whatever you generate from the idol is like it: the exchange forbidden, the exchange's exchange disputed (Avodah Zarah 54b; Kiddushin 58a): the idol's exchanger holds nothing; the two lemmas a DATA row", ['accepted'])
CELL place_name.the_nations_cut_off_and_the_abomination: asks 6 ['when_the_lord_cuts_off_the_nations', 'lest_you_be_ensnared', 'lest_you_inquire_after_their_gods', 'you_shall_not_do_so_singular', 'their_sons_and_their_daughters', 'no_molech_named'] | keys 0 []
FACT place_name.the_nations_cut_off_and_the_abomination(lest_you_inquire_after_their_gods) = ("lest you inquire after their gods (12:30) — the inquiry itself barred, 'how did these nations serve?' (the Sifrei 81:2-4); 23:24's 'not after their deeds' (OR.land by CALL): THE WRITE foreign_rite_inquiry_barred — a BLOCK on Israel at the chapter's own day (THE LINE nations_cut_off_warned); the readback row SUPPLIED AS A LAW with its write", ['foreign_rite_inquiry_barred'])
FACT place_name.the_nations_cut_off_and_the_abomination(their_sons_and_their_daughters) = ("their sons and their daughters (12:31) — 'even' includes the parents (the Sifrei 81:6); the children in the fire the Molech's kin; the persecution's edges (Sanhedrin 74b:1-9 — the limb of a living animal among the seven): the one who burns his son accepted against", ['accepted'])
CELL vows.the_man: asks 27 ['frame', 'this_is_the_thing', 'heads_of_the_tribes', 'sage_release_flies', 'sage_release_form', 'sage_release_presence', 'sage_release_timing', 'openings', 'mistaken_vow', 'age', 'vow_vs_oath', 'vow_support', 'substitutes', 'not_non_sacred', 'on_a_limb', 'bind_the_permitted', 'not_profane', 'two_transgressions', 'delay_clocks', 'sin_in_you', 'vow_vs_gift', 'lips_or_heart', 'vower_a_sinner', 'on_his_soul', 'konam_measure', 'intimations', 'all_that_proceeds'] | keys 0 []
FACT vows.the_man(delay_clocks) = ('two dues — the positive at the first festival, the prohibition at the third; charity now', ['commanded'])
FACT vows.the_man(sin_in_you) = ("the delay's sin on the vower alone — the offering and the wife unmoved", ['accepted'])
FACT vows.the_man(lips_or_heart) = ("the lips required — the heart's vow the Sifrei's arm, recorded", ['accepted'])
FACT vows.the_man(vow_vs_gift) = ("the vow's debit persists past its object; the gift's dies with it", ['vow_bound'])
FACT vows.the_man(vower_a_sinner) = ("the vower called a sinner — the vow's standing on the shelf", ['accepted'])
FACT vows.the_man(frame) = ("a law relayed in Moses' voice — this is the thing which the LORD commanded, for all generations", ['commanded'])
FACT vows.the_man(this_is_the_thing) = ('two offices, two verbs — the husband annuls, the sage dissolves; the words crossed say nothing', ['accepted'])
CELL vows.hearing_due: asks 0 [] | keys 0 []
CELL vows.the_widow: asks 7 ['from_marriage', 'orphan_in_fathers_lifetime', 'remarried', 'vow_timing', 'once_out_one_hour', 'priests_daughter_pair', 'levirate'] | keys 0 []
FACT vows.the_widow(levirate) = ('awaiting the brother-in-law — her vow stands', ['vow_bound'])
CELL vows.the_betrothed: asks 16 ['joint_authority', 'be_she_shall_be', 'fathers_death', 'betrotheds_death', 'vows_carried', 'share_or_weaken', 'fathers_confirmation', 'dissolved_confirmation', 'utterance_is_oath', 'annul_in_advance', 'confirmation_and_annulment_reach', 'divorce_as', 'sustained_betrothed', 'levirate_widow', 'two_wives', 'same_day_hundred'] | keys 0 []
FACT vows.the_betrothed(levirate_widow) = ('the levirate widow — R. Akiva: no annulment', ['accepted'])
DATA KEYS musafim ~ vow|deadline|feast|three: ['vow_deadline']
CELL hear_o_israel.rb: asks 0 [] | keys 0 []
DATA KEYS hear_o_israel ~ tzitzit|fringe|tassel|corner|thread|blue: []
CELL mekoshesh.capital_procedure: asks 10 ['custody', 'warning', 'venue', 'confession', 'stripping', 'stoning', 'stones_and_a_stone', 'hanging', 'burial', 'mode'] | keys 0 []
FAIL mekoshesh.capital_procedure(stoning): KeyError: 'died_at'
FACT mekoshesh.capital_procedure(hanging) = ('not hanged (the sages: the blasphemer and the idolater alone)', ['—'])
FACT mekoshesh.capital_procedure(burial) = ("buried the same day in the court's graveyard for the stoned and the burned", ['buried'])
FACT mekoshesh.capital_procedure(mode) = ('stoning — the severest of the four (the sages; Rabbi Shimon: burning)', ['—'])
DATA KEYS mekoshesh ~ tzitzit|fringe|tassel|corner|thread|blue|garment|wing: []
DEFS mekoshesh ['capital_procedure', 'dat', 'db', 'ink', 'law_mekoshesh', 'move', 'narrative', 'out', 'scene', 'strip', 'the_gatherer', 'verse_text']
DEFS hear_o_israel ['Counter', 'DIFF', 'LEMT', 'LEMV', 'LEN', 'MARKS', 'NF', 'P', 'PT', 'SHARED', 'S_', 'U', 'W6', 'dat', 'db', 'hits', 'hyp', 'ink', 'ink_numbers', 'ink_ordinals', 'law_hear_o_israel', 'lemma_of', 'morphs', 'move', 'narrative', 'out', 'phrase', 'plain', 'pointed', 'rb', 'scene', 'the_creed', 'the_four_duties', 'the_gift_and_the_warning', 'the_header', 'the_sons_question', 'the_test_and_the_right', 'verse_text', 'verse_words', 'wm', 'words']
DEFS naso ['N', 'blessing', 'camp_purity', 'dat', 'db', 'dedication', 'ink', 'ink_numbers', 'ink_ordinals', 'law_naso', 'move', 'narrative', 'nazirite', 'out', 'prince_of', 'raw_words', 'restitution', 'scene', 'sotah', 'strip', 'verse_text', 'verse_words', 'voice', 'wagons', 'work_count']
DEFS negaim ['days', 'house_machine', 'law_negaim', 'scene', 'standing_verdict']
DEFS metzora ['birds', 'cell', 'check_honest_pairing', 'count', 'db', 'eighth', 'frame', 'law_metzora', 'phrase', 'poor', 'scene', 'shave', 'strip', 'toks', 'week']
DEFS exodus_story ['amalek', 'birth', 'bricks', 'build', 'bush', 'cell', 'check_honest_pairing', 'con', 'jethro', 'law_exodus_story', 'manna', 'marah', 'mishnah', 'night', 'oppression', 'plagues', 'scene', 'sea', 'signs', 'sinai', 'strip', 'toks', 'trials']
DEFS beha ['N', 'dat', 'db', 'ink', 'ink_numbers', 'ink_ordinals', 'lamps', 'law_beha', 'levites_rite', 'march', 'miriam', 'move', 'narrative', 'out', 'prince_of', 'raw_words', 'scene', 'seventy_elders', 'strip', 'taberah_and_quail', 'trumpets', 'verse_text', 'verse_words']
DEFS balak ['N', 'census', 'dat', 'db', 'ink', 'ink_numbers', 'ink_ordinals', 'law_balak', 'move', 'narrative', 'out', 'peor', 'phinehas_and_midian', 'scene', 'seats_of', 'strip', 'the_ass_and_the_angel', 'the_call', 'the_stands', 'verse_text', 'verse_words']
DEFS sanctions ['adultery', 'anytok', 'beast', 'blood', 'burned_nine', 'burning_scope', 'carcass', 'cell', 'census', 'check_honest_pairing', 'covering', 'cowives', 'curser', 'db', 'double_count', 'frame', 'from_paternal_brother', 'fx_of', 'grade', 'has', 'law_sanctions', 'levirate', 'load', 'locate20', 'mode', 'molech', 'mrow', 'names', 'nverses', 'outside', 'ov', 'phrase', 'platform', 'read_sanction', 'sanction', 'scene', 'seats', 'severity', 'strip', 'three_are_one', 'toks', 'unions_misc']
DEFS priesthood ['acceptable', 'anytok', 'blemish', 'cell', 'check_honest_pairing', 'db', 'family', 'has', 'holy_food', 'lamp_table', 'law_priesthood', 'load', 'mrow', 'phrase', 'scene', 'seats', 'strip', 'tanakh', 'toks']
DEFS family ['G', 'R_', 'T', 'V_', 'anytok', 'bagt', 'build', 'cell', 'check_honest_pairing', 'cnt', 'commission', 'db', 'delta', 'fmt', 'fmt2', 'gen', 'has', 'inheritance', 'jact', 'law_family', 'levirate', 'load', 'mrow', 'norm', 'phrase', 'purchase', 'scene', 'seats', 'sinew', 'strip', 'tanakh', 'tanakh_any', 'tanakh_phrase', 'testament', 'toks', 'torah']
DEFS holiness ['anytok', 'cell', 'check_honest_pairing', 'classify', 'conduct', 'db', 'deposit', 'deposit_case', 'frame', 'gifts', 'has', 'law_holiness', 'load', 'mrow', 'phrase', 'robbery', 'scene', 'seats', 'shelamim', 'strip', 'theft', 'toks', 'tzv', 'wage', 'warning']
DEFS holiness_b ['anytok', 'body', 'cell', 'check_honest_pairing', 'convert_measures', 'daughter_sanctuary', 'db', 'has', 'law_holiness_b', 'load', 'maidservant', 'mixtures', 'mrow', 'orlah', 'phrase', 'scene', 'seats', 'strip', 'tanakh', 'toks', 'tzv']
DEFS ordinances ['altar', 'anytok', 'capital', 'cell', 'check_honest_pairing', 'courts', 'db', 'firstling', 'gifts', 'has', 'land', 'law_ordinances', 'load', 'loan', 'mrow', 'scene', 'seats', 'stranger', 'strip', 'tanakh', 'tanakh_phrase', 'toks', 'torn']
DEFS yovel ['arrival_unredeemed', 'cell', 'check_honest_pairing', 'count', 'cycle', 'db', 'field_kind_by_father', 'field_sale', 'field_valuation', 'gentile_slave', 'going_out', 'hebrew_slave', 'house_sale', 'interest', 'interest_scope', 'jubilee', 'law_yovel', 'mishnah', 'overreaching', 'owner_price', 'rigor_visibility', 'sabbatical', 'sale_manner', 'scene', 'scene_counts_fork', 'strip', 'support_duty', 'tithe_naming', 'toks', 'valuation']
DEFS vows ['dat', 'db', 'hearing_due', 'hyp', 'ink', 'ink_numbers', 'ink_ordinals', 'law_vows', 'move', 'narrative', 'out', 'scene', 'seats', 'strip', 'the_affliction_oath', 'the_betrothed', 'the_daughter', 'the_man', 'the_statutes', 'the_widow', 'the_wife', 'verse_text', 'verse_words', 'words']
DEFS covenant_at_horeb ['Counter', 'DIFF', 'LEMT', 'LEMV', 'LEN', 'NF', 'P', 'PT', 'SHARED', 'S_', 'U', 'W5', 'dat', 'db', 'hits', 'hyp', 'ink', 'ink_numbers', 'ink_ordinals', 'law_covenant_at_horeb', 'lemma_of', 'letters', 'lr', 'morphs', 'move', 'narrative', 'out', 'phrase', 'plain', 'pointed', 'rb', 'scene', 'the_answer_and_the_charge', 'the_assembly_called', 'the_first_tablet', 'the_second_tablet', 'the_second_word', 'the_tenth_word', 'the_voice_and_the_request', 'verse_text', 'verse_words', 'wm', 'words']
DEFS obey_horeb ['DIFF', 'Fraction', 'LEMT', 'LEMV', 'LEN', 'NF', 'P', 'PT', 'SHARED', 'S_', 'U', 'W4', 'dat', 'db', 'hits', 'horeb_retold', 'hyp', 'ink', 'ink_numbers', 'ink_ordinals', 'law_obey_horeb', 'lemma_of', 'morphs', 'move', 'narrative', 'no_image', 'out', 'phrase', 'plain', 'pointed', 'rb', 'scene', 'the_cities_and_the_frame', 'the_exhortation', 'the_exile_case', 'the_one_god', 'verse_text', 'verse_words', 'wm', 'words']
DEFS second_tablets ['Counter', 'D10', 'DATE', 'DAY', 'DIFF', 'FOUND', 'LEMT', 'LEMV', 'LEN', 'MARKS', 'N', 'NF', 'P', 'PT', 'SEAT', 'SHARED', 'SHN', 'S_', 'U', 'W10', 'dat', 'db', 'effect_scan', 'hits', 'hyp', 'ink', 'ink_numbers', 'ink_ordinals', 'law_second_tablets', 'ledger_scan', 'lemma_of', 'morphs', 'move', 'narrative', 'out', 'phrase', 'plain', 'pointed', 'rb', 'scene', 'the_god_of_gods_and_the_stranger', 'the_levites_separated', 'the_stations_and_the_death', 'the_tablets_and_the_ark', 'the_third_forty_and_the_go', 'verse_text', 'verse_words', 'what_the_lord_asks', 'wm', 'words']
DEFS seducers ['Counter', 'D13', 'DATE', 'DAY', 'DIFF', 'FOUND', 'LEMT', 'LEMV', 'LEN', 'MARKS', 'N', 'NF', 'P', 'PT', 'SEAT', 'SH', 'SHARED', 'SHN', 'S_', 'U', 'V', 'W13', 'dat', 'db', 'effect_scan', 'hits', 'hyp', 'ink', 'ink_numbers', 'ink_ordinals', 'law_seducers', 'ledger_scan', 'lemma_of', 'morphs', 'move', 'narrative', 'out', 'phrase', 'plain', 'pointed', 'rb', 'scene', 'the_city_heard_of_the_inquiry_and_the_sword', 'the_footer', 'the_header', 'the_inciter', 'the_prophet_and_the_test', 'the_readback', 'the_whole_offering_the_heap_and_the_mercy', 'verse_text', 'verse_words', 'wm', 'words']
CELL seducers.the_prophet_and_the_test: asks 13 ['the_prophet_and_the_dreamer', 'the_sign_and_the_wonder', 'the_signs_status', 'the_lord_is_testing_you', 'the_six_verbs', 'the_false_prophets_table', 'the_prophets_death', 'the_exodus_formula_with_redeeming', 'the_evil_purged', 'the_exemptions', 'elijah_at_carmel', 'the_oven_of_akhnai', 'the_established_prophet'] | keys 0 []
FACT seducers.the_prophet_and_the_test(the_evil_purged) = ("the evil purged (13:6) — THE FORMULA'S FIRST SEAT OF NINE (the DB's seats all in the book; 86:10 the doer removed): evil_purged_from_the_midst NAMED here — a body effect on the condemned person at the case, reused at the eight seats ahead; the homographs (purge_deadline, purge_commanded) named, not counted", ['evil_purged_from_the_midst'])
CELL seducers.the_readback: asks 7 ['the_table', 'the_supplied_law_rows', 'the_pointer_row', 'no_retrograde_row', 'the_two_verbs_of_stoning', 'the_purge_formulas_nine_seats', 'the_seducers_one_formula'] | keys 0 []
FACT seducers.the_readback(the_purge_formulas_nine_seats) = ("the purge formula's nine seats — 9 on the DB, all in the book, 13:6 the first: evil_purged_from_the_midst named here, the eight ahead second entries", ['accepted'])
FACT seducers.the_readback(the_two_verbs_of_stoning) = ("the two verbs of stoning — Deuteronomy's 4 seats against Leviticus's and Numbers' 9, 21:21 both: the same rite, two verbs (the DB's lemmas; MK.capital_procedure by CALL)", ['accepted'])
CELL seducers.the_inciter: asks 9 ['the_inciters_kin', 'entice_two_senses', 'the_entrapment', 'the_fifteen_utterances', 'the_five_prohibitions', 'the_courts_rule_inverted', 'the_hand_first', 'the_stoning_rite', 'the_execution_timing'] | keys 0 []
FACT seducers.the_inciter(the_hand_first) = ("the hand first (13:10) — the enticed's own commandment, the people's after (the Sifrei 89:8; 17:7's witnesses the twin ahead; Leviticus 24:14's hands laid by CALL — L24; Leviticus 20:2's people by CALL — SA.molech): the enticed who lets another cast the first stone accepted against", ['accepted'])
FACT seducers.the_inciter(the_stoning_rite) = ("the stoning's rite (13:11) — the stones and the stone (the Sifrei 90:1 — MK.capital_procedure by CALL: the wood-gatherer's cell holds it); stoned_as_commanded on the tape (the readback row VARIANT); the two verbs of stoning (Deuteronomy's against Leviticus's and Numbers'): the inciter who says 'it is our duty' stoned and the evil purged from the midst", ['stoned', 'evil_purged_from_the_midst'])
CELL refuge_war_family.the_landmark_and_the_witnesses: asks 8 ['the_landmark_of_the_first_ones', 'one_witness_for_any_iniquity', 'by_the_mouth_not_by_writing', 'the_violent_witness_and_the_woman', 'the_inquiry_well_at_three_verses', 'as_he_plotted', 'the_rest_hear_and_fear', 'the_talion_in_be'] | keys 0 []
FACT refuge_war_family.the_landmark_and_the_witnesses(the_talion_in_be) = ("the talion in 'be' (19:21) — 'eye in eye' for 'eye in place of eye'; the talion money by Leviticus 24:20's operator (the Sifrei 190:14-15; lev24's PAY-MONEY by CALL; Onkelos one preposition): THE WRITE talion_pity_barred, a BLOCK on Israel at the chapters' own day; the plotter of a blinding pays the eye's value", ['talion_pity_barred', 'pays'])
FACT refuge_war_family.the_landmark_and_the_witnesses(one_witness_for_any_iniquity) = ("one witness for any iniquity (19:15) — the general rule from the particular (I3): in capital cases, money, offerings and lashes one witness stands not; for an oath it obliges (the Sifrei 188:4-9; courts_prophet's two_witnesses_required and one_witness_barred, refuge's two_by_the_prototype and ordinances' merit_by_one_liability_by_two by CALL): THE WRITE two_or_three_witnesses_required, a STATUS on Israel at the chapters' own day; the creditor with one witness accepted for the oath alone", ['two_or_three_witnesses_required'])
FACT refuge_war_family.the_landmark_and_the_witnesses(the_violent_witness_and_the_woman) = ("the violent witness and the woman (19:16-17) — Exodus 23:1's witness of violence; the litigants stand; the woman not a witness by 'two' 'two' (I2); the judges of those days (the Sifrei 189:1-2, 190:1-6; ordinances' robbers_disqualified and festivals_judges' judges_and_officers_commanded by CALL): the woman brought as a witness exempt from the stand", ['exempt'])
CELL refuge_war_family.the_priests_speech: asks 6 ['when_you_go_out_to_war', 'the_priest_anointed_for_war', 'hear_israel_the_fourth', 'the_four_exemptions', 'the_fearful_and_the_faint_of_heart', 'the_captains_and_the_guards'] | keys 0 []
FACT refuge_war_family.the_priests_speech(the_four_exemptions) = ("the four exemptions (20:5-7) — the house, the vineyard, the betrothed: who return (Sotah 8:2 — the straw house, the five trees, the widow) and who do not (Sotah 8:3 — the gatehouse, four trees, the remarried divorcee; R. Judah's and R. Eliezer's houses); the fourth year's redemption (the Sifrei 193:6-197:4): THE WRITE officers_exemptions_commanded, a STATUS on Israel at the chapters' own day; the builder of a gatehouse barred from the return", ['officers_exemptions_commanded'])
FACT refuge_war_family.the_priests_speech(the_fearful_and_the_faint_of_heart) = ("the fearful and the faint of heart (20:8) — as it sounds (R. Akiva), the sinner hidden among the others (R. Yose the Galilean), the forbidden unions' betrothed (R. Yose): three arms (the Sifrei 197:2-4; Mishnah Sotah 8:5): THE WRITE fearful_exemption_commanded, a STATUS on Israel at the chapters' own day; the soldier who cannot see a drawn sword accepted for the return", ['fearful_exemption_commanded'])
CELL refuge_war_family.the_captive: asks 4 ['when_you_go_out_to_war_the_second', 'a_woman_of_beautiful_form', 'the_head_the_nails_the_garment', 'if_you_delight_not_in_her'] | keys 0 []
FACT refuge_war_family.the_captive(when_you_go_out_to_war_the_second) = ("when you go out to war — the second (21:10) — 20:1's opening verbatim; the optional war's captives, the tape's own at Numbers 31:9 (the Sifrei 211:1-2; midian's taken_captive by CALL): the soldier of an optional war who takes captives accepted", ['accepted'])
FACT refuge_war_family.the_captive(a_woman_of_beautiful_form) = ("a woman of beautiful form (21:11) — even a married woman, one not two, even not beautiful; the Torah against the evil inclination; the first act disputed (the Sifrei 211:3-5, 212:1; Rachel's phrase): THE WRITE captive_wife_permitted, a STATUS on Israel at the chapters' own day; the soldier who takes one captive woman accepted", ['captive_wife_permitted'])
FACT refuge_war_family.the_captive(the_head_the_nails_the_garment) = ("the head, the nails, the garment (21:12-13) — shaved to be ugly; the nails cut or grown (two arms — Onkelos after R. Akiva); the garment of her captivity put off; the weeping seen; her parents or her idolatry bewailed; a month of days (the Sifrei 212:2-213:8): THE WRITE captive_mourning_month_commanded, a STATUS on Israel at the chapters' own day; the man who goes in before the month barred from it", ['captive_mourning_month_commanded'])
FACT refuge_war_family.the_captive(if_you_delight_not_in_her) = ("if you delight not in her (21:14) — sent away with a divorce document, never sold, never traded; humbled — Hagar's word (the Sifrei 214:1-215:3; primeval's not_obliged_for_her_good_or_ill by CALL): THE WRITES captive_release_commanded (a STATUS) and captive_sale_barred (a BLOCK) on Israel at the chapters' own day; the seller of his captive wife barred from it", ['captive_release_commanded', 'captive_sale_barred'])
CELL festivals_judges.the_judges_in_every_gate: asks 8 ['the_court_for_all_israel', 'the_three_tiers', 'the_qualified_judge', 'wrest_no_judgment', 'respect_no_person', 'take_no_bribe', 'justice_justice', 'that_you_may_live'] | keys 0 []
FACT festivals_judges.the_judges_in_every_gate(wrest_no_judgment) = ("wrest no judgment (16:19) — Exodus 23:6's and 24:17's twins, Leviticus 19:15's five effects (ordinances.courts each_verse_its_referent, holiness.conduct banned by CALL): THE WRITE judgment_wresting_barred, a BLOCK on Israel at the chapter's own day; the judge who tilts for the poor barred from it", ['judgment_wresting_barred'])
FACT festivals_judges.the_judges_in_every_gate(respect_no_person) = ("respect no person (16:19) — the judge who seats one and stands the other (the Sifrei 144:9; opening_speech's no_faces and holiness's equal treatment by CALL): THE WRITE person_respecting_barred, a BLOCK on Israel at the chapter's own day; the unequal judge barred from it", ['person_respecting_barred'])
FACT festivals_judges.the_judges_in_every_gate(take_no_bribe) = ("take no bribe (16:19) — Exodus 23:8's block declared and never written before, its first entry here (the Sifrei 144:11; ordinances.courts the_bribed_judges_eyes_dim / even_to_judge_truly, second_tablets and holiness by CALL): THE WRITE bribe_barred on Israel at the chapter's own day; the judge who takes a bribe to judge truly barred from it", ['bribe_barred'])
FACT festivals_judges.the_judges_in_every_gate(justice_justice) = ("justice, justice (16:20) — the acquittal final, one who left acquitted not returned to conviction (the Sifrei 144:12; ordinances.courts('one_vs_two') merit_by_one_liability_by_two by CALL): THE WRITE justice_pursuit_commanded, a STATUS on Israel at the chapter's own day; the court that reopens an acquittal to convict barred from it", ['justice_pursuit_commanded'])
CELL second_tablets.the_god_of_gods_and_the_stranger: asks 19 ['god_of_gods', 'the_attributes_three', 'lifts_no_face', 'takes_no_bribe', 'the_permitted_fee', 'a_salary_voids', 'the_bribe_of_words', 'the_orphan_and_the_widow', 'and_you_shall_love_the_stranger', 'the_thirty_six_warnings', 'the_converts_intake', 'the_private_convert', 'fear_serve_cleave_swear', 'cleave_to_the_scholars', 'the_et_of_10_20', 'swear_by_his_name', 'a_truthful_oath', 'he_is_your_praise', 'seventy_persons'] | keys 0 []
FACT second_tablets.the_god_of_gods_and_the_stranger(the_orphan_and_the_widow) = ("the orphan and the widow (10:18) — Exodus 22:21's pair in the other order (OR.stranger('widow_orphan_scope') by CALL — all persons or the named): a declaration about God, the readback row VARIANT; no write", ['accepted'])
FACT second_tablets.the_god_of_gods_and_the_stranger(and_you_shall_love_the_stranger) = ("and you shall love the stranger (10:19) — Leviticus 19:34's cell (HB.convert_measures('love_convert') by CALL) whose effect love_owed was never written: THE LINE stranger_love_commanded at the counter's day writing love_owed on Israel toward the stranger for the first time; 'for you were strangers' at all four seats; the readback row VERBATIM in kind", ['love_owed'])
FACT second_tablets.the_god_of_gods_and_the_stranger(the_thirty_six_warnings) = ("the thirty-six warnings (Bava Metzia 59b:13-15) — the stranger's wronging three prohibitions, thirty-six or forty-six warnings; R. Natan: 'for you were strangers' — a defect in you, do not mention in another: the reason clause's rule at 10:19; the wronger accepted against", ['accepted'])
DATA KEYS release_firstborn ~ sin|cry|slave|remember|needy|hand|bless|work: ['the_needy_condition', 'the_needy_ranks', 'the_blessing_in_the_land', 'the_cry_and_the_sin', 'the_passing_blemish']
DEFS release_firstborn ['Counter', 'D15', 'DATE', 'DAY', 'DIFF', 'FOUND', 'LEMT', 'LEMV', 'LEN', 'MARKS', 'N', 'NF', 'P', 'PT', 'SEAT', 'SH', 'SHARED', 'SHN', 'S_', 'U', 'V', 'W15', 'dat', 'db', 'effect_scan', 'hits', 'hyp', 'ink', 'ink_numbers', 'ink_ordinals', 'law_release_firstborn', 'ledger_scan', 'lemma_of', 'morphs', 'move', 'narrative', 'out', 'phrase', 'plain', 'pointed']
CELL covenant_at_horeb.the_first_tablet: asks 9 ['the_first_word', 'the_second_word_row', 'the_third_word', 'the_fourth_word', 'keep_and_remember', 'the_ox_and_the_ass', 'the_servants_rest', 'the_two_grounds', 'the_receipt_5_12'] | keys 0 []
FACT covenant_at_horeb.the_first_tablet(the_fourth_word) = ('the fourth word (5:12-15) — EXPANDED, VERBATIM, EXPANDED, TURNED: decalogue.sabbath_clauses by CALL', ['accepted'])
FACT covenant_at_horeb.the_first_tablet(keep_and_remember) = ("keep and remember (5:12) — one utterance: the diff's first word the tradition's exhibit; women's kiddush (Berakhot 20b)", ['accepted'])
FACT covenant_at_horeb.the_first_tablet(the_ox_and_the_ass) = ('the ox and the ass (5:14) — every animal by the verbal analogy: the expansion read by the tradition itself (Bava Kamma 54b)', ['accepted'])
FACT covenant_at_horeb.the_first_tablet(the_servants_rest) = ("the servants' rest (5:14) — the circumcised slave and the righteous convert (Yevamot 48b); the analogy's limit (Bava Kamma 54b)", ['accepted'])
FACT covenant_at_horeb.the_first_tablet(the_two_grounds) = ('the two grounds (5:15) — the creation (20:11, PS by CALL) and the exodus: a DATA row; the readback row TURNED', ['accepted'])
DATA KEYS covenant_at_horeb ~ reward|long|days|well|honor|slave: ['the_reward_clause', 'the_honor_by_call']
DATA KEYS obey_horeb ~ long|days|well|reward: []
DATA KEYS good_land ~ receipt|bless|work|hand: ['my_power_my_hand', 'the_four_blessings', 'the_blessing_before']
FACT good_land.receipt_seats(22..25) = [[], [], [], []]
CELL exodus_story.amalek: asks 0 [] | keys 0 []
DATA KEYS exodus_story ~ amalek|blot|remember|memory|generation|hand|throne: []
FACT lev24.talion(hand) = {'blemish': 'hand', 'verdict': 'PAY-MONEY', 'effect': 'substitution', 'prov': 'RECORDED', 'why': 'through Lev 24:18-22 — the pay verb on the exchange formula (24:18), strikes-beast-pays beside strikes-man-dies (24:21, Bava Kamma 83b:10 "that one is written about killing"), and one-law-EQUAL-for-all (24:22, Bava Kamma 84a:1) — money is what equalizes'}
CELL chukat.arad_and_the_serpent: asks 13 ['captive_acquired', 'vow_form', 'cherem_law', 'hormah', 'turn_back', 'light_bread', 'spoke_against', 'bite_and_burn', 'singular_serpent', 'pole_word', 'serpent_property', 'serpent_heals', 'nehushtan'] | keys 0 []
FACT chukat.arad_and_the_serpent(bite_and_burn) = ("the fiery serpents — the heifer's burn-word, usury's bite (21:6)", ['serpents_sent'])
FACT chukat.arad_and_the_serpent(cherem_law) = ('the cherem executed — the devoted not redeemed, the persons put to death (21:3; Lev 27:28-29 by the temurah engine)', ['destroyed'])
CELL incense_shekel.shekel: asks 0 [] | keys 0 []
FACT incense_shekel.shekel(ransom) = (['Deut 21:8', 'Exod 21:30', 'Exod 29:33', 'Exod 30:12', 'Num 35:31', 'Num 35:32'], 'INK', ['half_shekel_owed'], "30:12 'each shall give A RANSOM FOR HIS SOUL to the LORD' — the phrase once (['Exod 30:12']); the ransom-word's Torah seats ['Deut 21:8', 'Exod 21:30', 'Exod 29:33', 'Exod 30:12', 'Num 35:31', 'Num 35:32']: the goring ox's owner (21:30 'if ")
FACT incense_shekel.shekel(atone_souls) = (['Exod 30:15', 'Exod 30:16', 'Lev 17:11'], 'INK', ['half_shekel_owed'], "'TO ATONE FOR YOUR SOULS' at ['Exod 30:15', 'Exod 30:16', 'Lev 17:11'] — the shekel twice and THE BLOOD (Lev 17:11 'the blood atones for the soul'): the ransom-silver and the altar's blood share one clause")
==== THE TAPE'S KINDS AT THE REFERENCE VERSES (cold_run_sequence.py — the submit lines by case_source) ====
submit lines with a case_source: 1362
 TAPE Exod 23:4  0 []
 TAPE Exod 23:5  0 []
 TAPE Exod 22:15 0 []
 TAPE Exod 22:16 0 []
 TAPE Exod 22:20 0 []
 TAPE Exod 22:21 0 []
 TAPE Exod 22:24 0 []
 TAPE Exod 22:25 0 []
 TAPE Exod 21:16 0 []
 TAPE Exod 21:22 0 []
 TAPE Exod 21:24 0 []
 TAPE Lev 19:9   0 []
 TAPE Lev 19:13  0 []
 TAPE Lev 19:15  0 []
 TAPE Lev 19:19  0 []
 TAPE Lev 19:29  0 []
 TAPE Lev 19:33  0 []
 TAPE Lev 19:35  0 []
 TAPE Lev 18:8   0 []
 TAPE Lev 20:10  0 []
 TAPE Lev 21:7   0 []
 TAPE Lev 22:24  0 []
 TAPE Lev 25:35  0 []
 TAPE Lev 25:36  0 []
 TAPE Lev 13:    0 []
 TAPE Lev 14:    0 []
 TAPE Lev 15:16  0 []
 TAPE Num 15:37  0 []
 TAPE Num 15:38  0 []
 TAPE Num 30:    1 [('vows_law_spoken', 'Num 30:2-17 — and Moses spoke to the heads o')]
 TAPE Num 12:    3 [('miriam_spoke', 'Num 12:1-9 — and Miriam spoke, and Aaron, ag'), ('miriam_stricken_and_shut_out', 'Num 12:10-15 — and the cloud departed from o'), ('paran_reached', 'Num 12:16 — and afterward the people journey')]
 TAPE Num 22:    17 [('encamped_in_the_plains_of_moab', 'Num 22:1 — and the children of Israel journe'), ('moab_feared_and_loathed', 'Num 22:2-4 — and Balak son of Zippor saw all'), ('balak_sent_for_balaam', 'Num 22:5-6 — and he sent messengers to Balaa'), ('elders_came_with_divinations', 'Num 22:7-8 — and the elders of Moab and the '), ('god_came_to_balaam_first', 'Num 22:9-12 — and God came to Balaam and sai'), ('balaam_refused_the_first', 'Num 22:13-14 — and Balaam rose in the mornin'), ('balak_sent_again', 'Num 22:15-17 — and Balak sent yet again prin'), ('balaam_answered_house_of_silver', 'Num 22:18-19 — and Balaam answered and said '), ('god_came_at_night_go', 'Num 22:20 — and God came to Balaam at night '), ('balaam_saddled_and_went', 'Num 22:21 — and Balaam rose in the morning a')]
 TAPE Num 23:    9 [('seven_altars_built_first', 'Num 23:1-2 — and Balaam said to Balak: build'), ('god_met_balaam_first', 'Num 23:3-6 — and Balaam said to Balak: stand'), ('first_parable_taken_up', 'Num 23:7-10 — and he took up his parable and'), ('balak_protested_first', 'Num 23:11-12 — and Balak said to Balaam: wha'), ('taken_to_pisgah_second_stand', 'Num 23:13-15 — and Balak said to him: come w'), ('the_lord_met_balaam_second', 'Num 23:16-17 — and the LORD met Balaam and p'), ('second_parable_taken_up', 'Num 23:18-24 — and he took up his parable an'), ('balak_protested_second', 'Num 23:25-26 — and Balak said to Balaam: nei'), ('taken_to_peor_third_stand', 'Num 23:27-30 — and Balak said to Balaam: com')]
 TAPE Num 24:    6 [('spirit_of_god_upon_balaam', 'Num 24:1-2 — and Balaam saw that it was good'), ('third_parable_taken_up', 'Num 24:3-9 — and he took up his parable and '), ('balak_clapped_and_dismissed', "Num 24:10-11 — and Balak's anger burned agai"), ('balaam_counselled_balak', 'Num 24:12-14 — and Balaam said to Balak: did'), ('fourth_parable_taken_up', 'Num 24:15-24 — and he took up his parable an'), ('balaam_and_balak_parted', 'Num 24:25 — and Balaam rose and went and ret')]
 TAPE Num 5:1    1 [('send_out_commanded', 'Num 5:1-3 — and the LORD spoke to Moses sayi')]
 TAPE Num 5:2    0 []
 TAPE Num 5:4    1 [('unclean_sent_out', 'Num 5:4 — and the children of Israel did so,')]
 TAPE Exod 17:8  1 [('amalek_came', 'Exod 17:8')]
 TAPE Exod 17:14 1 [('blotting_sworn', 'Exod 17:14-16')]
 TAPE Exod 17:16 0 []
 TAPE Gen 38:    9 [('slain', 'Gen 38:7'), ('levirate_commanded', 'Gen 38:8'), ('slain', 'Gen 38:10'), ('widow_sent', 'Gen 38:11'), ('shelah_grown', 'Gen 38:14'), ('pledge_given', 'Gen 38:17-18'), ('sentenced', 'Gen 38:24'), ('recognized', 'Gen 38:25-26'), ('born_twins', 'Gen 38:27-30')]
 TAPE Gen 20:3   1 [('came_in_a_dream', 'Gen 20:3')]
 TAPE Gen 34:7   1 [('outraged', 'Gen 34:7')]
 TAPE Deut 5:12  0 []
 TAPE Deut 5:15  0 []
 TAPE Deut 7:25  1 [('abomination_barred', 'Deut 7:25-26 — the graven images of their go')]
 TAPE Deut 7:26  0 []
 TAPE Deut 10:18 0 []
 TAPE Deut 12:31 0 []
 TAPE Deut 13:6  0 []
 TAPE Deut 15:9  0 []
 TAPE Deut 15:10 0 []
 TAPE Deut 15:15 0 []
 TAPE Deut 16:19 0 []
 TAPE Deut 16:20 0 []
 TAPE Deut 17:1  2 [('blemished_sacrifice_barred', 'Deut 17:1 — you shall not sacrifice to the L'), ('king_law_declared', 'Deut 17:14-20 — when you come into the land ')]
 TAPE Deut 18:12 0 []
 TAPE Deut 19:13 0 []
 TAPE Deut 19:15 1 [('witnesses_law_declared', 'Deut 19:15-21 — one witness shall not rise a')]
 TAPE Deut 19:21 0 []
 TAPE Deut 20:7  0 []
 TAPE Deut 21:14 0 []
 TAPE Deut 21:22 1 [('hanged_burial_declared', 'Deut 21:22-23 — and if a man has committed a')]
 TAPE Deut 2:9   1 [('moab_spared_commanded', 'Deut 2:9 — and the LORD said to me: do not h')]
 TAPE Deut 2:19  0 []
 TAPE Deut 2:26  0 []
 TAPE Deut 4:40  0 []
 TAPE Deut 5:16  0 []
 TAPE Deut 6:2   0 []
 TAPE Deut 8:11  1 [('forgetting_warned', 'Deut 8:11-18 — take heed to yourself lest yo')]
 TAPE Deut 9:7   0 []
 TAPE Deut 11:9  0 []
 TAPE Deut 14:29 0 []
 TAPE Num 35:30  0 []
 TAPE Num 35:31  0 []
 TAPE Lev 24:19  0 []
 TAPE Lev 24:20  0 []
 TAPE Deut 21:1  4 [('heifer_rite_declared', 'Deut 21:1-9 — if one is found slain in the l'), ('captive_wife_declared', 'Deut 21:10-14 — when you go out to war again'), ('firstborn_portion_declared', 'Deut 21:15-17 — if a man has two wives, the '), ('rebellious_son_declared', 'Deut 21:18-21 — if a man has a stubborn and ')]
 TAPE Deut 21:15 1 [('firstborn_portion_declared', 'Deut 21:15-17 — if a man has two wives, the ')]
 TAPE Deut 21:18 1 [('rebellious_son_declared', 'Deut 21:18-21 — if a man has a stubborn and ')]
the last Deut 21 submit line: [(2480, "    w.submit({'kind': 'hanged_burial_declared', 'subject': 'israel', 'the_sin_worthy_of_death': 'a s")]
==== THE NEAR NAMES ON THE RUNNING WORLD ====
 W levirate_owed 2 [('shelah', 'debit', 'Gen 38:14'), ('onan', 'debit', 'Gen 38:8')]
 W waits_for_the_levir 1 [('tamar', 'debit', 'Gen 38:11')]
 W amalek_to_be_blotted 1 [('amaleq', 'heaven', 'Exod 17:14-16')]
 W amalek_weakened 1 [('amaleq', 'body', 'Exod 17:13')]
 W interest_barred 0 []
 W pledge_returned_by_sunset 0 []
 W wage_due_by_morning 0 []
 W left_for_the_poor 0 []
 W mixture_barred 0 []
 W justice_pursuit_commanded 1 [('israel_people', 'status', 'Deut 16:18-20 ')]
 W judgment_wresting_barred 1 [('israel_people', 'block', 'Deut 16:18-20 ')]
 W person_respecting_barred 1 [('israel_people', 'block', 'Deut 16:18-20 ')]
 W stranger_barred 0 []
 W forgetting_barred 1 [('israel_people', 'block', 'Deut 8:11-18 —')]
 W name_erasure_barred 1 [('israel_people', 'block', 'Deut 12:1-4 — ')]
 W isolated_outside_camp 0 []
 W stricken_with_leprosy 1 [('miriam', 'status', 'Num 12:10-15 —')]
 W canaanite_wife_barred 1 [('jacob', 'block', '')]
 W wives_multiplying_barred 1 [('israel_people', 'block', 'Deut 17:14-20 ')]
 W vow_bound 0 []
 W vow_confirmed 0 []
 W finder_a_slave_ruled 1 [('the_steward', 'status', '')]
 W seed_given 1 [('egypt_people', 'transfer', '')]
 W hand_opening_commanded 1 [('israel_people', 'status', 'Deut 15:7-11 —')]
 W hand_shutting_barred 1 [('israel_people', 'block', 'Deut 15:7-11 —')]
 W cry_heard 2 [('israel_people', 'heaven', 'Exod 2:23-24'), ('israel_people', 'heaven', 'Deut 15:7-11 —')]
 W bears_sin 1 [('israel_people', 'status', 'Deut 15:7-11 —')]
 W withheld_from_sin 1 [('avimelekh_abraham_era', 'status', '')]
 W house_abomination_barred 1 [('israel_people', 'block', 'Deut 7:25-26 —')]
 W abomination_eating_barred 1 [('israel_people', 'block', 'Deut 14:3-20 —')]
 W holy_things_in_the_gates_barred 2 [('israel_people', 'block', 'Deut 12:15-28 '), ('israel_people', 'block', 'Deut 15:19-23 ')]
 W passing_through_fire_barred 1 [('israel_people', 'block', 'Deut 18:9-14 —')]
 W blessings_for_hearing 2 [('israel_people', 'heaven', 'Deut 7:12-16 —'), ('israel_people', 'heaven', 'Deut 15:1-6 — ')]
 W work_of_the_hand_blessed 2 [('israel_people', 'heaven', 'Deut 15:7-11 —'), ('israel_people', 'heaven', 'Deut 15:12-18 ')]
 W profaned_seed 0 []
 W fined_by_assessment 0 []
 W gives_fixed_sum 0 []
 W forbidden_to_her_husband 0 []
 W intercourse_permitted 1 [('noah_and_sons', 'status', 'Gen 8:15-17')]
 W ketubah_forfeited 0 []
 W oath_imposed 0 []
 W sold_for_theft 0 []
 W restores 0 []
 W torn_flesh_to_dogs 0 []
 W exaction_barred 1 [('israel_people', 'block', 'Deut 15:1-6 — ')]
 W debt_release_owed 1 [('israel_people', 'status', 'Deut 15:1-6 — ')]
 W severance_gift_owed 0 []
 W wife_taken 19 [('adah', 'status', 'Gen 4:19'), ('zillah', 'status', 'Gen 4:19'), ('the_daughters_of_men', 'status', 'Gen 6:2'), ('sarah', 'status', 'Gen 11:29'), ('milcah', 'status', 'Gen 11:29')]
 W widow_sent 0 []
 W garment_seized 0 []
 W garment_left 1 [('potiphars-wife', 'status', '')]
 W childless 1 [('abraham', 'heaven', 'Gen 15:2-3')]
 W loathed 1 [('the_moabites', 'status', 'Num 22:2-4 — a')]
 W cursing_barred 1 [('balaam', 'block', 'Num 22:9-12 — ')]
 W coveting_barred 1 [('israel_people', 'block', 'Deut 4:10-13 —')]
 W majority_decides 2 [('the_court', 'status', 'Exod 24:1, 24:'), ('the_court', 'status', 'Exod 33:7-11 +')]
 W name_given 62 [('the_beasts', 'status', 'Gen 2:20'), ('eve', 'status', 'Gen 2:23'), ('eve', 'status', 'Gen 3:20'), ('adam_and_eve', 'status', 'Gen 5:2'), ('the_city_of_enoch', 'status', 'Gen 4:17')]
 W name_profaned 0 []
 W released 1 [('aaron-and-sons', 'status', 'Lev 8:2')]
 W goes_free 0 []
 W evil_speech_spoken 2 [('aaron', 'status', 'Num 12:1-9 — a'), ('miriam', 'status', 'Num 12:1-9 — a')]
 W seasons_pledged 1 [('the_earth', 'status', 'Gen 8:21-22')]
 W pledge_held 1 [('tamar', 'status', 'Gen 38:17-18')]
 W pledge_offered 1 [('reuben', 'status', '')]
CALLEES DONE
