  'member-of-a-flock-him/its': 1 families, 1 tokens: [('שיו', 1)]
  'push-off': 1 families, 1 tokens: [('נדחים', 1)]
  'and-veil-from-sight': 2 families, 7 tokens: [('ונעלם', 5), ('והתעלמת', 2)]
  'to-veil-from-sight': 1 families, 1 tokens: [('להתעלם', 1)]
  'and-gather-for-any-purpose-him/its': 1 families, 1 tokens: [('ואספתו', 1)]
  'tread': 8 families, 17 tokens: [('דרש', 5), ('אדרש', 3), ('דרך', 2), ('תדרך', 2), ('תדרש', 2), ('נדרש', 1)]
  'tread-him/its': 3 families, 3 tokens: [('אדרשנו', 1), ('ידרשנו', 1), ('תדרשנו', 1)]
  'concrete': 2 families, 3 tokens: [('אבדה', 2), ('אבדת', 1)]
  'wander-away': 7 families, 15 tokens: [('אבד', 8), ('אבדנו', 2), ('אבדה', 1), ('אבדת', 1), ('מאביד', 1), ('תאבד', 1)]
  'valiant-man': 1 families, 2 tokens: [('גבר', 2)]
  'wrap-around': 4 families, 6 tokens: [('ילבש', 3), ('הלבישה', 1), ('לבש', 1), ('תלבש', 1)]
  'something-disgusting': 2 families, 17 tokens: [('תועבת', 11), ('תועבה', 6)]
  'little-bird': 2 families, 6 tokens: [('צפור', 4), ('צפרים', 2)]
  'brood-of-a-bird': 1 families, 1 tokens: [('אפרחים', 1)]
  'the-brood-of-a-bird': 1 families, 1 tokens: [('האפרחים', 1)]
  'crouch': 3 families, 8 tokens: [('רבץ', 4), ('רבצת', 3), ('רבצים', 1)]
  'be--make-well': 7 families, 23 tokens: [('ייטב', 10), ('היטב', 6), ('היטיבו', 2), ('תיטיב', 2), ('איטיב', 1), ('היטיב', 1)]
  'and-be--long': 2 families, 2 tokens: [('והארכת', 1), ('והארכתם', 1)]
  'the-fall': 1 families, 1 tokens: [('הנפל', 1)]
  'yield-seed': 7 families, 18 tokens: [('תזרע', 9), ('זרע', 2), ('יזרע', 2), ('מזריע', 2), ('נזרע', 1), ('תזריע', 1)]
  'garden-you/your': 1 families, 4 tokens: [('כרמך', 4)]
  'the-garden': 3 families, 9 tokens: [('הגן', 7), ('הכרם', 1), ('הכרמים', 1)]
  'in-garden': 2 families, 4 tokens: [('בגן', 3), ('בכרם', 1)]
  'two-heterogeneities': 1 families, 4 tokens: [('כלאים', 4)]
  'sanctify': 13 families, 24 tokens: [('יקדיש', 5), ('יקדש', 5), ('אקדש', 2), ('הקדשתי', 2), ('יקדישו', 2), ('התקדשו', 1)]
  'the-something-fulfilled': 1 families, 1 tokens: [('המלאה', 1)]
  'and-income': 1 families, 1 tokens: [('ותבואת', 1)]
  'scratch': 4 families, 5 tokens: [('החרש', 2), ('יחריש', 1), ('מחריש', 1), ('תחרש', 1)]
  'unit': 2 families, 15 tokens: [('יחדו', 14), ('יחד', 1)]
  'linsey-woolsey': 1 families, 2 tokens: [('שעטנז', 2)]
  'thread': 1 families, 1 tokens: [('גדלים', 1)]
  'wing': 4 families, 10 tokens: [('כנף', 5), ('כנפי', 2), ('כנפים', 2), ('כנפות', 1)]
  'cover-you/your': 1 families, 1 tokens: [('כסותך', 1)]
  'plump': 3 families, 6 tokens: [('כסה', 2), ('כסתה', 2), ('תכסה', 2)]
  'and-plump': 9 families, 23 tokens: [('וכסו', 5), ('ויכס', 4), ('ויכסו', 4), ('ותכס', 4), ('וכסה', 2), ('וכסינו', 1)]
  'exploit': 1 families, 2 tokens: [('עלילת', 2)]
  'old': 4 families, 34 tokens: [('זקני', 24), ('זקן', 6), ('ישן', 3), ('זקנים', 1)]
  'the-old': 2 families, 6 tokens: [('הזקנים', 5), ('הזקן', 1)]
  'the-gate-suffix': 1 families, 2 tokens: [('השערה', 2)]
  'and-break-apart': 2 families, 7 tokens: [('ופרשו', 5), ('ויפרש', 2)]
  'and-urge': 1 families, 1 tokens: [('וענשו', 1)]
  'stability': 1 families, 5 tokens: [('אמת', 5)]
  'and-be-weighty-her/its': 1 families, 1 tokens: [('וסקלוה', 1)]
  'and-be-weighty': 1 families, 1 tokens: [('וסקלתם', 1)]
  'foolishness': 1 families, 2 tokens: [('נבלה', 2)]
  'to-commit-adultery': 2 families, 6 tokens: [('לזנות', 5), ('לזונה', 1)]
  'commit-adultery': 7 families, 11 tokens: [('זנה', 2), ('זנים', 2), ('ינאף', 2), ('תנאף', 2), ('זונה', 1), ('זנתה', 1)]
  'and-kindle': 3 families, 13 tokens: [('ובערת', 10), ('ובער', 2), ('ותבער', 1)]
  'from-nearest-part-you/your': 1 families, 12 tokens: [('מקרבך', 12)]
  'be-master': 1 families, 2 tokens: [('בעלת', 2)]
  'master': 3 families, 15 tokens: [('בעל', 10), ('בעלי', 3), ('גביר', 2)]
  'the-engage-for-matrimony': 1 families, 2 tokens: [('המארשה', 2)]
  'shriek': 7 families, 13 tokens: [('צעקה', 5), ('יצעק', 2), ('צעקים', 2), ('זעקת', 1), ('צעק', 1), ('צעקת', 1)]
  'depress-literally': 4 families, 7 tokens: [('תענה', 3), ('ענה', 2), ('יענו', 1), ('תענו', 1)]
  'associate-him/its': 1 families, 28 tokens: [('רעהו', 28)]
  'associate-you/your': 1 families, 13 tokens: [('רעך', 13)]
  'and-fasten-upon': 10 families, 20 tokens: [('ויחזק', 11), ('והחזיק', 1), ('והחזיקה', 1), ('והחזיקי', 1), ('והחזקת', 1), ('והתחזקתם', 1)]
  'to-separation-him/its': 1 families, 12 tokens: [('לבדו', 12)]
  'crime': 1 families, 11 tokens: [('חטא', 11)]
  'and-dash-in-pieces-him/its': 1 families, 1 tokens: [('ורצחו', 1)]
  'be-open': 2 families, 4 tokens: [('מושיע', 3), ('נושע', 1)]
  'and-manipulate-her/its': 1 families, 1 tokens: [('ותפשה', 1)]
  'denude': 5 families, 23 tokens: [('תגלה', 15), ('גלה', 5), ('גלתה', 1), ('יגלה', 1), ('נגלו', 1)]
  'split': 4 families, 4 tokens: [('בקעה', 1), ('בקעת', 1), ('נפלגה', 1), ('פצוע', 1)]
  'mutilated': 1 families, 1 tokens: [('דכא', 1)]
  'pipe': 1 families, 1 tokens: [('שפכה', 1)]
  'in-assemblage': 1 families, 6 tokens: [('בקהל', 6)]
  'mongrel': 1 families, 1 tokens: [('ממזר', 1)]
  'project': 1 families, 1 tokens: [('קדמו', 1)]
  'hire': 1 families, 2 tokens: [('שכר', 2)]
  '?': 28 families, 350 tokens: [('אני', 152), ('אנכי', 127), ('בית', 17), ('באר', 8), ('בעל', 7), ('לחי', 3)]
  'Aham-naharaim': 1 families, 2 tokens: [('נהרים', 2)]
  'to-be--light-you/your': 1 families, 1 tokens: [('לקללך', 1)]
  'breathe-after': 5 families, 11 tokens: [('אבה', 5), ('תאבה', 3), ('אביתם', 1), ('יאבה', 1), ('תאבו', 1)]
  'and-turn-about': 4 families, 7 tokens: [('ויהפך', 4), ('ויהפכו', 1), ('ונהפך', 1), ('ונהפכו', 1)]
  'the-vilification': 2 families, 6 tokens: [('הקללה', 4), ('הקללות', 2)]
  'to-benediction': 1 families, 1 tokens: [('לברכה', 1)]
  'safe-them/their': 1 families, 1 tokens: [('שלמם', 1)]
  'and-good--in-the-widest-sense-them/their': 1 families, 1 tokens: [('וטבתם', 1)]
  'loathe': 1 families, 2 tokens: [('תתעב', 2)]
  'bring-forth': 33 families, 152 tokens: [('יצא', 44), ('יצאו', 15), ('הוצאתי', 9), ('תצא', 9), ('הוציא', 8), ('יצאת', 8)]
  'and-bring-forth': 17 families, 106 tokens: [('ויצא', 55), ('ויצאו', 14), ('והוציא', 6), ('ויוצא', 6), ('ותצא', 4), ('והוצאתי', 3)]
  'hating-you/your': 2 families, 20 tokens: [('איביך', 16), ('איבך', 4)]
  'from-occurrence': 1 families, 1 tokens: [('מקרה', 1)]
  'to-turn': 1 families, 3 tokens: [('לפנות', 3)]
  'and-like-come/bring': 1 families, 1 tokens: [('וכבא', 1)]
  'and-peg': 1 families, 1 tokens: [('ויתד', 1)]
  'spade-you/your': 1 families, 1 tokens: [('אזנך', 1)]
  'and-pry-into': 3 families, 7 tokens: [('ויחפרו', 4), ('ויחפר', 2), ('וחפרתה', 1)]
  'issue-you/your': 1 families, 1 tokens: [('צאתך', 1)]
  'to-snatch-away-you/your': 1 families, 1 tokens: [('להצילך', 1)]
  'nudity': 4 families, 28 tokens: [('ערות', 23), ('עירם', 2), ('ערוה', 2), ('עירמם', 1)]
  'from-hind-part-you/your': 1 families, 1 tokens: [('מאחריך', 1)]
  'shut-up': 5 families, 6 tokens: [('סגר', 2), ('הסגיר', 1), ('סגרו', 1), ('תסגיר', 1), ('תסגר', 1)]
  'sovereign-him/its': 1 families, 15 tokens: [('אדניו', 15)]
  'snatch-away': 4 families, 8 tokens: [('הציל', 5), ('הצלת', 1), ('ינצל', 1), ('מציל', 1)]
  'try': 5 families, 33 tokens: [('יבחר', 25), ('בחר', 5), ('אבחר', 1), ('בחור', 1), ('בחרו', 1)]
  'rage-him/its': 1 families, 1 tokens: [('תוננו', 1)]
  'female-devotee': 1 families, 3 tokens: [('קדשה', 3)]
  'sacred-person': 1 families, 1 tokens: [('קדש', 1)]
  'gift': 2 families, 2 tokens: [('אתנן', 1), ('זבד', 1)]
  'promise': 6 families, 25 tokens: [('נדר', 15), ('ידר', 3), ('תדר', 3), ('נדרת', 2), ('נדרה', 1), ('תדרו', 1)]
  'to-promise': 1 families, 2 tokens: [('לנדר', 2)]
  'strike-with-a-sting': 3 families, 5 tokens: [('תשיך', 3), ('ישך', 1), ('נשך', 1)]
  'interest-on-a-debt': 1 families, 5 tokens: [('נשך', 5)]
  'to-strange': 1 families, 2 tokens: [('לנכרי', 2)]
  'sending-out': 1 families, 6 tokens: [('משלח', 6)]
  'loiter': 4 families, 5 tokens: [('תאחר', 2), ('אחר', 1), ('יאחר', 1), ('תאחרו', 1)]
  'to-be-safe-him/its': 1 families, 1 tokens: [('לשלמו', 1)]
  'be-flabby': 3 families, 6 tokens: [('חדל', 4), ('יחדל', 1), ('תחדל', 1)]
  'going-forth': 1 families, 3 tokens: [('מוצא', 3)]
  'lip-you/your': 1 families, 1 tokens: [('שפתיך', 1)]
  'spontaneity': 2 families, 6 tokens: [('נדבה', 5), ('נדבת', 1)]
  'satisfaction--joy)-you/your': 1 families, 1 tokens: [('שבעך', 1)]
  'in-something-that-rises': 2 families, 2 tokens: [('בקמה', 1), ('בקמת', 1)]
  'something-that-rises': 1 families, 1 tokens: [('קמת', 1)]
  'and-strip-off': 1 families, 1 tokens: [('וקטפת', 1)]
  'head-of-grain': 1 families, 1 tokens: [('מלילת', 1)]
  'quiver': 5 families, 7 tokens: [('הניף', 2), ('תניף', 2), ('הונף', 1), ('הנפת', 1), ('תרגזו', 1)]
  'graciousness': 1 families, 26 tokens: [('חן', 26)]
  'and-grave': 6 families, 15 tokens: [('ויכתב', 6), ('וכתב', 4), ('וכתבת', 2), ('ואכתב', 1), ('ויכתבו', 1), ('וכתבתי', 1)]
  'writing': 1 families, 7 tokens: [('ספר', 7)]
  'cutting': 1 families, 2 tokens: [('כריתת', 2)]
  'hinder': 5 families, 54 tokens: [('אחרים', 23), ('אחר', 19), ('אחרות', 5), ('אחרת', 5), ('אחרנים', 2)]
  'the-hinder': 2 families, 7 tokens: [('האחרון', 6), ('האחרת', 1)]
  'be-foul': 10 families, 64 tokens: [('יטמא', 38), ('טמא', 7), ('נטמאה', 5), ('תטמאו', 5), ('תטמא', 4), ('הטמאה', 1)]
  'sin': 12 families, 53 tokens: [('חטא', 17), ('תחטא', 6), ('יחטא', 5), ('יתחטא', 5), ('חטאנו', 4), ('חטאתי', 4)]
  'in-host': 1 families, 2 tokens: [('בצבא', 2)]
  'innocent': 3 families, 8 tokens: [('נקי', 6), ('נקיים', 1), ('נקים', 1)]
  'and-brighten-up': 3 families, 11 tokens: [('ושמחת', 6), ('ושמחתם', 3), ('ושמח', 2)]
  'wind-tightly': 3 families, 5 tokens: [('חבל', 2), ('תחבל', 2), ('יחבל', 1)]
  'mill-stone': 1 families, 1 tokens: [('רחים', 1)]
  'and-vehicle': 1 families, 2 tokens: [('ורכב', 2)]
  'thieve': 8 families, 13 tokens: [('גנב', 3), ('גנבתי', 2), ('יגנב', 2), ('תגנב', 2), ('גנבת', 1), ('גנוב', 1)]
  'and-gather-grain': 1 families, 1 tokens: [('והתעמר', 1)]
  'the-stealer': 1 families, 4 tokens: [('הגנב', 4)]
  'in-blow': 1 families, 2 tokens: [('בנגע', 2)]
  'flow-as-water': 4 families, 6 tokens: [('יורו', 2), ('ירה', 2), ('יירה', 1), ('יריתי', 1)]
  'mark': 10 families, 21 tokens: [('זכר', 6), ('זכור', 4), ('תזכר', 3), ('אזכר', 2), ('אזכיר', 1), ('זכרנו', 1)]
  'and-mark': 6 families, 18 tokens: [('וזכרת', 7), ('ויזכר', 5), ('וזכרתי', 3), ('ואזכר', 1), ('וזכרתם', 1), ('ונזכרתם', 1)]
  'speck': 1 families, 9 tokens: [('מאומה', 9)]
  'to-pawn': 1 families, 1 tokens: [('לעבט', 1)]
  'pawn-him/its': 2 families, 2 tokens: [('עבטו', 1), ('תעביטנו', 1)]
  'the-pawn': 2 families, 4 tokens: [('העבוט', 2), ('הערבון', 2)]
  'the-outside-suffix': 1 families, 9 tokens: [('החוצה', 9)]
  'depressed': 4 families, 7 tokens: [('עני', 3), ('שפל', 2), ('ענו', 1), ('עניו', 1)]
  'in-dress-him/its': 1 families, 1 tokens: [('בשלמתו', 1)]
  'rightness': 2 families, 4 tokens: [('צדקה', 3), ('צדקת', 1)]
  'press-upon': 4 families, 7 tokens: [('עשוק', 2), ('עשק', 2), ('תעשק', 2), ('התעשקו', 1)]
  'man-at-wages--by-the-day': 1 families, 5 tokens: [('שכיר', 5)]
  'and-destitute': 1 families, 1 tokens: [('ואביון', 1)]
  'payment-of-contract-him/its': 1 families, 1 tokens: [('שכרו', 1)]
  'lift/carry': 18 families, 78 tokens: [('ישא', 16), ('תשא', 14), ('נשא', 8), ('ישאו', 7), ('שא', 7), ('נשאתי', 4)]
  'stretch': 8 families, 22 tokens: [('נטה', 10), ('נטויה', 4), ('תטה', 3), ('הטי', 1), ('מטה', 1), ('נטיו', 1)]
  'bereaved-person': 2 families, 4 tokens: [('יתום', 3), ('יתמים', 1)]
  'to-bereaved-person': 1 families, 5 tokens: [('ליתום', 5)]
  'and-sever-you/your': 1 families, 3 tokens: [('ויפדך', 3)]
  'dock-off': 3 families, 4 tokens: [('תקצר', 2), ('תקצור', 1), ('תקצרו', 1)]
  'severed-you/your': 1 families, 4 tokens: [('קצירך', 4)]
  'and-mislay': 4 families, 5 tokens: [('ושכחת', 2), ('ונשכח', 1), ('ושכח', 1), ('ותשכח', 1)]
  'mislay': 5 families, 11 tokens: [('תשכח', 7), ('ישכח', 1), ('שכח', 1), ('שכחתי', 1), ('תשכחו', 1)]
  'heap': 1 families, 4 tokens: [('עמר', 4)]
  'knock-out': 1 families, 1 tokens: [('תחבט', 1)]
  'olive-you/your': 1 families, 2 tokens: [('זיתך', 2)]
  'gleam': 2 families, 2 tokens: [('התפאר', 1), ('תפאר', 1)]
  'effect-thoroughly': 3 families, 4 tokens: [('תעולל', 2), ('התעללת', 1), ('התעללתי', 1)]
  'and-be': 22 families, 544 tokens: [('ויהי', 194), ('והיה', 157), ('ויהיו', 45), ('והיו', 42), ('והיתה', 31), ('ותהי', 18)]
  'and-be--right': 1 families, 1 tokens: [('והצדיקו', 1)]
  'the-just': 2 families, 4 tokens: [('הצדיק', 2), ('הצדיקם', 2)]
  'and-be--wrong': 1 families, 1 tokens: [('והרשיעו', 1)]
  'the-wrong': 2 families, 4 tokens: [('הרשע', 2), ('הרשעים', 2)]
  'strike': 11 families, 30 tokens: [('הכה', 7), ('מכה', 7), ('יכה', 4), ('הכות', 3), ('הכית', 2), ('תכה', 2)]
  'and-fall-him/its': 1 families, 1 tokens: [('והפילו', 1)]
  'like-enough': 1 families, 2 tokens: [('כדי', 2)]
  'wrong-him/its': 2 families, 2 tokens: [('רשעו', 1), ('רשעתו', 1)]
  'add': 13 families, 29 tokens: [('יסף', 9), ('אסף', 4), ('תסף', 4), ('יסיף', 2), ('יספו', 2), ('יוסף', 1)]
  'wound': 4 families, 10 tokens: [('מכה', 4), ('מכות', 3), ('פצע', 2), ('תכלם', 1)]
  'and-be-light': 1 families, 1 tokens: [('ונקלה', 1)]
  'in-trample-him/its': 1 families, 1 tokens: [('בדישו', 1)]
  'the-die': 2 families, 9 tokens: [('המתים', 5), ('המת', 4)]
  'turn-aside': 19 families, 36 tokens: [('זר', 6), ('זרה', 4), ('יסיר', 4), ('סר', 3), ('יסור', 2), ('סורו', 2)]
  'brotherin-law-her/its': 1 families, 1 tokens: [('יבמה', 1)]
  "and-marry-a--brother's-widow-her/its": 1 families, 1 tokens: [('ויבמה', 1)]
  'stroke': 5 families, 28 tokens: [('פעמים', 23), ('אמחה', 2), ('ימחה', 1), ('מחה', 1), ('תמחה', 1)]
  'sister-in-law-him/its': 1 families, 3 tokens: [('יבמתו', 3)]
  'refuse': 7 families, 12 tokens: [('מאן', 4), ('הניא', 3), ('ימאן', 1), ('יניא', 1), ('מאין', 1), ('מאנת', 1)]
  'brotherin-law-me/my': 1 families, 1 tokens: [('יבמי', 1)]
  "marry-a--brother's-widow-me/my": 1 families, 1 tokens: [('יבמי', 1)]
  'and-pull-off': 2 families, 2 tokens: [('וחלצה', 1), ('וחלצו', 1)]
  'pull-off': 8 families, 13 tokens: [('חלוץ', 4), ('חלוצים', 3), ('החלצו', 1), ('חלוצי', 1), ('חלץ', 1), ('נחלץ', 1)]
  'sandal-tongue-him/its': 1 families, 1 tokens: [('נעלו', 1)]
  'the-sandal-tongue': 1 families, 1 tokens: [('הנעל', 1)]
  'and-eye': 9 families, 37 tokens: [('ויען', 18), ('ויענו', 4), ('ועיני', 3), ('וענו', 3), ('וענתה', 3), ('ותען', 2)]
  'go-forth': 3 families, 4 tokens: [('ינצו', 2), ('הצו', 1), ('נצים', 1)]
  'to-snatch-away': 1 families, 1 tokens: [('להציל', 1)]
  'in-pudenda-him/its': 1 families, 1 tokens: [('במבשיו', 1)]
  'and-chop-off': 2 families, 2 tokens: [('וקצץ', 1), ('וקצתה', 1)]
  'palm-of-hand-her/its': 2 families, 2 tokens: [('כפה', 1), ('כפיה', 1)]
  'cover': 7 families, 26 tokens: [('מסך', 13), ('כפר', 4), ('תחוס', 4), ('תחס', 2), ('חפף', 1), ('כסות', 1)]
  'in-cup-you/your': 1 families, 1 tokens: [('בכיסך', 1)]
  'and-abbreviated': 1 families, 2 tokens: [('וקטנה', 2)]
  'complete': 10 families, 21 tokens: [('כליל', 6), ('תם', 5), ('שלם', 2), ('שלמה', 2), ('יתמו', 1), ('שלמות', 1)]
  'and-right': 1 families, 2 tokens: [('וצדק', 2)]
  'be--long': 5 families, 6 tokens: [('תאריכו', 2), ('ארכו', 1), ('יאריך', 1), ('יאריכו', 1), ('תאריך', 1)]
  'light-upon-you/your': 1 families, 1 tokens: [('קרך', 1)]
  'and-curtail': 1 families, 1 tokens: [('ויזנב', 1)]
  'the-make--unsteady': 1 families, 1 tokens: [('הנחשלים', 1)]
  'languid': 1 families, 3 tokens: [('עיף', 3)]
  'and-tired': 1 families, 1 tokens: [('ויגע', 1)]
  'in-rest': 1 families, 1 tokens: [('בהניח', 1)]
  'from-circle': 1 families, 4 tokens: [('מסביב', 4)]
  'memento': 3 families, 9 tokens: [('זכרון', 6), ('זכר', 2), ('זכרן', 1)]
  'the-son': 2 families, 5 tokens: [('הבנים', 3), ('הבן', 2)]
  'blood--of-man': 3 families, 39 tokens: [('דם', 30), ('דמים', 6), ('דמי', 3)]
  'from-us/our': 1 families, 68 tokens: [('ממנו', 68)]
  'arise': 22 families, 63 tokens: [('יקום', 15), ('קום', 12), ('הקים', 5), ('תקים', 4), ('יקומו', 3), ('קומו', 3)]
  'vessel': 2 families, 44 tokens: [('כלי', 43), ('כלים', 1)]
  'dress': 3 families, 6 tokens: [('שמלת', 4), ('שלמה', 1), ('שלמת', 1)]
  'set': 19 families, 300 tokens: [('נתן', 109), ('נתתי', 44), ('יתן', 42), ('תתן', 31), ('אתן', 21), ('תתנו', 20)]
  'virgin': 2 families, 7 tokens: [('בתולה', 6), ('בתולת', 1)]
  'name': 3 families, 92 tokens: [('שם', 52), ('שמות', 29), ('שמת', 11)]
  'evil': 2 families, 6 tokens: [('עול', 4), ('שוא', 2)]
the chapters' glosses ALREADY rewritten by the earlier walks' by-gloss overrides: ['?', 'God-you/your', 'and-be--long', 'and-be-master-her/its', 'and-brighten-up', 'and-mark', 'and-mislay', 'and-sever-you/your', 'and-vehicle', 'associate-him/its', 'associate-you/your', 'be--make-well', 'be-foul', 'blood--of-man', 'breathe-after', 'brother-him/its', 'brother-you/your', 'bullock-him/its', 'contest', 'crime', 'day-you/your', 'depress-literally-her/its', 'dress', 'engage-for-matrimony', 'from-brother-you/your', 'from-circle', 'from-nearest-part-you/your', 'from-over', 'from-under', 'from-with', 'from-with-you/your', 'gate-you/your', 'going-forth', 'hating-you/your', 'hind-part', 'hind-part-you/your', 'hinder', 'in-associate-you/your', 'in-dwell/sit-you/your', 'in-earth-you/your', 'in-eye-him/its', 'in-field-you/your', 'in-gate-you/your', 'in-hand-you/your', 'in-house-you/your', 'in-nearest-part', 'in-nearest-part-you/your', 'in-one', 'in-place', 'incline-to', 'lave', 'like-all', 'like-as/which', 'like-living-being-you/your', 'little-bird', 'loiter', 'man-at-wages--by-the-day', 'mislay', 'rightness', 'sending-out', 'something-disgusting', 'speck', 'stability', 'the-die', 'the-he/it', 'there-suffix', 'to-brother-you/your', 'to-forever', 'to-possess/inherit-her/its', 'to-say', 'to-separation-him/its', 'to-sojourner', 'to-strange', 'try', 'unit', 'wander-away', 'writing', 'wrong-him/its']
candidates already in by_gloss (excluded from GL): ['?', 'and-be--long', 'and-brighten-up', 'and-mark', 'and-mislay', 'and-sever-you/your', 'and-vehicle', 'associate-him/its', 'associate-you/your', 'be--make-well', 'be-foul', 'blood--of-man', 'breathe-after', 'crime', 'dress', 'from-circle', 'from-nearest-part-you/your', 'going-forth', 'hating-you/your', 'hinder', 'little-bird', 'loiter', 'man-at-wages--by-the-day', 'mislay', 'rightness', 'sending-out', 'something-disgusting', 'speck', 'stability', 'the-die', 'to-separation-him/its', 'to-strange', 'try', 'unit', 'wander-away', 'writing', 'wrong-him/its']
sitting 16 by-gloss rows walked from its marker: 89 | its last row: "in-foot": "for-foot"
by_gloss total 942 | by_ref total 1685 | the last Deut.21 by_ref line:   "Deut.21.23:13": "a-hanged-one"   # תלוי | Deut.22-25 by_ref rows present: 0
