=== chain start 05:55:51 ROOT=/Users/Shared/TorahSim
=== seat deu_22_return_sex_laws 05:55:51
deu_22_return_sex_laws: seated 5 operators on 5 steps [1, 5, 9, 13, 22]; scenarios 7 in the anchor form
=== verify_text deu_22_return_sex_laws 05:55:51
exit 0 TEXT LAYER GREEN: 29 steps, 7 scenarios — deu_22_return_sex_laws
=== ritual deu_22_return_sex_laws 05:55:51
exit 0 Manual next: watchlist (logic/middot_scan/), state-doc update, owner commit word.
=== seat deu_23_qahal_purity_vows 05:56:46
deu_23_qahal_purity_vows: seated 5 operators on 5 steps [1, 10, 16, 22, 25]; scenarios 7 in the anchor form
=== verify_text deu_23_qahal_purity_vows 05:56:46
exit 0 TEXT LAYER GREEN: 26 steps, 7 scenarios — deu_23_qahal_purity_vows
=== ritual deu_23_qahal_purity_vows 05:56:46
exit 0 Manual next: watchlist (logic/middot_scan/), state-doc update, owner commit word.
=== seat deu_24_divorce_poor 05:57:25
deu_24_divorce_poor: seated 5 operators on 5 steps [1, 5, 8, 10, 16]; scenarios 7 in the anchor form
=== verify_text deu_24_divorce_poor 05:57:26
exit 0 TEXT LAYER GREEN: 22 steps, 7 scenarios — deu_24_divorce_poor
=== ritual deu_24_divorce_poor 05:57:26
exit 0 Manual next: watchlist (logic/middot_scan/), state-doc update, owner commit word.
=== seat deu_25_courts_yibbum 05:58:05
deu_25_courts_yibbum: seated 5 operators on 5 steps [1, 4, 5, 11, 17]; scenarios 7 in the anchor form
=== verify_text deu_25_courts_yibbum 05:58:05
exit 0 TEXT LAYER GREEN: 19 steps, 7 scenarios — deu_25_courts_yibbum
=== ritual deu_25_courts_yibbum 05:58:05
exit 0 Manual next: watchlist (logic/middot_scan/), state-doc update, owner commit word.
ALL_DONE
