FACT ordinances.courts(enemy_ox) = ('return_it', 'INK', ['restores'], "23:4 'if you MEET your enemy's ox or his donkey straying, you shall surely return it to him' — 'you shall meet' (תפגע) at [('Exod', 23, 4), ('Jer', 7, 16)] (Jeremiah 7:16 the other); 'your enemy' (איבך) at 6 seats; Deut 22:1-4 restates [IMPORT]")
FACT ordinances.courts(who_is_enemy) = (['idolater', 'relapsed_convert', 'transgressor', 'son_after_a_quarrel'], 'MOVE', ['—'], "Mekhilta on Exod 23:4: who is 'your enemy' — the idolater (R. Yoshiyah), the relapsed convert (R. Eliezer), the Israelite transgressor (R. Yitzchak), R. Natan's son after a quarrel — an enemy for the hour")
FACT ordinances.courts(enemy_three_days) = ('three_days_without_speech', 'ANSWER-SHEET', ['—'], "Mishnah Sanhedrin 3:5: the enemy — whoever has not spoken with him three days in enmity (a judge's disqualification; the sages: Israel are not suspected as witnesses) — the enemy defined by a clock")
FACT ordinances.courts(straying) = ('outside_the_boundary', 'MOVE', ['restores'], "Mekhilta on Exod 23:4: 'straying' = outside the boundary — Gen 37:15's straying Joseph the witness (the gen_60 ink cited)")
FACT ordinances.courts(return_doubled) = ('even_four_and_five_times', 'ANSWER-SHEET', ['restores'], "Mishnah Bava Metzia 2:9: returned and it fled, returned and it fled, even four and five times — liable, 'RETURN, you shall return' (Deut 22:1; this verse's doubled 'return, you shall return it' the same form)")
FACT ordinances.courts(sign_and_claimant) = ('signs_and_claimants', 'ANSWER-SHEET', ['restores'], "Mishnah Bava Metzia 2:5: the garment went out to teach — whatever has SIGNS and CLAIMANTS must be announced; 2:1: sign-less finds are the finder's")
FACT ordinances.courts(deceiver) = ('examine_the_claimant', 'ANSWER-SHEET', ['restores'], "Mishnah Bava Metzia 2:7: the deceiver, even with the signs, not given — examine your brother whether he deceives; what works and eats, works and eats; Mekhilta on Exod 23:4's return ladder (near, far, unknown — announce, examine)")
FACT ordinances.courts(announce_duration) = ('R_Meir_neighbors_R_Yehuda_three_pilgrimages', 'ANSWER-SHEET', ['—'], 'Mishnah Bava Metzia 2:6: until his neighbors know (R. Meir); three pilgrimages and seven days (R. Yehuda)')
FACT ordinances.courts(common_case_animals) = ('ox_or_donkey_names_the_common_case', 'ANSWER-SHEET', ['restores'], "Mishnah Bava Kamma 5:7: ox and every beast alike for the return of the lost and the unloading; why 'ox or donkey'? the verse speaks of the common case — the Mekhilta's method name (22:30) applied by the sheet")
FACT ordinances.courts(lying_under) = ('hapax', 'INK', ['unloading_owed'], "23:5 'if you see the donkey of one who hates you LYING UNDER ITS BURDEN' — the phrase at [('Exod', 23, 5)] alone; 'one who hates you' (שנאך) at [('Exod', 23, 5), ('Prov', 25, 21)] (Proverbs 25:21's 'if your enemy hungers' the other)")
FACT ordinances.courts(unload_doubled) = ('even_four_and_five_times', 'ANSWER-SHEET', ['unloading_owed'], "23:5 'UNLOAD, you shall unload with him' (עזב תעזב) at [('Exod', 23, 5)] alone; Mishnah Bava Metzia 2:10: unloaded and it loaded, even four and five times — liable, 'you shall surely unload'")
FACT ordinances.courts(with_him) = ('owner_idle_exempts', 'ANSWER-SHEET', ['unloading_owed'], "Mishnah Bava Metzia 2:10: the owner went and sat, 'since the duty is on you, unload if you wish' — EXEMPT, 'WITH HIM'; old or sick — liable; Mekhilta on Exod 23:5: 'with him' — only if he shares the work")
FACT ordinances.courts(measure) = ('a_load_it_can_bear', 'ANSWER-SHEET', ['unloading_owed'], "Mishnah Bava Metzia 2:10 (R. Yosei HaGelili): more than its load — not liable, 'UNDER its burden' = a load it can bear; Mekhilta on Exod : 'lying' — not a habitual lier-down")
FACT ordinances.courts(unload_load) = ('unloading_torah_loading_disputed', 'ANSWER-SHEET', ['unloading_owed'], "Mishnah Bava Metzia 2:10: unloading is a Torah duty, loading not (R. Shimon: loading too); Mekhilta on Exod 23:5: R. Yoshiyah both in 'unload'; R. Yehuda b. Beteira splits the verses; R. Yishmael: as unloading is Torah so loading")
FACT ordinances.courts(ris) = ('one_in_seven_and_a_half_of_a_mil', 'DATA', ['—'], "Mekhilta on Exod 23:5: 'see' and 'meet' reconciled by MEASURE — the sages measured the RIS, one in seven and a half of a mil, as the duty distance; the number is the data channel")
FACT ordinances.courts(father_says_no) = ('do_not_listen', 'ANSWER-SHEET', ['unloading_owed'], "Mishnah Bava Metzia 2:10: his father said 'defile' or 'do not return' — he does not listen; Mekhilta on Exod : parents are themselves bound by the commandments")
FACT ordinances.courts(grudge) = ('leave_what_is_in_your_heart', 'MOVE', ['unloading_owed'], "Onkelos Exod 23:5: 'you shall surely LEAVE what is in your heart against him and unload with him' — the grudge released with the load, inside the translation; Mekhilta on Exod : 'azov ta'azov' read both ways")
FACT ordinances.courts(needy_in_his_cause) = ('hapax_the_wicked_and_worthy_pair', 'INK', ['judgment_perverted'], "23:6 'you shall not pervert the judgment of YOUR NEEDY in his cause' — 'your needy' (אבינך) at [('Exod', 23, 6)] alone; 'pervert judgment' at [('Deut', 16, 19), ('Deut', 24, 17), ('Exod', 23, 6)] (Deut 16:19, 24:17); Mekhilta on Exod 23:6-8: do not say 'he is ")
FACT ordinances.courts(keep_far) = ('hapax', 'INK', ['false_report_barred'], "23:7 'from a FALSE MATTER keep far' — the phrase at [('Exod', 23, 7)] alone; Mekhilta on Exod : no ignorant colleague on the bench, no advocates beside the judge, R. Natan: the warning against heresy")
FACT ordinances.courts(no_retrial_acquitted) = ('reversed_for_merit_not_for_liability', 'ANSWER-SHEET', ['false_report_barred'], "23:7 'and the INNOCENT and the RIGHTEOUS do not kill' — the pair at [('Exod', 23, 7)] alone; Mishnah Sanhedrin 4:1: capital cases are reversed for merit, not for liability; Mekhilta on Exod : left guilty and merit found — retried; left acquitted — not ('for I ")
FACT ordinances.courts(bribe) = ('the_bribed_judges_eyes_dim', 'IMPORT', ['bribe_barred', 'judgment_perverted'], "23:8 'and a BRIBE you shall not take, for the bribe blinds the OPEN-EYED (פקחים) and twists the words of the righteous' — 'open-eyed' at [('Exod', 23, 8)] alone, the bribe noun's Torah seats [('Deut', 10, 17), ('Deut', 16, 19), ('Deut', 27, 25), ('Exod', 23, 8")
FACT ordinances.courts(stranger_repeat) = ('know_the_strangers_soul_from_your_own', 'IMPORT', ['—'], "23:9 'and a stranger you shall not oppress, for you know THE SOUL OF THE STRANGER, for you were strangers in Egypt' — 'the soul of the stranger' at [('Exod', 23, 9)] alone; the Mekhilta carries 23:9's content at 22:20 (no paragraph of its own); CALLED cold_run")
FACT ordinances.courts(one_vs_two) = ('merit_by_one_liability_by_two', 'ANSWER-SHEET', ['majority_decides'], 'Mishnah Sanhedrin 4:1: money cases tilt by one either way; capital cases tilt by ONE for merit and by TWO for liability; reversed for merit, not for liability')
FACT ordinances.courts(witness_of_violence) = ('robbers_disqualified', 'MOVE', ['false_report_barred'], "23:1 'do not set your hand with the wicked to be a WITNESS OF VIOLENCE (עד חמס)' — the phrase at [('Deut', 19, 16), ('Exod', 23, 1)]: this and Deut 19:16's scheming witness; Mekhilta on Exod  (R. Natan): the violent and the robbers disqualified as witnesses; M")
FACT ordinances.loan(im_obligation) = ('lending_is_obligation', 'MOVE', ['—'], "Mekhilta on Exod 22:24: 'IF money you lend My people' — 'if' here is OBLIGATION (proven from Deut 15:8's 'you shall surely lend'), one of three obligatory if-clauses; money for money, not produce for produce")
FACT ordinances.loan(priority_ladder) = (['my_people_before_gentile', 'poor_before_rich', 'your_poor_before_your_city', 'your_city_before_another'], 'MOVE', ['—'], "Mekhilta on Exod 22:24: 'MY PEOPLE... THE POOR WITH YOU' — My people before a gentile, the poor before the rich, your poor before your city's, your city's before another's")
FACT ordinances.loan(creditor_manner) = ('not_seen_at_all_times', 'MOVE', ['—'], "22:24 'you shall not be to him AS A CREDITOR (כנשה)' — the token at [('Exod', 22, 24), ('Isa', 24, 2)] (Isaiah 24:2 the other); Mekhilta on Exod : do not show yourself to him at all times")
FACT ordinances.loan(bite_noun) = (4, 'INK', ['interest_barred'], "22:24 'you shall not set on him INTEREST (נשך)' — the bite noun's Torah seats [('Deut', 23, 20), ('Exod', 22, 24), ('Lev', 25, 36), ('Num', 21, 9)]: this, Lev 25:36 (the jubilee engine's), Deut 23:20 (the foreigner), and Num 21:9's biting serpent — the noun is")
FACT ordinances.loan(interest_spec) = ('barred', 'IMPORT', ['interest_barred'], "the two interest nouns compiled at Lev 25:36-37 — CALLED cold_run_yovel.interest() -> both nouns 'barred', definitions 'money_bite_vs_produce_increase' (Mishnah Bava Metzia 5:1) [IMPORT, live call]; this verse writes the BITE noun alone")
FACT ordinances.loan(foreigner) = ('permitted', 'IMPORT', ['interest_barred'], "'My people' — CALLED cold_run_yovel.interest_scope(foreigner) -> 'permitted', (brother) -> 'barred' (Deut 23:21 by import) [IMPORT, live call]; Mishnah Bava Metzia 5:6: iron sheep from gentiles, lending to and borrowing from them at interest")
FACT ordinances.loan(five_prohibitions) = (['lo_titen_Lev_25_37', 'al_tikach_Lev_25_36', 'ke_nosheh_Exod_22_24', 'neshekh_Exod_22_24', 'lifnei_iver_Lev_19_14'], 'ANSWER-SHEET', ['interest_barred'], "Mishnah Bava Metzia 5:11: the lender transgresses 'you shall not give' (Lev 25:37), 'do not take from him' (25:36), 'do not be to him as a creditor' (THIS VERSE), 'do not set interest on him' (THIS VERSE), and 'before the blind do not put a stumbling block' (L")
FACT ordinances.loan(who_transgresses) = (['lender', 'borrower', 'guarantor', 'witnesses'], 'ANSWER-SHEET', ['interest_barred'], 'Mishnah Bava Metzia 5:11: the lender, the borrower, the guarantor, and the witnesses; the sages: the scribe too — Mekhilta on Exod 22:24: Rebbi permits the scribe; R. Meir bars the dictating lender from the resurrection')
FACT ordinances.loan(pledge_sunset) = ('until_the_sun_sets', 'INK', ['pledge_returned_by_sunset'], "22:25 'if you take your fellow's garment in pledge, UNTIL THE SUN SETS you shall return it to him' — the phrase at [('Exod', 17, 12), ('Exod', 22, 25)]: this and Exod 17:12, Moses' hands held up 'until the sun set' — the day's boundary written once for a battl")
FACT ordinances.loan(day_night_garments) = ('day_garment_by_day_night_garment_by_night', 'MOVE', ['pledge_returned_by_sunset'], "Mekhilta on Exod 22:25-26: paired with Deut 24:13's sunset return — 'they pledge day-clothing by night and night-clothing by day, and return each in its time'; Mishnah Bava Metzia 9:13: the pillow returned by night and the plow by day")
FACT ordinances.loan(court_only) = ('only_through_the_court_outside_you_stand', 'ANSWER-SHEET', ['pledge_returned_by_sunset'], "Mishnah Bava Metzia 9:13: the lender takes a pledge only through the court and does not enter the house — 'outside you shall stand' (Deut 24:11 [IMPORT]); two vessels, one taken and one left")
FACT ordinances.loan(widow_not_pledged) = ('never_pledged_rich_or_poor', 'ANSWER-SHEET', ['pledge_returned_by_sunset'], "Mishnah Bava Metzia 9:13: a widow, poor or rich, is not pledged (Deut 24:17 [IMPORT]); the millstone not taken, 'for he takes a life in pledge' (Deut 24:6)")
FACT ordinances.loan(covering_tokens) = ('cloak_shirt_mattress', 'MOVE', ['pledge_returned_by_sunset'], "22:26 'for it is his only COVERING (כסותה), it is his garment for his skin, in what shall he lie down' — 'covering' at [('Exod', 21, 10), ('Exod', 22, 26)]: the maidservant's covering (21:10) and this; Mekhilta on Exod : covering = the cloak, garment = the shi")
FACT ordinances.loan(gracious) = ('hapax', 'INK', ['cry_heard'], "22:26 'and it shall be, when he cries to Me, I will hear, for I am GRACIOUS' — 'gracious am I' at [('Exod', 22, 26)] alone; Mekhilta on Exod : 'with compassion I created My world'")
FACT ordinances.stranger(two_verbs) = ('wrong_hapax_oppress_hapax', 'INK', ['exempt'], "22:20 'a stranger you shall not WRONG (תונה) nor OPPRESS him (תלחצנו)' — each verb form at [('Exod', 22, 20), ('Exod', 22, 20)] alone")
FACT ordinances.stranger(words_vs_money) = ('yesterday_an_idolater_banned', 'IMPORT', ['—'], "Mekhilta on Exod 22:20: the two verbs split — wronging = WORDS, oppression = MONEY; Mishnah Bava Metzia 4:10 quotes this verse for wronging by words ('remember your fathers' deeds' to a convert's son) — CALLED cold_run_holiness_b.convert_measures(word_wrong) -")
FACT ordinances.stranger(you_were_strangers) = ('know_the_strangers_soul_from_your_own', 'IMPORT', ['—'], "22:20 and 23:9 'for you were strangers in the land of Egypt' — the phrase at [('Deut', 10, 19), ('Exod', 22, 20), ('Exod', 23, 9), ('Lev', 19, 34)]: this span's two seats, Lev 19:34, Deut 10:19; CALLED cold_run_holiness_b.convert_measures(you_were_strangers) -")
FACT ordinances.stranger(ger_seats) = ([10, 33, 34], 'IMPORT', ['—'], "the holiness engine's second half counts the stranger's seats in Lev 19 — CALLED cold_run_holiness_b.convert_measures(ger_seats) -> [10, 33, 34] [IMPORT, live call]; the two Exodus seats (22:20, 23:9) are the earlier writing of the same law")
FACT ordinances.stranger(widow_orphan_scope) = ('R_Yishmael_all_persons_R_Akiva_the_named', 'MOVE', ['cry_heard'], "22:21 'every widow and orphan you shall not afflict' — 'widow and orphan' at [('Exod', 22, 21), ('Mal', 3, 5)] (Malachi 3:5 the other), 'you shall not afflict' (תענון) at [('Exod', 22, 21)] alone; Mekhilta on Exod 22:21-23: R. Yishmael — ALL persons (the verbs")
FACT ordinances.stranger(one_affliction) = ('one_affliction_is_liability', 'MOVE', ['cry_heard'], 'Mekhilta on Exod 22:21-23: one affliction, great or small, is liability — with the execution narrative: R. Shimon and R. Yishmael led out, and R. Yishmael locates the sin in litigants kept waiting while he finished his cup or sandal')
FACT ordinances.stranger(cry_doubled) = ('cry_cry_hear_hear', 'INK', ['cry_heard'], "22:22 'if you afflict, afflict him — for if he CRIES, CRIES to Me, I will HEAR, HEAR his cry' — three doubled verbs in one verse (the doubled verbs of the spans at [(22, 22), (22, 25), (23, 5), (23, 22), (23, 24), (23, 30)]); Mekhilta on Exod : heard always, F")
FACT ordinances.stranger(measure_for_measure) = ('wives_widows_sons_orphans', 'INK', ['cry_heard', 'put_to_death'], "22:23 'My anger shall burn and I will kill you with the sword, and your wives shall be WIDOWS and your sons ORPHANS' — the punishment mirrors the offense word for word; Mekhilta on Exod : 'living widowhood' — courts unable to release, sons kept from the estate")
FACT ordinances.gifts(delay_is_reorder) = ('do_not_reorder', 'MOVE', ['gift_order_barred'], "'you shall not DELAY' at [('Deut', 23, 22), ('Exod', 22, 28), ('Isa', 46, 13)] (Deut 23:22's vow, Isa 46:13) — Mekhilta on Exod : do not REORDER the gifts: first fruits before terumah before the first tithe before the second, argued from the four, three, two, ")
FACT ordinances.gifts(order_sheet) = ('act_stands_though_forbidden', 'ANSWER-SHEET', ['gift_order_barred'], "Mishnah Terumot 3:6: one who separates terumah before the first fruits, the first tithe before terumah, the second before the first — though he transgresses a prohibition, WHAT HE DID IS DONE, 'your fullness and your outflow you shall not delay' — THIS VERSE q")
FACT ordinances.gifts(fullness_outflow) = ('first_fruits_and_terumah', 'MOVE', ['gift_order_barred'], "22:28 'your FULLNESS (מלאתך) and your OUTFLOW (ודמעך) you shall not delay' — each noun at [('Exod', 22, 28), ('Exod', 22, 28)] alone in the Tanakh; Mekhilta on Exod 22:28: fullness = first fruits, outflow = terumah; Onkelos Exod 22:28 writes 'your first fruits")
FACT holiness.gifts(kinds) = (['corner', 'fallen_grapes', 'gleanings', 'small_clusters'], 'INK', ['left_for_the_poor'], "the four gift-nouns of 19:9-10 (corner [9, 27], gleanings [9, 10], small clusters [10], fallen grapes [10]); the forgotten sheaf and olive are Deut 24:19-20's [IMPORT], the poor tithe Deut 14:28's")
FACT holiness.gifts(recipients) = ('the_poor_and_the_convert_not_the_resident_alien', 'INK', ['left_for_the_poor'], '19:10 "to the POOR and the CONVERT you shall leave them" ([10]) — Sifra, Kedoshim, Chapter 3 4: the convert a covenant member, not the resident alien')
FACT holiness.gifts(measure) = ('no_measure_in_the_ink', 'INK', ['left_for_the_poor'], '19:9 writes "you shall not FINISH the corner" and no fraction — the quantity is a PARAMETER (Mishnah Peah 1:1: the corner has no measure)')
FAIL holiness.gifts(gentile_then_converted): ValueError: gentile_then_converted
FAIL holiness.gifts(moment): KeyError: 'state_at_reaping'
FAIL holiness.gifts(leket): KeyError: 'position'
FACT holiness.gifts(heap) = ('what_touches_the_ground_the_poor_wind_estimate', 'MOVE', ['left_for_the_poor'], 'Peah 5:1 — Sifra, Kedoshim, Chapter 3 7 (wind-scattered after separation: the poor keep gain and loss; the estimate data)')
FACT holiness.gifts(doubt) = ('to_the_poor', 'MOVE', ['left_for_the_poor'], 'Sifra, Kedoshim, Chapter 3 7 — doubt-gleaning is gleaning, doubt-forgotten forgotten, doubt-corner corner')
FACT holiness.gifts(peret) = ('what_falls_at_the_cutting', 'MOVE', ['left_for_the_poor'], '"the fallen grapes of your vineyard" (19:10) — Sifra, Kedoshim, Chapter 3 2 VERBATIM: only what falls BY THE CUTTING; stem-cut, tangled, scattered — the owner\'s (Peah 7:3)')
FACT holiness.gifts(olelet) = ('small_cluster_the_poor', 'MOVE', ['left_for_the_poor'], '"you shall not glean small clusters" (19:10) — Sifra, Kedoshim, Chapter 3 3 VERBATIM: no shoulder and no drip')
FACT holiness.gifts(olelet_edges) = ({'knee_cluster_cut_with_the_main': 'owner', 'single_grape': ['R._Yehuda_cluster', 'sages_small_cluster']}, 'ANSWER-SHEET', ['—'], 'Peah 7:4')
FAIL holiness.gifts(reaped_by): KeyError: 'who'
FACT holiness.gifts(for_named_poor) = (['R._Eliezer_acquired', 'sages_to_the_first_poor_found'], 'MOVE', ['left_for_the_poor'], 'Peah 4:9 — Sifra, Kedoshim, Chapter 2 6: not FOR one poor over the rest')
FACT holiness.gifts(renunciation) = (['Hillel_to_the_rich_too_like_the_seventh_year', 'Shammai_to_the_poor_suffices'], 'MOVE', ['left_for_the_poor'], '19:10 "leave them to the poor and the convert" is a GIFT with named recipients; Exod 23:11\'s release is to all [IMPORT] — Hillel keeps the two apart (Peah 6:1 = Eduyot 4:3)')
FACT holiness.gifts(trees) = (['sumac', 'carobs', 'nuts', 'almonds', 'vines', 'pomegranates', 'olives', 'dates'], 'MOVE', ['left_for_the_poor'], 'Sifra, Kedoshim, Chapter 1 8 VERBATIM — the tree census (Peah 1:5); the fig fails "gathered as one"')
FACT holiness.gifts(three_times) = (['morning', 'noon', 'afternoon'], 'DATA', ['left_for_the_poor'], 'Peah 4:5 — Rabban Gamliel not fewer, R. Akiva not more; the house of Namer per row')
FACT holiness.gifts(no_sickles) = ('no_sickles_or_axes_that_they_not_strike_each_other', 'MOVE', ['—'], "Peah 4:4 — a fence on the scramble (Sifra, Kedoshim, Chapter 3 6's danger reasoning)")
FACT holiness.gifts(seizing) = ('threw_on_the_rest_nothing_fell_or_cloak_removed', 'ANSWER-SHEET', ['—'], 'Peah 4:3 — the poor acquire by the hand, not by covering; likewise leket and the forgotten sheaf')
FACT holiness.wage(oppression_class) = ('the_money_class_the_wage_withholder', 'MOVE', ['wage_due_by_morning'], '19:13 "oppress not... rob not" — Sifra, Kedoshim, Section 2 9: oppression bounded to the MONEY class by "you shall not rob"; Onkelos: oppress not, coerce not')
FACT holiness.wage(hire_kinds) = (['man', 'beast', 'tools', 'land'], 'MOVE', ['wage_due_by_morning'], '19:13 "the WORK of a hired one" — Sifra, Kedoshim, Section 2 9: beast hire, tool hire, land hire (Bava Metzia 9:12: man, beast, tools)')
FACT holiness.wage(first_morning) = ('the_first_morning_only', 'INK', ['wage_due_by_morning'], '19:13 "shall not stay overnight with you UNTIL MORNING" ([\'תעשק\', \'תגזל\', \'תלין\', \'פעלת\', \'שכיר\', \'בקר\']) — Sifra, Kedoshim, Section 2 10: the first morning; after it a standing debt, no new violation')
FAIL holiness.wage(claimed): KeyError: 'claimed'
FACT holiness.wage(assigned) = ('no_violation_the_employer_clear', 'MOVE', ['exempt'], 'Sifra, Kedoshim, Section 2 11 — assigned to the shopkeeper or the money-changer (Bava Metzia 9:12); the claim now lies against the shopkeeper (Shevuot 7:5)')
FAIL holiness.wage(clock): KeyError: 'worker'
FAIL holiness.wage(day): ValueError: day
FAIL holiness.wage(night): ValueError: night
FAIL holiness.wage(hour): ValueError: hour
FACT holiness.wage(resident_alien) = ('under_on_his_day_not_under_until_morning', 'ANSWER-SHEET', ['wage_due_by_morning'], 'Bava Metzia 9:12 — the resident alien: Deut 24:14 "of your convert" [IMPORT] yes; 19:13 "your NEIGHBOR" ([13]) no')
FACT holiness.wage(who_swears) = ('the_hired_man_swears_and_takes_in_his_time', 'ANSWER-SHEET', ['oath_imposed'], "Shevuot 7:1 / Bava Metzia 9:12 — the wage clause reverses the oath's direction; past his time not, unless witnesses saw him claim; R. Yehuda: with a partial admission")
FACT holiness.wage(in_kind) = ('not_heeded', 'ANSWER-SHEET', ['wage_due_by_morning'], 'Bava Metzia 10:5 — "take what you made as your wage": payment in kind against the worker\'s will does not discharge (Sifra, Kedoshim, Section 2 10\'s by-your-will)')
FAIL holiness.conduct(lender_at_interest): ValueError: lender_at_interest
FAIL holiness.conduct(no_favor): KeyError: 'who'
FACT holiness.conduct(equal_treatment) = (['not_one_at_length_and_one_cut_short', 'not_one_standing_and_one_sitting'], 'MOVE', ['—'], 'Sifra, Kedoshim, Chapter 4 4 — the equal-treatment protocol (R. Yehuda: seat both)')
FACT holiness.conduct(bribe) = ('the_bribed_judges_eyes_dim', 'IMPORT', ['judgment_perverted'], 'Peah 8:9 — Exod 23:8 [IMPORT]')
FACT holiness.conduct(hate) = ('in_the_heart_only_is_the_ban', 'INK', ['—'], '19:17 "hate not your brother IN YOUR HEART" ([\'תשנא\', \'בלבבך\'])')
FACT holiness.conduct(five_effects) = (['defiles_the_land', 'profanes_the_Name', 'removes_the_Presence', 'fells_by_the_sword', 'exiles'], 'MOVE', ['judgment_perverted'], '19:15 "do no wrong in judgment" — Sifra, Kedoshim, Chapter 4 1: the judge\'s five names and five effects')
FACT holiness.conduct(scale_of_merit) = ('judge_every_person_toward_merit', 'MOVE', ['—'], '19:15 "in RIGHTEOUSNESS judge your fellow" — Sifra, Kedoshim, Chapter 4 4\'s second reading')
FACT holiness.conduct(great_rule) = (['R._Akiva_love_your_neighbor', 'ben_Azzai_the_book_of_the_generations_of_man'], 'MOVE', ['love_owed'], '19:18 "love your neighbor as yourself" (love-as-yourself at [18, 34]: the neighbor and the convert) — Sifra, Kedoshim, Chapter 4 12; Onkelos "show love to your fellow"')
FACT holiness_b.mixtures(three_bans) = (['breed', 'sow', 'wear'], 'INK', ['mixture_barred'], '19:19 — three verbs [\'תרביע\', \'תזרע\', \'יעלה\'] on one noun written three times (the noun\'s Torah seats [(\'Deut\', 22, 9), (\'Lev\', 19, 19)]: here thrice, Deut 22:9 once [IMPORT]); "shaatnez" at [(\'Deut\', 22, 11), (\'Lev\', 19, 19)] alone')
FACT holiness_b.mixtures(noun_thrice) = (3, 'INK', ['mixture_barred'], '19:19 — the mixture noun stands three times in the one verse, once per household object (beast, field, garment)')
FACT holiness_b.mixtures(vineyard) = ('routed_Deut_22_9', 'IMPORT', ['—'], 'Mishnah Kilayim 4-7 and Orlah 3:6 — the VINEYARD\'s mixture (the bald patch, the perimeter, the espalier, the sanctifying, the benefit ban) is Deut 22:9\'s institution [IMPORT — the Deuteronomy walk]; 19:19 writes "your FIELD"')
FAIL holiness_b.mixtures(seeds): ValueError: seeds
FAIL holiness_b.mixtures(garments): ValueError: garments
FAIL holiness_b.mixtures(beasts): ValueError: beasts
FACT holiness_b.mixtures(plowing) = ('routed_Deut_22_10', 'IMPORT', ['—'], 'Mishnah Kilayim 8:2-3 — plowing, drawing, leading with two kinds is Deut 22:10\'s "ox and donkey together" [IMPORT]; the pairs table shared with Sifra, Kedoshim, Chapter 4 15')
FACT holiness_b.mixtures(materials) = ('wool_and_linen_only', 'IMPORT', ['mixture_barred'], '19:19\'s "shaatnez" resolved by Deut 22:11 "wool and linen together" [IMPORT] — Mishnah Kilayim 9:1: nothing is kilayim but wool and linen')
FACT holiness_b.mixtures(shaatnez_defined) = (['carded', 'spun', 'woven'], 'MOVE', ['mixture_barred'], '19:19 "shaatnez" — Sifra, Kedoshim, Chapter 4 18 VERBATIM (Mishnah Kilayim 9:8): the one word read out as its three letters\' predicates, carded, spun, and woven (the acronym middah, E30) — a single noun = three conjoined predicates')
FACT holiness_b.mixtures(wearing_vs_covering) = ({'wear': 'banned', 'cover': 'banned', 'spread_beneath': 'permitted_by_ink', 'one_fiber_curling': 'sages_fence'}, 'MOVE', ['mixture_barred'], '19:19 "shall not come UPON you" — Sifra, Kedoshim, Chapter 4 18: wearing and covering banned, the shoulder-load permitted, spreading beneath permitted by ink; the sages fence the fiber that curls onto the flesh (Mishnah Kilayim 9:2\'s cushions)')
FAIL holiness_b.mixtures(wear): ValueError: wear
FAIL holiness_b.mixtures(cover): ValueError: cover
FAIL holiness_b.mixtures(spread_beneath): ValueError: spread_beneath
FACT holiness_b.mixtures(admixture) = ('reduce_it_R._Yosei_pick_it_out', 'DATA', ['—'], 'Mishnah Kilayim 2:1-2 — a quarter-kav in a seah (one in twenty-four): the admixture threshold on the seed sack (data); R. Shimon one kind only, the sages all join')
FACT holiness_b.mixtures(class_table) = ({'wild_ox': ['beast', 'R._Yosei_wild'], 'dog': ['wild', 'R._Meir_beast'], 'pig': 'beast', 'wild_ass': 'wild', 'elephant_and_ape': 'wild', 'man': 'permitted_with_all'}, 'DATA', ['—'], 'Mishnah Kilayim 8:5-6 — the class table the pairs run on, its disputes carried; the human outside the beast class')
FACT holiness_b.mixtures(mule_kind) = ('follows_the_mother_R._Yehuda', 'ANSWER-SHEET', ['mixture_barred'], "Mishnah Kilayim 8:4 — all born of the horse, though their father a donkey, permitted with each other; the horse-born with the donkey-born forbidden: the hybrid's kind by its dam (the breeding predicate under 19:19; the leading clause Deut 22:10's)")
FAIL holiness_b.mixtures(dog): ValueError: dog
FAIL holiness_b.mixtures(wild_ox): ValueError: wild_ox
FACT holiness_b.mixtures(three_institutions) = (['kilayim', 'afflictions', 'priestly_garments'], 'ANSWER-SHEET', ['—'], "Mishnah Kilayim 9:1 — the one material pair under three laws: the mixture, the garment affliction (Lev 13:47 — the affliction engine's garment track), the priests' service garments")
FACT holiness_b.mixtures(majority) = ('by_majority_half_forbidden', 'DATA', ['—'], 'Mishnah Kilayim 9:1 — camel wool with sheep wool: the majority rules; half and half forbidden; likewise flax and hemp (data)')
FACT holiness_b.mixtures(temporary) = ('no_temporary_wearing_even_over_ten_even_for_customs', 'ANSWER-SHEET', ['mixture_barred'], 'Mishnah Kilayim 9:2')
FACT holiness_b.maidservant(lashing_procedure) = ('reader_reads_died_under_hand_exempt_extra_strap_exile', 'ANSWER-SHEET', ['lashes'], "Mishnah Makkot 3:14 — the lashing procedure the links put at 19:20's inquest")
FACT holiness_b.maidservant(death_withheld) = ('not_put_to_death_for_she_was_not_freed', 'INK', ['exempt'], '19:20 "they shall NOT be put to death, for she was not freed" — the death sanction withheld by the verse\'s own reason')
FAIL holiness_b.maidservant(lashes): ValueError: lashes
FAIL holiness_b.maidservant(count): ValueError: count
FAIL holiness_b.maidservant(sex_punished): ValueError: sex_punished
FAIL holiness_b.maidservant(deliberate): ValueError: deliberate
FAIL holiness_b.maidservant(minor): ValueError: minor
FACT yovel.interest() = {'both_nouns': ('barred', 'INK', ['interest_barred'], 'נשך ותרבית at 25:36; בנשך / ובמרבית at 25:37'), 'definitions': ('money_bite_vs_produce_increase', 'MOVE', ['interest_barred'], 'a sela for five dinars; wheat reckoned at the risen price for wine he lacks (Sifra Behar Section 5 2)')}
FACT yovel.interest_scope(brother) = ('barred', 'INK', ['interest_barred'], 'אל תקח מאתו נשך ותרבית (take no interest or increase from him) … וחי אחיך עמך (25:36, that your brother may live with you) — your BROTHER')
FACT yovel.interest_scope(foreigner) = ('permitted', 'MOVE', ['—'], "IMPORT EDGE (M-07): לנכרי תשיך ולאחיך לא תשיך (to the foreigner you may lend at interest, to your brother not — Deut 23:21); Mishnah Bava Metzia 5:6's iron sheep from gentiles")
FACT yovel.support_duty(faltering) = ('uphold_before_he_falls', 'MOVE', ['supports_kinsman'], "INK: והחזקת בו (and you shall strengthen him, 25:35) — the duty; its TIMING is the Sifra's: like a load on a donkey — while it is still in place one man holds it up, fallen to the ground five cannot raise it (Sifra Behar Section 5 1)")
FACT yovel.support_duty(supported_four_or_five_times) = ('support_again', 'INK', ['supports_kinsman'], 'והחזקת בו — the verb bears no count; the Sifra reads the repeat off it: "even four or five times, support again" (Section 5 1)')
FACT yovel.support_duty(your_life_against_his) = ('your_life_first', 'MOVE', ['—'], 'וחי עמך (that he live WITH you, 25:35-36) — "your life comes first" (Sifra Behar Section 5 1)')
FACT sanctions.grade(second_degree) = ('release_not_levirate', 'ANSWER-SHEET', ['released'], 'Yevamot 2:4 — the seconds "from the words of the scribes" (self-labeled scribal; verdicted, not encoded)')
FACT sanctions.grade(fathers_wife) = ('release_or_levirate', 'INK', ['—'], "no ban — Deut 25:5's ordinary case [IMPORT]")
FACT sanctions.grade(brothers_wife) = ('release_or_levirate', 'INK', ['—'], "no ban — Deut 25:5's ordinary case [IMPORT]")
FACT sanctions.grade(married_woman) = ('neither_release_nor_levirate', 'INK', ['exempt'], '18:29 "the souls that do shall be cut off" — the karet class IS the ervah grade; the union takes no marriage, so no bond forms (Yevamot 2:3)')
FACT sanctions.grade(menstruant) = ('neither_release_nor_levirate', 'INK', ['exempt'], '18:29 "the souls that do shall be cut off" — the karet class IS the ervah grade; the union takes no marriage, so no bond forms (Yevamot 2:3)')
FACT sanctions.grade(sister) = ('release_or_levirate', 'INK', ['—'], "no ban — Deut 25:5's ordinary case [IMPORT]")
FACT sanctions.levirate(fifteen) = (["her daughter's daughter", "her son's daughter", 'his daughter', "his daughter's daughter", 'his daughter-in-law', "his father-in-law's mother", "his maternal brother's wife", 'his maternal sister', "his mother's sister", 'his mother-in-law', "his mother-in-law's mother", "his son's daughter", "his wife's daughter", "his wife's sister", 'the wife of a brother not in his world'], 'INK', ['exempt'], '18:6-18 composed with "his paternal brother" — fourteen relations survive the composition (not forbidden to the brother: his niece, his stepsister, his father\'s wife\'s sister, his nephew\'s wife, his stepbrother\'s wife, his brother\'s wife\'s kin) + the daughter ')
FACT sanctions.levirate(six) = (["his father's brother's wife", "his father's sister", "his father's wife", 'his mother', "his paternal brother's wife", 'his paternal sister'], 'INK', ['exempt'], "the six whose composition lands back in the list: his mother = the brother's father's wife (18:8); his father's wife, his father's sister, his paternal sister, his father's brother's wife, his paternal brother's wife = the brother's own (Sifra, Kedoshim, Chapt")
FACT sanctions.levirate(count) = ((15, 6), 'INK', ['—'], 'the partition of the twenty kinship relations + one import')
FACT sanctions.levirate(rival_chain) = ('rival_of_rival_exempt_even_a_hundred', 'INK', ['exempt'], 'Yevamot 1:2 — the same predicate recursed: the rival married a second brother and died — her rival is exempt as she was; Sifra, Kedoshim, Chapter 12 11 ("their rivals\' rivals to the end of the world")')
FACT sanctions.levirate(release_timing) = ('ervah_must_stand_at_the_death', 'MOVE', ['released'], '18:18 "upon her IN HER LIFETIME" read at the moment of the bond (Sifra, Kedoshim, Chapter 12 10, the upon-her analogy): the daughter who died or was divorced BEFORE the brother\'s death frees her rival; whoever could refuse and did not — her rival performs rele')
FACT sanctions.levirate(not_in_world) = ('exempt_and_her_rival_exempt', 'IMPORT', ['exempt'], 'Deut 25:5 "when brothers dwell TOGETHER" [IMPORT] — the bond never attached to a brother born after the death; the second wife exits as her rival (Yevamot 2:1-2 — the order of birth and levirate does not change it)')
FACT sanctions.levirate(not_in_world_maamar) = ('release_not_levirate_R._Shimon_either', 'MOVE', ['released'], "Yevamot 2:1-2 — a declaration (maamar) made and he died: the second performs release; R. Shimon: he takes or releases whichever he wishes — the declaration's force is the sheet's parameter, the dispute carried")
FACT sanctions.levirate(houses) = (['Beit_Shammai_permit_the_rivals', 'Beit_Hillel_forbid'], 'ANSWER-SHEET', ['exempt'], 'Yevamot 1:4 (= Eduyot 4:8) — the houses on the rival wives; the machine\'s verdict is Hillel\'s (the Sifra\'s "from here they said", Chapter 12 11); the intermarriage peace kept')
FACT sanctions.cowives(ervah_sister_free) = ('forbidden_to_her_permitted_to_her_sister', 'MOVE', ['exempt'], 'Yevamot 3:2 — an ervah takes no marriage, so she is no "wife" and her sister no "wife\'s sister": 18:18\'s "you shall not TAKE" binds only where a taking exists (Sifra, Kedoshim, Chapter 10 12\'s taking-path reading on the parallel clause)')
FACT sanctions.cowives(zikah_sisters) = ('release_not_levirate_married_first_put_out', 'ANSWER-SHEET', ['released'], "Yevamot 3:1 — four brothers, two sisters bound to both: the BOND counted as a marriage for 18:18 — the sheet's parameter (R. Eliezer: Shammai let them keep, Hillel put out)")
FACT sanctions.cowives(stranger_cases) = ('wifes_sister_exits_and_her_rival', 'INK', ['exempt'], "Yevamot 3:6 — the stranger-married brother took a sister's husband's widow and died: the first exits as the wife's sister (18:18), the second as her rival; a declaration — release")
FACT sanctions.cowives(one_hour) = ('forbidden_forever', 'MOVE', ['exempt'], 'Yevamot 3:7, 3:9 — the status AT THE DEATH fixes the verdict: forbidden one hour (as the wife\'s sister while the wife lived, 18:18 "in her lifetime") — forbidden forever, though the wife has since died')
FACT sanctions.cowives(maamar_houses) = (['Shammai_his_wife_stays', 'Hillel_puts_out_both'], 'ANSWER-SHEET', ['—'], 'Yevamot 3:5 — "woe to him for his wife and woe for his brother\'s wife": the declaration\'s force disputed')
FACT sanctions.cowives(two_bonds) = ('release_not_levirate_one_levir_not_two', 'IMPORT', ['released'], 'Yevamot 3:9 — "one of them died — her levir shall come upon her" (Deut 25:5) [IMPORT]: one bond, not two; R. Shimon takes either')
FACT sanctions.cowives(divorced_before) = ('rivals_permitted', 'INK', ['—'], 'Yevamot 3:7 — divorced BEFORE the death: "all who died or were divorced, their rivals are permitted" (1:1)')
FACT sanctions.unions_misc(brother_wife_window) = ('forbidden_with_children_permitted_childless_by_levirate', 'MOVE', ['childless'], 'Sifra, Kedoshim, Chapter 12 8 — "she is niddah": LIKE THE MENSTRUANT, a prohibition with a permitted state (Deut 25:5 [IMPORT]); 20:21 "childless" the Sifra\'s two readings, Onkelos ruling "without child"')
FACT sanctions.unions_misc(father_clause) = ('the_male_lying_with_the_father', 'MOVE', ['stoned'], '18:7 "your father\'s nakedness" — read as the father himself (the male clause 18:22 / 20:13; Sanhedrin 54a not opened) — Sanhedrin 7:4 counts him under the male')
FACT sanctions.unions_misc(void_betrothal) = ('neither_betrothed', 'INK', ['exempt'], "Kiddushin 2:7 — a woman and her daughter, or two sisters, as one: 18:17-18's pairs cannot both be taken — the ervah grade voids the act (Yevamot 2:3)")
FAIL sanctions.unions_misc(maidservant_or_gentile_daughter): ValueError: maidservant_or_gentile_daughter
FAIL sanctions.unions_misc(niddah): ValueError: niddah
FACT sanctions.unions_misc(no_inference) = (['no_punishing_from_inference', 'no_warning_from_inference'], 'MOVE', ['—'], 'Sifra, Kedoshim, Chapter 11 10, 11 12 — the sister of both parents needs her own clause (20:17 gives it); Sifra, Acharei Mot, Chapter 13 14: the general-and-particular closes the class')
FACT sanctions.frame(lashes_discharge_karet) = (['discharged_R._Chananya_b._Gamliel'], 'ANSWER-SHEET', ['lashes'], 'Makkot 3:15 — "your brother shall be degraded... once lashed he is your brother" (Deut 25:3 [IMPORT])')
FACT sanctions.frame(karet_persons) = ('man_and_woman_the_doers_not_the_approach', 'INK', ['karet_cut_off'], '18:29 "the SOULS that DO them shall be cut off" — Sifra, Acharei Mot, Chapter 13 20-21: both sexes; the doers, not the mere approach')
FACT sanctions.frame(court_warned) = ('the_court_warned_over_the_charge', 'MOVE', ['—'], '18:30 "keep My CHARGE" — Sifra, Acharei Mot, Chapter 13 22 (Onkelos: the charge of My Word); 13 4: "say to them" a warning to the court')
FACT sanctions.frame(disqualified) = ('disqualified_from_following_Me', 'MOVE', ['disqualified'], 'Sifra, Acharei Mot, Chapter 13 22 — "defile yourselves in them and you are DISQUALIFIED"')
FACT sanctions.frame(majority_threshold) = ('most_of_the_windpipe_vs_half_a_hairs_breadth', 'MOVE', ['—'], 'Sifra, Kedoshim, Chapter 9 9 — "between the pure FOR YOU and the impure FOR YOU": most of the windpipe cut vs half — a hair\'s breadth between (the transmitted tolerance = data)')
FACT sanctions.frame(live_by_them) = ('transgress_and_live', 'MOVE', ['—'], '18:5 — told privately "worship or be killed": he transgresses and lives (Sifra, Acharei Mot, Chapter 13 13); Onkelos 18:5 "to eternal life" beside it')
FACT sanctions.frame(sit_and_abstain) = ('rewarded_as_one_who_did_a_commandment', 'INK', ['—'], 'Makkot 3:15 — R. Shimon FROM ITS OWN PLACE: "the souls that DO shall be cut off" (18:29) and "which a man shall DO and live" (18:5) — the two DO tokens censused ((True, True)): whoever sits and does not transgress is rewarded')
FACT sanctions.census(stoned) = (['his daughter-in-law', "his father's wife", 'his mother', 'the Molech giver', 'the curser of father and mother', 'the ghost-pit or familiar bearer', 'the male', 'the man with a beast', 'the woman bringing a beast'], 'INK', ['stoned'], "Sanhedrin 7:4 — this span's members of the stoned census: the formula seats + the two named stonings + the beast by analogy")
FACT sanctions.census(burned) = (['a woman and her mother'], 'INK', ['burned_by_court'], 'Sanhedrin 9:1 — the burning clause (20:14)')
FACT sanctions.census(strangled) = (["a man's wife"], 'MOVE', ['put_to_death'], 'Sanhedrin 11:1 — the bare "put to death" of 20:10 filled as strangling')
FACT sanctions.census(lashes) = (["his brother's wife", "his father's brother's wife", "his father's sister", "his mother's sister", 'his sister', "his wife's sister", 'the menstruant'], 'INK', ['lashes'], "Makkot 3:1 — the lash list = the karet-grade unions WITHOUT a court death (a death supersedes the lashes; the lash itself is Deut 25:2-3's [IMPORT])")
FACT sanctions.census(karet_count) = (20, 'INK', ['karet_cut_off'], "Keritot 1:1 — this span's members of the thirty-six: 17 karet unions (his father's wife, his mother, his daughter-in-law, the male, the man with a beast, the woman bringing a beast, a woman and her mother, a man's wife, his sister, the menstruant, his father's")
FACT sanctions.curser(mode) = ('stoning', 'MOVE', ['stoned'], '20:9 "his blood is upon him" — the formula\'s singular seat ([(20, 9)]), decoded on 20:27; Sifra, Kedoshim, Chapter 9 3')
FACT sanctions.curser(after_death) = ('liable', 'MOVE', ['stoned'], 'Sanhedrin 11:1 — the curser AFTER DEATH liable, the striker after death exempt: Sifra, Kedoshim, Chapter 9 3 (20:9\'s doubled "his father and his mother he cursed" read past the death; the striker\'s clause needs a wound)')
FACT sanctions.curser(warning_source) = ('the_common_side_of_judge_prince_deaf', 'MOVE', ['—'], 'Sifra, Kedoshim, Chapter 10 7 — THE THREE-SOURCE ARGUMENT: judge, prince, deaf each refuted alone, closed by "in your people"; the freed "judge" GIVEN to the father (M-18); Exod 21:17 the punishment\'s twin [IMPORT]')
FACT priesthood.family(zonah) = ({'R._Yehuda': 'the_aylonit', 'sages': ['the_convert', 'the_freed_slavewoman', 'illicit_intercourse'], 'R._Eliezer': 'even_unmarried_not_for_marriage', 'onkelos': 'one_who_goes_astray'}, 'MOVE', ['profaned_seed'], '21:7 "a woman ZONAH" — Sifra, Emor, Chapter 1 7 (Mishnah Yevamot 6:5 verbatim); Onkelos Lev 21:7 on the sages\' arm')
FACT priesthood.family(chalalah) = ('born_of_a_disqualified_union', 'MOVE', ['profaned_seed'], '21:7 "or a PROFANED woman" — Sifra, Emor, Chapter 1 8')
FACT priesthood.family(chalutzah) = (['barred_by_a_fortiori_from_the_divorcee', 'the_rival_refutes', 'and_a_woman_amplifies', 'the_rival_out_by_from_her_husband'], 'MOVE', ['profaned_seed'], '21:7 "a woman divorced FROM HER HUSBAND" — Sifra, Emor, Chapter 1 9-10: the chalutzah in, the rival wife out (Mishnah Makkot 3:1: divorcee-and-chalutzah ONE name)')
FAIL priesthood.family(husband): ValueError: husband
FAIL priesthood.family(unfit): ValueError: unfit
FAIL priesthood.family(raped_or_seduced): ValueError: raped_or_seduced
FACT priesthood.family(sanctify_him) = ({'by_force': 'beat_him_if_he_refuses', 'warned': 'the_court', 'blemished': 'holy'}, 'MOVE', ['—'], '21:8 "and you shall SANCTIFY him... I the LORD sanctify you" — Sifra, Emor, Chapter 1 13: the court warned; the sanctifier formula at [(21, 8), (21, 15), (21, 23), (22, 9), (22, 16), (22, 32)]')
FACT priesthood.family(husband_fork) = ({'sifra': 'husband', 'onkelos': 'the_great_one_among_his_people'}, 'MOVE', ['—'], '21:4 בַּעַל read two ways — Sifra, Emor, Section 1 15 (husband) vs Onkelos Lev 21:4 ("the GREAT ONE among his people shall not defile") — a recorded fork on one token')
FAIL priesthood.acceptable(vows): ValueError: vows
FAIL priesthood.acceptable(freewill_or_vow): ValueError: freewill_or_vow
FACT priesthood.acceptable(castration) = ({'anatomies': ['R._Yehuda_testicles', 'R._Eliezer_member', 'R._Yosei_two_and_two'], 'do_not_do': 'not_only_offer', 'birds': 'included', 'abroad': 'included', 'humans': 'by_revocalization_and_in_you', 'females': ['included', 'R._Yehuda_not']}, 'MOVE', ['lashes'], '22:24 "crushed, pounded, torn, cut... and in your land you shall not DO" — Sifra, Emor, Chapter 7 9, 7 11-12 (ben Chakinai: ובארצכם read ובכם, M-16); Mishnah Yevamot 8:2 the human\'s crushed testicle "even one"')
FACT priesthood.acceptable(sarua_kalut) = ({'sarua': 'dislocated_hip', 'kalut': 'hoof_like_a_horse_or_donkey', 'onkelos': 'extra_and_lacking'}, 'MOVE', ['not_accepted'], "22:23 (sarua shared with 21:18) — Sifra, Emor, Chapter 7 6; Onkelos Lev 22:23 a recorded fork (Mishnah Bekhorot 6:7: five legs or three; kalut like a donkey's)")
FACT priesthood.acceptable(whole_male) = ({'beasts': 'whole_and_male', 'birds': 'not_whole_not_male_but_not_the_maimed'}, 'MOVE', ['accepted'], '22:19 "whole, male, in cattle, in sheep, in goats" ([19, 21]) — Sifra, Emor, Section 7 2: a bird with a dried wing, a gouged eye, a cut leg barred by "from the bird" (Lev 1:14); Mishnah Temurah 6:4\'s premise (no blemish disqualifies the bird)')
FACT priesthood.acceptable(no_shekels) = ({'shekels': 'not_accepted', 'vows': 'accepted', 'blemished_from_gentiles': 'not_accepted'}, 'MOVE', ['not_accepted'], '22:25 "from the hand of a FOREIGNER you shall not offer the bread of your God of all these" ([(\'Lev\', 22, 25)]) — Sifra, Emor, Chapter 7 12 = Mishnah Shekalim 1:5')
FAIL priesthood.acceptable(shekels): ValueError: shekels
FAIL priesthood.holy_food(forbidden_union): ValueError: forbidden_union
FACT priesthood.holy_food(daughter_to_stranger) = ({'stranger': 'levite_israelite', 'to_a_man': 'to_one_who_feeds', 'forbidden_union': 'disqualifies_from_terumah', 'she_feeds': 'her_mother'}, 'MOVE', ['stranger_barred'], '22:12 "a priest\'s daughter, when she is to a STRANGER man" — Sifra, Emor, Section 5 7-10 (Mishnah Yevamot 6:3, 9:4)')
FACT priesthood.holy_food(stranger) = ({'who': 'levite_and_israelite_by_EVERY_stranger', 'eating': 'an_olive', 'holy': 'the_border_holy_things_terumah', 'seats': [10, 12, 13]}, 'MOVE', ['stranger_barred'], '22:10 "and EVERY stranger shall not eat holy" — the stranger at [10, 12, 13]; Sifra, Emor, Chapter 4 16 (Deut 26:13 verbal analogy)')
FAIL priesthood.holy_food(seed_emitter): ValueError: seed_emitter
FAIL priesthood.holy_food(sunset): ValueError: sunset
FACT priesthood.holy_food(toshav_sachir) = ({'toshav': 'acquired_forever_the_pierced_slave', 'sachir': 'acquired_for_years'}, 'MOVE', ['stranger_barred'], '22:10 "the priest\'s RESIDENT and HIRELING" — Sifra, Emor, Chapter 4 17; Onkelos "resident", "hireling"')
FAIL priesthood.holy_food(she_feeds): ValueError: she_feeds
FACT family.levirate(the_command) = (3, 'INK', ['levirate_owed'], "'COME to your brother's wife, and PERFORM THE LEVIR'S DUTY to her, and RAISE UP seed for your brother' (38:8) — three imperatives: the act, the institution's own verb (the root at ['Deut 25:5', 'Deut 25:7', 'Deut 25:9', 'Gen 38:8', 'Ruth 1:15'] alone in the Bi")
FACT family.levirate(seed_vs_name) = (((1, 2), [(5, 0), (6, 1), (7, 1)]), 'INK', ['levirate_owed'], "SEED AT THE FIRST SEAT, NAME AT THE SECOND — 'seed' once at 38:8 and twice at 38:9 (Onan 'that the seed would not be his... so as not to give seed to his brother'); at Deut 25:5-7 'seed' nowhere and 'NAME' at 25:6 and 25:7 ('shall rise on the name of his broth")
FACT family.levirate(name_is_inheritance) = ((1, 1), 'MOVE', ['levirate_owed'], "the levirate block (round 33, credited): Yevamot 24a:6 — 'shall rise on the NAME of his brother' (Deut 25:6): not a literal naming — 'name' means INHERITANCE, by verbal analogy with 'after the NAME of their brothers they shall be called IN THEIR INHERITANCE' (")
FACT family.levirate(name_on_inheritance_ruth) = (['Ruth 4:5', 'Ruth 4:10'], 'INK', ['levirate_owed'], "'to raise the NAME of the dead ON HIS INHERITANCE' at ['Ruth 4:5', 'Ruth 4:10'] — Boaz's formula (the run at the gate) writes name and inheritance together, as 48:6 does: the run's phrase confirms the tradition's reading of the spec")
FACT family.levirate(no_son_clause) = (['Deut 25:5', 'Num 27:8'], 'INK', ['levirate_owed'], "'AND HE HAS NO SON' at ['Deut 25:5', 'Num 27:8'] alone — ONE CLAUSE OPENS TWO INSTITUTIONS at two Sinai seats: the levirate (Deut 25:5) and the daughters' inheritance (Num 27:8 — Mishnah Bava Batra 8:2 quotes it): Er's sonless death (38:7 — no son named) is th")
FACT family.levirate(levirate_alignment) = ((36, 11, True, True), 'INK', ['levirate_owed'], "the alignment engine on 38:8 against Deut 25:5-6: 36 added (brothers, together, no son, a stranger outside, the firstborn, the name, blotted out), 11 dropped (Onan, Judah, 'seed'): the Sinai spec adds the conditions and the name; the Genesis command has the se")
FACT family.levirate(sinai_seat_by_call) = (('release_or_levirate', (16, 21, None, True)), 'IMPORT', ['levirate_owed', 'karet_cut_off', 'childless'], "CALLED cold_run_sanctions.grade('brother_wife') -> 'release_or_levirate'; sanction('brother_wife') -> (16, 21, None, True) [IMPORT, live]: the brother's wife is an ervah at Sinai (Lev 18:16, 20:21 — karet, 'childless'), and the levirate is its ONE license (Deu")
FACT family.levirate(not_in_world_by_call) = ('exempt_and_her_rival_exempt', 'IMPORT', ['levirate_owed', 'exempt'], "CALLED cold_run_sanctions.levirate('not_in_world') -> 'exempt_and_her_rival_exempt' [IMPORT, live]: 'when brothers dwell TOGETHER' (Deut 25:5) — a brother born after the death never binds; Judah's three sons were all in each other's world (38:3-5): Onan and Sh")
FACT family.levirate(fifteen_by_call) = (((15, 6), True), 'IMPORT', ['levirate_owed', 'exempt'], "CALLED cold_run_sanctions.levirate('count') -> (15, 6), levirate('fifteen') carries 'his daughter-in-law' -> True [IMPORT, live]: Mishnah Yevamot 1:1's fifteen who exempt their rivals include THE DAUGHTER-IN-LAW — Tamar's relation to Judah ('his daughter-in-la")
FACT family.levirate(kin_scope_narrowed) = ('kinsman_pre_sinai_brother_at_sinai', 'MOVE', ['levirate_owed'], "THE INSTITUTION'S KIN-SCOPE NARROWED AT ITS SECOND SEAT — before Sinai the levirate runs through any kinsman (Judah the father-in-law; Ruth 4's redeemer 'nearer than I'), at Sinai through the BROTHER alone (Deut 25:5 'brothers dwell together') with the father-")
FACT family.levirate(mamzer_definition) = (['R_Akiva_any_prohibited_kin', 'Shimon_the_Temanite_karet_the_ruling', 'R_Yehoshua_court_death'], 'ANSWER-SHEET', ['—'], "Mishnah Yevamot 4:13 — who is a mamzer? R. Akiva: any kin under a prohibition; Shimon the Temanite: karet by Heaven — the ruling; R. Yehoshua: a court death: the definition applied to a PRE-SINAI act returns 'not a mamzer' — Perez and Zerach are Judah's counte")
FACT family.levirate(widow_waiting) = ((3, 'her_acts_stand'), 'ANSWER-SHEET', ['waits_for_the_levir'], "Mishnah Yevamot 4:3 — the WIDOW WAITING FOR THE LEVIR (shomeret yavam): her sales and gifts stand — 'remain a WIDOW in your father's house' (38:11), 'her widow's garments' (38:14, 19): three tokens; her acts while waiting — the pledge she contracts (38:17-18),")
FACT family.levirate(no_release_form) = ((False, ['1Sam 9:9', 'Ruth 4:7']), 'INK', ['waits_for_the_levir'], "NO RELEASE FORM BEFORE SINAI — no 'shoe' in Genesis 38 (False); the widow WAITS instead (38:11); 'this was FORMERLY in Israel... a man drew off his shoe' (Ruth 4:7 — the phrase at ['1Sam 9:9', 'Ruth 4:7']: the run citing an unwritten former custom): the releas")
FACT family.levirate(onan_refused) = ('destroyed_on_the_ground', 'INK', ['slain_by_heaven'], "'and Onan knew that the seed would not be his; and when he came to his brother's wife he DESTROYED ON THE GROUND, so as not to give seed to his brother' (38:9) — the refusal by act; the levirate block (round 33, credited): Yevamot 34b:3-4: the acts of Er and O")
FACT family.levirate(slain_by_heaven) = (['Gen 38:7', 'Gen 38:10'], 'INK', ['slain_by_heaven'], "'evil in the eyes of the LORD' at ['Gen 38:7', 'Gen 38:10'] alone in Genesis — Er (38:7 'and the LORD killed him') and Onan (38:10 'and He killed him too'): two deaths by Heaven with no court; Niddah 13a:17 (opened): R. Yochanan — whoever emits seed in vain is")
FACT family.levirate(firstborn_er) = ([6, 7], 'INK', ['slain_by_heaven'], "'Er his FIRSTBORN' (38:6), 'Er, Judah's firstborn' (38:7) — the firstborn named at two verses and dead at the second: the firstborn PERSON's home is the Passover engine (Exod 13:2) — the census's edge")
FACT family.levirate(kedesha) = ([(21, 2), (22, 1)], 'INK', ['profaned_seed'], "'the CULT HARLOT' (kedeshah) twice at 38:21 and once at 38:22 — the Adullamite's word for what Judah called a harlot (38:15): the noun's Sinai seat Deut 23:18 ('there shall be no kedeshah of the daughters of Israel' — uncompiled); four of its seven Bible seats")
FACT family.levirate(harlot_by_call) = (['the_convert', 'the_freed_slavewoman', 'illicit_intercourse'], 'IMPORT', ['profaned_seed'], "CALLED cold_run_priesthood.family('zonah') -> the sages' definition ['the_convert', 'the_freed_slavewoman', 'illicit_intercourse'] [IMPORT, live]: 'he thought her a HARLOT, for she had covered her face' (38:15) — the harlot's definition lives at Lev 21:7 (Mish")
FACT family.levirate(three_months_hint) = (('Gen 38:24', 'no_proof_a_hint'), 'MOVE', ['waits_for_the_levir'], "Niddah 8b:17 (opened): 'how long is the recognition of the fetus? Sumchos citing R. Meir: THREE MONTHS — and though there is no proof, there is a HINT: it was about three months' (38:24 — the phrase's only seat): Mishnah Yevamot 4:10's three months (the widow ")
FACT family.levirate(sentence_burning) = ('burning', 'INK', ['sentence_pronounced'], "'and Judah said: BRING HER OUT and let her be BURNED' (38:24) — the sentence in the burning mode, pronounced by the father-in-law: Mishnah Sanhedrin 7:2's mode (the wick; R. Elazar b. Tzadok's priest's daughter burned with vine-bundles — 'the court of that hou")
FACT family.levirate(twins_two_spellings) = ((['Gen 38:27'], ['Gen 25:24']), 'INK', ['firstborn_by_the_head'], "'TWINS in her womb' (38:27) — written plene here and DEFECTIVE at Rebekah's (25:24): the two twin births of Genesis, both with a firstborn contest (Esau by the heel, 25:26; Zerach by the hand, 38:28)")
FACT family.levirate(firstborn_by_the_head) = ('perez', 'ANSWER-SHEET', ['firstborn_by_the_head'], "Mishnah Bekhorot 8:1 — the firstborn for inheritance is the one 'whose HEAD came out' (Bekhorot 46b:3, opened: 'what is his head? most of him'): PEREZ, not the thread's Zerach — the census (46:12) and the line ('these are the generations of Perez', Ruth 4:18) ")
FACT family.levirate(order_of_sons) = ((True, True, True, True, True), 'INK', ['levirate_owed'], "THE ORDER OF THE SONS IS THE LEVIRATE'S ORDER — Er (38:3), Onan (38:4), Shelah (38:5); at Er's death Judah addresses ONAN (38:8), the second-born; then SHELAH (38:11), the third: Mishnah Yevamot 2:8 and 4:5's 'the duty is on the ELDEST' read off the birth orde")
FACT family.levirate(father_takes_for_er) = ([6], 'INK', ['wife_taken'], "'and Judah TOOK A WIFE for Er his firstborn, and her name was Tamar' (38:6) — the father takes the wife for the son (Kiddushin 29a's marry-him-off leg; 24:4's form at the second seat)")
==== THE TAPE'S KIN LINES BY CASE_SOURCE PREFIX (the laws of Exodus 20-23, Leviticus 13-25, Numbers 5, 15, 30) ====
 TAPE Exod 20:  0 []
 TAPE Exod 21:  0 []
 TAPE Exod 22:  0 []
 TAPE Exod 23:  0 []
 TAPE Lev 13:   0 []
 TAPE Lev 14:   0 []
 TAPE Lev 15:   0 []
 TAPE Lev 18:   0 []
 TAPE Lev 19:   0 []
 TAPE Lev 20:   0 []
 TAPE Lev 21:   0 []
 TAPE Lev 22:   0 []
 TAPE Lev 24:   4 [('blasphemed_the_name', 'Lev 24:11 — and the son of the'), ('placed_in_custody', 'Lev 24:12 — and they placed hi'), ('sentence_declared', 'Lev 24:13-14 — and the LORD sp'), ('stoned_as_commanded', 'Lev 24:23 — and they brought o')]
 TAPE Lev 25:   0 []
 TAPE Num 15:   4 [('gathered_wood_on_the_sabbath', 'Num 15:32-33 — and they found '), ('placed_in_custody', 'Num 15:34 — and they placed hi'), ('sentence_declared', 'Num 15:35 — and the LORD said '), ('stoned_as_commanded', 'Num 15:36 — and all the congre')]
 TAPE Num 30:   1 [('vows_law_spoken', 'Num 30:2-17 — and Moses spoke ')]
 TAPE Num 5:    2 [('send_out_commanded', 'Num 5:1-3 — and the LORD spoke'), ('unclean_sent_out', 'Num 5:4 — and the children of ')]
 TAPE Deut 5:   2 [('mediator_requested', 'Deut 5:23-27 — and it came to '), ('stand_here_commanded', 'Deut 5:28-31 — and the LORD he')]
 TAPE Deut 15:  4 [('release_law_declared', 'Deut 15:1-6 — at the end of se'), ('hand_opening_commanded', 'Deut 15:7-11 — if there be a n'), ('hebrew_slave_law_declared', 'Deut 15:12-18 — if your brothe'), ('firstling_law_declared', 'Deut 15:19-23 — every firstlin')]
 TAPE Deut 16:  5 [('passover_at_the_place_declared', 'Deut 16:1-8 — observe the mont'), ('weeks_and_booths_declared', 'Deut 16:9-15 — seven weeks you'), ('three_pilgrimages_declared', 'Deut 16:16-17 — three times a '), ('judges_in_every_gate_commanded', 'Deut 16:18-20 — judges and off'), ('asherah_and_pillar_barred', 'Deut 16:21-22 — you shall not ')]
 TAPE Deut 10:  6 [('fragments_placed_in_the_ark', 'Deut 10:2-5 — and you shall pu'), ('aaron_buried', 'Deut 10:6 — there Aaron died, '), ('demand_declared', 'Deut 10:12-13 — and now, Israe'), ('heart_circumcision_commanded', 'Deut 10:16 — and you shall cir'), ('stranger_love_commanded', 'Deut 10:17-19 — for the LORD y'), ('cleaving_commanded', 'Deut 10:20-22 — the LORD your ')]
 TAPE Deut 12:  4 [('demolition_restated', 'Deut 12:1-4 — these are the st'), ('place_chosen_declared', 'Deut 12:5-14 — but to the plac'), ('profane_slaughter_permitted', 'Deut 12:15-28 — only, with all'), ('nations_cut_off_warned', 'Deut 12:29-31 — when the LORD ')]
 TAPE Deut 14:  5 [('sons_and_mourning_declared', 'Deut 14:1-2 — sons you are to '), ('food_law_declared', 'Deut 14:3-20 — you shall not e'), ('carcass_and_kid_declared', 'Deut 14:21 — you shall not eat'), ('second_tithe_declared', 'Deut 14:22-27 — tithe, you sha'), ('third_year_tithe_declared', 'Deut 14:28-29 — at the end of ')]
CALLEES2 DONE
