==== A0. THE TWO DIVISIONS — the export's chapter 23 against the DB's
  DB verses 26 | export verses HE 26 EN 26 | per-chapter export lengths vs DB, chapters 1-25: [(5, 30, 33)]
  the alignment cost 30 | export verses mapped to MORE THAN ONE DB verse: {}
  the offset per export verse (DB minus export, the first DB verse of each): Counter({0: 26}) | the runs: [(1, 1, 1), (16, 16, 16), (17, 17, 17), (18, 18, 18), (19, 19, 19)]
  the shared export verse against its DB verses (tokens, negations): []
==== A. THE SHELF BY POSITION — the Sifrei on Deuteronomy around chapter 23
  piskaot 357 357 rows 2357 2357
  heads 220-300 (HE first citation | rows | EN first quote):
   220 head (21, 21) | HE rows  4 EN rows  4 | 'Then all the populace of his city shall pummel46Heb: regemuh'
   221 head (21, 22) | HE rows 10 EN rows 10 | 'Now, if a man commits a sin worthy of the sentence of death,'
   222 head None | HE rows  8 EN rows  8 | 'When you see63Heb: tir’eh; root: r-‘-h. your rival’s ass cro'
   223 head (22, 2) | HE rows  4 EN rows  4 | 'But if your brother does not live near you'
   224 head (22, 3) | HE rows  7 EN rows  7 | 'Thus shall you treat his ass, as well as his garment,as well'
   225 head (22, 4) | HE rows  6 EN rows  6 | 'You shall not see your brother’s ox'
   226 head (22, 5) | HE rows  3 EN rows  3 | 'A woman must not don a man’s gear;nor may a man dress-up in '
   227 head (22, 6) | HE rows 11 EN rows 11 | 'If you happen across a bird’s nest'
   228 head (22, 7) | HE rows  8 EN rows  8 | 'You must definitely send away the dam'
   229 head (22, 8) | HE rows 10 EN rows 10 | 'When you build a new house'
   230 head (22, 9) | HE rows 13 EN rows 13 | 'You may not sow your vineyard with incompatible specieslest '
   231 head (22, 10) | HE rows  3 EN rows  3 | 'You may not plow with an ox and an ass as one'
   232 head (22, 11) | HE rows  5 EN rows  5 | 'Do not wear wool and linen fibers mingled144Heb: sh`atnez. a'
   233 head (22, 11) | HE rows  5 EN rows  5 | 'Do not wear garments of wool and linen fibers mingled as one'
   234 head (22, 12) | HE rows  7 EN rows  7 | 'Tassels157Heb: gedilim. shall you make for yourself'
   235 head (22, 13) | HE rows 11 EN rows 11 | 'Should a man take a wife, consort with her, and come to hate'
   236 head None | HE rows  4 EN rows  4 | 'To be his wife, but now he hates her;moreover, he has levele'
   237 head (22, 17) | HE rows  3 EN rows  3 | 'Then they spread out her night-dress'
   238 head (22, 18) | HE rows 10 EN rows 10 | 'Then the elders of that city shall take the man'
   239 head (22, 20) | HE rows  3 EN rows  3 | 'But if this charge were true'
   240 head (22, 21) | HE rows  5 EN rows  5 | 'Now, the men of her city shall pelt191Heb: seqaluhah. See Dt'
   241 head (22, 22) | HE rows  7 EN rows  7 | 'If a man is found'
   242 head (22, 23) | HE rows 10 EN rows 10 | 'Should there be a virginal young lady, who is betrothed to a'
   243 head (22, 26) | HE rows  4 EN rows  4 | 'But, do nothing to the young lady'
   244 head (22, 28) | HE rows  3 EN rows  3 | 'Should a man find a virginal young lady,215Heb: na`arah betu'
   245 head (22, 29) | HE rows  7 EN rows  7 | 'And the man'
   246 head (23, 1) | HE rows  1 EN rows  1 | 'A man shall not take his father’s wife'
   247 head (23, 2) | HE rows  5 EN rows  5 | 'crushing wound'
   248 head (23, 3) | HE rows  5 EN rows  5 | 'No one of impaired lineage234Heb: mamzer. shall enter the Co'
   249 head (23, 4) | HE rows  4 EN rows  4 | 'Neither an Ammonite nor a Moabite shall enter the Community '
   250 head (23, 5) | HE rows  5 EN rows  5 | 'By reason of their failure to extend hospitality to you, wit'
   251 head (23, 7) | HE rows  3 EN rows  3 | 'Don’t inquire after their comfort250Heb: shlomam; literally,'
   252 head (23, 8) | HE rows  3 EN rows  3 | 'Do not despise an Edomite'
   253 head (23, 9) | HE rows  3 EN rows  3 | 'The sons born to them'
   254 head (23, 10) | HE rows  4 EN rows  4 | 'When you go off to encamp upon your enemies'
   255 head (23, 11) | HE rows  5 EN rows  5 | 'Should there be among you'
   256 head (23, 12) | HE rows  2 EN rows  2 | 'Then, he shall wash with water'
   257 head (23, 13) | HE rows  6 EN rows  6 | 'You should prepare a handy spot275Heb: yad; literally, “hand'
   258 head (23, 15) | HE rows  4 EN rows  4 | 'Because HASHEM your God moves about in the midst of your cam'
   259 head (23, 16) | HE rows  8 EN rows  8 | 'Do not return a slave to his master'
   260 head (23, 18) | HE rows  2 EN rows  2 | 'No daughter of Israel shall become a prostitute'
   261 head (23, 19) | HE rows  6 EN rows  6 | 'Do not bring a whore’s hire . . . to the Abode of HASHEM you'
   262 head (23, 20) | HE rows  3 EN rows  3 | 'Do not exact from304Heb: tashich; literally, “take a bite fr'
   263 head (23, 21) | HE rows  4 EN rows  4 | 'You may, rather, exact from the foreigner [unfair terms];but'
   264 head (23, 22) | HE rows  7 EN rows  7 | 'When you utter a vow316Heb: neder; as a noun, “a vow;'
   265 head (23, 23) | HE rows  9 EN rows  9 | 'But if you restrain yourself from uttering a vow'
   266 head (23, 25) | HE rows  6 EN rows  6 | 'When you come into your kinsman’s vineyard,you may eat grape'
   267 head (23, 26) | HE rows  4 EN rows  4 | 'When you come upon your kinsman’s standing grain,you may sna'
   268 head (24, 1) | HE rows  3 EN rows  3 | 'Should a man take337Heb: yiqakh. The root, l-q-kh, can mean '
   269 head None | HE rows 14 EN rows 14 | 'In the event that she doesn’t please him'
   270 head (24, 2) | HE rows 13 EN rows 13 | 'And she shall go out from his house'
   271 head (24, 5) | HE rows  6 EN rows  6 | 'When a man takes a new wife'
   272 head (24, 6) | HE rows  2 EN rows  2 | 'He should not seize a mill or a millstone'
   273 head (24, 7) | HE rows  9 EN rows  9 | 'If a man is found'
   274 head (24, 8) | HE rows  6 EN rows  6 | 'Be careful'
   275 head (24, 9) | HE rows  3 EN rows  3 | 'Remember what HASHEM your God did to Miriam'
   276 head (24, 10) | HE rows  3 EN rows  3 | 'Should you ever lend on pledge to your kinsman'
   277 head (24, 12) | HE rows  5 EN rows  5 | 'Now, if he is a poor man'
   278 head (24, 14) | HE rows  5 EN rows  5 | 'You must not withhold the pay of a the poor or a pauper'
   279 head (24, 15) | HE rows  4 EN rows  4 | 'Pay him for his day’s work'
   280 head (24, 16) | HE rows  3 EN rows  3 | 'Fathers shall not be put to death by reason of the sons'
   281 head (24, 17) | HE rows  3 EN rows  3 | 'Do not pervert justice against the migrant or fatherless'
   282 head (24, 19) | HE rows  4 EN rows  4 | 'When you are reaping your harvest in your field'
   283 head None | HE rows  6 EN rows  6 | 'And you forgot a sheaf'
   284 head (24, 20) | HE rows  6 EN rows  6 | 'When you beat your olives from their trees, do not strip the'
   285 head (24, 21) | HE rows  4 EN rows  4 | 'When you reap your vineyard, do not take the odd bunches of '
   286 head (25, 1) | HE rows 17 EN rows 17 | 'Should there be a quarrel between men'
   287 head (25, 4) | HE rows  3 EN rows  3 | 'You may not muzzle an ox'
   288 head (25, 5) | HE rows  6 EN rows  6 | 'If brothers are living as one'
   289 head (25, 6) | HE rows 11 EN rows 11 | 'Then, the first son she shall bear'
   290 head (25, 8) | HE rows  4 EN rows  4 | 'Then the elders of his city shall summon him'
   291 head (25, 9) | HE rows  9 EN rows  9 | 'Then, his widowed sister-in-lawshall approach him before the'
   292 head (25, 11) | HE rows  5 EN rows  5 | 'When men struggle together'
   293 head (25, 12) | HE rows  2 EN rows  2 | 'And you shall cut off her hand'
   294 head (25, 13) | HE rows  9 EN rows  9 | 'You shall not have in your pouch stone-weights,one heavy sto'
   295 head None | HE rows  4 EN rows  4 | 'So that you may extend your days'
   296 head (25, 17) | HE rows  9 EN rows  9 | 'Remember'
   297 head (26, 1) | HE rows 10 EN rows 10 | 'Now it shall be, when you enter the Land'
   298 head None | HE rows  3 EN rows  3 | 'And place it in a basket'
   299 head None | HE rows  4 EN rows  4 | 'And you shall say to him'
   300 head (26, 4) | HE rows  2 EN rows  2 | 'Then the Priest will take the basket from your hand'
  heads whose chapter is 23 : [(246, (23, 1)), (247, (23, 2)), (248, (23, 3)), (249, (23, 4)), (250, (23, 5)), (251, (23, 7)), (252, (23, 8)), (253, (23, 9)), (254, (23, 10)), (255, (23, 11)), (256, (23, 12)), (257, (23, 13)), (258, (23, 15)), (259, (23, 16)), (260, (23, 18)), (261, (23, 19)), (262, (23, 20)), (263, (23, 21)), (264, (23, 22)), (265, (23, 23)), (266, (23, 25)), (267, (23, 26))] | heads by chapter 1-25: [(1, 24), (3, 4), (6, 6), (11, 21), (12, 20), (13, 14), (14, 14), (15, 16), (16, 19), (17, 16), (18, 16), (19, 10), (20, 14), (21, 17), (22, 22), (23, 22), (24, 16), (25, 10), (26, 4), (31, 1), (32, 36), (33, 14), (34, 1)]
  HE rows citing Deut 23 (the export's verse → the DB's): 34 [(246, 1, 1, [1]), (247, 1, 2, [2]), (248, 1, 3, [3]), (248, 2, 1, [1]), (248, 2, 3, [3]), (248, 3, 1, [1]), (248, 3, 3, [3]), (248, 4, 1, [1]), (248, 4, 3, [3]), (249, 1, 4, [4]), (250, 1, 5, [5]), (250, 5, 6, [6]), (251, 1, 7, [7]), (251, 2, 17, [17]), (252, 1, 8, [8]), (253, 1, 9, [9]), (254, 1, 10, [10]), (255, 1, 11, [11]), (256, 1, 12, [12]), (257, 1, 13, [13]), (257, 3, 14, [14]), (257, 6, 14, [14]), (258, 1, 15, [15]), (259, 1, 16, [16]), (259, 3, 17, [17]), (260, 1, 18, [18]), (261, 1, 19, [19]), (262, 1, 20, [20]), (263, 1, 21, [21]), (264, 1, 22, [22]), (265, 1, 23, [23]), (265, 2, 24, [24]), (266, 1, 25, [25]), (267, 1, 26, [26])]
  EN rows citing Deut 23 : 156 [(63, 5, 22, [22]), (246, 1, 1, [1]), (246, 1, 1, [1]), (247, 1, 2, [2]), (247, 1, 2, [2]), (247, 1, 2, [2]), (247, 2, 2, [2]), (247, 4, 2, [2]), (248, 1, 3, [3]), (248, 1, 3, [3]), (248, 2, 1, [1]), (248, 2, 3, [3]), (248, 3, 1, [1]), (248, 3, 3, [3]), (248, 4, 1, [1]), (248, 4, 3, [3]), (248, 5, 3, [3]), (248, 5, 3, [3]), (248, 5, 4, [4]), (248, 5, 4, [4]), (249, 1, 4, [4]), (249, 1, 4, [4]), (249, 1, 4, [4]), (249, 1, 5, [5]), (249, 2, 4, [4]), (249, 2, 4, [4]), (249, 2, 3, [3]), (249, 3, 4, [4]), (249, 3, 4, [4]), (249, 4, 4, [4]), (249, 4, 4, [4]), (249, 4, 4, [4]), (249, 4, 3, [3]), (249, 4, 3, [3]), (250, 1, 5, [5]), (250, 2, 5, [5]), (250, 3, 5, [5]), (250, 4, 5, [5]), (250, 5, 6, [6]), (250, 5, 6, [6]), (250, 5, 6, [6]), (251, 1, 7, [7]), (251, 1, 7, [7]), (251, 2, 7, [7]), (251, 2, 17, [17]), (251, 2, 7, [7]), (251, 3, 7, [7]), (252, 1, 8, [8]), (252, 1, 8, [8]), (252, 2, 8, [8]), (252, 2, 8, [8]), (252, 3, 4, [4]), (253, 1, 9, [9]), (253, 1, 9, [9]), (253, 2, 9, [9]), (253, 3, 9, [9]), (253, 3, 9, [9]), (253, 3, 9, [9]), (254, 1, 10, [10]), (254, 2, 10, [10]), (254, 3, 10, [10]), (254, 3, 15, [15]), (254, 3, 10, [10]), (254, 3, 15, [15]), (254, 4, 10, [10]), (254, 4, 10, [10]), (255, 2, 11, [11]), (255, 3, 11, [11]), (255, 3, 11, [11]), (255, 4, 11, [11]), (255, 5, 11, [11]), (255, 5, 11, [11]), (256, 1, 12, [12]), (256, 2, 12, [12]), (257, 1, 13, [13]), (257, 5, 14, [14]), (257, 5, 14, [14]), (257, 6, 14, [14]), (258, 1, 15, [15]), (258, 2, 15, [15]), (258, 3, 15, [15]), (258, 4, 15, [15]), (259, 1, 16, [16]), (259, 3, 17, [17]), (259, 3, 17, [17]), (259, 5, 17, [17]), (259, 5, 17, [17]), (259, 6, 17, [17]), (259, 7, 17, [17]), (259, 8, 16, [16]), (260, 1, 18, [18]), (260, 1, 18, [18]), (260, 1, 18, [18]), (260, 1, 18, [18]), (260, 1, 18, [18]), (260, 1, 18, [18]), (260, 2, 18, [18]), (261, 1, 19, [19]), (261, 1, 19, [19]), (261, 2, 19, [19]), (261, 2, 19, [19]), (261, 3, 19, [19]), (261, 3, 19, [19]), (261, 4, 19, [19]), (261, 5, 19, [19]), (261, 5, 19, [19]), (261, 5, 19, [19]), (261, 5, 19, [19]), (261, 6, 19, [19]), (262, 1, 20, [20]), (262, 2, 20, [20]), (262, 2, 20, [20]), (262, 2, 20, [20]), (262, 3, 20, [20]), (263, 1, 21, [21]), (263, 2, 21, [21]), (263, 2, 20, [20]), (263, 3, 21, [21]), (263, 4, 21, [21]), (264, 1, 22, [22]), (264, 1, 22, [22]), (264, 1, 22, [22]), (264, 2, 22, [22]), (264, 3, 22, [22]), (264, 4, 22, [22]), (264, 5, 22, [22]), (264, 6, 22, [22]), (264, 7, 22, [22]), (265, 1, 23, [23]), (265, 2, 24, [24]), (265, 3, 24, [24]), (265, 4, 24, [24]), (265, 5, 24, [24]), (265, 6, 24, [24]), (265, 7, 24, [24]), (265, 8, 24, [24]), (265, 9, 24, [24]), (266, 1, 25, [25]), (266, 1, 25, [25]), (266, 2, 25, [25]), (266, 2, 25, [25]), (266, 3, 25, [25]), (266, 4, 25, [25]), (266, 5, 25, [25]), (266, 5, 25, [25]), (266, 6, 25, [25]), (267, 1, 26, [26]), (267, 1, 26, [26]), (267, 2, 26, [26]), (267, 2, 26, [26]), (267, 3, 26, [26]), (267, 4, 26, [26]), (352, 8, 12, [12]), (352, 9, 12, [12]), (352, 10, 12, [12]), (352, 17, 12, [12])]
  EN "ibid 23:n" candidates: 0
  the union of rows (both files): 98 [(63, 5), (246, 1), (247, 1), (247, 2), (247, 4), (248, 1), (248, 2), (248, 3), (248, 4), (248, 5), (249, 1), (249, 2), (249, 3), (249, 4), (250, 1), (250, 2), (250, 3), (250, 4), (250, 5), (251, 1), (251, 2), (251, 3), (252, 1), (252, 2), (252, 3), (253, 1), (253, 2), (253, 3), (254, 1), (254, 2), (254, 3), (254, 4), (255, 1), (255, 2), (255, 3), (255, 4), (255, 5), (256, 1), (256, 2), (257, 1), (257, 3), (257, 5), (257, 6), (258, 1), (258, 2), (258, 3), (258, 4), (259, 1), (259, 3), (259, 5), (259, 6), (259, 7), (259, 8), (260, 1), (260, 2), (261, 1), (261, 2), (261, 3), (261, 4), (261, 5), (261, 6), (262, 1), (262, 2), (262, 3), (263, 1), (263, 2), (263, 3), (263, 4), (264, 1), (264, 2), (264, 3), (264, 4), (264, 5), (264, 6), (264, 7), (265, 1), (265, 2), (265, 3), (265, 4), (265, 5), (265, 6), (265, 7), (265, 8), (265, 9), (266, 1), (266, 2), (266, 3), (266, 4), (266, 5), (266, 6), (267, 1), (267, 2), (267, 3), (267, 4), (352, 8), (352, 9), (352, 10), (352, 17)]
  the rows OUTSIDE the spine piskaot (the union less the on-chapter piskaot 246 - 267 ): 5 [(63, 5), (352, 8), (352, 9), (352, 10), (352, 17)] | in-spine rows of the union: 93
  outside rows file bytes 9203
==== B. ONKELOS chapter 23 and the DB (the dump per DB verse; a shared export row printed at its first DB verse)
  the store's chapter 23 verses 26 | verses whose store token count differs from the DB: []
  token count chapter 23 : 339
  onkelos dump bytes 28061
==== C. THE PARSER on every verse of chapter 23
  23:3   N []                       O [10]           marked []
  23:4   N []                       O [10]           marked []
  23:9   N []                       O [3]            marked []
  23:17  N [1]                      O []             marked []
  23:19  N [2]                      O []             marked ['שני#']
  number-word tokens present per verse (the bare check against the parser): {'23:9': ['שלישי'], '23:17': ['באחד']}
  23:1 tokens: ['לא', 'יקח', 'איש', 'את', 'אשת', 'אביו', 'ולא', 'יגלה', 'כנף', 'אביו']
  23:3 tokens: ['לא', 'יבא', 'ממזר', 'בקהל', 'יהוה', 'גם', 'דור', 'עשירי', 'לא', 'יבא', 'לו', 'בקהל', 'יהוה']
  23:4 tokens: ['לא', 'יבא', 'עמוני', 'ומואבי', 'בקהל', 'יהוה', 'גם', 'דור', 'עשירי', 'לא', 'יבא', 'להם', 'בקהל', 'יהוה', 'עד', 'עולם']
  23:9 tokens: ['בנים', 'אשר', 'יולדו', 'להם', 'דור', 'שלישי', 'יבא', 'להם', 'בקהל', 'יהוה']
  23:17 tokens: ['עמך', 'ישב', 'בקרבך', 'במקום', 'אשר', 'יבחר', 'באחד', 'שעריך', 'בטוב', 'לו', 'לא', 'תוננו']
  23:19 tokens: ['לא', 'תביא', 'אתנן', 'זונה', 'ומחיר', 'כלב', 'בית', 'יהוה', 'אלהיך', 'לכל', 'נדר', 'כי', 'תועבת', 'יהוה', 'אלהיך', 'גם', 'שני#']
  23:26 tokens: ['כי', 'תבא', 'בקמת', 'רעך', 'וקטפת', 'מלילת', 'בידך', 'וחרמש', 'לא', 'תניף', 'על', 'קמת', 'רעך']
==== D. CASE TOKENS, FRAMES, REGISTER, NAMES
  case tokens (כי "when/for" / אם "if" / ואם / או "or" / פן "lest"): {'23:6': ['כי'], '23:8': ['כי', 'כי'], '23:10': ['כי'], '23:11': ['כי'], '23:15': ['כי'], '23:19': ['כי'], '23:22': ['כי', 'כי'], '23:25': ['כי'], '23:26': ['כי']}
  divine frames (ויאמר/וידבר + יהוה): []
  לאמר "saying" seats: []
  narrative-form verbs (V.w) per verse: {6: ['ויהפך']}
  first-person verb forms (1cs / 1cp) per verse: {}
  imperatives (Vq.v / Vp.v / Vh.v) per verse: {}
  prohibitions לא + imperfect (the ten's form) per verse: {1: [('יקח', 'HVqi3ms'), ('יגלה', 'HVpi3ms')], 2: [('יבא', 'HVqi3ms')], 3: [('יבא', 'HVqi3ms'), ('יבא', 'HVqi3ms')], 4: [('יבא', 'HVqi3ms'), ('יבא', 'HVqi3ms')], 5: [], 6: [], 7: [('תדרש', 'HVqi2ms')], 8: [('תתעב', 'HVpi2ms'), ('תתעב', 'HVpi2ms')], 11: [('יהיה', 'HVqi3ms'), ('יבא', 'HVqi3ms')], 15: [('יראה', 'HVqi3ms')], 16: [('תסגיר', 'HVhi2ms')], 17: [('תוננו', 'HVhi2ms/Sp3ms')], 18: [('תהיה', 'HVqi3fs'), ('יהיה', 'HVqi3ms')], 19: [('תביא', 'HVhi2ms')], 20: [('תשיך', 'HVhi2ms')], 21: [('תשיך', 'HVhi2ms')], 22: [('תאחר', 'HVpi2ms')], 23: [('יהיה', 'HVqi3ms')], 25: [('תתן', 'HVqi2ms')], 26: [('תניף', 'HVhi2ms')]}
  name tokens (Np): {2: ['יהוה'], 3: ['יהוה', 'יהוה'], 4: ['יהוה', 'יהוה'], 5: ['ממצרים', 'בלעם', 'בעור', 'מפתור', 'ארם', 'נהרים'], 6: ['יהוה', 'בלעם', 'יהוה', 'יהוה'], 9: ['יהוה'], 15: ['יהוה'], 18: ['ישראל', 'ישראל'], 19: ['יהוה', 'יהוה'], 21: ['יהוה'], 22: ['ליהוה', 'יהוה'], 24: ['ליהוה']}
  second-person plural vs singular (2mp / 2ms tokens per verse): {1: (0, 0), 2: (0, 0), 3: (0, 0), 4: (0, 0), 5: (2, 2), 6: (0, 5), 7: (0, 2), 8: (0, 4), 9: (0, 0), 10: (0, 3), 11: (0, 1), 12: (0, 0), 13: (0, 2), 14: (0, 7), 15: (0, 8), 16: (0, 2), 17: (0, 4), 18: (0, 0), 19: (0, 3), 20: (0, 2), 21: (0, 7), 22: (0, 5), 23: (0, 2), 24: (0, 7), 25: (0, 7), 26: (0, 6)}
==== E. THE REGISTER GATE on Deut 23
  dispositions naming Deut 23: []
  REGISTER_INDEX lines on Deut 23:
==== F. THE PRIOR READS
  ledgers with an Onkelos Deut 23 row: []
  prior Sifrei Devarim rows anywhere (strict form), those among the outside rows: [('deu_06_vaetchanan_2026-09-17.md', 258, 1), ('deu_12_reeh_2026-09-20.md', 63, 5), ('deu_17_18_shoftim_2026-09-24.md', 261, 2), ('deu_17_18_shoftim_2026-09-24.md', 352, 9), ('deu_19_21_shoftim_ki_teitzei_2026-09-24.md', 251, 1), ('deu_19_21_shoftim_ki_teitzei_2026-09-24.md', 259, 5)] | all prior rows count 1570
  ledgers NAMING a verse of Deut 23: 23
    ('deu_12_reeh_exam_2026-09-20.md', 1, ['Deut 23:22'])
    ('deu_14_reeh_exam_2026-09-21.md', 1, ['Deuteronomy 23:4'])
    ('deu_19_21_shoftim_ki_teitzei_exam_2026-09-25.md', 1, ['Deuteronomy 23:3'])
    ('erection_docket_2026-09-06.md', 1, ['Deut 23:24'])
    ('gen_34_mamre_laugh_plea_2026-08-28.md', 1, ['Deut 23:23'])
    ('gen_35_sodom_overthrow_cave_2026-08-28.md', 1, ['Deuteronomy 23:4'])
    ('incense_shekel_docket_2026-09-06.md', 1, ['Deut 23:19'])
    ('lev_07_shelamim_types_2026-09-03.md', 1, ['Deut 23:22'])
    ('lev_25_redemption_2026-09-05.md', 1, ['Deut 23:20'])
    ('lev_25_slave_jubilee_2026-09-05.md', 1, ['Deut 23:17'])
    ('num_11_complaint_quail_2026-09-10.md', 1, ['Deut 23:14'])
    ('num_21_snakes_conquest_2026-09-11.md', 3, ['Deut 23:20-21'])
    ('num_22_25_balak_exam_2026-09-11.md', 3, ['Deut 23:6'])
    ('num_22_balak_bilam_call_2026-09-11.md', 3, ['Deut 23:5'])
    ('num_23_oracles_1_2_2026-09-11.md', 5, ['Deut 23:11', 'Deut 23:5', 'Deut 23:5-6', 'Deuteronomy 23:11'])
    ('num_24_oracles_3_4_2026-09-11.md', 4, ['Deut 23:11', 'Deut 23:5-6', 'Deut 23:6', 'Deuteronomy 23:6'])
    ('num_28_29_musafim_exam_2026-09-11.md', 1, ['Deut 23:22'])
    ('num_30_vows_2026-09-12.md', 8, ['Deuteronomy 23:22', 'Deuteronomy 23:24'])
    ('num_30_vows_exam_2026-09-12.md', 5, ['Deut 23:22', 'Deut 23:23', 'Deuteronomy 23:24'])
    ('num_32_gad_reuben_2026-09-12.md', 3, ['Deuteronomy 23:24'])
    ('ordinances_topic_docket_2026-09-06.md', 1, ['Deut 23:21'])
    ('priesthood_topic_docket_2026-09-06.md', 7, ['Deut 23:19', 'Deut 23:2'])
    ('sheviit_topic_docket_2026-09-05.md', 1, ['Deuteronomy 23:21'])
  ledgers with an Onkelos Lev 21 / Lev 15 / Lev 19 / Lev 25 / Lev 27 / Num 22 / Num 23 / Num 24 / Num 5 / Num 30 / Deut 2 / Exod 22 / Gen 19 row (the kin's reading — the crushed Leviticus 21:20 for 23:2; Balaam Numbers 22-24, Lot Genesis 19 and the kin nations 2:4-29 for 23:4-9; the camp Numbers 5:1-4 and Leviticus 15:16 for 23:10-15; the harlot Leviticus 19:29 for 23:18-19; the interest Exodus 22:24 and Leviticus 25:36-37 for 23:20-21; the vows Numbers 30 and Leviticus 27 for 23:22-24): ['deu_01_03_devarim_2026-09-15.md', 'exo_22_property_social_2026-09-01.md', 'lev_15_discharges_2026-09-05.md', 'lev_19_kedoshim_2026-09-05.md', 'lev_21_priests_2026-09-05.md', 'lev_25_redemption_2026-09-05.md', 'lev_25_shemittah_yovel_2026-09-05.md', 'lev_25_slave_jubilee_2026-09-05.md', 'lev_27_valuations_2026-09-05.md', 'num_05_camp_pure_theft_2026-09-09.md', 'num_05_sotah_2026-09-09.md', 'num_22_balak_bilam_call_2026-09-11.md', 'num_23_oracles_1_2_2026-09-11.md', 'num_24_oracles_3_4_2026-09-11.md', 'num_30_vows_2026-09-12.md', 'ordinances_topic_docket_2026-09-06.md'] | ledgers with an Onkelos row of the Prophets (never read ahead — expected none): []
==== G. THE DRAFTS
  deu_22_return_sex_laws: refs 22:1-29; steps (22, 1)..(22, 29) n=29; draft True; operators False; depends_on ['    - "deu_21_eglah_family"\n    - "num_15_wood_tzitzit"\n']; scenarios 36; binary_trees True; step E False; comment lines 33
  deu_23_qahal_purity_vows: refs 23:1-26; steps (23, 1)..(23, 26) n=26; draft True; operators False; depends_on ['    - "deu_22_return_sex_laws"\n']; scenarios 33; binary_trees True; step E False; comment lines 30
    the step verses: [1, 2, 3, 4, 5, 6, 7, 8, 9, 10, 11, 12, 13, 14, 15, 16, 17, 18, 19, 20, 21, 22, 23, 24, 25, 26] | covers DB 26 ? True
  the units' claim prefixes present anywhere? {'DV23': 0, 'DV23A': 0, 'DV23B': 0, 'DV22': 0, 'DV24': 0}
  existing manifests deu_23*: [] | ledgers deu_*: ['deu_01_03_devarim_2026-09-15.md', 'deu_01_03_devarim_exam_2026-09-15.md', 'deu_04_vaetchanan_2026-09-16.md', 'deu_04_vaetchanan_exam_2026-09-16.md', 'deu_05_vaetchanan_2026-09-16.md', 'deu_05_vaetchanan_exam_2026-09-16.md', 'deu_06_vaetchanan_2026-09-17.md', 'deu_06_vaetchanan_exam_2026-09-17.md', 'deu_07_vaetchanan_ekev_2026-09-17.md', 'deu_07_vaetchanan_ekev_exam_2026-09-18.md', 'deu_08_ekev_2026-09-18.md', 'deu_08_ekev_exam_2026-09-19.md', 'deu_09_ekev_2026-09-19.md', 'deu_09_ekev_exam_2026-09-19.md', 'deu_10_ekev_2026-09-19.md', 'deu_10_ekev_exam_2026-09-20.md', 'deu_11_ekev_reeh_2026-09-20.md', 'deu_11_ekev_reeh_exam_2026-09-20.md', 'deu_12_reeh_2026-09-20.md', 'deu_12_reeh_exam_2026-09-20.md', 'deu_13_reeh_2026-09-21.md', 'deu_13_reeh_exam_2026-09-21.md', 'deu_14_reeh_2026-09-21.md', 'deu_14_reeh_exam_2026-09-21.md', 'deu_15_reeh_2026-09-22.md', 'deu_15_reeh_exam_2026-09-23.md', 'deu_16_reeh_shoftim_2026-09-23.md', 'deu_16_reeh_shoftim_exam_2026-09-23.md', 'deu_17_18_shoftim_2026-09-24.md', 'deu_17_18_shoftim_exam_2026-09-24.md', 'deu_19_21_shoftim_ki_teitzei_2026-09-24.md', 'deu_19_21_shoftim_ki_teitzei_exam_2026-09-25.md']
  unit count and standing (CORPUS_TRUTH literals): []
==== H. THE STORE'S GLOSSES on chapter 23
  gloss Counter (the 50 commonest): [('not', 22), ('YHWH', 14), ('come/bring', 12), ('that', 11), ('God-you/your', 10), ('which', 8), ('be', 8), ('in-assemblage', 6), ('over', 5), ('to', 5), ('obj-marker·et', 4), ('and-not', 4), ('word/thing', 4), ('to-you/your', 4), ('in-you/your', 4), ('and-be', 4), ('promise', 4), ('strike-with-a-sting', 4), ('also', 3), ('generation', 3), ('to-them/their', 3), ('interest-on-a-debt', 3), ('associate-you/your', 3), ('man', 2), ('father-him/its', 2), ('tenth', 2), ('to-him/its', 2), ('Balaam', 2), ('son', 2), ('tread', 2), ('all', 2), ('loathe', 2), ('hating-you/your', 2), ('and-bring-forth', 2), ('from-outside', 2), ('to-camp', 2), ('midst', 2), ('the-camp', 2), ('there-suffix', 2), ('outside', 2), ('and-return', 2), ('camp-you/your', 2), ('sovereign-him/its', 2), ('Israel', 2), ('to-YHWH', 2), ('crime', 2), ('take', 1), ('woman', 1), ('denude', 1), ('wing', 1)]
  gloss file bytes 10230
  overrides already for Deut.23: [] | by_ref last Deut.22 line: []
==== I. THE SPINE ON THE CHAPTER — the Sifrei piskaot whose head is in chapter 23 (the spine on the chapter a fifteenth time), whole
  SPINE (computed from the heads): [246, 247, 248, 249, 250, 251, 252, 253, 254, 255, 256, 257, 258, 259, 260, 261, 262, 263, 264, 265, 266, 267] | contiguous? True | the heads by verse: [(246, 1), (247, 2), (248, 3), (249, 4), (250, 5), (251, 7), (252, 8), (253, 9), (254, 10), (255, 11), (256, 12), (257, 13), (258, 15), (259, 16), (260, 18), (261, 19), (262, 20), (263, 21), (264, 22), (265, 23), (266, 25), (267, 26)] | the heads before and after: {245: (22, 29), 268: (24, 1)}
  rows per piska (HE, EN): {246: (1, 1), 247: (5, 5), 248: (5, 5), 249: (4, 4), 250: (5, 5), 251: (3, 3), 252: (3, 3), 253: (3, 3), 254: (4, 4), 255: (5, 5), 256: (2, 2), 257: (6, 6), 258: (4, 4), 259: (8, 8), 260: (2, 2), 261: (6, 6), 262: (3, 3), 263: (4, 4), 264: (7, 7), 265: (9, 9), 266: (6, 6), 267: (4, 4)} | total HE rows 99 | HE == EN everywhere? True
  spine file bytes 71123 | bytes per piska HE+EN: {246: 1021, 247: 2076, 248: 3791, 249: 4370, 250: 1901, 251: 1301, 252: 2220, 253: 3084, 254: 3066, 255: 1644, 256: 1047, 257: 1948, 258: 1752, 259: 2139, 260: 2986, 261: 5138, 262: 3004, 263: 2127, 264: 2310, 265: 1899, 266: 2046, 267: 1225}
  prior reads among the spine rows (any ledger): [('deu_06_vaetchanan_2026-09-17.md', 258, 1), ('deu_17_18_shoftim_2026-09-24.md', 261, 2), ('deu_19_21_shoftim_ki_teitzei_2026-09-24.md', 251, 1), ('deu_19_21_shoftim_ki_teitzei_2026-09-24.md', 259, 5)]
  the spine rows citing a verse of chapter 23 in the Hebrew (p, r, the export verses): [(246, 1, [1]), (247, 1, [2]), (248, 1, [3]), (248, 2, [1, 3]), (248, 3, [1, 3]), (248, 4, [1, 3]), (249, 1, [4]), (250, 1, [5]), (250, 5, [6]), (251, 1, [7]), (251, 2, [17]), (252, 1, [8]), (253, 1, [9]), (254, 1, [10]), (255, 1, [11]), (256, 1, [12]), (257, 1, [13]), (257, 3, [14]), (257, 6, [14]), (258, 1, [15]), (259, 1, [16]), (259, 3, [17]), (260, 1, [18]), (261, 1, [19]), (262, 1, [20]), (263, 1, [21]), (264, 1, [22]), (265, 1, [23]), (265, 2, [24]), (266, 1, [25]), (267, 1, [26])]
  the spine rows' own Hebrew citations (book, chapter, verse) by row: [(246, 1, [('דברים', 23, 1)]), (247, 1, [('דברים', 23, 2)]), (248, 1, [('דברים', 23, 3)]), (248, 2, [('דברים', 23, 1), ('דברים', 23, 3)]), (248, 3, [('דברים', 23, 1), ('דברים', 23, 3)]), (248, 4, [('דברים', 23, 1), ('דברים', 23, 3)]), (249, 1, [('דברים', 23, 4)]), (250, 1, [('דברים', 23, 5), ('מיכה', 6, 5)]), (250, 5, [('דברים', 23, 6)]), (251, 1, [('דברים', 23, 7), ('דברים', 20, 10)]), (251, 2, [('דברים', 23, 17)]), (252, 1, [('דברים', 23, 8)]), (253, 1, [('דברים', 23, 9)]), (254, 1, [('דברים', 23, 10)]), (255, 1, [('דברים', 23, 11)]), (256, 1, [('דברים', 23, 12)]), (257, 1, [('דברים', 23, 13), ('במדבר', 2, 17)]), (257, 3, [('דברים', 23, 14)]), (257, 6, [('דברים', 23, 14)]), (258, 1, [('דברים', 23, 15)]), (259, 1, [('דברים', 23, 16)]), (259, 3, [('דברים', 23, 17)]), (260, 1, [('דברים', 23, 18)]), (260, 2, [('בראשית', 38, 21)]), (261, 1, [('דברים', 23, 19)]), (262, 1, [('דברים', 23, 20), ('ויקרא', 25, 36)]), (263, 1, [('דברים', 23, 21)]), (264, 1, [('דברים', 23, 22)]), (265, 1, [('דברים', 23, 23), ('קהלת', 5, 4)]), (265, 2, [('דברים', 23, 24)]), (266, 1, [('דברים', 23, 25)]), (267, 1, [('דברים', 23, 26)])]
  the spine rows' English citations by row: [(246, 1, ['Dt.23:1', 'Dt.23:1']), (247, 1, ['Dt.23:2', 'Dt.23:2', 'Dt.23:2']), (247, 2, ['Dt.23:2']), (247, 4, ['Dt.23:2']), (248, 1, ['Dt.23:3', 'Dt.23:3']), (248, 2, ['Dt.23:1', 'Dt.23:3']), (248, 3, ['Dt.23:1', 'Dt.23:3']), (248, 4, ['Dt.23:1', 'Dt.23:3']), (248, 5, ['Dt.23:3', 'Dt.23:3', 'Dt.23:4', 'Dt.23:4']), (249, 1, ['Dt.23:4', 'Dt.23:4', 'Dt.23:4', 'Dt.23:5']), (249, 2, ['Dt.23:4', 'Dt.23:4', 'Dt.23:3']), (249, 3, ['Dt.23:4', 'Dt.23:4']), (249, 4, ['Dt.23:4', 'Dt.23:4', 'Dt.23:4', 'Dt.23:3', 'Dt.23:3']), (250, 1, ['Dt.23:5', 'Mic.6:5']), (250, 2, ['Dt.23:5']), (250, 3, ['Dt.23:5']), (250, 4, ['Dt.23:5']), (250, 5, ['Dt.23:6', 'Dt.23:6', 'Dt.23:6']), (251, 1, ['Dt.23:7', 'Dt.20:10', 'Dt.23:7']), (251, 2, ['Dt.23:7', 'Dt.23:17', 'Dt.23:7']), (251, 3, ['Dt.23:7']), (252, 1, ['Dt.23:8', 'Dt.23:8']), (252, 2, ['Dt.23:8', 'Dt.23:8']), (252, 3, ['Dt.23:4']), (253, 1, ['Dt.23:9', 'Dt.23:9']), (253, 2, ['Dt.23:9']), (253, 3, ['Dt.23:9', 'Dt.23:9', 'Dt.23:9']), (254, 1, ['Dt.23:10']), (254, 2, ['Dt.23:10']), (254, 3, ['Dt.23:10', 'Dt.23:10']), (254, 4, ['Dt.23:10', 'Dt.23:10']), (255, 1, ['Dr.23:11']), (255, 2, ['Dt.23:11']), (255, 3, ['Dt.23:11', 'Dt.23:11']), (255, 4, ['Dt.23:11']), (255, 5, ['Dt.23:11', 'Dt.23:11']), (256, 1, ['Dt.23:12']), (256, 2, ['Dt.23:12']), (257, 1, ['Dt.23:13', 'Nu.2:17']), (257, 5, ['Dt.23:14', 'Dt.23:14']), (257, 6, ['Dt.23:14']), (258, 1, ['Dt.23:15']), (258, 2, ['Dt.23:15']), (258, 3, ['Dt.23:15']), (258, 4, ['Dt.23:15']), (259, 1, ['Dt.23:16']), (259, 3, ['Dt.23:17', 'Dt.23:17']), (259, 5, ['Dt.23:17', 'Dt.23:17']), (259, 6, ['Dt.23:17']), (259, 7, ['Dt.23:17']), (259, 8, ['Dt.23:16']), (260, 1, ['Dt.23:18', 'Dt.23:18', 'Dt.23:18', 'Dt.23:18', 'Dt.23:18', 'Dt.23:18']), (260, 2, ['Dt.23:18', 'Gn.38:21']), (261, 1, ['Dt.23:19', 'Dt.23:19']), (261, 2, ['Dt.23:19', 'Dt.23:19', 'Dt.17:1']), (261, 3, ['Dt.23:19', 'Dt.23:19']), (261, 4, ['Dt.23:19']), (261, 5, ['Dt.23:19', 'Dt.23:19', 'Dt.23:19', 'Dt.23:19']), (261, 6, ['Dt. 23:19']), (262, 1, ['Dt.23:20', 'Lv.25:36']), (262, 2, ['Lv.25:37', 'Lv.25:37', 'Lv.25:37', 'Lv.25:37', 'Lv.25:37', 'Dt.23:20', 'Dt.23:20', 'Dt.23:20']), (262, 3, ['Dt.23:20']), (263, 1, ['Dt.23:21']), (263, 2, ['Dt.23:21', 'Dt.23:20']), (263, 3, ['Dt.23:21']), (263, 4, ['Dt.23:21']), (264, 1, ['Dt.23:22', 'Lv.7:16', 'Lv.7:16', 'Dt.23:22', 'Dt.23:22', 'Lv.7:16']), (264, 2, ['Dt.23:22', 'Lv.27:1-8', 'Lv.27:9']), (264, 3, ['Dt.23:22', 'Lv.27:10']), (264, 4, ['Dt.23:22']), (264, 5, ['Dt.23:22']), (264, 6, ['Dt.23:22']), (264, 7, ['Dt.23:22']), (265, 1, ['Dt.23:23', 'Ecc.5:4', 'Ecc.5:4']), (265, 2, ['Dt.23:24']), (265, 3, ['Dt.23:24']), (265, 4, ['Dt.23:24']), (265, 5, ['Dt.23:24']), (265, 6, ['Dt.23:24', 'Lv.27:1-8', 'Lv.27:9']), (265, 7, ['Dt.23:24']), (265, 8, ['Dt.23:24']), (265, 9, ['Dt.23:24']), (266, 1, ['Dt.23:25', 'Dt.23:25']), (266, 2, ['Dt.23:25', 'Dt.23:25']), (266, 3, ['Dt.23:25']), (266, 4, ['Dt.23:25']), (266, 5, ['Dt.23:25', 'Dt.23:25']), (266, 6, ['Dt.23:25']), (267, 1, ['Dt.23:26', 'Dt.23:26']), (267, 2, ['Dt.23:26', 'Dt.23:26']), (267, 3, ['Dt.23:26']), (267, 4, ['Dt.23:26'])]
  the spine rows with NO citation in either file: [(247, 3), (247, 5), (257, 2), (257, 4), (259, 2), (259, 4)]
  NO portion edge inside the chapter (Ki Teitzei 21:10-25:19 holds it whole) — the heads by verse, and the verses of the chapter with no head: [1, 2, 3, 4, 5, 7, 8, 9, 10, 11, 12, 13, 15, 16, 18, 19, 20, 21, 22, 23, 25, 26] [6, 14, 17, 24]
