==== A0. THE TWO DIVISIONS — the export's chapter 24 against the DB's
  DB verses 22 | export verses HE 22 EN 22 | per-chapter export lengths vs DB, chapters 1-25: [(5, 30, 33)]
  the alignment cost 15 | export verses mapped to MORE THAN ONE DB verse: {}
  the offset per export verse (DB minus export, the first DB verse of each): Counter({0: 22}) | the runs: [(1, 1, 1), (16, 16, 16), (17, 17, 17), (18, 18, 18), (19, 19, 19)]
  the shared export verse against its DB verses (tokens, negations): []
==== A. THE SHELF BY POSITION — the Sifrei on Deuteronomy around chapter 24
  piskaot 357 357 rows 2357 2357
  heads 220-300 (HE first citation | rows | EN first quote):
   220 head (21, 21) | HE rows  4 EN rows  4 | 'Then all the populace of his city shall pummel46Heb: regemuh'
   221 head (21, 22) | HE rows 10 EN rows 10 | 'Now, if a man commits a sin worthy of the sentence of death,'
   222 head None | HE rows  8 EN rows  8 | 'When you see63Heb: tir’eh; root: r-‘-h. your rival’s ass cro'
   223 head (22, 2) | HE rows  4 EN rows  4 | 'But if your brother does not live near you'
   224 head (22, 3) | HE rows  7 EN rows  7 | 'Thus shall you treat his ass, as well as his garment,as well'
   225 head (22, 4) | HE rows  6 EN rows  6 | 'You shall not see your brother’s ox'
   226 head (22, 5) | HE rows  3 EN rows  3 | 'A woman must not don a man’s gear;nor may a man dress-up in '
   227 head (22, 6) | HE rows 11 EN rows 11 | 'If you happen across a bird’s nest'
   228 head (22, 7) | HE rows  8 EN rows  8 | 'You must definitely send away the dam'
   229 head (22, 8) | HE rows 10 EN rows 10 | 'When you build a new house'
   230 head (22, 9) | HE rows 13 EN rows 13 | 'You may not sow your vineyard with incompatible specieslest '
   231 head (22, 10) | HE rows  3 EN rows  3 | 'You may not plow with an ox and an ass as one'
   232 head (22, 11) | HE rows  5 EN rows  5 | 'Do not wear wool and linen fibers mingled144Heb: sh`atnez. a'
   233 head (22, 11) | HE rows  5 EN rows  5 | 'Do not wear garments of wool and linen fibers mingled as one'
   234 head (22, 12) | HE rows  7 EN rows  7 | 'Tassels157Heb: gedilim. shall you make for yourself'
   235 head (22, 13) | HE rows 11 EN rows 11 | 'Should a man take a wife, consort with her, and come to hate'
   236 head None | HE rows  4 EN rows  4 | 'To be his wife, but now he hates her;moreover, he has levele'
   237 head (22, 17) | HE rows  3 EN rows  3 | 'Then they spread out her night-dress'
   238 head (22, 18) | HE rows 10 EN rows 10 | 'Then the elders of that city shall take the man'
   239 head (22, 20) | HE rows  3 EN rows  3 | 'But if this charge were true'
   240 head (22, 21) | HE rows  5 EN rows  5 | 'Now, the men of her city shall pelt191Heb: seqaluhah. See Dt'
   241 head (22, 22) | HE rows  7 EN rows  7 | 'If a man is found'
   242 head (22, 23) | HE rows 10 EN rows 10 | 'Should there be a virginal young lady, who is betrothed to a'
   243 head (22, 26) | HE rows  4 EN rows  4 | 'But, do nothing to the young lady'
   244 head (22, 28) | HE rows  3 EN rows  3 | 'Should a man find a virginal young lady,215Heb: na`arah betu'
   245 head (22, 29) | HE rows  7 EN rows  7 | 'And the man'
   246 head (23, 1) | HE rows  1 EN rows  1 | 'A man shall not take his father’s wife'
   247 head (23, 2) | HE rows  5 EN rows  5 | 'crushing wound'
   248 head (23, 3) | HE rows  5 EN rows  5 | 'No one of impaired lineage234Heb: mamzer. shall enter the Co'
   249 head (23, 4) | HE rows  4 EN rows  4 | 'Neither an Ammonite nor a Moabite shall enter the Community '
   250 head (23, 5) | HE rows  5 EN rows  5 | 'By reason of their failure to extend hospitality to you, wit'
   251 head (23, 7) | HE rows  3 EN rows  3 | 'Don’t inquire after their comfort250Heb: shlomam; literally,'
   252 head (23, 8) | HE rows  3 EN rows  3 | 'Do not despise an Edomite'
   253 head (23, 9) | HE rows  3 EN rows  3 | 'The sons born to them'
   254 head (23, 10) | HE rows  4 EN rows  4 | 'When you go off to encamp upon your enemies'
   255 head (23, 11) | HE rows  5 EN rows  5 | 'Should there be among you'
   256 head (23, 12) | HE rows  2 EN rows  2 | 'Then, he shall wash with water'
   257 head (23, 13) | HE rows  6 EN rows  6 | 'You should prepare a handy spot275Heb: yad; literally, “hand'
   258 head (23, 15) | HE rows  4 EN rows  4 | 'Because HASHEM your God moves about in the midst of your cam'
   259 head (23, 16) | HE rows  8 EN rows  8 | 'Do not return a slave to his master'
   260 head (23, 18) | HE rows  2 EN rows  2 | 'No daughter of Israel shall become a prostitute'
   261 head (23, 19) | HE rows  6 EN rows  6 | 'Do not bring a whore’s hire . . . to the Abode of HASHEM you'
   262 head (23, 20) | HE rows  3 EN rows  3 | 'Do not exact from304Heb: tashich; literally, “take a bite fr'
   263 head (23, 21) | HE rows  4 EN rows  4 | 'You may, rather, exact from the foreigner [unfair terms];but'
   264 head (23, 22) | HE rows  7 EN rows  7 | 'When you utter a vow316Heb: neder; as a noun, “a vow;'
   265 head (23, 23) | HE rows  9 EN rows  9 | 'But if you restrain yourself from uttering a vow'
   266 head (23, 25) | HE rows  6 EN rows  6 | 'When you come into your kinsman’s vineyard,you may eat grape'
   267 head (23, 26) | HE rows  4 EN rows  4 | 'When you come upon your kinsman’s standing grain,you may sna'
   268 head (24, 1) | HE rows  3 EN rows  3 | 'Should a man take337Heb: yiqakh. The root, l-q-kh, can mean '
   269 head None | HE rows 14 EN rows 14 | 'In the event that she doesn’t please him'
   270 head (24, 2) | HE rows 13 EN rows 13 | 'And she shall go out from his house'
   271 head (24, 5) | HE rows  6 EN rows  6 | 'When a man takes a new wife'
   272 head (24, 6) | HE rows  2 EN rows  2 | 'He should not seize a mill or a millstone'
   273 head (24, 7) | HE rows  9 EN rows  9 | 'If a man is found'
   274 head (24, 8) | HE rows  6 EN rows  6 | 'Be careful'
   275 head (24, 9) | HE rows  3 EN rows  3 | 'Remember what HASHEM your God did to Miriam'
   276 head (24, 10) | HE rows  3 EN rows  3 | 'Should you ever lend on pledge to your kinsman'
   277 head (24, 12) | HE rows  5 EN rows  5 | 'Now, if he is a poor man'
   278 head (24, 14) | HE rows  5 EN rows  5 | 'You must not withhold the pay of a the poor or a pauper'
   279 head (24, 15) | HE rows  4 EN rows  4 | 'Pay him for his day’s work'
   280 head (24, 16) | HE rows  3 EN rows  3 | 'Fathers shall not be put to death by reason of the sons'
   281 head (24, 17) | HE rows  3 EN rows  3 | 'Do not pervert justice against the migrant or fatherless'
   282 head (24, 19) | HE rows  4 EN rows  4 | 'When you are reaping your harvest in your field'
   283 head None | HE rows  6 EN rows  6 | 'And you forgot a sheaf'
   284 head (24, 20) | HE rows  6 EN rows  6 | 'When you beat your olives from their trees, do not strip the'
   285 head (24, 21) | HE rows  4 EN rows  4 | 'When you reap your vineyard, do not take the odd bunches of '
   286 head (25, 1) | HE rows 17 EN rows 17 | 'Should there be a quarrel between men'
   287 head (25, 4) | HE rows  3 EN rows  3 | 'You may not muzzle an ox'
   288 head (25, 5) | HE rows  6 EN rows  6 | 'If brothers are living as one'
   289 head (25, 6) | HE rows 11 EN rows 11 | 'Then, the first son she shall bear'
   290 head (25, 8) | HE rows  4 EN rows  4 | 'Then the elders of his city shall summon him'
   291 head (25, 9) | HE rows  9 EN rows  9 | 'Then, his widowed sister-in-lawshall approach him before the'
   292 head (25, 11) | HE rows  5 EN rows  5 | 'When men struggle together'
   293 head (25, 12) | HE rows  2 EN rows  2 | 'And you shall cut off her hand'
   294 head (25, 13) | HE rows  9 EN rows  9 | 'You shall not have in your pouch stone-weights,one heavy sto'
   295 head None | HE rows  4 EN rows  4 | 'So that you may extend your days'
   296 head (25, 17) | HE rows  9 EN rows  9 | 'Remember'
   297 head (26, 1) | HE rows 10 EN rows 10 | 'Now it shall be, when you enter the Land'
   298 head None | HE rows  3 EN rows  3 | 'And place it in a basket'
   299 head None | HE rows  4 EN rows  4 | 'And you shall say to him'
   300 head (26, 4) | HE rows  2 EN rows  2 | 'Then the Priest will take the basket from your hand'
  heads whose chapter is 24 : [(268, (24, 1)), (270, (24, 2)), (271, (24, 5)), (272, (24, 6)), (273, (24, 7)), (274, (24, 8)), (275, (24, 9)), (276, (24, 10)), (277, (24, 12)), (278, (24, 14)), (279, (24, 15)), (280, (24, 16)), (281, (24, 17)), (282, (24, 19)), (284, (24, 20)), (285, (24, 21))] | heads by chapter 1-25: [(1, 24), (3, 4), (6, 6), (11, 21), (12, 20), (13, 14), (14, 14), (15, 16), (16, 19), (17, 16), (18, 16), (19, 10), (20, 14), (21, 17), (22, 22), (23, 22), (24, 16), (25, 10), (26, 4), (31, 1), (32, 36), (33, 14), (34, 1)]
  HE rows citing Deut 24 (the export's verse → the DB's): 26 [(87, 3, 16, [16]), (94, 3, 16, [16]), (110, 1, 17, [17]), (117, 5, 15, [15]), (122, 1, 1, [1]), (268, 1, 1, [1]), (270, 1, 2, [2]), (270, 4, 3, [3]), (270, 7, 1, [1]), (270, 8, 4, [4]), (271, 1, 5, [5]), (272, 1, 6, [6]), (273, 1, 7, [7]), (274, 1, 8, [8]), (275, 1, 9, [9]), (276, 1, 10, [10]), (277, 1, 12, [12]), (277, 3, 13, [13]), (278, 1, 14, [14]), (279, 1, 15, [15]), (280, 1, 16, [16]), (281, 1, 17, [17]), (282, 1, 19, [19]), (282, 3, 19, [19]), (284, 1, 20, [20]), (285, 1, 21, [21])]
  EN rows citing Deut 24 : 144 [(41, 3, 19, [19]), (94, 3, 16, [16]), (110, 1, 17, [17]), (117, 5, 15, [15]), (117, 5, 15, [15]), (122, 1, 1, [1]), (268, 1, 1, [1]), (268, 1, 1, [1]), (268, 2, 1, [1]), (268, 2, 1, [1]), (268, 3, 1, [1]), (269, 1, 1, [1]), (269, 1, 1, [1]), (269, 2, 1, [1]), (269, 2, 1, [1]), (269, 3, 1, [1]), (269, 4, 1, [1]), (269, 5, 1, [1]), (269, 5, 1, [1]), (269, 6, 1, [1]), (269, 6, 1, [1]), (269, 7, 1, [1]), (269, 13, 2, [2]), (269, 13, 2, [2]), (269, 14, 2, [2]), (270, 1, 2, [2]), (270, 2, 2, [2]), (270, 3, 2, [2]), (270, 4, 3, [3]), (270, 5, 3, [3]), (270, 6, 3, [3]), (270, 7, 3, [3]), (270, 8, 4, [4]), (270, 8, 4, [4]), (270, 9, 4, [4]), (270, 9, 4, [4]), (270, 10, 4, [4]), (270, 10, 4, [4]), (270, 12, 4, [4]), (270, 13, 4, [4]), (271, 1, 5, [5]), (271, 1, 5, [5]), (271, 1, 5, [5]), (271, 2, 5, [5]), (271, 2, 5, [5]), (271, 2, 5, [5]), (271, 3, 5, [5]), (271, 4, 5, [5]), (271, 5, 5, [5]), (271, 6, 5, [5]), (272, 1, 6, [6]), (272, 1, 6, [6]), (272, 2, 6, [6]), (273, 1, 7, [7]), (273, 2, 7, [7]), (273, 3, 7, [7]), (273, 4, 7, [7]), (273, 5, 7, [7]), (273, 5, 7, [7]), (273, 6, 7, [7]), (273, 7, 7, [7]), (273, 8, 7, [7]), (273, 9, 7, [7]), (274, 1, 8, [8]), (274, 2, 8, [8]), (274, 3, 8, [8]), (274, 3, 8, [8]), (274, 4, 8, [8]), (274, 5, 8, [8]), (274, 6, 8, [8]), (274, 6, 8, [8]), (275, 1, 9, [9]), (275, 2, 9, [9]), (275, 3, 9, [9]), (276, 1, 10, [10]), (276, 1, 10, [10]), (276, 2, 10, [10]), (276, 2, 10, [10]), (276, 2, 10, [10]), (276, 3, 11, [11]), (277, 1, 12, [12]), (277, 1, 12, [12]), (277, 1, 12, [12]), (277, 2, 12, [12]), (277, 3, 13, [13]), (277, 4, 13, [13]), (277, 4, 13, [13]), (277, 5, 13, [13]), (278, 1, 14, [14]), (278, 1, 14, [14]), (278, 1, 15, [15]), (278, 2, 15, [15]), (278, 2, 14, [14]), (278, 2, 14, [14]), (278, 2, 14, [14]), (278, 3, 14, [14]), (278, 4, 14, [14]), (278, 5, 14, [14]), (278, 5, 14, [14]), (279, 1, 15, [15]), (279, 2, 15, [15]), (279, 3, 15, [15]), (279, 3, 15, [15]), (279, 4, 15, [15]), (279, 4, 15, [15]), (279, 4, 15, [15]), (280, 1, 16, [16]), (280, 1, 16, [16]), (280, 2, 16, [16]), (280, 3, 26, None), (281, 1, 17, [17]), (281, 2, 17, [17]), (282, 1, 19, [19]), (282, 1, 19, [19]), (282, 2, 19, [19]), (282, 2, 19, [19]), (282, 3, 19, [19]), (282, 4, 19, [19]), (283, 1, 19, [19]), (283, 1, 19, [19]), (283, 2, 19, [19]), (283, 2, 19, [19]), (283, 2, 19, [19]), (283, 2, 19, [19]), (283, 3, 19, [19]), (283, 4, 19, [19]), (283, 5, 19, [19]), (283, 5, 19, [19]), (283, 6, 19, [19]), (284, 1, 20, [20]), (284, 2, 20, [20]), (284, 2, 20, [20]), (284, 3, 20, [20]), (284, 4, 20, [20]), (284, 5, 20, [20]), (284, 6, 20, [20]), (284, 6, 19, [19]), (285, 1, 21, [21]), (285, 2, 21, [21]), (285, 3, 21, [21]), (285, 3, 21, [21]), (285, 4, 21, [21]), (285, 4, 21, [21]), (285, 4, 19, [19])]
  EN "ibid 24:n" candidates: 0
  the union of rows (both files): 98 [(41, 3), (87, 3), (94, 3), (110, 1), (117, 5), (122, 1), (268, 1), (268, 2), (268, 3), (269, 1), (269, 2), (269, 3), (269, 4), (269, 5), (269, 6), (269, 7), (269, 13), (269, 14), (270, 1), (270, 2), (270, 3), (270, 4), (270, 5), (270, 6), (270, 7), (270, 8), (270, 9), (270, 10), (270, 12), (270, 13), (271, 1), (271, 2), (271, 3), (271, 4), (271, 5), (271, 6), (272, 1), (272, 2), (273, 1), (273, 2), (273, 3), (273, 4), (273, 5), (273, 6), (273, 7), (273, 8), (273, 9), (274, 1), (274, 2), (274, 3), (274, 4), (274, 5), (274, 6), (275, 1), (275, 2), (275, 3), (276, 1), (276, 2), (276, 3), (277, 1), (277, 2), (277, 3), (277, 4), (277, 5), (278, 1), (278, 2), (278, 3), (278, 4), (278, 5), (279, 1), (279, 2), (279, 3), (279, 4), (280, 1), (280, 2), (280, 3), (281, 1), (281, 2), (282, 1), (282, 2), (282, 3), (282, 4), (283, 1), (283, 2), (283, 3), (283, 4), (283, 5), (283, 6), (284, 1), (284, 2), (284, 3), (284, 4), (284, 5), (284, 6), (285, 1), (285, 2), (285, 3), (285, 4)]
  the rows OUTSIDE the spine piskaot (the union less the on-chapter piskaot 268 - 285 ): 21 [(41, 3), (87, 3), (94, 3), (110, 1), (117, 5), (122, 1), (269, 1), (269, 2), (269, 3), (269, 4), (269, 5), (269, 6), (269, 7), (269, 13), (269, 14), (283, 1), (283, 2), (283, 3), (283, 4), (283, 5), (283, 6)] | in-spine rows of the union: 77
  outside rows file bytes 32574
==== B. ONKELOS chapter 24 and the DB (the dump per DB verse; a shared export row printed at its first DB verse)
  the store's chapter 24 verses 22 | verses whose store token count differs from the DB: []
  token count chapter 24 : 327
  onkelos dump bytes 27233
==== C. THE PARSER on every verse of chapter 24
  24:4   N []                       O [1]            marked []
  24:5   N [1]                      O []             marked []
  number-word tokens present per verse (the bare check against the parser): {'24:4': ['הראשון'], '24:5': ['אחת']}
  24:1 tokens: ['כי', 'יקח', 'איש', 'אשה', 'ובעלה', 'והיה', 'אם', 'לא', 'תמצא', 'חן', 'בעיניו', 'כי', 'מצא', 'בה', 'ערות', 'דבר', 'וכתב', 'לה', 'ספר', 'כריתת', 'ונתן', 'בידה', 'ושלחה', 'מביתו']
  24:4 tokens: ['לא', 'יוכל', 'בעלה', 'הראשון', 'אשר', 'שלחה', 'לשוב', 'לקחתה', 'להיות', 'לו', 'לאשה', 'אחרי', 'אשר', 'הטמאה', 'כי', 'תועבה', 'הוא', 'לפני', 'יהוה', 'ולא', 'תחטיא', 'את', 'הארץ', 'אשר', 'יהוה', 'אלהיך', 'נתן', 'לך', 'נחלה']
  24:5 tokens: ['כי', 'יקח', 'איש', 'אשה', 'חדשה', 'לא', 'יצא', 'בצבא', 'ולא', 'יעבר', 'עליו', 'לכל', 'דבר', 'נקי', 'יהיה', 'לביתו', 'שנה', 'אחת', 'ושמח', 'את', 'אשתו', 'אשר', 'לקח']
  24:22 tokens: ['וזכרת', 'כי', 'עבד', 'היית', 'בארץ', 'מצרים', 'על', 'כן', 'אנכי', 'מצוך', 'לעשות', 'את', 'הדבר', 'הזה']
==== D. CASE TOKENS, FRAMES, REGISTER, NAMES
  case tokens (כי "when/for" / אם "if" / ואם / או "or" / פן "lest"): {'24:1': ['כי', 'אם', 'כי'], '24:3': ['או', 'כי'], '24:4': ['כי'], '24:5': ['כי'], '24:6': ['כי'], '24:7': ['כי'], '24:10': ['כי'], '24:12': ['ואם'], '24:14': ['או'], '24:15': ['כי'], '24:18': ['כי'], '24:19': ['כי'], '24:20': ['כי'], '24:21': ['כי'], '24:22': ['כי']}
  divine frames (ויאמר/וידבר + יהוה): []
  לאמר "saying" seats: []
  narrative-form verbs (V.w) per verse: {18: ['ויפדך']}
  first-person verb forms (1cs / 1cp) per verse: {8: [('צויתם', 'HVpp1cs/Sp3mp')]}
  imperatives (Vq.v / Vp.v / Vh.v) per verse: {}
  prohibitions לא + imperfect (the ten's form) per verse: {1: [('תמצא', 'HVqi3fs')], 4: [('יוכל', 'HVqi3ms'), ('תחטיא', 'HVhi2ms')], 5: [('יצא', 'HVqi3ms'), ('יעבר', 'HVqi3ms')], 6: [('יחבל', 'HVqi3ms')], 10: [('תבא', 'HVqi2ms')], 12: [('תשכב', 'HVqi2ms')], 14: [('תעשק', 'HVqi2ms')], 15: [('תבוא', 'HVqi3fs'), ('יקרא', 'HVqi3ms')], 16: [('יומתו', 'HVHi3mp'), ('יומתו', 'HVHi3mp')], 17: [('תטה', 'HVhi2ms'), ('תחבל', 'HVqi2ms')], 19: [('תשוב', 'HVqi2ms')], 20: [('תפאר', 'HVpi2ms')], 21: [('תעולל', 'HVmi2ms')]}
  name tokens (Np): {4: ['יהוה', 'יהוה'], 7: ['ישראל'], 9: ['יהוה', 'למרים', 'ממצרים'], 13: ['יהוה'], 15: ['יהוה'], 18: ['במצרים', 'יהוה'], 19: ['יהוה'], 22: ['מצרים']}
  second-person plural vs singular (2mp / 2ms tokens per verse): {1: (0, 0), 2: (0, 0), 3: (0, 0), 4: (0, 3), 5: (0, 0), 6: (0, 0), 7: (0, 2), 8: (2, 1), 9: (1, 1), 10: (0, 3), 11: (0, 3), 12: (0, 1), 13: (0, 4), 14: (0, 5), 15: (0, 3), 16: (0, 0), 17: (0, 2), 18: (0, 5), 19: (0, 8), 20: (0, 4), 21: (0, 4), 22: (0, 3)}
==== E. THE REGISTER GATE on Deut 24
  dispositions naming Deut 24: []
  REGISTER_INDEX lines on Deut 24:
==== F. THE PRIOR READS
  ledgers with an Onkelos Deut 24 row: []
  prior Sifrei Devarim rows anywhere (strict form), those among the outside rows: [('deu_11_ekev_reeh_2026-09-20.md', 41, 3), ('deu_13_reeh_2026-09-21.md', 87, 3), ('deu_13_reeh_2026-09-21.md', 94, 3), ('deu_14_reeh_2026-09-21.md', 110, 1), ('deu_15_reeh_2026-09-22.md', 41, 3), ('deu_15_reeh_2026-09-22.md', 117, 5), ('deu_15_reeh_2026-09-22.md', 122, 1), ('deu_15_reeh_2026-09-22.md', 279, 4), ('deu_16_reeh_shoftim_2026-09-23.md', 281, 1)] | all prior rows count 1570
  ledgers NAMING a verse of Deut 24: 20
    ('deu_01_03_devarim_exam_2026-09-15.md', 3, ['Deuteronomy 24:16'])
    ('deu_13_reeh_2026-09-21.md', 1, ['Deuteronomy 24:16'])
    ('erection_docket_2026-09-06.md', 2, ['Deut 24:13', 'Deut 24:16'])
    ('exodus_block_decalogue_2026-09-04.md', 1, ['Deut 24:16'])
    ('exodus_block_persons_2026-09-04.md', 1, ['Deut 24:7'])
    ('family_docket_2026-09-06.md', 1, ['Deut 24:1'])
    ('gen_11_sentences_exile_2026-08-25.md', 1, ['Deuteronomy 24:5-6'])
    ('gen_60_dreamer_sold_2026-08-28.md', 1, ['Deuteronomy 24:7'])
    ('holiness_topic_docket_2026-09-06.md', 19, ['Deut 24:10', 'Deut 24:15', 'Deut 24:19', 'Deut 24:19-20', 'Deut 24:20', 'Deut 24:21', 'Deut 24:6'])
    ('lev_12_childbirth_2026-09-05.md', 1, ['Deut 24:8'])
    ('lev_25_slave_jubilee_2026-09-05.md', 1, ['Deut 24:15'])
    ('lev_26_blessings_curses_2026-09-05.md', 3, ['Deut 24:16', 'Deut 24:9'])
    ('num_05_sotah_2026-09-09.md', 3, ['Deut 24:1'])
    ('num_12_miriam_2026-09-10.md', 2, ['Deut 24:9'])
    ('num_21_snakes_conquest_2026-09-11.md', 3, ['Deut 24:19'])
    ('num_28_29_musafim_exam_2026-09-11.md', 1, ['Deut 24:8'])
    ('num_31_midian_exam_2026-09-12.md', 2, ['Deuteronomy 24:4', 'Deuteronomy 24:5'])
    ('num_35_refuge_cities_exam_2026-09-13.md', 1, ['Deuteronomy 24:16'])
    ('ordinances_topic_docket_2026-09-06.md', 3, ['Deut 24:11', 'Deut 24:13', 'Deut 24:17'])
    ('sanctions_topic_docket_2026-09-05.md', 1, ['Deut 24:7'])
  ledgers with an Onkelos Exod 21 / Exod 22 / Lev 13 / Lev 14 / Lev 19 / Lev 21 / Lev 23 / Num 12 / Deut 20 / Deut 10 / Deut 22 row (the kin's reading — the divorced Leviticus 21:7 for 24:1-4; the newlywed 20:7 for 24:5; the pledge Exodus 22:25-26 for 24:6, 10-13, 17; the kidnapper Exodus 21:16 for 24:7; the leprosy Leviticus 13-14 and Miriam Numbers 12 for 24:8-9; the hireling Leviticus 19:13 for 24:14-15; the stranger's justice Exodus 22:20-23, Leviticus 19:33-34 and 10:18-19 for 24:17-18; the sheaf Leviticus 19:9-10 and 23:22 for 24:19-22): ['deu_10_ekev_2026-09-19.md', 'deu_19_21_shoftim_ki_teitzei_2026-09-24.md', 'exo_22_property_social_2026-09-01.md', 'lev_13_negaim_2026-09-05.md', 'lev_14_metzora_2026-09-05.md', 'lev_19_kedoshim_2026-09-05.md', 'lev_21_priests_2026-09-05.md', 'lev_23_festivals_2026-09-05.md', 'num_12_miriam_2026-09-10.md', 'ordinances_topic_docket_2026-09-06.md'] | ledgers with an Onkelos row of the Prophets (never read ahead — expected none): []
==== G. THE DRAFTS
  deu_23_qahal_purity_vows: refs 23:1-26; steps (23, 1)..(23, 26) n=26; draft True; operators False; depends_on ['    - "deu_22_return_sex_laws"\n']; scenarios 33; binary_trees True; step E False; comment lines 30
  deu_24_divorce_poor: refs 24:1-22; steps (24, 1)..(24, 22) n=22; draft True; operators False; depends_on ['    - "deu_23_qahal_purity_vows"\n']; scenarios 29; binary_trees True; step E False; comment lines 26
    the step verses: [1, 2, 3, 4, 5, 6, 7, 8, 9, 10, 11, 12, 13, 14, 15, 16, 17, 18, 19, 20, 21, 22] | covers DB 22 ? True
  the units' claim prefixes present anywhere? {'DV24': 0, 'DV24A': 0, 'DV24B': 0, 'DV23': 0, 'DV25': 0}
  existing manifests deu_24*: [] | ledgers deu_*: ['deu_01_03_devarim_2026-09-15.md', 'deu_01_03_devarim_exam_2026-09-15.md', 'deu_04_vaetchanan_2026-09-16.md', 'deu_04_vaetchanan_exam_2026-09-16.md', 'deu_05_vaetchanan_2026-09-16.md', 'deu_05_vaetchanan_exam_2026-09-16.md', 'deu_06_vaetchanan_2026-09-17.md', 'deu_06_vaetchanan_exam_2026-09-17.md', 'deu_07_vaetchanan_ekev_2026-09-17.md', 'deu_07_vaetchanan_ekev_exam_2026-09-18.md', 'deu_08_ekev_2026-09-18.md', 'deu_08_ekev_exam_2026-09-19.md', 'deu_09_ekev_2026-09-19.md', 'deu_09_ekev_exam_2026-09-19.md', 'deu_10_ekev_2026-09-19.md', 'deu_10_ekev_exam_2026-09-20.md', 'deu_11_ekev_reeh_2026-09-20.md', 'deu_11_ekev_reeh_exam_2026-09-20.md', 'deu_12_reeh_2026-09-20.md', 'deu_12_reeh_exam_2026-09-20.md', 'deu_13_reeh_2026-09-21.md', 'deu_13_reeh_exam_2026-09-21.md', 'deu_14_reeh_2026-09-21.md', 'deu_14_reeh_exam_2026-09-21.md', 'deu_15_reeh_2026-09-22.md', 'deu_15_reeh_exam_2026-09-23.md', 'deu_16_reeh_shoftim_2026-09-23.md', 'deu_16_reeh_shoftim_exam_2026-09-23.md', 'deu_17_18_shoftim_2026-09-24.md', 'deu_17_18_shoftim_exam_2026-09-24.md', 'deu_19_21_shoftim_ki_teitzei_2026-09-24.md', 'deu_19_21_shoftim_ki_teitzei_exam_2026-09-25.md']
  unit count and standing (CORPUS_TRUTH literals): []
==== H. THE STORE'S GLOSSES on chapter 24
  gloss Counter (the 50 commonest): [('that', 14), ('not', 13), ('which', 9), ('obj-marker·et', 8), ('YHWH', 7), ('be', 7), ('man', 5), ('he/it', 5), ('and-not', 5), ('God-you/your', 5), ('die', 4), ('over', 4), ('take', 3), ('and-be', 3), ('find', 3), ('from-house-him/its', 3), ('to-him/its', 3), ('wind-tightly', 3), ('to-make', 3), ('depressed', 3), ('return', 3), ('to-sojourner', 3), ('to-bereaved-person', 3), ('and-to-widow', 3), ('woman', 2), ('word/thing', 2), ('and-grave', 2), ('to-her/its', 2), ('writing', 2), ('cutting', 2), ('and-set', 2), ('in-hand-her/its', 2), ('and-send-her/its', 2), ('the-man', 2), ('the-hinder', 2), ('or', 2), ('to-woman', 2), ('to-face', 2), ('set', 2), ('to-you/your', 2), ('bring-forth', 2), ('over-him/its', 2), ('living-being', 2), ('in-him/its', 2), ('keep/guard', 2), ('lend', 2), ('come/bring', 2), ('to', 2), ('the-pawn', 2), ('the-sun', 2)]
  gloss file bytes 9896
  overrides already for Deut.24: [] | by_ref last Deut.23 line: []
==== I. THE SPINE ON THE CHAPTER — the Sifrei piskaot whose head is in chapter 24 (the spine on the chapter a sixteenth time), whole
  SPINE (computed from the heads): [268, 270, 271, 272, 273, 274, 275, 276, 277, 278, 279, 280, 281, 282, 284, 285] | contiguous? False | the heads by verse: [(268, 1), (270, 2), (271, 5), (272, 6), (273, 7), (274, 8), (275, 9), (276, 10), (277, 12), (278, 14), (279, 15), (280, 16), (281, 17), (282, 19), (284, 20), (285, 21)] | the heads before and after: {267: (23, 26), 286: (25, 1)}
  rows per piska (HE, EN): {268: (3, 3), 270: (13, 13), 271: (6, 6), 272: (2, 2), 273: (9, 9), 274: (6, 6), 275: (3, 3), 276: (3, 3), 277: (5, 5), 278: (5, 5), 279: (4, 4), 280: (3, 3), 281: (3, 3), 282: (4, 4), 284: (6, 6), 285: (4, 4)} | total HE rows 79 | HE == EN everywhere? True
  spine file bytes 63283 | bytes per piska HE+EN: {268: 5274, 270: 6167, 271: 3364, 272: 1263, 273: 2097, 274: 2348, 275: 1858, 276: 1584, 277: 2858, 278: 3766, 279: 2776, 280: 1592, 281: 1528, 282: 4056, 284: 3838, 285: 2398}
  prior reads among the spine rows (any ledger): [('deu_15_reeh_2026-09-22.md', 279, 4), ('deu_16_reeh_shoftim_2026-09-23.md', 281, 1)]
  the spine rows citing a verse of chapter 24 in the Hebrew (p, r, the export verses): [(268, 1, [1]), (270, 1, [2]), (270, 4, [3]), (270, 7, [1]), (270, 8, [4]), (271, 1, [5]), (272, 1, [6]), (273, 1, [7]), (274, 1, [8]), (275, 1, [9]), (276, 1, [10]), (277, 1, [12]), (277, 3, [13]), (278, 1, [14]), (279, 1, [15]), (280, 1, [16]), (281, 1, [17]), (282, 1, [19]), (282, 3, [19]), (284, 1, [20]), (285, 1, [21])]
  the spine rows' own Hebrew citations (book, chapter, verse) by row: [(268, 1, [('דברים', 24, 1)]), (270, 1, [('דברים', 24, 2)]), (270, 4, [('דברים', 24, 3)]), (270, 7, [('דברים', 24, 1)]), (270, 8, [('דברים', 24, 4)]), (270, 11, [('ירמיה', 3, 1)]), (271, 1, [('דברים', 24, 5)]), (272, 1, [('דברים', 24, 6)]), (273, 1, [('דברים', 24, 7)]), (274, 1, [('דברים', 24, 8)]), (275, 1, [('דברים', 24, 9)]), (275, 3, [('מיכה', 6, 4)]), (276, 1, [('דברים', 24, 10)]), (277, 1, [('דברים', 24, 12)]), (277, 3, [('דברים', 24, 13)]), (277, 5, [('תהלים', 85, 14)]), (278, 1, [('דברים', 24, 14), ('ויקרא', 19, 13), ('ויקרא', 19, 13)]), (279, 1, [('דברים', 24, 15), ('ויקרא', 19, 13)]), (279, 4, [('דברים', 15, 9)]), (280, 1, [('דברים', 24, 16)]), (281, 1, [('דברים', 24, 17), ('דברים', 16, 19)]), (282, 1, [('דברים', 24, 19)]), (282, 3, [('דברים', 24, 19)]), (284, 1, [('דברים', 24, 20)]), (284, 3, [('משלי', 22, 28)]), (285, 1, [('דברים', 24, 21)])]
  the spine rows' English citations by row: [(268, 1, ['Dt.24:1', 'Dt.24:1']), (268, 2, ['Dt.24:1', 'Dt.24:1']), (268, 3, ['Dt.24:1-2']), (270, 1, ['Dt.24:2']), (270, 2, ['Dt.24:2']), (270, 3, ['Dt.24:2']), (270, 4, ['Dt.24:3']), (270, 5, ['Dt.24:3']), (270, 6, ['Dt.24:3']), (270, 7, ['Dt.24:3']), (270, 8, ['Dt.25:5-10', 'Dt.24:4', 'Dt.24:4']), (270, 9, ['Dt.24:4', 'Dt.24:4']), (270, 10, ['Dt.24:4', 'Dt.24:4']), (270, 11, ['Jer.3:1']), (270, 12, ['Dt.24:4']), (270, 13, ['Dt.24:4']), (271, 1, ['Dt.24:5', 'Dt.24:5', 'Dt.24:5', 'Josh.9:27']), (271, 2, ['Dt.24:5', 'Dt.24:5', 'Dt.24:5']), (271, 3, ['Dt.24:5']), (271, 4, ['Dt.24:5']), (271, 5, ['Dt.24:5']), (271, 6, ['Dt.24:5']), (272, 1, ['Dr.24:6', 'Dt.24:6', 'Dt.24:6']), (272, 2, ['Dt.24:6']), (273, 1, ['Dt.24:7']), (273, 2, ['Dt.24:7']), (273, 3, ['Dt.24:7']), (273, 4, ['Dt.24:7']), (273, 5, ['Dt.24:7', 'Dt.24:7']), (273, 6, ['Dt.24:7']), (273, 7, ['Dt.24:7']), (273, 8, ['Dt.24:7']), (273, 9, ['Dt.24:7']), (274, 1, ['Dt.24:8']), (274, 2, ['Dt.24:8']), (274, 3, ['Dt.24:8', 'Dt.24:8']), (274, 4, ['Dt.24:8']), (274, 5, ['Dt.24:8']), (274, 6, ['Dt.24:8', 'Dt.24:8']), (275, 1, ['Dt.24:9']), (275, 2, ['Dt.24:9']), (275, 3, ['Dt.24:9', 'Mi.6:4']), (276, 1, ['Dt.24:10', 'Dt.24:10']), (276, 2, ['Dt.24:10', 'Dt.24:10', 'Dt.24:10']), (276, 3, ['Dt.24:11']), (277, 1, ['Dt.24:12', 'Dt.24:12', 'Dt.24:12']), (277, 2, ['Dt.24:12']), (277, 3, ['Dt.24:13']), (277, 4, ['Dt.24:13', 'Dt.24:13']), (277, 5, ['Dt.24:13', 'Ps.85:14']), (278, 1, ['Dt.24:14', 'Lv.19:13', 'Dt.24:14', 'Lv.19:13', 'Lv.19:13', 'Lv.19:13', 'Dt.24:15']), (278, 2, ['Dt.24:15', 'Dt.24:14', 'Dt.24:14', 'Dt.24:14']), (278, 3, ['Dt.24:14']), (278, 4, ['Dt.24:14', 'Lv.19:13', 'Lv.19:13', 'Lv.19:13']), (278, 5, ['Dt.24:14', 'Dt.24:14']), (279, 1, ['Dt.24:15', 'Lv.19:13']), (279, 2, ['Dt.24:15']), (279, 3, ['Dt.24:15', 'Dt.24:15']), (279, 4, ['Dt.24:15', 'Dt.15:9', 'Dt.24:15', 'Dt.24:15', 'Dt.15:9']), (280, 1, ['Dt.24:16', 'Dt.24:16']), (280, 2, ['Dt.24:16']), (280, 3, ['Dt.24:26']), (281, 1, ['Dt.24:17', 'Dt.16:19']), (281, 2, ['Dt.24:17']), (282, 1, ['Dt.24:19', 'Dt.24:19']), (282, 2, ['Dt.24:19', 'Dt.24:19']), (282, 3, ['Dt.24:19']), (282, 4, ['Dt.24:19']), (284, 1, ['Dt.24:20']), (284, 2, ['Dt.24:20', 'Dt.24:20']), (284, 3, ['Dt.24:20', 'Prov.22:28']), (284, 4, ['Dt.24:20']), (284, 5, ['Dt.24:20']), (284, 6, ['Dt.24:20', 'Dt.24:19']), (285, 1, ['Dt.24:21']), (285, 2, ['Dt.24:21']), (285, 3, ['Dt.24:21', 'Dt.24:21']), (285, 4, ['Dt.24:21', 'Dt.24:21', 'Dt.24:19'])]
  the spine rows with NO citation in either file: [(281, 3)]
  NO portion edge inside the chapter (Ki Teitzei 21:10-25:19 holds it whole) — the heads by verse, and the verses of the chapter with no head: [1, 2, 5, 6, 7, 8, 9, 10, 12, 14, 15, 16, 17, 19, 20, 21] [3, 4, 11, 13, 18, 22]
