==== A0. THE TWO DIVISIONS — the export's chapter 25 against the DB's
  DB verses 19 | export verses HE 19 EN 19 | per-chapter export lengths vs DB, chapters 1-25: [(5, 30, 33)]
  the alignment cost 21 | export verses mapped to MORE THAN ONE DB verse: {}
  the offset per export verse (DB minus export, the first DB verse of each): Counter({0: 19}) | the runs: [(1, 1, 1), (16, 16, 16), (17, 17, 17), (18, 18, 18), (19, 19, 19)]
  the shared export verse against its DB verses (tokens, negations): []
==== A. THE SHELF BY POSITION — the Sifrei on Deuteronomy around chapter 25
  piskaot 357 357 rows 2357 2357
  heads 220-300 (HE first citation | rows | EN first quote):
   220 head (21, 21) | HE rows  4 EN rows  4 | 'Then all the populace of his city shall pummel46Heb: regemuh'
   221 head (21, 22) | HE rows 10 EN rows 10 | 'Now, if a man commits a sin worthy of the sentence of death,'
   222 head None | HE rows  8 EN rows  8 | 'When you see63Heb: tir’eh; root: r-‘-h. your rival’s ass cro'
   223 head (22, 2) | HE rows  4 EN rows  4 | 'But if your brother does not live near you'
   224 head (22, 3) | HE rows  7 EN rows  7 | 'Thus shall you treat his ass, as well as his garment,as well'
   225 head (22, 4) | HE rows  6 EN rows  6 | 'You shall not see your brother’s ox'
   226 head (22, 5) | HE rows  3 EN rows  3 | 'A woman must not don a man’s gear;nor may a man dress-up in '
   227 head (22, 6) | HE rows 11 EN rows 11 | 'If you happen across a bird’s nest'
   228 head (22, 7) | HE rows  8 EN rows  8 | 'You must definitely send away the dam'
   229 head (22, 8) | HE rows 10 EN rows 10 | 'When you build a new house'
   230 head (22, 9) | HE rows 13 EN rows 13 | 'You may not sow your vineyard with incompatible specieslest '
   231 head (22, 10) | HE rows  3 EN rows  3 | 'You may not plow with an ox and an ass as one'
   232 head (22, 11) | HE rows  5 EN rows  5 | 'Do not wear wool and linen fibers mingled144Heb: sh`atnez. a'
   233 head (22, 11) | HE rows  5 EN rows  5 | 'Do not wear garments of wool and linen fibers mingled as one'
   234 head (22, 12) | HE rows  7 EN rows  7 | 'Tassels157Heb: gedilim. shall you make for yourself'
   235 head (22, 13) | HE rows 11 EN rows 11 | 'Should a man take a wife, consort with her, and come to hate'
   236 head None | HE rows  4 EN rows  4 | 'To be his wife, but now he hates her;moreover, he has levele'
   237 head (22, 17) | HE rows  3 EN rows  3 | 'Then they spread out her night-dress'
   238 head (22, 18) | HE rows 10 EN rows 10 | 'Then the elders of that city shall take the man'
   239 head (22, 20) | HE rows  3 EN rows  3 | 'But if this charge were true'
   240 head (22, 21) | HE rows  5 EN rows  5 | 'Now, the men of her city shall pelt191Heb: seqaluhah. See Dt'
   241 head (22, 22) | HE rows  7 EN rows  7 | 'If a man is found'
   242 head (22, 23) | HE rows 10 EN rows 10 | 'Should there be a virginal young lady, who is betrothed to a'
   243 head (22, 26) | HE rows  4 EN rows  4 | 'But, do nothing to the young lady'
   244 head (22, 28) | HE rows  3 EN rows  3 | 'Should a man find a virginal young lady,215Heb: na`arah betu'
   245 head (22, 29) | HE rows  7 EN rows  7 | 'And the man'
   246 head (23, 1) | HE rows  1 EN rows  1 | 'A man shall not take his father’s wife'
   247 head (23, 2) | HE rows  5 EN rows  5 | 'crushing wound'
   248 head (23, 3) | HE rows  5 EN rows  5 | 'No one of impaired lineage234Heb: mamzer. shall enter the Co'
   249 head (23, 4) | HE rows  4 EN rows  4 | 'Neither an Ammonite nor a Moabite shall enter the Community '
   250 head (23, 5) | HE rows  5 EN rows  5 | 'By reason of their failure to extend hospitality to you, wit'
   251 head (23, 7) | HE rows  3 EN rows  3 | 'Don’t inquire after their comfort250Heb: shlomam; literally,'
   252 head (23, 8) | HE rows  3 EN rows  3 | 'Do not despise an Edomite'
   253 head (23, 9) | HE rows  3 EN rows  3 | 'The sons born to them'
   254 head (23, 10) | HE rows  4 EN rows  4 | 'When you go off to encamp upon your enemies'
   255 head (23, 11) | HE rows  5 EN rows  5 | 'Should there be among you'
   256 head (23, 12) | HE rows  2 EN rows  2 | 'Then, he shall wash with water'
   257 head (23, 13) | HE rows  6 EN rows  6 | 'You should prepare a handy spot275Heb: yad; literally, “hand'
   258 head (23, 15) | HE rows  4 EN rows  4 | 'Because HASHEM your God moves about in the midst of your cam'
   259 head (23, 16) | HE rows  8 EN rows  8 | 'Do not return a slave to his master'
   260 head (23, 18) | HE rows  2 EN rows  2 | 'No daughter of Israel shall become a prostitute'
   261 head (23, 19) | HE rows  6 EN rows  6 | 'Do not bring a whore’s hire . . . to the Abode of HASHEM you'
   262 head (23, 20) | HE rows  3 EN rows  3 | 'Do not exact from304Heb: tashich; literally, “take a bite fr'
   263 head (23, 21) | HE rows  4 EN rows  4 | 'You may, rather, exact from the foreigner [unfair terms];but'
   264 head (23, 22) | HE rows  7 EN rows  7 | 'When you utter a vow316Heb: neder; as a noun, “a vow;'
   265 head (23, 23) | HE rows  9 EN rows  9 | 'But if you restrain yourself from uttering a vow'
   266 head (23, 25) | HE rows  6 EN rows  6 | 'When you come into your kinsman’s vineyard,you may eat grape'
   267 head (23, 26) | HE rows  4 EN rows  4 | 'When you come upon your kinsman’s standing grain,you may sna'
   268 head (24, 1) | HE rows  3 EN rows  3 | 'Should a man take337Heb: yiqakh. The root, l-q-kh, can mean '
   269 head None | HE rows 14 EN rows 14 | 'In the event that she doesn’t please him'
   270 head (24, 2) | HE rows 13 EN rows 13 | 'And she shall go out from his house'
   271 head (24, 5) | HE rows  6 EN rows  6 | 'When a man takes a new wife'
   272 head (24, 6) | HE rows  2 EN rows  2 | 'He should not seize a mill or a millstone'
   273 head (24, 7) | HE rows  9 EN rows  9 | 'If a man is found'
   274 head (24, 8) | HE rows  6 EN rows  6 | 'Be careful'
   275 head (24, 9) | HE rows  3 EN rows  3 | 'Remember what HASHEM your God did to Miriam'
   276 head (24, 10) | HE rows  3 EN rows  3 | 'Should you ever lend on pledge to your kinsman'
   277 head (24, 12) | HE rows  5 EN rows  5 | 'Now, if he is a poor man'
   278 head (24, 14) | HE rows  5 EN rows  5 | 'You must not withhold the pay of a the poor or a pauper'
   279 head (24, 15) | HE rows  4 EN rows  4 | 'Pay him for his day’s work'
   280 head (24, 16) | HE rows  3 EN rows  3 | 'Fathers shall not be put to death by reason of the sons'
   281 head (24, 17) | HE rows  3 EN rows  3 | 'Do not pervert justice against the migrant or fatherless'
   282 head (24, 19) | HE rows  4 EN rows  4 | 'When you are reaping your harvest in your field'
   283 head None | HE rows  6 EN rows  6 | 'And you forgot a sheaf'
   284 head (24, 20) | HE rows  6 EN rows  6 | 'When you beat your olives from their trees, do not strip the'
   285 head (24, 21) | HE rows  4 EN rows  4 | 'When you reap your vineyard, do not take the odd bunches of '
   286 head (25, 1) | HE rows 17 EN rows 17 | 'Should there be a quarrel between men'
   287 head (25, 4) | HE rows  3 EN rows  3 | 'You may not muzzle an ox'
   288 head (25, 5) | HE rows  6 EN rows  6 | 'If brothers are living as one'
   289 head (25, 6) | HE rows 11 EN rows 11 | 'Then, the first son she shall bear'
   290 head (25, 8) | HE rows  4 EN rows  4 | 'Then the elders of his city shall summon him'
   291 head (25, 9) | HE rows  9 EN rows  9 | 'Then, his widowed sister-in-lawshall approach him before the'
   292 head (25, 11) | HE rows  5 EN rows  5 | 'When men struggle together'
   293 head (25, 12) | HE rows  2 EN rows  2 | 'And you shall cut off her hand'
   294 head (25, 13) | HE rows  9 EN rows  9 | 'You shall not have in your pouch stone-weights,one heavy sto'
   295 head None | HE rows  4 EN rows  4 | 'So that you may extend your days'
   296 head (25, 17) | HE rows  9 EN rows  9 | 'Remember'
   297 head (26, 1) | HE rows 10 EN rows 10 | 'Now it shall be, when you enter the Land'
   298 head None | HE rows  3 EN rows  3 | 'And place it in a basket'
   299 head None | HE rows  4 EN rows  4 | 'And you shall say to him'
   300 head (26, 4) | HE rows  2 EN rows  2 | 'Then the Priest will take the basket from your hand'
  heads whose chapter is 25 : [(286, (25, 1)), (287, (25, 4)), (288, (25, 5)), (289, (25, 6)), (290, (25, 8)), (291, (25, 9)), (292, (25, 11)), (293, (25, 12)), (294, (25, 13)), (296, (25, 17))] | heads by chapter 1-25: [(1, 24), (3, 4), (6, 6), (11, 21), (12, 20), (13, 14), (14, 14), (15, 16), (16, 19), (17, 16), (18, 16), (19, 10), (20, 14), (21, 17), (22, 22), (23, 22), (24, 16), (25, 10), (26, 4), (31, 1), (32, 36), (33, 14), (34, 1)]
  HE rows citing Deut 25 (the export's verse → the DB's): 24 [(190, 14, 12, [12]), (233, 3, 5, [5]), (286, 1, 1, [1]), (286, 4, 2, [2]), (286, 4, 4, [4]), (286, 8, 3, [3]), (286, 14, 2, [2]), (286, 14, 3, [3]), (287, 1, 4, [4]), (288, 1, 5, [5]), (289, 1, 6, [6]), (289, 6, 7, [7]), (290, 1, 8, [8]), (291, 1, 9, [9]), (291, 2, 10, [10]), (292, 1, 11, [11]), (292, 1, 1, [1]), (293, 1, 12, [12]), (294, 1, 13, [13]), (294, 4, 14, [14]), (295, 2, 16, [16]), (296, 1, 17, [17]), (296, 4, 18, [18]), (296, 7, 19, [19])]
  EN rows citing Deut 25 : 149 [(190, 14, 12, [12]), (233, 3, 5, [5]), (254, 4, 15, [15]), (254, 4, 10, [10]), (270, 8, 5, [5]), (286, 1, 1, [1]), (286, 1, 1, [1]), (286, 2, 1, [1]), (286, 2, 1, [1]), (286, 3, 1, [1]), (286, 4, 1, [1]), (286, 4, 2, [2]), (286, 4, 4, [4]), (286, 4, 4, [4]), (286, 4, 1, [1]), (286, 4, 2, [2]), (286, 5, 2, [2]), (286, 6, 2, [2]), (286, 7, 2, [2]), (286, 7, 2, [2]), (286, 7, 2, [2]), (286, 8, 3, [3]), (286, 9, 3, [3]), (286, 9, 3, [3]), (286, 9, 3, [3]), (286, 10, 3, [3]), (286, 10, 3, [3]), (286, 11, 3, [3]), (286, 11, 3, [3]), (286, 11, 3, [3]), (286, 12, 3, [3]), (286, 13, 3, [3]), (286, 14, 2, [2]), (286, 14, 3, [3]), (287, 1, 4, [4]), (287, 1, 4, [4]), (287, 1, 4, [4]), (287, 2, 4, [4]), (287, 2, 4, [4]), (287, 2, 4, [4]), (288, 1, 5, [5]), (288, 2, 5, [5]), (288, 2, 5, [5]), (288, 3, 5, [5]), (288, 3, 5, [5]), (288, 3, 5, [5]), (288, 3, 5, [5]), (288, 3, 5, [5]), (288, 3, 5, [5]), (288, 3, 5, [5]), (288, 4, 5, [5]), (288, 4, 5, [5]), (288, 4, 5, [5]), (288, 4, 5, [5]), (288, 5, 5, [5]), (288, 6, 5, [5]), (288, 6, 5, [5]), (289, 1, 6, [6]), (289, 1, 6, [6]), (289, 1, 6, [6]), (289, 2, 6, [6]), (289, 3, 6, [6]), (289, 4, 6, [6]), (289, 4, 6, [6]), (289, 5, 6, [6]), (289, 6, 7, [7]), (289, 6, 7, [7]), (289, 6, 7, [7]), (289, 7, 7, [7]), (289, 7, 6, [6]), (289, 7, 7, [7]), (289, 8, 7, [7]), (289, 9, 7, [7]), (289, 9, 7, [7]), (289, 9, 7, [7]), (289, 9, 7, [7]), (289, 9, 6, [6]), (289, 9, 6, [6]), (289, 9, 7, [7]), (289, 9, 7, [7]), (289, 9, 6, [6]), (289, 10, 7, [7]), (289, 10, 7, [7]), (289, 11, 7, [7]), (290, 1, 8, [8]), (290, 2, 8, [8]), (290, 3, 8, [8]), (290, 4, 8, [8]), (291, 1, 9, [9]), (291, 1, 9, [9]), (291, 2, 9, [9]), (291, 2, 10, [10]), (291, 2, 9, [9]), (291, 3, 9, [9]), (291, 3, 9, [9]), (291, 3, 9, [9]), (291, 4, 9, [9]), (291, 4, 9, [9]), (291, 5, 9, [9]), (291, 5, 9, [9]), (291, 7, 10, [10]), (291, 8, 10, [10]), (291, 8, 10, [10]), (291, 8, 7, [7]), (291, 8, 7, [7]), (291, 9, 10, [10]), (292, 1, 11, [11]), (292, 1, 1, [1]), (292, 2, 11, [11]), (292, 2, 11, [11]), (292, 3, 11, [11]), (292, 4, 11, [11]), (292, 4, 11, [11]), (292, 4, 11, [11]), (292, 5, 11, [11]), (292, 5, 11, [11]), (292, 5, 11, [11]), (292, 5, 12, [12]), (292, 5, 12, [12]), (293, 1, 12, [12]), (293, 1, 12, [12]), (293, 2, 12, [12]), (293, 2, 12, [12]), (294, 1, 13, [13]), (294, 1, 13, [13]), (294, 2, 13, [13]), (294, 4, 14, [14]), (294, 4, 14, [14]), (294, 5, 14, [14]), (294, 6, 15, [15]), (294, 6, 15, [15]), (294, 7, 15, [15]), (294, 7, 15, [15]), (294, 8, 15, [15]), (295, 1, 15, [15]), (295, 2, 16, [16]), (295, 2, 16, [16]), (295, 3, 16, [16]), (295, 4, 16, [16]), (296, 1, 17, [17]), (296, 1, 19, [19]), (296, 2, 17, [17]), (296, 3, 17, [17]), (296, 4, 18, [18]), (296, 5, 18, [18]), (296, 6, 18, [18]), (296, 7, 19, [19]), (296, 8, 19, [19]), (296, 9, 19, [19])]
  EN "ibid 25:n" candidates: 0
  the union of rows (both files): 76 [(190, 14), (233, 3), (254, 4), (270, 8), (286, 1), (286, 2), (286, 3), (286, 4), (286, 5), (286, 6), (286, 7), (286, 8), (286, 9), (286, 10), (286, 11), (286, 12), (286, 13), (286, 14), (287, 1), (287, 2), (288, 1), (288, 2), (288, 3), (288, 4), (288, 5), (288, 6), (289, 1), (289, 2), (289, 3), (289, 4), (289, 5), (289, 6), (289, 7), (289, 8), (289, 9), (289, 10), (289, 11), (290, 1), (290, 2), (290, 3), (290, 4), (291, 1), (291, 2), (291, 3), (291, 4), (291, 5), (291, 7), (291, 8), (291, 9), (292, 1), (292, 2), (292, 3), (292, 4), (292, 5), (293, 1), (293, 2), (294, 1), (294, 2), (294, 4), (294, 5), (294, 6), (294, 7), (294, 8), (295, 1), (295, 2), (295, 3), (295, 4), (296, 1), (296, 2), (296, 3), (296, 4), (296, 5), (296, 6), (296, 7), (296, 8), (296, 9)]
  the rows OUTSIDE the spine piskaot (the union less the on-chapter piskaot 286 - 296 ): 8 [(190, 14), (233, 3), (254, 4), (270, 8), (295, 1), (295, 2), (295, 3), (295, 4)] | in-spine rows of the union: 68
  outside rows file bytes 7424
==== B. ONKELOS chapter 25 and the DB (the dump per DB verse; a shared export row printed at its first DB verse)
  the store's chapter 25 verses 19 | verses whose store token count differs from the DB: []
  token count chapter 25 : 260
  onkelos dump bytes 22203
==== C. THE PARSER on every verse of chapter 25
  25:3   N [40]                     O []             marked []
  25:5   N [1]                      O []             marked []
  25:11  N [1]                      O []             marked ['האחד#']
  number-word tokens present per verse (the bare check against the parser): {'25:3': ['ארבעים'], '25:5': ['אחד'], '25:11': ['האחד']}
  25:1 tokens: ['כי', 'יהיה', 'ריב', 'בין', 'אנשים', 'ונגשו', 'אל', 'המשפט', 'ושפטום', 'והצדיקו', 'את', 'הצדיק', 'והרשיעו', 'את', 'הרשע']
  25:3 tokens: ['ארבעים', 'יכנו', 'לא', 'יסיף', 'פן', 'יסיף', 'להכתו', 'על', 'אלה', 'מכה', 'רבה', 'ונקלה', 'אחיך', 'לעיניך']
  25:5 tokens: ['כי', 'ישבו', 'אחים', 'יחדו', 'ומת', 'אחד', 'מהם', 'ובן', 'אין', 'לו', 'לא', 'תהיה', 'אשת', 'המת', 'החוצה', 'לאיש', 'זר', 'יבמה', 'יבא', 'עליה', 'ולקחה', 'לו', 'לאשה', 'ויבמה']
  25:11 tokens: ['כי', 'ינצו', 'אנשים', 'יחדו', 'איש', 'ואחיו', 'וקרבה', 'אשת', 'האחד#', 'להציל', 'את', 'אישה', 'מיד', 'מכהו', 'ושלחה', 'ידה', 'והחזיקה', 'במבשיו']
  25:19 tokens: ['והיה', 'בהניח', 'יהוה', 'אלהיך', 'לך', 'מכל', 'איביך', 'מסביב', 'בארץ', 'אשר', 'יהוה', 'אלהיך', 'נתן', 'לך', 'נחלה', 'לרשתה', 'תמחה', 'את', 'זכר', 'עמלק', 'מתחת', 'השמים', 'לא', 'תשכח']
==== D. CASE TOKENS, FRAMES, REGISTER, NAMES
  case tokens (כי "when/for" / אם "if" / ואם / או "or" / פן "lest"): {'25:1': ['כי'], '25:2': ['אם'], '25:3': ['פן'], '25:5': ['כי'], '25:7': ['ואם'], '25:11': ['כי'], '25:16': ['כי']}
  divine frames (ויאמר/וידבר + יהוה): []
  לאמר "saying" seats: []
  narrative-form verbs (V.w) per verse: {18: ['ויזנב']}
  first-person verb forms (1cs / 1cp) per verse: {7: [('יבמי', 'HVpc/Sp1cs')], 8: [('חפצתי', 'HVqp1cs')]}
  imperatives (Vq.v / Vp.v / Vh.v) per verse: {}
  prohibitions לא + imperfect (the ten's form) per verse: {3: [('יסיף', 'HVhi3ms')], 4: [('תחסם', 'HVqi2ms')], 5: [('תהיה', 'HVqi3fs')], 6: [('ימחה', 'HVNi3ms')], 7: [('יחפץ', 'HVqi3ms')], 8: [], 9: [('יבנה', 'HVqi3ms')], 12: [('תחוס', 'HVqi3fs')], 13: [('יהיה', 'HVqi3ms')], 14: [('יהיה', 'HVqi3ms')], 18: [], 19: [('תשכח', 'HVqi2ms')]}
  name tokens (Np): {6: ['מישראל'], 7: ['בישראל'], 10: ['בישראל'], 15: ['יהוה'], 16: ['יהוה'], 17: ['עמלק', 'ממצרים'], 19: ['יהוה', 'יהוה', 'עמלק']}
  second-person plural vs singular (2mp / 2ms tokens per verse): {1: (0, 0), 2: (0, 0), 3: (0, 2), 4: (0, 1), 5: (0, 0), 6: (0, 0), 7: (0, 0), 8: (0, 0), 9: (0, 0), 10: (0, 0), 11: (0, 0), 12: (0, 2), 13: (0, 2), 14: (0, 2), 15: (0, 2), 16: (0, 1), 17: (1, 1), 18: (0, 4), 19: (0, 7)}
==== E. THE REGISTER GATE on Deut 25
  dispositions naming Deut 25: []
  REGISTER_INDEX lines on Deut 25:
==== F. THE PRIOR READS
  ledgers with an Onkelos Deut 25 row: []
  prior Sifrei Devarim rows anywhere (strict form), those among the outside rows: [('deu_19_21_shoftim_ki_teitzei_2026-09-24.md', 190, 14), ('deu_19_21_shoftim_ki_teitzei_2026-09-24.md', 293, 2), ('gen_29_separation_promise_2026-08-25.md', 286, 1), ('gen_29_separation_promise_2026-08-25.md', 292, 1)] | all prior rows count 1570
  ledgers NAMING a verse of Deut 25: 19
    ('deu_01_03_devarim_exam_2026-09-15.md', 1, ['Deuteronomy 25:8'])
    ('deu_15_reeh_exam_2026-09-23.md', 1, ['Deuteronomy 25:9-10'])
    ('family_docket_2026-09-06.md', 5, ['Deut 25:5', 'Deut 25:6', 'Deut 25:7-10'])
    ('gen_29_separation_promise_2026-08-25.md', 1, ['Deuteronomy 25:1'])
    ('gen_61_yehuda_tamar_2026-08-28.md', 1, ['Deuteronomy 25:5'])
    ('gen_62_potifar_house_2026-08-28.md', 1, ['Deuteronomy 25:7'])
    ('lev_06_olah_minchah_torah_2026-09-03.md', 1, ['Deut 25:5'])
    ('lev_26_blessings_curses_2026-09-05.md', 1, ['Deut 25:17'])
    ('num_05_sotah_2026-09-09.md', 1, ['Deut 25:9'])
    ('num_11_complaint_quail_2026-09-10.md', 2, ['Deut 25:18'])
    ('num_12_miriam_2026-09-10.md', 3, ['Deut 25:9'])
    ('num_22_25_balak_exam_2026-09-11.md', 1, ['Deut 25:7'])
    ('num_26_second_census_exam_2026-09-11.md', 1, ['Deut 25:5'])
    ('num_27_inheritance_exam_2026-09-09.md', 3, ['Deut 25:5'])
    ('num_27_zelophehad_joshua_2026-09-09.md', 2, ['Deut 25:6'])
    ('num_31_midian_exam_2026-09-12.md', 1, ['Deuteronomy 25:2'])
    ('num_35_refuge_cities_2026-09-13.md', 2, ['Deuteronomy 25:2'])
    ('num_35_refuge_cities_exam_2026-09-13.md', 7, ['Deuteronomy 25:2'])
    ('sanctions_topic_docket_2026-09-05.md', 6, ['Deut 25:2', 'Deut 25:2-3', 'Deut 25:3', 'Deut 25:5'])
  ledgers with an Onkelos Gen 38 / Lev 19 / Exod 17 / Num 24 / Deut 19 / Deut 7 / Deut 13 row (the kin's reading — the levirate Genesis 38:8-10 for 25:5-10; the pity formula 19:13, 19:21, 7:16 and 13:9 for 25:12; the weights Leviticus 19:35-36 for 25:13-16; Amalek Exodus 17:8-16 and Numbers 24:20 for 25:17-19): ['deu_07_vaetchanan_ekev_2026-09-17.md', 'deu_13_reeh_2026-09-21.md', 'deu_19_21_shoftim_ki_teitzei_2026-09-24.md', 'lev_19_kedoshim_2026-09-05.md', 'num_24_oracles_3_4_2026-09-11.md'] | ledgers with an Onkelos row of the Prophets (never read ahead — expected none): []
==== G. THE DRAFTS
  deu_24_divorce_poor: refs 24:1-22; steps (24, 1)..(24, 22) n=22; draft True; operators False; depends_on ['    - "deu_23_qahal_purity_vows"\n']; scenarios 29; binary_trees True; step E False; comment lines 26
  deu_25_courts_yibbum: refs 25:1-19; steps (25, 1)..(25, 19) n=19; draft True; operators False; depends_on ['    - "deu_24_divorce_poor"\n    - "exo_17_water_amalek"\n']; scenarios 26; binary_trees True; step E False; comment lines 23
    the step verses: [1, 2, 3, 4, 5, 6, 7, 8, 9, 10, 11, 12, 13, 14, 15, 16, 17, 18, 19] | covers DB 19 ? True
  the units' claim prefixes present anywhere? {'DV25': 0, 'DV25A': 0, 'DV25B': 0, 'DV24': 0, 'DV26': 0}
  existing manifests deu_25*: [] | ledgers deu_*: ['deu_01_03_devarim_2026-09-15.md', 'deu_01_03_devarim_exam_2026-09-15.md', 'deu_04_vaetchanan_2026-09-16.md', 'deu_04_vaetchanan_exam_2026-09-16.md', 'deu_05_vaetchanan_2026-09-16.md', 'deu_05_vaetchanan_exam_2026-09-16.md', 'deu_06_vaetchanan_2026-09-17.md', 'deu_06_vaetchanan_exam_2026-09-17.md', 'deu_07_vaetchanan_ekev_2026-09-17.md', 'deu_07_vaetchanan_ekev_exam_2026-09-18.md', 'deu_08_ekev_2026-09-18.md', 'deu_08_ekev_exam_2026-09-19.md', 'deu_09_ekev_2026-09-19.md', 'deu_09_ekev_exam_2026-09-19.md', 'deu_10_ekev_2026-09-19.md', 'deu_10_ekev_exam_2026-09-20.md', 'deu_11_ekev_reeh_2026-09-20.md', 'deu_11_ekev_reeh_exam_2026-09-20.md', 'deu_12_reeh_2026-09-20.md', 'deu_12_reeh_exam_2026-09-20.md', 'deu_13_reeh_2026-09-21.md', 'deu_13_reeh_exam_2026-09-21.md', 'deu_14_reeh_2026-09-21.md', 'deu_14_reeh_exam_2026-09-21.md', 'deu_15_reeh_2026-09-22.md', 'deu_15_reeh_exam_2026-09-23.md', 'deu_16_reeh_shoftim_2026-09-23.md', 'deu_16_reeh_shoftim_exam_2026-09-23.md', 'deu_17_18_shoftim_2026-09-24.md', 'deu_17_18_shoftim_exam_2026-09-24.md', 'deu_19_21_shoftim_ki_teitzei_2026-09-24.md', 'deu_19_21_shoftim_ki_teitzei_exam_2026-09-25.md']
  unit count and standing (CORPUS_TRUTH literals): []
==== H. THE STORE'S GLOSSES on chapter 25
  gloss Counter (the 50 commonest): [('not', 11), ('obj-marker·et', 8), ('to-you/your', 8), ('be', 6), ('which', 6), ('and-be', 5), ('to-him/its', 5), ('that', 4), ('make', 4), ('YHWH', 4), ('God-you/your', 4), ('man', 3), ('over', 3), ('sister-in-law-him/its', 3), ('and-say', 3), ('all', 3), ('to', 2), ('the-wrong', 2), ('strike-him/its', 2), ('add', 2), ('these', 2), ('unit', 2), ('woman', 2), ('the-die', 2), ('to-man', 2), ('name', 2), ('brother-him/its', 2), ('and-not', 2), ('stroke', 2), ('name-him/its', 2), ('incline-to', 2), ('the-old', 2), ('in-Israel', 2), ('and-call', 2), ('house', 2), ('stone', 2), ('great', 2), ('and-abbreviated', 2), ('ephah', 2), ('complete', 2), ('and-right', 2), ('set', 2), ('Amalek', 2), ('in-way/road', 2), ('contest', 1), ('between', 1), ('the-judgment', 1), ('and-judge-them/their', 1), ('and-be--right', 1), ('the-just', 1)]
  gloss file bytes 7974
  overrides already for Deut.25: [] | by_ref last Deut.24 line: []
==== I. THE SPINE ON THE CHAPTER — the Sifrei piskaot whose head is in chapter 25 (the spine on the chapter a seventeenth time), whole
  SPINE (computed from the heads): [286, 287, 288, 289, 290, 291, 292, 293, 294, 296] | contiguous? False | the heads by verse: [(286, 1), (287, 4), (288, 5), (289, 6), (290, 8), (291, 9), (292, 11), (293, 12), (294, 13), (296, 17)] | the heads before and after: {285: (24, 21), 297: (26, 1)}
  rows per piska (HE, EN): {286: (17, 17), 287: (3, 3), 288: (6, 6), 289: (11, 11), 290: (4, 4), 291: (9, 9), 292: (5, 5), 293: (2, 2), 294: (9, 9), 296: (9, 9)} | total HE rows 75 | HE == EN everywhere? True
  spine file bytes 68724 | bytes per piska HE+EN: {286: 11635, 287: 2373, 288: 8219, 289: 6809, 290: 1048, 291: 6517, 292: 3133, 293: 1145, 294: 6595, 296: 2898}
  prior reads among the spine rows (any ledger): [('deu_12_reeh_2026-09-20.md', 286, 16), ('deu_19_21_shoftim_ki_teitzei_2026-09-24.md', 293, 2), ('gen_29_separation_promise_2026-08-25.md', 286, 1), ('gen_29_separation_promise_2026-08-25.md', 292, 1)]
  the spine rows citing a verse of chapter 25 in the Hebrew (p, r, the export verses): [(286, 1, [1]), (286, 4, [2, 4]), (286, 8, [3]), (286, 14, [2, 3]), (287, 1, [4]), (288, 1, [5]), (289, 1, [6]), (289, 6, [7]), (290, 1, [8]), (291, 1, [9]), (291, 2, [10]), (292, 1, [1, 11]), (293, 1, [12]), (294, 1, [13]), (294, 4, [14]), (296, 1, [17]), (296, 4, [18]), (296, 7, [19])]
  the spine rows' own Hebrew citations (book, chapter, verse) by row: [(286, 1, [('דברים', 25, 1), ('בראשית', 13, 7)]), (286, 4, [('דברים', 25, 2), ('דברים', 25, 4)]), (286, 8, [('דברים', 25, 3)]), (286, 14, [('דברים', 25, 2), ('דברים', 25, 3)]), (286, 15, [('ויקרא', 18, 29), ('ויקרא', 18, 5)]), (286, 16, [('דברים', 12, 23)]), (286, 17, [('יחזקאל', 18, 5), ('יחזקאל', 18, 9)]), (287, 1, [('דברים', 25, 4)]), (288, 1, [('דברים', 25, 5)]), (289, 1, [('דברים', 25, 6)]), (289, 6, [('דברים', 25, 7)]), (290, 1, [('דברים', 25, 8)]), (291, 1, [('דברים', 25, 9)]), (291, 2, [('דברים', 25, 10)]), (291, 3, [('ויקרא', 14, 14)]), (292, 1, [('דברים', 25, 11), ('בראשית', 13, 7), ('דברים', 25, 1)]), (293, 1, [('דברים', 25, 12)]), (293, 2, [('דברים', 19, 21)]), (294, 1, [('דברים', 25, 13)]), (294, 4, [('דברים', 25, 14)]), (294, 9, [('יחזקאל', 46, 11), ('במדבר', 29, 3)]), (296, 1, [('דברים', 25, 17), ('שמות', 15, 14)]), (296, 4, [('דברים', 25, 18)]), (296, 7, [('דברים', 25, 19)]), (296, 9, [('שמות', 17, 14), ('שם', 17, 16)])]
  the spine rows' English citations by row: [(286, 1, ['Dt.25:1', 'Gn.13:7', 'Dt.25:1']), (286, 2, ['Dt.25:1', 'Dt.25:1']), (286, 3, ['Dt.25:1']), (286, 4, ['Dt.25:1', 'Dt.25:2', 'Dt.25:4', 'Dt.25:4', 'Dt.25:1', 'Dt.25:2']), (286, 5, ['Dt.25:2']), (286, 6, ['Dt.25:2']), (286, 7, ['Dt.25:2', 'Dt.25:2', 'Dt.25:2']), (286, 8, ['Dt.25:3']), (286, 9, ['Dt.25:3', 'Dt.25:3', 'Dt.25:3']), (286, 10, ['Dt.25:3', 'Dt.25:3']), (286, 11, ['Dt.25:3', 'Dt.25:3', 'Dt.25:3']), (286, 12, ['Dt.25:3']), (286, 13, ['Dt.25:3']), (286, 14, ['Dt.25:2', 'Dt.25:3']), (286, 15, ['Lv.18:29', 'Lv.18:5']), (286, 16, ['Dt.12:23']), (286, 17, ['Ps.15:1-5', 'Ezek.18:5', 'Ezek.18:9']), (287, 1, ['Dt.25:4', 'Dt.25:4', 'Dt.25:4']), (287, 2, ['Dt.25:4', 'Dt.25:4', 'Dt.25:4']), (288, 1, ['Dt.25:5']), (288, 2, ['Dt.25:5', 'Dt.25:5']), (288, 3, ['Dt.25:5', 'Dt.25:5', 'Dt.25:5', 'Dt.25:5', 'Dt.25:5', 'Dt.25:5', 'Dt.25:5']), (288, 4, ['Dt.25:5', 'Dt.25:5', 'Dt.25:5', 'Dt.25:5']), (288, 5, ['Dt.25:5']), (288, 6, ['Dt.25:5', 'Dt.25:5']), (289, 1, ['Dt.25:6', 'Dt.25:6', 'Dt.25:6']), (289, 2, ['Dt.25:6']), (289, 3, ['Dt.25:6']), (289, 4, ['Dt.25:6', 'Dt.25:6']), (289, 5, ['Dt.25:6']), (289, 6, ['Dt.25:7', 'Dt.25:7', 'Dt.25:7']), (289, 7, ['Dt.25:7', 'Dt.25:6', 'Dt.25:7']), (289, 8, ['Dt.25:7']), (289, 9, ['Dt.25:7', 'Dt.25:7', 'Dt.25:7', 'Dt.25:7', 'Dt.25:6', 'Dt.25:6', 'Dt.25:7', 'Dt.25:7', 'Dt.25:6']), (289, 10, ['Dt.25:7', 'Dt.25:7']), (289, 11, ['Dt.25:7']), (290, 1, ['Dt.25:8']), (290, 2, ['Dt.25:8']), (290, 3, ['Dt.25:8']), (290, 4, ['Dt.25:8']), (291, 1, ['Dt.25:9', 'Dt.25:9']), (291, 2, ['Dt.25:9', 'Dt.25:10', 'Dt.25:9']), (291, 3, ['Dt.25:9', 'Dt.25:9', 'Lv.14:14', 'Lv.14:14', 'Dt.25:9']), (291, 4, ['Dt.25:9', 'Dt.25:9']), (291, 5, ['Dt.25:9', 'Dt.25:9', 'Dt.27:15', 'Dt.27:15']), (291, 6, ['Dt.27:9']), (291, 7, ['Dt.27:9', 'Dt.25:10']), (291, 8, ['Dt.25:10', 'Dt.25:10', 'Dt.25:7', 'Dt.25:7']), (291, 9, ['Dt.25:10']), (292, 1, ['Dt.25:11', 'Gn.13:7', 'Dt.25:1']), (292, 2, ['Dt.25:11', 'Dt.25:11']), (292, 3, ['Dt.25:11']), (292, 4, ['Dt.25:11', 'Dt.25:11', 'Dt.25:11']), (292, 5, ['Dt.25:11', 'Dt.25:11', 'Dt.25:11', 'Dt.25:12', 'Dt.25:12']), (293, 1, ['Dt.25:12', 'Dt.25:12']), (293, 2, ['Dt.25:12', 'Dt.19:21', 'Dt.19:21', 'Dt.25:12']), (294, 1, ['Dt.25:13', 'Dt.25:13']), (294, 2, ['Dt.25:13']), (294, 4, ['Dt.25:14', 'Dt.25:14']), (294, 5, ['Dt.25:14']), (294, 6, ['Dt.25:15', 'Dt.25:15']), (294, 7, ['Dt.25:15', 'Dt.25:15']), (294, 8, ['Dt.25:15']), (294, 9, ['Ezek.46:11', 'Nu.29:3']), (296, 1, ['Dt.25:17', 'Dt.25:19', 'Ex.15:14']), (296, 2, ['Dt.25:17']), (296, 3, ['Dt.25:17']), (296, 4, ['Dt.25:18']), (296, 5, ['Dt.25:18']), (296, 6, ['Dt.25:18']), (296, 7, ['Dt.25:19']), (296, 8, ['Dt.25:19']), (296, 9, ['Dt.25:19', 'Ex.17:14', 'Ex.17:16'])]
  the spine rows with NO citation in either file: [(287, 3), (294, 3)]
  NO portion edge inside the chapter — Ki Teitzei ends at 25:19, the chapter's last verse, and Ki Tavo opens at 26:1 (a chapter edge; the chapter the unit, CHAPTER NUMBERS) — the heads by verse, the verses with no head, and the heads on 25:17-19: [1, 4, 5, 6, 8, 9, 11, 12, 13, 17] [2, 3, 7, 10, 14, 15, 16, 18, 19] [(296, (25, 17))]
