  '?': 28 families, 350 tokens: [('אני', 152), ('אנכי', 127), ('בית', 17), ('באר', 8), ('בעל', 7), ('לחי', 3)]
  'and-eye': 9 families, 37 tokens: [('ויען', 18), ('ויענו', 4), ('ועיני', 3), ('וענו', 3), ('וענתה', 3), ('ותען', 2)]
  'Aramite': 1 families, 1 tokens: [('ארמי', 1)]
  'wander-away': 7 families, 15 tokens: [('אבד', 8), ('אבדנו', 2), ('אבדה', 1), ('אבדת', 1), ('מאביד', 1), ('תאבד', 1)]
  'and-turn-aside-from-the-road': 1 families, 4 tokens: [('ויגר', 4)]
  'in-adult': 1 families, 2 tokens: [('במתי', 2)]
  'and-spoil': 3 families, 6 tokens: [('וירע', 3), ('וירעו', 2), ('ורעה', 1)]
  'and-depress-literally-us/our': 1 families, 1 tokens: [('ויענונו', 1)]
  'and-shriek': 4 families, 12 tokens: [('ויצעק', 7), ('ויצעקו', 2), ('ונצעק', 2), ('ויזעקו', 1)]
  'depression-us/our': 1 families, 1 tokens: [('ענינו', 1)]
  'and-in-fear': 2 families, 2 tokens: [('ובמוראים', 1), ('ובמרא', 1)]
  'and-in-miracle': 2 families, 2 tokens: [('ובמופתים', 1), ('ובמפתים', 1)]
  'flow-freely': 4 families, 20 tokens: [('זבת', 15), ('זב', 3), ('יזוב', 1), ('תזוב', 1)]
  'and-brighten-up': 3 families, 11 tokens: [('ושמחת', 6), ('ושמחתם', 3), ('ושמח', 2)]
  'the-good--in-the-widest-sense': 2 families, 4 tokens: [('הטוב', 3), ('הטובה', 1)]
  'be-complete': 8 families, 17 tokens: [('כלה', 4), ('כלו', 4), ('תכלה', 3), ('אכלה', 2), ('כלות', 1), ('כליתי', 1)]
  'tenth': 4 families, 16 tokens: [('מעשר', 10), ('עשירת', 3), ('עשירי', 2), ('עשרית', 1)]
  'the-tenth': 2 families, 6 tokens: [('המעשר', 3), ('העשירי', 3)]
  'income-you/your': 1 families, 3 tokens: [('תבואתך', 3)]
  'to-bereaved-person': 1 families, 5 tokens: [('ליתום', 5)]
  'bereaved-person': 2 families, 4 tokens: [('יתום', 3), ('יתמים', 1)]
  'and-sate': 3 families, 7 tokens: [('ושבעת', 4), ('ושבעו', 2), ('ושבע', 1)]
  'kindle': 6 families, 11 tokens: [('בער', 4), ('בערתי', 2), ('יבער', 2), ('בערה', 1), ('תבער', 1), ('תבערו', 1)]
  'the-holiness': 2 families, 87 tokens: [('הקדש', 73), ('הקדשים', 14)]
  'mislay': 5 families, 11 tokens: [('תשכח', 7), ('ישכח', 1), ('שכח', 1), ('שכחתי', 1), ('תשכחו', 1)]
  'in-strictly-nothingness': 1 families, 1 tokens: [('באני', 1)]
  'in-foul-in-a-religious-sense': 1 families, 1 tokens: [('בטמא', 1)]
  'to-die': 3 families, 16 tokens: [('למות', 11), ('להמית', 3), ('למת', 2)]
  'lean-out-suffix': 1 families, 1 tokens: [('השקיפה', 1)]
  'from-abode': 1 families, 1 tokens: [('ממעון', 1)]
  'say': 15 families, 164 tokens: [('אמר', 84), ('תאמר', 16), ('יאמר', 15), ('אמרתי', 11), ('יאמרו', 7), ('אמרה', 6)]
  'say-you/your': 1 families, 1 tokens: [('האמירך', 1)]
  'wealth': 1 families, 4 tokens: [('סגלה', 4)]
  'elevation': 6 families, 19 tokens: [('עליון', 8), ('שאת', 7), ('במות', 1), ('במותי', 1), ('במתי', 1), ('קוממיות', 1)]
  'to-laudation': 1 families, 1 tokens: [('לתהלה', 1)]
  'and-to-ornament': 1 families, 3 tokens: [('ולתפארת', 3)]
  'try': 5 families, 33 tokens: [('יבחר', 25), ('בחר', 5), ('אבחר', 1), ('בחור', 1), ('בחרו', 1)]
  'to-reside': 1 families, 8 tokens: [('לשכן', 8)]
  'tell': 8 families, 15 tokens: [('הגדת', 3), ('הגיד', 3), ('הגדתי', 2), ('הגידו', 2), ('יגידו', 2), ('הגידי', 1)]
  'from-beginning': 2 families, 3 tokens: [('מראשית', 2), ('מרשית', 1)]
  'and-deposit-him/its': 4 families, 6 tokens: [('וינחהו', 2), ('ויניחהו', 2), ('והנחתו', 1), ('והניחו', 1)]
  'and-depress': 8 families, 39 tokens: [('וישתחו', 15), ('וישתחוו', 12), ('והשתחוית', 4), ('והשתחוו', 2), ('והשתחויתם', 2), ('ותשתחוין', 2)]
  'and-old': 2 families, 5 tokens: [('וזקני', 4), ('וישן', 1)]
  'and-grave': 6 families, 15 tokens: [('ויכתב', 6), ('וכתב', 4), ('וכתבת', 2), ('ואכתב', 1), ('ויכתבו', 1), ('וכתבתי', 1)]
  'the-precept': 2 families, 27 tokens: [('התורה', 26), ('התורת', 1)]
  'quiver': 5 families, 7 tokens: [('הניף', 2), ('תניף', 2), ('הונף', 1), ('הנפת', 1), ('תרגזו', 1)]
  'complete': 10 families, 21 tokens: [('כליל', 6), ('תם', 5), ('שלם', 2), ('שלמה', 2), ('יתמו', 1), ('שלמות', 1)]
  'requital': 2 families, 12 tokens: [('שלמים', 11), ('שלמי', 1)]
  'dig': 3 families, 4 tokens: [('באר', 2), ('יכרה', 1), ('כריתי', 1)]
  'be--make-well': 7 families, 23 tokens: [('ייטב', 10), ('היטב', 6), ('היטיבו', 2), ('תיטיב', 2), ('איטיב', 1), ('היטיב', 1)]
  'observe-quietly': 1 families, 1 tokens: [('הסכת', 1)]
  'execrate': 5 families, 28 tokens: [('ארור', 22), ('תאר', 3), ('אאר', 1), ('ארורה', 1), ('יואר', 1)]
  'and-pouring-over': 1 families, 1 tokens: [('ומסכה', 1)]
  'something-disgusting': 2 families, 17 tokens: [('תועבת', 11), ('תועבה', 6)]
  'fabricator': 1 families, 5 tokens: [('חרש', 5)]
  'sure': 1 families, 14 tokens: [('אמן', 14)]
  'be-light': 1 families, 1 tokens: [('מקלה', 1)]
  'retreat': 3 families, 3 tokens: [('מנסת', 1), ('מסיג', 1), ('תסיג', 1)]
  'cord': 1 families, 19 tokens: [('גבול', 19)]
  'associate-him/its': 1 families, 28 tokens: [('רעהו', 28)]
  'stray': 4 families, 4 tokens: [('ישגו', 1), ('משגה', 1), ('שגג', 1), ('תשגו', 1)]
  'stretch': 8 families, 22 tokens: [('נטה', 10), ('נטויה', 4), ('תטה', 3), ('הטי', 1), ('מטה', 1), ('נטיו', 1)]
  'wing': 4 families, 10 tokens: [('כנף', 5), ('כנפי', 2), ('כנפים', 2), ('כנפות', 1)]
  'denude': 5 families, 23 tokens: [('תגלה', 15), ('גלה', 5), ('גלתה', 1), ('יגלה', 1), ('נגלו', 1)]
  'give--away-in-marriage-him/its': 2 families, 6 tokens: [('חתנו', 5), ('חתנתו', 1)]
  'donation': 1 families, 3 tokens: [('שחד', 3)]
  'blood--of-man': 3 families, 39 tokens: [('דם', 30), ('דמים', 6), ('דמי', 3)]
  'arise': 22 families, 63 tokens: [('יקום', 15), ('קום', 12), ('הקים', 5), ('תקים', 4), ('יקומו', 3), ('קומו', 3)]
  'Daniel': 1 families, 25 tokens: [('דן', 25)]
  'be-high-actively': 12 families, 24 tokens: [('תרימו', 5), ('ירים', 4), ('ירימו', 3), ('רמה', 3), ('הרימתי', 2), ('הורם', 1)]
  'the-vilification': 2 families, 6 tokens: [('הקללה', 4), ('הקללות', 2)]
  'in-pass-over-you/your (pl)': 1 families, 2 tokens: [('בעברכם', 2)]
  'pass-over': 19 families, 81 tokens: [('עבר', 15), ('עברים', 13), ('תעבר', 9), ('יעבר', 8), ('אעברה', 5), ('נעבר', 4)]
  'in-pass-over-you/your': 1 families, 1 tokens: [('בעברך', 1)]
  'in-lime': 1 families, 2 tokens: [('בשיד', 2)]
  'nation': 4 families, 31 tokens: [('גוים', 16), ('גוי', 10), ('גויי', 4), ('גיים', 1)]
  'the-benediction': 2 families, 9 tokens: [('הברכה', 8), ('הברכות', 1)]
  'and-reach-you/your': 2 families, 3 tokens: [('והשיגוך', 2), ('והשיגך', 1)]
  'bless': 9 families, 40 tokens: [('ברוך', 17), ('ברך', 13), ('יברך', 3), ('ברכת', 2), ('ברכתי', 1), ('מברך', 1)]
  'fetus': 1 families, 5 tokens: [('שגר', 5)]
  'family-you/your': 1 families, 4 tokens: [('אלפיך', 4)]
  "and-'Ashtᵉrah": 2 families, 4 tokens: [('ועשתרות', 2), ('ועשתרת', 2)]
  'push': 4 families, 6 tokens: [('נגף', 2), ('תנגפו', 2), ('יגף', 1), ('נגפים', 1)]
  'flit': 9 families, 14 tokens: [('ינוס', 4), ('נס', 2), ('נסו', 2), ('אנוסה', 1), ('הניס', 1), ('ינוסו', 1)]
  'sending-out': 1 families, 6 tokens: [('משלח', 6)]
  'and-jut-over-you/your': 2 families, 2 tokens: [('והותירך', 1), ('והותרך', 1)]
  'to-good--in-the-widest-sense': 3 families, 5 tokens: [('לטוב', 2), ('לטובה', 2), ('לטבה', 1)]
  'depository-him/its': 1 families, 1 tokens: [('אוצרו', 1)]
  'and-twine': 3 families, 3 tokens: [('והלוית', 1), ('וילוו', 1), ('ונלוו', 1)]
  'twine': 5 families, 9 tokens: [('פתיל', 4), ('תלוה', 2), ('ילוה', 1), ('נפתלתי', 1), ('פתילם', 1)]
  'twine-you/your': 1 families, 1 tokens: [('ילוך', 1)]
  'twine-him/its': 1 families, 1 tokens: [('תלונו', 1)]
  'leanness': 1 families, 39 tokens: [('רק', 39)]
  'and-dark': 2 families, 7 tokens: [('ושמאול', 5), ('ושמאל', 2)]
  'hind-part': 2 families, 96 tokens: [('אחרי', 75), ('אחר', 21)]
  'hinder': 5 families, 54 tokens: [('אחרים', 23), ('אחר', 19), ('אחרות', 5), ('אחרת', 5), ('אחרנים', 2)]
  'the-execration': 1 families, 1 tokens: [('המארה', 1)]
  'the-confusion': 1 families, 1 tokens: [('המהומה', 1)]
  'the-reproof': 1 families, 1 tokens: [('המגערת', 1)]
  'desolate-you/your': 1 families, 6 tokens: [('השמדך', 6)]
  'wander-away-you/your': 1 families, 2 tokens: [('אבדך', 2)]
  'hurrying': 1 families, 9 tokens: [('מהר', 9)]
  'loosen-me/my': 1 families, 1 tokens: [('עזבתני', 1)]
  'impinge': 4 families, 6 tokens: [('ידבק', 2), ('ידבקו', 2), ('תדבק', 1), ('תפגע', 1)]
  'and-impinge': 7 families, 8 tokens: [('ויפגעו', 2), ('ודבק', 1), ('ודבקו', 1), ('וידבק', 1), ('ויפגע', 1), ('ופגעו', 1)]
  'in-emaciation': 1 families, 1 tokens: [('בשחפת', 1)]
  'and-in-drought': 1 families, 1 tokens: [('ובחרב', 1)]
  'and-in-paleness': 1 families, 1 tokens: [('ובירקון', 1)]
  'and-run-after--gone-by)-you/your': 1 families, 2 tokens: [('ורדפוך', 2)]
  'light-particles': 1 families, 1 tokens: [('אבק', 1)]
  'to-agitation': 1 families, 1 tokens: [('לזעוה', 1)]
  'dominion': 2 families, 7 tokens: [('ממלכת', 6), ('ממלכות', 1)]
  'flabby-thing-you/your': 1 families, 1 tokens: [('נבלתך', 1)]
  'shudder-with-terror': 1 families, 2 tokens: [('מחריד', 2)]
  'in-inflammation': 1 families, 3 tokens: [('בשחין', 3)]
  'and-in-tumor': 1 families, 1 tokens: [('ובעפלים', 1)]
  'and-in-boil': 1 families, 1 tokens: [('ובטחרים', 1)]
  'and-in-scurf': 1 families, 1 tokens: [('ובגרב', 1)]
  'and-in-itch': 1 families, 1 tokens: [('ובחרס', 1)]
  'to-mend': 1 families, 2 tokens: [('להרפא', 2)]
  'in-craziness': 1 families, 1 tokens: [('בשגעון', 1)]
  'and-in-consternation': 1 families, 1 tokens: [('ובתמהון', 1)]
  'feel-of': 3 families, 3 tokens: [('ימשש', 1), ('ממשש', 1), ('מששת', 1)]
  'in-light': 1 families, 3 tokens: [('בצהרים', 3)]
  'push-forward': 4 families, 7 tokens: [('מצליח', 4), ('הצליח', 1), ('תצלח', 1), ('תצליח', 1)]
  'press-upon': 4 families, 7 tokens: [('עשוק', 2), ('עשק', 2), ('תעשק', 2), ('התעשקו', 1)]
  'and-pluck-off': 3 families, 5 tokens: [('ונשל', 3), ('וגזול', 1), ('וטרף', 1)]
  'pluck-off': 8 families, 14 tokens: [('טרף', 5), ('יטרף', 2), ('תגזל', 2), ('גזול', 1), ('גזל', 1), ('גזלו', 1)]
  'be-open': 2 families, 4 tokens: [('מושיע', 3), ('נושע', 1)]
  'engage-for-matrimony': 4 families, 5 tokens: [('ארשה', 2), ('ארש', 1), ('מארשה', 1), ('תארש', 1)]
  'copulate-with-her/its': 1 families, 1 tokens: [('ישגלנה', 1)]
  'lie-down-her/its': 1 families, 1 tokens: [('ישכבנה', 1)]
  'garden': 3 families, 7 tokens: [('כרם', 4), ('כרמים', 2), ('גן', 1)]
  'strike-in': 3 families, 6 tokens: [('תטע', 3), ('נטע', 2), ('נטעת', 1)]
  'bore-him/its': 4 families, 4 tokens: [('חללו', 1), ('יחללהו', 1), ('יחללנו', 1), ('תחללנו', 1)]
  'bullock-you/your': 1 families, 3 tokens: [('שורך', 3)]
  'and-pining': 3 families, 3 tokens: [('ודאבון', 1), ('וכלות', 1), ('וכליון', 1)]
  'to-strength': 1 families, 7 tokens: [('לאל', 7)]
  'and-crack-in-pieces': 2 families, 2 tokens: [('ויתרצצו', 1), ('ורצוץ', 1)]
  'rave-through-insanity': 1 families, 1 tokens: [('משגע', 1)]
  'from-view': 1 families, 1 tokens: [('ממראה', 1)]
  'the-leg': 1 families, 1 tokens: [('השקים', 1)]
  'go': 15 families, 96 tokens: [('לך', 22), ('לכו', 12), ('תלך', 10), ('ילך', 9), ('נלכה', 9), ('תלכו', 9)]
  'to-ruin': 1 families, 1 tokens: [('לשמה', 1)]
  'to-pithy-maxim': 1 families, 1 tokens: [('למשל', 1)]
  'and-to-something-pointed': 1 families, 1 tokens: [('ולשנינה', 1)]
  'drive-forth-you/your': 1 families, 1 tokens: [('ינהגך', 1)]
  'gather-for-any-purpose': 8 families, 18 tokens: [('יאסף', 4), ('אסף', 3), ('נאסף', 3), ('תאסף', 3), ('האסף', 2), ('האספו', 1)]
  'eat-off-him/its': 1 families, 1 tokens: [('יחסלנו', 1)]
  'harvest': 1 families, 1 tokens: [('תאגר', 1)]
  'the-crimson-grub': 2 families, 4 tokens: [('התולעת', 3), ('התלעת', 1)]
  'smear-over': 1 families, 1 tokens: [('תסוך', 1)]
  'in-exiled': 2 families, 2 tokens: [('בשבי', 1), ('בשבית', 1)]
  'the-clatter': 1 families, 1 tokens: [('הצלצל', 1)]
  'upper-part-suffix': 1 families, 2 tokens: [('מעלה', 2)]
  'and-to-miracle': 1 families, 1 tokens: [('ולמופת', 1)]
  'in-blithesomeness': 1 families, 2 tokens: [('בשמחה', 2)]
  'from-abundance': 2 families, 4 tokens: [('מרב', 3), ('מרבבת', 1)]
  'and-in-nudity': 1 families, 1 tokens: [('ובעירם', 1)]
  'and-in-poverty': 1 families, 1 tokens: [('ובחסר', 1)]
  'dart': 1 families, 1 tokens: [('ידאה', 1)]
  'strong': 4 families, 21 tokens: [('חזקה', 12), ('עז', 5), ('חזק', 3), ('עזה', 1)]
  'bend': 3 families, 3 tokens: [('אחן', 1), ('חנן', 1), ('יחן', 1)]
  'swell-up': 8 families, 19 tokens: [('נשאר', 7), ('השאיר', 4), ('תהדר', 2), ('תשארנה', 2), ('השארנו', 1), ('ישאיר', 1)]
  'increase': 2 families, 4 tokens: [('דגן', 3), ('רבה', 1)]
  'must': 1 families, 2 tokens: [('תירוש', 2)]
  'and-cramp': 4 families, 6 tokens: [('והצר', 2), ('וצרת', 2), ('וצררו', 1), ('וצרתי', 1)]
  'the-elevated': 2 families, 2 tokens: [('הגבהות', 1), ('הגבהים', 1)]
  'and-the-gather-grapes': 1 families, 1 tokens: [('והבצרות', 1)]
  'in-something-hemming-in': 1 families, 4 tokens: [('במצור', 4)]
  'and-in-narrow-place': 1 families, 3 tokens: [('ובמצוק', 3)]
  'compress': 1 families, 3 tokens: [('יציק', 3)]
  'and-the-luxurious': 2 families, 2 tokens: [('והענג', 1), ('והענגה', 1)]
  'the-luxurious': 0 families, 0 tokens: []
  'spoil': 10 families, 14 tokens: [('הרעתם', 2), ('ירע', 2), ('רע', 2), ('תרע', 2), ('הרע', 1), ('הרעת', 1)]
  'and-in-overhanging': 1 families, 1 tokens: [('וביתר', 1)]
  'jut-over': 6 families, 10 tokens: [('תותירו', 3), ('יותר', 2), ('נותר', 2), ('הותיר', 1), ('יותיר', 1), ('תותר', 1)]
  'from-set': 1 families, 1 tokens: [('מתת', 1)]
  'from-failure': 1 families, 2 tokens: [('מבלי', 2)]
  'place-permanently': 3 families, 3 tokens: [('אציגה', 1), ('הצג', 1), ('יצג', 1)]
  'from-be-soft': 1 families, 1 tokens: [('מהתענג', 1)]
  'and-from-softness': 1 families, 1 tokens: [('ומרך', 1)]
  'and-in-fetus-her/its': 1 families, 1 tokens: [('ובשליתה', 1)]
  'the-bring-forth': 5 families, 20 tokens: [('היצאים', 10), ('היצא', 4), ('המוציא', 4), ('היוצת', 1), ('היצאת', 1)]
  'the-grave': 2 families, 5 tokens: [('הכתובה', 4), ('הכתובים', 1)]
  'grave': 7 families, 12 tokens: [('כתבים', 4), ('כתב', 2), ('תכתב', 2), ('כתבו', 1), ('כתבת', 1), ('כתבתי', 1)]
  'in-writing': 1 families, 9 tokens: [('בספר', 9)]
  'the-be-heavy': 1 families, 1 tokens: [('הנכבד', 1)]
  'and-the-fear': 1 families, 4 tokens: [('והנורא', 4)]
  'and-perhaps-to-separate': 1 families, 1 tokens: [('והפלא', 1)]
  'wound': 4 families, 10 tokens: [('מכה', 4), ('מכות', 3), ('פצע', 2), ('תכלם', 1)]
  'and-build-up': 7 families, 7 tokens: [('והאמינו', 1), ('והאמן', 1), ('ויאמינו', 1), ('ויאמן', 1), ('ויאמנו', 1), ('ונאמנות', 1)]
  'build-up': 6 families, 12 tokens: [('יאמינו', 6), ('האמנתם', 2), ('האמין', 1), ('מאמינם', 1), ('נאמן', 1), ('תאמין', 1)]
  'and-malady': 1 families, 1 tokens: [('וחלים', 1)]
  'malady': 1 families, 2 tokens: [('חלי', 2)]
  'go-up-them/their': 1 families, 1 tokens: [('יעלם', 1)]
  'and-swell-up': 4 families, 5 tokens: [('ונשארתם', 2), ('והדרת', 1), ('וישאר', 1), ('וישארו', 1)]
  'be-bright': 2 families, 3 tokens: [('שש', 2), ('ישיש', 1)]
  'to-be--make-well': 1 families, 2 tokens: [('להיטיב', 2)]
  'to-wander-away': 1 families, 1 tokens: [('להאביד', 1)]
  'and-to-desolate': 1 families, 1 tokens: [('ולהשמיד', 1)]
  'and-tear-away': 1 families, 1 tokens: [('ונסחתם', 1)]
  'and-dash-in-pieces-you/your': 1 families, 1 tokens: [('והפיצך', 1)]
  'toss-violently-and-suddenly': 1 families, 1 tokens: [('תרגיע', 1)]
  'quiet': 1 families, 2 tokens: [('מנוח', 2)]
  'timid': 1 families, 1 tokens: [('רגז', 1)]
  'suspend': 4 families, 5 tokens: [('תלה', 2), ('ישקל', 1), ('תלאים', 1), ('תלוי', 1)]
  'from-front': 2 families, 12 tokens: [('מקדם', 7), ('מנגד', 5)]
  'and-be-startled': 1 families, 1 tokens: [('ופחדת', 1)]
  'be-startled': 1 families, 1 tokens: [('תפחד', 1)]
  'from-alarm': 1 families, 1 tokens: [('מפחד', 1)]
  'add': 13 families, 29 tokens: [('יסף', 9), ('אסף', 4), ('תסף', 4), ('יסיף', 2), ('יספו', 2), ('יוסף', 1)]
  'erect': 6 families, 17 tokens: [('קנה', 9), ('קניתי', 2), ('תקנה', 2), ('תקנו', 2), ('יקנה', 1), ('קנית', 1)]
  'from-to-separation': 1 families, 20 tokens: [('מלבד', 20)]
  'set': 19 families, 300 tokens: [('נתן', 109), ('נתתי', 44), ('יתן', 42), ('תתן', 31), ('אתן', 21), ('תתנו', 20)]
the chapters' glosses ALREADY rewritten by the earlier walks' by-gloss overrides: ['?', 'Daniel', 'Egypt-suffix', 'God-you/your', 'alive-you/your', "and-'Ashtᵉrah", 'and-brighten-up', 'and-commandment-him/its', 'and-dark', 'and-depress', 'and-father-you/your', 'and-in-arm', 'and-in-miracle', 'and-judgment-him/its', 'and-sate', 'and-statute-him/its', 'and-the-fear', 'associate-him/its', 'be--make-well', 'beginning', 'blood--of-man', 'bullock-you/your', 'command-me/my', 'commandment-him/its', 'cord', 'cord-you/your', 'desolate-him/its', 'donation', 'enactment-him/its', 'engage-for-matrimony', 'erect', 'family-you/your', 'fetus', 'flit', 'flock-you/your', 'flow-freely', 'flying-creature', 'from-beginning', 'from-front', 'from-over', 'from-you/your', 'gate-you/your', 'ground-you/your', 'hating-you/your', 'heart-you/your', 'hind-part', 'hinder', 'hurrying', 'idol', 'imbibe', 'in-gate-you/your', 'in-nearest-part-you/your', 'in-something-hemming-in', 'in-time-him/its', 'income-you/your', 'kindle', 'leanness', 'like-all', 'like-as/which', 'like-stars', 'livestock-you/your', 'living-being-you/your', 'malady', 'mislay', 'olive-you/your', 'particle-of-affirmation', 'seed-you/your', 'sending-out', 'something-disgusting', 'strike-in', 'the-enactment', 'the-he/it', 'the-precept', 'the-sojourner', 'the-these', 'there-suffix', 'to-abundance', 'to-bereaved-person', 'to-go', 'to-good--in-the-widest-sense', 'to-possess/inherit-her/its', 'to-reside', 'to-say', 'to-set', 'to-sojourner', 'to-strength', 'try', 'wander-away', 'wealth']
candidates already in by_gloss (excluded from GL): ['?', 'Daniel', "and-'Ashtᵉrah", 'and-brighten-up', 'and-dark', 'and-depress', 'and-in-miracle', 'and-sate', 'and-the-fear', 'associate-him/its', 'be--make-well', 'blood--of-man', 'bullock-you/your', 'cord', 'donation', 'engage-for-matrimony', 'erect', 'family-you/your', 'fetus', 'flit', 'flow-freely', 'from-beginning', 'from-front', 'hind-part', 'hinder', 'hurrying', 'in-something-hemming-in', 'income-you/your', 'kindle', 'leanness', 'malady', 'mislay', 'sending-out', 'something-disgusting', 'strike-in', 'the-precept', 'to-bereaved-person', 'to-good--in-the-widest-sense', 'to-reside', 'to-strength', 'try', 'wander-away', 'wealth']
sitting 17 by-gloss rows walked from its marker: 100 | its last row: "in-rest": "when-gives-rest"
by_gloss total 1042 | by_ref total 1814 | the last Deut.25 by_ref line:   "Deut.25.19:18": "the-memory-of"   # זכר | Deut.26-28 by_ref rows present: 0
the anokhi seats (the "?" gloss) in the three chapters: [(27, 1, 12), (27, 4, 9), (27, 10, 10), (28, 1, 13), (28, 13, 18), (28, 14, 5), (28, 15, 14)]
