guard: 88 expectations checked, every one a literal from the answer sheet [honest-pairing guard satisfied]
guard: 78 expectations checked, every one a literal from the answer sheet [honest-pairing guard satisfied]

THE SPECIES CLASSIFIER COMPILES COLD — the land and water and locust predicates pure ink; the bird layer arrives SELF-LABELED by the answer sheet itself: the Mishnah's own words divide the Torah's code from the sages' predicate.

THE CALENDAR COMPILES — the clock chapter's own span, with the first LAND-entity timer and the standing appearance duty on Heaven's docket.

THE CONSECRATION, SUBSTITUTION, AND DEVOTION MACHINE COMPILES — the two substitution verbs, "beast for beast," "it and its substitute" at the vow and the tithe, the fifth censused five times, the partitive "from all that he has," the ordinal tenth under the rod; three calls into sister engines: the Jubilee engine's tithe naming and the Passover engine's firstling donkey.
guard: 155 expectations checked, every one a literal from the answer sheet [honest-pairing guard satisfied]
guard: 66 expectations checked, every one a literal from the answer sheet [honest-pairing guard satisfied]
probes: all 36 token probes fired  [zero-report law satisfied]

guard: 274 expectations checked, every one a literal from the answer sheet [honest-pairing guard satisfied]
guard: 159 expectations checked, every one a literal from the answer sheet [honest-pairing guard satisfied]
probes: all 142 token probes fired  [zero-report law satisfied]

probes: all 46 token probes fired  [zero-report law satisfied]

probes: all 100 token probes fired  [zero-report law satisfied]

guard: 51 expectations checked, every one a literal from the answer sheet [honest-pairing guard satisfied]
guard: 53 expectations checked, every one a literal from the answer sheet [honest-pairing guard satisfied]
guard: 154 expectations checked, every one a literal from the answer sheet [honest-pairing guard satisfied]
probes: all 79 token probes fired  [zero-report law satisfied]

guard: 172 expectations checked, every one a literal from the answer sheet [honest-pairing guard satisfied]
probes: all 86 token probes fired  [zero-report law satisfied]

guard: 105 expectations checked, every one a literal from the answer sheet [honest-pairing guard satisfied]
probes: all 102 token probes fired  [zero-report law satisfied]

callees live: the spec (Exod 34:15-16) 1 / [('Exod', 34, 16)]; the priesthood clause 1; the judges 78600; the incense; the twenty-four; the hanging; the addressees; the tellers; the total; Isaac's clauses 6; Judah's lion 2; the ladder; the idolatry principle
guard: 70 expectations checked, every one a literal from the answer sheet [honest-pairing guard satisfied]
probes: all 35 token probes fired  [zero-report law satisfied]

guard: 74 expectations checked, every one a literal from the answer sheet [honest-pairing guard satisfied]
guard: 147 expectations checked, every one a literal from the answer sheet [honest-pairing guard satisfied]
guard: 110 expectations checked, every one a literal from the answer sheet [honest-pairing guard satisfied]
probes: all 54 token probes fired  [zero-report law satisfied]

probes: all 55 token probes fired  [zero-report law satisfied]

probes: all 121 token probes fired  [zero-report law satisfied]

probes: all 111 token probes fired  [zero-report law satisfied]

guard: 49 expectations checked, every one a literal from the answer sheet [honest-pairing guard satisfied]
guard: 52 expectations checked, every one a literal from the answer sheet [honest-pairing guard satisfied]
guard: 51 expectations checked, every one a literal from the answer sheet [honest-pairing guard satisfied]
guard: 56 expectations checked, every one a literal from the answer sheet [honest-pairing guard satisfied]
probes: all 123 token probes fired  [zero-report law satisfied]

probes: all 84 token probes fired  [zero-report law satisfied]

callees: mishpatim_3, mishpatim, lev24, shelach, naso, second_census, journeys, borders, zelophehad, gad_reuben, chukat, bamidbar, primeval, sanctions, priesthood CALLED — every value asserted at import
guard: 97 expectations checked, every one a literal from the answer sheet [honest-pairing guard satisfied]
probes: all 164 token probes fired  [zero-report law satisfied]

callees: exodus_story, shelach, chukat, gad_reuben, zelophehad, journeys, borders, second_census, bamidbar, balak, primeval, mamre, joseph, ordinances, holiness, erection, beha, refuge CALLED — every value asserted at import
guard: 42 expectations checked, every one a literal from the answer sheet [honest-pairing guard satisfied]
OS.the_spies_read_back(the_murmuring) = "the murmuring (1:27-28) — two words (Shevuot 47b:5); the spies' words in the people's mouths, 'greater and taller than w" ['accepted']
guard: 62 expectations checked, every one a literal from the answer sheet [honest-pairing guard satisfied]
guard: 51 expectations checked, every one a literal from the answer sheet [honest-pairing guard satisfied]
guard: 55 expectations checked, every one a literal from the answer sheet [honest-pairing guard satisfied]
HI.the_gift_and_the_warning(lest_you_forget) = "lest you forget (6:12) — obey_horeb's forgetting census (thirteen seats, 6:12 among them); the prohibition's seat 4:9 (O" ['accepted'] — the ask without a write
ER.calf(saru_stiff) = (3, 6) — the stiff neck a state, no write; ER.calf(fourth_verb_decides) = a_test_not_a_nullification — the fourth verb the retelling drops
guard: 65 expectations checked, every one a literal from the answer sheet [honest-pairing guard satisfied]
guard: 59 expectations checked, every one a literal from the answer sheet [honest-pairing guard satisfied]
THE READBACK (the census, printed before it is asserted): rows 31, grades {'VERBATIM': 6, 'VARIANT': 16, 'EXPANDED': 3, 'SUPPLIED': 6}, on the tape 11, by CALL 14, SUPPLIED ['Deut 12:4', 'Deut 12:7', 'Deut 12:9', 'Deut 12:17', 'Deut 12:19', 'Deut 12:30']
DATA rows (the count, printed before it is asserted): 46
THE DATA CHECKS (printed before they are asserted): {'levites_anywhere': True, 'second_tithe': True, 'counts': (5, 4, 3), 'cell_found': True, 'written_callee': True, 'name_in_clause': False, 'seats': ['Deut 12:21', 'Exod 23:15'], 'n_rows': 6, 'platform': [('before_the_Tabernacle', 'permitted'), ('the_Tabernacle', 'forbidden'), ('Gilgal', 'permitted'), ('Shiloh', 'forbidden'), ('Nob_and_Gibeon', 'permitted'), ('Jerusalem', 'forbidden_forever')], 'platform_agrees': True, 'journeys_agree': True, 'registry': True}
THE SCENE (printed before it is asserted): ((1, 1, 1, 1, 1, 1, 1, 1, 1, 1, 1, 1, 1, 1, 1, 1, 1, 1, 1, 1, 1, 1, 1, 1, 1, 1, 1, 1, 1), (1, 1, 1), 2, (0, 0, 0, 0), 29, 0)
THE NARRATIVE (printed before it is asserted): (8, 0, 2, (11, 1), 0, 0, 0, 0) ['name_erasure_barred', 'place_chosen_required', 'rejoicing_before_the_lord_commanded', 'profane_slaughter_permitted', 'holy_things_in_the_gates_barred', 'levite_forsaking_barred', 'foreign_rite_inquiry_barred'] ['high_places_banned']
guard: 56 expectations checked, every one a literal from the answer sheet [honest-pairing guard satisfied]
THE INK (printed before it is asserted): PARSED {(13, 13): [1]}, ORDS {}, MARKS {}, TOKN 328, LETN 1269, KINNUM {('Deut', 17, 6): [2, 3, 1], ('Deut', 19, 15): [1, 2, 3], ('Deut', 17, 7): [], ('Deut', 17, 2): [1], ('Deut', 12, 14): [1], ('Lev', 24, 16): [], ('Exod', 22, 19): []}
THE READBACK (the census, printed before it is asserted): rows 19, grades {'VERBATIM': 3, 'SUPPLIED': 8, 'VARIANT': 5, 'EXPANDED': 3}, on the tape 7, by CALL 17, SUPPLIED ['Deut 13:2', 'Deut 13:4', 'Deut 13:6', 'Deut 13:7', 'Deut 13:12', 'Deut 13:13', 'Deut 13:15', 'Deut 13:18'], writes ['false_prophet_hearing_barred', 'israel_hears_and_fears', 'condemned_city_inquiry_required', 'devoted_thing_cleaving_barred'], pointer ['Deut 13:18']
THE DATA ROWS (printed before they are asserted): 39 ['moses_unnamed', 'the_anger_keyed', 'the_benefit_ban', 'the_capital_courts_end', 'the_congruence_rule', 'the_counter_and_the_parameters', 'the_courts_rule_inverted', 'the_entrapment'] …
THE SCENE (printed before it is asserted): ((1, 1, 1, 1, 1, 1, 1, 2, 1, 1, 1, 1, 1, 1, 1, 1, 1, 1, 1, 2, 1, 1, 1, 1, 1, 1, 1, 1, 1, 1, 1, 1, 1, 1, 1, 1, 1, 1, 1, 1), (1, 1, 1, 1, 1, 1), 1, 1, 2, 2, 1, (0, 0, 0, 0), 40, 0)
THE NARRATIVE (printed before it is asserted): (8, 0, 1, (11, 1), 0, 0, 0, 0) ['adding_barred', 'false_prophet_hearing_barred', 'tested_by_the_lord', 'cleaving_commanded', 'pity_barred', 'israel_hears_and_fears', 'condemned_city_inquiry_required', 'devoted_thing_cleaving_barred']
THE INK (printed before it is asserted): PARSED {(14, 6): [2], (14, 28): [3]}, ORDS {}, MARKS {6: ['שתי^'], 22: ['עשר*'], 23: ['מעשר*'], 28: ['שנים*', 'מעשר*']}, TOKN 351, LETN 1344, KINNUM {('Deut', 15, 1): [7], ('Deut', 31, 10): [7], ('Exod', 23, 10): [6], ('Lev', 11, 3): [], ('Lev', 27, 30): [], ('Num', 18, 21): [], ('Deut', 26, 12): [], ('Deut', 12, 17): []}, STARRED [(12, 17, 'מעשר*'), (14, 22, 'עשר*'), (14, 23, 'מעשר*'), (14, 28, 'מעשר*'), (26, 12, 'מעשר*')]
THE DB'S OWN SEATS (printed before they are asserted): INF_ABS [(21, 'מכר'), (22, 'עשר')]; the kid ['Deut 14:21', 'Exod 23:19', 'Exod 34:26']; the holy people ['Deut 14:2', 'Deut 14:21', 'Deut 7:6']; portion and inheritance 6; the four at the gate ['Deut 14:29', 'Deut 16:11', 'Deut 16:14']; the place formula 11; the tithe tokens 17; rejoice 8; three years ['2Kgs 18:10', 'Deut 14:28']; seven years ['Deut 15:1', 'Deut 31:10', 'Jer 34:14']; TWIN {'14:6 vs 11:3': 9, '14:7 vs 11:4': 16, '14:8 vs 11:7': 10, '14:9 vs 11:9': 12, '14:15 vs 11:16': 10, '14:15 == 11:16': True, '14:2 vs 7:6': 18, '14:24 vs 12:21': 12, '14:29 vs 24:19': 7, '14:29 vs 14:27': 6, '14:21 vs 23:19': 6}
THE READBACK (the census, printed before it is asserted): rows 29, grades {'SUPPLIED': 8, 'VERBATIM': 6, 'VARIANT': 11, 'EXPANDED': 4}, on the tape 10, by CALL 29, SUPPLIED ['Deut 14:1', 'Deut 14:3', 'Deut 14:5', 'Deut 14:11', 'Deut 14:20', 'Deut 14:22', 'Deut 14:25', 'Deut 14:28'], writes [('Deut 14:1', 'cuttings_for_the_dead_barred'), ('Deut 14:3', 'abomination_eating_barred'), ('Deut 14:21', 'carcass_eating_barred'), ('Deut 14:22', 'second_tithe_owed'), ('Deut 14:28', 'poor_tithe_owed')], pointer []
THE VERSES NO ONE CITES (computed on the docket, printed before it is asserted): [9, 14, 15, 16, 17, 18]
THE DATA ROWS (printed before they are asserted): 56 ['ezras_penalty', 'for_the_dead', 'heavens_property', 'shiloh_and_the_house', 'the_altars_disqualified', 'the_animal_tithe_now', 'the_baldness_both_ways', 'the_benefit_counter_arm'] …
THE SCENE (printed before it is asserted): ((1, 1, 1, 1, 1, 1, 1, 1, 1, 1, 1, 1, 1, 1, 1, 1, 1, 1, 1, 1, 1, 1, 1, 1, 2, 1, 1, 1, 1, 1, 1, 1, 1, 1, 1, 1, 1, 1, 1, 1, 1, 1, 1, 1, 1, 1, 1, 1, 1, 1, 1, 1, 1, 1, 1, 1, 1, 1, 1, 1, 1, 1, 1, 1, 1, 1, 1, 1, 1, 1, 1), (1, 1, 1, 1, 1, 1, 1, 1), 10, 11, 2, 1, 1, (0, 0, 0, 0), 71, 0)
THE NARRATIVE (printed before it is asserted): (7, 0, 1, (11, 1), 0, 0, 0, 0) ['cuttings_for_the_dead_barred', 'abomination_eating_barred', 'carcass_eating_barred', 'second_tithe_owed', 'rejoicing_before_the_lord_commanded', 'levite_forsaking_barred', 'poor_tithe_owed']
guard: 91 expectations checked, every one a literal from the answer sheet [honest-pairing guard satisfied]
THE INK (printed before it is asserted): PARSED {(15, 1): [7], (15, 7): [1], (15, 12): [6], (15, 18): [6]}, ORDS {9: [7]}, MARKS {1: ['שנים*'], 12: ['שנים*'], 18: ['שנים*']}, TOKN 354, LETN 1294, KINNUM {('Exod', 21, 2): [6], ('Exod', 23, 10): [6], ('Lev', 25, 3): [6, 6], ('Lev', 25, 8): [7, 7, 7, 7, 49], ('Deut', 31, 10): [7], ('Jer', 34, 14): [7, 6], ('Exod', 22, 29): [7], ('Lev', 22, 27): [7], ('Deut', 14, 28): [3], ('Deut', 16, 9): [7, 7]}, STARRED [(9, 15, 'ושני^'), (10, 3, 'ושני^'), (14, 28, 'שנים*'), (15, 1, 'שנים*'), (15, 12, 'שנים*'), (15, 18, 'שנים*'), (31, 10, 'שנים*')]
  PRINT the exaction verb by tokens (the lemma table collides at 5065): ['1Kgs 20:13', '1Sam 13:6', '1Sam 14:24', '2Kgs 23:35', 'Deut 15:2', 'Deut 15:3', 'Exod 20:21', 'Exod 24:14', 'Gen 33:7', 'Isa 14:4', 'Isa 29:13', 'Isa 50:8', 'Isa 53:7', 'Isa 65:5', 'Job 3:18', 'Job 40:19', 'Lev 21:21', 'Lev 21:23', 'Ps 91:7', 'Zech 9:8']
  PRINT "howbeit" (the lemma table has no 657 in the Torah): ['2Sam 12:14', 'Amos 6:10', 'Amos 9:8', 'Deut 15:4', 'Gen 47:15', 'Gen 47:16', 'Isa 16:4', 'Isa 29:20', 'Isa 34:12', 'Isa 41:29', 'Isa 45:14', 'Isa 45:6', 'Isa 54:15', 'Isa 5:8', 'Judg 4:9', 'Num 13:28', 'Num 23:13'] | "cease" in the book: [('Deut 15:11', 'יחדל'), ('Deut 23:23', 'תחדל')]
  PRINT "free" every seat in the Bible (the count): 17 [('1Sam 17:25', 'חפשי'), ('Deut 15:12', 'חפשי'), ('Deut 15:13', 'חפשי'), ('Deut 15:18', 'חפשי'), ('Exod 21:2', 'לחפשי'), ('Exod 21:5', 'חפשי'), ('Exod 21:26', 'לחפשי'), ('Exod 21:27', 'לחפשי'), ('Isa 58:6', 'חפשים'), ('Jer 34:9', 'חפשים'), ('Jer 34:10', 'חפשים'), ('Jer 34:11', 'חפשים'), ('Jer 34:14', 'חפשי'), ('Jer 34:16', 'חפשים'), ('Job 3:19', 'חפשי'), ('Job 39:5', 'חפשי'), ('Ps 88:6', 'חפשי')]
  PRINT "shear" every seat in the Bible: ['1Sam 25:2', '1Sam 25:4', '1Sam 25:7', '1Sam 25:11', '2Sam 13:23', '2Sam 13:24', 'Deut 15:19', 'Gen 31:19', 'Gen 38:12', 'Gen 38:13', 'Isa 53:7', 'Jer 7:29', 'Job 1:20', 'Mic 1:16', 'Nah 1:12']
THE CLOCK (printed before it is asserted): {'counter': (40, 11, 1), 'release_keys': ['the_end', 'the_onset', 'the_territory', 'the_year'], 'firstlings_year_keys': ['its_own_year', 'the_blemished', 'the_exiles_arm', 'the_tending_term', 'the_two_day_edge'], 'the_release_on_the_bare_world': 'no count', 'the_firstlings_year_days': 354, 'the_two_day_edge': True, 'no_marker': True}
THE DB'S OWN SEATS (printed before they are asserted): INF_ABS [(2, 'שמוט'), (4, 'ברך'), (5, 'שמוע'), (8, 'פתח'), (8, 'והעבט'), (10, 'נתון'), (11, 'פתח'), (14, 'העניק')]; seven years ['Deut 15:1', 'Deut 31:10', 'Jer 34:14']; the release noun 5; needy 9; the pledge verb 6; remember-a-slave ['Deut 15:15', 'Deut 16:12', 'Deut 24:18', 'Deut 24:22', 'Deut 5:15']; the awl [('Deut 15:17', 'המרצע'), ('Exod 21:6', 'במרצע')]; six years ['Deut 15:12', 'Deut 15:18', 'Exod 21:2', 'Lev 25:3']; for ever ['Deut 15:17']; year by year 11; the place formula 11; unclean-clean ['Deut 12:15', 'Deut 12:22', 'Deut 15:22']; as water ['Deut 12:16', 'Deut 12:24', 'Deut 15:23']; spoke-to-you ['Deut 12:20', 'Deut 15:6', 'Deut 26:18', 'Deut 29:12']; base [('Deut 13:14', 'בליעל'), ('Deut 15:9', 'בליעל')]; sin-in-you ['Deut 15:9', 'Deut 23:22', 'Deut 24:15']; TWIN {'15:12 vs Exod 21:2': 3, '15:12 vs Jer 34:14': 7, '15:16 vs Exod 21:5': 3, '15:17 vs Exod 21:6': 1, '15:15 vs 5:15': 11, '15:15 vs 24:18': 14, '15:5 vs 28:1': 14, '15:6 vs 28:12': 6, '15:9 vs 24:15': 7, '15:10 vs 14:29': 6, '15:21 vs 17:1': 6, '15:22 vs 12:15': 4, '15:22 vs 12:22': 4, '15:23 vs 12:16': 6, '15:23 vs 12:24': 5, '15:4 vs 15:11': 3, '15:1 vs 31:10': 3, '15:20 vs 12:18': 9}
THE CALLEES (printed before they are asserted): the Belial ask in the city cell ['belial_and_naboth'] -> Belial and Naboth (13:14) — the Torah's two seats (13:14, 15:9); the one who turns his eye; the release on the bare world no count; the firstling's year 354 days; MP F1 ['slave-release: FREE-YEAR-7', 'slave-release: DEDUCT', 'slave-release: FREE-AT-JUBILEE']; M2 slave_maimed True
THE READBACK (the census, printed before it is asserted): rows 23, grades {'TURNED': 2, 'SUPPLIED': 11, 'VARIANT': 2, 'VERBATIM': 3, 'SHORTENED': 1, 'DISAGREES': 2, 'EXPANDED': 2}, on the tape 11, by CALL 23, SUPPLIED ['Deut 15:3', 'Deut 15:4', 'Deut 15:6', 'Deut 15:7', 'Deut 15:8', 'Deut 15:9', 'Deut 15:10', 'Deut 15:11', 'Deut 15:13', 'Deut 15:14', 'Deut 15:18'], writes [('Deut 15:1', 'debt_release_owed'), ('Deut 15:2', 'exaction_barred'), ('Deut 15:7', 'hand_shutting_barred'), ('Deut 15:8', 'hand_opening_commanded'), ('Deut 15:9', 'base_thought_barred'), ('Deut 15:10', 'work_of_the_hand_blessed'), ('Deut 15:13', 'empty_sending_barred'), ('Deut 15:14', 'furnishing_commanded'), ('Deut 15:18', 'work_of_the_hand_blessed'), ('Deut 15:19', 'firstling_sanctification_commanded')], pointer ['Deut 15:6'], state ['Deut 15:4'], open ['Deut 15:17', 'Deut 15:19']
THE VERSES NO ONE CITES (computed on the docket, printed before it is asserted): [15]
THE DATA ROWS (printed before they are asserted): 71 ['egypt_the_model', 'lend_not_borrow', 'the_altars_bar', 'the_awl_tool', 'the_blemish_class', 'the_blemished_in_the_gates', 'the_blemished_thirty_days', 'the_blessing_in_the_land'] …; the parameters 27 on file 27 + 2
THE SCENE (printed before it is asserted): ((1, 1, 1, 1, 1, 1, 1, 1, 1, 1, 1, 1, 1, 1, 1, 1, 1, 1, 1, 1, 1, 1, 1, 1, 1, 1, 1, 1, 1, 1, 1, 1, 1, 1, 1, 1, 1, 1, 1, 1, 1, 1, 1, 1, 1, 1, 1, 1, 1, 1, 1, 1, 1, 1, 1, 1, 1, 1, 1, 1, 1, 1, 1, 1, 1, 1, 1, 1, 1, 1, 1, 1, 1, 1, 1, 1, 1, 1, 1, 1, 1, 1), (1, 1, 1, 1, 1, 1, 1, 1, 1, 1, 1), 2, 17, 3, 1, 1, 1, (0, 0, 0, 0), 82, 0)
THE NARRATIVE (printed before it is asserted): (15, 0, 1, (11, 1), 0, 0, 0, 0) ['debt_release_owed', 'exaction_barred', 'blessings_for_hearing', 'hand_opening_commanded', 'hand_shutting_barred', 'base_thought_barred', 'work_of_the_hand_blessed', 'cry_heard', 'bears_sin', 'furnishing_commanded', 'empty_sending_barred', 'work_of_the_hand_blessed', 'firstling_sanctification_commanded', 'firstling_work_and_shearing_barred', 'holy_things_in_the_gates_barred']
guard: 53 expectations checked, every one a literal from the answer sheet [honest-pairing guard satisfied]
THE INK (printed before it is asserted): PARSE {3: ([7], [], []), 4: ([7], [1], []), 5: ([1], [], []), 8: ([6], [7], []), 9: ([7, 7], [], ['שבעת*']), 13: ([7], [], []), 15: ([7], [], []), 16: ([3], [], [])}, NUMV [3, 4, 5, 8, 9, 13, 15, 16], ORDV [4, 8], STARV [9], TOKN 334
THE CLOCK (printed before it is asserted): {'counter': (40, 11, 1), 'passover': (1, 14), 'passover_1': (1, 15), 'passover_7': {'from': 'passover_1', 'plus': 6}, 'atzeret': {'from': 'omer', 'plus': 49}, 'sukkot_1': (7, 15), 'omer_day': (1, 16), 'leap': {'position': 'after_month_12', 'length': 30}, 'threshold': 16, 'grounds': ['spring_grain', 'tree_fruit', 'season'], 'leap_by': ['count'], 'slots': ['evening', 'night', 'midnight', 'dawn', 'morning', 'noon', 'between_the_evenings', 'sunset'], 'between_the_evenings_from': 6.5, 'no_marker': True}
THE SCANS (printed before they are asserted): holes []; bribe ['israel_people']; burn ['aaron-and-sons']; place ['israel_people']; rejoice ['israel_people']; booths []; omer []; courts ['israel_people']; judges ['the_court']; appear ([], []); pillars (['the_pillar_of_bethel'], ['the_pillar_of_gilead']); pervert []
THE TWINS DIFFED (printed before they are asserted): {'16:1 vs Exod 34:18': 7, '16:1 vs Exod 23:15': 5, '16:4 vs Exod 13:7': 6, '16:4 vs Exod 34:25': 3, '16:6 vs Exod 12:6': 0, '16:8 vs Exod 13:6': 5, '16:9 vs Lev 23:15': 0, '16:11 vs 12:18': 13, '16:11 vs 16:14': 11, '16:12 vs 5:15': 5, '16:12 vs 24:18': 6, '16:16 vs Exod 34:23': 8, '16:16 vs Exod 23:17': 7, '16:17 vs 12:15': 6, '16:18 vs 1:16': 2, '16:19 vs Exod 23:8': 7, '16:20 vs 4:1': 6, '16:21 vs 7:5': 0, '16:22 vs 12:31': 2}
THE CALLEES (asserted from their prints): MO window after_midday, morrow festival, count 49, booths 7, the seventh servile_only; PS night only, until midnight / roasted only / burn on the 16th / invalid if not for its sake; CA male owes the three appearings; ER stand standing_liability_like_the_appearance_offering, amounts ('two_silver', 'maah'), made made_objects_not_the_ground; MU redress seven days of redress — Pesach's analogy; PN place the place which the LORD will ; OP charge the charge (1:16-17) — the six; ES sizes (71, 23); OR one-two merit_by_one_liability_by_two, bribe the_bribed_judges_eyes_dim / even_to_judge_truly; HO five 5; ST bribe takes no bribe (10:17) — Exodu; SN wood ['lashes']; CH keep keep and remember (5:12); JR three the three objects (33:52; PSH from Modi'im and beyond (fifteen mil)
THE READBACK (printed before it is asserted): rows 22, grades {'VARIANT': 9, 'EXPANDED': 2, 'SUPPLIED': 10, 'VERBATIM': 1}, on the tape 5, by CALL 22, supplied 10, with writes 14
THE NARRATIVE (printed before it is asserted): (16, 0, 1, (11, 1), 0, 0, 0, 0) ['passover_at_the_place_commanded', 'passover_in_the_gates_barred', 'leaven_with_the_passover_barred', 'flesh_till_morning_barred', 'seventh_day_assembly_commanded', 'weeks_at_the_place_commanded', 'booths_at_the_place_commanded', 'three_pilgrimages_commanded', 'empty_appearance_barred', 'judges_and_officers_commanded', 'judgment_wresting_barred', 'person_respecting_barred', 'bribe_barred', 'justice_pursuit_commanded', 'asherah_beside_the_altar_barred', 'pillar_barred']
guard: 94 expectations checked, every one a literal from the answer sheet [honest-pairing guard satisfied]
guard: 63 expectations checked, every one a literal from the answer sheet [honest-pairing guard satisfied]
guard: 66 expectations checked, every one a literal from the answer sheet [honest-pairing guard satisfied]
THE INK (printed before it is asserted): PARSE {(17, 2): ([1], [], []), (17, 6): ([2, 3, 1], [], [])}, NUMV [(17, 2), (17, 6)], ORDV [], STARV [], TOKN {17: 368, 18: 304}
THE NEGATIONS AND THE NAME (printed before they are asserted): {(17, 1): ['לא'], (17, 3): ['לא'], (17, 6): ['לא'], (17, 11): ['לא'], (17, 13): ['ולא'], (17, 15): ['לא', 'לא'], (17, 16): ['לא', 'ולא', 'לא'], (17, 17): ['ולא', 'ולא', 'לא'], (18, 1): ['לא'], (18, 2): ['לא'], (18, 9): ['לא'], (18, 10): ['לא'], (18, 14): ['לא'], (18, 16): ['לא', 'לא', 'ולא'], (18, 19): ['לא'], (18, 20): ['לא'], (18, 21): ['לא'], (18, 22): ['ולא', 'ולא', 'לא', 'לא']} 28
THE CLOCK (printed before it is asserted): {'counter': (40, 11, 1), 'no_marker': True, 'no_clock_datum': True}
THE SCANS (printed before they are asserted): holes []; hears ['israel_people']; false prophet ['israel_people']; inheritance ['aaron', 'the_levites']; kings ['jacob']; prophet ['abraham']; wholeness ['abraham']; courts ['israel_people']; judges ['the_court']; bribe ['israel_people']; stoned ['the_blasphemer', 'the_wood_gatherer']; put to death ['abiram', 'dathan', 'korach', 'the_lusters', 'the_ten_spies', 'the_two_hundred_fifty', 'the_wood_gatherer']; purged []; dues ['aaron']
THE TWINS DIFFED (printed before they are asserted): {'17:1 vs 15:21': 6, '17:4 vs 13:15': 9, '17:6 vs 19:15': 6, '17:7 vs 13:10': 7, '17:8 vs 1:17': 2, '17:11 vs 17:20': 1, '17:13 vs 13:12': 3, '17:17 vs 8:13': 3, '17:20 vs 8:14': 0, '18:2 vs 10:9': 8, '18:2 vs Num 18:20': 2, '18:5 vs 10:8': 3, '18:10 vs Lev 20:2': 0, '18:11 vs Lev 20:27': 1, '18:13 vs Gen 17:1': 1, '18:16 vs 5:25': 5, '18:17 vs 5:28': 5, '18:19 vs 13:4': 3, '18:22 vs 13:2': 0}
THE READBACK (printed before it is asserted): rows 42, grades {'SUPPLIED': 12, 'VARIANT': 22, 'EXPANDED': 5, 'VERBATIM': 2, 'SHORTENED': 1}, on the tape 11, by CALL 42, supplied 12, with writes 28
THE NARRATIVE (printed before it is asserted): (37, 0, 1, (11, 1), 0, 0, 0, 0) ['blemished_offering_barred', 'idolater_inquiry_required', 'two_witnesses_required', 'one_witness_barred', 'witnesses_hand_first_commanded', 'high_court_at_the_place_commanded', 'sentence_binding_commanded', 'turning_from_the_word_barred', 'king_from_the_brothers_commanded', 'foreign_king_barred', 'horses_multiplying_barred', 'return_to_egypt_barred', 'wives_multiplying_barred', 'silver_and_gold_multiplying_barred', 'law_copy_commanded', 'heart_lifting_barred', 'shoulder_cheeks_maw_owed', 'first_fleece_owed', 'priests_standing_chosen', 'levite_service_at_the_place_permitted', 'equal_portions_commanded', 'abominations_learning_barred', 'passing_through_fire_barred', 'diviner_barred', 'soothsayer_barred', 'augur_barred', 'sorcerer_barred', 'charmer_barred', 'ghost_consulting_barred', 'familiar_spirit_barred', 'necromancer_barred', 'wholeness_commanded', 'prophet_like_moses_promised', 'prophet_hearkening_commanded', 'word_required_of_the_hearer', 'false_word_test_declared', 'false_prophet_fear_barred']
guard: 99 expectations checked, every one a literal from the answer sheet [honest-pairing guard satisfied]
probes: all 112 token probes fired  [zero-report law satisfied]

THE INK (printed before it is asserted): PARSE {(19, 2): ([3], [], []), (19, 3): ([3], [], []), (19, 5): ([1], [], []), (19, 7): ([3], [], []), (19, 9): ([3], [], []), (19, 11): ([1], [], []), (19, 15): ([1, 2, 3], [], ['שני^']), (19, 17): ([2], [], ['שני^']), (21, 15): ([2, 1, 1], [], ['שתי^', 'האחת#', 'והאחת#']), (21, 17): ([2], [], [])}, NUMV [(19, 2), (19, 3), (19, 5), (19, 7), (19, 9), (19, 11), (19, 15), (19, 17), (21, 15), (21, 17)], ORDV [], STARV [(19, 15), (19, 17), (21, 15)], TOKN {19: 332, 20: 316, 21: 354}
THE NEGATIONS AND THE NAME (printed before they are asserted): {(19, 4): ['לא'], (19, 6): ['לא'], (19, 10): ['ולא'], (19, 13): ['לא'], (19, 14): ['לא'], (19, 15): ['לא'], (19, 20): ['ולא'], (19, 21): ['ולא'], (20, 1): ['לא'], (20, 5): ['ולא'], (20, 6): ['ולא'], (20, 7): ['ולא'], (20, 8): ['ולא'], (20, 12): ['לא'], (20, 15): ['לא'], (20, 16): ['לא'], (20, 18): ['לא'], (20, 19): ['לא', 'לא'], (20, 20): ['לא'], (21, 1): ['לא'], (21, 3): ['לא', 'לא'], (21, 4): ['לא', 'ולא'], (21, 7): ['לא', 'לא'], (21, 14): ['לא', 'לא', 'לא'], (21, 16): ['לא'], (21, 18): ['ולא'], (21, 23): ['לא', 'ולא']} 22
THE CLOCK (printed before it is asserted): {'counter': (40, 11, 1), 'no_marker': True, 'no_clock_datum': True}
THE SCANS (printed before they are asserted): holes []; cities ['israel_people']; pity ['israel_people']; hears ['israel_people']; one witness ['israel_people']; two witnesses ['israel_people']; hand first ['israel_people']; abominations ['israel_people']; fear not ['isaac', 'jacob', 'moses', 'yehoshua']; captive ['israel_people', 'lot', 'the_captives_of_midian']; spoil ['israel_people', 'the-sons']; boundary ['the_heap_and_pillar']; hanged ['the_baker']; buried ['aaron', 'abraham', 'deborah_the_nurse', 'isaac', 'jacob', 'miriam', 'rachel', 'sarah', 'the_lusters']; blood ['noach']; atoned ['aaron', 'israel_people', 'the-repentant', 'the_officers_of_the_host']; firstborn by the head ['esau', 'perez']; hated ['the-sons']; stoned ['the_blasphemer', 'the_wood_gatherer']; put to death ['abiram', 'dathan', 'korach', 'the_lusters', 'the_ten_spies', 'the_two_hundred_fifty', 'the_wood_gatherer']; purged []; flees []; dwells []; land polluted []; city devoted []; driven out []; lashes []
THE TWINS DIFFED (printed before they are asserted): {'19:1 vs 12:29': 8, '19:4 vs 4:42': 9, '19:4 vs Exod 21:13': 3, '19:6 vs Josh 20:5': 10, '19:8 vs 12:20': 6, '19:9 vs 11:22': 10, '19:13 vs 13:9': 4, '19:15 vs 17:6': 3, '19:15 vs Num 35:30': 1, '19:16 vs Exod 23:1': 2, '19:17 vs 17:9': 3, '19:19 vs 13:6': 3, '19:20 vs 13:12': 7, '19:21 vs Exod 21:24': 4, '20:1 vs 7:18': 6, '20:3 vs 6:4': 2, '20:3 vs 31:6': 5, '20:4 vs 1:30': 5, '20:5 vs 20:6': 11, '20:5 vs 20:7': 11, '20:17 vs Josh 9:1': 5, '21:1 vs 17:2': 7, '21:3 vs Num 19:2': 3, '21:4 vs Exod 13:13': 1, '21:5 vs 18:5': 7, '21:6 vs 21:4': 7, '21:9 vs 12:25': 5, '21:10 vs 20:1': 7, '21:11 vs Gen 29:17': 2, '21:14 vs 24:1': 4, '21:15 vs Gen 4:19': 3, '21:17 vs Gen 49:3': 0, '21:18 vs Jer 5:23': 2, '21:21 vs 13:12': 3, '21:21 vs 22:21': 5, '21:23 vs Gen 9:6': 3}
THE READBACK (printed before it is asserted): rows 64, grades {'SUPPLIED': 27, 'VARIANT': 30, 'EXPANDED': 6, 'SHORTENED': 1}, on the tape 17, by CALL 64, supplied 27, with writes 44
THE PARAMETERS AND THE DATA (printed before the count is typed): parameters 44, DATA rows 83
THE NARRATIVE (printed before it is asserted): (45, 0, 1, (11, 1), 0, 0, 0, 0) ['three_cities_separated_commanded', 'way_prepared_commanded', 'land_divided_in_three_commanded', 'three_more_cities_conditioned', 'manslayer_flight_permitted', 'murderer_extradition_commanded', 'murderer_pity_barred', 'innocent_blood_purge_commanded', 'landmark_removal_barred', 'two_or_three_witnesses_required', 'witnesses_inquiry_commanded', 'plotting_witness_talion_commanded', 'talion_pity_barred', 'war_fear_barred', 'priest_war_speech_commanded', 'officers_exemptions_commanded', 'fearful_exemption_commanded', 'captains_appointed_commanded', 'peace_call_commanded', 'tribute_service_commanded', 'siege_males_smitten_commanded', 'spoil_permitted', 'far_cities_scope_declared', 'nothing_alive_left_commanded', 'abominations_teaching_barred', 'fruit_tree_cutting_barred', 'siege_works_permitted', 'slain_found_measuring_commanded', 'heifer_neck_broken_commanded', 'priests_approach_commanded', 'elders_hands_washed_commanded', 'elders_declaration_commanded', 'innocent_blood_atoned', 'captive_wife_permitted', 'captive_mourning_month_commanded', 'captive_sale_barred', 'captive_release_commanded', 'firstborn_double_portion_commanded', 'firstborn_right_transfer_barred', 'rebellious_son_seized_commanded', 'rebellious_son_stoning_commanded', 'hanging_after_death_commanded', 'corpse_overnight_barred', 'same_day_burial_commanded', 'land_defilement_barred']
THE INK (printed before it is asserted): PARSE {(22, 12): ([4], [], []), (22, 19): ([100], [], []), (22, 22): ([2], [], ['שני#']), (22, 24): ([2], [], ['שני#']), (22, 29): ([50], [], []), (23, 3): ([], [10], []), (23, 4): ([], [10], []), (23, 9): ([], [3], []), (23, 17): ([1], [], []), (23, 19): ([2], [], ['שני#']), (24, 4): ([], [1], []), (24, 5): ([1], [], []), (25, 3): ([40], [], []), (25, 5): ([1], [], []), (25, 11): ([1], [], ['האחד#'])}, NUMV [(22, 12), (22, 19), (22, 22), (22, 24), (22, 29), (23, 17), (23, 19), (24, 5), (25, 3), (25, 5), (25, 11)], ORDV [(23, 3), (23, 4), (23, 9), (24, 4)], STARV [(22, 22), (22, 24), (23, 19), (25, 11)], TOKN {22: 437, 23: 339, 24: 327, 25: 260}
THE NEGATIONS AND THE NAME (printed before they are asserted): {(22, 1): ['לא'], (22, 2): ['לא', 'ולא'], (22, 3): ['לא'], (22, 4): ['לא'], (22, 5): ['לא', 'ולא'], (22, 6): ['לא'], (22, 8): ['ולא'], (22, 9): ['לא'], (22, 10): ['לא'], (22, 11): ['לא'], (22, 14): ['ולא'], (22, 17): ['לא'], (22, 19): ['לא'], (22, 20): ['לא'], (22, 24): ['לא'], (22, 26): ['לא'], (22, 28): ['לא'], (22, 29): ['לא'], (23, 1): ['לא', 'ולא'], (23, 2): ['לא'], (23, 3): ['לא', 'לא'], (23, 4): ['לא', 'לא'], (23, 5): ['לא'], (23, 6): ['ולא'], (23, 7): ['לא'], (23, 8): ['לא', 'לא'], (23, 11): ['לא', 'לא'], (23, 15): ['ולא'], (23, 16): ['לא'], (23, 17): ['לא'], (23, 18): ['לא', 'ולא'], (23, 19): ['לא'], (23, 20): ['לא'], (23, 21): ['לא'], (23, 22): ['לא'], (23, 23): ['לא'], (23, 25): ['לא'], (23, 26): ['לא'], (24, 1): ['לא'], (24, 4): ['לא', 'ולא'], (24, 5): ['לא', 'ולא'], (24, 6): ['לא'], (24, 10): ['לא'], (24, 12): ['לא'], (24, 14): ['לא'], (24, 15): ['ולא', 'ולא'], (24, 16): ['לא', 'לא'], (24, 17): ['לא', 'ולא'], (24, 19): ['לא'], (24, 20): ['לא'], (24, 21): ['לא'], (25, 3): ['לא'], (25, 4): ['לא'], (25, 5): ['לא'], (25, 6): ['ולא'], (25, 7): ['לא', 'לא'], (25, 8): ['לא'], (25, 9): ['לא'], (25, 12): ['לא'], (25, 13): ['לא'], (25, 14): ['לא'], (25, 18): ['ולא'], (25, 19): ['לא']} 26
THE CLOCK (printed before it is asserted): {'counter': (40, 11, 1), 'no_marker': True, 'no_clock_datum': True}
THE SCANS (printed before they are asserted): holes []; the kin counts {'pity_barred': 2, 'talion_pity_barred': 1, 'put_to_death': 7, 'stoned': 2, 'lashes': 0, 'pays': 1, 'exempt': 1, 'israel_hears_and_fears': 1, 'hanged': 1, 'buried': 9, 'sent_outside_the_camp': 2, 'firstborn_by_the_head': 2, 'inheritance_stayed_in_tribe': 1, 'blood_required': 1, 'bribe_barred': 1, 'judges_charged': 1, 'courts_established': 1, 'peace_call_commanded': 1, 'innocent_blood_purge_commanded': 1, 'evil_purged_from_the_midst': 0, 'levirate_owed': 2, 'waits_for_the_levir': 1, 'amalek_to_be_blotted': 1, 'amalek_weakened': 1, 'justice_pursuit_commanded': 1, 'judgment_wresting_barred': 1, 'person_respecting_barred': 1, 'forgetting_barred': 1, 'stricken_with_leprosy': 1, 'hand_opening_commanded': 1, 'cry_heard': 2, 'bears_sin': 1, 'work_of_the_hand_blessed': 2, 'blessings_for_hearing': 3, 'evil_speech_spoken': 2, 'cursing_barred': 1, 'house_abomination_barred': 1, 'interest_barred': 0, 'pledge_returned_by_sunset': 0, 'wage_due_by_morning': 0, 'left_for_the_poor': 0, 'mixture_barred': 0}; the entities {'pity_barred': ['israel_people'], 'talion_pity_barred': ['israel_people'], 'put_to_death': ['abiram', 'dathan', 'korach', 'the_lusters', 'the_ten_spies', 'the_two_hundred_fifty', 'the_wood_gatherer'], 'stoned': ['the_blasphemer', 'the_wood_gatherer'], 'lashes': [], 'pays': ['the_firstborn_of_israel'], 'exempt': ['the_levites', 'the_widow_of_zelophehad'], 'israel_hears_and_fears': ['israel_people'], 'hanged': ['the_baker'], 'buried': ['aaron', 'abraham', 'deborah_the_nurse', 'isaac', 'jacob', 'miriam', 'rachel', 'sarah', 'the_lusters'], 'sent_outside_the_camp': ['the_men_of_war', 'the_unclean_of_the_camp'], 'firstborn_by_the_head': ['esau', 'perez'], 'inheritance_stayed_in_tribe': ['the_daughters_of_zelophehad'], 'blood_required': ['noach'], 'bribe_barred': ['israel_people'], 'judges_charged': ['the_court'], 'courts_established': ['israel_people'], 'peace_call_commanded': ['israel_people'], 'innocent_blood_purge_commanded': ['israel_people'], 'evil_purged_from_the_midst': [], 'levirate_owed': ['onan', 'shelah'], 'waits_for_the_levir': ['tamar'], 'amalek_to_be_blotted': ['amaleq'], 'amalek_weakened': ['amaleq'], 'justice_pursuit_commanded': ['israel_people'], 'judgment_wresting_barred': ['israel_people'], 'person_respecting_barred': ['israel_people'], 'forgetting_barred': ['israel_people'], 'stricken_with_leprosy': ['miriam'], 'hand_opening_commanded': ['israel_people'], 'cry_heard': ['israel_people'], 'bears_sin': ['israel_people'], 'work_of_the_hand_blessed': ['israel_people'], 'blessings_for_hearing': ['israel_people'], 'evil_speech_spoken': ['aaron', 'miriam'], 'cursing_barred': ['balaam'], 'house_abomination_barred': ['israel_people'], 'interest_barred': [], 'pledge_returned_by_sunset': [], 'wage_due_by_morning': [], 'left_for_the_poor': [], 'mixture_barred': [], 'restores': [], 'unloading_owed': [], 'wife_taken': ['adah', 'asenath', 'basemath', 'bilhah', 'hagar', 'judith', 'keturah', 'leah', 'mahalath', 'milcah', 'rachel', 'rebekah', 'sarah', 'the_daughters_of_men', 'the_daughters_of_zelophehad', 'yokheved', 'zillah', 'zilpah', 'zipporah'], 'pledge_held': ['tamar'], 'loathed': ['the_moabites'], 'karet_cut_off': [], 'love_owed': ['israel_people']}
Traceback (most recent call last):
  File "/Users/Shared/TorahSim/World/step9/cold_run_firstfruits_ebal_curses.py", line 55, in <module>
    import cold_run_persons_poor_court as PP        # THE EDGE: firstfruits_ebal_curses -> persons_poor_court CALL, reference (24:17's triad — 27:19; 23:1's father's wife and skirt — 27:20; 25:9's tongue lent by I2; 22:1-4's ox inverted at 28:31)
    ^^^^^^^^^^^^^^^^^^^^^^^^^^^^^^^^^^^^^^^^
  File "<frozen importlib._bootstrap>", line 1371, in _find_and_load
  File "<frozen importlib._bootstrap>", line 1342, in _find_and_load_unlocked
  File "<frozen importlib._bootstrap>", line 938, in _load_unlocked
  File "/Users/Shared/TorahSim/World/step9/ink_cache.py", line 269, in exec_module
    try: exec(compile(ast.Module(body=[node], type_ignores=[]), self.path, 'exec'), module.__dict__)
         ~~~~^^^^^^^^^^^^^^^^^^^^^^^^^^^^^^^^^^^^^^^^^^^^^^^^^^^^^^^^^^^^^^^^^^^^^^^^^^^^^^^^^^^^^^^
  File "/Users/Shared/TorahSim/World/step9/cold_run_persons_poor_court.py", line 263, in <module>
    assert all(v is None for v in KIN_COUNTS.values()) or tuple(KIN_COUNTS.values()) == KIN_EXPECTED, [(k, KIN_COUNTS[k], e) for k, e in zip(KIN42, KIN_EXPECTED) if KIN_COUNTS[k] != e]   # the references' counts as the recon read them (DK4 — no second write)
           ^^^^^^^^^^^^^^^^^^^^^^^^^^^^^^^^^^^^^^^^^^^^^^^^^^^^^^^^^^^^^^^^^^^^^^^^^^^^^^^^^^^^^^^^^
AssertionError: [('blessings_for_hearing', 3, 2)]
