the guard's count read from the generator's print: 88
assembled /Users/Shared/TorahSim/World/step9/cold_run_firstfruits_ebal_curses.py 436704 bytes; parts [67593, 35463, 32886, 73530, 77671, 82349] tail 67159
runner rc 0
MATRIX: 88/88 cells match the answer sheet
THE COMPILE OF CHAPTERS 26-28 (LEAN): the answer sheet REPRODUCED — 88/88
dependency rc 1
  FAIL POINTER Deut 28:29 AS_WHEN in firstfruits_ebal_curses ("כאשר ימשש העור"): NO DISPOSITION
  FAIL POINTER Deut 28:49 AS_WHEN in firstfruits_ebal_curses ("כאשר ידאה הנשר"): NO DISPOSITION
  FAIL POINTER Deut 28:63 AS_WHEN in firstfruits_ebal_curses ("כאשר שש יהוה"): NO DISPOSITION
daemon rc 0
index: World/step9/DAEMON_INDEX.md regenerated (80 daemons, 568 functions)
DAEMON GATE: every daemon declared and its watches verified; every kind and effect registered; every compiled function dispositioned; every WRAPPED verified; every OWED on the worklist [gate satisfied]
  TOTAL submits 2919; HISTORY 1319; case rows 1491; statute 103; act/speech-on-tractate 6
recording: 3358 records written
  persons_poor_court worlds 1  total  20  HISTORY   0  case   0  statute 20  act/speech-on-tractate   0  unregistered 0
  firstfruits_ebal_curses worlds 1  total  21  HISTORY   0  case   0  statute 21  act/speech-on-tractate   0  unregistered 0
PLACEMENT LITERAL: {'markers': {'text_constrained': 108, 'reading_placed': 49}, 'events': {'text_constrained': 110, 'page_order': 1235, 'reading_placed': 58}}
tape written into /Users/Shared/TorahSim/World/step9/cold_run_sequence.py: 1796 lines
  CENSUS tuple (scanned, history, on tape, case, source-off, register-off, deduped, re-based, closes, markers, F, P, R, kinds, subjects): (2520, 1319, 1403, 1185, 6, 10, 9, 0, 71, 172, 131, 15, 26, 948, 274)
  File "<scratch>/patch_seq_literals_ch26.py", line 38, in <module>
    assert CENSUS[2] == 1403 and CENSUS[9] == 172 and CENSUS[10] == 131 and CENSUS[12] == 26 and CENSUS[13] == 948 and CENSUS[14] == 272, ('THE CENSUS MOVED FROM THE DESIGN — read the stitcher\'s print', CENSUS)
           ^^^^^^^^^^^^^^^^^^^^^^^^^^^^^^^^^^^^^^^^^^^^^^^^^^^^^^^^^^^^^^^^^^^^^^^^^^^^^^^^^^^^^^^^^^^^^^^^^^^^^^^^^^^^^^^^^^^^^^^^^^^^^
AssertionError: ("THE CENSUS MOVED FROM THE DESIGN — read the stitcher's print", (2520, 1319, 1403, 1185, 6, 10, 9, 0, 71, 172, 131, 15, 26, 948, 274))
tape chain rc 1
scan census rc 0
