FACT covenant_at_horeb.the_assembly_called(hear_learn_keep_do) = ("hear, learn, keep, do (5:1) — the second speech opened: Moses' call to all Israel, the four verbs in order; the frame's second seat, no write", ['accepted'], [('INK', 'Deut 5:1 — "and Moses called all Israel and said to them: hear, O Israel, the statutes and the judgments which I speak in your ears this day; learn them, and keep to do them" — "and Mos
FACT covenant_at_horeb.the_assembly_called(the_covenant_at_horeb) = ("the covenant at Horeb (5:2) — the tape's covenant READ BACK: the book and the blood (ER by CALL); forty-eight covenants per mitzva (Sotah 37b); the second copy a third saying (R. Akiva)", ['accepted'], [('INK', 'Deut 5:2 — "the LORD our God made a covenant with us in Horeb" — "made a covenant with us" [\'Deut 5:2\'] the one seat; Horeb the name (le
FACT covenant_at_horeb.the_assembly_called(not_with_our_fathers) = ('not with our fathers (5:3) — the covenant with the living here: a DATA note against 29:13-14, no link of our own', ['accepted'], [('INK', 'Deut 5:3 — "not with our fathers did the LORD make this covenant, but with us, we who are all here alive this day" — "not with our fathers" [\'Deut 5:3\']; "this covenant" [\'Deut 29:13\', \'Deut 29:8\', \'Deut 5
FACT covenant_at_horeb.the_assembly_called(face_in_face) = ("face in face (5:4) — the one seat of the form; Onkelos 'speech with speech' (ER by CALL); all Israel heard the voice (Yoma 4b)", ['accepted'], [('INK', 'Deut 5:4 — "face in face the LORD spoke with you in the mountain out of the midst of the fire" — "face IN face" [\'Deut 5:4\'] THE BIBLE\'S ONE SEAT; "face to face" [\'Deut 34:10\', \'Exod 33:11\', \'Ezek 2
FACT covenant_at_horeb.the_assembly_called(i_stood_between) = ("I stood between (5:5) — the mediator: the first two words direct, the rest through Moses (Makkot 24a); the request's row", ['accepted'], [('INK', 'Deut 5:5 — "I stood between the LORD and you at that time to declare to you the word of the LORD, for you were afraid of the fire and did not go up the mountain, saying" — "I stood between" [\'Deut 5:5\']; "st
FACT covenant_at_horeb.the_second_tablet(the_fifth_word) = ("the fifth word (5:16) — EXPANDED: NO CELL at the Decalogue's seat, holiness.frame by CALL (the honor and the fear defined, Kiddushin 31b)", ['accepted'], [('INK', 'Deut 5:16 — "honor your father and your mother" [\'Deut 5:16\', \'Exod 20:12\'] — the infinitive absolute ([(\'כבד\', \'HVpa\')]); the diff [(\'delete\', [\'כאשר\', \'צוך\', \'יהוה\', \'אלהיך\'],
FACT covenant_at_horeb.the_second_tablet(the_sixth_word) = ('the sixth word (5:17) — VERBATIM: mishpatim_3.killer and refuge.the_murderer by CALL', ['accepted'], [('INK', 'Deut 5:17 — "you shall not murder" [\'Deut 5:17\', \'Exod 20:13\'] VERBATIM'), ('MOVE', "mishpatim_3.killer and refuge.the_murderer by CALL — the mode 'the_sword'; 'he is a murderer (35:16-18, 21) — four s'")])
FACT covenant_at_horeb.the_second_tablet(the_seventh_word) = ('the seventh word (5:18) — VARIANT: sanctions.adultery by CALL (Leviticus 20:10)', ['accepted'], [('INK', 'Deut 5:18 — "and you shall not commit adultery" — the conjunction; [\'Deut 5:18\', \'Exod 20:14\']'), ('MOVE', "sanctions.adultery by CALL — the mode 'strangling'; 'the_adulterer_and_the_adulteress'")])
FACT covenant_at_horeb.the_second_tablet(the_eighth_word) = ('the eighth word (5:19) — VARIANT: the theft of persons by the context (Sanhedrin 86a); decalogue.theft_commandment by CALL', ['accepted'], [('INK', 'Deut 5:19 — "and you shall not steal" — the conjunction; [\'Deut 5:19\', \'Exod 20:15\']; Leviticus 19:11\'s plural [\'Lev 19:11\']'), ('MOVE', "decalogue.theft_commandment by CALL — the kidnapper 'capital — t
FACT covenant_at_horeb.the_second_tablet(the_ninth_word) = ('the ninth word (5:20) — TURNED: vain for false, the parameter a DATA row; ordinances.courts by CALL (23:1)', ['accepted'], [('INK', 'Deut 5:20 — "a VAIN witness" [\'Deut 5:20\'] against "a FALSE witness" [\'Deut 19:18\', \'Exod 20:16\', \'Prov 14:5\', \'Prov 25:18\', \'Prov 6:19\']; "vain" [\'Deut 5:11\', \'Deut 5:20\', \'Exod 20:7\', \'Exod 23:1\']'), ('MO
FACT covenant_at_horeb.the_second_tablet(the_tenth_word_row) = ('the tenth word (5:21) — TURNED: the cell F5 (compiled here)', ['accepted'], [('INK', "Deut 5:21 — the tenth word — the diff [('replace', ['ולא'], ['לא', 'תחמד', 'בית', 'רעך', 'לא']), ('delete', ['ולא', 'תתאוה', 'בית', 'רעך', 'שדהו'], []), ('replace', ['שורו'], ['ושורו'])]"), ('DATA', "the row names F5 the_tenth_word (this runner) — the code's hole fille
FACT covenant_at_horeb.the_second_tablet(the_reward_clause) = ("the reward clause (5:16) — the expansion's own Talmud row: 'good' not in the first tablets (Bava Kamma 55a)", ['accepted'], [('INK', 'Deut 5:16 — "that your days may be long AND THAT IT MAY GO WELL WITH YOU" — [\'Deut 5:16\'] the one seat; "be long" [\'Deut 5:16\'] / [\'Exod 20:12\']'), ('MOVE', "Bava Kamma 55a:1 — why is 'good' written here and not in t
FACT covenant_at_horeb.the_second_tablet(the_receipt_5_16) = ('the receipt at 5:16 — a run citation of the giving read as Marah: the seat CHAPTER', ['accepted'], [('INK', 'Deut 5:16 — "AS THE LORD YOUR GOD COMMANDED YOU" — the second receipt inside the code ([\'Deut 20:17\', \'Deut 5:12\', \'Deut 5:16\'])'), ('MOVE', "Sanhedrin 56b:16 — honoring parents commanded at Marah (Rav Yehuda) — the teacher's referent; the in
FACT covenant_at_horeb.the_second_tablet(the_counts) = ('the counts (5:6-21) — 189 tokens / 708 letters against 172 / 620: recomputed', ['accepted'], [('INK', 'Deut 5:6-21 — the two copies (189, 708) (tokens, letters) against (172, 620); per word [(6, 2, 9, 9), (7, 3, 7, 7), (8, 4, 16, 16), (9, 5, 21, 21), (10, 6, 6, 6), (11, 7, 17, 17), (12, 8, 5, 9), (13, 9, 6, 6), (14, 10, 18, 26), (15, 11, 26, 23), (16, 12, 15, 2
FACT good_land.the_testimony(if_you_forget) = ("if you surely forget (8:19) — the infinitive absolute, the forget-lemma's one such form in the Bible; the case token 'if' with 'and it shall be'; the Sifrei 48:8: 'a day you leave me, two days I leave you'; Onkelos doubles it: the case's head, a DATA note", ['accepted'], [('INK', 'Deut 8:19 — "AND IT SHALL BE, IF YOU SURELY FORGET the LORD your God" — [\'Deut 8:19\'] on
FACT good_land.the_testimony(other_gods_serve_bow) = ("other gods, serve and bow (8:19) — the second word's clause with the order reversed (serve-then-bow at 8:19, 11:16, 17:3, 29:25; bow-then-serve at 4:19, 30:17 and the ten words — CH by CALL: the bower stoned, the block other_gods_barred standing): the readback row VARIANT; the serve/bow order a DATA row; no second write", ['accepted'], [('INK', 'Deut 8:19 — "and 
FACT good_land.the_testimony(i_testify) = ("I testify against you this day (8:19) — 4:26's testimony at its second seat: heaven and earth the witnesses there, 'I' here (OH by CALL — the cell's effect heaven_and_earth_witness; the tape's witnesses_called found): the readback row VARIANT; THE WRITE — the effect REUSED on Israel at the chapter's third line, no new effect; 30:18 forward", ['accepted'], [('INK', 'Deut 8:1
FACT good_land.the_testimony(like_the_nations) = ("like the nations (8:20) — 'like the nations which the LORD makes to perish before you, so shall you perish': the ban's nations (SN by CALL — the tape's nations_devoted found): the readback row TURNED — the measure for measure, Israel like the nations; Onkelos 'the idols of the peoples' at 8:19", ['accepted'], [('INK', 'Deut 8:20 — "LIKE THE NATIONS WHICH THE LORD MAK
FACT good_land.the_testimony(the_heel) = ("because (8:20) — the heel's second Deuteronomy seat (7:12 the first — SN by CALL; Genesis 22:18 and 26:5 Abraham's 'because you hearkened'): 'because you would not hearken to the voice of the LORD your God' — the heel turned against the hearer; Onkelos 'in exchange for': a DATA row", ['accepted'], [('INK', 'Deut 8:20 — "BECAUSE you would not hearken to the voice of the LORD 
FACT good_land.the_testimony(hearken_plural) = ("hearken, plural (8:20) — 'the voice of the LORD your God' plural at the frame's close, the chapter's one plural of the phrase (the ten seats in the book); 'not hearken to the voice' 28:15, 45, 62 forward: the frame's close, a DATA note", ['accepted'], [('INK', 'Deut 8:20 — "you would not HEARKEN (plural) to the voice of THE LORD YOUR GOD (plural)" — the chapter\'s one 
FACT good_land.the_testimony(the_readback_table) = ("the readback table — eighteen rows graded (VERBATIM 6, VARIANT 5, EXPANDED 4, TURNED 2, SUPPLIED 1); ten on the tape, seven in the kin's cells by CALL; the one SUPPLIED row the garment's; three holes named; no row open", ['accepted'], [('INK', "Deut 8:1-20 — the readback: 18 rows — {'VERBATIM': 6, 'EXPANDED': 4, 'TURNED': 2, 'SUPPLIED': 1, 'VARIANT': 5}; on the tap
FACT good_land.the_testimony(the_write) = ("the write (8:19-20) — the testimony's entry on Israel at the chapter's third line: 4:26's effect reused, no new effect", ['heaven_and_earth_witness'], [('INK', "Deut 8:19-20 — the chapter's third line — 33 tokens, 139 letters in the two verses (computed)"), ('DATA', "THE WRITE at perishing_testified (8:19-20), the counter's own day (40, 11, 1), NO marker: heaven_and_earth_w
FACT good_land.take_heed_lest_you_forget(the_triad) = ("the triad (8:11) — 'his commandments and his judgments and his statutes': seventeen Bible vers …
FACT good_land.take_heed_lest_you_forget(the_growth_list) = ("the growth's list (8:12-13) — 6:10-11's gift made the growth (HI by CALL — the readback  …
FACT good_land.take_heed_lest_you_forget(the_exodus_formula) = ("the exodus formula (8:14) — 'who brought you out of the land of Egypt, out of the hou …
FACT obey_horeb.the_exile_case(the_case_head) = ("the case head (4:25) — THE CHAPTER'S ONE CASE: 'when' with the imperfect; the arms DATA; the exile hastened by two years (Gittin 88a)", ['accepted'], [('INK', 'Deut 4:25 — "WHEN you beget sons and sons\' sons and have grown old in the land and deal corruptly and make a graven image … and do evil in the eyes of the LORD your God to provoke him" — the case token [\'כי\'
FACT obey_horeb.the_exile_case(the_witnesses) = ("the witnesses (4:26) — heaven and earth called: a STATUS on Israel (the Sifrei 306:1's chain, the third of eleven)", ['heaven_and_earth_witness'], [('INK', 'Deut 4:26 — "I call heaven and earth to witness against you this day" — "I call to witness" [\'Deut 30:19\', \'Deut 4:26\', \'Jer 42:19\']; "heaven and earth" summoned in the book at [\'Deut 30:19\', \'Deut 31:28\
FACT obey_horeb.the_exile_case(perish_and_scatter) = ("perish and scatter (4:26-27) — the case's first arm: Leviticus 26:33's scattering by CALL (TC), no entry written", ['accepted'], [('INK', 'Deut 4:26-27 — "you shall surely perish quickly … you shall not prolong days upon it but be utterly destroyed; and the LORD will scatter you among the peoples and you shall be left few in number" — "surely perish" [\'Deut 12:2
FACT obey_horeb.the_exile_case(serve_wood_and_stone) = ('serve wood and stone (4:28) — 28:36 and 28:64 forward; Psalm 115:5 the kin', ['accepted'], [('INK', 'Deut 4:28 — "and there you shall serve gods the work of men\'s hands, wood and stone, which neither see nor hear nor eat nor smell" — "the work of men\'s hands, wood and stone" [\'2Kgs 19:18\', \'Deut 4:28\', \'Isa 37:19\']; "wood and stone" seven seats; "neithe
FACT obey_horeb.the_exile_case(seek_and_find) = ("seek and find (4:29) — the case's second arm: the Shema's words (6:5 forward); 30:10's kin", ['accepted'], [('INK', 'Deut 4:29 — "and you will seek the LORD your God from there and find him, if you seek him with all your heart and all your soul" — "seek from there" [\'Deut 4:29\']; "with all your heart and all your soul" [\'Deut 10:12\', \'Deut 26:16\', \'Deut 30:10\'
FACT obey_horeb.the_exile_case(in_your_distress_return) = ("in your distress, return (4:30) — the case's third arm: 30:2's kin; 'the end of days' a prophecy, no timer (TC by CALL)", ['accepted'], [('INK', 'Deut 4:30 — "in your distress, when all these things find you, in the end of days, you will return to the LORD your God and hearken to his voice" — "in your distress" [\'Deut 4:30\']; "in the end of days" the Torah
FACT obey_horeb.the_exile_case(the_merciful_god) = ("the merciful God (4:31) — Exodus 34:6's attribute; the fathers' covenant sworn (Genesis 22:16, 26:3 by reference); Leviticus 26:42 the first telling", ['accepted'], [('INK', 'Deut 4:31 — "for the LORD your God is a merciful God: he will not fail you nor destroy you nor forget the covenant of your fathers which he swore to them" — "a merciful God" [\'Deut 4:31\', \'
FACT obey_horeb.no_image(no_form_seen) = ("no form seen (4:15) — the guard's reason: the voice without a form (4:12 read back)", ['accepted'], [('INK' …
FACT obey_horeb.no_image(the_image_list) = ("the no-image list (4:16-18) — Exodus 20:4's likeness restated in seven kinds: THE SECOND WORD'S PARAMETER …
FACT obey_horeb.no_image(image_for_study) = ("the images for study (Rosh Hashanah 24b) — Rabban Gamliel's forms permitted: made by others, in pieces,  …
FACT obey_horeb.no_image(image_of_the_host) = ("an image of the host (Rosh Hashanah 24b:8) — forming the sun and the moon prohibited: the second word' …
FACT obey_horeb.no_image(the_host_apportioned) = ("the host apportioned (4:19) — with 29:25 by the Sifrei 148:8's pair; Rav's reading (Avodah Zarah 55 …
FACT obey_horeb.no_image(the_iron_furnace) = ('the iron furnace (4:20) — the exodus READ BACK, EXPANDED: the furnace told only here in the Torah (1 Ki …
FACT obey_horeb.no_image(the_bar_third_telling) = ("the bar's third telling (4:21-22) — 'on your account' and an oath against Numbers 20:12's 'because …
FACT obey_horeb.no_image(the_covenant_not_forgotten) = ("the covenant not forgotten (4:23) — the guard's second seat: the covenant cut at Horeb (the t …
FACT obey_horeb.no_image(consuming_fire_jealous_god) = ("a consuming fire, a jealous God (4:24) — the second word's 'jealous' (Exodus 20:5 by referenc …
FACT hear_o_israel.the_four_duties(mezuzah_writing) = ("the mezuzah's writing (6:9) — a scroll in ink with perfect letters, not the stones (Menachot 34a; Shabbat 103b; the Sifrei 36:1-2): the scroll-writer holds", ['accepted'], [('INK', 'Deut 6:9 — "and you shall write them upon the doorposts of your house" — "and you shall write them" [\'Deut 11:20\', \'Deut 6:9\']; the doorposts\' one-letter pair (6:9 defective, 11
FACT hear_o_israel.the_four_duties(mezuzah_doorpost) = ('the doorpost (6:9) — one post, the right as one enters, the upper third (Menachot 33a-34a; the Sifrei 36:3-5)', ['accepted'], [('INK', 'Deut 6:9 — "upon the doorposts of your house" — "doorposts" 13 seats (Exodus 12\'s three the passover\'s); the plural read for ONE post'), ('MOVE', "the Sifrei 36:3-5; Menachot 33a:8-34a:9 — 'doorposts' — one post suffices (R. 
FACT hear_o_israel.the_four_duties(mezuzah_gates) = ("the gates (6:9) — the dwelling's, not the bathhouse's (Yoma 11a; the Sifrei 36:6-8): the bathhouse owner EXEMPT", ['exempt'], [('INK', 'Deut 6:9 — "and upon your gates" — the two seats [\'Deut 11:20\', \'Deut 6:9\'] (11:20 the pair)'), ('MOVE', "the Sifrei 36:6-8; Yoma 11a:9-11b:2; Mishnah Maaser Sheni 3:8 — 'your gates' — the dwelling's gates: the house, the cour
FACT hear_o_israel.the_four_duties(the_seven) = ('the seven (6:8-9) — the head, the arm, four fringes, the mezuzah surround a man (Menachot 43b; the Sifrei 36:9): a DATA row', ['accepted'], [('INK', 'Deut 6:8-9 — the tefillin (6:8) and the mezuzah (6:9) with the fringes (Numbers 15:38) — the seven commandments that surround a man'), ('MOVE', "the Sifrei 36:9; Menachot 43b:5-8 — 'beloved are Israel, whom the Holy One 
FACT naso.blessing(language) = ('the holy tongue (so/so)', ['blessed_by_the_priests'], [('MOVE', 'Sotah 33b:3 (R. Yehuda: "so"); 38a:2 (bless/bless with Deut 27:12) — the holy tongue')])
FACT naso.blessing(translated) = ('read, not translated', ['blessed_by_the_priests'], [('MOVE', 'Mishnah Megillah 4:10; Megillah 25a-b — read, not translated — lest "lift His face" be heard as favoritism')])
FACT naso.blessing(face_lifted) = ('when they do His will (the Sifrei) / beyond the letter (Berakhot 20b) / before the sentence (Niddah 70b) — three reconciliations', ['blessed_by_the_priests'], [('DATA', "the row face_lifted = when_they_do_his_will: the Sifrei 42:2: 6:26 'lift His face' when Israel do His will, Deut 10:17 'lifts no face' when not")])
FACT naso.blessing(name) = ('the Name in the Temple, the substitute in the province', ['blessed_by_the_priests'], [('DATA', 'the row blessing_name_by_place = the_name_in_the_temple'), ('INK', 'Num 6:27 — "they shall put MY NAME"')])
FACT seducers.the_inciter(the_inciters_kin) = ("the inciter's kin (13:7) — the brother by the father, the mother's son, the son and the daughter of any kind, the betrothed and the married, the convert, THE FATHER in 'as your own soul' (the Sifrei 87:4-11): THE LINE inciter_law_declared at the counter's day; the son who strikes his inciting father accepted (Sanhedrin 85b:2)", ['accepted'], [('INK', 'Deut 13:7 — "WHEN 
FACT seducers.the_inciter(the_hand_first) = ("the hand first (13:10) — the enticed's own commandment, the people's after (the Sifrei 89:8; 17:7's witnesses the twin ahead; Leviticus 24:14's hands laid by CALL — L24; Leviticus 20:2's people by CALL — SA.molech): the enticed who lets another cast the first stone accepted against", ['accepted'], [('INK', 'Deut 13:10 — "YOUR HAND SHALL BE ON HIM FIRST to put him to death
FACT seducers.the_whole_offering_the_heap_and_the_mercy(as_he_swore_to_your_fathers) = ("as He swore to your fathers (13:18) — the oath's AS_WHEN form: the patriarchs' oath lines by kind (SN.the_holy_people by CALL), the fathers' merit (the Sifrei 96:5 — NR.the_intercession by CALL, 7b's parameter): the pointer row at 13:18, a RUN_CITATION if the census demands; the one who pleads the fathers' merit accepted", ['acce
FACT courts_prophet.the_king(the_three_limits_for_himself) = ("the three limits for himself (17:16-17) — the chariot's horses and the army's treasury allowed, the idle horse, eighteen wives or the heart or Abigail, the soldiers' pay, David and Solomon (the Sifrei 158:1-159:4 = Mishnah Sanhedrin 2:4 — the exam row read whole; good_land's twin by CALL): THE WRITES horses_multiplying_barred, return_to_egypt_barred, wive
FACT courts_prophet.the_king(the_copy_of_the_law) = ("the copy of the law (17:18-19) — his own, the whole Torah, on a scroll of clean skin corrected by the seventy-one, with him in war, in judgment, at table, the nights too (the Sifrei 160:1-8, 161:1-2 = Mishnah Sanhedrin 2:4 — the exam row read whole): THE WRITE law_copy_commanded, a STATUS on Israel at the chapters' own day; the king who reads his father's scroll b
 W gerizim_ebal_ceremony_owed 1 [('israel_people', 'debit', 'Deut 11:26-32 ')]
 W blessing_and_curse_set 1 [('israel_people', 'status', 'Deut 11:26-32 ')]
 W rain_in_its_season 1 [('israel_people', 'heaven', 'Deut 11:13-21 ')]
 W heavens_shut_for_turning 1 [('israel_people', 'heaven', 'Deut 11:13-21 ')]
 W treasured_people 1 [('israel_people', 'heaven', 'Exod 19:5-6')]
 W poor_tithe_owed 1 [('israel_people', 'status', 'Deut 14:28-29 ')]
 W second_tithe_owed 1 [('israel_people', 'status', 'Deut 14:22-27 ')]
 W terumah_of_the_tithe_owed 1 [('the_levites', 'status', 'Num 18:25-32 —')]
 W rejoicing_before_the_lord_commanded 2 [('israel_people', 'status', 'Deut 12:5-14 —'), ('israel_people', 'status', 'Deut 14:22-27 ')]
 W confessed 3 [('israel_people', 'status', 'Num 21:7 — and'), ('moses', 'status', 'Exod 32:31-33 '), ('balaam', 'status', 'Num 22:34-35 —')]
 W scattered_among_nations 0 []
 W land_desolate 0 []
 W chastised_sevenfold 0 []
 W return_to_egypt_barred 1 [('israel_people', 'block', 'Deut 17:14-20 ')]
 W heaven_and_earth_witness 2 [('israel_people', 'status', 'Deut 4:25-31 —'), ('israel_people', 'status', 'Deut 8:19-20 —')]
 W bless_after_eating_commanded 1 [('israel_people', 'status', 'Deut 8:7-10 — ')]
 W yoke_of_the_commandments_accepted 1 [('israel_people', 'status', 'Deut 11:13-21 ')]
 W first_fleece_owed 1 [('israel_people', 'status', 'Deut 18:1-5 — ')]
 W tithe_given 1 [('abraham', 'transfer', 'Gen 14:20')]
 W tithe_granted 1 [('the_levites', 'status', 'Num 18:20-24 —')]
 W levites_portion_given 1 [('the_levites', 'transfer', 'Num 31:42-47 —')]
 W levite_forsaking_barred 2 [('israel_people', 'block', 'Deut 12:15-28 '), ('israel_people', 'block', 'Deut 14:22-27 ')]
 W three_pilgrimages_commanded 1 [('israel_people', 'status', 'Deut 16:16-17 ')]
 W appearance_owed 0 []
 W appearance_gift_owed 0 []
 W blessings_for_hearing 2 [('israel_people', 'heaven', 'Deut 7:12-16 —'), ('israel_people', 'heaven', 'Deut 15:1-6 — ')]
 W work_of_the_hand_blessed 2 [('israel_people', 'heaven', 'Deut 15:7-11 —'), ('israel_people', 'heaven', 'Deut 15:12-18 ')]
 W bribe_barred 1 [('israel_people', 'block', 'Deut 16:18-20 ')]
 W landmark_removal_barred 1 [('israel_people', 'block', 'Deut 19:14 — y')]
 W stranger_orphan_justice_commanded 1 [('israel_people', 'status', 'Deut 24:16-22 ')]
 W fathers_wife_barred 1 [('israel_people', 'block', 'Deut 23:1-9 — ')]
 W molten_image_barred 1 [('aaron', 'block', 'Exod 32:4 — th')]
 W forgetting_barred 1 [('israel_people', 'block', 'Deut 8:11-18 —')]
 W house_abomination_barred 1 [('israel_people', 'block', 'Deut 7:25-26 —')]
 W israel_hears_and_fears 1 [('israel_people', 'status', 'Deut 13:7-12 —')]
 W covenant_cut 3 [('the_earth', 'status', 'Gen 9:11'), ('abraham', 'status', 'Gen 15:18-21'), ('israel_people', 'status', 'Exod 34:10, 34')]
 W covenant_declared 1 [('israel_people', 'status', 'Deut 4:10-13 —')]
 W covenant_upheld 0 []
 W covenant_remembered 1 [('israel_people', 'status', 'Exod 2:23-24')]
 W entered_the_covenant 3 [('israel_people', 'status', 'Exod 24:3 — wi'), ('israel_people', 'status', 'Exod 24:6-8 — '), ('israel_people', 'status', 'Exod 24:7 — th')]
 W seed_as_stars 3 [('abraham', 'heaven', 'Gen 15:5'), ('abraham', 'heaven', ''), ('isaac', 'heaven', '')]
 W seed_as_dust 2 [('abraham', 'heaven', 'Gen 13:14-17'), ('jacob', 'heaven', '')]
 W great_nation_promised 3 [('abraham', 'heaven', 'Gen 12:1-3'), ('abraham', 'heaven', ''), ('jacob', 'heaven', '')]
 W came_to_egypt 1 [('israel_people', 'status', '')]
 W enslaved 2 [('israel_people', 'status', 'Exod 1:11'), ('israel_people', 'status', 'Exod 1:13')]
 W hard_bondage 0 []
 W cry_heard 2 [('israel_people', 'heaven', 'Exod 2:23-24'), ('israel_people', 'heaven', 'Deut 15:7-11 —')]
 W sold_into_egypt 1 [('joseph', 'transfer', '')]
 W returned_to_egypt 1 [('the-sons', 'status', '')]
 W struck_with_blindness 1 [('the_men_of_sodom', 'body', '')]
 W wombs_shut 1 [('the_house_of_abimelech', 'status', '')]
 W plague_struck 13 [('paro_abram_era', 'heaven', 'Gen 12:17'), ('israel_people', 'heaven', 'Num 17:8-15 — '), ('israel_people', 'heaven', 'Num 25:3 — and'), ('egypt_people', 'heaven', 'Exod 7:20'), ('egypt_people', 'heaven', 'Exod 8:2')]
 W death_by_heaven 0 []
 W slain_by_heaven 2 [('er', 'heaven', 'Gen 38:7'), ('onan', 'heaven', 'Gen 38:10')]
 W altar_built 8 [('the_altar_of_noah', 'status', 'Gen 8:20'), ('the_altar_at_shechem', 'status', 'Gen 12:7'), ('the_altar_at_bethel', 'status', 'Gen 12:8'), ('the_altar_at_hebron', 'status', 'Gen 13:18'), ('the-altar-at-moriah', 'status', '')]
 W altars_built 3 [('balak', 'status', 'Num 23:1-2 — a'), ('balak', 'status', 'Num 23:13-15 —'), ('balak', 'status', 'Num 23:27-30 —')]
 W shema_commanded 1 [('israel_people', 'status', 'Deut 6:4-9 — h')]
 W high_court_at_the_place_commanded 1 [('israel_people', 'status', 'Deut 17:8-13 —')]
 W place_chosen_required 1 [('israel_people', 'status', 'Deut 12:5-14 —')]
 W horses_multiplying_barred 1 [('israel_people', 'block', 'Deut 17:14-20 ')]
 W sabbath_debt 0 []
 W land_repays_sabbaths 0 []
 W ground_and_scattered 1 [('the-calf', 'destroy', 'Exod 32:20 + A')]
FACT covenant_at_horeb.the_assembly_called(hear_learn_keep_do) = ("hear, learn, keep, do (5:1) — the second speech opened: Moses' call to all Israel, the four verbs in order; the frame's second seat, no write", ['accepted'], [('INK', 'Deut 5:1 — "and Moses called all Israel and said to them: hear, O Israel, the statutes and the  …
FACT covenant_at_horeb.the_assembly_called(the_covenant_at_horeb) = ("the covenant at Horeb (5:2) — the tape's covenant READ BACK: the book and the blood (ER by CALL); forty-eight covenants per mitzva (Sotah 37b); the second copy a third saying (R. Akiva)", ['accepted'], [('INK', 'Deut 5:2 — "the LORD our God made a covenant wit …
FACT covenant_at_horeb.the_assembly_called(not_with_our_fathers) = ('not with our fathers (5:3) — the covenant with the living here: a DATA note against 29:13-14, no link of our own', ['accepted'], [('INK', 'Deut 5:3 — "not with our fathers did the LORD make this covenant, but with us, we who are all here alive this day" — "not  …
FACT covenant_at_horeb.the_assembly_called(face_in_face) = ("face in face (5:4) — the one seat of the form; Onkelos 'speech with speech' (ER by CALL); all Israel heard the voice (Yoma 4b)", ['accepted'], [('INK', 'Deut 5:4 — "face in face the LORD spoke with you in the mountain out of the midst of the fire" — "face IN face" [\'D …
FACT covenant_at_horeb.the_assembly_called(i_stood_between) = ("I stood between (5:5) — the mediator: the first two words direct, the rest through Moses (Makkot 24a); the request's row", ['accepted'], [('INK', 'Deut 5:5 — "I stood between the LORD and you at that time to declare to you the word of the LORD, for you were afraid o …
FACT covenant_at_horeb.the_second_tablet(the_fifth_word) = ("the fifth word (5:16) — EXPANDED: NO CELL at the Decalogue's seat, holiness.frame by CALL (the honor and the fear defined, Kiddushin 31b)", ['accepted'], [('INK', 'Deut 5:16 — "honor your father and your mother" [\'Deut 5:16\', \'Exod 20:12\'] — the infinitive absolute …
FACT covenant_at_horeb.the_second_tablet(the_sixth_word) = ('the sixth word (5:17) — VERBATIM: mishpatim_3.killer and refuge.the_murderer by CALL', ['accepted'], [('INK', 'Deut 5:17 — "you shall not murder" [\'Deut 5:17\', \'Exod 20:13\'] VERBATIM'), ('MOVE', "mishpatim_3.killer and refuge.the_murderer by CALL — the mode 'the_sw …
FACT covenant_at_horeb.the_second_tablet(the_seventh_word) = ('the seventh word (5:18) — VARIANT: sanctions.adultery by CALL (Leviticus 20:10)', ['accepted'], [('INK', 'Deut 5:18 — "and you shall not commit adultery" — the conjunction; [\'Deut 5:18\', \'Exod 20:14\']'), ('MOVE', "sanctions.adultery by CALL — the mode 'strangling …
FACT covenant_at_horeb.the_second_tablet(the_eighth_word) = ('the eighth word (5:19) — VARIANT: the theft of persons by the context (Sanhedrin 86a); decalogue.theft_commandment by CALL', ['accepted'], [('INK', 'Deut 5:19 — "and you shall not steal" — the conjunction; [\'Deut 5:19\', \'Exod 20:15\']; Leviticus 19:11\'s plural [\' …
FACT covenant_at_horeb.the_second_tablet(the_ninth_word) = ('the ninth word (5:20) — TURNED: vain for false, the parameter a DATA row; ordinances.courts by CALL (23:1)', ['accepted'], [('INK', 'Deut 5:20 — "a VAIN witness" [\'Deut 5:20\'] against "a FALSE witness" [\'Deut 19:18\', \'Exod 20:16\', \'Prov 14:5\', \'Prov 25:18\', \ …
FACT covenant_at_horeb.the_second_tablet(the_tenth_word_row) = ('the tenth word (5:21) — TURNED: the cell F5 (compiled here)', ['accepted'], [('INK', "Deut 5:21 — the tenth word — the diff [('replace', ['ולא'], ['לא', 'תחמד', 'בית', 'רעך', 'לא']), ('delete', ['ולא', 'תתאוה', 'בית', 'רעך', 'שדהו'], []), ('replace', ['שורו'], ['וש …
FACT covenant_at_horeb.the_second_tablet(the_reward_clause) = ("the reward clause (5:16) — the expansion's own Talmud row: 'good' not in the first tablets (Bava Kamma 55a)", ['accepted'], [('INK', 'Deut 5:16 — "that your days may be long AND THAT IT MAY GO WELL WITH YOU" — [\'Deut 5:16\'] the one seat; "be long" [\'Deut 5:16\']  …
FACT covenant_at_horeb.the_second_tablet(the_receipt_5_16) = ('the receipt at 5:16 — a run citation of the giving read as Marah: the seat CHAPTER', ['accepted'], [('INK', 'Deut 5:16 — "AS THE LORD YOUR GOD COMMANDED YOU" — the second receipt inside the code ([\'Deut 20:17\', \'Deut 5:12\', \'Deut 5:16\'])'), ('MOVE', "Sanhedrin  …
FACT covenant_at_horeb.the_second_tablet(the_counts) = ('the counts (5:6-21) — 189 tokens / 708 letters against 172 / 620: recomputed', ['accepted'], [('INK', 'Deut 5:6-21 — the two copies (189, 708) (tokens, letters) against (172, 620); per word [(6, 2, 9, 9), (7, 3, 7, 7), (8, 4, 16, 16), (9, 5, 21, 21), (10, 6, 6, 6), (11, 7, …
FACT good_land.the_testimony(if_you_forget) = ("if you surely forget (8:19) — the infinitive absolute, the forget-lemma's one such form in the Bible; the case token 'if' with 'and it shall be'; the Sifrei 48:8: 'a day you leave me, two days I leave you'; Onkelos doubles it: the case's head, a DATA note", ['accepted'], [('INK', ' …
FACT good_land.the_testimony(other_gods_serve_bow) = ("other gods, serve and bow (8:19) — the second word's clause with the order reversed (serve-then-bow at 8:19, 11:16, 17:3, 29:25; bow-then-serve at 4:19, 30:17 and the ten words — CH by CALL: the bower stoned, the block other_gods_barred standing): the readback row VARIANT; t …
FACT good_land.the_testimony(i_testify) = ("I testify against you this day (8:19) — 4:26's testimony at its second seat: heaven and earth the witnesses there, 'I' here (OH by CALL — the cell's effect heaven_and_earth_witness; the tape's witnesses_called found): the readback row VARIANT; THE WRITE — the effect REUSED on Israel at …
FACT good_land.the_testimony(like_the_nations) = ("like the nations (8:20) — 'like the nations which the LORD makes to perish before you, so shall you perish': the ban's nations (SN by CALL — the tape's nations_devoted found): the readback row TURNED — the measure for measure, Israel like the nations; Onkelos 'the idols of the p …
FACT good_land.the_testimony(the_heel) = ("because (8:20) — the heel's second Deuteronomy seat (7:12 the first — SN by CALL; Genesis 22:18 and 26:5 Abraham's 'because you hearkened'): 'because you would not hearken to the voice of the LORD your God' — the heel turned against the hearer; Onkelos 'in exchange for': a DATA row", [' …
FACT good_land.the_testimony(hearken_plural) = ("hearken, plural (8:20) — 'the voice of the LORD your God' plural at the frame's close, the chapter's one plural of the phrase (the ten seats in the book); 'not hearken to the voice' 28:15, 45, 62 forward: the frame's close, a DATA note", ['accepted'], [('INK', 'Deut 8:20 — "you wo …
FACT good_land.the_testimony(the_readback_table) = ("the readback table — eighteen rows graded (VERBATIM 6, VARIANT 5, EXPANDED 4, TURNED 2, SUPPLIED 1); ten on the tape, seven in the kin's cells by CALL; the one SUPPLIED row the garment's; three holes named; no row open", ['accepted'], [('INK', "Deut 8:1-20 — the readback: 18 r …
FACT good_land.the_testimony(the_write) = ("the write (8:19-20) — the testimony's entry on Israel at the chapter's third line: 4:26's effect reused, no new effect", ['heaven_and_earth_witness'], [('INK', "Deut 8:19-20 — the chapter's third line — 33 tokens, 139 letters in the two verses (computed)"), ('DATA', "THE WRITE at peris …
FACT good_land.take_heed_lest_you_forget(the_triad) = ("the triad (8:11) — 'his commandments and his judgments and his statutes': seventeen Bible verses carry the three words, seven this book's, no two in one order but 5:31 / 6:1 / 7:11's (SN and HI by CALL — the fourth seat); a DATA note", ['accepted'], [('INK', 'Deut 8:11 — "h …
FACT good_land.take_heed_lest_you_forget(the_growth_list) = ("the growth's list (8:12-13) — 6:10-11's gift made the growth (HI by CALL — the readback row VARIANT): houses built, herds and flocks, silver and gold multiplied; 'silver and gold shall multiply' 8:13 against the king's 'shall not multiply' (17:17 — the same tokens; th …
FACT good_land.take_heed_lest_you_forget(the_exodus_formula) = ("the exodus formula (8:14) — 'who brought you out of the land of Egypt, out of the house of bondage': 5:6's formula (CH by CALL — the first word's header), 13:11 the twin (seven tokens), 6:12 and 7:8 the four-token kin; the tape's brought_out (Exodus 12:51 — the rea …
FACT obey_horeb.the_exile_case(the_case_head) = ("the case head (4:25) — THE CHAPTER'S ONE CASE: 'when' with the imperfect; the arms DATA; the exile hastened by two years (Gittin 88a)", ['accepted'], [('INK', 'Deut 4:25 — "WHEN you beget sons and sons\' sons and have grown old in the land and deal corruptly and make a graven ima …
FACT obey_horeb.the_exile_case(the_witnesses) = ("the witnesses (4:26) — heaven and earth called: a STATUS on Israel (the Sifrei 306:1's chain, the third of eleven)", ['heaven_and_earth_witness'], [('INK', 'Deut 4:26 — "I call heaven and earth to witness against you this day" — "I call to witness" [\'Deut 30:19\', \'Deut 4:26\', …
FACT obey_horeb.the_exile_case(perish_and_scatter) = ("perish and scatter (4:26-27) — the case's first arm: Leviticus 26:33's scattering by CALL (TC), no entry written", ['accepted'], [('INK', 'Deut 4:26-27 — "you shall surely perish quickly … you shall not prolong days upon it but be utterly destroyed; and the LORD will scatter …
FACT obey_horeb.the_exile_case(serve_wood_and_stone) = ('serve wood and stone (4:28) — 28:36 and 28:64 forward; Psalm 115:5 the kin', ['accepted'], [('INK', 'Deut 4:28 — "and there you shall serve gods the work of men\'s hands, wood and stone, which neither see nor hear nor eat nor smell" — "the work of men\'s hands, wood and st …
FACT obey_horeb.the_exile_case(seek_and_find) = ("seek and find (4:29) — the case's second arm: the Shema's words (6:5 forward); 30:10's kin", ['accepted'], [('INK', 'Deut 4:29 — "and you will seek the LORD your God from there and find him, if you seek him with all your heart and all your soul" — "seek from there" [\'Deut 4:29\' …
FACT obey_horeb.the_exile_case(in_your_distress_return) = ("in your distress, return (4:30) — the case's third arm: 30:2's kin; 'the end of days' a prophecy, no timer (TC by CALL)", ['accepted'], [('INK', 'Deut 4:30 — "in your distress, when all these things find you, in the end of days, you will return to the LORD your God and  …
FACT obey_horeb.the_exile_case(the_merciful_god) = ("the merciful God (4:31) — Exodus 34:6's attribute; the fathers' covenant sworn (Genesis 22:16, 26:3 by reference); Leviticus 26:42 the first telling", ['accepted'], [('INK', 'Deut 4:31 — "for the LORD your God is a merciful God: he will not fail you nor destroy you nor forget  …
FACT obey_horeb.no_image(no_form_seen) = ("no form seen (4:15) — the guard's reason: the voice without a form (4:12 read back)", ['accepted'], [('INK', 'Deut 4:15 — "take good heed to yourselves — for you saw no form on the day the LORD spoke to you at Horeb from the midst of the fire" — [\'Deut 4:15\', \'Josh 23:11\'] (Joshua 2 …
FACT obey_horeb.no_image(the_image_list) = ("the no-image list (4:16-18) — Exodus 20:4's likeness restated in seven kinds: THE SECOND WORD'S PARAMETER TABLE as DATA; its engine OWED (chapter 5's sitting)", ['accepted'], [('INK', 'Deut 4:16-18 — "lest you corrupt yourselves and make a graven image, the form of any figure, the lik …
FACT obey_horeb.no_image(image_for_study) = ("the images for study (Rosh Hashanah 24b) — Rabban Gamliel's forms permitted: made by others, in pieces, to teach himself — exempt", ['exempt'], [('INK', "Deut 4:16-19 — the forms of the sun, moon and stars (4:19) — Rabban Gamliel's moon forms on the tablet for the witnesses"), ('MOVE …
FACT obey_horeb.no_image(image_of_the_host) = ("an image of the host (Rosh Hashanah 24b:8) — forming the sun and the moon prohibited: the second word's row holds (its engine OWED)", ['accepted'], [('INK', 'Deut 4:19 — "the sun, the moon and the stars, all the host of heaven" — forming their images: "you shall not make with Me" ( …
FACT obey_horeb.no_image(the_host_apportioned) = ("the host apportioned (4:19) — with 29:25 by the Sifrei 148:8's pair; Rav's reading (Avodah Zarah 55a): a DATA note, no link of our own", ['accepted'], [('INK', 'Deut 4:19 — "and lest you lift your eyes to heaven and see the sun, the moon and the stars, all the host of heaven, an …
FACT obey_horeb.no_image(the_iron_furnace) = ('the iron furnace (4:20) — the exodus READ BACK, EXPANDED: the furnace told only here in the Torah (1 Kings 8:51 outside; PR by CALL)', ['accepted'], [('INK', 'Deut 4:20 — "but you the LORD took and brought out of the iron furnace, out of Egypt, to be a people of inheritance to him a …
FACT obey_horeb.no_image(the_bar_third_telling) = ("the bar's third telling (4:21-22) — 'on your account' and an oath against Numbers 20:12's 'because you did not believe': DISAGREES, the 1b row widened, an OPEN row; no oath written", ['accepted'], [('INK', 'Deut 4:21-22 — "and the LORD was angry with me on your account, and swo …
FACT obey_horeb.no_image(the_covenant_not_forgotten) = ("the covenant not forgotten (4:23) — the guard's second seat: the covenant cut at Horeb (the tape's covenant_blood_thrown) and the image", ['accepted'], [('INK', 'Deut 4:23 — "take heed to yourselves lest you forget the covenant of the LORD your God which he cut with you, a …
FACT obey_horeb.no_image(consuming_fire_jealous_god) = ("a consuming fire, a jealous God (4:24) — the second word's 'jealous' (Exodus 20:5 by reference); jealousy at the worshipper, not the idol (Avodah Zarah 54b-55a)", ['accepted'], [('INK', 'Deut 4:24 — "for the LORD your God is a consuming fire, a jealous God" — "a consuming  …
FACT hear_o_israel.the_four_duties(mezuzah_writing) = ("the mezuzah's writing (6:9) — a scroll in ink with perfect letters, not the stones (Menachot 34a; Shabbat 103b; the Sifrei 36:1-2): the scroll-writer holds", ['accepted'], [('INK', 'Deut 6:9 — "and you shall write them upon the doorposts of your house" — "and you shall writ …
FACT hear_o_israel.the_four_duties(mezuzah_doorpost) = ('the doorpost (6:9) — one post, the right as one enters, the upper third (Menachot 33a-34a; the Sifrei 36:3-5)', ['accepted'], [('INK', 'Deut 6:9 — "upon the doorposts of your house" — "doorposts" 13 seats (Exodus 12\'s three the passover\'s); the plural read for ONE post') …
FACT hear_o_israel.the_four_duties(mezuzah_gates) = ("the gates (6:9) — the dwelling's, not the bathhouse's (Yoma 11a; the Sifrei 36:6-8): the bathhouse owner EXEMPT", ['exempt'], [('INK', 'Deut 6:9 — "and upon your gates" — the two seats [\'Deut 11:20\', \'Deut 6:9\'] (11:20 the pair)'), ('MOVE', "the Sifrei 36:6-8; Yoma 11a:9- …
FACT hear_o_israel.the_four_duties(the_seven) = ('the seven (6:8-9) — the head, the arm, four fringes, the mezuzah surround a man (Menachot 43b; the Sifrei 36:9): a DATA row', ['accepted'], [('INK', 'Deut 6:8-9 — the tefillin (6:8) and the mezuzah (6:9) with the fringes (Numbers 15:38) — the seven commandments that surround a ma …
FACT naso.blessing(language) = ('the holy tongue (so/so)', ['blessed_by_the_priests'], [('MOVE', 'Sotah 33b:3 (R. Yehuda: "so"); 38a:2 (bless/bless with Deut 27:12) — the holy tongue')])
FACT naso.blessing(translated) = ('read, not translated', ['blessed_by_the_priests'], [('MOVE', 'Mishnah Megillah 4:10; Megillah 25a-b — read, not translated — lest "lift His face" be heard as favoritism')])
FACT naso.blessing(face_lifted) = ('when they do His will (the Sifrei) / beyond the letter (Berakhot 20b) / before the sentence (Niddah 70b) — three reconciliations', ['blessed_by_the_priests'], [('DATA', "the row face_lifted = when_they_do_his_will: the Sifrei 42:2: 6:26 'lift His face' when Israel do His will, Deut 10:17 'lift …
FACT naso.blessing(name) = ('the Name in the Temple, the substitute in the province', ['blessed_by_the_priests'], [('DATA', 'the row blessing_name_by_place = the_name_in_the_temple'), ('INK', 'Num 6:27 — "they shall put MY NAME"')])
FACT seducers.the_inciter(the_inciters_kin) = ("the inciter's kin (13:7) — the brother by the father, the mother's son, the son and the daughter of any kind, the betrothed and the married, the convert, THE FATHER in 'as your own soul' (the Sifrei 87:4-11): THE LINE inciter_law_declared at the counter's day; the son who strikes h …
FACT seducers.the_inciter(the_hand_first) = ("the hand first (13:10) — the enticed's own commandment, the people's after (the Sifrei 89:8; 17:7's witnesses the twin ahead; Leviticus 24:14's hands laid by CALL — L24; Leviticus 20:2's people by CALL — SA.molech): the enticed who lets another cast the first stone accepted against", …
FACT seducers.the_whole_offering_the_heap_and_the_mercy(as_he_swore_to_your_fathers) = ("as He swore to your fathers (13:18) — the oath's AS_WHEN form: the patriarchs' oath lines by kind (SN.the_holy_people by CALL), the fathers' merit (the Sifrei 96:5 — NR.the_intercession by CALL, 7b's parameter): the pointer row at 13:18, a R …
FACT courts_prophet.the_king(the_three_limits_for_himself) = ("the three limits for himself (17:16-17) — the chariot's horses and the army's treasury allowed, the idle horse, eighteen wives or the heart or Abigail, the soldiers' pay, David and Solomon (the Sifrei 158:1-159:4 = Mishnah Sanhedrin 2:4 — the exam row read whole; goo …
FACT courts_prophet.the_king(the_copy_of_the_law) = ("the copy of the law (17:18-19) — his own, the whole Torah, on a scroll of clean skin corrected by the seventy-one, with him in war, in judgment, at table, the nights too (the Sifrei 160:1-8, 161:1-2 = Mishnah Sanhedrin 2:4 — the exam row read whole): THE WRITE law_copy_comman …
 W gerizim_ebal_ceremony_owed 1 [('israel_people', 'debit', 'Deut 11:26-32 ')]
 W blessing_and_curse_set 1 [('israel_people', 'status', 'Deut 11:26-32 ')]
 W rain_in_its_season 1 [('israel_people', 'heaven', 'Deut 11:13-21 ')]
 W heavens_shut_for_turning 1 [('israel_people', 'heaven', 'Deut 11:13-21 ')]
 W treasured_people 1 [('israel_people', 'heaven', 'Exod 19:5-6')]
 W poor_tithe_owed 1 [('israel_people', 'status', 'Deut 14:28-29 ')]
 W second_tithe_owed 1 [('israel_people', 'status', 'Deut 14:22-27 ')]
 W terumah_of_the_tithe_owed 1 [('the_levites', 'status', 'Num 18:25-32 —')]
 W rejoicing_before_the_lord_commanded 2 [('israel_people', 'status', 'Deut 12:5-14 —'), ('israel_people', 'status', 'Deut 14:22-27 ')]
 W confessed 3 [('israel_people', 'status', 'Num 21:7 — and'), ('moses', 'status', 'Exod 32:31-33 '), ('balaam', 'status', 'Num 22:34-35 —')]
 W scattered_among_nations 0 []
 W land_desolate 0 []
 W chastised_sevenfold 0 []
 W return_to_egypt_barred 1 [('israel_people', 'block', 'Deut 17:14-20 ')]
 W heaven_and_earth_witness 2 [('israel_people', 'status', 'Deut 4:25-31 —'), ('israel_people', 'status', 'Deut 8:19-20 —')]
 W bless_after_eating_commanded 1 [('israel_people', 'status', 'Deut 8:7-10 — ')]
 W yoke_of_the_commandments_accepted 1 [('israel_people', 'status', 'Deut 11:13-21 ')]
 W first_fleece_owed 1 [('israel_people', 'status', 'Deut 18:1-5 — ')]
 W tithe_given 1 [('abraham', 'transfer', 'Gen 14:20')]
 W tithe_granted 1 [('the_levites', 'status', 'Num 18:20-24 —')]
 W levites_portion_given 1 [('the_levites', 'transfer', 'Num 31:42-47 —')]
 W levite_forsaking_barred 2 [('israel_people', 'block', 'Deut 12:15-28 '), ('israel_people', 'block', 'Deut 14:22-27 ')]
 W three_pilgrimages_commanded 1 [('israel_people', 'status', 'Deut 16:16-17 ')]
 W appearance_owed 0 []
 W appearance_gift_owed 0 []
 W blessings_for_hearing 2 [('israel_people', 'heaven', 'Deut 7:12-16 —'), ('israel_people', 'heaven', 'Deut 15:1-6 — ')]
 W work_of_the_hand_blessed 2 [('israel_people', 'heaven', 'Deut 15:7-11 —'), ('israel_people', 'heaven', 'Deut 15:12-18 ')]
 W bribe_barred 1 [('israel_people', 'block', 'Deut 16:18-20 ')]
 W landmark_removal_barred 1 [('israel_people', 'block', 'Deut 19:14 — y')]
 W stranger_orphan_justice_commanded 1 [('israel_people', 'status', 'Deut 24:16-22 ')]
 W fathers_wife_barred 1 [('israel_people', 'block', 'Deut 23:1-9 — ')]
 W molten_image_barred 1 [('aaron', 'block', 'Exod 32:4 — th')]
 W forgetting_barred 1 [('israel_people', 'block', 'Deut 8:11-18 —')]
 W house_abomination_barred 1 [('israel_people', 'block', 'Deut 7:25-26 —')]
 W israel_hears_and_fears 1 [('israel_people', 'status', 'Deut 13:7-12 —')]
 W covenant_cut 3 [('the_earth', 'status', 'Gen 9:11'), ('abraham', 'status', 'Gen 15:18-21'), ('israel_people', 'status', 'Exod 34:10, 34')]
 W covenant_declared 1 [('israel_people', 'status', 'Deut 4:10-13 —')]
 W covenant_upheld 0 []
 W covenant_remembered 1 [('israel_people', 'status', 'Exod 2:23-24')]
 W entered_the_covenant 3 [('israel_people', 'status', 'Exod 24:3 — wi'), ('israel_people', 'status', 'Exod 24:6-8 — '), ('israel_people', 'status', 'Exod 24:7 — th')]
 W seed_as_stars 3 [('abraham', 'heaven', 'Gen 15:5'), ('abraham', 'heaven', ''), ('isaac', 'heaven', '')]
 W seed_as_dust 2 [('abraham', 'heaven', 'Gen 13:14-17'), ('jacob', 'heaven', '')]
 W great_nation_promised 3 [('abraham', 'heaven', 'Gen 12:1-3'), ('abraham', 'heaven', ''), ('jacob', 'heaven', '')]
 W came_to_egypt 1 [('israel_people', 'status', '')]
 W enslaved 2 [('israel_people', 'status', 'Exod 1:11'), ('israel_people', 'status', 'Exod 1:13')]
 W hard_bondage 0 []
 W cry_heard 2 [('israel_people', 'heaven', 'Exod 2:23-24'), ('israel_people', 'heaven', 'Deut 15:7-11 —')]
 W sold_into_egypt 1 [('joseph', 'transfer', '')]
 W returned_to_egypt 1 [('the-sons', 'status', '')]
 W struck_with_blindness 1 [('the_men_of_sodom', 'body', '')]
 W wombs_shut 1 [('the_house_of_abimelech', 'status', '')]
 W plague_struck 13 [('paro_abram_era', 'heaven', 'Gen 12:17'), ('israel_people', 'heaven', 'Num 17:8-15 — '), ('israel_people', 'heaven', 'Num 25:3 — and'), ('egypt_people', 'heaven', 'Exod 7:20'), ('egypt_people', 'heaven', 'Exod 8:2')]
 W death_by_heaven 0 []
 W slain_by_heaven 2 [('er', 'heaven', 'Gen 38:7'), ('onan', 'heaven', 'Gen 38:10')]
 W altar_built 8 [('the_altar_of_noah', 'status', 'Gen 8:20'), ('the_altar_at_shechem', 'status', 'Gen 12:7'), ('the_altar_at_bethel', 'status', 'Gen 12:8'), ('the_altar_at_hebron', 'status', 'Gen 13:18'), ('the-altar-at-moriah', 'status', '')]
 W altars_built 3 [('balak', 'status', 'Num 23:1-2 — a'), ('balak', 'status', 'Num 23:13-15 —'), ('balak', 'status', 'Num 23:27-30 —')]
 W shema_commanded 1 [('israel_people', 'status', 'Deut 6:4-9 — h')]
 W high_court_at_the_place_commanded 1 [('israel_people', 'status', 'Deut 17:8-13 —')]
 W place_chosen_required 1 [('israel_people', 'status', 'Deut 12:5-14 —')]
 W horses_multiplying_barred 1 [('israel_people', 'block', 'Deut 17:14-20 ')]
 W sabbath_debt 0 []
 W land_repays_sabbaths 0 []
 W ground_and_scattered 1 [('the-calf', 'destroy', 'Exod 32:20 + A')]
