guard: 78 expectations checked, every one a literal from the answer sheet [honest-pairing guard satisfied]

THE SPECIES CLASSIFIER COMPILES COLD — the land and water and locust predicates pure ink; the bird layer arrives SELF-LABELED by the answer sheet itself: the Mishnah's own words divide the Torah's code from the sages' predicate.

THE CALENDAR COMPILES — the clock chapter's own span, with the first LAND-entity timer and the standing appearance duty on Heaven's docket.

THE CONSECRATION, SUBSTITUTION, AND DEVOTION MACHINE COMPILES — the two substitution verbs, "beast for beast," "it and its substitute" at the vow and the tithe, the fifth censused five times, the partitive "from all that he has," the ordinal tenth under the rod; three calls into sister engines: the Jubilee engine's tithe naming and the Passover engine's firstling donkey.
guard: 62 expectations checked, every one a literal from the answer sheet [honest-pairing guard satisfied]
guard: 51 expectations checked, every one a literal from the answer sheet [honest-pairing guard satisfied]
ER.calf(saru_stiff) = (3, 6) — the stiff neck a state, no write; ER.calf(fourth_verb_decides) = a_test_not_a_nullification — the fourth verb the retelling drops
guard: 65 expectations checked, every one a literal from the answer sheet [honest-pairing guard satisfied]
guard: 59 expectations checked, every one a literal from the answer sheet [honest-pairing guard satisfied]
ASSERT FAIL [part1] line 47: ['rain_in_its_season', 'rain_turned_to_dust', 'restraint_failed', 'speech_restrained']
    import cold_run_food_tithe as FT
guard: 91 expectations checked, every one a literal from the answer sheet [honest-pairing guard satisfied]
guard: 65 expectations checked, every one a literal from the answer sheet [honest-pairing guard satisfied]
guard: 59 expectations checked, every one a literal from the answer sheet [honest-pairing guard satisfied]
ASSERT FAIL [part1] line 48: ['rain_in_its_season', 'rain_turned_to_dust', 'restraint_failed', 'speech_restrained']
    import cold_run_release_firstborn as RF
guard: 59 expectations checked, every one a literal from the answer sheet [honest-pairing guard satisfied]
ASSERT FAIL [part1] line 49: ['rain_in_its_season', 'rain_turned_to_dust', 'restraint_failed', 'speech_restrained']
    import cold_run_blessing_and_curse as BC
guard: 65 expectations checked, every one a literal from the answer sheet [honest-pairing guard satisfied]
guard: 59 expectations checked, every one a literal from the answer sheet [honest-pairing guard satisfied]
ASSERT FAIL [part1] line 51: ['rain_in_its_season', 'rain_turned_to_dust', 'restraint_failed', 'speech_restrained']
    import cold_run_place_name as PN
guard: 53 expectations checked, every one a literal from the answer sheet [honest-pairing guard satisfied]
guard: 65 expectations checked, every one a literal from the answer sheet [honest-pairing guard satisfied]
guard: 59 expectations checked, every one a literal from the answer sheet [honest-pairing guard satisfied]
ASSERT FAIL [part1] line 52: ['rain_in_its_season', 'rain_turned_to_dust', 'restraint_failed', 'speech_restrained']
    import cold_run_festivals_judges as FJ
guard: 94 expectations checked, every one a literal from the answer sheet [honest-pairing guard satisfied]
guard: 56 expectations checked, every one a literal from the answer sheet [honest-pairing guard satisfied]
guard: 59 expectations checked, every one a literal from the answer sheet [honest-pairing guard satisfied]
ASSERT FAIL [part1] line 53: ['rain_in_its_season', 'rain_turned_to_dust', 'restraint_failed', 'speech_restrained']
    import cold_run_persons_poor_court as PP
guard: 63 expectations checked, every one a literal from the answer sheet [honest-pairing guard satisfied]
guard: 65 expectations checked, every one a literal from the answer sheet [honest-pairing guard satisfied]
guard: 59 expectations checked, every one a literal from the answer sheet [honest-pairing guard satisfied]
ASSERT FAIL [part1] line 54: ['rain_in_its_season', 'rain_turned_to_dust', 'restraint_failed', 'speech_restrained']
    import cold_run_refuge_war_family as RW
guard: 66 expectations checked, every one a literal from the answer sheet [honest-pairing guard satisfied]
guard: 56 expectations checked, every one a literal from the answer sheet [honest-pairing guard satisfied]
guard: 59 expectations checked, every one a literal from the answer sheet [honest-pairing guard satisfied]
ASSERT FAIL [part1] line 59: ['rain_in_its_season', 'rain_turned_to_dust', 'restraint_failed', 'speech_restrained']
    import cold_run_courts_prophet as CP
guard: 56 expectations checked, every one a literal from the answer sheet [honest-pairing guard satisfied]
guard: 59 expectations checked, every one a literal from the answer sheet [honest-pairing guard satisfied]
ASSERT FAIL [part1] line 74: ['rain_in_its_season', 'rain_turned_to_dust', 'restraint_failed', 'speech_restrained']
    import cold_run_seducers as SE
THE INK (printed before it is asserted): PARSE {(26, 12): ([], [], ['לעשר*', 'מעשר*']), (28, 7): ([1, 7], [], []), (28, 25): ([1, 7], [], []), (28, 55): ([1], [], []), (28, 63): ([6], [], [])}, NUMV [(28, 7), (28, 25), (28, 55), (28, 63)], ORDV [], STARV [(26, 12)], TOKN {26: 319, 27: 326, 28: 994}
THE NEGATIONS AND THE NAME (printed before they are asserted): {(26, 13): ['לא', 'ולא'], (26, 14): ['לא', 'ולא', 'ולא'], (27, 5): ['לא'], (27, 26): ['לא'], (28, 12): ['לא'], (28, 13): ['ולא', 'ולא'], (28, 14): ['ולא'], (28, 15): ['לא'], (28, 27): ['לא'], (28, 29): ['ולא'], (28, 30): ['ולא', 'ולא'], (28, 31): ['ולא', 'ולא'], (28, 33): ['לא'], (28, 35): ['לא'], (28, 36): ['לא'], (28, 39): ['לא', 'ולא'], (28, 40): ['לא'], (28, 41): ['ולא'], (28, 44): ['לא'], (28, 45): ['לא'], (28, 47): ['לא'], (28, 49): ['לא'], (28, 50): ['לא', 'לא'], (28, 51): ['לא'], (28, 56): ['לא'], (28, 58): ['לא'], (28, 61): ['לא'], (28, 62): ['לא'], (28, 64): ['לא'], (28, 65): ['לא', 'ולא'], (28, 66): ['ולא'], (28, 68): ['לא']} 65
THE CLOCK (printed before it is asserted): {'counter': (40, 11, 1), 'no_marker': True, 'clock_data': ['the_first_fruits_window', 'the_confessions_hour', 'the_removal_date']}
THE SCANS (printed before they are asserted): holes []; the kin counts {'gerizim_ebal_ceremony_owed': 1, 'blessing_and_curse_set': 1, 'heavens_shut_for_turning': 1, 'treasured_people': 1, 'second_tithe_owed': 1, 'levite_forsaking_barred': 2, 'three_pilgrimages_commanded': 1, 'work_of_the_hand_blessed': 2, 'bribe_barred': 1, 'landmark_removal_barred': 1, 'stranger_orphan_justice_commanded': 1, 'fathers_wife_barred': 1, 'return_to_egypt_barred': 1, 'horses_multiplying_barred': 1, 'heaven_and_earth_witness': 2, 'forgetting_barred': 1, 'house_abomination_barred': 1, 'israel_hears_and_fears': 1, 'shema_commanded': 1, 'covenant_cut': 3, 'covenant_declared': 1, 'entered_the_covenant': 3, 'seed_as_stars': 3, 'enslaved': 2, 'cry_heard': 2, 'plague_struck': 13, 'molten_image_barred': 1, 'yoke_of_the_commandments_accepted': 1, 'bless_after_eating_commanded': 1, 'first_fleece_owed': 1, 'scattered_among_nations': 0, 'land_desolate': 0, 'chastised_sevenfold': 0, 'sabbath_debt': 0, 'put_to_death': 7, 'stoned': 2, 'terumah_of_the_tithe_owed': 1, 'tithe_granted': 1, 'confessed': 3, 'altar_built': 8}; the reuses {'rejoicing_before_the_lord_commanded': 2, 'poor_tithe_owed': 1, 'blessings_for_hearing': 2, 'rain_in_its_season': 1}; the entities {'gerizim_ebal_ceremony_owed': ['israel_people'], 'blessing_and_curse_set': ['israel_people'], 'heavens_shut_for_turning': ['israel_people'], 'treasured_people': ['israel_people'], 'second_tithe_owed': ['israel_people'], 'levite_forsaking_barred': ['israel_people'], 'three_pilgrimages_commanded': ['israel_people'], 'work_of_the_hand_blessed': ['israel_people'], 'rejoicing_before_the_lord_commanded': ['israel_people'], 'poor_tithe_owed': ['israel_people'], 'blessings_for_hearing': ['israel_people'], 'rain_in_its_season': ['israel_people'], 'covenant_offered': [], 'other_gods_barred': ['israel_people']}
THE TWINS DIFFED (printed before they are asserted): {'28:1 vs 28:15': 16, '28:1 vs 15:5': 14, '28:3 vs 28:16': 4, '28:4 vs 28:18': 8, '28:5 vs 28:17': 2, '28:6 vs 28:19': 4, '28:7 vs 28:25': 6, '28:36 vs 28:64': 8, '26:8 vs 5:15': 5, '26:9 vs Exod 3:8': 5, '27:3 vs 6:3': 8, '27:22 vs Lev 20:17': 6, '27:16 vs Exod 21:17': 2, '27:19 vs 24:17': 3, '27:20 vs 23:1': 4, '27:17 vs 19:14': 1, '28:53 vs 28:55': 7, '28:62 vs 26:5': 2, '28:63 vs 30:9': 2, '28:12 vs 15:6': 6, '28:30 vs 20:5': 2, '28:30 vs 20:6': 2, '28:30 vs 20:7': 3, '27:6 vs Josh 8:31': 4, '27:5 vs Exod 20:25': 3, '28:26 vs Jer 7:33': 7, '26:19 vs 28:1': 3, '28:69 vs Exod 34:28': 2, '28:22 vs Lev 26:16': 0, '28:23 vs Lev 26:19': 0}
ERROR [part1] line 274: NameError: name 'FT' is not defined
    FT_REMOVAL = A(FT, 'the_third_year', 'the_removal_date')
ERROR [part1] line 274: NameError: name 'FT' is not defined
    FT_ONE = A(FT, 'the_third_year', 'one_tithe_not_two')
ERROR [part1] line 274: NameError: name 'FT' is not defined
    FT_SEVENTH = A(FT, 'the_third_year', 'the_seventh_year_by_the_cycle')
ERROR [part1] line 274: NameError: name 'FT' is not defined
    FT_MEASURES = A(FT, 'the_third_year', 'the_measures')
ERROR [part1] line 274: NameError: name 'FT' is not defined
    FT_FOUR = A(FT, 'the_third_year', 'the_four_in_want')
ERROR [part1] line 274: NameError: name 'FT' is not defined
    FT_GIFTS = A(FT, 'the_third_year', 'the_gifts_exempt')
ERROR [part1] line 274: NameError: name 'FT' is not defined
    FT_ALIEN = A(FT, 'the_third_year', 'the_resident_alien_at_the_gate')
ERROR [part1] line 275: NameError: name 'FT_REMOVAL' is not defined
    assert FT_REMOVAL[0].startswith("the removal's date (14:28) — the eve of the last festival day of Passover of the fourth and the seventh year") and FT_ONE[1] == ['poor_tithe_owed'] and FT_ONE[0].start
ERROR [part1] line 276: NameError: name 'FT' is not defined
    FT_REJ = A(FT, 'the_far_place_the_money_the_rejoicing_and_the_levite', 'the_rejoicing')
ERROR [part1] line 276: NameError: name 'FT' is not defined
    FT_DEAD = A(FT, 'the_sons_and_the_cuttings', 'for_the_dead')
ERROR [part1] line 276: NameError: name 'FT' is not defined
    FT_HOLY = A(FT, 'the_sons_and_the_cuttings', 'the_holy_people')
ERROR [part1] line 277: NameError: name 'FT_REJ' is not defined
    assert FT_REJ[1] == ['rejoicing_before_the_lord_commanded'] and "27:7 ahead (the Sifrei 107:16)" in FT_REJ[0] and FT_DEAD[1] == ['exempt'] and FT_DEAD[0].startswith('for the dead (14:1)') and FT_HOLY[
ERROR [part1] line 279: NameError: name 'RF' is not defined
    RF_HEAR = A(RF, 'the_needy_and_the_blessing', 'the_hearkening')
ERROR [part1] line 279: NameError: name 'RF' is not defined
    RF_RECEIPT = A(RF, 'the_needy_and_the_blessing', 'the_receipts_referent_ahead')
ERROR [part1] line 279: NameError: name 'RF' is not defined
    RF_LEND = A(RF, 'the_needy_and_the_blessing', 'lend_not_borrow')
ERROR [part1] line 279: NameError: name 'RF' is not defined
    RF_NEEDY = A(RF, 'the_needy_and_the_blessing', 'the_needy_condition')
ERROR [part1] line 280: NameError: name 'RF_HEAR' is not defined
    assert RF_HEAR[0].startswith("the hearkening (15:5) — 'only if you diligently hearken': 28:1's header fourteen of seventeen in order") and RF_RECEIPT[0].startswith("the receipt's referent ahead (15:6)
ERROR [part1] line 282: NameError: name 'BC' is not defined
    BC_GE = A(BC, 'the_blessing_and_the_curse', 'gerizim_and_ebal')
ERROR [part1] line 282: NameError: name 'BC' is not defined
    BC_FORM = A(BC, 'the_blessing_and_the_curse', 'the_ceremonys_form')
ERROR [part1] line 282: NameError: name 'BC' is not defined
    BC_TONGUE = A(BC, 'the_blessing_and_the_curse', 'the_ceremonys_tongue')
ERROR [part1] line 282: NameError: name 'BC' is not defined
    BC_DAY = A(BC, 'the_blessing_and_the_curse', 'the_ceremonys_day')
ERROR [part1] line 282: NameError: name 'BC' is not defined
    BC_PLACE = A(BC, 'the_blessing_and_the_curse', 'the_place_three_ways')
ERROR [part1] line 282: NameError: name 'BC' is not defined
    BC_CURSEIF = A(BC, 'the_blessing_and_the_curse', 'the_curse_if')
ERROR [part1] line 283: NameError: name 'BC' is not defined
    BC_IF = A(BC, 'the_second_paragraph', 'if_you_hearken')
ERROR [part1] line 283: NameError: name 'BC' is not defined
    BC_RAIN = A(BC, 'the_second_paragraph', 'the_rain_in_its_season')
ERROR [part1] line 283: NameError: name 'BC' is not defined
    BC_SHUT = A(BC, 'the_second_paragraph', 'the_heavens_shut')
ERROR [part1] line 283: NameError: name 'BC' is not defined
    BC_DATES = A(BC, 'the_second_paragraph', 'the_rains_dates')
ERROR [part1] line 284: NameError: name 'BC_GE' is not defined
    assert "27:11-13 the form's seat ahead, Joshua 8:30-35 the run outside the tape" in BC_GE[0] and 'gerizim_ebal_ceremony_owed' in BC_GE[0] and BC_FORM[0].startswith("the ceremony's form (11:29) — six a
ERROR [part1] line 285: NameError: name 'BC_IF' is not defined
    assert BC_IF[0].startswith("if you hearken (11:13) — the doubled infinitive's plural form the one seat (28:1's singular the pair)") and BC_RAIN[1] == ['rain_in_its_season'] and 'THE TWO NAMED RAINS AD
ERROR [part1] line 290: NameError: name 'PN' is not defined
    PN_REJ = A(PN, 'the_place_chosen', 'eat_there_and_rejoice')
ERROR [part1] line 290: NameError: name 'PN' is not defined
    PN_THREE = A(PN, 'the_place_chosen', 'the_three_commandments_of_the_entry')
ERROR [part1] line 290: NameError: name 'PN' is not defined
    PN_STATIONS = A(PN, 'the_place_chosen', 'the_stations_six_rows')
ERROR [part1] line 290: NameError: name 'PN' is not defined
    PN_WARN = A(PN, 'the_profane_slaughter_the_blood_and_the_gates', 'the_impure_tithes_warning')
ERROR [part1] line 291: NameError: name 'PN_REJ' is not defined
    assert PN_REJ[1] == ['rejoicing_before_the_lord_commanded'] and "the law's first seat" in PN_REJ[0] and PN_THREE[0].startswith('the three commandments of the entry (12:10-11) — a king, Amalek, the cho
ERROR [part1] line 293: NameError: name 'FJ' is not defined
    FJ_TIMES = A(FJ, 'the_three_pilgrimages', 'the_three_times')
ERROR [part1] line 293: NameError: name 'FJ' is not defined
    FJ_EMPTY = A(FJ, 'the_three_pilgrimages', 'not_empty')
ERROR [part1] line 293: NameError: name 'FJ' is not defined
    FJ_BRIBE = A(FJ, 'the_judges_in_every_gate', 'take_no_bribe')
ERROR [part1] line 293: NameError: name 'FJ' is not defined
    FJ_WREST = A(FJ, 'the_judges_in_every_gate', 'wrest_no_judgment')
ERROR [part1] line 294: NameError: name 'FJ_TIMES' is not defined
    assert FJ_TIMES[1] == ['three_pilgrimages_commanded'] and FJ_EMPTY[1] == ['empty_appearance_barred'] and FJ_BRIBE[1] == ['bribe_barred'] and FJ_BRIBE[0].startswith("take no bribe (16:19) — Exodus 23:8
ERROR [part1] line 296: NameError: name 'PP' is not defined
    PP_JUST = A(PP, 'fathers_and_sons_the_stranger_and_the_gleanings', 'the_strangers_and_the_orphans_justice')
ERROR [part1] line 296: NameError: name 'PP' is not defined
    PP_SKIRT = A(PP, 'the_fathers_wife_and_the_assembly', 'his_fathers_wife_and_his_fathers_skirt')
ERROR [part1] line 297: NameError: name 'PP_JUST' is not defined
    assert PP_JUST[0].startswith("the stranger's and the orphan's justice (24:17) — 16:19's wresting at its second seat") and PP_SKIRT[0].startswith("his father's wife and his father's skirt (23:1) — even
ERROR [part1] line 299: NameError: name 'RW' is not defined
    RW_LAND = A(RW, 'the_landmark_and_the_witnesses', 'the_landmark_of_the_first_ones')
ERROR [part1] line 299: NameError: name 'RW' is not defined
    RW_EXEMPT = A(RW, 'the_priests_speech', 'the_four_exemptions')
ERROR [part1] line 300: NameError: name 'RW_LAND' is not defined
    assert RW_LAND[0].startswith("the landmark of the first ones (19:14) — your neighbor's, not the nations'") and 'landmark_removal_barred' in RW_LAND[0] and RW_EXEMPT[0].startswith('the four exemptions 
THE CALLEES (sanctions.grade — the source's FORBIDDEN keys, printed before typed): ['menstruant', 'married_woman', 'neither_release_nor_levirate', 'exempt', 'second_degree', 'release_not_levirate', 'released', 'widow_to_high_priest', 'divorcee_to_priest', 'mamzeret', 'release_not_levirate', 'released', 'release_or_levirate']
THE CALLEES (holiness.conduct stumbling, printed before typed): {'v': 'the_blind_in_the_matter_banned', 'p': 'MOVE', 'why': '19:14 "before the BLIND put no stumbling block" — Sifra, Kedoshim, Section 2 14: the one blind IN THE MATTER — the corrupt-advice census', 'fx': ['given_to_the_heart']}
ERROR [part1] line 317: NameError: name 'CP' is not defined
    CP_LIMITS = A(CP, 'the_king', 'the_three_limits_for_himself')
ERROR [part1] line 317: NameError: name 'CP' is not defined
    CP_COPY = A(CP, 'the_king', 'the_copy_of_the_law')
ERROR [part1] line 318: NameError: name 'CP_LIMITS' is not defined
    assert 'return_to_egypt_barred' in CP_LIMITS[0] and CP_LIMITS[0].startswith('the three limits for himself (17:16-17)') and CP_COPY[1] == ['law_copy_commanded'] and CP_COPY[0].startswith('the copy of t
ERROR [part1] line 341: TypeError: the_gifts() missing 1 required positional argument: 'data'
    KO_BIK = KO.the_gifts('bikkurim')
ERROR [part1] line 341: TypeError: the_gifts() missing 1 required positional argument: 'data'
    KO_TRIAD = KO.the_gifts('the_best_triad')
ERROR [part1] line 341: TypeError: the_tithe() missing 1 required positional argument: 'data'
    KO_ORDER = KO.the_tithe('wrong_order')
ERROR [part1] line 341: TypeError: the_tithe() missing 1 required positional argument: 'data'
    KO_FROM = KO.the_tithe('from_it')
ERROR [part1] line 341: TypeError: the_tithe() missing 1 required positional argument: 'data'
    KO_KIND = KO.the_tithe('kind_for_kind')
ERROR [part1] line 341: TypeError: the_tithe() missing 1 required positional argument: 'data'
    KO_MOURN = KO.the_tithe('mourner')
ERROR [part1] line 342: NameError: name 'KO_BIK' is not defined
    assert KO_BIK[0].startswith('the first fruits of all — holy while attached (18:13; Sifrei 117:2); partners liable, outside the land exempt (Chullin 136a)') and KO_BIK[1] == ['due_to_priest'] and KO_TR
ERROR [part1] line 353: TypeError: blessing() missing 1 required positional argument: 'data'
    NS_LANG = NS.blessing('language')
ERROR [part1] line 354: NameError: name 'NS_LANG' is not defined
    assert NS_LANG[0] == 'the holy tongue (so/so)' and NS_LANG[1] == ['blessed_by_the_priests'] and 'bless/bless with Deut 27:12' in str(NS_LANG[2]), NS_LANG[:2]
ERROR [part1] line 359: NameError: name 'SE' is not defined
    SE_KIN = A(SE, 'the_inciter', 'the_inciters_kin')
ERROR [part1] line 359: NameError: name 'SE' is not defined
    SE_HAND = A(SE, 'the_inciter', 'the_hand_first')
ERROR [part1] line 359: NameError: name 'SE' is not defined
    SE_OATH = A(SE, 'the_whole_offering_the_heap_and_the_mercy', 'as_he_swore_to_your_fathers')
THE CALLEES (opening_speech began_to_expound, printed before typed): "began to expound (1:5) — the expound-root's two Torah seats (27:8's 'clearly' the other); the third teaching (Zevachim 115b:17); the king's reading (Sotah 7:8)"
ERROR [part1] line 361: NameError: name 'SE_KIN' is not defined
    assert SE_KIN[0].startswith("the inciter's kin (13:7)") and SE_HAND[0].startswith('the hand first (13:10)') and SE_OATH[0].startswith("as He swore to your fathers (13:18) — the oath's AS_WHEN form") a
ERROR [part1] line 362: NameError: name 'FT_REMOVAL' is not defined
    print('THE CALLEES (printed after they are asserted): FT %s; RF %s; BC %s; SN %s; PN %s; FJ %s; PP %s; RW %s; SA %s / %s; M3 %s; HO %s; ST %s; CP %s; OH %s; GL %s; CH %s; HI %s; DC %s; SB %s; OR %s; E
fastcheck: part1 fails 71, part2 fails 0, part3 fails 0, part4 fails 0, part5 fails -1, part6 fails -1
