==== A0. THE TWO DIVISIONS — the export's chapter 26 against the DB's
  DB verses 19 | export verses HE 19 EN 19 | per-chapter export lengths vs DB, chapters 1-28: [(5, 30, 33)]
  the alignment cost 21 | export verses mapped to MORE THAN ONE DB verse: {}
  the offset per export verse (DB minus export, the first DB verse of each): Counter({0: 19}) | the runs: [(1, 1, 1), (16, 16, 16), (17, 17, 17), (18, 18, 18), (19, 19, 19)]
  the shared export verse against its DB verses (tokens, negations): []
==== A. THE SHELF BY POSITION — the Sifrei on Deuteronomy around chapter 26
  piskaot 357 357 rows 2357 2357
  heads 290-310 (HE first citation | rows | EN first quote):
   290 head (25, 8) | HE rows  4 EN rows  4 | 'Then the elders of his city shall summon him'
   291 head (25, 9) | HE rows  9 EN rows  9 | 'Then, his widowed sister-in-lawshall approach him before the'
   292 head (25, 11) | HE rows  5 EN rows  5 | 'When men struggle together'
   293 head (25, 12) | HE rows  2 EN rows  2 | 'And you shall cut off her hand'
   294 head (25, 13) | HE rows  9 EN rows  9 | 'You shall not have in your pouch stone-weights,one heavy sto'
   295 head None | HE rows  4 EN rows  4 | 'So that you may extend your days'
   296 head (25, 17) | HE rows  9 EN rows  9 | 'Remember'
   297 head (26, 1) | HE rows 10 EN rows 10 | 'Now it shall be, when you enter the Land'
   298 head None | HE rows  3 EN rows  3 | 'And place it in a basket'
   299 head None | HE rows  4 EN rows  4 | 'And you shall say to him'
   300 head (26, 4) | HE rows  2 EN rows  2 | 'Then the Priest will take the basket from your hand'
   301 head (26, 5) | HE rows 37 EN rows 37 | 'Then you should respond, saying'
   302 head (26, 12) | HE rows  1 EN rows  1 | 'When you have ended51Heb: techaleh; root: ch-l-h, “to make a'
   303 head None | HE rows 20 EN rows 20 | 'And you shall give it to the Levite, the migrant, the father'
   304 head (31, 14) | HE rows  2 EN rows  2 | 'And HASHEM said to Moses:Indeed, your days are dwindling dow'
   305 head None | HE rows  6 EN rows  6 | 'Then HASHEM said to Moses:Take for yourself Joshua b. Nun, a'
   306 head (32, 1) | HE rows 37 EN rows 37 | 'Lend an ear, Heavens, and let me speak!'
   307 head (32, 4) | HE rows 15 EN rows 15 | 'The Rock'
   308 head (32, 5) | HE rows  4 EN rows  4 | 'Is the destruction His own? No!The flaw lies in His children'
   309 head (32, 6) | HE rows  7 EN rows  7 | 'Is this how you repay HASHEM?'
   310 head (32, 7) | HE rows  8 EN rows  8 | 'Remember the days of yore'
  heads whose chapter is 26 : [(297, (26, 1)), (300, (26, 4)), (301, (26, 5)), (302, (26, 12))] | heads by chapter 1-28: [(1, 24), (3, 4), (6, 6), (11, 21), (12, 20), (13, 14), (14, 14), (15, 16), (16, 19), (17, 16), (18, 16), (19, 10), (20, 14), (21, 17), (22, 22), (23, 22), (24, 16), (25, 10), (26, 4), (31, 1), (32, 36), (33, 14), (34, 1)]
  HE rows citing Deut 26 (the export's verse → the DB's): 16 [(63, 9, 4, [4]), (72, 5, 14, [14]), (109, 1, 12, [12]), (109, 4, 12, [12]), (297, 1, 1, [1]), (297, 4, 2, [2]), (298, 3, 3, [3]), (300, 1, 4, [4]), (301, 1, 5, [5]), (301, 26, 9, [9]), (301, 28, 10, [10]), (301, 34, 11, [11]), (302, 1, 12, [12]), (303, 4, 13, [13]), (303, 15, 14, [14]), (303, 20, 15, [15])]
  EN rows citing Deut 26 : 94 [(63, 9, 4, [4]), (72, 5, 14, [14]), (109, 1, 12, [12]), (109, 1, 12, [12]), (109, 3, 12, [12]), (109, 4, 12, [12]), (109, 5, 12, [12]), (297, 1, 1, [1]), (297, 1, 1, [1]), (297, 2, 1, [1]), (297, 3, 1, [1]), (297, 4, 2, [2]), (297, 4, 2, [2]), (297, 4, 2, [2]), (297, 4, 2, [2]), (297, 4, 2, [2]), (297, 7, 2, [2]), (297, 8, 2, [2]), (297, 9, 2, [2]), (297, 9, 2, [2]), (297, 9, 2, [2]), (297, 9, 3, [3]), (297, 9, 11, [11]), (297, 10, 2, [2]), (298, 1, 2, [2]), (298, 2, 2, [2]), (298, 3, 3, [3]), (299, 1, 3, [3]), (299, 2, 3, [3]), (299, 3, 3, [3]), (299, 4, 10, [10]), (300, 1, 4, [4]), (300, 2, 4, [4]), (300, 2, 4, [4]), (300, 2, 4, [4]), (301, 1, 5, [5]), (301, 1, 5, [5]), (301, 1, 5, [5]), (301, 2, 5, [5]), (301, 3, 5, [5]), (301, 4, 5, [5]), (301, 4, 5, [5]), (301, 4, 5, [5]), (301, 5, 5, [5]), (301, 6, 7, [7]), (301, 7, 7, [7]), (301, 7, 8, [8]), (301, 26, 9, [9]), (301, 26, 9, [9]), (301, 26, 9, [9]), (301, 27, 9, [9]), (301, 27, 9, [9]), (301, 27, 9, [9]), (301, 28, 10, [10]), (301, 31, 10, [10]), (301, 32, 10, [10]), (301, 32, 10, [10]), (301, 33, 10, [10]), (301, 34, 11, [11]), (301, 35, 11, [11]), (301, 36, 11, [11]), (301, 37, 11, [11]), (302, 1, 12, [12]), (302, 1, 12, [12]), (302, 1, 12, [12]), (302, 1, 12, [12]), (302, 1, 12, [12]), (302, 1, 12, [12]), (302, 1, 12, [12]), (302, 1, 12, [12]), (302, 1, 12, [12]), (303, 1, 12, [12]), (303, 2, 12, [12]), (303, 2, 12, [12]), (303, 4, 13, [13]), (303, 5, 13, [13]), (303, 6, 13, [13]), (303, 7, 13, [13]), (303, 7, 13, [13]), (303, 8, 13, [13]), (303, 9, 13, [13]), (303, 10, 13, [13]), (303, 11, 13, [13]), (303, 12, 13, [13]), (303, 13, 13, [13]), (303, 14, 13, [13]), (303, 15, 14, [14]), (303, 16, 14, [14]), (303, 17, 14, [14]), (303, 17, 14, [14]), (303, 18, 14, [14]), (303, 19, 14, [14]), (303, 20, 15, [15]), (303, 20, 15, [15])]
  EN "ibid 26:n" candidates: 0
  the union of rows (both files): 60 [(63, 9), (72, 5), (109, 1), (109, 3), (109, 4), (109, 5), (297, 1), (297, 2), (297, 3), (297, 4), (297, 7), (297, 8), (297, 9), (297, 10), (298, 1), (298, 2), (298, 3), (299, 1), (299, 2), (299, 3), (299, 4), (300, 1), (300, 2), (301, 1), (301, 2), (301, 3), (301, 4), (301, 5), (301, 6), (301, 7), (301, 26), (301, 27), (301, 28), (301, 31), (301, 32), (301, 33), (301, 34), (301, 35), (301, 36), (301, 37), (302, 1), (303, 1), (303, 2), (303, 4), (303, 5), (303, 6), (303, 7), (303, 8), (303, 9), (303, 10), (303, 11), (303, 12), (303, 13), (303, 14), (303, 15), (303, 16), (303, 17), (303, 18), (303, 19), (303, 20)]
  the rows OUTSIDE the spine piskaot (the union less the on-chapter piskaot 297 - 302 ): 32 [(63, 9), (72, 5), (109, 1), (109, 3), (109, 4), (109, 5), (298, 1), (298, 2), (298, 3), (299, 1), (299, 2), (299, 3), (299, 4), (303, 1), (303, 2), (303, 4), (303, 5), (303, 6), (303, 7), (303, 8), (303, 9), (303, 10), (303, 11), (303, 12), (303, 13), (303, 14), (303, 15), (303, 16), (303, 17), (303, 18), (303, 19), (303, 20)] | in-spine rows of the union: 28
  outside rows file bytes 20326
==== B. ONKELOS chapter 26 and the DB (the dump per DB verse; a shared export row printed at its first DB verse)
  the store's chapter 26 verses 19 | verses whose store token count differs from the DB: []
  token count chapter 26 : 319
  onkelos dump bytes 27722
==== C. THE PARSER on every verse of chapter 26
  26:12  N []                       O []             marked ['לעשר*', 'מעשר*']
  number-word tokens present per verse (the bare check against the parser): {'26:3': ['נשבע'], '26:12': ['לעשר', 'מעשר']}
  26:1 tokens: ['והיה', 'כי', 'תבוא', 'אל', 'הארץ', 'אשר', 'יהוה', 'אלהיך', 'נתן', 'לך', 'נחלה', 'וירשתה', 'וישבת', 'בה']
  26:3 tokens: ['ובאת', 'אל', 'הכהן', 'אשר', 'יהיה', 'בימים', 'ההם', 'ואמרת', 'אליו', 'הגדתי', 'היום', 'ליהוה', 'אלהיך', 'כי', 'באתי', 'אל', 'הארץ', 'אשר', 'נשבע', 'יהוה', 'לאבתינו', 'לתת', 'לנו']
  26:12 tokens: ['כי', 'תכלה', 'לעשר*', 'את', 'כל', 'מעשר*', 'תבואתך', 'בשנה', 'השלישת', 'שנת', 'המעשר', 'ונתתה', 'ללוי', 'לגר', 'ליתום', 'ולאלמנה', 'ואכלו', 'בשעריך', 'ושבעו']
  26:19 tokens: ['ולתתך', 'עליון', 'על', 'כל', 'הגוים', 'אשר', 'עשה', 'לתהלה', 'ולשם', 'ולתפארת', 'ולהיתך', 'עם', 'קדש', 'ליהוה', 'אלהיך', 'כאשר', 'דבר']
==== D. CASE TOKENS, FRAMES, REGISTER, NAMES
  case tokens (כי "when/for" / אם "if" / ואם / או "or" / פן "lest"): {'26:1': ['כי'], '26:3': ['כי'], '26:12': ['כי']}
  divine frames (ויאמר/וידבר + יהוה): []
  לאמר "saying" seats: []
  narrative-form verbs (V.w) per verse: {5: ['וירד', 'ויגר', 'ויהי'], 6: ['וירעו', 'ויענונו', 'ויתנו'], 7: ['ונצעק', 'וישמע', 'וירא'], 8: ['ויוצאנו'], 9: ['ויבאנו', 'ויתן']}
  first-person verb forms (1cs / 1cp) per verse: {3: [('הגדתי', 'HVhp1cs'), ('באתי', 'HVqp1cs')], 10: [('הבאתי', 'HVhp1cs')], 13: [('בערתי', 'HVpp1cs'), ('נתתיו', 'HVqp1cs/Sp3ms'), ('צויתני', 'HVpp2ms/Sp1cs'), ('עברתי', 'HVqp1cs'), ('שכחתי', 'HVqp1cs')], 14: [('אכלתי', 'HVqp1cs'), ('בערתי', 'HVpp1cs'), ('נתתי', 'HVqp1cs'), ('שמעתי', 'HVqp1cs'), ('עשיתי', 'HVqp1cs'), ('צויתני', 'HVpp2ms/Sp1cs')]}
  imperatives (Vq.v / Vp.v / Vh.v) per verse: {}
  prohibitions לא + imperfect (the ten's form) per verse: {13: [], 14: []}
  name tokens (Np): {1: ['יהוה'], 2: ['יהוה', 'יהוה'], 3: ['ליהוה', 'נשבע', 'יהוה'], 4: ['יהוה'], 5: ['יהוה', 'מצרימה'], 7: ['יהוה', 'יהוה'], 8: ['יהוה', 'ממצרים'], 10: ['יהוה', 'יהוה', 'יהוה'], 11: ['יהוה'], 13: ['יהוה'], 14: ['יהוה'], 15: ['ישראל', 'נשבעת'], 16: ['יהוה'], 17: ['יהוה'], 18: ['ויהוה'], 19: ['ליהוה']}
  second-person plural vs singular (2mp / 2ms tokens per verse): {1: (0, 5), 2: (0, 7), 3: (0, 3), 4: (0, 2), 5: (0, 3), 6: (0, 0), 7: (0, 0), 8: (0, 0), 9: (0, 0), 10: (0, 5), 11: (0, 6), 12: (0, 4), 13: (0, 5), 14: (0, 1), 15: (0, 6), 16: (0, 6), 17: (0, 2), 18: (0, 1), 19: (0, 3)}
==== E. THE REGISTER GATE on Deut 26
  dispositions naming Deut 26: []
  REGISTER_INDEX lines on Deut 26:
==== F. THE PRIOR READS
  ledgers with an Onkelos Deut 26 row: []
  prior Sifrei Devarim rows anywhere (strict form), those among the outside rows: [('deu_08_ekev_2026-09-18.md', 297, 4), ('deu_10_ekev_2026-09-19.md', 301, 4), ('deu_12_reeh_2026-09-20.md', 63, 9), ('deu_12_reeh_2026-09-20.md', 72, 5), ('deu_14_reeh_2026-09-21.md', 109, 1), ('deu_14_reeh_2026-09-21.md', 109, 3), ('deu_14_reeh_2026-09-21.md', 109, 4), ('deu_14_reeh_2026-09-21.md', 109, 5), ('deu_15_reeh_2026-09-22.md', 109, 3)] | all prior rows count 2018
  ledgers NAMING a verse of Deut 26: 13
    ('chatat_topic_docket_2026-09-05.md', 1, ['Deut 26:14'])
    ('deu_17_18_shoftim_exam_2026-09-24.md', 1, ['Deuteronomy 26:12'])
    ('gen_41_retelling_release_meeting_2026-08-27.md', 1, ['Deuteronomy 26:5'])
    ('gen_43_isaac_twins_birthright_2026-08-27.md', 1, ['Deuteronomy 26:5'])
    ('incense_shekel_docket_2026-09-06.md', 1, ['Deut 26:14'])
    ('lev_22_holy_food_offerings_2026-09-05.md', 1, ['Deut 26:13'])
    ('num_04_07_naso_exam_2026-09-10.md', 1, ['Deut 26:15'])
    ('num_11_complaint_quail_2026-09-10.md', 1, ['Deut 26:14'])
    ('num_18_priest_levite_dues_2026-09-10.md', 1, ['Deut 26:14'])
    ('num_20_meribah_edom_aaron_2026-09-11.md', 4, ['Deut 26:6', 'Deut 26:7', 'Deuteronomy 26:6-7'])
    ('num_28_29_musafim_exam_2026-09-11.md', 3, ['Deut 26:10', 'Deut 26:2', 'Deut 26:4'])
    ('num_30_vows_exam_2026-09-12.md', 1, ['Deut 26:12'])
    ('num_33_journeys_exam_2026-09-12.md', 1, ['Deuteronomy 26:1'])
  ledgers with an Onkelos Exod 23 / Exod 34 / Num 18 / Lev 23 / Lev 27 / Deut 14 / Deut 12 / Deut 18 row (the kin's reading — the firstfruits Exodus 23:19, 34:26 and Numbers 18:13 for 26:1-11; the tithe's confession Numbers 18:21-32, Deuteronomy 14:22-29, 12:17-19 and 18:1-8 for 26:12-15; the covenant's formula 26:16-19): ['deu_12_reeh_2026-09-20.md', 'deu_14_reeh_2026-09-21.md', 'deu_17_18_shoftim_2026-09-24.md', 'erection_docket_2026-09-06.md', 'exo_23_escort_land_2026-09-01.md', 'exo_23_justice_calendar_2026-09-01.md', 'exo_34_second_tablets_2026-09-01.md', 'lev_23_festivals_2026-09-05.md', 'lev_27_valuations_2026-09-05.md', 'num_18_priest_levite_dues_2026-09-10.md'] | ledgers with an Onkelos row of the Prophets (never read ahead — expected none): []
==== G. THE DRAFTS
  deu_25_courts_yibbum: refs 25:1-19; steps (25, 1)..(25, 19) n=19; draft False; operators True; depends_on ['    - "deu_24_divorce_poor"\n    - "exo_17_water_amalek"\n']; scenarios 26; binary_trees True; step E True; comment lines 24
  deu_26_bikkurim_close: refs 26:1-19; steps (26, 1)..(26, 19) n=19; draft True; operators False; depends_on ['    - "deu_25_courts_yibbum"\n']; scenarios 26; binary_trees True; step E False; comment lines 23
    the step verses: [1, 2, 3, 4, 5, 6, 7, 8, 9, 10, 11, 12, 13, 14, 15, 16, 17, 18, 19] | covers DB 19 ? True
  the units' claim prefixes present anywhere? {'DV26': 0, 'DV26A': 0, 'DV26B': 0, 'DV25': 2, 'DV27': 0}
  existing manifests deu_26*: [] | ledgers deu_*: ['deu_01_03_devarim_2026-09-15.md', 'deu_01_03_devarim_exam_2026-09-15.md', 'deu_04_vaetchanan_2026-09-16.md', 'deu_04_vaetchanan_exam_2026-09-16.md', 'deu_05_vaetchanan_2026-09-16.md', 'deu_05_vaetchanan_exam_2026-09-16.md', 'deu_06_vaetchanan_2026-09-17.md', 'deu_06_vaetchanan_exam_2026-09-17.md', 'deu_07_vaetchanan_ekev_2026-09-17.md', 'deu_07_vaetchanan_ekev_exam_2026-09-18.md', 'deu_08_ekev_2026-09-18.md', 'deu_08_ekev_exam_2026-09-19.md', 'deu_09_ekev_2026-09-19.md', 'deu_09_ekev_exam_2026-09-19.md', 'deu_10_ekev_2026-09-19.md', 'deu_10_ekev_exam_2026-09-20.md', 'deu_11_ekev_reeh_2026-09-20.md', 'deu_11_ekev_reeh_exam_2026-09-20.md', 'deu_12_reeh_2026-09-20.md', 'deu_12_reeh_exam_2026-09-20.md', 'deu_13_reeh_2026-09-21.md', 'deu_13_reeh_exam_2026-09-21.md', 'deu_14_reeh_2026-09-21.md', 'deu_14_reeh_exam_2026-09-21.md', 'deu_15_reeh_2026-09-22.md', 'deu_15_reeh_exam_2026-09-23.md', 'deu_16_reeh_shoftim_2026-09-23.md', 'deu_16_reeh_shoftim_exam_2026-09-23.md', 'deu_17_18_shoftim_2026-09-24.md', 'deu_17_18_shoftim_exam_2026-09-24.md', 'deu_19_21_shoftim_ki_teitzei_2026-09-24.md', 'deu_19_21_shoftim_ki_teitzei_exam_2026-09-25.md', 'deu_22_25_ki_teitzei_2026-09-25.md', 'deu_22_25_ki_teitzei_exam_2026-09-26.md']
  unit count and standing (CORPUS_TRUTH literals): []
==== H. THE STORE'S GLOSSES on chapter 26
  gloss Counter (the 50 commonest): [('YHWH', 17), ('which', 13), ('God-you/your', 12), ('obj-marker·et', 9), ('to', 6), ('set', 6), ('to-you/your', 5), ('to-face', 5), ('come/bring', 4), ('all', 4), ('the-day', 4), ('and-obj-marker·et', 4), ('that', 3), ('the-earth', 3), ('the-ground', 3), ('there', 3), ('and-say', 3), ('to-us/our', 3), ('and-set', 3), ('the-this', 3), ('and-not', 3), ('from-us/our', 3), ('like-as/which', 3), ('and-be', 2), ('and-take', 2), ('fruit', 2), ('the-place', 2), ('the-priest', 2), ('to-him/its', 2), ('to-YHWH', 2), ('swear', 2), ('to-father-us/our', 2), ('and-deposit-him/its', 2), ('great', 2), ('earth', 2), ('flow-freely', 2), ('milk', 2), ('and-honey', 2), ('in-all', 2), ('to-Levite', 2), ('to-bereaved-person', 2), ('and-to-widow', 2), ('kindle', 2), ('from', 2), ('like-all', 2), ('command-me/my', 2), ('not', 2), ('make', 2), ('to-be', 2), ('and-to-keep/guard', 2)]
  gloss file bytes 10127
  overrides already for Deut.26: [] | by_ref last Deut.25 line: ['  "Deut.25.19:18": "the-memory-of"   # זכר']
==== I. THE SPINE ON THE CHAPTER — the Sifrei piskaot whose head is in chapter 26 (the spine on the chapter an eighteenth time), whole
  SPINE (computed from the heads): [297, 300, 301, 302] | contiguous? False | the heads by verse: [(297, 1), (300, 4), (301, 5), (302, 12)] | the heads before and after: {296: (25, 17), 303: None}
  rows per piska (HE, EN): {297: (10, 10), 300: (2, 2), 301: (37, 37), 302: (1, 1)} | total HE rows 50 | HE == EN everywhere? True
  spine file bytes 39424 | bytes per piska HE+EN: {297: 8613, 300: 1699, 301: 15693, 302: 3499}
  prior reads among the spine rows (any ledger): [('deu_04_vaetchanan_2026-09-16.md', 301, 21), ('deu_08_ekev_2026-09-18.md', 297, 4), ('deu_10_ekev_2026-09-19.md', 301, 4)]
  the spine rows citing a verse of chapter 26 in the Hebrew (p, r, the export verses): [(297, 1, [1]), (297, 4, [2]), (300, 1, [4]), (301, 1, [5]), (301, 26, [9]), (301, 28, [10]), (301, 34, [11]), (302, 1, [12])]
  the spine rows' own Hebrew citations (book, chapter, verse) by row: [(297, 1, [('דברים', 26, 1)]), (297, 4, [('דברים', 26, 2), ('ויקרא', 23, 17), ('שמות', 23, 19), ('דברים', 8, 8)]), (297, 10, [('שמות', 23, 19)]), (300, 1, [('דברים', 26, 4)]), (301, 1, [('דברים', 26, 5)]), (301, 4, [('דברים', 10, 22)]), (301, 6, [('שם', 1, 16)]), (301, 7, [('שמות', 1, 22)]), (301, 26, [('דברים', 26, 9)]), (301, 27, [('שמות', 13, 5)]), (301, 28, [('דברים', 26, 10)]), (301, 34, [('דברים', 26, 11)]), (302, 1, [('דברים', 26, 12), ('דברים', 31, 7)])]
  the spine rows' English citations by row: [(297, 1, ['Dt.26:1', 'Dt.26:1']), (297, 2, ['Dt.26:1']), (297, 3, ['Dt.26:1']), (297, 4, ['Dt.26:2', 'Dt.26:2', 'Lv.23:17-19', 'Dt.26:2', 'Lv.23:19-20', 'Dt.26:2', 'Ex.23:19', 'Lv.23:17-20', 'Dt.26:2', 'Dt.8:8']), (297, 7, ['Dt.26:2']), (297, 8, ['Dt.26:2']), (297, 9, ['Dt.26:2', 'Ex.23:19', 'Dt.26:2', 'Dt.26:3', 'Dt.26:11']), (297, 10, ['Dt.26:2', 'Ex.23:19']), (300, 1, ['Dt.26:4']), (300, 2, ['Dt.26:4', 'Dt.26:4', 'Dt.26:4']), (301, 1, ['Dt.26:5', 'Dt.26:5', 'Dt.27:14', 'Dt.27:14', 'Dt.26:5']), (301, 2, ['Dt.26:5']), (301, 3, ['Dt.26:5']), (301, 4, ['Dt.26:5', 'Dt.26:5', 'Dt.26:5', 'Dt.10:22']), (301, 5, ['Dt.26:5']), (301, 6, ['Dt.26:7', 'Ex.1:16']), (301, 7, ['Dt.26:7', 'Ex.1:22', 'Dt.26:8']), (301, 8, ['Shemoth 1:7']), (301, 9, ['Ezekiel 16:7']), (301, 10, ['Shemoth 1:10']), (301, 12, ['Ibid. 1:13-14']), (301, 13, ['Shemoth 2:23']), (301, 16, ['Shemoth 1:22']), (301, 17, ['Shemoth 3:9']), (301, 18, ['Shemoth 12:12']), (301, 19, ['Shemoth 9:3']), (301, 20, ['Joshua 5:13']), (301, 21, ['Devarim 4:34']), (301, 22, ['Shemoth 4:17']), (301, 23, ['Joel 3:3']), (301, 26, ['Dt.26:9', 'Dt.26:9', 'Dt.26:9']), (301, 27, ['Dt.26:9', 'Dt.26:9', 'Ex.13:5', 'Ex.13:5', 'Dt.26:9']), (301, 28, ['Dt.26:10']), (301, 31, ['Dt.26:10']), (301, 32, ['Dt.26:10', 'Dt.26:10']), (301, 33, ['Dt.26:10']), (301, 34, ['Dt.26:11']), (301, 35, ['Dt.26:11']), (301, 36, ['Dt.26:11']), (301, 37, ['Dt.26:11']), (302, 1, ['Dt.26:12', 'Dt.26:12', 'Dt.31:10', 'Dt.31:10', 'Dt.26:12', 'Dt.31:10', 'Dt.26:12', 'Dt.26:12', 'Dt.26:12', 'Dt.26:12', 'Dt.26:12', 'Dt.26:12'])]
  the spine rows with NO citation in either file: [(297, 5), (297, 6), (301, 11), (301, 14), (301, 15), (301, 24), (301, 25), (301, 29), (301, 30)]
  NO portion edge inside the chapter (Ki Tavo 26:1-29:8 holds it whole; Ki Teitzei ends at 25:19, a chapter edge) — the heads by verse, and the verses of the chapter with no head (the Sifrei stops at 26:15 — 26:16-19 headless, the covenant formula): [1, 4, 5, 12] [2, 3, 6, 7, 8, 9, 10, 11, 13, 14, 15, 16, 17, 18, 19]
