  MATCH   C0
  MISS    C1 the flood 150 days (7:24, 8:3) vs 7:11->8:4 [OPEN-4]
      declared: 150
      computed: 147
  MATCH   C2
  MISS    C3a 430 years in Egypt (Exod 12:40) vs exodus-descent [OPEN-3]
      declared: None
      computed: None
  MATCH   C3b
  MATCH   C3b-day
  MATCH   C3c
  MATCH   C3d-70
  MISS    C3d-85 THE JOIN: the covenant placed at Abraham's 85 (bereshit_rabbah_46_2) + Exod 12:40's 430 against the exodus marker, creation year 2449
      declared: None
      computed: None
  MISS    C3c-literal the descent-literal setting against the bound
      declared: None
      computed: 430
  MISS    C4 Shem 100 at Arpachshad, 2 years after the flood (11:10) vs 5:32
      declared: 100
      computed: 102
  MATCH   C5
  MATCH   C6
  MATCH   C7
  MATCH   C8
  MATCH   C9
  MISS    C10 Methuselah 7 days before the flood (Sanhedrin 108b:5)
      declared: 7
      computed: 46
  MATCH   C11
  MISS    CS0 the ark = born + 3 months (2:2) vs the sixth of Sivan (Sotah 12b:16-17)
      declared: (3, 6)
      computed: (3, 7)
  MISS    CS1 the exodus day's weekday by the creation count vs Shabbat 87b:2 (Thursday = 5)
      declared: 5
      computed: 2
  MATCH   CS2
  MATCH   CS3
  MISS    CS4 the manna's first morning (16 Iyar) a Sunday by the shelf (Shabbat 87b:5) vs the creation count
      declared: 1
      computed: 5
  MATCH   CS6
  MATCH   CS7
  MATCH   CS8
  MATCH   CS9
  MATCH   CN1
  MATCH   CB1
  MATCH   CB2
  MATCH   CB3
  MATCH   CB4
  MATCH   CB5
  MATCH   CB6
  MATCH   CB7
  MATCH   CB8
  MATCH   CD1
  MATCH   CD2
  MATCH   CD3
  MATCH   CD4
  MATCH   CD5
  MATCH   CD6
  MATCH   CD7
  MISS    CD8 the Sifrei's THIRTEEN utterances "to Moses and to Aaron" (58:1 — thirteen exclusions of Aaron read at 7:89) against the frame census of the LORD speaking to
      declared: 13
      computed: 16
  MATCH   CE1
  MATCH   CE2
  MISS    CE3 the month of flesh (11:20) FIRED against the Hazeroth marker (2, 3, 22) — the machine's thirty days from the twenty-third against the tradition's inclusive 
      declared: (2, 3, 22)
      computed: (2, 3, 24)
  MATCH   CE4
  MATCH   CE5
  MATCH   CE6
  MATCH   CE7
  MISS    CE8 the LORD going down: the Sifrei's "ten descents are written" (93:1) against the ink's ELEVEN tokens (sitting 3's measurement, the row descents) — DIVERGE ex
      declared: 10
      computed: 11
  MATCH   CE9
  MATCH   CF1
  MISS    CF2 the forty days' timer (13:3-25) FIRED against the return marker (2, 5, 9) — the machine's forty from the twenty-ninth against the baraita's Ninth of Av (Taa
      declared: (2, 5, 9)
      computed: (2, 5, 10)
  MATCH   CF3
  MATCH   CF4
  MATCH   CF5
  MISS    CF6 the ink's "these ten times" (14:22; Pirkei Avot 5:4) against the ledger's tested_the_lord count on Israel at the decree — the exodus story's six murmurings 
      declared: 10
      computed: 7
  MATCH   CF7
  MATCH   CF8
  MATCH   CF9
  MATCH   CK1
  MATCH   CK2
  MATCH   CK3
  MISS    CK4 KORACH'S DEATH-MODE — 26:10 adds "and Korach" among the swallowed (declared True) against 16:32's "every person who belonged to Korach" (Korach named there:
      declared: True
      computed: False
  MATCH   CK5
  MATCH   CK6
  MATCH   CK7
  MATCH   CK8
  MATCH   CK9
  MATCH   CM1
  MATCH   CM2
  MATCH   CM3
  MATCH   CM4
  MISS    CM5 MIRIAM'S DAY — the tape's buried on the arrival's day (40, 1, 1) against the shelf's tenth of Nisan (Seder Olam Rabbah 10:2; the row miriam_death_day): DIVE
      declared: (40, 1, 10)
      computed: (40, 1, 1)
  MATCH   CM6
  MATCH   CM7
  MATCH   CM8
  MATCH   CM9
  MATCH   CM10
  MATCH   CL1
  MATCH   CL2
  MATCH   CL3
  MATCH   CL4
  MATCH   CL5
  MATCH   CL6
  MATCH   CL7
  MATCH   CL8
  MATCH   CL9
  MATCH   CP1
  MATCH   CP2
  MATCH   CP3
  MATCH   CP4
  MATCH   CP5
  MATCH   CP6
  MATCH   CP7
  MATCH   CP8
  MATCH   CP9
  MATCH   CT1
  MATCH   CT2
  MATCH   CT3
  MATCH   CT4
  MATCH   CT5
  MATCH   CT6
  MATCH   CT7
  MATCH   CT8
  MATCH   CT9
  MATCH   CV1
  MATCH   CV2
  MATCH   CV3
  MATCH   CV4
  MATCH   CV5
  MATCH   CV6
  MATCH   CV7
  MATCH   CV8
  MATCH   CV9
  MATCH   CX1
  MATCH   CX2
  MATCH   CX3
  MATCH   CX4
  MATCH   CX5
  MATCH   CX6
  MATCH   CX7
  MATCH   CX8
  MATCH   CX9
  MATCH   CY1
  MATCH   CY2
  MATCH   CY3
  MATCH   CY4
  MATCH   CY5
  MATCH   CY6
  MATCH   CY7
  MATCH   CY8
  MATCH   CY9
  MATCH   CZ1
  MATCH   CZ2
  MATCH   CZ3
  MATCH   CZ4
  MATCH   CZ5
  MATCH   CZ6
  MATCH   CZ7
  MATCH   CZ8
  MATCH   CZ9
  MATCH   CW1
  MATCH   CW2
  MATCH   CW3
  MATCH   CW4
  MATCH   CW5
  MATCH   CW6
  MATCH   CW7
  MATCH   CW8
  MATCH   CW9
  MATCH   CR1
  MATCH   CR2
  MATCH   CR3
  MATCH   CR4
  MATCH   CR5
  MATCH   CR6
  MATCH   CR7
  MATCH   CR8
  MATCH   CR9
  MATCH   CA1
  MATCH   CA2
  MATCH   CA3
  MATCH   CA4
  MATCH   CA5
  MATCH   CA6
  MATCH   CA7
  MATCH   CA8
  MATCH   CA9
  MATCH   CC1
  MATCH   CC2
  MATCH   CC3
  MATCH   CC4
  MATCH   CC5
  MATCH   CC6
  MATCH   CC7
  MATCH   CC8
  MATCH   CC9
  MATCH   CI1
  MATCH   CI2
  MATCH   CI3
  MATCH   CI4
  MATCH   CI5
  MATCH   CI6
  MATCH   CI7
  MATCH   CI8
  MATCH   CI9
  MATCH   CO1
  MATCH   CO2
  MATCH   CO3
  MATCH   CO4
  MATCH   CO5
  MATCH   CO6
  MATCH   CO7
  MATCH   CO8
  MATCH   CO9
  MATCH   CQ1
  MATCH   CQ2
  MATCH   CQ3
  MATCH   CQ4
  MATCH   CQ5
  MISS    CQ6 THE BLESSINGS AND THE PITY — blessings_for_hearing on israel_people TWO since THE DEUTERONOMY WALK 13b (15:5's second entry on the line release_law_declared
      declared: (2, True, 2, 'Deut 7:12', 'Deut 7:12')
      computed: (3, True, 2, 'Deut 7:12', 'Deut 7:12')
  MATCH   CQ7
  MATCH   CQ8
  MATCH   CQ9
  MATCH   CU1
  MATCH   CU2
  MATCH   CU3
  MATCH   CU4
  MISS    CU5 THE KIN STANDS — on israel_people manna_provided ONE, water_from_the_rock TWO, serpents_sent ONE UNMOVED (the readback references, no second write); shema_c
      declared: (1, 2, 1, 1, 1, 1, 2, 1)
      computed: (1, 2, 1, 1, 1, 1, 3, 1)
  MATCH   CU6
  MATCH   CU7
  MATCH   CU8
  MATCH   CU9
  MATCH   DA1
  MATCH   DA2
  MATCH   DA3
  MATCH   DA4
  MATCH   DA5
  MISS    DA6 THE STIFF NECK — no effect naming stiff / neck / nape on israel_people (the state in the first telling, Exodus 32:9 — no entry, no write; the runner's own w
      declared: ([], 6)
      computed: (['iron_yoke_on_neck'], 6)
  MATCH   DA7
  MATCH   DA8
  MATCH   DA9
  MATCH   DB1
  MATCH   DB2
  MATCH   DB3
  MATCH   DB4
  MATCH   DB5
  MATCH   DB6
  MATCH   DB7
  MATCH   DB8
  MATCH   DB9
  MATCH   DC1
  MISS    DC2 THE WRITES — rain_in_its_season ONE and heavens_shut_for_turning ONE on israel_people (conditional HEAVEN entries, source beginning "Deut 11:13"), yoke_of_t
      declared: ((1, 1, 1, 1, 1), ('Deut 11:13', 'Deut 11:13', 'Deut 11:13', 'Deut 11:26', 'Deut 11:26'), True, 'HEAVEN', 'Deut 11:1', 'boot', 6)
      computed: ((2, 1, 1, 1, 1), ('Deut 11:13', 'Deut 11:13', 'Deut 11:13', 'Deut 11:26', 'Deut 11:26'), True, 'HEAVEN', 'Deut 11:1', 'boot', 6)
  MATCH   DC3
  MATCH   DC4
  MATCH   DC5
  MISS    DC6 THE KIN STAND — shema_commanded ONE, test_barred ONE, blessings_for_hearing TWO since THE DEUTERONOMY WALK 13b (15:5's second entry), pity_barred TWO since 
      declared: ((1, 1, 2, 2, 1, 2, 1, 1, 1), 1, 1)
      computed: ((1, 1, 3, 2, 1, 2, 1, 1, 1), 1, 1)
  MATCH   DC7
  MATCH   DC8
  MATCH   DC9
  MATCH   DD1
  MISS    DD2 THE WRITES — name_erasure_barred ONE (a BLOCK, source beginning "Deut 12:1"), place_chosen_required ONE and rejoicing_before_the_lord_commanded TWO since TH
      declared: ((1, 1, 2, 1, 2, 2, 1), ('Deut 12:1', 'Deut 12:5', 'Deut 12:5', 'Deut 12:15', 'Deut 12:15', 'Deut 12:15', 'Deut 12:29'), 3, ['Exod 40:17', 'Lev 9:24', 'Deut 12:5'], 6, 'Deut 12:1', 'boot', 7)
      computed: ((1, 1, 4, 1, 2, 2, 1), ('Deut 12:1', 'Deut 12:5', 'Deut 12:5', 'Deut 12:15', 'Deut 12:15', 'Deut 12:15', 'Deut 12:29'), 3, ['Exod 40:17', 'Lev 9:24', 'Deut 12:5'], 6, 'Deut 12:1', 'boot', 7)
  MATCH   DD3
  MATCH   DD4
  MATCH   DD5
  MATCH   DD6
  MATCH   DD7
  MATCH   DD8
  MATCH   DD9
  MATCH   DE1
  MATCH   DE2
  MATCH   DE3
  MATCH   DE4
  MATCH   DE5
  MATCH   DE6
  MATCH   DE7
  MATCH   DE8
  MATCH   DE9
  MATCH   DF1
  MISS    DF2 THE WRITES — cuttings_for_the_dead_barred ONE (source beginning "Deut 14:1"), abomination_eating_barred ONE ("Deut 14:3"), carcass_eating_barred ONE ("Deut 
      declared: ((1, 1, 1, 1, 1), ('Deut 14:1', 'Deut 14:3', 'Deut 14:21', 'Deut 14:22', 'Deut 14:28'), ((2, ['Deut 12:5', 'Deut 14:22']), (2, ['Deut 12:15', 'Deut 14:22'])), 5, 'Deut 14:1', 'boot', 8)
      computed: ((1, 1, 1, 1, 2), ('Deut 14:1', 'Deut 14:3', 'Deut 14:21', 'Deut 14:22', 'Deut 14:28'), ((4, ['Deut 12:5', 'Deut 14:22', 'Deut 26:1', 'Deut 27:1']), (2, ['Deut 12:15', 'Deut 14:22'])), 5, 'Deut 14:1', 'boot', 8)
  MATCH   DF3
  MISS    DF4 THE HOLES — the effects naming the cuttings for the dead, the abomination's eating, the carcass's eating, the second tithe or the poor man's tithe on israel
      declared: (['abomination_eating_barred', 'carcass_eating_barred', 'cuttings_for_the_dead_barred', 'poor_tithe_owed', 'second_tithe_owed'], True, True, (2, 2))
      computed: (['abomination_eating_barred', 'carcass_eating_barred', 'cuttings_for_the_dead_barred', 'poor_tithe_owed', 'second_tithe_owed'], True, True, (4, 2))
  MATCH   DF5
  MISS    DF6 THE PARAMETERS AND THE CLOCK — the_birds_signs, the_carcass_table, the_moneys_form, the_removal_date and the_tithes_new_year on file (calendar_parameters.ya
      declared: (['the_four_signs', 'the_lists', 'the_ruling', 'the_tradition'], ['r_meir', 'r_yehuda', 'the_carcass_defined', 'the_customs_bar', 'the_precedence', 'the_sanction'], ['r_akiva', 'r_yishmael', 'the_possession', 'the_three_moneys'], ['one_tithe_not_two', 'the_eve', 'the_uses', 'the_years'], ['shevat_15', 'the_first_third', 'tishri_1', 'year_by_year'], ['food_tithe'], {'from': 'passover_1', 'plus': 6}, {'month': 7, 'day': 1}, ('work_year', 'work_year', 'sabbath_of_the_land'), True)
      computed: (['the_four_signs', 'the_lists', 'the_ruling', 'the_tradition'], ['r_meir', 'r_yehuda', 'the_carcass_defined', 'the_customs_bar', 'the_precedence', 'the_sanction'], ['r_akiva', 'r_yishmael', 'the_possession', 'the_three_moneys'], ['one_tithe_not_two', 'the_eve', 'the_uses', 'the_years'], ['shevat_15', 'the_first_third', 'tishri_1', 'year_by_year'], ['food_tithe', 'firstfruits_ebal_curses'], {'from': 'passover_1', 'plus': 6}, {'month': 7, 'day': 1}, ('work_year', 'work_year', 'sabbath_of_the_land'), True)
  MATCH   DF7
  MATCH   DF8
  MATCH   DF9
  MATCH   DG1
  MISS    DG2 THE WRITES — debt_release_owed ONE (source beginning "Deut 15:1"), exaction_barred ONE ("Deut 15:1"), hand_opening_commanded ONE ("Deut 15:7"), hand_shuttin
      declared: ((1, 1, 1, 1, 1, 1, 1, 1, 1), ('Deut 15:1', 'Deut 15:1', 'Deut 15:7', 'Deut 15:7', 'Deut 15:7', 'Deut 15:12', 'Deut 15:12', 'Deut 15:19', 'Deut 15:19'), (2, ['Deut 15:7', 'Deut 15:12']), ((2, ['Deut 7:12', 'Deut 15:1']), (2, ['Exod 2:23', 'Deut 15:7']), (1, ['Deut 15:7']), (2, ['Deut 12:15', 'Deut 15:19'])), 7, 'Deut 15:1', 'boot', 8)
      computed: ((1, 1, 1, 1, 1, 1, 1, 1, 1), ('Deut 15:1', 'Deut 15:1', 'Deut 15:7', 'Deut 15:7', 'Deut 15:7', 'Deut 15:12', 'Deut 15:12', 'Deut 15:19', 'Deut 15:19'), (2, ['Deut 15:7', 'Deut 15:12']), ((3, ['Deut 7:12', 'Deut 15:1', 'Deut 28:1']), (2, ['Exod 2:23', 'Deut 15:7']), (1, ['Deut 15:7']), (2, ['Deut 12:15', 'Deut 15:19'])), 7, 'Deut 15:1', 'boot', 8)
  MATCH   DG3
  MISS    DG4 THE HOLES — the effects naming the debts' release, the exaction, the hand opened or shut, the base thought, the work of the hand, the furnishing, the empty 
      declared: (['base_thought_barred', 'debt_release_owed', 'empty_sending_barred', 'exaction_barred', 'firstling_sanctification_commanded', 'firstling_work_and_shearing_barred', 'furnishing_commanded', 'hand_opening_commanded', 'hand_shutting_barred', 'work_of_the_hand_blessed'], True, True, (2, 2, 1, 2))
      computed: (['base_thought_barred', 'debt_release_owed', 'empty_sending_barred', 'exaction_barred', 'firstling_sanctification_commanded', 'firstling_work_and_shearing_barred', 'furnishing_commanded', 'hand_opening_commanded', 'hand_shutting_barred', 'work_of_the_hand_blessed'], True, True, (3, 2, 1, 2))
  MATCH   DG5
  MATCH   DG6
  MATCH   DG7
  MATCH   DG8
  MATCH   DG9
  MATCH   DH1
  MATCH   DH2
  MATCH   DH3
  MISS    DH4 THE KIN AND THE HOLES — place_chosen_required ONE, rejoicing_before_the_lord_commanded TWO, holy_things_in_the_gates_barred TWO, courts_established ONE on i
      declared: ((1, 2, 2, 1), 1, (0, 0, 0, 0, 0), (2, 1), 10, ['after_midday', 'festival', 7, 'owes the three appearings', (71, 23), 'even_to_judge_truly'], 29, True, True)
      computed: ((1, 4, 2, 1), 1, (0, 0, 0, 0, 0), (2, 1), 10, ['after_midday', 'festival', 7, 'owes the three appearings', (71, 23), 'even_to_judge_truly'], 29, True, True)
  MATCH   DH5
  MATCH   DI1
  MATCH   DI2
  MATCH   DI3
  MATCH   DI4
  MATCH   DI5
  MATCH   DJ1
  MATCH   DJ2
  MATCH   DJ3
  MATCH   DJ4
  MATCH   DJ5
  MATCH   DK1
  MATCH   DK2
  MATCH   DK3
  MISS    DK4 THE KIN AND THE HOLES — pity_barred 2, talion_pity_barred 1, put_to_death 7, stoned 2, lashes 0, pays 1, exempt 1, israel_hears_and_fears 1, hanged 1, burie
      declared: ((2, 1, 7, 2, 0, 1, 1, 1, 1, 9, 2, 2, 1, 1, 1, 1, 1, 1, 1, 0, 2, 1, 1, 1, 1, 1, 1, 1, 1, 1, 2, 1, 2, 2, 2, 1, 1, 0, 0, 0, 0, 0), 10, ['return_it', "a man's wife", (15, 6), 'permitted', 'no verdict in span', 'PAY-MONEY', 'routed_Deut_22_9', ['Deut 25:5', 'Num 27:8'], 'open_to_deuteronomy_and_samuel', 'cursing_barred', 'stoned'], 51, True, True)
      computed: ((2, 1, 7, 2, 0, 1, 1, 1, 1, 9, 2, 2, 1, 1, 1, 1, 1, 1, 1, 0, 2, 1, 1, 1, 1, 1, 1, 1, 1, 1, 2, 1, 2, 3, 2, 1, 1, 0, 0, 0, 0, 0), 10, ['return_it', "a man's wife", (15, 6), 'permitted', 'no verdict in span', 'PAY-MONEY', 'routed_Deut_22_9', ['Deut 25:5', 'Num 27:8'], 'open_to_deuteronomy_and_samuel', 'cursing_barred', 'stoned'], 51, True, True)
  MATCH   DK5
  MISS    DL1 THE LINES — twenty-one events on the tape AFTER the tape's last Deuteronomy 25 line, in the ink's order (26:1, 26:12, 26:16, 27:1, 27:9, 27:11, 27:14, 28:1,
      declared: (['first_fruits_declared', 'tithe_confession_declared', 'covenant_formula_declared', 'stones_altar_declared', 'people_this_day_declared', 'gerizim_ebal_tribes_declared', 'twelve_curses_declared', 'blessings_condition_declared', 'enemies_storehouses_blessing_declared', 'holy_people_fear_declared', 'heavens_treasure_lending_declared', 'curses_condition_declared', 'curse_diseases_brass_declared', 'defeat_carcass_boil_madness_declared', 'wife_house_vineyard_king_taken_declared', 'harvests_failed_stranger_head_declared', 'curses_pursue_iron_yoke_declared', 'eagle_nation_siege_declared', 'sons_flesh_siege_declared', 'plagues_scattered_declared', 'trembling_ships_covenant_declared'], True, 0, 172, [(40, 11, 1)], 0)
      computed: (['first_fruits_declared', 'tithe_confession_declared', 'covenant_formula_declared', 'stones_altar_declared', 'people_this_day_declared', 'gerizim_ebal_tribes_declared', 'twelve_curses_declared', 'blessings_condition_declared', 'enemies_storehouses_blessing_declared', 'holy_people_fear_declared', 'heavens_treasure_lending_declared', 'curses_condition_declared', 'curse_diseases_brass_declared', 'defeat_carcass_boil_madness_declared', 'wife_house_vineyard_king_taken_declared', 'harvests_failed_stranger_head_declared', 'curses_pursue_iron_yoke_declared', 'eagle_nation_siege_declared', 'sons_flesh_siege_declared', 'plagues_scattered_declared', 'trembling_ships_covenant_declared'], True, 0, 172, [(2489, 11, 1)], 0)
  MATCH   DL2
  MISS    DL3 THE READBACK — THE FORMS ON FILE, NO NEW FORM: the_readback's rows ONE HUNDRED AND FOURTEEN, one per verse (the census from the runner's print: SUPPLIED 39,
      declared: (114, 53, 114, 39, ['Deut 28:1', 'Deut 28:15'], ['Deut 28:3', 'Deut 28:68'], 0, 0)
      computed: (114, 52, 114, 39, ['Deut 28:1', 'Deut 28:15'], ['Deut 28:3', 'Deut 28:68'], 0, 0)
  MATCH   DL4
  MATCH   DL5
  MATCH   CG0
  MATCH   CG1
  MATCH   CG2
  MATCH   CG3
  MATCH   CG4
  MATCH   CG5
  MATCH   CG6
  MATCH   CG7
  MATCH   CG8
  MATCH   CG9
  MATCH   CH0
  MISS    CH1 Mishnah Avot 5:3: ten trials of Abraham against the ink's one trial verb (22:1) — DIVERGE expected; the ten's list is Avot de-Rabbi Natan's, absent from the
      declared: 10
      computed: 1
  MATCH   CH2
  MATCH   CH3
  MATCH   CH4
  MATCH   CH5
  MATCH   CH6
  MATCH   CH7
  MATCH   CH8
  MATCH   CH9
  MATCH   CH10
  MATCH   CJ0
  MATCH   CJ1
  MATCH   CJ2
  MATCH   CJ3
  MISS    CJ3b the names counted by script per register (Er and Onan dead by 46:12) against the sub-totals — Leah's thirty-three against thirty-two living named: the miss
      declared: (33, 16, 14, 7)
      computed: (32, 16, 14, 7)
  MATCH   CJ4
  MATCH   CJ5
  MATCH   CJ6
  MATCH   CJ7
  MATCH   CJ8
  MATCH   CJ9
  MATCH   CJ10
  MATCH   CJ10-tokens
  MATCH   CJ11
  MATCH   C12
  MATCH   C13
checkpoint_check: 341 rows, 33 miss, 0 raised — the tape stepped to its end in 30s
