=== chain start 18:52:41 ROOT=/Users/Shared/TorahSim
=== seat deu_26_bikkurim_close 18:52:41
deu_26_bikkurim_close: seated 3 operators on 3 steps [1, 12, 16]; scenarios 7 in the anchor form
=== verify_text deu_26_bikkurim_close 18:52:41
exit 0 TEXT LAYER GREEN: 19 steps, 7 scenarios — deu_26_bikkurim_close
=== ritual deu_26_bikkurim_close 18:52:41
exit 0 Manual next: watchlist (logic/middot_scan/), state-doc update, owner commit word.
=== seat deu_27_ebal_curses 18:53:35
deu_27_ebal_curses: seated 4 operators on 4 steps [1, 9, 11, 14]; scenarios 7 in the anchor form
=== verify_text deu_27_ebal_curses 18:53:35
exit 0 TEXT LAYER GREEN: 26 steps, 7 scenarios — deu_27_ebal_curses
=== ritual deu_27_ebal_curses 18:53:35
exit 0 Manual next: watchlist (logic/middot_scan/), state-doc update, owner commit word.
=== seat deu_28_blessings 18:54:13
deu_28_blessings: seated 4 operators on 4 steps [1, 7, 9, 11]; scenarios 7 in the anchor form
=== verify_text deu_28_blessings 18:54:13
exit 0 TEXT LAYER GREEN: 14 steps, 7 scenarios — deu_28_blessings
=== ritual deu_28_blessings 18:54:13
exit 0 Manual next: watchlist (logic/middot_scan/), state-doc update, owner commit word.
=== seat deu_28_curses_a 18:54:51
deu_28_curses_a: seated 5 operators on 5 steps [15, 20, 25, 30, 38]; scenarios 7 in the anchor form
=== verify_text deu_28_curses_a 18:54:51
exit 0 TEXT LAYER GREEN: 30 steps, 7 scenarios — deu_28_curses_a
=== ritual deu_28_curses_a 18:54:52
exit 0 Manual next: watchlist (logic/middot_scan/), state-doc update, owner commit word.
=== seat deu_28_curses_b 18:55:31
deu_28_curses_b: seated 5 operators on 5 steps [45, 49, 53, 58, 65]; scenarios 7 in the anchor form
=== verify_text deu_28_curses_b 18:55:31
exit 0 TEXT LAYER GREEN: 25 steps, 7 scenarios — deu_28_curses_b
=== ritual deu_28_curses_b 18:55:31
exit 0 Manual next: watchlist (logic/middot_scan/), state-doc update, owner commit word.
ALL_DONE
