DISTINCT CITATIONS: 28 | cited at least twice: 17 | the rows: [('Bikkurim', 1, 1, 2), ('Bikkurim', 1, 2, 1), ('Bikkurim', 1, 3, 2), ('Bikkurim', 1, 4, 3), ('Bikkurim', 1, 5, 1), ('Bikkurim', 1, 6, 1), ('Bikkurim', 1, 8, 2), ('Bikkurim', 1, 10, 2), ('Bikkurim', 2, 4, 1), ('Bikkurim', 3, 1, 2), ('Bikkurim', 3, 4, 1), ('Bikkurim', 3, 7, 1), ('Bikkurim', 3, 8, 2), ('Maaser Sheni', 5, 6, 4), ('Maaser Sheni', 5, 10, 3), ('Maaser Sheni', 5, 11, 3), ('Maaser Sheni', 5, 12, 2), ('Maaser Sheni', 5, 13, 1), ('Maaser Sheni', 5, 14, 1), ('Peah', 1, 1, 3), ('Peah', 4, 11, 1), ('Peah', 8, 5, 2), ('Shekalim', 3, 24, 1), ('Sotah', 7, 1, 2), ('Sotah', 7, 2, 3), ('Sotah', 7, 5, 5), ('Terumot', 11, 3, 3), ('Yevamot', 12, 3, 1)]
  SEATS Bikkurim 1:1: ['THE DEUTERONOMY WALK sitting 18 — CHAPTERS 26-28, LEAN, Chap', '- Sifrei Devarim 297:10 — MATERIAL. On 26:1. "WHICH THE LORD']
  SEATS Bikkurim 1:2: ['- Sifrei Devarim 297:9 — MATERIAL. On 26:1. "THE GROUND" — E']
  SEATS Bikkurim 1:3: ['- Sifrei Devarim 297:4 — MATERIAL (REREAD WHOLE — read befor', "- THE FIRST FRUITS' CLOCK AND CLASS — entering and settling "]
  SEATS Bikkurim 1:4: ['- Sifrei Devarim 299:2 — MATERIAL. On 26:3 (headless — insid', '- Sifrei Devarim 299:3 — MATERIAL. On 26:3 (headless — insid', "- THE FIRST FRUITS' CLOCK AND CLASS — entering and settling "]
  SEATS Bikkurim 1:5: ['- Sifrei Devarim 301:32 — MATERIAL. On 26:5. "WHICH YOU HAVE']
  SEATS Bikkurim 1:6: ['- Sifrei Devarim 297:9 — MATERIAL. On 26:1. "THE GROUND" — E']
  SEATS Bikkurim 1:8: ['- Sifrei Devarim 300:2 — MATERIAL. On 26:4. "FROM YOUR HAND"', "- THE FIRST FRUITS' CLOCK AND CLASS — entering and settling "]
  SEATS Bikkurim 1:10: ['- Sifrei Devarim 299:4 — MATERIAL. On 26:3 (headless — insid', '- Sifrei Devarim 301:27 — MATERIAL. On 26:5. "A LAND FLOWING']
  SEATS Bikkurim 2:4: ['- Sifrei Devarim 300:2 — MATERIAL. On 26:4. "FROM YOUR HAND"']
  SEATS Bikkurim 3:1: ['- Sifrei Devarim 301:31 — MATERIAL. On 26:5. "THE FIRST OF A', "- THE FIRST FRUITS' CLOCK AND CLASS — entering and settling "]
  SEATS Bikkurim 3:4: ['- Sifrei Devarim 301:35 — MATERIAL. On 26:5. "IN ALL THE GOO']
  SEATS Bikkurim 3:7: ['- Sifrei Devarim 301:2 — MATERIAL. On 26:5. HENCE: AT FIRST ']
  SEATS Bikkurim 3:8: ['- Sifrei Devarim 300:1 — MATERIAL. On 26:4. "AND THE PRIEST ', "- THE FIRST FRUITS' CLOCK AND CLASS — entering and settling "]
  SEATS Maaser Sheni 5:6: ['THE DEUTERONOMY WALK sitting 18 — CHAPTERS 26-28, LEAN, Chap', '- Sifrei Devarim 302:1 — MATERIAL. On 26:12. "WHEN YOU HAVE ', '- Sifrei Devarim 109:3 — MATERIAL (REREAD WHOLE — read befor', "- THE REMOVAL AND THE CONFESSION — the removal's clock at Pa"]
  SEATS Maaser Sheni 5:10: ['- Sifrei Devarim 303:6 — MATERIAL. On 26:13-15 (headless — t', '- Onkelos Deut 26:13 — MATERIAL. AND YOU SHALL SAY BEFORE TH', "- THE REMOVAL AND THE CONFESSION — the removal's clock at Pa"]
  SEATS Maaser Sheni 5:11: ['- Sifrei Devarim 303:11 — MATERIAL. On 26:13-15 (headless — ', '- Sifrei Devarim 303:13 — MATERIAL. On 26:13-15 (headless — ', '- Sifrei Devarim 303:14 — MATERIAL. On 26:13-15 (headless — ']
  SEATS Maaser Sheni 5:12: ['- Sifrei Devarim 303:17 — MATERIAL. On 26:13-15 (headless — ', '- Sifrei Devarim 303:19 — MATERIAL. On 26:13-15 (headless — ']
  SEATS Maaser Sheni 5:13: ['- Sifrei Devarim 303:20 — MATERIAL. On 26:13-15 (headless — ']
  SEATS Maaser Sheni 5:14: ['- Sifrei Devarim 301:37 — MATERIAL. On 26:5. "YOU, THE LEVIT']
  SEATS Peah 1:1: ['THE DEUTERONOMY WALK sitting 18 — CHAPTERS 26-28, LEAN, Chap', '- Sifrei Devarim 297:7 — MATERIAL. On 26:1. "FROM THE FIRST"', "- THE REMOVAL AND THE CONFESSION — the removal's clock at Pa"]
  SEATS Peah 4:11: ['- Sifrei Devarim 303:3 — MATERIAL. On 26:13-15 (headless — t']
  SEATS Peah 8:5: ['- Sifrei Devarim 303:2 — MATERIAL. On 26:13-15 (headless — t', "- THE REMOVAL AND THE CONFESSION — the removal's clock at Pa"]
  SEATS Shekalim 3:24: ['- Sifrei Devarim 300:2 — MATERIAL. On 26:4. "FROM YOUR HAND"']
  SEATS Sotah 7:1: ['THE DEUTERONOMY WALK sitting 18 — CHAPTERS 26-28, LEAN, Chap', '- Sifrei Devarim 303:4 — MATERIAL. On 26:13-15 (headless — t']
  SEATS Sotah 7:2: ['- Sifrei Devarim 301:1 — MATERIAL. On 26:5. "AND YOU SHALL R', '- Sifrei Devarim 291:5 — MATERIAL (REREAD WHOLE — read befor', '- THE RECITAL — "Laban the Aramean sought to destroy my fath']
  SEATS Sotah 7:5: ['THE DEUTERONOMY WALK sitting 18 — CHAPTERS 26-28, LEAN, Chap', '- Sifrei Devarim 55:2 — MATERIAL (REREAD WHOLE — read before', '- Onkelos Deut 27:12 — MATERIAL. THESE SHALL STAND TO BLESS ', '- Onkelos Deut 27:14 — MATERIAL. THE LEVITES SHALL ANSWER AN', "- THE CEREMONY'S PARAMETERS — the six and the six (27:12-13;"]
  SEATS Terumot 11:3: ['THE DEUTERONOMY WALK sitting 18 — CHAPTERS 26-28, LEAN, Chap', '- Sifrei Devarim 297:8 — MATERIAL. On 26:1. "FRUIT" — FRUIT ', "- THE FIRST FRUITS' CLOCK AND CLASS — entering and settling "]
  SEATS Yevamot 12:3: ['- Sifrei Devarim 291:7 — EXCLUDED (REREAD WHOLE — read befor']

==== Mishnah Bikkurim 1:1 (cited 2 times by the ledger's rows) ====
HE: יֵשׁ מְבִיאִין בִּכּוּרִים וְקוֹרִין, מְבִיאִין וְלֹא קוֹרִין, וְיֵשׁ שֶׁאֵינָן מְבִיאִין. אֵלּוּ שֶׁאֵינָן מְבִיאִין, הַנּוֹטֵעַ לְתוֹךְ שֶׁלּוֹ וְהִבְרִיךְ לְתוֹךְ שֶׁל יָחִיד אוֹ שֶׁל רַבִּים, וְכֵן הַמַּבְרִיךְ מִתּוֹךְ שֶׁל יָחִיד אוֹ מִתּוֹךְ שֶׁל רַבִּים לְתוֹךְ שֶׁלּוֹ. הַנּוֹטֵעַ לְתוֹךְ שֶׁלּוֹ וְהִבְרִיךְ לְתוֹךְ שֶׁלּוֹ, וְדֶרֶךְ הַיָּחִיד וְדֶרֶךְ הָרַבִּים בָּאֶמְצַע, הֲרֵי זֶה אֵינוֹ מֵבִיא. רַבִּי יְהוּדָה אוֹמֵר, כָּזֶה מֵבִיא:
EN: There are some who bring bikkurim and recite [the declaration]; others who only bring, but do not recite; and there are some who neither bring nor recite.The following are those that do not bring: one who plants [a vine] on his own property, but buries [a shoot in the ground] so that [it] grows on property belonging to [another] individual or to the public. And similarly if one buries [a shoot in the ground] of another person’s private property or in public property, so that it grows on his own property; Or, if one plants [a vine] on his own [property] and [buries it in the ground] so that it still grows on his own property, but there is a private or public road between, such a one does not bring [bikkurim.] Rabbi Judah says: such a one has to bring bikkurim.

==== Mishnah Bikkurim 1:2 (cited 1 time by the ledger's rows) ====
HE: מֵאֵיזֶה טַעַם אֵינוֹ מֵבִיא, מִשּׁוּם שֶׁנֶּאֱמַר, רֵאשִׁית בִּכּוּרֵי אַדְמָתְךָ (שמות כג), עַד שֶׁיְּהוּ כָל הַגִּדּוּלִין מֵאַדְמָתְךָ. הָאֲרִיסִין וְהֶחָכוֹרוֹת וְהַסִּקָּרִיקוֹן וְהַגַּזְלָן, אֵין מְבִיאִין מֵאוֹתוֹ הַטַּעַם, מִשּׁוּם שֶׁנֶּאֱמַר, רֵאשִׁית בִּכּוּרֵי אַדְמָתְךָ:
EN: For what reason may he not bring them? Because it is said, “The first-fruits of your land” (Exodus 23:19) until all of their growth is on your land. Sharecroppers, leasers, or occupiers of confiscated property (sikarikon), or a robber does not bring them for the same reason, because it says, “The first-fruits of your land.”

==== Mishnah Bikkurim 1:3 (cited 2 times by the ledger's rows) ====
HE: אֵין מְבִיאִין בִּכּוּרִים חוּץ מִשִּׁבְעַת הַמִּינִים. לֹא מִתְּמָרִים שֶׁבֶּהָרִים, וְלֹא מִפֵּרוֹת שֶׁבָּעֲמָקִים, וְלֹא מִזֵּיתֵי שֶׁמֶן שֶׁאֵינָם מִן הַמֻּבְחָר. אֵין מְבִיאִין בִּכּוּרִים קֹדֶם לָעֲצֶרֶת. אַנְשֵׁי הַר צְבוֹעִים הֵבִיאוּ בִכּוּרֵיהֶם קֹדֶם לָעֲצֶרֶת, וְלֹא קִבְּלוּ מֵהֶם, מִפְּנֵי הַכָּתוּב שֶׁבַּתּוֹרָה (שמות כג) וְחַג הַקָּצִיר בִּכּוּרֵי מַעֲשֶׂיךָ אֲשֶׁר תִּזְרַע בַּשָּׂדֶה:
EN: Bikkurim are brought only from the seven species. Not from dates grown on hills, nor from [the other species] grown in the valley, nor from olives that are not choice. Bikkurim are not to be brought before Shavuot. The people from Mt. Zevoim brought bikkurim prior to Atzeret (Shavuot), but they did not accept from them, on for it is written in the Torah: “And the festival of the harvest, the first-fruits of your labors, which you have sown in the field” (Exodus 23:16).

==== Mishnah Bikkurim 1:4 (cited 3 times by the ledger's rows) ====
HE: אֵלּוּ מְבִיאִין וְלֹא קוֹרִין, הַגֵּר מֵבִיא וְאֵינוֹ קוֹרֵא, שֶׁאֵינוֹ יָכוֹל לוֹמַר אֲשֶׁר נִשְׁבַּע ה' לַאֲבוֹתֵינוּ לָתֵת לָנוּ (דברים כ״ו:ג׳). וְאִם הָיְתָה אִמּוֹ מִיִּשְׂרָאֵל, מֵבִיא וְקוֹרֵא. וּכְשֶׁהוּא מִתְפַּלֵּל בֵּינוֹ לְבֵין עַצְמוֹ, אוֹמֵר, אֱלֹהֵי אֲבוֹת יִשְׂרָאֵל. וּכְשֶׁהוּא בְבֵית הַכְּנֶסֶת, אוֹמֵר, אֱלֹהֵי אֲבוֹתֵיכֶם. וְאִם הָיְתָה אִמּוֹ מִיִּשְׂרָאֵל, אוֹמֵר, אֱלֹהֵי אֲבוֹתֵינוּ:
EN: These bring [bikkurim] but do not read the declaration:The convert, since he cannot say: “Which the Lord has sworn to our fathers, to give to us” (Deuteronomy 26:3). If his mother was an Israelite, then he brings bikkurim and recites. When he prays privately, he says: “God of the fathers of Israel,” but when he is in the synagogue, he should say: “The God of your fathers.” But if his mother was an Israelite, he says: “The God of our fathers’.

==== Mishnah Bikkurim 1:5 (cited 1 time by the ledger's rows) ====
HE: רַבִּי אֱלִיעֶזֶר בֶּן יַעֲקֹב אוֹמֵר, אִשָּׁה בַת גֵּרִים לֹא תִנָּשֵׂא לַכְּהֻנָּה, עַד שֶׁתְּהֵא אִמָּהּ מִיִּשְׂרָאֵל. אֶחָד גֵּרִים וְאֶחָד עֲבָדִים מְשֻׁחְרָרִים, וַאֲפִלּוּ עַד עֲשָׂרָה דוֹרוֹת, עַד שֶׁתְּהֵא אִמָּן מִיִּשְׂרָאֵל. הָאַפּוֹטְרוֹפּוֹס וְהַשָּׁלִיחַ וְהָעֶבֶד וְהָאִשָּׁה וְטֻמְטוּם וְאַנְדְּרוֹגִינוֹס, מְבִיאִין וְלֹא קוֹרִין, שֶׁאֵינָן יְכוֹלִין לוֹמַר (דברים כ״ו:י׳) אֲשֶׁר נָתַתָּה לִּי ה':
EN: Rabbi Eliezer ben Yaakov says: a woman who is a daughter of a convert may not marry a priest unless her mother was herself an Israelite. [This law applies equally to the offspring] whether of proselytes or freed slaves, even to ten generations, unless their mother is an Israelite. A guardian, an agent, a slave, a woman, one of doubtful sex, or a hermaphrodite bring the bikkurim, but do not recite, since they cannot say: “Which you, O Lord, have given to me” (Deuteronomy 26:10).

==== Mishnah Bikkurim 1:6 (cited 1 time by the ledger's rows) ====
HE: הַקּוֹנֶה שְׁתֵּי אִילָנוֹת בְּתוֹךְ שֶׁל חֲבֵרוֹ, מֵבִיא וְאֵינוֹ קוֹרֵא. רַבִּי מֵאִיר אוֹמֵר, מֵבִיא וְקוֹרֵא. יָבַשׁ הַמַּעְיָן, נִקְצַץ הָאִילָן, מֵבִיא וְאֵינוֹ קוֹרֵא. רַבִּי יְהוּדָה אוֹמֵר, מֵבִיא וְקוֹרֵא. מֵעֲצֶרֶת וְעַד הֶחָג, מֵבִיא וְקוֹרֵא. מִן הֶחָג וְעַד חֲנֻכָּה, מֵבִיא וְאֵינוֹ קוֹרֵא. רַבִּי יְהוּדָה בֶן בְּתֵירָא אוֹמֵר, מֵבִיא וְקוֹרֵא:
EN: One who buys two trees [that had grown] in property belonging to his fellow brings bikkurim but does not recite the declaration. Rabbi Meir says: he brings and recites. If the well dried up, or the tree was cut down, he brings but does not recite. Rabbi Judah says: he brings and recites. From Atzeret (Shavuot) until the Festival (of Sukkot) he brings and recites. From the Festival (of Sukkot) and until Hannukah he brings, but does not recite. Rabbi Judah ben Batera says: he brings and recites.

==== Mishnah Bikkurim 1:8 (cited 2 times by the ledger's rows) ====
HE: הִפְרִישׁ בִּכּוּרָיו, נִבְזְזוּ, נָמַקּוּ, נִגְנְבוּ, אָבְדוּ, אוֹ שֶׁנִּטְמְאוּ, מֵבִיא אֲחֵרִים תַּחְתֵּיהֶם וְאֵינוֹ קוֹרֵא. וְהַשְּׁנִיִּים אֵינָם חַיָּבִים עֲלֵיהֶם חֹמֶשׁ. נִטְמְאוּ בָעֲזָרָה, נוֹפֵץ וְאֵינוֹ קוֹרֵא:
EN: If one set aside his bikkurim and they were robbed, or rotted, were stolen or lost, or became unclean, he must bring others in their place, but does not recite [the declaration]. These others are not subject to the law of the [added] fifth. If they become unclean while in the Temple court, he must scatter them and he does not recite.

==== Mishnah Bikkurim 1:10 (cited 2 times by the ledger's rows) ====
HE: וְאֵלּוּ מְבִיאִין וְקוֹרִין, מִן הָעֲצֶרֶת וְעַד הֶחָג, מִשִּׁבְעַת הַמִּינִים, מִפֵּרוֹת שֶׁבֶּהָרִים, מִתְּמָרוֹת שֶׁבָּעֲמָקִים, וּמִזֵּיתֵי שֶׁמֶן, מֵעֵבֶר הַיַּרְדֵּן. רַבִּי יוֹסֵי הַגְּלִילִי אוֹמֵר, אֵין מְבִיאִין בִּכּוּרִים מֵעֵבֶר הַיַּרְדֵּן, שֶׁאֵינָהּ אֶרֶץ זָבַת חָלָב וּדְבָשׁ:
EN: These bring and recite:[One who brings bikkurim] from Atzeret until the Festival [of Sukkot], from the seven species, from fruit grown on the mountains, or dates grown in the valleys, from oil-olives, and from [produce] from the other side of the Jordan. Rabbi Yose the Galilean says: one does not bring [bikkurim] from transjordania, since that is not a land flowing with milk and honey.

==== Mishnah Bikkurim 2:4 (cited 1 time by the ledger's rows) ====
HE: וְיֵשׁ בַּבִּכּוּרִים מַה שֶּׁאֵין כֵּן בַּתְּרוּמָה וּבַמַּעֲשֵׂר, שֶׁהַבִּכּוּרִים נִקְנִין בִּמְחֻבָּר לַקַּרְקַע, וְעוֹשֶׂה אָדָם כָּל שָׂדֵהוּ בִּכּוּרִים, וְחַיָּב בְּאַחֲרָיוּתָם, וּטְעוּנִים קָרְבָּן וְשִׁיר וּתְנוּפָה וְלִינָה:
EN: And there are [laws] which apply to bikkurim which do not [apply] to terumah or maaser sheni:For bikkurim can become acquired while still attached [to the soil]. And a man may make his entire field bikkurim; He is responsible for them; And they require a sacrifice, a song, waving and spending the night in Jerusalem.

==== Mishnah Bikkurim 3:1 (cited 2 times by the ledger's rows) ====
HE: כֵּיצַד מַפְרִישִׁין הַבִּכּוּרִים. יוֹרֵד אָדָם בְּתוֹךְ שָׂדֵהוּ וְרוֹאֶה תְּאֵנָה שֶׁבִּכְּרָה, אֶשְׁכּוֹל שֶׁבִּכֵּר, רִמּוֹן שֶׁבִּכֵּר, קוֹשְׁרוֹ בְגֶמִי, וְאוֹמֵר, הֲרֵי אֵלּוּ בִּכּוּרִים. רַבִּי שִׁמְעוֹן אוֹמֵר, אַף עַל פִּי כֵן חוֹזֵר וְקוֹרֵא אוֹתָם בִּכּוּרִים מֵאַחַר שֶׁיִּתָּלְשׁוּ מִן הַקַּרְקָע:
EN: How does one set aside bikkurim? A man goes down into his field, he sees a fig that ripened, or a cluster of grapes that ripened, or a pomegranate that ripened, he ties a reed-rope around it and says: “Let these be bikkurim.” Rabbi Shimon says: even so, he must again designate them as bikkurim after they have been plucked from the soil.

==== Mishnah Bikkurim 3:4 (cited 1 time by the ledger's rows) ====
HE: הֶחָלִיל מַכֶּה לִפְנֵיהֶם עַד שֶׁמַּגִּיעִין לְהַר הַבָּיִת. הִגִּיעוּ לְהַר הַבַּיִת, אֲפִלּוּ אַגְרִיפַּס הַמֶּלֶךְ נוֹטֵל הַסַּל עַל כְּתֵפוֹ וְנִכְנָס, עַד שֶׁמַּגִּיעַ לָעֲזָרָה. הִגִּיעַ לָעֲזָרָה וְדִבְּרוּ הַלְוִיִּם בַּשִּׁיר, אֲרוֹמִמְךָ ה' כִּי דִלִּיתָנִי וְלֹא שִׂמַּחְתָּ אֹיְבַי לִי (תהלים ל):
EN: The flute would play before them, until they reached the Temple Mount. When they reached the Temple Mount even King Agrippas would take the basket and place it on his shoulder and walk as far as the Temple Court. When he got to the Temple Court, the Levites would sing the song: “I will extol You, O Lord, for You have raised me up, and You have not let my enemies rejoice over me” (Psalms 30:2).

==== Mishnah Bikkurim 3:7 (cited 1 time by the ledger's rows) ====
HE: בָּרִאשׁוֹנָה, כָּל מִי שֶׁיּוֹדֵעַ לִקְרוֹת, קוֹרֵא. וְכָל מִי שֶׁאֵינוֹ יוֹדֵעַ לִקְרוֹת, מַקְרִין אוֹתוֹ. נִמְנְעוּ מִלְּהָבִיא, הִתְקִינוּ שֶׁיְּהוּ מַקְרִין אֶת מִי שֶׁיּוֹדֵעַ וְאֶת מִי שֶׁאֵינוֹ יוֹדֵעַ:
EN: Originally all who knew how to recite would recite while those who did not know how to recite, others would read it for them [and they would repeat the words]. But when they refrained from bringing, they decreed that they should read the words to both those who could and those who could not [recite so that they could repeat after them].

==== Mishnah Bikkurim 3:8 (cited 2 times by the ledger's rows) ====
HE: הָעֲשִׁירִים מְבִיאִים בִּכּוּרֵיהֶם בִּקְלָתוֹת שֶׁל כֶּסֶף וְשֶׁל זָהָב, וְהָעֲנִיִּים מְבִיאִין אוֹתָם בְּסַלֵּי נְצָרִים שֶׁל עֲרָבָה קְלוּפָה, וְהַסַּלִּים וְהַבִּכּוּרִים נִתָּנִין לַכֹּהֲנִים:
EN: The rich would bring their bikkurim in baskets overlaid with silver or gold, while the poor used wicker-baskets of peeled willow-branches, and the baskets and the bikkurim were given to the priest.

==== Mishnah Maaser Sheni 5:6 (cited 4 times by the ledger's rows) ====
HE: עֶרֶב יוֹם טוֹב הָרִאשׁוֹן שֶׁל פֶּסַח שֶׁל רְבִיעִית וְשֶׁל שְׁבִיעִית, הָיָה בִעוּר. כֵּיצַד הָיָה בִעוּר, נוֹתְנִין תְּרוּמָה וּתְרוּמַת מַעֲשֵׂר לַבְּעָלִים, וּמַעֲשֵׂר רִאשׁוֹן לִבְעָלָיו, וּמַעֲשַׂר עָנִי לִבְעָלָיו. וּמַעֲשֵׂר שֵׁנִי וְהַבִּכּוּרִים מִתְבַּעֲרִים בְּכָל מָקוֹם. רַבִּי שִׁמְעוֹן אוֹמֵר, הַבִּכּוּרִים נִתָּנִין לַכֹּהֲנִים כַּתְּרוּמָה. הַתַּבְשִׁיל, בֵּית שַׁמַּאי אוֹמְרִים, צָרִיךְ לְבַעֵר. וּבֵית הִלֵּל אוֹמְרִים, הֲרֵי הוּא כִּמְבֹעָר:
EN: On the eve of the first [others read “last”] festival-day of Pesah in the fourth and in the seventh [years of the sabbatical cycle] the removal was performed. Terumah and the terumah of tithe were given to their owners, the first tithe was given to its owner, the tithe of the poor to its owner, and maaser sheni and first-fruits were removed in every place. Rabbi Shimon says: first-fruits were given to the priests like terumah. As for a cooked dish [with maaser sheni in it]: Bet Shammai says: it must be removed. But Bet Hillel say: lo, it may be considered as already removed.

==== Mishnah Maaser Sheni 5:10 (cited 3 times by the ledger's rows) ====
HE: בַּמִּנְחָה בְיוֹם טוֹב הָאַחֲרוֹן הָיוּ מִתְוַדִּין. כֵּיצַד הָיָה הַוִּדּוּי, בִּעַרְתִּי הַקֹּדֶשׁ מִן הַבַּיִת (דברים כו), זֶה מַעֲשֵׂר שֵׁנִי וְנֶטַע רְבָעִי. נְתַתִּיו לַלֵּוִי, זֶה מַעְשַׂר לֵוִי. וְגַם נְתַתִּיו, זוֹ תְּרוּמָה וּתְרוּמַת מַעֲשֵׂר. לַגֵּר לַיָּתוֹם וְלָאַלְמָנָה, זֶה מַעֲשַׂר עָנִי, הַלֶּקֶט וְהַשִּׁכְחָה וְהַפֵּאָה, אַף עַל פִּי שֶׁאֵינָן מְעַכְּבִין אֶת הַוִּדּוּי. מִן הַבַּיִת, זוֹ חַלָּה:
EN: At minhah on the last festival day they would make the confession. How was the confession made? “I have cleared out the holy portion from the house” this refers to maaser sheni and the fruit of plants in their fourth year. “I have given them to the Levite” this refers to the tithe of the levites. “And also I have given them” this refers to terumah and the terumah of tithe. “To the stranger, to the orphans, and to the widow” this refers to the tithe of the poor, gleanings, forgotten sheaves, and the corners of the field, even though these do not prevent [one from making] the confession. “Out of the house” this refers to hallah.

==== Mishnah Maaser Sheni 5:11 (cited 3 times by the ledger's rows) ====
HE: כְּכָל מִצְוָתְךָ אֲשֶׁר צִוִּיתָנִי (שם), הָא אִם הִקְדִּים מַעֲשֵׂר שֵׁנִי לָרִאשׁוֹן, אֵינוֹ יָכוֹל לְהִתְוַדּוֹת. לֹא עָבַרְתִּי מִמִּצְוֹתֶיךָ, לֹא הִפְרַשְׁתִּי מִמִּין עַל שֶׁאֵינוֹ מִינוֹ, וְלֹא מִן הַתָּלוּשׁ עַל הַמְחֻבָּר, וְלֹא מִן הַמְחֻבָּר עַל הַתָּלוּשׁ, וְלֹא מִן הֶחָדָשׁ עַל הַיָּשָׁן, וְלֹא מִן הַיָּשָׁן עַל הֶחָדָשׁ. וְלֹא שָׁכָחְתִּי, לֹא שָׁכַחְתִּי מִלְּבָרֶכְךָ וּמִלְּהַזְכִּיר שִׁמְךָ עָלָיו:
EN: “According to all Your commandments which You have commanded me,” thus, if he took out maaser sheni before the first tithe he cannot make the confession. “I have not transgressed any of Your commandments” I have not set apart [tithes] from one kind for a different kind, nor from plucked [produce] for [produce still] joined [to the soil], nor from new [produce] for old [produce], nor from old [produce] for new. “Neither have I forgotten” I have not forgotten to bless You, nor to make mention of Your name over it.

==== Mishnah Maaser Sheni 5:12 (cited 2 times by the ledger's rows) ====
HE: לֹא אָכַלְתִּי בְאֹנִי מִמֶּנּוּ (שם), הָא אִם אֲכָלוֹ בַאֲנִינָה אֵינוֹ יָכוֹל לְהִתְוַדּוֹת. וְלֹא בִעַרְתִּי מִמֶּנּוּ בְּטָמֵא, הָא אִם הִפְרִישׁוֹ בְטֻמְאָה אֵינוֹ יָכוֹל לְהִתְוַדּוֹת. וְלֹא נָתַתִּי מִמֶּנּוּ לְמֵת, לֹא לָקַחְתִּי מִמֶּנּוּ אָרוֹן וְתַכְרִיכִים לְמֵת, וְלֹא נְתַתִּיו לְאוֹנְנִים אֲחֵרִים. שָׁמַעְתִּי בְקוֹל ה' אֱלֹהָי, הֲבֵאתִיו לְבֵית הַבְּחִירָה. עָשִׂיתִי כְּכֹל אֲשֶׁר צִוִּיתָנִי, שָׂמַחְתִּי וְשִׂמַּחְתִּי בוֹ:
EN: “I have not eaten from it in my mourning” thus, if he had eaten it in his mourning (aninut), he cannot make the confession. “Neither have I removed any of it when unclean” thus, if he had removed it in uncleanness he cannot make the confession. “And I have not given any of it to the dead” I have not used any of it for a coffin or shrouds for the dead, and I have not given any of it to other mourners. “I have listened to the voice of the Lord my God” I have brought it to the chosen house. “I have done just as you commanded me I have rejoiced and made others rejoice.

==== Mishnah Maaser Sheni 5:13 (cited 1 time by the ledger's rows) ====
HE: הַשְׁקִיפָה מִמְּעוֹן קָדְשְׁךָ מִן הַשָּׁמַיִם (דברים כו, טו), עָשִׂינוּ מַה שֶׁגָּזַרְתָּ עָלֵינוּ, אַף אַתָּה עֲשֵׂה מַה שֶׁהִבְטַחְתָּנוּ, הַשְׁקִיפָה מִמְּעוֹן קָדְשְׁךָ מִן הַשָּׁמַיִם וּבָרֵךְ אֶת עַמְּךָ אֶת יִשְׂרָאֵל בְּבָנִים וּבְבָנוֹת. וְאֵת הָאֲדָמָה אֲשֶׁר נָתַתָּה לָנוּ, בְּטַל וּבְמָטָר וּבְוַלְדוֹת בְּהֵמָה. כַּאֲשֶׁר נִשְׁבַּעְתָּ לַאֲבוֹתֵינוּ אֶרֶץ זָבַת חָלָב וּדְבָשׁ, כְּדֵי שֶׁתִּתֵּן טַעַם בַּפֵּרוֹת:
EN: “Look down from Your holy abode, from heaven” We have done what You decreed upon us, You too do what You have promised us. “Look down from Your holy abode, from heaven, and bless Your people Israel” with sons and daughters. “And the land which You have given us” with dew and rain and with offspring of cattle. “As You swore to our fathers, a land flowing with milk and honey” that You may give a good taste to the produce.

==== Mishnah Maaser Sheni 5:14 (cited 1 time by the ledger's rows) ====
HE: מִכָּאן אָמְרוּ, יִשְׂרָאֵל וּמַמְזֵרִים מִתְוַדִּים, אֲבָל לֹא גֵרִים וְלֹא עֲבָדִים מְשֻׁחְרָרִים, שֶׁאֵין לָהֶם חֵלֶק בָּאָרֶץ. רַבִּי מֵאִיר אוֹמֵר, אַף לֹא כֹהֲנִים וּלְוִיִּם, שֶׁלֹּא נָטְלוּ חֵלֶק בָּאָרֶץ. רַבִּי יוֹסֵי אוֹמֵר, יֵשׁ לָהֶם עָרֵי מִגְרָשׁ:
EN: From here they said that Israelites and mamzerim may make the confession, but not converts, nor freed slaves, since they have no inheritance in the land. Rabbi Meir says: neither do priests and Levites since they did not take a share of the land. Rabbi Yose says: they have the Levitical cities.

==== Mishnah Peah 1:1 (cited 3 times by the ledger's rows) ====
HE: אֵלּוּ דְבָרִים שֶׁאֵין לָהֶם שִׁעוּר. הַפֵּאָה, וְהַבִּכּוּרִים, וְהָרֵאָיוֹן, וּגְמִילוּת חֲסָדִים, וְתַלְמוּד תּוֹרָה. אֵלּוּ דְבָרִים שֶׁאָדָם אוֹכֵל פֵּרוֹתֵיהֶן בָּעוֹלָם הַזֶּה וְהַקֶּרֶן קַיֶּמֶת לוֹ לָעוֹלָם הַבָּא. כִּבּוּד אָב וָאֵם, וּגְמִילוּת חֲסָדִים, וַהֲבָאַת שָׁלוֹם בֵּין אָדָם לַחֲבֵרוֹ, וְתַלְמוּד תּוֹרָה כְּנֶגֶד כֻּלָּם:
EN: These are the things that have no definite quantity: The corners [of the field]. First-fruits; [The offerings brought] on appearing [at the Temple on the three pilgrimage festivals]. The performance of righteous deeds; And the study of the torah. The following are the things for which a man enjoys the fruits in this world while the principal remains for him in the world to come: Honoring one’s father and mother; The performance of righteous deeds; And the making of peace between a person and his friend; And the study of the torah is equal to them all.

==== Mishnah Peah 4:11 (cited 1 time by the ledger's rows) ====
HE: חוֹרֵי הַנְּמָלִים שֶׁבְּתוֹךְ הַקָּמָה, הֲרֵי הֵן שֶׁל בַּעַל הַבָּיִת. שֶׁלְּאַחַר הַקּוֹצְרִים, הָעֶלְיוֹנִים לָעֲנִיִּים, וְהַתַּחְתּוֹנִים שֶׁל בַּעַל הַבָּיִת. רַבִּי מֵאִיר אוֹמֵר, הַכֹּל לָעֲנִיִּים, שֶׁסְּפֵק לֶקֶט, לֶקֶט:
EN: [Grain found in] ant holes where the stalks are still standing, behold it still belongs to the owner. After the harvesters [had passed over them], those found in the top parts [of the ant holes belong] to the poor, but [those found] on the bottom parts [belong] to the owner. Rabbi Meir says: it all belongs to the poor, for gleanings about which there is any doubt are regarded as gleanings.

==== Mishnah Peah 8:5 (cited 2 times by the ledger's rows) ====
HE: אֵין פּוֹחֲתִין לָעֲנִיִּים בַּגֹּרֶן מֵחֲצִי קַב חִטִּים וְקַב שְׂעוֹרִים. רַבִּי מֵאִיר אוֹמֵר, חֲצִי קַב. קַב וָחֵצִי כֻסְּמִין, וְקַב גְּרוֹגָרוֹת, אוֹ מָנֶה דְּבֵלָה. רַבִּי עֲקִיבָא אוֹמֵר, פְּרָס. חֲצִי לֹג יָיִן. רַבִּי עֲקִיבָא אוֹמֵר, רְבִיעִית. רְבִיעִית שֶׁמֶן. רַבִּי עֲקִיבָא אוֹמֵר, שְׁמִינִית. וּשְׁאָר כָּל הַפֵּרוֹת, אָמַר אַבָּא שָׁאוּל, כְּדֵי שֶׁיִּמְכְּרֵם וְיִקַּח בָּהֶם מְזוֹן שְׁתֵּי סְעֻדּוֹת:
EN: They may not give to the poor from the threshing-floor less than a half-kav of wheat or a kav of barley. R. Meir says: [only] half a kav [of barley]. [They must give] a kav and a half of spelt, a kav of dried figs or a maneh of pressed figs. Rabbi Akiva says: half a maneh. [They must give] half a log of wine. Rabbi Akiva says: a quarter. [They must give] a quarter [log] of oil. Rabbi Akiva says: an eighth. As for other kinds of produce: Abba Shaul says, [they must give enough] so that he can sell it and buy food enough for two meals.

==== Mishnah Shekalim 3:24 (cited 1 time by the ledger's rows) ====
HE: NO SUCH ROW IN THE EXPORT (chapters 8; chapter 3 has 4 rows)
EN: 

==== Mishnah Sotah 7:1 (cited 2 times by the ledger's rows) ====
HE: אֵלּוּ נֶאֱמָרִין בְּכָל לָשׁוֹן, פָּרָשַׁת סוֹטָה, וּוִדּוּי מַעֲשֵׂר, קְרִיאַת שְׁמַע, וּתְפִלָּה, וּבִרְכַּת הַמָּזוֹן, וּשְׁבוּעַת הָעֵדוּת, וּשְׁבוּעַת הַפִּקָּדוֹן:
EN: These are recited in any language, not specifically Hebrew: The portion of the warning and the oath administered by the priest to a woman suspected by her husband of having been unfaithful [sota]; and the declaration of tithes, which occurs after the third and the sixth years of the seven-year Sabbatical cycle, when one declares that he has given his tithes appropriately; Shema; and the Amida prayer; and Grace after Meals; and an oath of testimony, where one takes an oath that he does not have any testimony to provide on a given issue; and an oath on a deposit, where one takes an oath that he does not have possession of another’s deposit.

==== Mishnah Sotah 7:2 (cited 3 times by the ledger's rows) ====
HE: וְאֵלּוּ נֶאֱמָרִין בִּלְשׁוֹן הַקֹּדֶשׁ. מִקְרָא בִכּוּרִים, וַחֲלִיצָה, בְּרָכוֹת וּקְלָלוֹת, בִּרְכַּת כֹּהֲנִים, וּבִרְכַּת כֹּהֵן גָּדוֹל, וּפָרָשַׁת הַמֶּלֶךְ, וּפָרָשַׁת עֶגְלָה עֲרוּפָה, וּמְשׁוּחַ מִלְחָמָה בְּשָׁעָה שֶׁמְּדַבֵּר אֶל הָעָם:
EN: And these are recited only in the sacred tongue, Hebrew: The recitation of the verses that one recounts when bringing the first fruits to the Temple; and the recitations which form an element of the ritual through which a yavam frees a yevama of her levirate bonds [ḥalitza]; the blessings and curses that were spoken on Mount Gerizim and Mount Ebal; the Priestly Benediction; and the blessing on the Torah recited by the High Priest on Yom Kippur; and the portion of the Torah read by the king at the assembly on Sukkot at the conclusion of the Sabbatical Year; and the portion recited during the ritual of a heifer whose neck is broken, when a person is found killed in an area that is between two cities, and the murderer is unknown; and the speech of a priest who is anointed for war when he addresses the nation before going out to battle.

==== Mishnah Sotah 7:5 (cited 5 times by the ledger's rows) ====
HE: בְּרָכוֹת וּקְלָלוֹת כֵּיצַד. כֵּיוָן שֶׁעָבְרוּ יִשְׂרָאֵל אֶת הַיַּרְדֵּן וּבָאוּ אֶל הַר גְּרִזִּים וְאֶל הַר עֵיבָל שֶׁבְּשׁוֹמְרוֹן שֶׁבְּצַד שְׁכֶם שֶׁבְּאֵצֶל אֵלוֹנֵי מֹרֶה, שֶׁנֶּאֱמַר (שם יא) הֲלֹא הֵמָּה בְּעֵבֶר הַיַּרְדֵּן וְגוֹ', וּלְהַלָּן הוּא אוֹמֵר (בראשית יב) וַיַּעֲבֹר אַבְרָם בָּאָרֶץ עַד מְקוֹם שְׁכֶם עַד אֵלוֹן מוֹרֶה, מָה אֵלוֹן מוֹרֶה הָאָמוּר לְהַלָּן שְׁכֶם, אַף אֵלוֹן מוֹרֶה הָאָמוּר כָּאן שְׁכֶם. שִׁשָּׁה שְׁבָטִים עָלוּ לְרֹאשׁ הַר גְּרִזִּים וְשִׁשָּׁה שְׁבָטִים עָלוּ לְרֹאשׁ הַר עֵיבָל, וְהַכֹּהֲנִים וְהַלְוִיִּם וְהָאָרוֹן עוֹמְדִים לְמַטָּה בָאֶמְצַע, הַכֹּהֲנִים מַקִּיפִין אֶת הָאָרוֹן, וְהַלְוִיִּם אֶת הַכֹּהֲנִים, וְכָל יִשְׂרָאֵל מִכָּאן וּמִכָּאן, שֶׁנֶּאֱמַר (יהושע ח) וְכָל יִשְׂרָאֵל וּזְקֵנָיו וְשֹׁטְרָיו וְשֹׁפְטָיו עֹמְדִים מִזֶּה וּמִזֶּה לָאָרוֹן וְגוֹ'. הָפְכוּ פְנֵיהֶם כְּלַפֵּי הַר גְּרִזִּים וּפָתְחוּ בַבְּרָכָה, בָּרוּךְ הָאִישׁ אֲשֶׁר לֹא יַעֲשֶׂה פֶסֶל וּמַסֵּכָה, וְאֵלּוּ וָאֵלּוּ עוֹנִין אָמֵן. הָפְכוּ פְנֵיהֶם כְּלַפֵּי הַר עֵיבָל וּפָתְחוּ בַקְּלָלָה, (דברים כז) אָרוּר הָאִישׁ אֲשֶׁר יַעֲשֶׂה פֶסֶל וּמַסֵּכָה, וְאֵלּוּ וָאֵלּוּ עוֹנִין אָמֵן, עַד שֶׁגּוֹמְרִין בְּרָכוֹת וּקְלָלוֹת. וְאַחַר כָּךְ הֵבִיאוּ אֶת הָאֲבָנִים וּבָנוּ אֶת הַמִּזְבֵּחַ וְסָדוּהוּ בְסִיד, וְכָתְבוּ עָלָיו אֶת כָּל דִּבְרֵי הַתּוֹרָה בְּשִׁבְעִים לָשׁוֹן, שֶׁנֶּאֱמַר (שם) בַּאֵר הֵיטֵב, וְנָטְלוּ אֶת הָאֲבָנִים וּבָאוּ וְלָנוּ בִמְקוֹמָן:
EN: How did the ceremony of the blessings and curses take place? When the Jewish people crossed the Jordan River they came to Mount Gerizim and Mount Ebal, which are in Samaria along-side the city of Shechem, which is near the oaks of Moreh, as it is stated: “Are they not beyond the Jordan, behind the way of the going down of the sun, in the land of the Canaanites that dwell in the Arabah, over against Gilgal, beside the oaks of Moreh?” (Deuteronomy 11:30), and there it states: “And Abram passed through the land until the place of Shechem, until the oaks of Moreh” (Genesis 12:6). Just as the oaks of Moreh mentioned there with regard to Abraham are close to Shechem, so too, the oaks of Moreh mentioned here are close to Shechem. Six tribes ascended to the top of Mount Gerizim and six tribes ascended to the top of Mount Ebal, and the priests and the Levites and the Ark were standing at the bottom in the middle, between the two mountains. The priests were surrounding the Ark and the Levites were surrounding the priests, and all the rest of the Jewish people were standing on the mountains on this side and on that side, as it is stated: “And all Israel, and their elders and officers, and their judges, stood on this side of the Ark and on that side before the priests the Levites that bore the Ark of the Covenant of the Lord” (Joshua 8:33). The Levites then turned to face Mount Gerizim and opened with the blessing: Blessed be the man who does not make a graven or molten image (see Deuteronomy 27:15), and these people and those people, i.e., the two groups standing on either mountain, answered: Amen. Then they turned to face Mount Ebal and opened with the curse: “Cursed be the man who makes a graven or molten image” (Deuteronomy 27:15), and these people and those people answered: Amen. They continued in this manner until they completed reciting all of the blessings and curses. And afterward they brought the stones as commanded in the Torah, and they built the altar and plastered it with plaster, and they wrote on it all of the words of the Torah in seventy languages, as it is stated: “And you shall write on the stones all the words of this law clearly elucidated” (Deuteronomy 27:8), indicating that it was to be written in every language. And they then took the stones from there and came to Gilgal and slept in their lodging place.

==== Mishnah Terumot 11:3 (cited 3 times by the ledger's rows) ====
HE: אֵין עוֹשִׂין תְּמָרִים דְּבַשׁ, וְלֹא תַפּוּחִים יַיִן, וְלֹא סִתְוָנִיּוֹת חֹמֶץ, וּשְׁאָר כָּל הַפֵּרוֹת אֵין מְשַׁנִּין אוֹתָם מִבְּרִיָּתָן בִּתְרוּמָה וּבְמַעֲשֵׂר שֵׁנִי, אֶלָּא זֵיתִים וַעֲנָבִים בִּלְבָד. אֵין סוֹפְגִין אַרְבָּעִים מִשּׁוּם עָרְלָה, אֶלָּא עַל הַיּוֹצֵא מִן הַזֵּיתִים וּמִן הָעֲנָבִים. וְאֵין מְבִיאִין בִּכּוּרִים מַשְׁקִין, אֶלָּא הַיּוֹצֵא מִן הַזֵּיתִים וּמִן הָעֲנָבִים. וְאֵינוֹ מִטַּמֵּא מִשּׁוּם מַשְׁקֶה, אֶלָּא הַיּוֹצֵא מִן הַזֵּיתִים וּמִן הָעֲנָבִים. וְאֵין מַקְרִיבִין עַל גַּבֵּי הַמִּזְבֵּחַ, אֶלָּא הַיּוֹצֵא מִן הַזֵּיתִים וּמִן הָעֲנָבִים:
EN: One must not make dates into honey, apples into wine, winter-grapes into vinegar, or change any other kind of fruit that is terumah or second tithe from their natural state, except olives and grapes. One does not receive forty lashes on account of orlah except with that which comes from olives and grapes. Liquids cannot be brought as first fruits, except with that which comes from olives and grapes. And no fruit juice is susceptible to uncleanness as liquids except with that which comes from olives and grapes. And nothing [that is derived from fruit] can be offered on the altar except with that which comes from olives and grapes.

==== Mishnah Yevamot 12:3 (cited 1 time by the ledger's rows) ====
HE: חָלְצָה וְרָקְקָה, אֲבָל לֹא קָרְאָה, חֲלִיצָתָהּ כְּשֵׁרָה. קָרְאָה וְרָקְקָה, אֲבָל לֹא חָלְצָה, חֲלִיצָתָהּ פְּסוּלָה. חָלְצָה וְקָרְאָה, אֲבָל לֹא רָקְקָה, רַבִּי אֱלִיעֶזֶר אוֹמֵר, חֲלִיצָתָהּ פְּסוּלָה. רַבִּי עֲקִיבָא אוֹמֵר, חֲלִיצָתָהּ כְּשֵׁרָה. אָמַר רַבִּי אֱלִיעֶזֶר, כָּכָה יֵעָשֶׂה (דברים כה), כָּל דָּבָר שֶׁהוּא מַעֲשֶׂה, מְעַכֵּב. אָמַר לוֹ רַבִּי עֲקִיבָא, מִשָּׁם רְאָיָה, כָּכָה יֵעָשֶׂה לָאִישׁ, כָּל דָּבָר שֶׁהוּא מַעֲשֶׂה בָאִישׁ:
EN: If she, i.e., the yevama, removed the shoe and spat in accordance with the halakha but did not recite the necessary text, her ḥalitza is valid. If she recited the text and spat but did not remove the shoe, her ḥalitza is disqualified. If she removed the shoe and recited the text but did not spit, Rabbi Elazar says: Her ḥalitza is disqualified, while Rabbi Akiva says: Her ḥalitza is valid. Rabbi Elazar said to him: The verse states: “So shall it be done to the man who does not build his brother’s house” (Deuteronomy 25:9). “So” is an exclusionary term indicating that only precisely in this fashion is ḥalitza valid. Therefore, any term that constitutes an action for ḥalitza is indispensable. Rabbi Akiva said to him: You derive proof from there? But it states: “So shall it be done to the man” indicating that only a term constituting an action toward the man, namely any aspect of ḥalitza that concerns the man’s body, such as removal of his shoe, is indispensable. But spitting, which does not involve the man, although it takes place in his presence, is not indispensable.

TOTAL CHARS 25824
