==== A. THE KIN BY COMPUTATION (every verse against every verse of the Bible; the closest three re-scored in order)
  26:1: [('Deut 17:14', 3, 10), ('Deut 19:10', 3, 6), ('Deut 25:19', 3, 7), ('2Kgs 23:11', 2, None), ('Deut 4:21', 2, None), ('Deut 11:31', 2, None), ('Deut 15:4', 2, None), ('Deut 19:1', 2, None)]
  26:2: [('Deut 12:11', 4, 7), ('Deut 12:21', 4, 7), ('Deut 16:6', 4, 9), ('Deut 12:5', 3, None), ('Deut 14:23', 3, None), ('Deut 14:24', 3, None), ('Deut 14:25', 3, None), ('Deut 16:2', 3, None)]
  26:3: [('Deut 6:23', 4, 4), ('Deut 17:9', 4, 6), ('Josh 20:6', 4, 7), ('1Kgs 14:3', 3, None), ('1Sam 16:2', 3, None), ('1Sam 29:4', 3, None), ('2Kgs 20:1', 3, None), ('Deut 31:7', 3, None)]
  26:4: [('Lev 4:7', 3, 3), ('Lev 4:25', 3, 3), ('Lev 4:30', 3, 3), ('Lev 4:34', 3, None), ('Lev 14:12', 3, None), ('Lev 14:24', 3, None), ('Num 5:25', 3, None), ('1Chr 16:39', 2, None)]
  26:5: [('1Sam 7:10', 3, 1), ('Deut 9:14', 3, 3), ('Ezek 17:7', 3, 3), ('Gen 12:10', 3, None), ('Gen 46:3', 3, None), ('Joel 2:11', 3, None), ('1Chr 22:8', 2, None), ('1Kgs 2:26', 2, None)]
  26:6: [('1Sam 30:23', 2, 2), ('Exod 1:14', 2, 1), ('Gen 43:18', 2, 1), ('Lam 1:3', 2, None)]
  26:7: [('Num 20:16', 3, 5), ('1Chr 29:18', 2, 3), ('2Chr 20:6', 2, 3), ('2Sam 22:7', 2, None), ('Gen 26:24', 2, None), ('Jer 23:18', 2, None), ('Jer 26:21', 2, None)]
  26:8: [('Deut 5:15', 4, 5), ('Deut 6:21', 3, 4), ('Deut 9:26', 3, 4), ('Exod 13:9', 3, None), ('Ezek 20:33', 3, None), ('Ezek 20:34', 3, None), ('Jer 21:5', 3, None), ('Ps 136:12', 3, None)]
  26:9: [('Exod 13:5', 6, 5), ('Num 14:8', 6, 7), ('Deut 26:15', 5, 5), ('Deut 27:3', 5, None), ('Jer 11:5', 5, None), ('Jer 32:22', 5, None), ('Josh 5:6', 5, None), ('Num 16:14', 5, None)]
  26:10: [('1Sam 2:30', 3, 2), ('2Chr 20:10', 3, 4), ('2Sam 14:32', 3, 1), ('Deut 4:10', 3, None), ('Gen 12:19', 3, None), ('Gen 21:23', 3, None), ('Gen 50:5', 3, None), ('Jer 7:20', 3, None)]
  26:11: [('Deut 16:11', 4, 8), ('Deut 16:14', 3, 5), ('1Kgs 8:56', 2, 2), ('Deut 12:18', 2, None), ('Deut 17:2', 2, None), ('Josh 23:15', 2, None)]
  26:12: [('Deut 14:28', 4, 6), ('Deut 14:29', 3, 3), ('Deut 24:19', 3, 4), ('Deut 24:20', 3, None), ('Deut 24:21', 3, None), ('Deut 26:13', 3, None), ('Deut 12:17', 2, None), ('Deut 14:21', 2, None)]
  26:13: [('Deut 26:12', 3, 3), ('Deut 26:14', 3, 4), ('1Chr 17:4', 2, 3), ('1Kgs 6:17', 2, None), ('1Kgs 6:21', 2, None), ('1Kgs 8:43', 2, None), ('1Kgs 9:3', 2, None), ('1Kgs 9:4', 2, None)]
  26:14: [('Deut 26:13', 3, 4), ('1Chr 29:3', 2, 2), ('1Kgs 3:12', 2, 1), ('1Kgs 18:36', 2, None), ('1Kgs 20:23', 2, None), ('1Kgs 22:54', 2, None), ('1Sam 15:20', 2, None), ('2Chr 20:19', 2, None)]
  26:15: [('Josh 5:6', 6, 7), ('2Chr 6:25', 5, 7), ('Deut 6:3', 5, 7), ('Deut 11:9', 5, None), ('Deut 26:9', 5, None), ('Jer 32:22', 5, None), ('Num 14:8', 5, None), ('Num 16:14', 5, None)]
  26:16: [('Deut 7:11', 4, 4), ('Deut 30:2', 4, 7), ('Deut 30:10', 4, 6), ('1Chr 22:13', 3, None), ('2Chr 34:31', 3, None), ('2Kgs 17:37', 3, None), ('Deut 4:1', 3, None), ('Deut 4:29', 3, None)]
  26:17: [('Deut 30:16', 3, 5), ('1Kgs 2:3', 2, 4), ('1Kgs 8:58', 2, 1), ('Deut 11:1', 2, None), ('Deut 19:9', 2, None), ('Deut 26:18', 2, None), ('Gen 17:7', 2, None), ('Josh 22:5', 2, None)]
  26:18: [('Deut 7:6', 3, 4), ('Deut 14:2', 3, 4), ('1Kgs 5:26', 2, 3), ('1Kgs 8:58', 2, None), ('1Kgs 8:61', 2, None), ('1Kgs 14:5', 2, None), ('1Kgs 16:7', 2, None), ('1Kgs 22:23', 2, None)]
  26:19: [('1Chr 18:11', 3, 1), ('2Sam 8:11', 3, 2), ('Exod 16:23', 3, 3), ('Hos 4:1', 3, None), ('Jer 33:9', 3, None), ('Lev 23:37', 3, None), ('Zeph 3:19', 3, None), ('1Chr 16:29', 2, None)]
  27:1: [('Deut 11:22', 4, 8), ('Deut 27:11', 4, 5), ('Exod 13:19', 4, 4), ('Exod 36:6', 4, None), ('Num 34:13', 4, None), ('Num 36:5', 4, None), ('1Kgs 8:25', 3, None), ('1Kgs 12:16', 3, None)]
  27:2: [('Deut 27:4', 4, 6), ('Josh 1:14', 3, 2), ('1Chr 16:7', 2, 2), ('1Kgs 2:8', 2, None), ('1Kgs 2:37', 2, None), ('1Kgs 5:31', 2, None), ('1Kgs 7:10', 2, None), ('1Sam 10:9', 2, None)]
  27:3: [('Deut 6:3', 7, 8), ('Deut 26:9', 5, 6), ('Exod 13:5', 5, 6), ('Jer 11:5', 5, None), ('Jer 32:22', 5, None), ('Num 14:8', 5, None), ('Deut 1:21', 4, None), ('Deut 11:9', 4, None)]
  27:4: [('Deut 27:2', 4, 6), ('Deut 11:13', 3, 6), ('Deut 12:11', 3, 6), ('Josh 18:12', 3, None), ('Josh 24:8', 3, None), ('1Sam 23:23', 2, None), ('2Kgs 6:19', 2, None), ('Deut 1:44', 2, None)]
  27:5: [('Josh 8:31', 4, 4), ('Deut 27:6', 3, 3), ('Judg 6:26', 3, 4), ('1Chr 16:40', 2, None), ('1Chr 21:18', 2, None), ('1Chr 21:22', 2, None), ('1Chr 21:26', 2, None), ('1Chr 23:31', 2, None)]
  27:6: [('Josh 8:31', 5, 4), ('Deut 27:5', 3, 3), ('Exod 20:25', 3, 2), ('Judg 6:26', 3, None), ('Lev 7:20', 3, None), ('1Chr 16:40', 2, None), ('1Chr 21:18', 2, None), ('1Chr 21:22', 2, None)]
  27:7: [('Deut 14:26', 3, 5), ('1Kgs 3:15', 2, 1), ('1Sam 10:8', 2, 1), ('1Sam 11:15', 2, None), ('Deut 12:18', 2, None), ('Deut 12:21', 2, None), ('Deut 14:23', 2, None), ('Deut 16:11', 2, None)]
  27:8: [('Deut 27:3', 4, 6), ('Deut 1:5', 3, 3), ('Deut 17:19', 3, 5), ('Deut 27:26', 3, None), ('Deut 28:58', 3, None), ('Deut 29:28', 3, None), ('Deut 31:12', 3, None), ('Deut 31:24', 3, None)]
  27:9: [('1Kgs 12:7', 4, 2), ('2Chr 30:21', 4, 2), ('Deut 32:48', 4, 4), ('Exod 6:12', 4, None), ('Exod 15:1', 4, None), ('Exod 17:4', 4, None), ('Lev 23:34', 4, None), ('Num 30:2', 4, None)]
  27:10: [('Deut 30:8', 4, 9), ('1Kgs 8:45', 2, 2), ('1Kgs 8:49', 2, 2), ('2Chr 6:35', 2, None), ('2Chr 6:39', 2, None), ('Deut 4:40', 2, None), ('Deut 12:28', 2, None), ('Deut 13:19', 2, None)]
  27:11: [('1Kgs 16:16', 4, 3), ('1Sam 9:24', 4, 4), ('1Sam 14:24', 4, 3), ('2Sam 19:3', 4, None), ('Deut 27:1', 4, None), ('Exod 5:6', 4, None), ('Exod 32:28', 4, None), ('Exod 36:6', 4, None)]
  27:12: [('Josh 8:33', 4, 3), ('Gen 35:23', 3, 3), ('1Chr 2:1', 2, 3), ('1Chr 16:43', 2, None), ('1Chr 21:5', 2, None), ('1Chr 21:6', 2, None), ('1Sam 13:7', 2, None), ('2Sam 17:22', 2, None)]
  27:13: [('Exod 1:4', 4, 2), ('1Chr 2:2', 3, 2), ('1Chr 6:48', 2, 2), ('1Kgs 4:8', 2, None), ('Deut 11:6', 2, None), ('Deut 11:29', 2, None), ('Deut 27:4', 2, None), ('Ezek 48:1', 2, None)]
  27:14: [('2Kgs 7:6', 3, 2), ('Neh 11:20', 3, 2), ('1Chr 9:2', 2, 1), ('1Chr 10:1', 2, None), ('1Chr 10:7', 2, None), ('1Chr 16:3', 2, None), ('1Chr 16:4', 2, None), ('1Chr 19:18', 2, None)]
  27:15: [('Deut 27:24', 4, 5), ('1Sam 14:24', 3, 5), ('1Sam 14:28', 3, 4), ('Deut 20:8', 3, None), ('Deut 27:16', 3, None), ('Deut 27:17', 3, None), ('Deut 27:18', 3, None), ('Deut 27:19', 3, None)]
  27:16: [('Deut 27:20', 5, 6), ('Deut 27:22', 5, 6), ('Deut 27:17', 4, 5), ('Deut 27:18', 4, None), ('Deut 27:19', 4, None), ('Deut 27:21', 4, None), ('Deut 27:23', 4, None), ('Deut 27:24', 4, None)]
  27:17: [('Deut 27:24', 5, 6), ('Deut 27:16', 4, 5), ('Deut 27:18', 4, 5), ('Deut 27:19', 4, None), ('Deut 27:20', 4, None), ('Deut 27:21', 4, None), ('Deut 27:22', 4, None), ('Deut 27:23', 4, None)]
  27:18: [('Deut 27:16', 4, 5), ('Deut 27:17', 4, 5), ('Deut 27:19', 4, 5), ('Deut 27:20', 4, None), ('Deut 27:21', 4, None), ('Deut 27:22', 4, None), ('Deut 27:23', 4, None), ('Deut 27:24', 4, None)]
  27:19: [('Deut 10:18', 4, 3), ('Deut 27:16', 4, 5), ('Deut 27:17', 4, 5), ('Deut 27:18', 4, None), ('Deut 27:20', 4, None), ('Deut 27:21', 4, None), ('Deut 27:22', 4, None), ('Deut 27:23', 4, None)]
  27:20: [('Deut 27:22', 7, 8), ('Deut 27:21', 6, 7), ('Deut 27:23', 6, 7), ('Deut 27:16', 5, None), ('Deut 27:17', 4, None), ('Deut 27:18', 4, None), ('Deut 27:19', 4, None), ('Deut 27:24', 4, None)]
  27:21: [('Deut 27:20', 6, 7), ('Deut 27:22', 6, 7), ('Deut 27:23', 6, 7), ('Deut 27:16', 4, None), ('Deut 27:17', 4, None), ('Deut 27:18', 4, None), ('Deut 27:19', 4, None), ('Deut 27:24', 4, None)]
  27:22: [('Deut 27:20', 7, 8), ('Deut 27:21', 6, 7), ('Deut 27:23', 6, 7), ('Deut 27:16', 5, None), ('Deut 27:17', 4, None), ('Deut 27:18', 4, None), ('Deut 27:19', 4, None), ('Deut 27:24', 4, None)]
  27:23: [('Deut 27:20', 6, 7), ('Deut 27:21', 6, 7), ('Deut 27:22', 6, 7), ('Deut 27:16', 4, None), ('Deut 27:17', 4, None), ('Deut 27:18', 4, None), ('Deut 27:19', 4, None), ('Deut 27:24', 4, None)]
  27:24: [('Deut 27:17', 5, 6), ('Deut 27:15', 4, 5), ('Deut 27:16', 4, 5), ('Deut 27:18', 4, None), ('Deut 27:19', 4, None), ('Deut 27:20', 4, None), ('Deut 27:21', 4, None), ('Deut 27:22', 4, None)]
  27:25: [('Deut 27:16', 4, 5), ('Deut 27:17', 4, 5), ('Deut 27:18', 4, 5), ('Deut 27:19', 4, None), ('Deut 27:20', 4, None), ('Deut 27:21', 4, None), ('Deut 27:22', 4, None), ('Deut 27:23', 4, None)]
  27:26: [('Deut 31:12', 5, 5), ('Deut 27:16', 4, 5), ('Deut 27:17', 4, 5), ('Deut 27:18', 4, None), ('Deut 27:19', 4, None), ('Deut 27:20', 4, None), ('Deut 27:21', 4, None), ('Deut 27:22', 4, None)]
  28:1: [('Deut 28:15', 7, 16), ('Deut 13:19', 6, 14), ('Deut 15:5', 6, 14), ('Deut 28:13', 4, None), ('Deut 30:10', 4, None), ('Deut 28:45', 3, None), ('Deut 30:8', 3, None), ('Zech 6:15', 3, None)]
  28:2: [('Deut 28:15', 4, 4), ('Deut 28:45', 3, 8), ('Deut 13:19', 2, 5), ('Deut 15:5', 2, None), ('Deut 28:1', 2, None), ('Deut 28:49', 2, None), ('Deut 30:10', 2, None), ('Exod 15:26', 2, None)]
  28:3: [('1Kgs 14:11', 2, 2), ('1Kgs 16:4', 2, 2), ('1Kgs 21:24', 2, 2), ('Deut 28:6', 2, None), ('Deut 28:16', 2, None), ('Ezek 7:15', 2, None), ('Gen 34:28', 2, None), ('Ps 31:22', 2, None)]
  28:4: [('Deut 28:18', 8, 8), ('Deut 7:13', 7, 7), ('Deut 28:51', 7, 6), ('Deut 28:11', 3, None), ('Deut 30:9', 3, None), ('Deut 28:33', 2, None), ('Deut 28:42', 2, None), ('Deut 28:53', 2, None)]
  28:5: [('Deut 28:17', 2, 2)]
  28:6: [('Deut 28:3', 2, 4), ('Deut 28:19', 2, 4)]
  28:7: [('Deut 28:25', 5, 6), ('Exod 23:27', 3, 3), ('Ezek 21:24', 3, 2), ('1Kgs 18:6', 2, None), ('1Sam 16:16', 2, None), ('1Sam 24:5', 2, None), ('1Sam 28:22', 2, None), ('2Chr 6:34', 2, None)]
  28:8: [('Deut 15:10', 3, 4), ('Deut 12:18', 2, 3), ('Deut 15:7', 2, 5), ('Deut 23:21', 2, None), ('Deut 28:20', 2, None), ('Gen 8:17', 2, None), ('Gen 28:4', 2, None)]
  28:9: [('2Chr 24:20', 2, 4), ('Deut 7:6', 2, 3), ('Deut 8:6', 2, 5), ('Deut 14:2', 2, None), ('Deut 19:9', 2, None), ('Deut 29:12', 2, None), ('Exod 23:15', 2, None), ('Exod 34:18', 2, None)]
  28:10: [('1Kgs 8:43', 2, 5), ('2Chr 6:33', 2, 5), ('2Chr 7:14', 2, 2), ('2Chr 35:21', 2, None), ('Ezek 16:37', 2, None), ('Isa 10:24', 2, None), ('Jer 7:12', 2, None), ('Ps 86:17', 2, None)]
  28:11: [('Deut 7:13', 6, 9), ('Deut 30:9', 6, 8), ('Deut 30:20', 4, 8), ('Deut 6:10', 3, None), ('Deut 11:9', 3, None), ('Deut 11:21', 3, None), ('Deut 19:8', 3, None), ('Deut 28:4', 3, None)]
  28:12: [('1Kgs 8:36', 4, 3), ('2Chr 6:27', 4, 3), ('1Kgs 8:32', 3, 2), ('2Chr 6:23', 3, None), ('Deut 15:6', 3, None), ('Deut 28:24', 3, None), ('Ezek 31:6', 3, None), ('1Kgs 5:23', 2, None)]
  28:13: [('Deut 15:5', 4, 8), ('Deut 28:1', 4, 7), ('Deut 10:13', 3, 6), ('Deut 13:19', 3, None), ('Deut 28:15', 3, None), ('Deut 28:44', 3, None), ('2Kgs 19:30', 2, None), ('Deut 4:2', 2, None)]
  28:14: [('Deut 11:28', 6, 9), ('Judg 2:19', 5, 5), ('1Kgs 14:9', 4, 4), ('Jer 11:10', 4, None), ('Jer 13:10', 4, None), ('Jer 25:6', 4, None), ('Jer 35:15', 4, None), ('1Kgs 11:4', 3, None)]
  28:15: [('Deut 28:45', 8, 6), ('Deut 28:1', 7, 16), ('Deut 13:19', 6, 12), ('Deut 15:5', 5, None), ('Deut 30:10', 5, None), ('Deut 28:2', 4, None), ('Deut 8:11', 3, None), ('Deut 28:13', 3, None)]
  28:16: [('1Kgs 14:11', 2, 2), ('1Kgs 16:4', 2, 2), ('1Kgs 21:24', 2, 2), ('Deut 28:3', 2, None), ('Deut 28:19', 2, None), ('Ezek 7:15', 2, None), ('Gen 34:28', 2, None), ('Jer 48:10', 2, None)]
  28:17: [('Deut 28:5', 2, 2)]
  28:18: [('Deut 28:4', 8, 8), ('Deut 7:13', 7, 7), ('Deut 28:51', 6, 6), ('Deut 28:11', 2, None), ('Deut 28:33', 2, None), ('Deut 28:42', 2, None), ('Deut 28:53', 2, None), ('Deut 30:9', 2, None)]
  28:19: [('Deut 28:6', 2, 4), ('Deut 28:16', 2, 4), ('Jer 48:10', 2, 2)]
  28:20: [('1Kgs 2:7', 2, 2), ('1Sam 29:7', 2, 2), ('2Chr 33:9', 2, 2), ('2Kgs 19:31', 2, None), ('2Kgs 25:26', 2, None), ('Deut 12:18', 2, None), ('Deut 14:29', 2, None), ('Deut 15:7', 2, None)]
  28:21: [('Deut 28:63', 4, 8), ('Josh 23:15', 4, 7), ('Deut 6:15', 3, 4), ('Jer 24:10', 3, None), ('1Kgs 2:42', 2, None), ('1Kgs 9:7', 2, None), ('1Kgs 13:34', 2, None), ('1Kgs 14:15', 2, None)]
  28:22: []
  28:23: [('Deut 8:9', 2, 2), ('Ezek 34:27', 2, 2), ('Isa 60:17', 2, 2), ('Jer 1:18', 2, None), ('Ps 107:16', 2, None)]
  28:24: [('1Kgs 8:36', 3, 3), ('2Chr 6:27', 3, 2), ('Deut 28:12', 3, 4), ('2Chr 6:26', 2, None), ('2Chr 7:13', 2, None), ('Deut 7:24', 2, None), ('Deut 11:17', 2, None), ('Deut 19:10', 2, None)]
  28:25: [('Deut 28:7', 5, 6), ('2Kgs 19:15', 3, 4), ('1Chr 22:5', 2, 1), ('1Chr 24:6', 2, None), ('1Chr 29:1', 2, None), ('1Kgs 1:25', 2, None), ('1Kgs 2:2', 2, None), ('1Kgs 3:11', 2, None)]
  28:26: [('Jer 7:33', 6, 7), ('Jer 16:4', 4, 5), ('Jer 34:20', 4, 5), ('Jer 19:7', 3, None), ('1Kgs 14:11', 2, None), ('1Kgs 16:4', 2, None), ('1Kgs 21:24', 2, None), ('1Sam 17:44', 2, None)]
  28:27: [('Deut 28:35', 4, 7), ('Isa 10:24', 2, 2)]
  28:28: []
  28:29: [('Deut 16:15', 2, 2), ('Deut 22:27', 2, 2), ('Deut 28:31', 2, 3), ('Deut 28:33', 2, None), ('Isa 43:11', 2, None), ('Isa 45:14', 2, None), ('Jer 3:13', 2, None), ('Jer 16:19', 2, None)]
  28:30: [('Deut 20:5', 3, 2), ('Deut 20:6', 3, 2), ('Deut 20:7', 3, 3), ('Isa 5:7', 3, None), ('1Chr 22:8', 2, None), ('1Chr 28:3', 2, None), ('1Kgs 13:10', 2, None), ('1Kgs 21:1', 2, None)]
  28:31: [('1Sam 9:2', 2, 1), ('2Sam 7:15', 2, 2), ('2Sam 22:9', 2, 2), ('Deut 15:19', 2, None), ('Deut 20:19', 2, None), ('Deut 22:27', 2, None), ('Deut 28:29', 2, None), ('Deut 28:68', 2, None)]
  28:32: [('1Kgs 12:7', 2, 3), ('1Kgs 12:10', 2, 2), ('1Sam 21:9', 2, 2), ('2Chr 12:3', 2, None), ('2Sam 19:6', 2, None), ('Deut 28:53', 2, None), ('Exod 34:14', 2, None), ('Isa 49:22', 2, None)]
  28:33: [('1Kgs 5:20', 2, 3), ('1Kgs 8:9', 2, 1), ('1Kgs 15:14', 2, 2), ('2Chr 5:10', 2, None), ('Deut 4:6', 2, None), ('Deut 7:13', 2, None), ('Deut 9:2', 2, None), ('Deut 12:23', 2, None)]
  28:34: [('Deut 28:67', 2, 3)]
  28:35: [('Deut 28:27', 4, 7), ('Job 2:7', 3, 4), ('2Sam 14:25', 2, 3), ('Deut 28:20', 2, None), ('Hab 1:13', 2, None), ('Hab 2:9', 2, None), ('Isa 1:6', 2, None)]
  28:36: [('Deut 28:64', 7, 8), ('Deut 13:7', 4, 6), ('2Kgs 19:18', 3, 4), ('Deut 4:28', 3, None), ('Isa 37:19', 3, None), ('1Kgs 9:6', 2, None), ('1Kgs 11:4', 2, None), ('1Kgs 11:10', 2, None)]
  28:37: [('1Kgs 9:7', 3, 4), ('2Chr 7:20', 3, 4)]
  28:38: [('Ezek 29:5', 2, 2)]
  28:39: []
  28:40: [('Eccl 9:8', 2, 2)]
  28:41: [('Jer 16:2', 3, 3), ('1Chr 4:27', 2, 2), ('1Chr 14:3', 2, 2), ('1Chr 25:5', 2, None), ('1Sam 30:19', 2, None), ('2Chr 24:3', 2, None), ('2Chr 28:8', 2, None), ('2Sam 5:13', 2, None)]
  28:42: [('Deut 7:13', 2, 2), ('Deut 28:4', 2, 2), ('Deut 28:18', 2, 2), ('Deut 28:51', 2, None)]
  28:43: [('Num 18:2', 3, 2), ('1Kgs 1:20', 2, 1), ('Ezek 3:25', 2, 1), ('Isa 15:5', 2, None), ('Jer 48:5', 2, None), ('Lev 17:8', 2, None), ('Lev 19:19', 2, None), ('Zeph 3:17', 2, None)]
  28:44: [('Deut 28:13', 3, 2), ('Exod 4:16', 3, 5), ('1Chr 11:2', 2, 2), ('1Chr 11:6', 2, None), ('2Sam 5:2', 2, None), ('2Sam 13:13', 2, None), ('Deut 7:14', 2, None), ('Deut 23:18', 2, None)]
  28:45: [('Deut 28:15', 8, 6), ('Deut 30:10', 4, 7), ('Deut 13:19', 3, 7), ('Deut 28:1', 3, None), ('Deut 28:2', 3, None), ('1Kgs 2:3', 2, None), ('1Kgs 20:36', 2, None), ('1Sam 15:19', 2, None)]
  28:46: [('1Kgs 9:3', 2, 2), ('2Chr 7:16', 2, 2), ('2Kgs 5:27', 2, 2), ('Deut 6:8', 2, None), ('Deut 11:18', 2, None), ('Exod 28:43', 2, None), ('Ezek 20:20', 2, None), ('Gen 28:14', 2, None)]
  28:47: [('1Chr 29:17', 2, 1)]
  28:48: [('2Chr 32:11', 2, 2), ('Deut 23:15', 2, 2), ('Deut 28:21', 2, 4), ('Deut 28:36', 2, None), ('Deut 30:7', 2, None), ('Isa 43:2', 2, None)]
  28:49: [('Jer 5:15', 3, 5), ('Deut 28:2', 2, 1), ('Deut 28:15', 2, 2), ('Deut 28:36', 2, None), ('Deut 28:50', 2, None), ('Exod 15:26', 2, None), ('Gen 41:15', 2, None), ('Isa 2:4', 2, None)]
  28:50: [('Dan 8:23', 2, 2), ('Deut 10:17', 2, 4), ('Deut 28:49', 2, 3), ('Isa 2:4', 2, None), ('Job 34:29', 2, None)]
  28:51: [('Deut 7:13', 7, 7), ('Deut 28:4', 7, 6), ('Deut 28:18', 6, 6), ('2Chr 31:5', 3, None), ('Neh 10:38', 3, None), ('2Chr 32:28', 2, None), ('Deut 28:11', 2, None), ('Deut 28:33', 2, None)]
  28:52: [('Deut 12:15', 2, 3), ('Deut 15:7', 2, 5), ('Deut 16:5', 2, 5), ('Deut 16:18', 2, None), ('Deut 17:2', 2, None), ('Deut 19:2', 2, None), ('Deut 19:10', 2, None)]
  28:53: [('Deut 28:55', 4, 7), ('Deut 28:57', 4, 7), ('Deut 12:15', 3, 5), ('Jer 19:9', 3, None), ('2Sam 19:6', 2, None), ('Deut 7:13', 2, None), ('Deut 7:16', 2, None), ('Deut 8:10', 2, None)]
  28:54: [('1Sam 2:22', 2, 3), ('1Sam 17:24', 2, 2), ('2Sam 12:5', 2, 1), ('Deut 28:56', 2, None), ('Exod 11:3', 2, None), ('Gen 26:13', 2, None), ('Gen 30:43', 2, None), ('Job 1:3', 2, None)]
  28:55: [('Deut 28:53', 4, 7), ('Deut 28:57', 4, 8), ('1Chr 25:28', 2, 2), ('2Kgs 10:14', 2, None), ('Exod 29:34', 2, None), ('Ezek 46:17', 2, None), ('Jer 19:9', 2, None), ('Lev 7:18', 2, None)]
  28:56: [('Deut 28:54', 2, 2)]
  28:57: [('Deut 28:53', 4, 7), ('Deut 28:55', 4, 8), ('Jer 19:9', 2, 3)]
  28:58: [('2Chr 34:31', 4, 5), ('Deut 17:19', 4, 5), ('Deut 27:26', 4, 5), ('Deut 29:28', 4, None), ('Deut 31:12', 4, None), ('Deut 32:46', 4, None), ('Josh 1:8', 4, None), ('2Chr 34:21', 3, None)]
  28:59: []
  28:60: [('Deut 7:15', 2, 1), ('Exod 8:17', 2, 4), ('Isa 45:14', 2, 1)]
  28:61: [('Deut 28:58', 3, 4), ('2Sam 12:11', 2, 1), ('Dan 9:13', 2, 3), ('Dan 12:1', 2, None), ('Deut 1:5', 2, None), ('Deut 4:8', 2, None), ('Deut 17:18', 2, None), ('Deut 17:19', 2, None)]
  28:62: [('Deut 1:10', 3, 3), ('Deut 10:22', 3, 3), ('1Chr 27:23', 2, 2), ('1Kgs 20:36', 2, None), ('1Sam 15:19', 2, None), ('1Sam 28:18', 2, None), ('2Sam 18:9', 2, None), ('Dan 9:12', 2, None)]
  28:63: [('Josh 23:15', 5, 7), ('Deut 28:21', 4, 8), ('1Kgs 9:7', 3, 3), ('1Kgs 13:34', 3, None), ('Amos 3:2', 3, None), ('Deut 11:29', 3, None), ('Gen 4:14', 3, None), ('1Kgs 10:14', 2, None)]
  28:64: [('Deut 28:36', 7, 8), ('Deut 13:7', 4, 7), ('Deut 13:8', 4, 6), ('1Sam 8:8', 3, None), ('2Kgs 19:18', 3, None), ('Deut 4:28', 3, None), ('Deut 4:32', 3, None), ('Deut 6:14', 3, None)]
  28:65: [('1Sam 29:4', 2, 2), ('2Kgs 23:3', 2, 3), ('Deut 17:9', 2, 2), ('Deut 18:3', 2, None), ('Deut 19:11', 2, None), ('Deut 26:3', 2, None), ('Eccl 6:9', 2, None), ('Exod 12:16', 2, None)]
  28:66: [('Isa 34:10', 2, 2), ('Jer 14:17', 2, 2)]
  28:67: [('1Sam 17:28', 2, 2), ('2Chr 13:11', 2, 2), ('2Kgs 19:22', 2, 3), ('2Sam 19:1', 2, None), ('Dan 8:14', 2, None), ('Deut 5:29', 2, None), ('Deut 28:34', 2, None), ('Exod 16:3', 2, None)]
  28:68: [('Isa 45:14', 3, 3), ('2Chr 28:10', 2, 2), ('2Kgs 24:7', 2, 2), ('2Sam 19:30', 2, None), ('Amos 4:10', 2, None), ('Deut 17:16', 2, None), ('Deut 28:31', 2, None), ('Eccl 9:5', 2, None)]
  28:69: [('1Kgs 8:9', 5, 4), ('2Chr 5:10', 5, 4), ('Num 36:13', 5, 8), ('Deut 1:3', 4, None), ('Deut 34:8', 4, None), ('Deut 34:9', 4, None), ('Exod 12:28', 4, None), ('Exod 12:50', 4, None)]
==== B. THE TWINS DIFFED (shared tokens in order of the two lengths / the longest run)
  26:1 vs Deut 17:14: shared 10 of 14/20; run ['אל', 'הארץ', 'אשר', 'יהוה', 'אלהיך', 'נתן', 'לך']
  26:1 vs Deut 18:9: shared 8 of 14/16; run ['אל', 'הארץ', 'אשר', 'יהוה', 'אלהיך', 'נתן', 'לך']
  26:1 vs Deut 19:1: shared 7 of 14/17; run ['אשר', 'יהוה', 'אלהיך', 'נתן', 'לך']
  26:2 vs Exod 23:19: shared 3 of 25/12; run ['יהוה', 'אלהיך']
  26:2 vs Exod 34:26: shared 3 of 25/12; run ['יהוה', 'אלהיך']
  26:2 vs Num 18:13: shared 4 of 25/13; run ['כל']
  26:2 vs Deut 12:5: shared 7 of 25/18; run ['אל', 'המקום', 'אשר', 'יבחר', 'יהוה']
  26:3 vs Deut 6:23: shared 4 of 23/13; run ['הארץ', 'אשר', 'נשבע']
  26:3 vs Deut 26:15: shared 2 of 23/22; run ['אשר']
  26:5 vs Gen 47:4: shared 0 of 20/23; run []
  26:5 vs Deut 10:22: shared 2 of 20/12; run ['יהוה', 'אלהיך']
  26:5 vs Deut 7:7: shared 1 of 20/14; run ['יהוה']
  26:5 vs Gen 46:27: shared 1 of 20/15; run ['מצרימה']
  26:6 vs Exod 1:11: shared 0 of 8/15; run []
  26:6 vs Exod 1:14: shared 1 of 8/17; run ['עבדה']
  26:6 vs Deut 6:21: shared 0 of 8/11; run []
  26:7 vs Exod 2:23: shared 1 of 16/19; run ['אל']
  26:7 vs Exod 3:7: shared 3 of 16/18; run ['יהוה']
  26:7 vs Exod 3:9: shared 1 of 16/15; run ['את']
  26:7 vs Deut 4:34: shared 1 of 16/27; run ['יהוה']
  26:8 vs Deut 4:34: shared 1 of 11/27; run ['יהוה']
  26:8 vs Deut 5:15: shared 5 of 11/23; run ['ביד', 'חזקה', 'ובזרע', 'נטויה']
  26:8 vs Deut 7:19: shared 1 of 11/25; run ['יהוה']
  26:8 vs Deut 6:22: shared 1 of 11/11; run ['יהוה']
  26:8 vs Deut 11:2: shared 1 of 11/23; run ['יהוה']
  26:9 vs Exod 3:8: shared 5 of 13/25; run ['ארץ', 'זבת', 'חלב', 'ודבש']
  26:9 vs Exod 3:17: shared 5 of 13/18; run ['ארץ', 'זבת', 'חלב', 'ודבש']
  26:9 vs Deut 11:9: shared 4 of 13/16; run ['ארץ', 'זבת', 'חלב', 'ודבש']
  26:9 vs Deut 6:3: shared 4 of 13/20; run ['ארץ', 'זבת', 'חלב', 'ודבש']
  26:9 vs Deut 27:3: shared 6 of 13/28; run ['ארץ', 'זבת', 'חלב', 'ודבש']
  26:10 vs Deut 12:7: shared 4 of 19/15; run ['לפני', 'יהוה']
  26:10 vs Deut 26:2: shared 7 of 19/25; run ['פרי', 'האדמה', 'אשר']
  26:11 vs Deut 12:12: shared 1 of 14/18; run ['אשר']
  26:11 vs Deut 12:18: shared 5 of 14/27; run ['יהוה', 'אלהיך']
  26:11 vs Deut 16:11: shared 8 of 14/25; run ['יהוה', 'אלהיך']
  26:11 vs Deut 16:14: shared 5 of 14/13; run ['והלוי', 'והגר']
  26:12 vs Deut 14:28: shared 6 of 19/12; run ['את', 'כל', 'מעשר', 'תבואתך', 'בשנה']
  26:12 vs Deut 14:29: shared 3 of 19/24; run ['כי']
  26:12 vs Deut 12:12: shared 1 of 19/18; run ['כי']
  26:13 vs Deut 14:29: shared 3 of 23/24; run ['יהוה', 'אלהיך']
  26:13 vs Deut 12:12: shared 3 of 23/18; run ['לפני', 'יהוה']
  26:14 vs Lev 22:4: shared 2 of 20/25; run ['לא']
  26:14 vs Lev 7:20: shared 1 of 20/14; run ['אשר']
  26:14 vs Hos 9:4: shared 3 of 20/21; run ['לא']
  26:14 vs Lev 21:1: shared 1 of 20/15; run ['לא']
  26:15 vs Deut 26:9: shared 5 of 22/13; run ['ארץ', 'זבת', 'חלב', 'ודבש']
  26:15 vs Deut 3:25: shared 2 of 22/13; run ['את']
  26:15 vs Exod 3:8: shared 5 of 22/25; run ['ארץ', 'זבת', 'חלב', 'ודבש']
  26:16 vs Deut 4:5: shared 2 of 18/18; run ['יהוה']
  26:16 vs Deut 6:1: shared 2 of 18/17; run ['יהוה']
  26:16 vs Deut 11:32: shared 5 of 18/12; run ['לעשות', 'את']
  26:17 vs Deut 10:12: shared 2 of 15/26; run ['את', 'יהוה']
  26:17 vs Deut 30:16: shared 5 of 15/25; run ['את', 'יהוה']
  26:17 vs Deut 11:1: shared 3 of 15/11; run ['את', 'יהוה']
  26:18 vs Deut 7:6: shared 4 of 13/20; run ['להיות', 'לו', 'לעם', 'סגלה']
  26:18 vs Deut 14:2: shared 4 of 13/19; run ['להיות', 'לו', 'לעם', 'סגלה']
  26:18 vs Exod 19:5: shared 2 of 13/17; run ['סגלה']
  26:18 vs Deut 28:9: shared 4 of 13/16; run ['לו', 'לעם']
  26:19 vs Deut 28:1: shared 3 of 17/24; run ['עליון', 'על', 'כל']
  26:19 vs Deut 7:6: shared 3 of 17/20; run ['ליהוה', 'אלהיך']
  26:19 vs Deut 14:2: shared 3 of 17/19; run ['ליהוה', 'אלהיך']
  26:19 vs Deut 4:7: shared 1 of 17/14; run ['אשר']
  26:19 vs Deut 28:9: shared 1 of 17/16; run ['אלהיך']
  27:1 vs Deut 27:11: shared 5 of 16/7; run ['ויצו', 'משה']
  27:1 vs Deut 31:9: shared 2 of 16/19; run ['משה']
  27:2 vs Deut 27:4: shared 6 of 20/18; run ['את', 'הירדן']
  27:2 vs Josh 8:30: shared 0 of 20/9; run []
  27:2 vs Josh 4:20: shared 2 of 20/12; run ['אשר']
  27:3 vs Deut 27:8: shared 6 of 28/10; run ['את', 'כל', 'דברי', 'התורה', 'הזאת']
  27:3 vs Deut 26:9: shared 6 of 28/13; run ['ארץ', 'זבת', 'חלב', 'ודבש']
  27:3 vs Deut 6:3: shared 8 of 28/20; run ['כאשר', 'דבר', 'יהוה', 'אלהי', 'אבתיך', 'לך']
  27:4 vs Deut 11:29: shared 3 of 18/23; run ['והיה']
  27:4 vs Deut 27:2: shared 6 of 18/20; run ['את', 'הירדן']
  27:4 vs Josh 8:30: shared 2 of 18/9; run ['בהר', 'עיבל']
  27:5 vs Exod 20:22: shared 0 of 11/16; run []
  27:5 vs Josh 8:31: shared 4 of 11/26; run ['מזבח', 'אבנים']
  27:5 vs Exod 20:21: shared 1 of 11/10; run ['שם']
  27:6 vs Exod 20:21: shared 0 of 12/10; run []
  27:6 vs Josh 8:31: shared 4 of 12/26; run ['אבנים', 'שלמות']
  27:6 vs Exod 20:24: shared 1 of 12/23; run ['את']
  27:7 vs Deut 12:7: shared 4 of 8/15; run ['לפני', 'יהוה']
  27:7 vs Deut 12:18: shared 4 of 8/27; run ['ושמחת', 'לפני', 'יהוה', 'אלהיך']
  27:7 vs Deut 14:26: shared 5 of 8/22; run ['לפני', 'יהוה', 'אלהיך']
  27:7 vs Deut 16:11: shared 4 of 8/25; run ['ושמחת', 'לפני', 'יהוה', 'אלהיך']
  27:7 vs Deut 26:11: shared 3 of 8/14; run ['יהוה', 'אלהיך']
  27:8 vs Deut 27:3: shared 6 of 10/28; run ['את', 'כל', 'דברי', 'התורה', 'הזאת']
  27:8 vs Hab 2:2: shared 1 of 10/12; run ['על']
  27:9 vs Deut 26:18: shared 1 of 17/13; run ['כל']
  27:9 vs Deut 4:20: shared 1 of 17/14; run ['הזה']
  27:9 vs Deut 29:12: shared 2 of 17/19; run ['היום']
  27:9 vs Deut 5:1: shared 6 of 17/22; run ['אל', 'כל', 'ישראל']
  27:10 vs Deut 26:16: shared 3 of 13/18; run ['יהוה', 'אלהיך']
  27:10 vs Deut 27:1: shared 4 of 13/16; run ['אשר', 'אנכי']
  27:10 vs Deut 30:2: shared 6 of 13/17; run ['אשר', 'אנכי', 'מצוך', 'היום']
  27:12 vs Deut 11:29: shared 4 of 17/23; run ['על', 'הר', 'גרזים']
  27:12 vs Josh 8:33: shared 3 of 17/38; run ['לברך', 'את', 'העם']
  27:12 vs Deut 27:13: shared 2 of 17/12; run ['יעמדו']
  27:13 vs Deut 11:29: shared 3 of 12/23; run ['על']
  27:14 vs Josh 8:33: shared 3 of 9/38; run ['הלוים']
  27:15 vs Exod 20:4: shared 1 of 18/16; run ['אשר']
  27:15 vs Deut 4:16: shared 2 of 18/12; run ['פסל']
  27:15 vs Deut 5:8: shared 1 of 18/16; run ['אשר']
  27:15 vs Exod 34:17: shared 0 of 18/5; run []
  27:15 vs Lev 19:4: shared 1 of 18/12; run ['יהוה']
  27:16 vs Exod 21:17: shared 2 of 8/5; run ['אביו', 'ואמו']
  27:16 vs Lev 20:9: shared 2 of 8/16; run ['אביו', 'ואמו']
  27:16 vs Deut 21:18: shared 1 of 8/17; run ['אביו']
  27:16 vs Exod 20:12: shared 0 of 8/15; run []
  27:17 vs Deut 19:14: shared 1 of 8/17; run ['גבול']
  27:17 vs Prov 22:28: shared 1 of 8/7; run ['גבול']
  27:17 vs Prov 23:10: shared 1 of 8/8; run ['גבול']
  27:18 vs Lev 19:14: shared 1 of 8/12; run ['עור']
  27:19 vs Deut 24:17: shared 3 of 10/9; run ['משפט', 'גר', 'יתום']
  27:19 vs Exod 22:20: shared 0 of 10/10; run []
  27:19 vs Exod 23:6: shared 1 of 10/5; run ['משפט']
  27:19 vs Deut 10:18: shared 3 of 10/10; run ['יתום', 'ואלמנה']
  27:20 vs Deut 23:1: shared 4 of 13/10; run ['אשת', 'אביו']
  27:20 vs Lev 18:8: shared 1 of 13/8; run ['אשת']
  27:20 vs Lev 20:11: shared 3 of 13/14; run ['אשת', 'אביו']
  27:21 vs Lev 18:23: shared 1 of 9/15; run ['בהמה']
  27:21 vs Lev 20:15: shared 0 of 9/10; run []
  27:21 vs Exod 22:18: shared 3 of 9/6; run ['שכב', 'עם']
  27:22 vs Lev 18:9: shared 3 of 13/15; run ['או', 'בת']
  27:22 vs Lev 20:17: shared 6 of 13/28; run ['אחתו', 'בת', 'אביו', 'או', 'בת', 'אמו']
  27:23 vs Lev 18:17: shared 0 of 8/19; run []
  27:23 vs Lev 20:14: shared 0 of 8/17; run []
  27:24 vs Exod 21:12: shared 1 of 8/5; run ['מכה']
  27:24 vs Deut 19:11: shared 0 of 8/17; run []
  27:24 vs Lev 24:17: shared 1 of 8/8; run ['כל']
  27:25 vs Exod 23:8: shared 0 of 11/10; run []
  27:25 vs Deut 16:19: shared 1 of 11/17; run ['שחד']
  27:25 vs Deut 19:10: shared 2 of 11/15; run ['דם', 'נקי']
  27:25 vs Ezek 22:12: shared 2 of 11/17; run ['שחד']
  27:26 vs Deut 28:58: shared 5 of 14/21; run ['דברי', 'התורה', 'הזאת']
  27:26 vs Deut 29:28: shared 4 of 14/14; run ['דברי', 'התורה', 'הזאת']
  27:26 vs Deut 31:12: shared 5 of 14/24; run ['דברי', 'התורה', 'הזאת']
  27:26 vs Jer 11:3: shared 6 of 14/16; run ['אשר', 'לא']
  27:26 vs Deut 17:19: shared 4 of 14/23; run ['דברי', 'התורה', 'הזאת']
  28:1 vs Deut 26:19: shared 3 of 24/17; run ['עליון', 'על', 'כל']
  28:1 vs Deut 28:15: shared 16 of 24/23; run ['תשמע', 'בקול', 'יהוה', 'אלהיך', 'לשמר', 'לעשות', 'את', 'כל', 'מצותיו']
  28:1 vs Deut 15:5: shared 14 of 24/17; run ['אם', 'שמוע', 'תשמע', 'בקול', 'יהוה', 'אלהיך', 'לשמר', 'לעשות', 'את', 'כל']
  28:1 vs Deut 11:13: shared 6 of 24/20; run ['והיה', 'אם']
  28:1 vs Deut 28:13: shared 7 of 24/23; run ['אשר', 'אנכי', 'מצוך', 'היום']
  28:1 vs Deut 7:12: shared 5 of 24/20; run ['יהוה', 'אלהיך']
  28:2 vs Deut 28:15: shared 4 of 11/23; run ['תשמע', 'בקול', 'יהוה', 'אלהיך']
  28:2 vs Deut 28:45: shared 8 of 11/20; run ['ובאו', 'עליך', 'כל']
  28:3 vs Deut 28:16: shared 4 of 6/6; run ['אתה', 'בעיר']
  28:4 vs Deut 28:18: shared 8 of 11/9; run ['פרי', 'בטנך', 'ופרי', 'אדמתך']
  28:4 vs Deut 7:13: shared 7 of 11/22; run ['פרי', 'בטנך', 'ופרי', 'אדמתך']
  28:4 vs Deut 30:9: shared 2 of 11/23; run ['בטנך']
  28:4 vs Deut 28:11: shared 2 of 11/17; run ['בטנך']
  28:5 vs Deut 28:17: shared 2 of 3/3; run ['טנאך', 'ומשארתך']
  28:6 vs Deut 28:19: shared 4 of 6/6; run ['אתה', 'בבאך']
  28:7 vs Deut 28:25: shared 6 of 16/18; run ['בדרך', 'אחד']
  28:7 vs Lev 26:7: shared 1 of 16/6; run ['את']
  28:7 vs Lev 26:8: shared 0 of 16/12; run []
  28:8 vs Deut 15:10: shared 4 of 16/20; run ['ובכל', 'משלח', 'ידך']
  28:8 vs Deut 14:29: shared 3 of 16/24; run ['יהוה', 'אלהיך']
  28:8 vs Deut 16:15: shared 3 of 16/21; run ['יהוה', 'אלהיך']
  28:8 vs Lev 25:21: shared 1 of 16/11; run ['את']
  28:9 vs Deut 7:6: shared 3 of 16/20; run ['לו', 'לעם']
  28:9 vs Deut 26:18: shared 4 of 16/13; run ['לו', 'לעם']
  28:9 vs Deut 14:2: shared 3 of 16/19; run ['לו', 'לעם']
  28:9 vs Deut 28:1: shared 2 of 16/24; run ['יהוה', 'אלהיך']
  28:9 vs Deut 8:6: shared 5 of 16/9; run ['את', 'מצות', 'יהוה', 'אלהיך']
  28:10 vs Deut 2:25: shared 1 of 11/18; run ['כל']
  28:10 vs Deut 11:25: shared 2 of 11/19; run ['כל']
  28:10 vs Exod 15:14: shared 0 of 11/7; run []
  28:10 vs Josh 4:24: shared 5 of 11/18; run ['כל', 'עמי', 'הארץ']
  28:11 vs Deut 30:9: shared 8 of 17/23; run ['בפרי', 'בטנך', 'ובפרי', 'בהמתך', 'ובפרי', 'אדמתך']
  28:11 vs Deut 28:4: shared 2 of 17/11; run ['בטנך']
  28:11 vs Deut 7:13: shared 9 of 17/22; run ['על', 'האדמה', 'אשר', 'נשבע']
  28:12 vs Deut 11:14: shared 2 of 23/10; run ['מטר']
  28:12 vs Deut 15:6: shared 6 of 23/19; run ['גוים', 'רבים', 'ואתה', 'לא']
  28:12 vs Deut 28:44: shared 2 of 23/11; run ['ואתה', 'לא']
  28:12 vs Lev 26:4: shared 0 of 23/10; run []
  28:13 vs Deut 28:44: shared 2 of 23/11; run ['לראש']
  28:13 vs Deut 28:1: shared 7 of 23/24; run ['אשר', 'אנכי', 'מצוך', 'היום']
  28:13 vs Deut 15:5: shared 8 of 23/17; run ['אשר', 'אנכי', 'מצוך', 'היום']
  28:14 vs Deut 17:20: shared 2 of 16/19; run ['ימין', 'ושמאול']
  28:14 vs Deut 5:29: shared 0 of 16/19; run []
  28:14 vs Deut 11:28: shared 9 of 16/23; run ['אשר', 'אנכי', 'מצוה', 'אתכם', 'היום']
  28:14 vs Deut 4:2: shared 4 of 16/20; run ['אשר', 'אנכי', 'מצוה', 'אתכם']
  28:15 vs Deut 28:1: shared 16 of 23/24; run ['תשמע', 'בקול', 'יהוה', 'אלהיך', 'לשמר', 'לעשות', 'את', 'כל', 'מצותיו']
  28:15 vs Deut 28:2: shared 4 of 23/11; run ['תשמע', 'בקול', 'יהוה', 'אלהיך']
  28:15 vs Lev 26:14: shared 4 of 23/10; run ['את', 'כל']
  28:15 vs Deut 28:45: shared 6 of 23/20; run ['ובאו', 'עליך', 'כל', 'הקללות', 'האלה']
  28:15 vs Deut 11:28: shared 6 of 23/23; run ['אם', 'לא']
  28:16 vs Deut 28:3: shared 4 of 6/6; run ['אתה', 'בעיר']
  28:17 vs Deut 28:5: shared 2 of 3/3; run ['טנאך', 'ומשארתך']
  28:18 vs Deut 28:4: shared 8 of 9/11; run ['פרי', 'בטנך', 'ופרי', 'אדמתך']
  28:19 vs Deut 28:6: shared 4 of 6/6; run ['אתה', 'בבאך']
  28:20 vs Deut 4:26: shared 2 of 24/27; run ['את']
  28:20 vs Deut 28:22: shared 3 of 24/12; run ['יהוה']
  28:20 vs Deut 31:17: shared 0 of 24/27; run []
  28:21 vs Lev 26:25: shared 0 of 15/15; run []
  28:21 vs Exod 9:3: shared 2 of 15/15; run ['יהוה']
  28:21 vs Deut 4:26: shared 5 of 15/27; run ['שמה', 'לרשתה']
  28:22 vs Lev 26:16: shared 0 of 12/21; run []
  28:22 vs Amos 4:9: shared 1 of 12/16; run ['יהוה']
  28:22 vs Hag 2:17: shared 1 of 12/14; run ['יהוה']
  28:23 vs Lev 26:19: shared 0 of 10/11; run []
  28:24 vs Deut 11:17: shared 3 of 13/24; run ['יהוה']
  28:24 vs Deut 28:12: shared 4 of 13/23; run ['מטר', 'ארצך']
  28:25 vs Deut 28:7: shared 6 of 18/16; run ['בדרך', 'אחד']
  28:25 vs Lev 26:17: shared 1 of 18/13; run ['לפני']
  28:25 vs Jer 24:9: shared 3 of 18/15; run ['לכל', 'ממלכות', 'הארץ']
  28:25 vs Deut 28:37: shared 1 of 18/10; run ['יהוה']
  28:26 vs Jer 7:33: shared 7 of 10/11; run ['השמים', 'ולבהמת', 'הארץ', 'ואין', 'מחריד']
  28:26 vs Jer 34:20: shared 5 of 10/14; run ['השמים', 'ולבהמת', 'הארץ']
  28:26 vs Deut 21:23: shared 0 of 10/24; run []
  28:27 vs Exod 9:9: shared 1 of 11/17; run ['מצרים']
  28:27 vs Deut 28:35: shared 7 of 11/16; run ['אשר', 'לא', 'תוכל', 'להרפא']
  28:27 vs Exod 15:26: shared 3 of 11/27; run ['יהוה']
  28:27 vs Deut 7:15: shared 4 of 11/17; run ['יהוה']
  28:27 vs Lev 21:20: shared 0 of 11/14; run []
  28:28 vs Zech 12:4: shared 2 of 6/21; run ['יהוה']
  28:29 vs Isa 59:10: shared 1 of 19/11; run ['בצהרים']
  28:29 vs Zeph 1:17: shared 0 of 19/12; run []
  28:29 vs Job 5:14: shared 1 of 19/6; run ['בצהרים']
  28:30 vs Deut 20:5: shared 2 of 14/22; run ['ואיש', 'אחר']
  28:30 vs Deut 20:6: shared 2 of 14/16; run ['ואיש', 'אחר']
  28:30 vs Deut 20:7: shared 3 of 14/16; run ['ואיש', 'אחר']
  28:30 vs Jer 29:5: shared 0 of 14/8; run []
  28:30 vs Amos 5:11: shared 2 of 14/22; run ['ולא']
  28:32 vs Deut 28:41: shared 0 of 14/9; run []
  28:33 vs Lev 26:16: shared 0 of 15/21; run []
  28:33 vs Deut 28:51: shared 4 of 15/21; run ['אשר', 'לא']
  28:34 vs Deut 28:67: shared 3 of 6/18; run ['עיניך', 'אשר', 'תראה']
  28:35 vs Deut 28:27: shared 7 of 16/11; run ['אשר', 'לא', 'תוכל', 'להרפא']
  28:36 vs Deut 28:64: shared 8 of 21/20; run ['אשר', 'לא', 'ידעת', 'אתה', 'ואבתיך']
  28:36 vs Deut 4:28: shared 2 of 21/17; run ['אשר', 'לא']
  28:36 vs Deut 17:15: shared 4 of 21/24; run ['אשר', 'לא']
  28:36 vs Deut 29:27: shared 2 of 21/14; run ['יהוה']
  28:37 vs 1Kgs 9:7: shared 4 of 10/23; run ['למשל', 'ולשנינה', 'בכל', 'העמים']
  28:37 vs Jer 24:9: shared 2 of 10/15; run ['בכל']
  28:37 vs Deut 28:25: shared 1 of 10/18; run ['והיית']
  28:38 vs Mic 6:15: shared 0 of 9/14; run []
  28:38 vs Hag 1:6: shared 0 of 9/19; run []
  28:38 vs Lev 26:20: shared 0 of 9/13; run []
  28:39 vs Mic 6:15: shared 1 of 11/14; run ['תשתה']
  28:39 vs Deut 20:6: shared 1 of 11/16; run ['ולא']
  28:40 vs Mic 6:15: shared 1 of 11/14; run ['תסוך']
  28:41 vs Deut 28:32: shared 0 of 9/14; run []
  28:42 vs Deut 28:38: shared 0 of 6/9; run []
  28:43 vs Deut 28:13: shared 1 of 11/23; run ['אשר']
  28:43 vs Deut 28:12: shared 1 of 11/23; run ['ואתה']
  28:44 vs Deut 28:12: shared 2 of 11/23; run ['ואתה', 'לא']
  28:44 vs Deut 28:13: shared 2 of 11/23; run ['לראש']
  28:44 vs Deut 15:6: shared 2 of 11/19; run ['ואתה', 'לא']
  28:45 vs Deut 28:2: shared 8 of 20/11; run ['ובאו', 'עליך', 'כל']
  28:45 vs Deut 28:15: shared 6 of 20/23; run ['ובאו', 'עליך', 'כל', 'הקללות', 'האלה']
  28:45 vs Deut 28:62: shared 6 of 20/15; run ['כי', 'לא', 'שמעת', 'בקול', 'יהוה', 'אלהיך']
  28:46 vs Deut 28:37: shared 0 of 7/10; run []
  28:47 vs Deut 12:7: shared 3 of 12/15; run ['יהוה', 'אלהיך']
  28:47 vs Deut 28:63: shared 1 of 12/25; run ['אשר']
  28:48 vs Jer 28:14: shared 4 of 20/27; run ['על', 'ברזל']
  28:48 vs Lev 26:13: shared 1 of 20/17; run ['אשר']
  28:48 vs Deut 28:44: shared 0 of 20/11; run []
  28:49 vs Jer 5:15: shared 5 of 15/23; run ['יהוה']
  28:49 vs Jer 48:40: shared 2 of 15/11; run ['יהוה']
  28:49 vs Hab 1:8: shared 1 of 15/15; run ['מרחוק']
  28:49 vs Deut 32:11: shared 0 of 15/12; run []
  28:50 vs Isa 47:6: shared 1 of 11/16; run ['לא']
  28:50 vs Lam 4:16: shared 2 of 11/13; run ['לא']
  28:50 vs Lam 5:12: shared 1 of 11/7; run ['לא']
  28:51 vs Deut 28:4: shared 6 of 21/11; run ['ופרי', 'אדמתך']
  28:51 vs Deut 28:33: shared 4 of 21/15; run ['אשר', 'לא']
  28:51 vs Deut 7:13: shared 7 of 21/22; run ['שגר', 'אלפיך', 'ועשתרת', 'צאנך']
  28:52 vs Deut 28:55: shared 3 of 26/19; run ['בכל', 'שעריך']
  28:52 vs Deut 28:57: shared 1 of 26/19; run ['לך']
  28:52 vs Deut 3:5: shared 0 of 26/13; run []
  28:52 vs Lev 26:25: shared 0 of 26/15; run []
  28:53 vs Lev 26:29: shared 1 of 17/6; run ['בשר']
  28:53 vs Jer 19:9: shared 4 of 17/19; run ['במצור', 'ובמצוק', 'אשר']
  28:53 vs Deut 28:55: shared 7 of 17/19; run ['במצור', 'ובמצוק', 'אשר', 'יציק', 'לך', 'איבך']
  28:53 vs Deut 28:57: shared 7 of 17/19; run ['במצור', 'ובמצוק', 'אשר', 'יציק', 'לך', 'איבך']
  28:54 vs Deut 15:9: shared 1 of 14/28; run ['בך']
  28:54 vs Deut 28:56: shared 2 of 14/19; run ['בך']
  28:54 vs Deut 13:7: shared 1 of 14/27; run ['אשר']
  28:55 vs Deut 28:53: shared 7 of 19/17; run ['במצור', 'ובמצוק', 'אשר', 'יציק', 'לך', 'איבך']
  28:55 vs Deut 28:52: shared 3 of 19/26; run ['בכל', 'שעריך']
  28:56 vs Deut 28:54: shared 2 of 19/14; run ['בך']
  28:56 vs Deut 15:9: shared 1 of 19/28; run ['בך']
  28:57 vs Deut 28:53: shared 7 of 19/17; run ['במצור', 'ובמצוק', 'אשר', 'יציק', 'לך', 'איבך']
  28:57 vs Deut 28:55: shared 8 of 19/19; run ['במצור', 'ובמצוק', 'אשר', 'יציק', 'לך', 'איבך']
  28:58 vs Deut 27:26: shared 5 of 21/14; run ['דברי', 'התורה', 'הזאת']
  28:58 vs Deut 31:12: shared 6 of 21/24; run ['לעשות', 'את', 'כל', 'דברי', 'התורה', 'הזאת']
  28:58 vs Deut 29:20: shared 2 of 21/13; run ['התורה']
  28:58 vs Deut 32:46: shared 6 of 21/22; run ['לעשות', 'את', 'כל', 'דברי', 'התורה', 'הזאת']
  28:58 vs Deut 6:13: shared 3 of 21/8; run ['את', 'יהוה', 'אלהיך']
  28:58 vs Deut 10:20: shared 3 of 21/10; run ['את', 'יהוה', 'אלהיך']
  28:59 vs Deut 29:21: shared 1 of 13/23; run ['יהוה']
  28:59 vs Deut 7:15: shared 1 of 13/17; run ['יהוה']
  28:60 vs Deut 7:15: shared 1 of 11/17; run ['בך']
  28:60 vs Exod 15:26: shared 2 of 11/27; run ['כל']
  28:60 vs Deut 28:27: shared 2 of 11/11; run ['מצרים']
  28:61 vs Deut 28:58: shared 4 of 16/21; run ['התורה', 'הזאת']
  28:61 vs Deut 29:20: shared 2 of 16/13; run ['בספר', 'התורה']
  28:62 vs Deut 10:22: shared 3 of 15/12; run ['ככוכבי', 'השמים', 'לרב']
  28:62 vs Deut 4:27: shared 3 of 15/13; run ['ונשארתם']
  28:62 vs Deut 28:45: shared 6 of 15/20; run ['כי', 'לא', 'שמעת', 'בקול', 'יהוה', 'אלהיך']
  28:62 vs Deut 26:5: shared 2 of 15/20; run ['במתי', 'מעט']
  28:63 vs Deut 30:9: shared 2 of 25/23; run ['כאשר', 'שש']
  28:63 vs Deut 28:11: shared 3 of 25/17; run ['האדמה', 'אשר']
  28:63 vs Deut 4:26: shared 4 of 25/27; run ['שמה', 'לרשתה']
  28:63 vs Deut 28:21: shared 8 of 25/15; run ['מעל', 'האדמה', 'אשר', 'אתה', 'בא', 'שמה', 'לרשתה']
  28:64 vs Deut 4:27: shared 2 of 20/13; run ['יהוה']
  28:64 vs Deut 4:28: shared 4 of 20/17; run ['שם', 'אלהים']
  28:64 vs Deut 28:36: shared 8 of 20/21; run ['אשר', 'לא', 'ידעת', 'אתה', 'ואבתיך']
  28:64 vs Deut 30:3: shared 3 of 20/15; run ['יהוה']
  28:64 vs Deut 29:27: shared 1 of 20/14; run ['יהוה']
  28:64 vs Lev 26:33: shared 0 of 20/12; run []
  28:65 vs Lev 26:36: shared 0 of 19/18; run []
  28:65 vs Deut 28:67: shared 0 of 19/18; run []
  28:65 vs Lam 1:3: shared 2 of 19/16; run ['לא']
  28:66 vs Deut 28:67: shared 0 of 11/18; run []
  28:67 vs Deut 28:66: shared 0 of 18/11; run []
  28:67 vs Job 7:4: shared 1 of 18/11; run ['ערב']
  28:68 vs Deut 17:16: shared 2 of 19/22; run ['בדרך']
  28:68 vs Exod 14:13: shared 4 of 19/27; run ['יהוה']
  28:68 vs Hos 8:13: shared 2 of 19/16; run ['יהוה']
  28:69 vs Deut 29:11: shared 3 of 20/11; run ['אשר']
  28:69 vs Deut 4:23: shared 3 of 20/20; run ['אשר', 'כרת']
  28:69 vs Deut 5:2: shared 3 of 20/6; run ['יהוה']
  28:69 vs Deut 29:24: shared 5 of 20/16; run ['אשר', 'כרת']
  28:69 vs 1Kgs 8:9: shared 4 of 20/20; run ['בני', 'ישראל']
  28:69 vs Deut 4:13: shared 2 of 20/15; run ['אשר', 'צוה']
==== C. THE FORMULAS OVER THE TORAH AND THE BIBLE (phrase seats by consonants; the lists cut to fourteen, the counts whole)
  when you come into the land (ki tavo el ha-aretz): Torah 1 ['Deut 26:1'] | Bible 1 ['Deut 26:1']
  an inheritance, and you possess it (nachalah virishtah): Torah 1 ['Deut 26:1'] | Bible 1 ['Deut 26:1']
  the first of all the fruit (reshit kol peri): Torah 0 [] | Bible 0 []
  I declare this day (higadti ha-yom): Torah 1 ['Deut 26:3'] | Bible 1 ['Deut 26:3']
  swore to our fathers (nishba la-avoteinu): Torah 1 ['Deut 6:23'] | Bible 1 ['Deut 6:23']
  a wandering Aramean was my father (arami oved avi): Torah 1 ['Deut 26:5'] | Bible 1 ['Deut 26:5']
  few in number (bimtei meat): Torah 2 ['Deut 26:5', 'Deut 28:62'] | Bible 2 ['Deut 26:5', 'Deut 28:62']
  great, mighty and many (gadol atzum va-rav): Torah 1 ['Deut 26:5'] | Bible 1 ['Deut 26:5']
  and the Egyptians dealt ill with us (vayareu otanu): Torah 1 ['Deut 26:6'] | Bible 1 ['Deut 26:6']
  hard bondage (avodah kashah): Torah 1 ['Deut 26:6'] | Bible 1 ['Deut 26:6']
  we cried to the LORD (vanitzak el): Torah 2 ['Deut 26:7', 'Num 20:16'] | Bible 2 ['Deut 26:7', 'Num 20:16']
  our affliction, our toil and our oppression: Torah 1 ['Deut 26:7'] | Bible 1 ['Deut 26:7']
  with a mighty hand and an outstretched arm: Torah 2 ['Deut 26:8', 'Deut 5:15'] | Bible 2 ['Deut 26:8', 'Deut 5:15']
  with great terror (bemora gadol): Torah 1 ['Deut 26:8'] | Bible 1 ['Deut 26:8']
  with signs and with wonders (be-otot uve-moftim): Torah 1 ['Deut 26:8'] | Bible 1 ['Deut 26:8']
  flowing with milk and honey (zavat chalav udvash): Torah 15 ['Deut 11:9', 'Deut 26:15', 'Deut 26:9', 'Deut 27:3', 'Deut 31:20', 'Deut 6:3', 'Exod 13:5', 'Exod 33:3', 'Exod 3:17', 'Exod 3:8', 'Lev 20:24', 'Num 13:27', 'Num 14:8', 'Num 16:13'] | Bible 20 ['Deut 11:9', 'Deut 26:15', 'Deut 26:9', 'Deut 27:3', 'Deut 31:20', 'Deut 6:3', 'Exod 13:5', 'Exod 33:3', 'Exod 3:17', 'Exod 3:8', 'Ezek 20:15', 'Ezek 20:6', 'Jer 11:5', 'Jer 32:22']
  the year of the tithe (shnat ha-maaser): Torah 1 ['Deut 26:12'] | Bible 1 ['Deut 26:12']
  the Levite, the stranger, the orphan and the widow: Torah 1 ['Deut 26:12'] | Bible 1 ['Deut 26:12']
  within your gates and are satisfied (bisharekha vesaveu): Torah 1 ['Deut 26:12'] | Bible 1 ['Deut 26:12']
  I have removed the holy from the house (biarti ha-kodesh): Torah 1 ['Deut 26:13'] | Bible 1 ['Deut 26:13']
  I have not transgressed Your commandments: Torah 1 ['Deut 26:13'] | Bible 1 ['Deut 26:13']
  and I have not forgotten (velo shakhachti): Torah 1 ['Deut 26:13'] | Bible 1 ['Deut 26:13']
  in my mourning (be-oni): Torah 1 ['Deut 26:14'] | Bible 1 ['Deut 26:14']
  in uncleanness (be-tame): Torah 1 ['Deut 26:14'] | Bible 1 ['Deut 26:14']
  for the dead (la-met): Torah 1 ['Deut 26:14'] | Bible 1 ['Deut 26:14']
  look down from Your holy habitation (hashkifah mimeon kodshekha): Torah 1 ['Deut 26:15'] | Bible 1 ['Deut 26:15']
  a people of His treasure (le-am segulah): Torah 3 ['Deut 14:2', 'Deut 26:18', 'Deut 7:6'] | Bible 3 ['Deut 14:2', 'Deut 26:18', 'Deut 7:6']
  high above all (elyon al kol): Torah 2 ['Deut 26:19', 'Deut 28:1'] | Bible 4 ['Deut 26:19', 'Deut 28:1', 'Ps 83:19', 'Ps 97:9']
  a holy people to the LORD (am kadosh la-adonai): Torah 1 ['Deut 26:19'] | Bible 1 ['Deut 26:19']
  as He spoke (kaasher diber): Torah 34 ['Deut 10:9', 'Deut 11:25', 'Deut 12:20', 'Deut 15:6', 'Deut 18:2', 'Deut 1:11', 'Deut 1:21', 'Deut 26:18', 'Deut 26:19', 'Deut 27:3', 'Deut 29:12', 'Deut 2:1', 'Deut 31:3', 'Deut 6:19'] | Bible 65 ['1Chr 22:11', '1Kgs 12:12', '1Kgs 2:24', '1Kgs 2:31', '1Kgs 2:38', '1Kgs 5:19', '1Kgs 5:26', '1Kgs 8:20', '1Sam 28:17', '2Chr 10:12', '2Chr 23:3', '2Chr 6:10', '2Kgs 17:23', '2Kgs 24:13']
  great stones (avanim gedolot): Torah 1 ['Deut 27:2'] | Bible 7 ['1Kgs 5:31', '1Kgs 7:10', 'Deut 27:2', 'Jer 43:9', 'Josh 10:11', 'Josh 10:18', 'Josh 10:27']
  and plaster them with plaster (vesadta otam ba-sid): Torah 1 ['Deut 27:2'] | Bible 1 ['Deut 27:2']
  all the words of this law (kol divrei ha-torah ha-zot): Torah 7 ['Deut 17:19', 'Deut 27:3', 'Deut 27:8', 'Deut 28:58', 'Deut 29:28', 'Deut 31:12', 'Deut 32:46'] | Bible 7 ['Deut 17:19', 'Deut 27:3', 'Deut 27:8', 'Deut 28:58', 'Deut 29:28', 'Deut 31:12', 'Deut 32:46']
  you shall not lift iron upon them (lo tanif aleihem barzel): Torah 1 ['Deut 27:5'] | Bible 1 ['Deut 27:5']
  whole stones (avanim shelemot): Torah 1 ['Deut 27:6'] | Bible 2 ['Deut 27:6', 'Josh 8:31']
  this day you have become a people (ha-yom ha-zeh nihyeta le-am): Torah 1 ['Deut 27:9'] | Bible 1 ['Deut 27:9']
  Mount Gerizim (har gerizim): Torah 2 ['Deut 11:29', 'Deut 27:12'] | Bible 4 ['Deut 11:29', 'Deut 27:12', 'Josh 8:33', 'Judg 9:7']
  Mount Ebal (har eival): Torah 1 ['Deut 11:29'] | Bible 2 ['Deut 11:29', 'Josh 8:33']
  and all the people shall say Amen (ve-amar kol ha-am amen): Torah 11 ['Deut 27:16', 'Deut 27:17', 'Deut 27:18', 'Deut 27:19', 'Deut 27:20', 'Deut 27:21', 'Deut 27:22', 'Deut 27:23', 'Deut 27:24', 'Deut 27:25', 'Deut 27:26'] | Bible 12 ['Deut 27:16', 'Deut 27:17', 'Deut 27:18', 'Deut 27:19', 'Deut 27:20', 'Deut 27:21', 'Deut 27:22', 'Deut 27:23', 'Deut 27:24', 'Deut 27:25', 'Deut 27:26', 'Ps 106:48']
  the blind on the way (iver ba-darekh): Torah 1 ['Deut 27:18'] | Bible 1 ['Deut 27:18']
  his neighbor's landmark (gevul reehu): Torah 1 ['Deut 27:17'] | Bible 1 ['Deut 27:17']
  the judgment of the stranger, the orphan and the widow: Torah 1 ['Deut 27:19'] | Bible 1 ['Deut 27:19']
  his father's skirt (kenaf aviv): Torah 2 ['Deut 23:1', 'Deut 27:20'] | Bible 2 ['Deut 23:1', 'Deut 27:20']
  takes a bribe to slay a soul of innocent blood: Torah 1 ['Deut 27:25'] | Bible 1 ['Deut 27:25']
  who does not uphold the words of this law (lo yakim): Torah 1 ['Deut 27:26'] | Bible 1 ['Deut 27:26']
  if you diligently hearken (shamoa tishma be-kol): Torah 2 ['Deut 15:5', 'Deut 28:1'] | Bible 2 ['Deut 15:5', 'Deut 28:1']
  blessed are you in the city (barukh atah ba-ir): Torah 1 ['Deut 28:3'] | Bible 1 ['Deut 28:3']
  the fruit of your womb (peri vitnekha): Torah 4 ['Deut 28:18', 'Deut 28:4', 'Deut 28:53', 'Deut 7:13'] | Bible 4 ['Deut 28:18', 'Deut 28:4', 'Deut 28:53', 'Deut 7:13']
  your basket and your kneading trough (tanakha umisharteka): Torah 2 ['Deut 28:17', 'Deut 28:5'] | Bible 2 ['Deut 28:17', 'Deut 28:5']
  one way (be-derekh echad): Torah 2 ['Deut 28:25', 'Deut 28:7'] | Bible 3 ['1Kgs 18:6', 'Deut 28:25', 'Deut 28:7']
  seven ways (uve-shivah derakhim): Torah 2 ['Deut 28:25', 'Deut 28:7'] | Bible 2 ['Deut 28:25', 'Deut 28:7']
  His good treasure, the heavens (otzaro ha-tov et ha-shamayim): Torah 1 ['Deut 28:12'] | Bible 1 ['Deut 28:12']
  the head and not the tail (le-rosh velo le-zanav): Torah 1 ['Deut 28:13'] | Bible 1 ['Deut 28:13']
  right or left (yamin usmol): Torah 5 ['Deut 17:20', 'Deut 28:14', 'Deut 2:27', 'Num 20:17', 'Num 22:26'] | Bible 12 ['1Sam 6:12', '2Chr 34:2', '2Kgs 22:2', 'Deut 17:20', 'Deut 28:14', 'Deut 2:27', 'Isa 54:3', 'Josh 1:7', 'Josh 23:6', 'Num 20:17', 'Num 22:26', 'Prov 4:27']
  cursed are you in the city (arur atah ba-ir): Torah 1 ['Deut 28:16'] | Bible 1 ['Deut 28:16']
  a horror, a proverb and a byword (le-shamah le-mashal veli-shninah): Torah 1 ['Deut 28:37'] | Bible 1 ['Deut 28:37']
  the boil of Egypt (bishchin mitzrayim): Torah 1 ['Deut 28:27'] | Bible 1 ['Deut 28:27']
  an iron yoke (ol barzel): Torah 1 ['Deut 28:48'] | Bible 2 ['Deut 28:48', 'Jer 28:14']
  from the end of the earth as the eagle flies (kaasher yideh ha-nesher): Torah 1 ['Deut 28:49'] | Bible 1 ['Deut 28:49']
  in the siege and in the distress (ba-matzor uva-matzok): Torah 3 ['Deut 28:53', 'Deut 28:55', 'Deut 28:57'] | Bible 4 ['Deut 28:53', 'Deut 28:55', 'Deut 28:57', 'Jer 19:9']
  the flesh of your sons and your daughters (besar banekha uvnotekha): Torah 1 ['Deut 28:53'] | Bible 1 ['Deut 28:53']
  the book of this law (sefer ha-torah ha-zot): Torah 0 [] | Bible 0 []
  this glorious and awesome Name (ha-shem ha-nikhbad veha-nora): Torah 1 ['Deut 28:58'] | Bible 1 ['Deut 28:58']
  the diseases of Egypt (madveh mitzrayim): Torah 1 ['Deut 28:60'] | Bible 1 ['Deut 28:60']
  as the stars of heaven for multitude (ke-khokhvei ha-shamayim la-rov): Torah 3 ['Deut 10:22', 'Deut 1:10', 'Deut 28:62'] | Bible 3 ['Deut 10:22', 'Deut 1:10', 'Deut 28:62']
  and the LORD will scatter you among all the peoples (ve-hefitzkha): Torah 1 ['Deut 28:64'] | Bible 1 ['Deut 28:64']
  from the end of the earth to the end of the earth: Torah 2 ['Deut 13:8', 'Deut 28:64'] | Bible 3 ['Deut 13:8', 'Deut 28:64', 'Jer 25:33']
  wood and stone (etz va-even): Torah 4 ['Deut 28:36', 'Deut 28:64', 'Deut 29:16', 'Deut 4:28'] | Bible 7 ['2Kgs 19:18', 'Deut 28:36', 'Deut 28:64', 'Deut 29:16', 'Deut 4:28', 'Ezek 20:32', 'Isa 37:19']
  a trembling heart, failing eyes and a languishing soul: Torah 1 ['Deut 28:65'] | Bible 1 ['Deut 28:65']
  you shall not see it again (lo tosif od lirotah): Torah 1 ['Deut 28:68'] | Bible 1 ['Deut 28:68']
  the words of the covenant (divrei ha-berit): Torah 3 ['Deut 28:69', 'Deut 29:8', 'Exod 34:28'] | Bible 10 ['2Chr 34:31', '2Kgs 23:3', 'Deut 28:69', 'Deut 29:8', 'Exod 34:28', 'Jer 11:2', 'Jer 11:3', 'Jer 11:6', 'Jer 11:8', 'Jer 34:18']
  in the land of Moab (be-eretz moav): Torah 5 ['Deut 1:5', 'Deut 28:69', 'Deut 32:49', 'Deut 34:5', 'Deut 34:6'] | Bible 5 ['Deut 1:5', 'Deut 28:69', 'Deut 32:49', 'Deut 34:5', 'Deut 34:6']
  besides the covenant (milvad ha-berit): Torah 1 ['Deut 28:69'] | Bible 1 ['Deut 28:69']
  with the children of Israel (et benei yisrael): Torah 39 ['Deut 28:69', 'Deut 31:19', 'Deut 31:22', 'Deut 31:23', 'Deut 33:1', 'Exod 10:20', 'Exod 11:10', 'Exod 12:51', 'Exod 13:19', 'Exod 1:13', 'Exod 27:20', 'Exod 2:25', 'Exod 32:20', 'Exod 3:11'] | Bible 55 ['1Sam 7:6', '2Chr 8:2', '2Sam 7:6', 'Deut 28:69', 'Deut 31:19', 'Deut 31:22', 'Deut 31:23', 'Deut 33:1', 'Exod 10:20', 'Exod 11:10', 'Exod 12:51', 'Exod 13:19', 'Exod 1:13', 'Exod 27:20']
  single tokens (Torah) — "cursed" (arur): ['Deut 27:15', 'Deut 27:16', 'Deut 27:17', 'Deut 27:18', 'Deut 27:19', 'Deut 27:20', 'Deut 27:21', 'Deut 27:22', 'Deut 27:23', 'Deut 27:24', 'Deut 27:25', 'Deut 27:26', 'Deut 28:16', 'Deut 28:17', 'Deut 28:18', 'Deut 28:19', 'Gen 27:29', 'Gen 3:14', 'Gen 49:7', 'Gen 4:11', 'Gen 9:25', 'Num 24:9'] | "blessed" (barukh): ['Deut 28:3', 'Deut 28:4', 'Deut 28:5', 'Deut 28:6', 'Deut 33:20', 'Deut 33:24', 'Deut 7:14', 'Exod 18:10', 'Gen 14:19', 'Gen 24:27', 'Gen 24:31', 'Gen 26:29', 'Gen 27:29', 'Gen 27:33', 'Gen 9:26', 'Num 22:12', 'Num 24:9'] | "Amen": ['Deut 27:15', 'Deut 27:16', 'Deut 27:17', 'Deut 27:18', 'Deut 27:19', 'Deut 27:20', 'Deut 27:21', 'Deut 27:22', 'Deut 27:23', 'Deut 27:24', 'Deut 27:25', 'Deut 27:26', 'Deut 32:20', 'Num 5:22'] | "basket" (tene): ['Deut 26:2', 'Deut 26:4', 'Deut 28:17', 'Deut 28:5'] | "first / firstfruits" (reshit / bikkurim, book): ['Deut 18:4', 'Deut 21:17', 'Deut 26:10', 'Deut 33:21'] | "treasure" (segulah, Bible): ['1Chr 29:3', 'Deut 14:2', 'Deut 26:18', 'Deut 7:6', 'Exod 19:5', 'Mal 3:17']
  "bribe" (shochad, Torah): ['Deut 10:17', 'Deut 16:19', 'Deut 27:25', 'Exod 23:8'] | "blind" (iver, Torah): ['Deut 15:21', 'Deut 27:18', 'Deut 28:29', 'Exod 34:29', 'Exod 34:30', 'Exod 34:35', 'Exod 4:11', 'Gen 3:21', 'Lev 11:32', 'Lev 13:12', 'Lev 13:20', 'Lev 13:21', 'Lev 13:25', 'Lev 13:26', 'Lev 13:30', 'Lev 13:31', 'Lev 13:32', 'Lev 13:34', 'Lev 13:4', 'Lev 13:43', 'Lev 13:48', 'Lev 13:49', 'Lev 13:51', 'Lev 13:52', 'Lev 13:53', 'Lev 13:56', 'Lev 13:57', 'Lev 13:58', 'Lev 13:59', 'Lev 15:17', 'Lev 19:14', 'Lev 21:18', 'Lev 4:11', 'Lev 7:8', 'Lev 9:11', 'Num 31:20', 'Num 4:10', 'Num 4:11', 'Num 4:12', 'Num 4:14', 'Num 4:6', 'Num 4:8'] | "plaster" (sid, Bible): ['Deut 27:2', 'Deut 27:4', 'Isa 33:12'] | Gerizim / Ebal (Bible): ['1Chr 1:22', 'Deut 11:29', 'Deut 27:12', 'Deut 27:13', 'Deut 27:4', 'Josh 8:30', 'Josh 8:33', 'Judg 9:7'] | "in secret" (ba-sater, Torah): ['Deut 13:7', 'Deut 27:15', 'Deut 27:24', 'Deut 28:57'] | "in ships" (ba-oniyot, Bible): ['1Kgs 22:49', '1Kgs 22:50', '1Kgs 9:27', '2Chr 20:36', '2Chr 20:37', '2Chr 9:21', 'Deut 28:68', 'Ezek 27:25', 'Ezek 27:9', 'Gen 49:13', 'Isa 23:1', 'Isa 23:14', 'Isa 2:16', 'Isa 43:14', 'Job 9:26', 'Judg 5:17', 'Ps 104:26', 'Ps 107:23', 'Ps 48:8'] | Horeb in the book: ['Deut 13:16', 'Deut 18:16', 'Deut 1:19', 'Deut 1:2', 'Deut 1:6', 'Deut 20:13', 'Deut 28:69', 'Deut 32:25', 'Deut 33:29', 'Deut 4:10', 'Deut 4:15', 'Deut 5:2']
  the diseases (28:22, 27-28, 35 — Bible): consumption/fever/inflammation: ['Deut 28:22'] | blight and mildew: ['1Kgs 8:37', '2Chr 6:28', 'Amos 4:9', 'Deut 28:22', 'Hag 2:17'] | the boil, hemorrhoids, scab, itch: ['Deut 28:27', 'Deut 28:35', 'Job 2:7', 'Lev 13:20'] | madness, blindness, astonishment: ['2Kgs 9:20', 'Deut 28:28', 'Zech 12:4'] | "eagle" (nesher, Torah): ['Deut 14:12', 'Deut 28:49', 'Deut 32:11', 'Lev 11:13'] | "horror" (zaavah, Bible): ['Deut 28:25', 'Ezek 23:46']
  "you shall not / not" per chapter (the negations): {26: 5, 27: 2, 28: 34} | "if" (im) seats: [(28, 1), (28, 15), (28, 58)] | "hearken" (shama) tokens: [(26, 14, 'שמעתי'), (27, 9, 'ושמע'), (27, 10, 'ושמעת'), (27, 12, 'שמעון'), (28, 1, 'שמוע'), (28, 1, 'תשמע'), (28, 2, 'תשמע'), (28, 13, 'תשמע'), (28, 15, 'תשמע'), (28, 45, 'שמעת'), (28, 49, 'תשמע'), (28, 62, 'שמעת')] | "Egypt" seats: [(26, 5), (26, 6), (26, 8), (28, 27), (28, 60), (28, 68)]
  26:5 vs Genesis 47:4 tokens: ['ויאמרו', 'אל', 'פרעה', 'לגור', 'בארץ', 'באנו', 'כי', 'אין', 'מרעה', 'לצאן', 'אשר', 'לעבדיך', 'כי', 'כבד', 'הרעב', 'בארץ', 'כנען', 'ועתה', 'ישבו', 'נא', 'עבדיך', 'בארץ', 'גשן'] | 27:5 vs Exodus 20:22: ['ויאמר', 'יהוה', 'אל', 'משה', 'כה', 'תאמר', 'אל', 'בני', 'ישראל', 'אתם', 'ראיתם', 'כי', 'מן', 'השמים', 'דברתי', 'עמכם'] | 27:12 vs 11:29: ['והיה', 'כי', 'יביאך', 'יהוה', 'אלהיך', 'אל', 'הארץ', 'אשר', 'אתה', 'בא', 'שמה', 'לרשתה', 'ונתתה', 'את', 'הברכה', 'על', 'הר', 'גרזים', 'ואת', 'הקללה', 'על', 'הר', 'עיבל'] | 28:23 vs Leviticus 26:19: ['ושברתי', 'את', 'גאון', 'עזכם', 'ונתתי', 'את', 'שמיכם', 'כברזל', 'ואת', 'ארצכם', 'כנחשה'] | 28:53 vs Leviticus 26:29: ['ואכלתם', 'בשר', 'בניכם', 'ובשר', 'בנתיכם', 'תאכלו'] | 28:68 vs 17:16: ['רק', 'לא', 'ירבה', 'לו', 'סוסים', 'ולא', 'ישיב', 'את', 'העם', 'מצרימה', 'למען', 'הרבות', 'סוס', 'ויהוה', 'אמר', 'לכם', 'לא', 'תספון', 'לשוב', 'בדרך', 'הזה', 'עוד'] | 28:30 vs 20:5-7 tokens: [['ודברו', 'השטרים', 'אל', 'העם', 'לאמר', 'מי', 'האיש', 'אשר', 'בנה'], ['ומי', 'האיש', 'אשר', 'נטע', 'כרם', 'ולא', 'חללו', 'ילך', 'וישב'], ['ומי', 'האיש', 'אשר', 'ארש', 'אשה', 'ולא', 'לקחה', 'ילך', 'וישב']]
==== D. ONKELOS OVER THE BOOK (the plain Aramaic of every export row through NFKC; EXPORT verse numbers)
  Laban the Aramean (26:5 — the wandering Aramean rendered): 1 [(26, 5)]
  sought to destroy (be-a le-ovada): 2 [(26, 5), (28, 63)]
  the basket — sala: 2 [(26, 2), (26, 4)]
  the Shekhinah: 1 [(31, 17)]
  the Memra (the Word): 91 [(1, 5), (1, 6), (1, 9), (1, 16), (1, 26), (1, 28), (1, 32), (1, 34), (1, 37), (1, 43), (2, 2), (2, 4), (2, 7), (2, 17), (2, 26), (3, 18), (3, 21), (3, 22), (3, 23), (4, 24), (4, 30), (4, 33), (4, 36), (4, 37)]
  cursed — lit: 21 [(3, 24), (4, 39), (10, 7), (27, 15), (27, 16), (27, 17), (27, 18), (27, 19), (27, 20), (27, 21), (27, 22), (27, 23), (27, 24), (27, 25), (27, 26), (28, 16), (28, 17), (28, 18), (28, 19), (32, 13), (32, 14)]
  blessed — berikh: 8 [(7, 14), (28, 3), (28, 4), (28, 5), (28, 6), (33, 1), (33, 20), (33, 24)]
  Amen: 12 [(27, 15), (27, 16), (27, 17), (27, 18), (27, 19), (27, 20), (27, 21), (27, 22), (27, 23), (27, 24), (27, 25), (27, 26)]
  in secret — be-sitra: 4 [(13, 7), (27, 15), (27, 24), (28, 57)]
  a bribe — shochda: 0 []
  the eagle — nishra: 3 [(14, 12), (28, 49), (32, 11)]
  the head — resh (le-resh): 2 [(3, 27), (33, 16)]
  the peoples — amemaya: 72 [(2, 25), (4, 6), (4, 19), (4, 27), (4, 28), (4, 38), (6, 14), (7, 1), (7, 4), (7, 6), (7, 7), (7, 14), (7, 16), (7, 17), (7, 19), (7, 22), (8, 19), (8, 20), (9, 1), (9, 4), (9, 5), (10, 15), (11, 16), (11, 23)]
  idols / error — taavat: 35 [(4, 28), (6, 14), (7, 4), (7, 5), (7, 16), (7, 25), (8, 19), (11, 16), (11, 28), (12, 2), (12, 3), (12, 30), (12, 31), (13, 3), (13, 7), (13, 8), (13, 14), (17, 3), (18, 9), (18, 20), (20, 18), (28, 14), (28, 36), (28, 64)]
  milk and honey — chalav udvash: 6 [(6, 3), (11, 9), (26, 9), (26, 15), (27, 3), (31, 20)]
  mighty hand — yad takifa: 13 [(4, 34), (5, 15), (6, 21), (7, 8), (8, 15), (9, 26), (11, 2), (26, 8), (28, 23), (32, 4), (32, 15), (32, 18), (32, 37)]
  the covenant — keyam: 27 [(1, 8), (1, 34), (4, 33), (4, 42), (5, 2), (5, 21), (5, 23), (5, 28), (6, 13), (7, 2), (8, 3), (10, 20), (16, 22), (18, 15), (18, 18), (18, 22), (19, 4), (19, 5), (19, 15), (20, 16), (22, 4), (27, 2), (27, 26), (28, 36)]
  astonishment — shaamemu: 1 [(28, 28)]
  plaster — sid/gir: 8 [(1, 7), (15, 18), (15, 21), (17, 8), (21, 5), (24, 8), (24, 14), (32, 42)]
  the Name — shema: 15 [(2, 27), (5, 11), (5, 29), (17, 11), (17, 20), (18, 5), (18, 7), (18, 22), (21, 5), (25, 6), (25, 7), (28, 10), (28, 14), (28, 58), (32, 3)]
  the fear of heaven / before the LORD (kodam): 101 [(1, 34), (1, 37), (1, 41), (1, 45), (2, 15), (3, 23), (3, 26), (4, 10), (4, 21), (4, 25), (5, 14), (5, 25), (6, 2), (6, 16), (6, 18), (6, 25), (7, 6), (9, 7), (9, 8), (9, 16), (9, 18), (9, 20), (9, 22), (9, 24)]
  the land of Israel: 0 []
  26:2 HE 25 ARM 24: ותסב מריש כל אבא דארעא די תעל מארעך די יי אלהך יהב לך ותשוי בסלא ותהך לאתרא די יתרעי יי אלהך לאשראה שכנתיה תמן
  26:5 HE 20 ARM 23: ותתיב ותימר קדם יי אלהך לבן ארמאה בעא לאובדא ית אבא ונחת למצרים ודר תמן בעם זער והוה תמן לעם רב תקיף וסגי
  26:8 HE 11 ARM 11: ואפקנא יי ממצרים בידא תקיפא ובדרעא מרממא ובחזונא רבא ובאתין ובמופתין
  26:12 HE 19 ARM 19: ארי תשצי לעשרא ית כל מעשר עללתך בשתא תליתאה שנת מעשרא ותתן ללואי לגיורא ליתמא ולארמלא ויכלון בקרויך וישבעון
  26:14 HE 20 ARM 20: לא אכלית באבלי מניה ולא פלתי מניה בדמסאב ולא יהבית מניה למית קבלית למימרא דיי אלהי עבדית ככל די פקדתני
  26:15 HE 22 ARM 23: אסתכי ממדור קדשך מן שמיא וברך ית עמך ית ישראל וית ארעא די יהבת לנא כמא די קימתא לאבהתנא ארע עבדא חלב ודבש
  26:17 HE 15 ARM 18: ית יי חטבת יומא דין למהוי לך לאלה ולמהך בארחן דתקנן קדמוהי ולמטר קימוהי ופקודוהי ודינוהי ולקבלא במימריה
  26:18 HE 13 ARM 15: ויי חטבך יומא דין למהוי ליה לעם חביב כמא די מליל לך ולמטר כל פקודוהי
  27:1 HE 16 ARM 17: ופקיד משה וסבי ישראל ית עמא למימר טר ית כל תפקדתא די אנא מפקד יתכון יומא דין
  27:3 HE 28 ARM 27: ותכתוב עליהון ית כל פתגמי אוריתא הדא במעברך בדיל די תעול לארעא דיי אלהך יהב לך ארעא עבדא חלב ודבש כמא די מליל יי אלהא דאבהתך לך
  27:8 HE 10 ARM 10: ותכתוב על אבניא ית כל פתגמי אוריתא הדא פרש יאות
  27:15 HE 18 ARM 19: ליט גברא די יעבד צלם ומתכא מרחקא קדם יי עבד ידי אמן ומשוי בסתרא ויתיבון כל עמא ויימרון אמן
  27:26 HE 14 ARM 14: ליט די לא יקים ית פתגמי אוריתא הדא למעבד יתהון ויימר כל עמא אמן
  28:1 HE 24 ARM 25: ויהי אם קבלא תקבל למימרא דיי אלהך למטר למעבד ית כל פקודוהי די אנא מפקדך יומא דין ויתננך יי אלהך עלי על כל עממי ארעא
  28:12 HE 23 ARM 23: יפתח יי לך ית אוצריה טבא ית שמיא למתן מטר ארעך בעדניה ולברכא ית כל עובדי ידך ותוזף לעממין סגיאין ואת לא תזוף
  28:22 HE 12 ARM 12: ימחנך יי בשחפתא ובקדחתא ובדלקתא ובחרחורא ובחרבא ובשדפונא ובירקונא וירדפנך עד דתיבד
  28:27 HE 11 ARM 12: ימחנך יי בשחנא דמצרים ובטחורין ובגרבא ובחריס יביש די לא תכול לאתסאה
  28:37 HE 10 ARM 10: ותהי לצדו למתל ולשועי בכל עממיא די ידברנך יי לתמן
  28:49 HE 15 ARM 16: ייתי יי עלך עם מרחיק מסיפי ארעא כמא די משתדי נשרא עמא די לא תשמע לישניה
  28:64 HE 20 ARM 21: ויבדרנך יי בכל עממיא מסיפי ארעא ועד סיפי ארעא ותפלח תמן לעממיא פלחי טעותא די לא ידעת את ואבהתך אעא ואבנא
  28:68 HE 19 ARM 20: ויתיבנך יי מצרים בספינן בארחא די אמרית לך לא תוסף עוד למחזיה ותזדבנון תמן לבעלי דבבך לעבדין ולאמהן ולית דקנה
  28:69 HE 20 ARM 20: אלין פתגמי קימא די פקיד יי ית משה למגזר עם בני ישראל בארעא דמואב בר מקימא די גזר עמהון בחרב
==== E. THE FRAMES AND THE REGISTER (computed on the morphology)
  2mp/2ms per verse: {'26:1': (0, 5), '26:2': (0, 7), '26:3': (0, 3), '26:4': (0, 2), '26:5': (0, 3), '26:6': (0, 0), '26:7': (0, 0), '26:8': (0, 0), '26:9': (0, 0), '26:10': (0, 5), '26:11': (0, 6), '26:12': (0, 4), '26:13': (0, 5), '26:14': (0, 1), '26:15': (0, 6), '26:16': (0, 6), '26:17': (0, 2), '26:18': (0, 1), '26:19': (0, 3), '27:1': (1, 0), '27:2': (1, 4), '27:3': (0, 6), '27:4': (3, 1), '27:5': (0, 3), '27:6': (0, 4), '27:7': (0, 4), '27:8': (0, 1), '27:9': (0, 4), '27:10': (0, 4), '27:11': (0, 0), '27:12': (1, 0), '27:13': (0, 0), '27:14': (0, 0), '27:15': (0, 0), '27:16': (0, 0), '27:17': (0, 0), '27:18': (0, 0), '27:19': (0, 0), '27:20': (0, 0), '27:21': (0, 0), '27:22': (0, 0), '27:23': (0, 0), '27:24': (0, 0), '27:25': (0, 0), '27:26': (0, 0), '28:1': (0, 5), '28:2': (0, 4), '28:3': (0, 2), '28:4': (0, 5), '28:5': (0, 2), '28:6': (0, 4), '28:7': (0, 5), '28:8': (0, 5), '28:9': (0, 4), '28:10': (0, 2), '28:11': (0, 5), '28:12': (0, 6), '28:13': (0, 6), '28:14': (1, 1), '28:15': (0, 5), '28:16': (0, 2), '28:17': (0, 2), '28:18': (0, 4), '28:19': (0, 4), '28:20': (0, 7), '28:21': (0, 3), '28:22': (0, 3), '28:23': (0, 3), '28:24': (0, 2), '28:25': (0, 5), '28:26': (0, 1), '28:27': (0, 2), '28:28': (0, 1), '28:29': (0, 4), '28:30': (0, 5), '28:31': (0, 8), '28:32': (0, 4), '28:33': (0, 4), '28:34': (0, 3), '28:35': (0, 4), '28:36': (0, 8), '28:37': (0, 2), '28:38': (0, 2), '28:39': (0, 4), '28:40': (0, 4), '28:41': (0, 1), '28:42': (0, 2), '28:43': (0, 4), '28:44': (0, 5), '28:45': (0, 5), '28:46': (0, 2), '28:47': (0, 2), '28:48': (0, 3), '28:49': (0, 2), '28:50': (0, 0), '28:51': (0, 5), '28:52': (0, 9), '28:53': (0, 8), '28:54': (0, 1), '28:55': (0, 3), '28:56': (0, 1), '28:57': (0, 3), '28:58': (0, 2), '28:59': (0, 2), '28:60': (0, 2), '28:61': (0, 1), '28:62': (2, 2), '28:63': (7, 1), '28:64': (0, 5), '28:65': (0, 3), '28:66': (0, 5), '28:67': (0, 6), '28:68': (1, 4), '28:69': (0, 0)}
  infinitive absolutes: [(27, 1, 'שמר'), (27, 8, 'באר'), (27, 8, 'היטב'), (28, 1, 'שמוע'), (28, 20, 'מהר')] | wayyiqtol forms: [(26, 5, 'וירד'), (26, 5, 'ויגר'), (26, 5, 'ויהי'), (26, 6, 'וירעו'), (26, 6, 'ויענונו'), (26, 6, 'ויתנו'), (26, 7, 'ונצעק'), (26, 7, 'וישמע'), (26, 7, 'וירא'), (26, 8, 'ויוצאנו'), (26, 9, 'ויבאנו'), (26, 9, 'ויתן'), (27, 1, 'ויצו'), (27, 9, 'וידבר'), (27, 11, 'ויצו')] | imperatives: [] | first person: [(26, 3, 'הגדתי'), (26, 3, 'באתי'), (26, 10, 'הבאתי'), (26, 13, 'בערתי'), (26, 13, 'נתתיו'), (26, 13, 'צויתני'), (26, 13, 'עברתי'), (26, 13, 'שכחתי'), (26, 14, 'אכלתי'), (26, 14, 'בערתי'), (26, 14, 'נתתי'), (26, 14, 'שמעתי'), (26, 14, 'עשיתי'), (26, 14, 'צויתני'), (28, 20, 'עזבתני'), (28, 68, 'אמרתי')]
  negations per verse: {'26:13': 2, '26:14': 3, '27:5': 1, '27:26': 1, '28:12': 1, '28:13': 2, '28:14': 1, '28:15': 1, '28:27': 1, '28:29': 1, '28:30': 2, '28:31': 2, '28:33': 1, '28:35': 1, '28:36': 1, '28:39': 2, '28:40': 1, '28:41': 1, '28:44': 1, '28:45': 1, '28:47': 1, '28:49': 1, '28:50': 2, '28:51': 1, '28:56': 1, '28:58': 1, '28:61': 1, '28:62': 1, '28:64': 1, '28:65': 2, '28:66': 1, '28:68': 1} | "saying": ['27:1', '27:9', '27:11'] | "so that" (lemaan): ['27:3'] | "this day" (ha-yom): ['26:3', '26:16', '26:17', '26:18', '27:1', '27:4', '27:9', '27:10', '28:1', '28:13', '28:14', '28:15', '28:32']
  chapter 26: the Name bare / with lamed / "your God" pairs: 17 2 [1, 2, 4, 5, 10, 11, 13, 16]
  chapter 27: the Name bare / with lamed / "your God" pairs: 7 3 [2, 3, 6, 7, 10]
  chapter 28: the Name bare / with lamed / "your God" pairs: 41 0 [1, 2, 8, 9, 13, 15, 45, 47, 52, 53, 58, 62]
  the register on Deut 26-28 — receipts: [] | footers: [(('Deut', 28, 69), {'noun': 'words', 'kind': 'FOOTER', 'stamp': 'moab'})] | headers: []
  the parser's hits: {(26, 12): ([], [], ['לעשר*', 'מעשר*']), (28, 7): ([1, 7], [], []), (28, 25): ([1, 7], [], []), (28, 55): ([1], [], []), (28, 63): ([6], [], [])} | 28:7 tokens as the parser sees them: ['בדרך', 'אחד', 'יצאו', 'אליך', 'ובשבעה', 'דרכים'] | 28:63: ['והיה', 'כאשר', 'שש', 'יהוה'] | 26:12: ['כי', 'תכלה', 'לעשר*', 'את', 'כל', 'מעשר*'] | 26:3 "swore": ['נשבע', 'יהוה'] | 28:55: ['מתת', 'לאחד', 'מהם']
==== F. THE PRIOR READS (computed from the ledgers)
  spine rows read before: [('deu_04_vaetchanan_2026-09-16.md', 301, 21), ('deu_08_ekev_2026-09-18.md', 297, 4), ('deu_10_ekev_2026-09-19.md', 301, 4)] | outside rows read before: [('deu_06_vaetchanan_2026-09-17.md', 36, 2), ('deu_06_vaetchanan_2026-09-17.md', 104, 8), ('deu_08_ekev_2026-09-18.md', 40, 10), ('deu_11_ekev_reeh_2026-09-20.md', 40, 10), ('deu_11_ekev_reeh_2026-09-20.md', 40, 11), ('deu_11_ekev_reeh_2026-09-20.md', 40, 12), ('deu_11_ekev_reeh_2026-09-20.md', 42, 8), ('deu_11_ekev_reeh_2026-09-20.md', 43, 28), ('deu_11_ekev_reeh_2026-09-20.md', 55, 2), ('deu_11_ekev_reeh_2026-09-20.md', 306, 4), ('deu_11_ekev_reeh_2026-09-20.md', 306, 6), ('deu_12_reeh_2026-09-20.md', 63, 9), ('deu_12_reeh_2026-09-20.md', 64, 2), ('deu_12_reeh_2026-09-20.md', 69, 1), ('deu_12_reeh_2026-09-20.md', 72, 5), ('deu_12_reeh_2026-09-20.md', 138, 1), ('deu_14_reeh_2026-09-21.md', 104, 8), ('deu_14_reeh_2026-09-21.md', 107, 16), ('deu_14_reeh_2026-09-21.md', 109, 1), ('deu_14_reeh_2026-09-21.md', 109, 3), ('deu_14_reeh_2026-09-21.md', 109, 4), ('deu_14_reeh_2026-09-21.md', 109, 5), ('deu_15_reeh_2026-09-22.md', 109, 3), ('deu_15_reeh_2026-09-22.md', 116, 1), ('deu_16_reeh_shoftim_2026-09-23.md', 138, 1), ('deu_17_18_shoftim_2026-09-24.md', 148, 7), ('deu_22_25_ki_teitzei_2026-09-25.md', 291, 5), ('deu_22_25_ki_teitzei_2026-09-25.md', 291, 6), ('deu_22_25_ki_teitzei_2026-09-25.md', 291, 7)]
  ledgers with an Onkelos row of Deut 26-34 or the Prophets (never read ahead — expected none): []
  the kin ledgers' Onkelos row counts: [('deu_04_vaetchanan_2026-09-16.md', 49), ('deu_07_vaetchanan_ekev_2026-09-17.md', 26), ('deu_11_ekev_reeh_2026-09-20.md', 32), ('deu_12_reeh_2026-09-20.md', 31), ('deu_14_reeh_2026-09-21.md', 29), ('deu_17_18_shoftim_2026-09-24.md', 22), ('deu_19_21_shoftim_ki_teitzei_2026-09-24.md', 20), ('exo_23_escort_land_2026-09-01.md', 8), ('exo_23_justice_calendar_2026-09-01.md', 7), ('exo_34_second_tablets_2026-09-01.md', 7), ('lev_17_18_blood_arayot_2026-09-05.md', 30), ('lev_19_kedoshim_2026-09-05.md', 37), ('lev_20_sanctions_2026-09-05.md', 27), ('lev_26_blessings_curses_2026-09-05.md', 44), ('num_18_priest_levite_dues_2026-09-10.md', 32)]
  the store mismatches: [(28, 27, 12, 11), (28, 30, 15, 14)] | token counts: {26: 319, 27: 326, 28: 994} | distinct glosses: {26: 192, 27: 157, 28: 456} | "?" glosses: [(27, 1, 'אנכי'), (27, 4, 'אנכי'), (27, 10, 'אנכי'), (28, 1, 'אנכי'), (28, 13, 'אנכי'), (28, 14, 'אנכי'), (28, 15, 'אנכי')]
THE LEAN MEASURE PRINTED
