CELL sanctions.grade(union) keys ['menstruant', 'second_degree', 'widow_to_high_priest']
  FACT sanctions.grade('menstruant',) = {'v': 'neither_release_nor_levirate', 'p': 'INK', 'why': '18:29 "the souls that do shall be cut off" — the karet class IS the ervah grade; the union takes no marriage, so no bond forms (Yevamot 2:3)', 'fx': ['exempt']}
  FACT sanctions.grade('second_degree',) = {'v': 'release_not_levirate', 'p': 'ANSWER-SHEET', 'why': 'Yevamot 2:4 — the seconds "from the words of the scribes" (self-labeled scribal; verdicted, not encoded)', 'fx': ['released']}
  FACT sanctions.grade('widow_to_high_priest',) = {'v': 'release_not_levirate', 'p': 'IMPORT', 'why': 'Yevamot 2:4 — the sanctity bans: Lev 21:7, 21:14 [IMPORT — sitting L5]; Deut 23:3 [IMPORT]', 'fx': ['released']}
CELL sanctions.curser(q, **k) keys ['mode', 'by_the_name', 'after_death', 'one_parent', 'which_parent', 'son_from_anywhere', 'warning_source']
  FACT sanctions.curser('mode',) = {'v': 'stoning', 'p': 'MOVE', 'why': '20:9 "his blood is upon him" — the formula\'s singular seat ([(20, 9)]), decoded on 20:27; Sifra, Kedoshim, Chapter 9 3', 'fx': ['stoned']}
  FACT sanctions.curser('by_the_name',) = {'v': 'liable', 'p': 'IMPORT', 'why': 'Sanhedrin 7:8 — not liable until he curses BY THE NAME: Sifra, Kedoshim, Chapter 10 6 from Lev 24:16 "when he pronounces the NAME" [IMPORT — the first call\'s span]', 'fx': ['stoned']}
  FACT sanctions.curser('after_death',) = {'v': 'liable', 'p': 'MOVE', 'why': 'Sanhedrin 11:1 — the curser AFTER DEATH liable, the striker after death exempt: Sifra, Kedoshim, Chapter 9 3 (20:9\'s doubled "his father and his mother he cursed" read past the death; the striker\'s clause needs a wound)', 'fx': ['stoned']}
  FACT sanctions.curser('one_parent',) = {'v': 'either_parent_suffices', 'p': 'MOVE', 'why': 'Sifra, Kedoshim, Chapter 9 2 / Chapter 10 5 — R. Yonatan\'s default: a CONJOINED PAIR MEANS EITHER ONE unless the verse says "together" (the joint-vs-several rule; Deut 25:5\'s "together" is the counter-exemplar)', 'fx': ['stoned']}
  FACT sanctions.curser('which_parent',) = {'v': {'grandfather': 'excluded', 'doubtful_parent': 'excluded', 'convert': 'liable_on_the_mother_R._Yosei_HaGelili', 'shtuki': 'liable_on_the_mother_alone'}, 'p': 'MOVE', 'why': "Sifra, Kedoshim, Chapter 9 1-2 — HIS father, the certain parent; the convert; R. Akiva's symmetry rule and his concession on the fatherless-unknown", 
  FACT sanctions.curser('son_from_anywhere',) = {'v': 'liable_except_from_maidservant_or_gentile', 'p': 'MOVE', 'why': "Yevamot 2:5 — a son from anywhere is liable for his blow and his curse, except the maidservant's and the gentile woman's (no Israelite descent — Sifra, Kedoshim, Chapter 9 2's convert rule)", 'fx': ['stoned']}
  FACT sanctions.curser('warning_source',) = {'v': 'the_common_side_of_judge_prince_deaf', 'p': 'MOVE', 'why': 'Sifra, Kedoshim, Chapter 10 7 — THE THREE-SOURCE ARGUMENT: judge, prince, deaf each refuted alone, closed by "in your people"; the freed "judge" GIVEN to the father (M-18); Exod 21:17 the punishment\'s twin [IMPORT]', 'fx': ['—']}
CELL sanctions.unions_misc(q) keys ['partial_act', 'aunts_both_sides', 'uncle_wife_bound', 'brother_wife_window', 'chesed', 'sister_both_deliberate', 'sister_scope', 'no_inference', 'gentile_and_woman_warned', 'father_clause', 'void_betrothal']
  FACT sanctions.unions_misc('partial_act',) = {'v': 'partial_counts_as_complete_for_all', 'p': 'MOVE', 'why': 'Sifra, Kedoshim, Chapter 12 2 — "her fountain he laid bare" (20:18) extended to all the unions by the two-source building block (with 20:19\'s "his kin he laid bare")', 'fx': ['karet_cut_off']}
  FACT sanctions.unions_misc('aunts_both_sides',) = {'v': 'mothers_sister_and_fathers_sister_from_either_side', 'p': 'MOVE', 'why': "Sifra, Kedoshim, Chapter 12 4 — the paternal-only inference refused by 20:19's own naming of both", 'fx': ['karet_cut_off']}
  FACT sanctions.unions_misc('uncle_wife_bound',) = {'v': 'fathers_brother_only', 'p': 'MOVE', 'why': 'Sifra, Kedoshim, Chapter 12 6 — "his aunt" = the FATHER\'s brother\'s wife by the uncle-uncle verbal analogy to Lev 25:49; 18:14 "your father\'s brother" (the ink names the father\'s side)', 'fx': ['childless']}
  FACT sanctions.unions_misc('brother_wife_window',) = {'v': 'forbidden_with_children_permitted_childless_by_levirate', 'p': 'MOVE', 'why': 'Sifra, Kedoshim, Chapter 12 8 — "she is niddah": LIKE THE MENSTRUANT, a prohibition with a permitted state (Deut 25:5 [IMPORT]); 20:21 "childless" the Sifra\'s two readings, Onkelos ruling "without child"', 'fx': ['childless']}
  FACT sanctions.unions_misc('chesed',) = {'v': ['disgrace_Onkelos', 'lovingkindness_the_Cain_charter_Sifra'], 'p': 'MOVE', 'why': '20:17 "it is chesed" — the homonym: Onkelos "a disgrace"; Sifra, Kedoshim, Chapter 11 11 "the world is built by chesed" (the first generations\' sister-marriages chartered)', 'fx': ['karet_cut_off']}
  FACT sanctions.unions_misc('sister_both_deliberate',) = {'v': 'both_deliberate_for_the_mutual_penalty', 'p': 'INK', 'why': '20:17 "he sees her nakedness AND she sees his" — the two clauses', 'fx': ['karet_cut_off']}
  FACT sanctions.unions_misc('sister_scope',) = {'v': {'paternal_or_maternal': 'both', 'born_home_or_outside': 'keep_her_or_send_her', 'maidservant_or_gentile_daughter': 'excluded'}, 'p': 'INK', 'why': '18:9 "your father\'s daughter OR your mother\'s daughter, born at home or born outside" ((True, 1)); 20:17 the same pair; Sifra, Kedoshim, Chapter 11 13 (the marriage-bond car
  FACT sanctions.unions_misc('no_inference',) = {'v': ['no_punishing_from_inference', 'no_warning_from_inference'], 'p': 'MOVE', 'why': 'Sifra, Kedoshim, Chapter 11 10, 11 12 — the sister of both parents needs her own clause (20:17 gives it); Sifra, Acharei Mot, Chapter 13 14: the general-and-particular closes the class', 'fx': ['—']}
  FACT sanctions.unions_misc('gentile_and_woman_warned',) = {'v': ['gentiles_warned', 'the_woman_warned'], 'p': 'MOVE', 'why': 'Sifra, Acharei Mot, Chapter 13 1 — "any man, any man" ([(17, 3), (17, 8), (18, 6), (20, 2), (20, 9)]); "you shall not approach" plural ([(18, 6), (18, 14), (18, 19), (20, 16)])', 'fx': ['—']}
  FACT sanctions.unions_misc('father_clause',) = {'v': 'the_male_lying_with_the_father', 'p': 'MOVE', 'why': '18:7 "your father\'s nakedness" — read as the father himself (the male clause 18:22 / 20:13; Sanhedrin 54a not opened) — Sanhedrin 7:4 counts him under the male', 'fx': ['stoned']}
  FACT sanctions.unions_misc('void_betrothal',) = {'v': 'neither_betrothed', 'p': 'INK', 'why': "Kiddushin 2:7 — a woman and her daughter, or two sisters, as one: 18:17-18's pairs cannot both be taken — the ervah grade voids the act (Yevamot 2:3)", 'fx': ['exempt']}
CELL mishpatim_3.parent_curser(q) keys ['the_woman', 'mode']
  FACT mishpatim_3.parent_curser('the_woman',) = {'v': 'included', 'p': 'MOVE', 'why': 'Mekhilta d\'Rabbi Yishmael Nezikin 17 1 — "I have only a man (Lev 20:9\'s any man); a woman, a tumtum, an androgynos? — ומקלל אביו ואמו (and he who curses his father and his mother, 21:17)"', 'fx': ['stoned']}
  FACT mishpatim_3.parent_curser('mode',) = {'v': 'stoning', 'p': 'MOVE', 'why': 'IMPORT — cold_run_sanctions.curser(mode): 20:9 "his blood is upon him" — the formula\'s singular seat ([(20, 9)]), decoded on 20:27;  | 21:17 the first seat: the mode by the blood-formula analogy דמיו בו / דמיהם בם (Mekhilta d\'Rabbi Yishmael Nezikin 17 3)', 'fx': ['stoned']}
CELL mishpatim_3.killer(q, **k) keys ['refuge_by_descent', 'the_place', 'father_and_son', 'guile_excludes', 'forewarning', 'the_altar', 'mode', 'his_fellow']
  FACT mishpatim_3.killer('refuge_by_descent',) = {'v': {'descent': 'exile', 'ascent': 'no_exile'}, 'p': 'ANSWER-SHEET', 'why': "Mishnah Makkot 2:1 — rolling down, lowering the barrel, descending the ladder: exile; pulling up, drawing up, ascending: no exile — כל שבדרך ירידתו גולה (all in the manner of descent goes into exile); Mekhilta d'Rabbi Yishmael Nezikin 13 1 the same ro
  FACT mishpatim_3.killer('the_place',) = {'v': 'levite_cities_for_the_generations_levite_camps_for_the_hour', 'p': 'MOVE', 'why': "ושמתי לך מקום (I will appoint you a place) at 21:13 — Mekhilta d'Rabbi Yishmael Nezikin 13 2: the refuge for the hour and the refuge for the generations; the Levites' cities receive, so the Levites' camps received", 'fx': ['flees_to_refuge'
  FACT mishpatim_3.killer('father_and_son',) = {'v': 'each_exiles_for_the_other', 'p': 'ANSWER-SHEET', 'why': 'Mishnah Makkot 2:3 — the father goes into exile for the son and the son for the father', 'fx': ['flees_to_refuge']}
  FACT mishpatim_3.killer('guile_excludes',) = {'v': ['deaf_mute', 'minor', 'physician_who_killed', 'court_agent', 'father_disciplining', 'teacher'], 'p': 'MOVE', 'why': "להרגו בערמה (to kill him with guile) at 21:14 — Mekhilta d'Rabbi Yishmael Nezikin 14 1-3: the deaf-mute and the minor do not scheme; the physician who killed, the court's agent, the father and the teacher a
  FACT mishpatim_3.killer('forewarning',) = {'v': 'warned_and_still_deliberate', 'p': 'MOVE', 'why': 'Sanhedrin 41a:2 — the school of Chizkiyah: בערמה (with guile) — that they WARNED him and he is still deliberate', 'fx': ['beheaded']}
  FACT mishpatim_3.killer('the_altar',) = {'v': 'from_beside_not_from_upon', 'p': 'MOVE', 'why': 'מעם מזבחי תקחנו למות (from My altar you shall take him to die) at 21:14 — they void the service from his hand and he goes out to be killed (Mekhilta d\'Rabbi Yishmael Nezikin 14 4); FROM BESIDE My altar, not from UPON it — to put to death, but to save life even from upon it
  FACT mishpatim_3.killer('mode',) = {'v': 'the_sword', 'p': 'MOVE', 'why': "Mishnah Sanhedrin 9:1 — the murderer among the beheaded; Sanhedrin 52b:13 = Mekhilta d'Rabbi Yishmael Nezikin 20 6 (Rabbi Natan): נקם ינקם (he shall surely be avenged, 21:20) with חרב נקמת (a sword avenging, Lev 26:25) — a verbal analogy the tradition records", 'fx': ['beheaded']}
  FACT mishpatim_3.killer('his_fellow',) = {'v': 'includes_the_minor_victim', 'p': 'MOVE', 'why': "Mekhilta d'Rabbi Yishmael Nezikin 14 2 — איש (a man) excludes the minor striker; רעהו (his fellow) includes the minor victim", 'fx': ['beheaded']}
CELL holiness.conduct(q, **k) keys ['curse_deaf', 'stumbling', 'daughter_fitness', 'lender_at_interest', 'gentile_inn', 'heart', 'five_effects', 'no_favor', 'equal_treatment', 'scale_of_merit', 'protocol', 'secrecy', 'judge_is_measurer', 'bribe', 'talebearer', 'blood', 'knows_testimony', 'drowning', 'pursuer_to_kill', 'hate', 'rebuke', 'revenge', 'grudge', 'your_people', 'great_rule', 'vow_opening', 'parents_equal']
   SRC: def conduct(q, **k): | if q == 'curse_deaf': | return cell('all_your_people_the_deaf_carves_the_living', M, '19:14 "curse not the DEAF" — ' + SK + 'Section 2 | 'all your people via the judge-and-prince verses (Exod 22:27 [IMPORT]); the deaf named to carve THE ' | 'LIVING — the dead excluded', [FX.NONE]) | if q == 'stumbling':
  FAIL holiness.conduct('stumbling',): TypeError: conduct() takes 1 positional argument but 2 were given
  FAIL holiness.conduct('stumbling', {'kind': 'blind'}): TypeError: conduct() takes 1 positional argument but 2 were given
  FAIL holiness.conduct('cursing_the_deaf',): TypeError: conduct() takes 1 positional argument but 2 were given
CELL decalogue.altar_rules(case, data) keys ['hewn_stones', 'build_recipe', 'steps']
  FACT decalogue.altar_rules('hewn_stones',) = ('iron-touched stone disqualified', ['disqualified'], [('INK', 'Exod 20:25 — "you shall not build them HEWN (גזית), for you have lifted YOUR SWORD (חרבך) upon it and profaned it" — iron\'s touch profanes the stone'), ('MOVE', "Mishnah Middot 3:4 (the answer sheet) — the altar's stones — whole stones the iron never touched; a sto
  FACT decalogue.altar_rules('build_recipe',) = ('whole stones, frame and lime', ['—'], [('MOVE', "Zevachim 54a:8 (triage LAW row) — Levi's baraita: the frame, the whole stones, the lime — the construction recipe honoring the iron ban")])
  FACT decalogue.altar_rules('steps',) = ('a ramp; and temperance beside it', ['—'], [('INK', 'Exod 20:26 — "neither shall you go up BY STEPS (במעלת) onto My altar, that your nakedness be not uncovered upon it" — a ramp, not stairs'), ('MOVE', "Sanhedrin 7b:12 (triage LAW row) — and the ordinances follow at the next verse: bar Kappara's juxtaposition — be temperate in 
  FACT decalogue.altar_rules('earth_altar',) = ('no verdict in span', ['—'], [])
CELL ordinances.land(q) keys ['angel', 'not_forgive', 'hornet', 'little_by_little', 'borders', 'no_bow', 'break_pillars', 'serve_before', 'bread_water', 'no_barren', 'no_covenant', 'not_dwell', 'spine_silent']
  FACT ordinances.land('angel',) = {'v': 'hapax_the_Name_in_him', 'p': 'INK', 'why': "23:20 'behold I SEND AN ANGEL before you' — the phrase at [('Exod', 23, 20)] alone; 23:21 'for My NAME IS IN HIM' at [('Exod', 23, 21)] alone; Onkelos 23:21: 'for his WORD is in My name' — the verse re-seated on the Memra layer", 'fx': ['—']}
  FACT ordinances.land('not_forgive',) = {'v': 'he_will_not_bear_your_transgression', 'p': 'INK', 'why': "23:21 'do not rebel against him, for he will NOT BEAR your transgression' — the phrase at [('Exod', 23, 21), ('Josh', 24, 19)]: this and Joshua 24:19's 'He will not bear your transgression and your sins' — the same clause at the covenant's renewal", 'fx': ['—']}
  FACT ordinances.land('hornet',) = {'v': 3, 'p': 'INK', 'why': "23:28 'and I will send THE HORNET before you' — the token at [('Deut', 7, 20), ('Exod', 23, 28), ('Josh', 24, 12)]: this, Deut 7:20, Joshua 24:12 ('and I sent the hornet before you' — the run of this promise in the Prophets)", 'fx': ['—']}
  FACT ordinances.land('little_by_little',) = {'v': 'not_in_one_year', 'p': 'INK', 'why': "23:29-30 'I will not drive him out before you IN ONE YEAR, lest the land be desolate... LITTLE BY LITTLE I will drive him out' — 'little by little' at [('Deut', 7, 22), ('Exod', 23, 30)] (Deut 7:22 restates), 'in one year' at [('1Kgs', 10, 14), ('2Chr', 9, 13), ('Exod', 23, 29)] (Solo
  FACT ordinances.land('borders',) = {'v': ['sea_of_reeds', 'sea_of_the_philistines', 'the_wilderness', 'the_river'], 'p': 'DATA', 'why': "23:31 'I will set your border from the Sea of Reeds to the SEA OF THE PHILISTINES, and from the wilderness to the river' — 'sea of the Philistines' at [('Exod', 23, 31)] alone; the four terms are the data channel (the geography)
  FACT ordinances.land('no_bow',) = {'v': 'not_bow_not_serve_not_do', 'p': 'INK', 'why': "23:24 'you shall not BOW to their gods nor SERVE them nor DO as their deeds' — three prohibitions; Onkelos: 'to their errors'", 'fx': ['covenant_barred']}
  FACT ordinances.land('break_pillars',) = {'v': 'demolish_demolish_break_break', 'p': 'INK', 'why': "23:24 'for you shall surely DEMOLISH them and surely BREAK their pillars' — 'demolish, demolish' at [('Exod', 23, 24)] alone; Onkelos keeps both doubled verbs; Mishnah Avodah Zarah 3:1: the images' test (a staff, a bird, a ball — the sages)", 'fx': ['demolished']}
  FACT ordinances.land('serve_before',) = {'v': 'serve_before_the_LORD', 'p': 'MOVE', 'why': "23:25 'and you shall SERVE the LORD your God' — Onkelos: 'serve BEFORE the LORD' (the service preposition), 'your food and your drink' for bread and water", 'fx': ['bread_and_water_blessed']}
  FACT ordinances.land('bread_water',) = {'v': 'blessed_sickness_removed', 'p': 'INK', 'why': "23:25 'and He will BLESS your bread and your water, and I will remove sickness from your midst' — the covenant's blessing side (Lev 26:3-13 by name)", 'fx': ['bread_and_water_blessed']}
  FACT ordinances.land('no_barren',) = {'v': 'hapax', 'p': 'INK', 'why': "23:26 'there shall be no MISCARRYING (משכלה) or BARREN in your land; the number of your days I will fill' — 'miscarrying' at [('Exod', 23, 26)] alone, 'and barren' at [('Deut', 7, 14), ('Exod', 23, 26)] (Deut 7:14 restates)", 'fx': ['bread_and_water_blessed']}
  FACT ordinances.land('no_covenant',) = {'v': 'no_covenant_with_them_or_their_gods', 'p': 'INK', 'why': "23:32 'you shall not cut a COVENANT with them or with their gods' — Onkelos: 'no covenant with them or with their ERRORS'; Exod 34:12-15, Deut 7:2 restate [IMPORT]", 'fx': ['covenant_barred']}
  FACT ordinances.land('not_dwell',) = {'v': 'lest_they_make_you_sin', 'p': 'INK', 'why': "23:33 'they shall not dwell in your land lest they make you SIN against Me... it will be a SNARE to you' — 'a snare' (למוקש) at 8 seats (34:12's covenant warning among them); Onkelos: 'they will make you LIABLE before Me' — liability vocabulary for 'sin'", 'fx': ['covenant_barr
  FACT ordinances.land('spine_silent',) = {'v': 'onkelos_alone', 'p': 'INK', 'why': "the Mekhilta of Rabbi Yishmael's running text ENDS at 23:19 — the declared shelf over 23:20-33 is Onkelos alone (the reading ledger of 2026-09-01 recorded it); the cells above are ink and Onkelos", 'fx': ['—']}
CELL ordinances.courts(q) keys ['false_report', 'three_warnings', 'witness_of_violence', 'oath_class', 'majority_hapax', 'asymmetry', 'twenty_three', 'one_vs_two', 'begin_from_side', 'dissenter', 'onkelos_teaching', 'poor_not_glorified', 'enemy_ox', 'who_is_enemy', 'enemy_three_days', 'straying', 'return_doubled', 'sign_and_claimant', 'deceiver', 'announce_duration', 'common_case_animals', 'lying_under', 'unload_doubled', 'with_him', 'measure', 'unload_load', 'ris', 'father_says_no', 'grudge', 'needy_in_his_cause', 'keep_far', 'no_retrial_acquitted', 'circumstantial', 'bribe', 'bribe_absolute', 'stranger_repeat']
  FACT ordinances.courts('enemy_ox',) = {'v': 'return_it', 'p': 'INK', 'why': "23:4 'if you MEET your enemy's ox or his donkey straying, you shall surely return it to him' — 'you shall meet' (תפגע) at [('Exod', 23, 4), ('Jer', 7, 16)] (Jeremiah 7:16 the other); 'your enemy' (איבך) at 6 seats; Deut 22:1-4 restates [IMPORT]", 'fx': ['restores']}
  FACT ordinances.courts('straying',) = {'v': 'outside_the_boundary', 'p': 'MOVE', 'why': "Mekhilta on Exod 23:4: 'straying' = outside the boundary — Gen 37:15's straying Joseph the witness (the gen_60 ink cited)", 'fx': ['restores']}
CELL tochacha.covenant(walk_in_statutes, keep_commandments, do_them) keys []
  FACT tochacha.covenant(True, True, True) = {'v': 'blessing', 'p': 'INK', 'why': 'אם בחקתי תלכו ואת מצותי תשמרו ועשיתם אתם (26:3) — the three predicates; 26:4-13 the blessing', 'fx': ['covenant_upheld']}
  FACT tochacha.covenant(False, False, False) = {'v': 'curse_entry', 'p': 'INK', 'why': 'ואם לא תשמעו לי ולא תעשו (26:14) — the entry gate', 'fx': ['—']}
  FACT tochacha.covenant(True, False, True) = {'v': 'curse_entry', 'p': 'INK', 'why': 'ואם לא תשמעו לי ולא תעשו (26:14) — the entry gate', 'fx': ['—']}
CELL tochacha.cascade(refusals) keys ['stage', 'multiplier', 'span', 'warned_first']
  FACT tochacha.cascade(1,) = {'stage': {'v': 2, 'p': 'INK', 'why': 'gate at 26:18 — the second "and if" that opens a block', 'fx': ['chastised_sevenfold']}, 'multiplier': {'v': 7, 'p': 'INK', 'why': 'שבע על חטאתיכם (seven for your sins) at 26:18 — the seven token stands in this block', 'fx': ['chastised_sevenfold']}, 'span': {'v': (19, 20), 'p': 'INK', 'why
  FACT tochacha.cascade(2,) = {'stage': {'v': 3, 'p': 'INK', 'why': 'gate at 26:21 — the third "and if" that opens a block', 'fx': ['chastised_sevenfold']}, 'multiplier': {'v': 7, 'p': 'INK', 'why': 'שבע על חטאתיכם (seven for your sins) at 26:21 — the seven token stands in this block', 'fx': ['chastised_sevenfold']}, 'span': {'v': (22, 22), 'p': 'INK', 'why'
  FACT tochacha.cascade(3,) = {'stage': {'v': 4, 'p': 'INK', 'why': 'gate at 26:23 — the fourth "and if" that opens a block', 'fx': ['chastised_sevenfold']}, 'multiplier': {'v': 7, 'p': 'INK', 'why': 'שבע על חטאתיכם (seven for your sins) at 26:24 — the seven token stands in this block', 'fx': ['chastised_sevenfold']}, 'span': {'v': (24, 26), 'p': 'INK', 'why
  FACT tochacha.cascade(4,) = {'stage': {'v': 5, 'p': 'INK', 'why': 'gate at 26:27 — the fifth "and if" that opens a block', 'fx': ['chastised_sevenfold', 'land_desolate', 'scattered_among_nations']}, 'multiplier': {'v': 7, 'p': 'INK', 'why': 'שבע על חטאתיכם (seven for your sins) at 26:28 — the seven token stands in this block', 'fx': ['chastised_sevenfold',
  FACT tochacha.cascade(5,) = {'stage': {'v': 5, 'p': 'INK', 'why': 'gate at 26:27 — the fifth "and if" that opens a block', 'fx': ['chastised_sevenfold', 'land_desolate', 'scattered_among_nations']}, 'multiplier': {'v': 7, 'p': 'INK', 'why': 'שבע על חטאתיכם (seven for your sins) at 26:28 — the seven token stands in this block', 'fx': ['chastised_sevenfold',
  FACT tochacha.cascade(0,) = {'stage': {'v': 1, 'p': 'INK', 'why': 'gate at 26:14 — the first "and if" that opens a block', 'fx': ['—']}, 'multiplier': {'v': 1, 'p': 'INK', 'why': 'שבע על חטאתיכם (seven for your sins) at 26:— — no seven token in the first block', 'fx': ['—']}, 'span': {'v': (16, 17), 'p': 'INK', 'why': 'the sanction block between this gate 
CELL tochacha.measures() keys ['land_desolate_26_32', 'scatter_26_33', 'land_desolate_26_33', 'brought_into_enemies_land_26_41']
  FACT tochacha.measures() = {'land_desolate_26_32': {'v': 'good_measure', 'p': 'MOVE', 'why': 'lest Israel say the enemies enjoy our land — "your enemies who dwell in it shall be desolate upon it" (Sifra Bechukotai Chapter 6 5)', 'fx': ['land_desolate']}, 'scatter_26_33': {'v': 'harsh_measure', 'p': 'MOVE', 'why': 'a province exiled together consoles itsel
CELL calendar.first_fruits(case, data) keys []
   SRC: def first_fruits(case, data): | del P[:] | ink('Exod 23:19', '"the FIRST (ראשית) of the FIRST FRUITS ' | '(בכורי) of your land you shall bring to the house of the ' | 'LORD your God" — a transfer duty on the land\'s first yield') | dat('WHICH species — the seven kinds — is the transmitted list ' | '(Mishnah Bikkurim 1:3: only from the seven); the ink here ' | 'states first-ness, not the species table')
  FACT calendar.first_fruits({'ask': 'first'}, {}) = ('bring to the house (seven kinds — fetched list)', ['restores'], [('INK', 'Exod 23:19 — "the FIRST (ראשית) of the FIRST FRUITS (בכורי) of your land you shall bring to the house of the LORD your God" — a transfer duty on the land\'s first yield'), ('DATA', 'WHICH species — the seven kinds — is the transmitted list (Mishnah Bikku
  FACT calendar.first_fruits({'species': 'wheat'}, {}) = ('bring to the house (seven kinds — fetched list)', ['restores'], [('INK', 'Exod 23:19 — "the FIRST (ראשית) of the FIRST FRUITS (בכורי) of your land you shall bring to the house of the LORD your God" — a transfer duty on the land\'s first yield'), ('DATA', 'WHICH species — the seven kinds — is the transmitted list (Mishnah Bikku
CELL chatat.share(who) keys ['onen', 'blemished', 'tevul_yom', 'impure_at_zerikah']
   SRC: def share(who): | if who == 'onen': | return cell('touches_not_offers_not_shares', M, 'Lev 10:19 [INK] — the mourner\'s DAY: "had I eaten the ' | 'sin offering TODAY, would it be good?" — he does not eat that day (' + SS + 'Chapter 2 11); '
  FACT chatat.share('onen',) = {'v': 'touches_not_offers_not_shares', 'p': 'MOVE', 'why': 'Lev 10:19 [INK] — the mourner\'s DAY: "had I eaten the sin offering TODAY, would it be good?" — he does not eat that day (Sifra, Shemini, Chapter 2 11); the sons did not OFFER either — Zevachim 101a:9, 14: "did THEY offer? I offered," Moses himself; and 101a:10-11 the a
  FACT chatat.share('mourner',) = {'v': 'unknown', 'p': 'INK', 'why': '', 'fx': ['—']}
CELL priesthood.holy_food(q, **k) keys ['separation', 'whose_holy_things', 'name_frame', 'chillul_import', 'karet_extension', 'readiness', 'body_impurity', 'zav_tier', 'until_pure', 'tithe_tevul_yom', 'measures', 'touch_not_move', 'mixture_grid', 'whole_body', 'two_gates', 'his_bread', 'gullet', 'bird', 'charge', 'die_by_it', 'stranger', 'toshav_sachir', 'uncircumcised', 'household', 'eats', 'son_feeds_mother', 'daughter_to_stranger', 'terumah_vs_holy', 'return', 'grandson_high_priest', 'eating_table', 'priest', 'levite', 'fathers_house', 'stage', 'betrothed', 'fetus', 'slaves_of_forbidden_wife', 'iron_flock', 'rapist_seducer_fool']
   SRC: def holy_food(q, **k): | if q == 'separation': | return cell('separation_performed_by_onkelos', M, '22:2 וינזרו — ' + SE + 'Section 4 1 (Ezek 14:7, Isa 1:4 the | if q == 'whose_holy_things': | return cell({'israels': 'liable', 'gentiles': 'not', 'priests_own': 'included'}, M, '22:2 "the holy things of  | if q == 'name_frame':
  FACT priesthood.holy_food('separation',) = {'v': 'separation_performed_by_onkelos', 'p': 'MOVE', 'why': '22:2 וינזרו — Sifra, Emor, Section 4 1 (Ezek 14:7, Isa 1:4 the lexical witnesses); Onkelos Lev 22:2 "they shall SEPARATE"', 'fx': ['—']}
  FACT priesthood.holy_food('whose_holy_things',) = {'v': {'israels': 'liable', 'gentiles': 'not', 'priests_own': 'included'}, 'p': 'MOVE', 'why': '22:2 "the holy things of the children of Israel... which they sanctify TO ME" — Sifra, Emor, Section 4 1', 'fx': ['—']}
  FACT priesthood.holy_food('name_frame',) = {'v': [2, 32], 'p': 'INK', 'why': '"the name of My holiness" at 22:2 and 22:32 ([(\'Lev\', 20, 3), (\'Lev\', 22, 2), (\'Lev\', 22, 32)]) — the chapter FRAMED by the Name; its third Leviticus seat is Molech\'s 20:3', 'fx': ['name_profaned']}
  FACT priesthood.holy_food('chillul_import',) = {'v': ['time', 'death', 'acceptance_dependence', 'R._Yehuda_karet_by_I_the_LORD'], 'p': 'MOVE', 'why': '"profanation"-"profanation" (Lev 19:8; Zevachim 44a:8, 45a:9 — the notar-from-impurity analogy) —  Sifra, Emor, Section 4 2: one verbal analogy, three parameters', 'fx': ['—']}
  FACT priesthood.holy_food('karet_extension',) = {'v': {'from': 'shelamim_only_at_7_20', 'to': 'all_holy_things', 'piggul_a_fortiori': 'refused_by_the_four_way_difference'}, 'p': 'MOVE', 'why': '22:3 "who approaches... to the holy things... with his impurity on him — cut off" (ונכרתה) — Sifra, Emor, Section 4 5', 'fx': ['karet_cut_off']}
  FACT priesthood.holy_food('readiness',) = {'v': {'with_permitters': 'after_the_permitters_are_offered', 'without': 'after_vessel_sanctification'}, 'p': 'MOVE', 'why': '22:3 "who APPROACHES" = until it is fit to approach — Sifra, Emor, Section 4 7 (R. Elazar: is a toucher liable?!)', 'fx': ['—']}
  FACT priesthood.holy_food('body_impurity',) = {'v': 'impurity_of_the_body_not_the_flesh_four_routes', 'p': 'MOVE', 'why': '22:3 "HIS impurity on him" — Sifra, Emor, Section 4 8', 'fx': ['—']}
  FACT priesthood.holy_food('zav_tier',) = {'v': 'full_zav_with_offering', 'p': 'IMPORT', 'why': '22:4 "or a ZAV shall not eat of the holy things until he is pure" — the zav\'s tier is the clocks engine\'s: CALLED cold_run_clocks.zav(tier, sightings=3) -> \'full_zav_with_offering\'; count_start -> \'when_the_flow_stops\' [IMPORT, live call]; the leper the affliction engi
  FACT priesthood.holy_food('until_pure',) = {'v': 'sunset', 'p': 'MOVE', 'why': '22:4 "until he is PURE" = 22:7 "the sun sets and he is pure" (purity-purity) — Sifra, Emor, Chapter 4 2; "and the sun sets" stands at [(\'Eccl\', 1, 5), (\'Lev\', 22, 7)]', 'fx': ['impure_until_evening']}
  FACT priesthood.holy_food('tithe_tevul_yom',) = {'v': {'israelites_tithe': 'as_tevul_yom', 'aaron_and_sons_terumah': 'at_sunset'}, 'p': 'MOVE', 'why': 'Sifra, Emor, Chapter 4 1 — the a-fortiori from the tithe', 'fx': ['stranger_barred']}
  FACT priesthood.holy_food('measures',) = {'v': {'corpse': 'contact_only', 'seed_emitter': 'included', 'toucher_of_semen': 'by_or_a_man', 'swarming_thing': 'included', 'carcass': 'by_or_a_man', 'zavim_zavot_niddot_yoldot': 'his_impurity', 'lies_with_a_niddah': 'who_becomes_impure', 'swallows_a_pure_birds_carcass': 'to_him'}, 'p': 'MOVE', 'why': "22:4-5 — Sifra, Emor, Ch
  FACT priesthood.holy_food('touch_not_move',) = {'v': 'touch_only_heset_excluded', 'p': 'MOVE', 'why': '22:6 "a soul that TOUCHES it" — Sifra, Emor, Chapter 4 5', 'fx': ['—']}
  FACT priesthood.holy_food('mixture_grid',) = {'v': 'one_in_a_hundred_both_directions', 'p': 'MOVE', 'why': '22:6 "shall not eat of the holy" / 22:7 "afterwards he may eat" — Sifra, Emor, Chapter 4 5-6, 4 9-10: eight food/drink combinations', 'fx': ['—']}
  FACT priesthood.holy_food('whole_body',) = {'v': 'not_limb_by_limb', 'p': 'MOVE', 'why': '22:6 "unless he washes his flesh in water" — Sifra, Emor, Chapter 4 7: as sunset is at once, so the immersion', 'fx': ['immersed']}
  FACT priesthood.holy_food('two_gates',) = {'v': {'sunset': 'gates_terumah', 'atonement_offering': 'does_not'}, 'p': 'MOVE', 'why': "22:7 — Sifra, Emor, Chapter 4 8 (Mishnah Chagigah 3:3; Berakhot 1:1's evening = the priests' terumah)", 'fx': ['stranger_barred']}
  FACT priesthood.holy_food('his_bread',) = {'v': 'raise_wheat_and_trim_vegetables_as_he_likes_trimmings_holy', 'p': 'MOVE', 'why': '22:7 "for it is his BREAD" — Sifra, Emor, Chapter 4 11', 'fx': ['terumah_fed']}
  FAIL priesthood.holy_food('gullet',): TypeError: holy_food() takes 1 positional argument but 2 were given
  FAIL priesthood.holy_food('bird',): TypeError: holy_food() takes 1 positional argument but 2 were given
  FACT priesthood.holy_food('charge',) = {'v': {'warned': 'the_court', 'bear_sin_over': 'the_holy_things_not_the_carcass', 'onkelos': 'receive_upon_it_a_debt'}, 'p': 'MOVE', 'why': '22:9 — Sifra, Emor, Chapter 4 14; Onkelos Lev 22:9', 'fx': ['death_by_heaven']}
  FACT priesthood.holy_food('die_by_it',) = {'v': {'deliberate_impure_eater': 'death_by_heaven', 'tithe': 'no', 'pure_eater_of_impure': 'no'}, 'p': 'MOVE', 'why': '22:9 "and DIE by it when they profane it" — Sifra, Emor, Chapter 4 15', 'fx': ['death_by_heaven']}
  FACT priesthood.holy_food('stranger',) = {'v': {'who': 'levite_and_israelite_by_EVERY_stranger', 'eating': 'an_olive', 'holy': 'the_border_holy_things_terumah', 'seats': [10, 12, 13]}, 'p': 'MOVE', 'why': '22:10 "and EVERY stranger shall not eat holy" — the stranger at [10, 12, 13]; Sifra, Emor, Chapter 4 16 (Deut 26:13 verbal analogy)', 'fx': ['stranger_barred']}
  FACT priesthood.holy_food('toshav_sachir',) = {'v': {'toshav': 'acquired_forever_the_pierced_slave', 'sachir': 'acquired_for_years'}, 'p': 'MOVE', 'why': '22:10 "the priest\'s RESIDENT and HIRELING" — Sifra, Emor, Chapter 4 17; Onkelos "resident", "hireling"', 'fx': ['stranger_barred']}
  FACT priesthood.holy_food('uncircumcised',) = {'v': ['R._Yishmael_toshav_sachir_from_the_passover', 'R._Akiva_man_man'], 'p': 'MOVE', 'why': 'Sifra, Emor, Chapter 4 18 — two routes, one verdict (Mishnah Yevamot 8:1; Shabbat 19:6)', 'fx': ['stranger_barred']}
  FAIL priesthood.holy_food('household',): TypeError: holy_food() takes 1 positional argument but 2 were given
CELL joseph.seventy(q) keys ['subtotals_parsed', 'subtotals_sum', 'sixty_six', 'seventy', 'sixty_six_arithmetic', 'names_by_register', 'leah', 'leah_living_named', 'diverge', 'jochebed', 'sixty_six_cups', 'firstborn_kept', 'inheritance_sheet', 'exodus_seventy']
   SRC: def seventy(q): | if q == 'subtotals_parsed': return cell(tuple(_subtotal(vs) for vs in (15, 18, 22, 25)), I, "the registers' su | if q == 'subtotals_sum': return cell(sum(_subtotal(vs) for vs in (15, 18, 22, 25)), I, "33 + 16 + 14 + 7 = 70  | if q == 'sixty_six': return cell(_subtotal(26), I, "'all the souls ... that came out of his loins, besides the
  FAIL joseph.seventy(): IndexError: tuple index out of range
CELL exodus_story.sinai(q) keys ['new_moon', 'days_r_yose', 'days_rabbis', 'added_day', 'third_of_month_and_week', 'giving_weekday', 'tub', 'one_heart', 'we_will_do_seats', 'descents', 'bound_release', 'treasure_seats', 'names_count']
   SRC: def sinai(q): | if q == 'new_moon': return cell(True, M, "Shabbat 86b:5 — Rava: all agree that on the NEW MOON they came to th | if q == 'days_r_yose': return cell((2, 3, 4, 7), M, "Shabbat 86b:5-87a:1 — Rabbi Yose: the new moon on a Sunda | if q == 'days_rabbis': return cell((3, 4, 5, 6), M, "Shabbat 87a:1 and 86b:5 — the rabbis: the new moon on a M | if q == 'added_day': return cell('today_like_tomorrow_with_its_night', M, "Shabbat 87a:2-3 — Rabbi Yose: Moses | if q == 'third_of_month_and_week': return cell(True, M, "Shabbat 87a:6 — 'the third' (19:16): the third of the
  FACT exodus_story.sinai('new_moon',) = {'v': True, 'p': 'MOVE', 'why': "Shabbat 86b:5 — Rava: all agree that on the NEW MOON they came to the wilderness of Sinai ('on THIS day', 19:1 — 'this month', 12:2); Mekhilta Bachodesh ch.1 row 3 the same", 'fx': ['encamped_at']}
  FACT exodus_story.sinai('days_r_yose',) = {'v': (2, 3, 4, 7), 'p': 'MOVE', 'why': "Shabbat 86b:5-87a:1 — Rabbi Yose: the new moon on a Sunday; on the first nothing (the weariness of the road); on the SECOND 'you shall be to Me a kingdom of priests' (the ascent, 19:3-6); on the THIRD the boundary (19:12); on the FOURTH the separation (19:15); the Torah on the SEVENTH (86
  FACT exodus_story.sinai('days_rabbis',) = {'v': (3, 4, 5, 6), 'p': 'MOVE', 'why': "Shabbat 87a:1 and 86b:5 — the rabbis: the new moon on a Monday; on the second nothing; on the THIRD 'you shall be to Me'; on the FOURTH the boundary; on the FIFTH the separation; the Torah on the SIXTH", 'fx': ['sanctified_for_the_third_day']}
  FACT exodus_story.sinai('added_day',) = {'v': 'today_like_tomorrow_with_its_night', 'p': 'MOVE', 'why': "Shabbat 87a:2-3 — Rabbi Yose: Moses added one day of his own accord, and the Holy One agreed ('the presence did not rest until the Sabbath morning'): 'today and tomorrow' (19:10) — today like tomorrow: as tomorrow has its night with it, so today its night — two day
  FACT exodus_story.sinai('third_of_month_and_week',) = {'v': True, 'p': 'MOVE', 'why': "Shabbat 87a:6 — 'the third' (19:16): the third of the month and the third of the week — hard for the rabbis; they answer: that is Rabbi Yose's", 'fx': ['sanctified_for_the_third_day']}
  FACT exodus_story.sinai('giving_weekday',) = {'v': 'sabbath', 'p': 'MOVE', 'why': "Shabbat 86b:5 — all agree the Torah was given to Israel on the SABBATH ('remember the Sabbath day', 20:8, and 'remember this day', 13:3 — as there on the very day, so here); the engine's weekday from the creation count graded against it (CS1-CS3)", 'fx': ['undertook_to_do']}
  FACT exodus_story.sinai('tub',) = {'v': 'the_mountain_held_over_them_like_a_tub', 'p': 'MOVE', 'why': "Shabbat 88a:5 — 'and they stood at the foot of the mountain' (19:17): Rav Avdimi bar Chama bar Chasa — the Holy One held the mountain over them like a tub: if you accept the Torah, good; if not, there will be your burial; Rav Acha bar Yaakov: a great protest ag
  FACT exodus_story.sinai('one_heart',) = {'v': 'not_in_flattery_with_one_heart', 'p': 'MOVE', 'why': "Mekhilta Bachodesh ch.8 row 1 — 'and all the people answered together' (19:8): not in flattery, and not one from another, but all as one heart: 'all that the LORD has spoken we will do'", 'fx': ['undertook_to_do']}
  FACT exodus_story.sinai('we_will_do_seats',) = {'v': [(19, 8), (24, 3), (24, 7)], 'p': 'INK', 'why': "'we will do' (נעשה) at [(19, 8), (24, 3), (24, 7)] — 19:8 the first answer, 24:3 and 24:7 the erection engine's (one type under two law layers: the erection daemon seat-checked to Exod 24)", 'fx': ['undertook_to_do']}
  FACT exodus_story.sinai('descents',) = {'v': 'one_of_ten', 'p': 'MOVE', 'why': "Mekhilta Bachodesh ch.11 row 1 — 'for on the third day the LORD will descend' (19:11): one of the ten descents written in the Torah", 'fx': ['descended_on_the_mountain']}
  FACT exodus_story.sinai('bound_release',) = {'v': 'when_the_horn_sounds_long', 'p': 'INK', 'why': "'when the horn (היבל) sounds long they may go up the mountain' (19:13) — the block's release condition, never narrated on the tape: the block stays OPEN; the horn the jubilee's name-source (the census's homograph, named)", 'fx': ['mountain_barred']}
  FACT exodus_story.sinai('treasure_seats',) = {'v': 4, 'p': 'INK', 'why': "'a treasure' (סגלה) at 19:5 in Exodus; Deut 7:6, 14:2, 26:18 the Torah's other seats (measured): the offer's HEAVEN entry, conditional on 'if you will surely hear My voice'", 'fx': ['treasured_people']}
  FACT exodus_story.sinai('names_count',) = {'v': 6, 'p': 'INK', 'why': "the naming clauses of Exodus 1-19 (a call-verb with 'name' within four words): [(2, 10), (2, 22), (15, 23), (16, 31), (17, 7), (17, 15)] — six: Moses, Gershom, Marah, the manna, Massah and Meribah, the altar", 'fx': ['name_given']}
CELL exodus_story.plagues(q) keys ['ten', 'removed', 'hardening_seats', 'first_divine', 'agents', 'lice_finger', 'sea_count', 'twelve_months', 'seven_days', 'tomorrows', 'darkness_days', 'one_more']
   SRC: def plagues(q): | if q == 'ten': return cell(len(PLAGUES), A, "Mishnah Avot 5:4 — 'ten plagues the Holy One brought on the Egypt | if q == 'removed': return cell(4, I, "four removals narrated after 'entreat the LORD' (8:4, 8:24, 9:28, 10:17) | if q == 'hardening_seats': return cell(len(c_hardened), I, "the hardening's NARRATIVE seats (a wayyiqtol of st
  FACT exodus_story.plagues('ten',) = {'v': 10, 'p': 'ANSWER-SHEET', 'why': "Mishnah Avot 5:4 — 'ten plagues the Holy One brought on the Egyptians in Egypt' — the ten struck seats of the ink (7:20, 8:2, 8:13, 8:20, 9:6, 9:10, 9:23, 10:13, 10:22, 12:29), each a HEAVEN entry on Egypt with the plague's name", 'fx': ['plague_struck']}
  FACT exodus_story.plagues('removed',) = {'v': 4, 'p': 'INK', 'why': "four removals narrated after 'entreat the LORD' (8:4, 8:24, 9:28, 10:17): the frogs died (8:9), the swarms removed 'not one remained' (8:27), the hail ceased (9:33), the locusts cast into the sea (10:19) — four heaven entries closed, six open: the ink's own shape", 'fx': ['plague_removed']}
  FACT exodus_story.plagues('hardening_seats',) = {'v': 13, 'p': 'INK', 'why': "the hardening's NARRATIVE seats (a wayyiqtol of strong / heavy with 'heart') in Exod 7-14: [(7, 13), (7, 22), (8, 11), (8, 15), (8, 28), (9, 7), (9, 12), (9, 34), (9, 35), (10, 20), (10, 27), (11, 10), (14, 8)] — thirteen; the census's five more (4:21, 7:3, 10:1, 14:4, 14:17) are announcements insid
  FACT exodus_story.plagues('first_divine',) = {'v': (9, 12), 'p': 'INK', 'why': "'and the LORD strengthened the heart of Pharaoh' (9:12) — the first seat with the LORD as the agent, after eight of Pharaoh's own (7:13, 7:22, 8:11, 8:15, 8:28, 9:7 ... 9:34, 9:35 his again); the tradition's count not on the local shelf under the searched forms — a remark", 'fx': ['heart_harden
  FACT exodus_story.plagues('agents',) = {'v': (8, 5), 'p': 'INK', 'why': "of the thirteen narrative seats, Pharaoh's own heart at 7:13, 7:22, 8:11, 8:15, 8:28, 9:7, 9:34, 9:35 (eight) and the LORD's hand at 9:12, 10:20, 10:27, 11:10, 14:8 (five) — the agent read off each clause's subject", 'fx': ['heart_hardened']}
  FACT exodus_story.plagues('lice_finger',) = {'v': 'a_demon_cannot_create_less_than_a_barleycorn', 'p': 'MOVE', 'why': "Sanhedrin 67b:15 — 'the magicians said to Pharaoh: it is the finger of God' (8:15): Rabbi Eliezer — from here, a demon cannot create a creature smaller than a barleycorn", 'fx': ['plague_struck']}
  FACT exodus_story.plagues('sea_count',) = {'v': ((10, 10), (10, 50)), 'p': 'MOVE', 'why': "Mishnah Avot 5:4 'ten plagues in Egypt and ten at the sea' against Mekhilta Beshalach ch.31 row 2 — Rabbi Yose HaGelili: ten in Egypt (the FINGER, 8:15) and fifty at the sea (the HAND, 14:31) — the sea's plagues derived, not narrated: one act on the tape", 'fx': ['egypt_drowned']}
  FACT exodus_story.plagues('twelve_months',) = {'v': 12, 'p': 'ANSWER-SHEET', 'why': "Mishnah Eduyot 2:10 — 'the judgment of the Egyptians, twelve months' (Rabbi Akiva's five twelve-month judgments) — the bound on the plague stretch, graded on the tape (CS9)", 'fx': ['plague_struck']}
  FACT exodus_story.plagues('seven_days',) = {'v': 7, 'p': 'INK', 'why': "'and seven days were filled after the LORD struck the river' (7:25) — the stretch's first stated interval", 'fx': ['plague_struck']}
  FACT exodus_story.plagues('tomorrows',) = {'v': [(8, 6), (8, 19), (8, 25), (9, 5), (9, 18), (10, 4)], 'p': 'INK', 'why': "'tomorrow' (מחר / למחר) in the plague stretch: [(8, 6), (8, 19), (8, 25), (9, 5), (9, 18), (10, 4)] — the frogs (8:6), the swarms (8:19, 8:25 Moses' answer), the pestilence (9:5; 'on the morrow' 9:6), the hail (9:18), the locusts (10:4): the ink's ow
  FACT exodus_story.plagues('darkness_days',) = {'v': 3, 'p': 'INK', 'why': "'thick darkness in all the land of Egypt THREE DAYS' (10:22)", 'fx': ['plague_struck']}
  FACT exodus_story.plagues('one_more',) = {'v': 'one_more_plague_then_he_sends', 'p': 'INK', 'why': "'ONE MORE plague I will bring on Pharaoh ... afterwards he will send you' (11:1) — the tenth announced as one, the release its consequence (the count's own closing)", 'fx': ['plague_struck']}
CELL sanctuary_build.altar(q) keys ['dimensions', 'square', 'run_names_it', 'horns', 'vessels', 'ash_duty', 'pot_second_service', 'net', 'red_line', 'red_line_sheet', 'upper_bloods', 'lower_bloods', 'base', 'base_extent', 'remainders', 'indispensables', 'ramp', 'hollow', 'earth_fill', 'hewn_ban', 'perpetual_fire', 'fire_objection', 'height_fork', 'height_objection', 'three_reread', 'sheet_altar', 'solomon_altar', 'tabernacle_material', 'acrostic', 'run_dropped']
   SRC: def altar(q): | if q == 'dimensions': | return cell((5, 5, 3), I, "27:1 'five cubits long and five cubits wide — SQUARE shall the altar be — and three | if q == 'square': | return cell(6, I, "'square' (רבוע) at %d Torah seats — the altar, the breastplate, the incense altar, and thei
  FACT sanctuary_build.altar('dimensions',) = {'v': (5, 5, 3), 'p': 'INK', 'why': "27:1 'five cubits long and five cubits wide — SQUARE shall the altar be — and three cubits its height'; the run's 38:1 repeats five, five, square, three", 'fx': ['—']}
  FACT sanctuary_build.altar('square',) = {'v': 6, 'p': 'INK', 'why': "'square' (רבוע) at 6 Torah seats — the altar, the breastplate, the incense altar, and their three runs (['27:1', '28:16', '30:2', '37:25', '38:1', '39:9'])", 'fx': ['—']}
  FACT sanctuary_build.altar('run_names_it',) = {'v': 'altar_of_the_burnt_offering', 'p': 'INK', 'why': "38:1 'and he made THE ALTAR OF THE BURNT OFFERING' — the spec (27:1-8) calls it only 'the altar'; the name's Exodus seats ['30:28', '31:9', '35:16', '38:1', '40:6', '40:10', '40:29']: FIRST at 30:28, the verse after the incense altar's spec (30:1-10) makes a second altar —
  FACT sanctuary_build.altar('horns',) = {'v': 'from_it', 'p': 'INK', 'why': "27:2 'its horns on its four corners; FROM IT shall its horns be' — one piece ((True, True) at the spec and the run); overlaid with bronze", 'fx': ['—']}
  FACT sanctuary_build.altar('vessels',) = {'v': 5, 'p': 'INK', 'why': "27:3 'its pots for its ashes, its shovels, its basins, its forks, its fire-pans — all its vessels bronze'; the five stems present at 27:3 and 38:3 ([True, True]) though the run's articled forms share no token with the spec's suffixed ones", 'fx': ['—']}
  FACT sanctuary_build.altar('ash_duty',) = {'v': 'ash_removal_named_in_the_vessel_list', 'p': 'MOVE', 'why': "Onkelos 27:3 'to REMOVE its ashes' — the dawn service's first act named in the vessel list; the Tzav engine holds the removal (Lev 6:3-4)", 'fx': ['—']}
  FACT sanctuary_build.altar('pot_second_service',) = {'v': 'psakhter_over_the_creeping_thing', 'p': 'ANSWER-SHEET', 'why': "Mishnah Eruvin 10:15 (the Terumah exam's F-035) — elsewhere in the sanctuary 'they overturn the PSAKHTER over it': the bronze ash-pot's second service; Tamid 5:5's three services", 'fx': ['—']}
  FACT sanctuary_build.altar('net',) = {'v': 'to_the_half', 'p': 'INK', 'why': "27:4-5 'a grate of network of bronze... under the altar's ledge beneath, and THE NET SHALL REACH TO THE HALF OF THE ALTAR' — 'its ledge' (כרכבו) at 38:4 alone", 'fx': ['—']}
  FACT sanctuary_build.altar('red_line',) = {'v': 'the_torah_gave_the_partition', 'p': 'MOVE', 'why': "the sanctuary block (round 26, credited): Zevachim 53a:9 — the crimson thread girding the altar at its middle to divide the upper bloods from the lower — whence? Rav Acha bar Rav Katina: 'and the net shall reach to the HALF of the altar' — THE TORAH GAVE THE PARTITION", 
  FACT sanctuary_build.altar('red_line_sheet',) = {'v': 'crimson_thread_at_the_middle', 'p': 'ANSWER-SHEET', 'why': "Mishnah Middot 3:1 — 'and a thread of crimson girds it at the middle, to divide between the upper bloods and the lower bloods'", 'fx': ['—']}
  FACT sanctuary_build.altar('upper_bloods',) = {'v': 'outer_altar_horns', 'p': 'IMPORT', 'why': "the bloods ABOVE the line by CALL — cold_run_chatat.blood(commoner) -> 'outer_altar_horns' [IMPORT, live call]: the sin offering's four horns (Mishnah Zevachim 5:3, credited)", 'fx': ['—']}
  FACT sanctuary_build.altar('lower_bloods',) = {'v': 'two_that_are_four', 'p': 'IMPORT', 'why': "the bloods BELOW the line by CALL — cold_run_offerings.dispatch(olah:herd)['applications'] -> 'two_that_are_four', the peace offering's 'two_that_are_four' [IMPORT, live calls]: the edge the gate REQUIRED at 38:1's 'altar of the burnt offering', made live", 'fx': ['—']}
  FACT sanctuary_build.altar('base',) = {'v': 'not_in_the_spec', 'p': 'INK', 'why': "the BASE (יסוד) — no token in 25-27 or 36-38 (True); 'the base of the altar' at ['Exod 29:12', 'Lev 4:30', 'Lev 4:34', 'Lev 5:9', 'Lev 8:15', 'Lev 9:9']: the member enters the tabernacle's altar by its USE in the offering code (Exod 29:12, Lev 4:7...), never by its build", 'fx': ['—']
  FACT sanctuary_build.altar('base_extent',) = {'v': 'north_west_whole_south_east_one_cubit', 'p': 'ANSWER-SHEET', 'why': "Mishnah Middot 3:1 — 'the base ran along the whole north and the whole west, and ate one cubit in the south and one in the east'", 'fx': ['—']}
  FACT sanctuary_build.altar('remainders',) = {'v': {'inner': 'western_base', 'outer': 'southern_base'}, 'p': 'ANSWER-SHEET', 'why': "Mishnah Yoma 5:6 — the inner blood's remainder on the WESTERN base of the outer altar, the outer altar's on the SOUTHERN; both to the Kidron, sold to gardeners, sacrilege in them", 'fx': ['—']}
  FACT sanctuary_build.altar('indispensables',) = {'v': ['corner', 'ramp', 'base', 'square'], 'p': 'MOVE', 'why': "the sanctuary block (round 26, credited): Zevachim 62a:8 — corner, ramp, base, and square are indispensable; the measures of length, width, height are not — Rav Huna: 'THE altar' (27:1 True): wherever the definite article stands it binds", 'fx': ['—']}
  FACT sanctuary_build.altar('ramp',) = {'v': 'a ramp; and temperance beside it', 'p': 'IMPORT', 'why': "the ramp by CALL — cold_run_ordinances.altar(steps) -> 'a ramp; and temperance beside it' [IMPORT]: 20:26's 'not by steps' compiled at E1; NO ramp in 27:1-8 or 38:1-7 — the ramp is the ordinances' derivation, the sheet's datum 'thirty_two_by_sixteen_south' (Mishnah
  FACT sanctuary_build.altar('hollow',) = {'v': 'navuv_luchot', 'p': 'INK', 'why': "27:8 'HOLLOW of boards you shall make it'; the run keeps it at 38:7 'hollow of boards he made it' (True); the word at ['Exod 27:8', 'Exod 38:7', 'Jer 52:21', 'Job 11:12'] — Solomon's pillars hollow (Jer 52:21 [IMPORT by name])", 'fx': ['—']}
  FACT sanctuary_build.altar('earth_fill',) = {'v': 'attached_to_the_ground', 'p': 'IMPORT', 'why': "the earth altar by CALL — cold_run_ordinances.altar(earth_altar) -> 'attached_to_the_ground' [IMPORT]: 20:24 'an altar of EARTH you shall make Me' meets 27:8's hollow box — the two verses' intersection (move M-21's form): a hollow shell filled with earth at every encampment"
  FACT sanctuary_build.altar('hewn_ban',) = {'v': 'iron-touched stone disqualified', 'p': 'IMPORT', 'why': "the hewn ban by CALL — altar(hewn) -> 'iron-touched stone disqualified'; the stones' source 'whole_stones_from_beit_kerem_valley'; the recipe 'whole stones, frame and lime' [IMPORT]: the LAND's stone altar (Mishnah Middot 3:4); the tabernacle's is acacia and bronze 
  FACT sanctuary_build.altar('perpetual_fire',) = {'v': 'a standing never-extinguish duty', 'p': 'IMPORT', 'why': "the perpetual fire by CALL — cold_run_tzav.altar_machine(extinguish) -> 'a standing never-extinguish duty', retention 'once up, does not come down (two recorded classes)' [IMPORT]: Lev 6:6's fire on THIS wooden altar", 'fx': ['perpetual_fire_duty']}
  FACT sanctuary_build.altar('fire_objection',) = {'v': 'wood_under_bronze_answered', 'p': 'MOVE', 'why': "Midrash Tanchuma, Terumah 11 — Moses: You said an acacia altar plated bronze, and You said 'a perpetual fire shall burn on the altar' — the fire will pass the plating and burn the wood! The answer: the measures above (fire-angels under water-firmaments), the precedents (Aa
  FACT sanctuary_build.altar('height_fork',) = {'v': {'R_Yehuda': (10, 10, 3), 'R_Yosei': (5, 5, 10)}, 'p': 'MOVE', 'why': "Zevachim 59b:4-8 (opened per gap) — R. Yosei: 'five by five' as written; R. Yehuda: 'square' here and at Ezek 43:16 — measured FROM THE MIDDLE, ten by ten; on the HEIGHT the arms swap: R. Yehuda 'three' as written, R. Yosei by the same analogy twice the
  FACT sanctuary_build.altar('height_objection',) = {'v': 'priest_seen_from_outside', 'p': 'MOVE', 'why': "Zevachim 59b:9-10 (opened) — R. Yehuda: 'the court... its height five' (27:18) — could a priest on a ten-cubit altar be seen by all from outside? R. Yosei: 'the hangings BY the tabernacle and BY the altar' (Num 4:26 [IMPORT by name]) — as the tabernacle ten, so the altar ten
CELL primeval.call(q) keys ['go_receipt', 'two_go_you', 'new_creature', 'ladder', 'land_seats', 'three_altars', 'called_seats', 'seventy_five', 'stations']
   SRC: def call(q): | if q == 'go_receipt': return cell('as_the_lord_had_spoken', I, "'go you' (12:1) — the corpus's first object-wi | if q == 'two_go_you': return cell(('aram_naharaim_and_aram_nachor', 'the_pieces_to_haran'), M, "Bereshit Rabba | if q == 'new_creature': return cell('i_will_MAKE_you', M, "Bereshit Rabbah 39:11 — 'and I will make you a grea | if q == 'ladder': return cell(('bless_you', 'make_your_name_great', 'be_a_blessing', 'bless_your_blessers', 'c
  FACT primeval.call('go_receipt',) = {'v': 'as_the_lord_had_spoken', 'p': 'INK', 'why': "'go you' (12:1) — the corpus's first object-withheld command (the frozen unit's export); 'and Abram went AS THE LORD HAD SPOKEN to him' (12:4) — the receipt that closes the debit (the census's INTERNAL pointer)", 'fx': ['go_owed']}
  FACT primeval.call('two_go_you',) = {'v': ('aram_naharaim_and_aram_nachor', 'the_pieces_to_haran'), 'p': 'MOVE', 'why': "Bereshit Rabbah 39:8 — 'go you' twice (12:1, 22:2): R. Yehuda — one from Aram Naharaim and one from Aram Nachor; R. Nechemya — one from both, and one when He flew him from between the pieces and brought him to Haran; R. Levi (39:9): which is dea
  FACT primeval.call('new_creature',) = {'v': 'i_will_MAKE_you', 'p': 'MOVE', 'why': "Bereshit Rabbah 39:11 — 'and I will make you a great nation' (12:2): R. Berekhya — 'I will give you' or 'I will set you' is not written but 'I will MAKE you' — once I make you a new creature you are fruitful and multiply; 'great' — the nation of which it is said 'what great nation' (
  FACT primeval.call('ladder',) = {'v': ('bless_you', 'make_your_name_great', 'be_a_blessing', 'bless_your_blessers', 'curse_your_curser', 'all_families_blessed_in_you'), 'p': 'INK', 'why': "the promise ladder of 12:2-3 — six clauses after the great nation; Bereshit Rabbah 39:12 (R. Yirmeya: the Holy One was stricter about the honor of the righteous than about H
  FACT primeval.call('land_seats',) = {'v': [(12, 7), (13, 15), (15, 7), (15, 18)], 'p': 'INK', 'why': "the land promised to Abram's seed at 12:7 ('I will give'), 13:15 ('to you and to your seed forever'), 15:7 ('to give you this land to inherit it') — three HEAVEN entries — and CLOSED at 15:18 by the ink's own perfect 'to your seed I HAVE GIVEN' (the phrase's only 
  FACT primeval.call('three_altars',) = {'v': 3, 'p': 'MOVE', 'why': "Bereshit Rabbah 39:16 — 'and he built there an altar' (12:8): R. Elazar — three altars he built: one for the tidings of the land of Israel (12:7), one for its acquisition (12:8), one that his sons not fall at Ai (13:18 — Josh 7:6); the fourth of the stretch Noah's", 'fx': ['altar_built']}
  FACT primeval.call('called_seats',) = {'v': [(12, 8), (26, 25)], 'p': 'INK', 'why': "'and he CALLED on the name of the LORD' (ויקרא בשם יהוה) at 12:8 and 26:25 in Genesis (measured; 13:4 'and Abram called there on the name' the second seat of the stretch; 4:26 the profanation's 'to call on the name')", 'fx': ['called_on_the_name']}
  FACT primeval.call('seventy_five',) = {'v': 75, 'p': 'INK', 'why': "'and Abram was a son of seventy-five years at his going out from Haran' (12:4) — the number parsed; the tape's age marker; Hagar's ten years (16:3) run from the arrival in the same year (the sequence runner CG6)", 'fx': ['encamped_at']}
  FACT primeval.call('stations',) = {'v': 7, 'p': 'INK', 'why': "Abram's stations of the stretch: Canaan (12:5), Shechem (12:6), east of Bethel (12:8), the Negev (12:9), Egypt (12:10), Bethel again (13:1-3), Hebron (13:18) — seven; Terah's Haran (11:31), the builders' Shinar (11:2), Lot's plain (13:12) beside them — the itinerary verbs the tape's own (S1's journey
CELL primeval.scene() keys ['adam', 'jared']
CELL opening_speech.lemma_seats(lm, books=None) keys []
   SRC: def lemma_seats(lm, books=None): | return ['%s %d:%d' % k for k, ls in _L.items() if (books is None or k[0] in books) and lm in ls] | 
  FACT opening_speech.lemma_seats('באר',) = []
  FACT opening_speech.lemma_seats('בָּאֵר',) = []
CELL journeys.the_command(case, data) keys ['the_frame', 'when_you_pass', 'drive_out', 'figured_stones', 'molten_images', 'high_places', 'three_objects_own', 'possess_and_dwell', 'the_lot_restated', 'negative_arm', 'the_lot_arms', 'private_altar_eras']
   SRC: def the_command(case, data): | del P[:] | ask = case['ask']
  FACT journeys.the_command('the_frame',) = ("and the LORD spoke to Moses in the plains of Moab (33:50) — the chapter's one divine frame after forty-nine verses without one; 35:1 the second seat", ['accepted'], [('INK', 'Num 33:50 — "and the LORD spoke to Moses in the plains of Moab by the Jordan at Jericho, saying" — [\'Num 33:50\', \'Num 35:1\'] (35:1 the frame\'s secon
  FACT journeys.the_command('when_you_pass',) = ("when you pass over the Jordan into the land of Canaan (33:51) — the law's trigger; 35:10 and Deuteronomy 11:31 the clause's kin", ['accepted'], [('INK', 'Num 33:51 — "when you pass over the Jordan into the land of Canaan" — 7 seats of the clause (33:51, 35:10, Deuteronomy 11:31 among them); "into the land of Canaan" Leviticus 
  FACT journeys.the_command('drive_out',) = ("drive out all the inhabitants of the land (33:52-53) — a DEBIT on Israel OPEN BY DESIGN: its runs Joshua's; the crossing's purpose at the Jordan (Sotah 34a:5)", ['commanded'], [('INK', 'Num 33:52-53 — "you shall drive out all the inhabitants of the land from before you" (one seat) … "and you shall dispossess the land and dwell
  FACT journeys.the_command('figured_stones',) = ("their figured stones (33:52) — Leviticus 26:1's word at its ban's seat, uncompiled: the edge owed, Megillah 22b:11-13's rows filed to the debt", ['commanded'], [('INK', 'Num 33:52 — "destroy all their figured stones" — [\'Num 33:52\']; Leviticus 26:1\'s word [\'Lev 26:1\']; the lemma\'s seats [\'Ezek 8:12\', \'Lev 26:1\', \'Nu
  FACT journeys.the_command('molten_images',) = ("their molten images (33:52) — the calf's word; the ban on making at Exodus 34:17 and Leviticus 19:4 by CALL (the erection and holiness runners)", ['commanded'], [('INK', 'Num 33:52 — "all their molten images you shall destroy" — [\'Num 33:52\'] (one seat); the calf\'s word at [\'Deut 9:12\', \'Deut 9:16\', \'Exod 32:4\', \'Exo
  FACT journeys.the_command('high_places',) = ("their high places (33:52) — Leviticus 26:30's curse in the same verb on the same object: the spec/curse pair; the private altar's eras (Mishnah Zevachim 14:4-8) another sense", ['commanded'], [('INK', 'Num 33:52 — "all their high places you shall demolish" — "their high places" [\'Lev 11:31\', \'Lev 11:32\', \'Num 6:7\', \'Num
  FACT journeys.the_command('three_objects_own',) = ("the three objects (33:52) are the chapter's own — the other iconoclasm lists (three, four, five by CALL) name altars, pillars, asherim and graven images", ['accepted'], [('MOVE', "cold_run_erection (CALL) — ER.covenant(demolition_grows) = [3, 4, 5] — the other iconoclasm commands' lists grow — Exodus 34:13 three, Deuteronomy 7
  FACT journeys.the_command('possess_and_dwell',) = ("possess the land and dwell in it, for to you I have given it (33:53) — the promise's gift read in the perfect; held before assignment by CALL; no second entry", ['accepted'], [('INK', 'Num 33:53 — "and you shall dispossess the land and dwell in it, for to you I have given the land to possess it" — [\'Num 33:53\'] / [\'Num 33:5
  FACT journeys.the_command('the_lot_restated',) = ("the lot restated to the people (33:54) — 26:52-56 word for word with the verb's number switching inside the verse; the open debit cited by CALL, not rewritten", ['accepted'], [('INK', 'Num 33:54 — 33:54 RESTATES 26:52-56 — "by lot" [\'Num 26:55\', \'Num 33:54\', \'Num 34:13\', \'Num 36:2\'], "to the many you shall give more" [
  FACT journeys.the_command('negative_arm',) = ("the negative arm (33:55-56) — thorns in your eyes and pricks in your sides, run back reversed by Joshua 23:13 and Judges 2:3; Saul's Amalek and Haman on the shelf (Megillah 11a); a data row, no verdict on the tape", ['accepted'], [('INK', 'Num 33:55-56 — "thorns in your eyes and pricks in your sides" [\'Num 33:55\'] / [\'Num 3
  FACT journeys.the_command('the_lot_arms',) = ("the lot's arms — divided among those who left Egypt (the running setting), those who entered, or both; by lot and by the Urim: the second census's rows by CALL", ['accepted'], [('MOVE', "cold_run_second_census (CALL) — C2.the_land(land_divided_among) = left_egypt (the running setting) — entered and both recorded; the dead inhe
  FACT journeys.the_command('private_altar_eras',) = ("the private altar's eras (Mishnah Zevachim 14:4-8) — Israel's own altars by era, the erection runner's block: not this chapter's high places", ['exempt'], [('MOVE', 'Mishnah Zevachim 14:4-8 — until the tabernacle stood private altars were permitted; forbidden; Gilgal permitted; Shiloh forbidden; Nob and Gibeon permitted; Jerus
CELL journeys.lemma_seats(lm, books=None) keys []
  FACT journeys.lemma_seats('פסל',) = []
CELL hear_o_israel.the_creed(case, data) keys ['hear_o_israel', 'the_lord_is_one', 'with_all_your_heart', 'with_all_your_soul', 'with_all_your_might', 'love_and_fear']
   SRC: def the_creed(case, data): | """F2 — Deut 6:4-5: hear, O Israel; the LORD is one; with all your heart, soul and might; love and fear""" | del P_[:]
  FACT hear_o_israel.the_creed('hear_o_israel',) = ("hear, O Israel (6:4) — the creed's call: Jacob's sons' answer the first saying (Pesachim 56a); the four seats all this book's", ['accepted'], [('INK', 'Deut 6:4 — "HEAR, O ISRAEL" — the four seats, all this book\'s [\'Deut 20:3\', \'Deut 5:1\', \'Deut 6:4\', \'Deut 9:1\']; the imperative (\'שמע\', \'HVqv2ms\'); Israel named tw
  FACT hear_o_israel.the_creed('the_lord_is_one',) = ("the LORD is one (6:4) — the two seats of the pair (6:4, Zechariah 14:9); the numeral the parser's [1]; the large letters a parked hypothesis", ['accepted'], [('INK', 'Deut 6:4 — "the LORD our God, the LORD is ONE" — the pair "the LORD one" at [\'Deut 6:4\', \'Zech 14:9\'] alone in the Bible (Zechariah 14:9 "and his name one");
  FACT hear_o_israel.the_creed('with_all_your_heart',) = ("with all your heart (6:5) — the two inclinations (Mishnah Berakhot 9:5; the Sifrei 32:2-4); 4:29's kin (OH by CALL)", ['accepted'], [('INK', 'Deut 6:5 — "with all your heart" — "with all your heart and with all your soul" 7 seats, all Deuteronomy\'s (4:29 the first: Deut 4:29); the plural form 4'), ('MOVE', "cold_run_obey_hore
  FACT hear_o_israel.the_creed('with_all_your_soul',) = ("with all your soul (6:5) — even if he takes your soul: the martyr's clause (R. Akiva, Berakhot 61b; Sanhedrin 74a)", ['accepted'], [('INK', 'Deut 6:5 — "and with all your soul" — the soul\'s term; the martyr\'s row on the docket (Sanhedrin 74a) and R. Akiva\'s (Berakhot 61b)'), ('MOVE', "Mishnah Berakhot 9:5; Berakhot 61b:5-8;
  FACT hear_o_israel.the_creed('with_all_your_might',) = ("with all your might (6:5) — the Bible's one seat of the word: money, measure and thanks (9:5; the Sifrei 32:7); Onkelos 'your property'", ['accepted'], [('INK', 'Deut 6:5 — "and with all your might" — the noun with a suffix THE BIBLE\'S ONE SEAT [\'Deut 6:5\']'), ('MOVE', "Mishnah Berakhot 9:5; the Sifrei 32:7 — 'with all your
  FACT hear_o_israel.the_creed('love_and_fear',) = ("love and fear (6:5) — 'you shall love' the creed's command after its call; the one who acts from love greater (Sotah 31a; the Sifrei 32:1)", ['accepted'], [('INK', 'Deut 6:5 — "and you shall love the LORD your God" — the phrase [\'Deut 11:1\', \'Deut 6:5\']; "and you shall love" 6 seats over the Bible (the neighbor and the str
CELL hear_o_israel.the_header(case, data) keys ['the_triad', 'the_charge_executed', 'hear_and_observe', 'the_land_flowing', 'your_sons_son']
CELL good_land.receipt_seats(ch) keys []
  FACT good_land.receipt_seats(26,) = []
  FACT good_land.receipt_seats(27,) = []
  FACT good_land.receipt_seats(28,) = []
CELL good_land.narrative() keys []
CELL borders.the_roster(case, data) keys ['the_roster', 'calebs_five_words', 'the_survivors', 'no_prince_of_chapter_one', 'only_here', 'the_order', 'the_closer', 'the_rows']
   SRC: def the_roster(case, data): | del P[:] | ask = case['ask'] | if ask == 'the_roster':
  FACT borders.the_roster('the_roster',) = ("the roster (34:19-28) — ten princes by tribe with their fathers; the title at seven rows, dropped at Judah's, Simeon's and Benjamin's; the twelve enter the population table", ['dividers_named'], [('INK', 'Num 34:19-28 — the ten by tribe — [\'judah\', \'simeon\', \'benjamin\', \'dan\', \'manasseh\', \'ephraim\', \'zebulun\', \'
  FACT borders.the_roster('calebs_five_words',) = ("Caleb's five words (34:19 = 13:6) — the spy's line repeated at the dividers'; Caleb son of Jephunneh eight Torah seats", ['accepted'], [('INK', 'Num 34:19 / 13:6 — 34:19\'s five [\'למטה\', \'יהודה\', \'כלב\', \'בן\', \'יפנה\'] = 13:6\'s [\'למטה\', \'יהודה\', \'כלב\', \'בן\', \'יפנה\'] — the spy\'s line at the dividers\'; "Cale
  FACT borders.the_roster('the_survivors',) = ("the two survivors — Joshua and Caleb the only persons of the spies' roster among the dividers; the exceptions of 14:24, 14:30 by CALL", ['accepted'], [('MOVE', "cold_run_shelach (CALL) — SL.decree(exceptions) = Caleb and Joshua (14:24, 14:30); the children brought in (14:31); SL.decree(spies_portions) = Joshua and Caleb lived 
  FACT borders.the_roster('no_prince_of_chapter_one',) = ("no prince of chapter 1 among the ten (by CALL); Ammihud the one father's name shared — three tribes' fathers' name (1:10; 34:20; 34:28)", ['accepted'], [('MOVE', "cold_run_naso (CALL) — NS.NAMES = ['נחשון', 'נתנאל', 'אליאב', 'אליצור', 'שלמיאל', 'אליסף', 'אלישמע', 'גמליאל', 'אבידן', 'אחיעזר', 'פגעיאל', 'אחירע'] — the twelve pri
  FACT borders.the_roster('only_here',) = ("the names nowhere else — eight by token (Hanniel among them), ten by lemma (Ephod, Chislon, Shelomi homographs by token; Hanniel's lemma shared); Shemuel the prophet's name's first seat; seven of the ten carry God's name, none of the fathers", ['accepted'], [('INK', 'Num 34:19-28 — nowhere else BY TOKEN [\'אלידד\', \'חניאל\', 
  FACT borders.the_roster('the_order',) = ("the order matches no other roster (sixteen lists) — Manasseh before Ephraim as the second census and Genesis 46 in the Torah, Zebulun before Issachar as the two blessings, the four northern in Joshua's lot order", ['accepted'], [('INK', "Num 34:19-28 — the order ['judah', 'simeon', 'benjamin', 'dan', 'manasseh', 'ephraim', 'ze
  FACT borders.the_roster('the_closer',) = ("the closer (34:29) — 'these are they whom the LORD commanded to divide', one seat; no receipt in the chapter — Joshua 14:2's is outside the Torah", ['commanded'], [('INK', 'Num 34:29 — "these are they whom the LORD commanded" [\'Num 34:29\'] — the closer without a noun, one seat; no receipt "as the LORD commanded Moses" in the
  FACT borders.the_roster('the_rows',) = ("the twelve named rows — the roll's persons enter the population table (grain named, as of Num 34:17-29): the register gate's seat paid", ['dividers_named'], [('INK', 'Num 34:17-28 — TWELVE NAMED ROWS — Eleazar (levi, "the priest"), Joshua (ephraim by 13:8, "son of Nun"), and the ten by tribe with their fathers and the title\'s
CELL naso.blessing(case, data) keys ['form', 'temple', 'language', 'who_blesses', 'priest', 'blemished_hands', 'drunk', 'minor', 'non_priest', 'quorum', 'who_is_blessed', 'translated', 'three_commands', 'priests_blessed', 'face_lifted', 'counts', 'name', 'four_times']
  FACT naso.blessing('language',) = ('the holy tongue (so/so)', ['blessed_by_the_priests'], [('MOVE', 'Sotah 33b:3 (R. Yehuda: "so"); 38a:2 (bless/bless with Deut 27:12) — the holy tongue')])
  FAIL naso.blessing('form', {'place': 'temple'}): TypeError: string indices must be integers, not 'str'
  FAIL naso.blessing('who_blesses', {'who': 'priest'}): TypeError: string indices must be integers, not 'str'
CALLEES2 DONE
