==== A0. THE TWO DIVISIONS — the export's chapter 27 against the DB's
  DB verses 26 | export verses HE 26 EN 26 | per-chapter export lengths vs DB, chapters 1-28: [(5, 30, 33)]
  the alignment cost 12 | export verses mapped to MORE THAN ONE DB verse: {}
  the offset per export verse (DB minus export, the first DB verse of each): Counter({0: 26}) | the runs: [(1, 1, 1), (16, 16, 16), (17, 17, 17), (18, 18, 18), (19, 19, 19)]
  the shared export verse against its DB verses (tokens, negations): []
==== A. THE SHELF BY POSITION — the Sifrei on Deuteronomy around chapter 27
  piskaot 357 357 rows 2357 2357
  heads 290-310 (HE first citation | rows | EN first quote):
   290 head (25, 8) | HE rows  4 EN rows  4 | 'Then the elders of his city shall summon him'
   291 head (25, 9) | HE rows  9 EN rows  9 | 'Then, his widowed sister-in-lawshall approach him before the'
   292 head (25, 11) | HE rows  5 EN rows  5 | 'When men struggle together'
   293 head (25, 12) | HE rows  2 EN rows  2 | 'And you shall cut off her hand'
   294 head (25, 13) | HE rows  9 EN rows  9 | 'You shall not have in your pouch stone-weights,one heavy sto'
   295 head None | HE rows  4 EN rows  4 | 'So that you may extend your days'
   296 head (25, 17) | HE rows  9 EN rows  9 | 'Remember'
   297 head (26, 1) | HE rows 10 EN rows 10 | 'Now it shall be, when you enter the Land'
   298 head None | HE rows  3 EN rows  3 | 'And place it in a basket'
   299 head None | HE rows  4 EN rows  4 | 'And you shall say to him'
   300 head (26, 4) | HE rows  2 EN rows  2 | 'Then the Priest will take the basket from your hand'
   301 head (26, 5) | HE rows 37 EN rows 37 | 'Then you should respond, saying'
   302 head (26, 12) | HE rows  1 EN rows  1 | 'When you have ended51Heb: techaleh; root: ch-l-h, “to make a'
   303 head None | HE rows 20 EN rows 20 | 'And you shall give it to the Levite, the migrant, the father'
   304 head (31, 14) | HE rows  2 EN rows  2 | 'And HASHEM said to Moses:Indeed, your days are dwindling dow'
   305 head None | HE rows  6 EN rows  6 | 'Then HASHEM said to Moses:Take for yourself Joshua b. Nun, a'
   306 head (32, 1) | HE rows 37 EN rows 37 | 'Lend an ear, Heavens, and let me speak!'
   307 head (32, 4) | HE rows 15 EN rows 15 | 'The Rock'
   308 head (32, 5) | HE rows  4 EN rows  4 | 'Is the destruction His own? No!The flaw lies in His children'
   309 head (32, 6) | HE rows  7 EN rows  7 | 'Is this how you repay HASHEM?'
   310 head (32, 7) | HE rows  8 EN rows  8 | 'Remember the days of yore'
  heads whose chapter is 27 : [] | heads by chapter 1-28: [(1, 24), (3, 4), (6, 6), (11, 21), (12, 20), (13, 14), (14, 14), (15, 16), (16, 19), (17, 16), (18, 16), (19, 10), (20, 14), (21, 17), (22, 22), (23, 22), (24, 16), (25, 10), (26, 4), (31, 1), (32, 36), (33, 14), (34, 1)]
  HE rows citing Deut 27 (the export's verse → the DB's): 7 [(36, 2, 8, [8]), (55, 2, 12, [12]), (64, 2, 7, [7]), (69, 1, 7, [7]), (107, 16, 7, [7]), (138, 1, 7, [7]), (347, 3, 20, [20])]
  EN rows citing Deut 27 : 14 [(36, 2, 8, [8]), (36, 2, 8, [8]), (36, 2, 3, [3]), (55, 2, 12, [12]), (107, 16, 7, [7]), (107, 16, 6, [6]), (291, 5, 15, [15]), (291, 5, 15, [15]), (291, 6, 9, [9]), (291, 7, 9, [9]), (291, 7, 9, [9]), (301, 1, 14, [14]), (301, 1, 14, [14]), (347, 3, 20, [20])]
  EN "ibid 27:n" candidates: 0
  the union of rows (both files): 11 [(36, 2), (55, 2), (64, 2), (69, 1), (107, 16), (138, 1), (291, 5), (291, 6), (291, 7), (301, 1), (347, 3)]
  the rows OUTSIDE the spine piskaot (the union less the on-chapter piskaot none - none ): 11 [(36, 2), (55, 2), (64, 2), (69, 1), (107, 16), (138, 1), (291, 5), (291, 6), (291, 7), (301, 1), (347, 3)] | in-spine rows of the union: 0
  outside rows file bytes 20738
==== B. ONKELOS chapter 27 and the DB (the dump per DB verse; a shared export row printed at its first DB verse)
  the store's chapter 27 verses 26 | verses whose store token count differs from the DB: []
  token count chapter 27 : 326
  onkelos dump bytes 26533
==== C. THE PARSER on every verse of chapter 27
  number-word tokens present per verse (the bare check against the parser): {}
  27:1 tokens: ['ויצו', 'משה', 'וזקני', 'ישראל', 'את', 'העם', 'לאמר', 'שמר', 'את', 'כל', 'המצוה', 'אשר', 'אנכי', 'מצוה', 'אתכם', 'היום']
  27:26 tokens: ['ארור', 'אשר', 'לא', 'יקים', 'את', 'דברי', 'התורה', 'הזאת', 'לעשות', 'אותם', 'ואמר', 'כל', 'העם', 'אמן']
==== D. CASE TOKENS, FRAMES, REGISTER, NAMES
  case tokens (כי "when/for" / אם "if" / ואם / או "or" / פן "lest"): {'27:20': ['כי'], '27:22': ['או']}
  divine frames (ויאמר/וידבר + יהוה): []
  לאמר "saying" seats: ['27:1', '27:9', '27:11']
  narrative-form verbs (V.w) per verse: {1: ['ויצו'], 9: ['וידבר'], 11: ['ויצו']}
  first-person verb forms (1cs / 1cp) per verse: {}
  imperatives (Vq.v / Vp.v / Vh.v) per verse: {}
  prohibitions לא + imperfect (the ten's form) per verse: {5: [('תניף', 'HVhi2ms')], 26: [('יקים', 'HVhi3ms')]}
  name tokens (Np): {1: ['משה', 'ישראל'], 2: ['הירדן', 'יהוה'], 3: ['יהוה', 'יהוה'], 4: ['הירדן', 'עיבל'], 5: ['ליהוה'], 6: ['יהוה', 'ליהוה'], 7: ['יהוה'], 9: ['משה', 'ישראל', 'ישראל', 'נהיית', 'ליהוה'], 10: ['יהוה'], 11: ['משה'], 12: ['גרזים', 'הירדן', 'שמעון', 'ולוי', 'ויהודה', 'ויששכר', 'ויוסף', 'ובנימן'], 13: ['עיבל', 'ראובן', 'גד', 'ואשר', 'וזבולן', 'דן', 'ונפתלי'], 14: ['ישראל'], 15: ['יהוה']}
  second-person plural vs singular (2mp / 2ms tokens per verse): {1: (1, 0), 2: (1, 4), 3: (0, 6), 4: (3, 1), 5: (0, 3), 6: (0, 4), 7: (0, 4), 8: (0, 1), 9: (0, 4), 10: (0, 4), 11: (0, 0), 12: (1, 0), 13: (0, 0), 14: (0, 0), 15: (0, 0), 16: (0, 0), 17: (0, 0), 18: (0, 0), 19: (0, 0), 20: (0, 0), 21: (0, 0), 22: (0, 0), 23: (0, 0), 24: (0, 0), 25: (0, 0), 26: (0, 0)}
==== E. THE REGISTER GATE on Deut 27
  dispositions naming Deut 27: []
  REGISTER_INDEX lines on Deut 27:
==== F. THE PRIOR READS
  ledgers with an Onkelos Deut 27 row: []
  prior Sifrei Devarim rows anywhere (strict form), those among the outside rows: [('deu_06_vaetchanan_2026-09-17.md', 36, 2), ('deu_11_ekev_reeh_2026-09-20.md', 55, 2), ('deu_12_reeh_2026-09-20.md', 64, 2), ('deu_12_reeh_2026-09-20.md', 69, 1), ('deu_12_reeh_2026-09-20.md', 138, 1), ('deu_14_reeh_2026-09-21.md', 107, 16), ('deu_16_reeh_shoftim_2026-09-23.md', 138, 1), ('deu_22_25_ki_teitzei_2026-09-25.md', 291, 5), ('deu_22_25_ki_teitzei_2026-09-25.md', 291, 6), ('deu_22_25_ki_teitzei_2026-09-25.md', 291, 7)] | all prior rows count 2018
  ledgers NAMING a verse of Deut 27: 7
    ('deu_01_03_devarim_exam_2026-09-15.md', 2, ['Deuteronomy 27:8'])
    ('deu_11_ekev_reeh_exam_2026-09-20.md', 1, ['Deuteronomy 27:8'])
    ('deu_12_reeh_exam_2026-09-20.md', 1, ['Deut 27:12'])
    ('num_04_07_naso_exam_2026-09-10.md', 1, ['Deut 27:12'])
    ('num_06_priest_blessing_2026-09-09.md', 1, ['Deut 27:12'])
    ('num_32_gad_reuben_exam_2026-09-12.md', 2, ['Deuteronomy 27:15', 'Deuteronomy 27:26'])
    ('num_33_journeys_2026-09-12.md', 1, ['Deuteronomy 27:15'])
  ledgers with an Onkelos Exod 20 / Exod 22 / Lev 18 / Lev 19 / Lev 20 / Deut 11 / Deut 19 / Deut 24 / Deut 22 / Deut 23 row (the kin's reading — the altar of unhewn stones Exodus 20:22-23 for 27:5-6; Gerizim and Ebal 11:29 for 27:12-13; the curses' kin — the image Exodus 20:4 / Deuteronomy 4:16, the parents 21:18 / Leviticus 20:9, the landmark 19:14, the blind Leviticus 19:14, the stranger's judgment Exodus 22:20-21 / 24:17, the father's wife 23:1 / Leviticus 18:8, the beast Leviticus 18:23, the sister 18:9, the mother-in-law 20:14, the secret blow, the bribe 16:19 / Exodus 23:8 — for 27:15-26): ['deu_11_ekev_reeh_2026-09-20.md', 'deu_19_21_shoftim_ki_teitzei_2026-09-24.md', 'deu_22_25_ki_teitzei_2026-09-25.md', 'exo_22_property_social_2026-09-01.md', 'lev_17_18_blood_arayot_2026-09-05.md', 'lev_19_kedoshim_2026-09-05.md', 'lev_20_sanctions_2026-09-05.md', 'ordinances_topic_docket_2026-09-06.md'] | ledgers with an Onkelos row of the Prophets (never read ahead — expected none): []
==== G. THE DRAFTS
  deu_26_bikkurim_close: refs 26:1-19; steps (26, 1)..(26, 19) n=19; draft True; operators False; depends_on ['    - "deu_25_courts_yibbum"\n']; scenarios 26; binary_trees True; step E False; comment lines 23
  deu_27_ebal_curses: refs 27:1-26; steps (27, 1)..(27, 26) n=26; draft True; operators False; depends_on ['    - "deu_26_bikkurim_close"\n    - "deu_11_bless_curse_set"\n']; scenarios 33; binary_trees True; step E False; comment lines 30
    the step verses: [1, 2, 3, 4, 5, 6, 7, 8, 9, 10, 11, 12, 13, 14, 15, 16, 17, 18, 19, 20, 21, 22, 23, 24, 25, 26] | covers DB 26 ? True
  the units' claim prefixes present anywhere? {'DV27': 0, 'DV27A': 0, 'DV27B': 0, 'DV26': 0, 'DV28': 0}
  existing manifests deu_27*: [] | ledgers deu_*: ['deu_01_03_devarim_2026-09-15.md', 'deu_01_03_devarim_exam_2026-09-15.md', 'deu_04_vaetchanan_2026-09-16.md', 'deu_04_vaetchanan_exam_2026-09-16.md', 'deu_05_vaetchanan_2026-09-16.md', 'deu_05_vaetchanan_exam_2026-09-16.md', 'deu_06_vaetchanan_2026-09-17.md', 'deu_06_vaetchanan_exam_2026-09-17.md', 'deu_07_vaetchanan_ekev_2026-09-17.md', 'deu_07_vaetchanan_ekev_exam_2026-09-18.md', 'deu_08_ekev_2026-09-18.md', 'deu_08_ekev_exam_2026-09-19.md', 'deu_09_ekev_2026-09-19.md', 'deu_09_ekev_exam_2026-09-19.md', 'deu_10_ekev_2026-09-19.md', 'deu_10_ekev_exam_2026-09-20.md', 'deu_11_ekev_reeh_2026-09-20.md', 'deu_11_ekev_reeh_exam_2026-09-20.md', 'deu_12_reeh_2026-09-20.md', 'deu_12_reeh_exam_2026-09-20.md', 'deu_13_reeh_2026-09-21.md', 'deu_13_reeh_exam_2026-09-21.md', 'deu_14_reeh_2026-09-21.md', 'deu_14_reeh_exam_2026-09-21.md', 'deu_15_reeh_2026-09-22.md', 'deu_15_reeh_exam_2026-09-23.md', 'deu_16_reeh_shoftim_2026-09-23.md', 'deu_16_reeh_shoftim_exam_2026-09-23.md', 'deu_17_18_shoftim_2026-09-24.md', 'deu_17_18_shoftim_exam_2026-09-24.md', 'deu_19_21_shoftim_ki_teitzei_2026-09-24.md', 'deu_19_21_shoftim_ki_teitzei_exam_2026-09-25.md', 'deu_22_25_ki_teitzei_2026-09-25.md', 'deu_22_25_ki_teitzei_exam_2026-09-26.md']
  unit count and standing (CORPUS_TRUTH literals): []
==== H. THE STORE'S GLOSSES on chapter 27
  gloss Counter (the 50 commonest): [('all', 18), ('the-people', 15), ('obj-marker·et', 13), ('and-say', 13), ('execrate', 12), ('sure', 12), ('which', 9), ('God-you/your', 8), ('YHWH', 7), ('Israel', 4), ('the-day', 4), ('to', 4), ('to-you/your', 4), ('the-this', 4), ('father-him/its', 4), ('lie-down', 4), ('with', 4), ('Moses', 3), ('to-say', 3), ('?', 3), ('the-Jordan', 3), ('stone', 3), ('obj-marker·et-them/their', 3), ('word/thing', 3), ('the-precept', 3), ('altar', 3), ('to-YHWH', 3), ('over', 3), ('and-command', 2), ('command', 2), ('obj-marker·et-you/your (pl)', 2), ('and-be', 2), ('in-day', 2), ('the-earth', 2), ('set', 2), ('and-plaster', 2), ('in-lime', 2), ('and-grave', 2), ('over-them/their', 2), ('in-pass-over-you/your (pl)', 2), ('arise', 2), ('the-stone', 2), ('in-mountain', 2), ('Ebal', 2), ('there', 2), ('not', 2), ('the-Levite', 2), ('and-hear', 2), ('stand', 2), ('and-eye', 2)]
  gloss file bytes 9678
  overrides already for Deut.27: [] | by_ref last Deut.26 line: []
==== I. THE SPINE ON THE CHAPTER — the Sifrei piskaot whose head is in chapter 27 (the spine on the chapter a nineteenth time — NONE: no piska heads here), whole
  SPINE (computed from the heads): [] | contiguous? True | the heads by verse: [] | the heads before and after: {}
  rows per piska (HE, EN): {} | total HE rows 0 | HE == EN everywhere? True
  spine file bytes 0 | bytes per piska HE+EN: {}
  prior reads among the spine rows (any ledger): []
  the spine rows citing a verse of chapter 27 in the Hebrew (p, r, the export verses): []
  the spine rows' own Hebrew citations (book, chapter, verse) by row: []
  the spine rows' English citations by row: []
  the spine rows with NO citation in either file: []
  NO portion edge inside the chapter (Ki Tavo 26:1-29:8 holds it whole) — NO SPINE PISKA HEADS IN CHAPTER 27 (the Sifrei runs 303 on 26:15 to 304 on 31:14): the heads by verse (none) and every verse without a head: [] [1, 2, 3, 4, 5, 6, 7, 8, 9, 10, 11, 12, 13, 14, 15, 16, 17, 18, 19, 20, 21, 22, 23, 24, 25, 26]
