==== A0. THE TWO DIVISIONS — the export's chapter 28 against the DB's
  DB verses 69 | export verses HE 69 EN 69 | per-chapter export lengths vs DB, chapters 1-28: [(5, 30, 33)]
  the alignment cost 37 | export verses mapped to MORE THAN ONE DB verse: {}
  the offset per export verse (DB minus export, the first DB verse of each): Counter({0: 69}) | the runs: [(1, 1, 1), (16, 16, 16), (17, 17, 17), (18, 18, 18), (19, 19, 19), (30, 30, 30)]
  the shared export verse against its DB verses (tokens, negations): []
==== A. THE SHELF BY POSITION — the Sifrei on Deuteronomy around chapter 28
  piskaot 357 357 rows 2357 2357
  heads 290-310 (HE first citation | rows | EN first quote):
   290 head (25, 8) | HE rows  4 EN rows  4 | 'Then the elders of his city shall summon him'
   291 head (25, 9) | HE rows  9 EN rows  9 | 'Then, his widowed sister-in-lawshall approach him before the'
   292 head (25, 11) | HE rows  5 EN rows  5 | 'When men struggle together'
   293 head (25, 12) | HE rows  2 EN rows  2 | 'And you shall cut off her hand'
   294 head (25, 13) | HE rows  9 EN rows  9 | 'You shall not have in your pouch stone-weights,one heavy sto'
   295 head None | HE rows  4 EN rows  4 | 'So that you may extend your days'
   296 head (25, 17) | HE rows  9 EN rows  9 | 'Remember'
   297 head (26, 1) | HE rows 10 EN rows 10 | 'Now it shall be, when you enter the Land'
   298 head None | HE rows  3 EN rows  3 | 'And place it in a basket'
   299 head None | HE rows  4 EN rows  4 | 'And you shall say to him'
   300 head (26, 4) | HE rows  2 EN rows  2 | 'Then the Priest will take the basket from your hand'
   301 head (26, 5) | HE rows 37 EN rows 37 | 'Then you should respond, saying'
   302 head (26, 12) | HE rows  1 EN rows  1 | 'When you have ended51Heb: techaleh; root: ch-l-h, “to make a'
   303 head None | HE rows 20 EN rows 20 | 'And you shall give it to the Levite, the migrant, the father'
   304 head (31, 14) | HE rows  2 EN rows  2 | 'And HASHEM said to Moses:Indeed, your days are dwindling dow'
   305 head None | HE rows  6 EN rows  6 | 'Then HASHEM said to Moses:Take for yourself Joshua b. Nun, a'
   306 head (32, 1) | HE rows 37 EN rows 37 | 'Lend an ear, Heavens, and let me speak!'
   307 head (32, 4) | HE rows 15 EN rows 15 | 'The Rock'
   308 head (32, 5) | HE rows  4 EN rows  4 | 'Is the destruction His own? No!The flaw lies in His children'
   309 head (32, 6) | HE rows  7 EN rows  7 | 'Is this how you repay HASHEM?'
   310 head (32, 7) | HE rows  8 EN rows  8 | 'Remember the days of yore'
  heads whose chapter is 28 : [] | heads by chapter 1-28: [(1, 24), (3, 4), (6, 6), (11, 21), (12, 20), (13, 14), (14, 14), (15, 16), (16, 19), (17, 16), (18, 16), (19, 10), (20, 14), (21, 17), (22, 22), (23, 22), (24, 16), (25, 10), (26, 4), (31, 1), (32, 36), (33, 14), (34, 1)]
  HE rows citing Deut 28 (the export's verse → the DB's): 15 [(40, 10, 8, [8]), (40, 10, 3, [3]), (40, 10, 5, [5]), (40, 10, 6, [6]), (40, 11, 20, [20]), (40, 11, 16, [16]), (40, 11, 17, [17]), (40, 11, 19, [19]), (40, 12, 12, [12]), (42, 8, 48, [48]), (43, 28, 23, [23]), (116, 1, 3, [3]), (148, 7, 14, [14]), (306, 4, 12, [12]), (306, 6, 12, [12])]
  EN rows citing Deut 28 : 17 [(40, 10, 8, [8]), (40, 10, 3, [3]), (40, 10, 5, [5]), (40, 10, 6, [6]), (40, 11, 20, [20]), (40, 11, 16, [16]), (40, 11, 17, [17]), (40, 11, 19, [19]), (40, 12, 12, [12]), (42, 8, 48, [48]), (43, 28, 23, [23]), (104, 8, 69, [69]), (104, 8, 1, [1]), (116, 1, 3, [3]), (148, 7, 14, [14]), (306, 4, 12, [12]), (306, 6, 12, [12])]
  EN "ibid 28:n" candidates: 0
  the union of rows (both files): 10 [(40, 10), (40, 11), (40, 12), (42, 8), (43, 28), (104, 8), (116, 1), (148, 7), (306, 4), (306, 6)]
  the rows OUTSIDE the spine piskaot (the union less the on-chapter piskaot none - none ): 10 [(40, 10), (40, 11), (40, 12), (42, 8), (43, 28), (104, 8), (116, 1), (148, 7), (306, 4), (306, 6)] | in-spine rows of the union: 0
  outside rows file bytes 20022
==== B. ONKELOS chapter 28 and the DB (the dump per DB verse; a shared export row printed at its first DB verse)
  the store's chapter 28 verses 69 | verses whose store token count differs from the DB: [(28, 27, 12, 11), (28, 30, 15, 14)]
  token count chapter 28 : 994
  onkelos dump bytes 85637
==== C. THE PARSER on every verse of chapter 28
  28:7   N [1, 7]                   O []             marked []
  28:25  N [1, 7]                   O []             marked []
  28:55  N [1]                      O []             marked []
  28:63  N [6]                      O []             marked []
  number-word tokens present per verse (the bare check against the parser): {'28:7': ['אחד'], '28:9': ['נשבע'], '28:11': ['נשבע'], '28:25': ['אחד'], '28:55': ['לאחד'], '28:63': ['שש']}
  28:1 tokens: ['והיה', 'אם', 'שמוע', 'תשמע', 'בקול', 'יהוה', 'אלהיך', 'לשמר', 'לעשות', 'את', 'כל', 'מצותיו', 'אשר', 'אנכי', 'מצוך', 'היום', 'ונתנך', 'יהוה', 'אלהיך', 'עליון', 'על', 'כל', 'גויי', 'הארץ']
  28:7 tokens: ['יתן', 'יהוה', 'את', 'איביך', 'הקמים', 'עליך', 'נגפים', 'לפניך', 'בדרך', 'אחד', 'יצאו', 'אליך', 'ובשבעה', 'דרכים', 'ינוסו', 'לפניך']
  28:9 tokens: ['יקימך', 'יהוה', 'לו', 'לעם', 'קדוש', 'כאשר', 'נשבע', 'לך', 'כי', 'תשמר', 'את', 'מצות', 'יהוה', 'אלהיך', 'והלכת', 'בדרכיו']
  28:11 tokens: ['והותרך', 'יהוה', 'לטובה', 'בפרי', 'בטנך', 'ובפרי', 'בהמתך', 'ובפרי', 'אדמתך', 'על', 'האדמה', 'אשר', 'נשבע', 'יהוה', 'לאבתיך', 'לתת', 'לך']
  28:25 tokens: ['יתנך', 'יהוה', 'נגף', 'לפני', 'איביך', 'בדרך', 'אחד', 'תצא', 'אליו', 'ובשבעה', 'דרכים', 'תנוס', 'לפניו', 'והיית', 'לזעוה', 'לכל', 'ממלכות', 'הארץ']
  28:55 tokens: ['מתת', 'לאחד', 'מהם', 'מבשר', 'בניו', 'אשר', 'יאכל', 'מבלי', 'השאיר', 'לו', 'כל', 'במצור', 'ובמצוק', 'אשר', 'יציק', 'לך', 'איבך', 'בכל', 'שעריך']
  28:63 tokens: ['והיה', 'כאשר', 'שש', 'יהוה', 'עליכם', 'להיטיב', 'אתכם', 'ולהרבות', 'אתכם', 'כן', 'ישיש', 'יהוה', 'עליכם', 'להאביד', 'אתכם', 'ולהשמיד', 'אתכם', 'ונסחתם', 'מעל', 'האדמה', 'אשר', 'אתה', 'בא', 'שמה', 'לרשתה']
  28:69 tokens: ['אלה', 'דברי', 'הברית', 'אשר', 'צוה', 'יהוה', 'את', 'משה', 'לכרת', 'את', 'בני', 'ישראל', 'בארץ', 'מואב', 'מלבד', 'הברית', 'אשר', 'כרת', 'אתם', 'בחרב']
==== D. CASE TOKENS, FRAMES, REGISTER, NAMES
  case tokens (כי "when/for" / אם "if" / ואם / או "or" / פן "lest"): {'28:1': ['אם'], '28:2': ['כי'], '28:9': ['כי'], '28:10': ['כי'], '28:13': ['כי'], '28:15': ['אם'], '28:38': ['כי'], '28:39': ['כי'], '28:40': ['כי'], '28:41': ['כי'], '28:45': ['כי'], '28:57': ['כי'], '28:58': ['אם'], '28:62': ['כי']}
  divine frames (ויאמר/וידבר + יהוה): []
  לאמר "saying" seats: []
  narrative-form verbs (V.w) per verse: {}
  first-person verb forms (1cs / 1cp) per verse: {20: [('עזבתני', 'HVqp2ms/Sp1cs')], 68: [('אמרתי', 'HVqp1cs')]}
  imperatives (Vq.v / Vp.v / Vh.v) per verse: {}
  prohibitions לא + imperfect (the ten's form) per verse: {12: [('תלוה', 'HVqi2ms')], 13: [('תהיה', 'HVqi2ms')], 14: [('תסור', 'HVqi2ms')], 15: [('תשמע', 'HVqi2ms')], 27: [('תוכל', 'HVqi2ms')], 29: [('תצליח', 'HVhi2ms')], 30: [('תשב', 'HVqi2ms'), ('תחללנו', 'HVpi2ms/Sp3ms')], 31: [('תאכל', 'HVqi2ms'), ('ישוב', 'HVqi3ms')], 33: [], 35: [('תוכל', 'HVqi2ms')], 36: [], 39: [('תשתה', 'HVqi2ms'), ('תאגר', 'HVqi2ms')], 40: [('תסוך', 'HVqi2ms')], 41: [('יהיו', 'HVqi3mp')], 44: [('תלונו', 'HVhi2ms/Sp3ms')], 45: [], 47: [], 49: [('תשמע', 'HVqi2ms')], 50: [('ישא', 'HVqi3ms'), ('יחן', 'HVqi3ms')], 51: [('ישאיר', 'HVhi3ms')], 56: [], 58: [('תשמר', 'HVqi2ms')], 61: [], 62: [], 64: [], 65: [('תרגיע', 'HVhi2ms'), ('יהיה', 'HVqi3ms')], 66: [('תאמין', 'HVhi2ms')], 68: [('תסיף', 'HVhi2ms')]}
  name tokens (Np): {1: ['יהוה', 'יהוה'], 2: ['יהוה'], 4: ['ועשתרות'], 7: ['יהוה'], 8: ['יהוה', 'יהוה'], 9: ['יהוה', 'נשבע', 'יהוה'], 10: ['יהוה', 'נקרא'], 11: ['יהוה', 'נשבע', 'יהוה'], 12: ['יהוה'], 13: ['יהוה', 'יהוה'], 15: ['יהוה'], 18: ['ועשתרות'], 20: ['יהוה'], 21: ['יהוה'], 22: ['יהוה'], 24: ['יהוה'], 25: ['יהוה'], 27: ['יהוה', 'מצרים'], 28: ['יהוה'], 35: ['יהוה'], 36: ['יהוה'], 37: ['יהוה'], 45: ['יהוה'], 47: ['יהוה'], 48: ['יהוה'], 49: ['יהוה'], 51: ['ועשתרת'], 52: ['יהוה'], 53: ['יהוה'], 58: ['יהוה'], 59: ['יהוה'], 60: ['מצרים'], 61: ['יהוה'], 62: ['יהוה'], 63: ['יהוה', 'יהוה'], 64: ['יהוה'], 65: ['יהוה'], 68: ['יהוה', 'מצרים'], 69: ['יהוה', 'משה', 'ישראל', 'מואב', 'בחרב']}
  second-person plural vs singular (2mp / 2ms tokens per verse): {1: (0, 5), 2: (0, 4), 3: (0, 2), 4: (0, 5), 5: (0, 2), 6: (0, 4), 7: (0, 5), 8: (0, 5), 9: (0, 4), 10: (0, 2), 11: (0, 5), 12: (0, 6), 13: (0, 6), 14: (1, 1), 15: (0, 5), 16: (0, 2), 17: (0, 2), 18: (0, 4), 19: (0, 4), 20: (0, 7), 21: (0, 3), 22: (0, 3), 23: (0, 3), 24: (0, 2), 25: (0, 5), 26: (0, 1), 27: (0, 2), 28: (0, 1), 29: (0, 4), 30: (0, 5), 31: (0, 8), 32: (0, 4), 33: (0, 4), 34: (0, 3), 35: (0, 4), 36: (0, 8), 37: (0, 2), 38: (0, 2), 39: (0, 4), 40: (0, 4), 41: (0, 1), 42: (0, 2), 43: (0, 4), 44: (0, 5), 45: (0, 5), 46: (0, 2), 47: (0, 2), 48: (0, 3), 49: (0, 2), 50: (0, 0), 51: (0, 5), 52: (0, 9), 53: (0, 8), 54: (0, 1), 55: (0, 3), 56: (0, 1), 57: (0, 3), 58: (0, 2), 59: (0, 2), 60: (0, 2), 61: (0, 1), 62: (2, 2), 63: (7, 1), 64: (0, 5), 65: (0, 3), 66: (0, 5), 67: (0, 6), 68: (1, 4), 69: (0, 0)}
==== E. THE REGISTER GATE on Deut 28
  dispositions naming Deut 28: ["  # Deut 12:1: THE DEUTERONOMY WALK 11b (2026-09-21) | the footer's EMPTY declaration REMOVED at chapter 13's compile — its block (Deut 12:1, Deut 28:69] now holds law_seducers given_at Deut 13:1 (the first law given inside 12:2-28:69, as 10b's why foresaw: 'chapter 13's the first candidate'); the class DAEMONS is GREEN and the gate's rule refuses a declared green as STALE — the declaration goes — and the footer at 28:69's on the SAME block with it (the chain's first pass demanded it, removed at the tail): DECLARED 100 -> 98; the receipt at 12:21 without the Name still unseen by the finder (the fourth shape OWED to a gate sitting)", "  # Deut 28:69: THE DEUTERONOMY WALK 11b (2026-09-21) | the footer's EMPTY declaration REMOVED at the tail of chapter 13's compile — the chain's first pass: 'footers Deut 28:69: STALE — declared EMPTY, the world now says DAEMONS (remove the declaration)': the footer SHARES THE BLOCK (Deut 12:1, Deut 28:69] with the header at 12:1 (its declaration removed at the types), and law_seducers given_at Deut 13:1 turned both seats DAEMONS — the gate's print footers {'DAEMONS': 8, 'EMPTY': 1} (Deut 1:1 the one EMPTY left); register_probes' EMPTY count retyped 3 -> 1 from the same print"]
  REGISTER_INDEX lines on Deut 28:
       Deut 12:1   DAEMONS       green    HEADER statutes stamp none block (Deut 12:1, Deut 28:69] daemons 7 {'boot': 7} | law_seducers@Deut 13:1 law_food_tithe@Deut 14:1 law_release_firstborn@Deut 15:1 law_festivals_judges@
       Deut 28:69  DAEMONS       green    FOOTER words stamp moab block (Deut 12:1, Deut 28:69] daemons 7 {'boot': 7} | law_seducers@Deut 13:1 law_food_tithe@Deut 14:1 law_release_firstborn@Deut 15:1 law_festivals_judges@Deu
==== F. THE PRIOR READS
  ledgers with an Onkelos Deut 28 row: []
  prior Sifrei Devarim rows anywhere (strict form), those among the outside rows: [('deu_06_vaetchanan_2026-09-17.md', 104, 8), ('deu_08_ekev_2026-09-18.md', 40, 10), ('deu_11_ekev_reeh_2026-09-20.md', 40, 10), ('deu_11_ekev_reeh_2026-09-20.md', 40, 11), ('deu_11_ekev_reeh_2026-09-20.md', 40, 12), ('deu_11_ekev_reeh_2026-09-20.md', 42, 8), ('deu_11_ekev_reeh_2026-09-20.md', 43, 28), ('deu_11_ekev_reeh_2026-09-20.md', 306, 4), ('deu_11_ekev_reeh_2026-09-20.md', 306, 6), ('deu_14_reeh_2026-09-21.md', 104, 8), ('deu_15_reeh_2026-09-22.md', 116, 1), ('deu_17_18_shoftim_2026-09-24.md', 148, 7)] | all prior rows count 2018
  ledgers NAMING a verse of Deut 28: 11
    ('deu_01_03_devarim_exam_2026-09-15.md', 1, ['Deuteronomy 28:39'])
    ('gen_19_the_remembering_2026-08-25.md', 1, ['Deuteronomy 28:65'])
    ('gen_35_sodom_overthrow_cave_2026-08-28.md', 1, ['Deuteronomy 28:12'])
    ('gen_51_opened_womb_twelve_names_2026-08-27.md', 1, ['Deuteronomy 28:12'])
    ('gen_64_pharaoh_dreams_rise_2026-08-28.md', 1, ['Deuteronomy 28:13'])
    ('num_15_offerings_laws_2026-09-10.md', 1, ['Deut 28:69'])
    ('num_16_korach_2026-09-10.md', 2, ['Deut 28:44'])
    ('num_17_plague_staff_2026-09-10.md', 3, ['Deut 28:43'])
    ('num_23_oracles_1_2_2026-09-11.md', 3, ['Deut 28:37', 'Deuteronomy 28:37'])
    ('num_24_oracles_3_4_2026-09-11.md', 1, ['Deut 28:37'])
    ('num_36_heiresses_2026-09-09.md', 2, ['Deut 28:21', 'Deut 28:60'])
  ledgers with an Onkelos Lev 26 / Exod 23 / Exod 15 / Exod 9 / Deut 7 / Deut 11 / Deut 4 row (the kin's reading — THE BLESSINGS AND THE CURSES Leviticus 26:3-45 for 28:1-68; the bread and the water and the barren Exodus 23:25-26 for 28:4-5; the diseases of Egypt Exodus 15:26 and the boils 9:9 for 28:27, 60; the rain and the heavens 11:13-17 and 7:12-15 for 28:12, 23-24; the scattering and the return 4:25-31 for 28:64): ['deu_04_vaetchanan_2026-09-16.md', 'deu_07_vaetchanan_ekev_2026-09-17.md', 'deu_11_ekev_reeh_2026-09-20.md', 'exo_23_escort_land_2026-09-01.md', 'exo_23_justice_calendar_2026-09-01.md', 'lev_25_slave_jubilee_2026-09-05.md', 'lev_26_blessings_curses_2026-09-05.md'] | ledgers with an Onkelos row of the Prophets (never read ahead — expected none): []
==== G. THE DRAFTS
  deu_27_ebal_curses: refs 27:1-26; steps (27, 1)..(27, 26) n=26; draft True; operators False; depends_on ['    - "deu_26_bikkurim_close"\n    - "deu_11_bless_curse_set"\n']; scenarios 33; binary_trees True; step E False; comment lines 30
  deu_28_blessings: refs 28:1-14; steps (28, 1)..(28, 14) n=14; draft True; operators False; depends_on ['    - "deu_27_ebal_curses"\n    - "lev_26_bless_curse"\n']; scenarios 21; binary_trees True; step E False; comment lines 18
    the step verses: [1, 2, 3, 4, 5, 6, 7, 8, 9, 10, 11, 12, 13, 14] | covers DB 69 ? False
  deu_28_curses_a: refs 28:15-44; steps (28, 15)..(28, 44) n=30; draft True; operators False; depends_on ['    - "deu_28_blessings"\n']; scenarios 37; binary_trees True; step E False; comment lines 34
    the step verses: [15, 16, 17, 18, 19, 20, 21, 22, 23, 24, 25, 26, 27, 28, 29, 30, 31, 32, 33, 34, 35, 36, 37, 38, 39, 40, 41, 42, 43, 44] | covers DB 69 ? False
  deu_28_curses_b: refs 28:45-69; steps (28, 45)..(28, 69) n=25; draft True; operators False; depends_on ['    - "deu_28_curses_a"\n']; scenarios 32; binary_trees True; step E False; comment lines 29
    the step verses: [45, 46, 47, 48, 49, 50, 51, 52, 53, 54, 55, 56, 57, 58, 59, 60, 61, 62, 63, 64, 65, 66, 67, 68, 69] | covers DB 69 ? False
  the units' claim prefixes present anywhere? {'DV28': 0, 'DV28A': 0, 'DV28B': 0, 'DV27': 0, 'DV29': 0}
  existing manifests deu_28*: [] | ledgers deu_*: ['deu_01_03_devarim_2026-09-15.md', 'deu_01_03_devarim_exam_2026-09-15.md', 'deu_04_vaetchanan_2026-09-16.md', 'deu_04_vaetchanan_exam_2026-09-16.md', 'deu_05_vaetchanan_2026-09-16.md', 'deu_05_vaetchanan_exam_2026-09-16.md', 'deu_06_vaetchanan_2026-09-17.md', 'deu_06_vaetchanan_exam_2026-09-17.md', 'deu_07_vaetchanan_ekev_2026-09-17.md', 'deu_07_vaetchanan_ekev_exam_2026-09-18.md', 'deu_08_ekev_2026-09-18.md', 'deu_08_ekev_exam_2026-09-19.md', 'deu_09_ekev_2026-09-19.md', 'deu_09_ekev_exam_2026-09-19.md', 'deu_10_ekev_2026-09-19.md', 'deu_10_ekev_exam_2026-09-20.md', 'deu_11_ekev_reeh_2026-09-20.md', 'deu_11_ekev_reeh_exam_2026-09-20.md', 'deu_12_reeh_2026-09-20.md', 'deu_12_reeh_exam_2026-09-20.md', 'deu_13_reeh_2026-09-21.md', 'deu_13_reeh_exam_2026-09-21.md', 'deu_14_reeh_2026-09-21.md', 'deu_14_reeh_exam_2026-09-21.md', 'deu_15_reeh_2026-09-22.md', 'deu_15_reeh_exam_2026-09-23.md', 'deu_16_reeh_shoftim_2026-09-23.md', 'deu_16_reeh_shoftim_exam_2026-09-23.md', 'deu_17_18_shoftim_2026-09-24.md', 'deu_17_18_shoftim_exam_2026-09-24.md', 'deu_19_21_shoftim_ki_teitzei_2026-09-24.md', 'deu_19_21_shoftim_ki_teitzei_exam_2026-09-25.md', 'deu_22_25_ki_teitzei_2026-09-25.md', 'deu_22_25_ki_teitzei_exam_2026-09-26.md']
  unit count and standing (CORPUS_TRUTH literals): []
==== H. THE STORE'S GLOSSES on chapter 28
  gloss Counter (the 50 commonest): [('which', 45), ('YHWH', 41), ('not', 22), ('obj-marker·et', 21), ('to-you/your', 20), ('all', 19), ('and-be', 14), ('God-you/your', 13), ('you', 13), ('and-not', 12), ('that', 11), ('until', 11), ('over-you/your', 10), ('set', 9), ('in-all', 9), ('hear', 8), ('the-earth', 8), ('in-you/your', 8), ('the-day', 7), ('be', 7), ('over', 6), ('nation', 6), ('ground-you/your', 6), ('hating-you/your', 6), ('in-voice/sound', 5), ('fruit', 5), ('and-fruit', 5), ('obj-marker·et-you/your (pl)', 5), ('hinder', 5), ('desolate-you/your', 5), ('and-there-is-not', 5), ('to-keep/guard', 4), ('?', 4), ('command-you/your', 4), ('bless', 4), ('belly-you/your', 4), ('flock-you/your', 4), ('hand-you/your', 4), ('like-as/which', 4), ('the-heavens', 4), ('earth-you/your', 4), ('and-you', 4), ('execrate', 4), ('obj-marker·et-you/your', 4), ('strike-you/your', 4), ('and-work/serve', 4), ('there', 4), ('the-this', 4), ('if', 3), ('to-make', 3)]
  gloss file bytes 31294
  overrides already for Deut.28: [] | by_ref last Deut.27 line: []
==== I. THE SPINE ON THE CHAPTER — the Sifrei piskaot whose head is in chapter 28 (the spine on the chapter a twentieth time — NONE: no piska heads here), whole
  SPINE (computed from the heads): [] | contiguous? True | the heads by verse: [] | the heads before and after: {}
  rows per piska (HE, EN): {} | total HE rows 0 | HE == EN everywhere? True
  spine file bytes 0 | bytes per piska HE+EN: {}
  prior reads among the spine rows (any ledger): []
  the spine rows citing a verse of chapter 28 in the Hebrew (p, r, the export verses): []
  the spine rows' own Hebrew citations (book, chapter, verse) by row: []
  the spine rows' English citations by row: []
  the spine rows with NO citation in either file: []
  NO portion edge inside the chapter (Ki Tavo 26:1-29:8 holds it whole; the Hebrew's 28:69 is the English's 29:1 — A0 measured the export) — NO SPINE PISKA HEADS IN CHAPTER 28: the heads by verse (none) and every verse without a head: [] [1, 2, 3, 4, 5, 6, 7, 8, 9, 10, 11, 12, 13, 14, 15, 16, 17, 18, 19, 20, 21, 22, 23, 24, 25, 26, 27, 28, 29, 30, 31, 32, 33, 34, 35, 36, 37, 38, 39, 40, 41, 42, 43, 44, 45, 46, 47, 48, 49, 50, 51, 52, 53, 54, 55, 56, 57, 58, 59, 60, 61, 62, 63, 64, 65, 66, 67, 68, 69]
