assembled bytes 136800 | paragraphs 31 | lint rc 1 | FLAG  va-chomer                ...the reading's ink argues qal va-chomer by its own words: if while I live you r...
gloss_lint: 1 flag(s)
  para 533 '## Sitting 19b — THE COMPILE OF CHAPTERS 29-31, Deuteronomy 29:1-31:30'
  para 7276 "THE FORM (the lean pass; 18b's shape over three chapters read for thre"
  para 11082 'THE RECON (ch29b_recon.out — every number read there): THE TAPE at RUN'
  para 5452 "THE FINDS THE COMPILE STANDS ON (the reading's ledger, its seventeen c"
  para 307 "\nTHE CELLS — the runner's functions, every one WRAPPED by law_covenant"
  para 1865 'F1 THE MOAB RECITAL (29:1-8) — ONE LINE moab_recital_declared (STATUTE'
  para 3028 'F2 THE COVENANT AND THE OATH (29:9-14) — ONE LINE covenant_oath_entere'
  para 3671 "F3 THE INDIVIDUAL'S CURSE (29:15-20) — ONE LINE hidden_idolater_curse_"
  para 3805 "F4 THE LAND'S DESOLATION (29:21-27) — ONE LINE land_desolation_answer_"
  para 1586 'F5 THE HIDDEN AND THE REVEALED (29:28) — ONE LINE hidden_and_revealed_'
  para 3867 'F6 THE RETURN AND THE GATHERING (30:1-5) — ONE LINE return_and_gatheri'
  para 3680 'F7 THE HEART CIRCUMCISED (30:6-10) — ONE LINE heart_circumcised_declar'
  para 1930 'F8 THE COMMANDMENT NEAR (30:11-14) — ONE LINE commandment_near_declare'
  para 4848 'F9 LIFE AND DEATH (30:15-20) — ONE LINE life_and_death_choice_declared'
  para 7166 'F10 THE CHARGE AND THE CROSSING (31:1-8) — ONE LINE crossing_charge_de'
  para 9196 'F11 THE LAW WRITTEN AND THE HAKHEL (31:9-13) — ONE LINE law_written_gi'
  para 7650 'F12 THE TENT AND THE COMMISSION (31:14-15, 31:23) — ONE LINE tent_summ'
  para 4543 'F13 THE APOSTASY FORETOLD (31:16-18) — ONE LINE apostasy_and_hidden_fa'
  para 5394 'F14 THE SONG COMMANDED (31:19-22) — ONE LINE song_witness_commanded (S'
  para 8311 'F15 THE BOOK BESIDE THE ARK AND THE ASSEMBLY (31:24-30) — ONE LINE boo'
  para 7814 'THE READBACK ON THESE CHAPTERS — THE FORMS ON FILE, NO NEW FORM: seven'
  para 4375 'THE MARKER — THE ONE DATE THE CHAPTERS SET, the first marker of the wa'
  para 2806 '\nTHE PARAMETERS (the data channel, every one from the answer sheet or '
  para 6300 'THE EFFECTS (effect_vocabulary.yaml): 59 NEW — 31 STATUSES (covenant_w'
  para 6039 'THE KIN BY CALL — THE TWO QUESTIONS ASKED (reference or transfer; taug'
  para 1892 "THE PREDICTION'S ARITHMETIC: RUN = (1403 + 20, 96 + 0, 88 + F, 0, 12, "
  para 4239 'THE CHECKPOINTS DM1-DM5 (the D series at its thirteenth name; the lean'
  para 2219 "THE PROBES (the FIRST step after this design — 7b's lesson 2): readbac"
  para 2634 'THE ORDER: this design -> the probe Q48 to FAIL (patch_probes_ch29.py)'
  para 1664 "THE DEBT (the lean-pass box's line at the tail): the docket whole (Sot"
the map's newest header: ## Sitting 19 — CHAPTERS 29-31 — AS BUILT — LEAN (2026-09-27; the design above stands as  | map bytes 1904581
CHECK ONLY — pass --write to append
