israel_people rows in the one database: 548 | all distinct rows: 1895 | chapters 29-31 present: 53 ['abounding_in_fruit_of_body_cattle_ground', 'be_strong_and_courageous_commanded', 'book_a_witness_against_israel', 'brought_into_the_fathers_land_again', 'captivity_returned_on_return', 'choose_life_commanded'] ...
==== A. THE RUNNERS' HOLE SCANS (ledger_scan on israel_people by a WORDS pattern) ====
 TRIPS  blessing_and_curse RAIN_WORDS     hits 9, excluded 0, survivors ['blessing_and_curse_set', 'gerizim_ebal_ceremony_owed', 'heavens_good_treasure_opened', 'heavens_shut_for_turning', 'rain_in_its_season', 'rain_turned_to_dust', 'six_tribes_on_ebal_for_the_curse', 'six_tribes_on_gerizim_to_bless', 'yoke_of_the_commandments_accepted']
 TRIPS  courts_prophet     HOLE_WORDS     hits 37, excluded 0, survivors ['abominations_learning_barred', 'augur_barred', 'blemished_offering_barred', 'charmer_barred', 'diviner_barred', 'equal_portions_commanded', 'false_prophet_fear_barred', 'false_word_test_declared', 'familiar_spirit_barred', 'first_fleece_owed', 'foreign_king_barred', 'ghost_consulting_barred', 'heart_lifting_barred', 'high_court_at_the_place_commanded', 'horses_multiplying_barred', 'idolater_inquiry_required', 'king_from_the_brothers_commanded', 'law_copy_commanded', 'levite_service_at_the_place_permitted', 'necromancer_barred', 'one_witness_barred', 'passing_through_fire_barred', 'priests_standing_chosen', 'prophet_hearkening_commanded', 'prophet_like_moses_promised', 'return_to_egypt_barred', 'sentence_binding_commanded', 'shoulder_cheeks_maw_owed', 'silver_and_gold_multiplying_barred', 'soothsayer_barred', 'sorcerer_barred', 'turning_from_the_word_barred', 'two_witnesses_required', 'wholeness_commanded', 'witnesses_hand_first_commanded', 'wives_multiplying_barred', 'word_required_of_the_hearer']
 TRIPS  festivals_judges   HOLE_WORDS     hits 15, excluded 0, survivors ['asherah_beside_the_altar_barred', 'booths_at_the_place_commanded', 'empty_appearance_barred', 'flesh_till_morning_barred', 'judges_and_officers_commanded', 'judgment_wresting_barred', 'justice_pursuit_commanded', 'leaven_with_the_passover_barred', 'passover_at_the_place_commanded', 'passover_in_the_gates_barred', 'person_respecting_barred', 'pillar_barred', 'seventh_day_assembly_commanded', 'three_pilgrimages_commanded', 'weeks_at_the_place_commanded']
 ok     firstfruits_ebal_curses HOLE_WORDS     hits 0, excluded 0, survivors []
 TRIPS  food_tithe         FOOD_WORDS     hits 5, excluded 0, survivors ['abomination_eating_barred', 'carcass_eating_barred', 'cuttings_for_the_dead_barred', 'poor_tithe_owed', 'second_tithe_owed']
 TRIPS  not_righteousness  STIFF_WORDS    hits 5, excluded 0, survivors ['book_a_witness_against_israel', 'elders_hands_washed_commanded', 'heifer_neck_broken_commanded', 'iron_yoke_on_neck', 'stiffening_barred']
 TRIPS  persons_poor_court HOLE_WORDS     hits 81, excluded 0, survivors ['adulterers_death_commanded', 'amalek_forgetting_barred', 'amalek_memory_blotting_commanded', 'amalek_remembrance_commanded', 'ammon_moab_barred_forever', 'ammon_moab_peace_barred', 'betrothed_girl_city_field_declared', 'bill_of_divorce_commanded', 'brother_degradation_barred', 'camp_evil_thing_guarded', 'camp_holiness_required', 'camp_latrine_commanded', 'court_justification_commanded', 'cross_dressing_barred', 'crushed_barred_from_assembly', 'cult_prostitution_barred', 'diverse_measures_barred', 'diverse_weights_barred', 'divorced_wife_remarriage_permitted', 'edom_egypt_third_generation_admitted', 'escaped_slave_return_barred', 'fallen_beast_raising_commanded', 'fathers_for_sons_death_barred', 'fathers_wife_barred', 'fathers_wife_lier_cursed', 'first_husband_retaking_barred', 'firstborn_on_dead_name_commanded', 'forbidden_union_offspring_barred', 'forgotten_sheaf_commanded', 'hand_cutting_pity_barred', 'harlots_hire_dogs_price_barred', 'hiding_from_lost_thing_barred', 'hireling_oppression_barred', 'hireling_wage_same_day_commanded', 'house_bloodguilt_barred', 'house_of_unshod_named', 'interest_to_brother_barred', 'interest_to_foreigner_permitted', 'kidnapper_death_commanded', 'laborer_eating_permitted', 'laborer_vessel_barred', 'land_caused_to_sin_barred', 'lashes_by_number_commanded', 'lashes_forty_cap_declared', 'leprosy_priests_teaching_commanded', 'levirate_marriage_commanded', 'lips_utterance_binding', 'lost_thing_return_commanded', 'millstone_pledge_barred', 'miriam_remembrance_commanded', 'mother_bird_sending_commanded', 'newlywed_year_exemption_commanded', 'nocturnal_unclean_exit_commanded', 'olive_second_beating_barred', 'ox_ass_flock_taken', 'ox_ass_plowing_barred', 'ox_muzzling_barred', 'parapet_commanded', 'pledge_entry_barred', 'poor_mans_pledge_return_commanded', 'rapist_divorce_barred', 'rapist_fifty_commanded', 'refusal_at_gate_declared', 'righteousness_before_the_lord', 'shoe_loosening_rite_declared', 'sickle_swinging_barred', 'slander_fine_commanded', 'slanderer_divorce_barred', 'slave_oppression_barred', 'stranger_orphan_justice_commanded', 'tassels_commanded', 'unchaste_bride_stoning_commanded', 'vineyard_gleaning_barred', 'vineyard_mixed_seed_barred', 'vow_delay_barred', 'vow_refraining_permitted', 'whole_just_weight_commanded', 'widow_outsider_marriage_barred', 'widows_garment_pledge_barred', 'wife_seizing_hand_cut_commanded', 'wool_linen_barred']
 TRIPS  place_name         PLACE_WORDS    hits 10, excluded 0, survivors ['foreign_rite_inquiry_barred', 'high_court_at_the_place_commanded', 'holy_things_in_the_gates_barred', 'levite_forsaking_barred', 'name_erasure_barred', 'passover_at_the_place_commanded', 'place_chosen_required', 'profane_slaughter_permitted', 'rejoicing_before_the_lord_commanded', 'weeks_at_the_place_commanded']
 TRIPS  refuge_war_family  HOLE_WORDS     hits 45, excluded 0, survivors ['abominations_teaching_barred', 'captains_appointed_commanded', 'captive_mourning_month_commanded', 'captive_release_commanded', 'captive_sale_barred', 'captive_wife_permitted', 'corpse_overnight_barred', 'elders_declaration_commanded', 'elders_hands_washed_commanded', 'far_cities_scope_declared', 'fearful_exemption_commanded', 'firstborn_double_portion_commanded', 'firstborn_right_transfer_barred', 'fruit_tree_cutting_barred', 'hanging_after_death_commanded', 'heifer_neck_broken_commanded', 'innocent_blood_atoned', 'innocent_blood_purge_commanded', 'land_defilement_barred', 'land_divided_in_three_commanded', 'landmark_removal_barred', 'manslayer_flight_permitted', 'murderer_extradition_commanded', 'murderer_pity_barred', 'nothing_alive_left_commanded', 'officers_exemptions_commanded', 'peace_call_commanded', 'plotting_witness_talion_commanded', 'priest_war_speech_commanded', 'priests_approach_commanded', 'rebellious_son_seized_commanded', 'rebellious_son_stoning_commanded', 'same_day_burial_commanded', 'siege_males_smitten_commanded', 'siege_works_permitted', 'slain_found_measuring_commanded', 'spoil_permitted', 'talion_pity_barred', 'three_cities_separated_commanded', 'three_more_cities_conditioned', 'tribute_service_commanded', 'two_or_three_witnesses_required', 'war_fear_barred', 'way_prepared_commanded', 'witnesses_inquiry_commanded']
 TRIPS  release_firstborn  HOLE_WORDS     hits 10, excluded 0, survivors ['base_thought_barred', 'debt_release_owed', 'empty_sending_barred', 'exaction_barred', 'firstling_sanctification_commanded', 'firstling_work_and_shearing_barred', 'furnishing_commanded', 'hand_opening_commanded', 'hand_shutting_barred', 'work_of_the_hand_blessed']
 TRIPS  second_tablets     LAW_WORDS      hits 13, excluded 0, survivors ['book_a_witness_against_israel', 'bribe_barred', 'bribe_for_blood_taker_cursed', 'cleaving_commanded', 'devoted_thing_cleaving_barred', 'elders_hands_washed_commanded', 'fear_of_heaven_asked', 'heart_circumcision_commanded', 'heifer_neck_broken_commanded', 'iron_yoke_on_neck', 'love_owed', 'pestilence_cleaving', 'stiffening_barred']
 TRIPS  seducers           SEDUCER_WORDS  hits 5, excluded 0, survivors ['condemned_city_inquiry_required', 'devoted_thing_cleaving_barred', 'false_prophet_fear_barred', 'false_prophet_hearing_barred', 'tested_by_the_lord']
==== B. THE PROBES' AND THE TAPE'S SUBSTRING SCANS (every quoted pattern handed to a ledger/effect scan in readback_probes.py, census_probes.py, register_census.py and cold_run_sequence.py; the values of the new rows searched for each) ====
 TRIPS? readback_probes.py     line 225   entity None           pattern 'commanded'                              -> new rows matched ['be_strong_and_courageous_commanded', 'choose_life_commanded', 'covenant_words_keeping_commanded', 'elders_and_officers_assembled_commanded', 'hakhel_assembly_of_all_commanded', 'hakhel_children_hear_and_learn_commanded']
 TRIPS? readback_probes.py     line 226   entity None           pattern 'blessings_for_hearing'                  -> new rows matched ['living_and_multiplying_for_hearkening']
 TRIPS? readback_probes.py     line 235   entity None           pattern 'commanded'                              -> new rows matched ['be_strong_and_courageous_commanded', 'choose_life_commanded', 'covenant_words_keeping_commanded', 'elders_and_officers_assembled_commanded', 'hakhel_assembly_of_all_commanded', 'hakhel_children_hear_and_learn_commanded']
 TRIPS? readback_probes.py     line 239   entity None           pattern 'other_gods_barred'                      -> new rows matched ['heart_turning_to_other_gods_barred']
 TRIPS? readback_probes.py     line 268   entity None           pattern 'other_gods_barred'                      -> new rows matched ['heart_turning_to_other_gods_barred']
 TRIPS? readback_probes.py     line 268   entity None           pattern 'blessings_for_hearing'                  -> new rows matched ['living_and_multiplying_for_hearkening']
 readback_probes.py: 164 scan seats read, 6 name a new row
 census_probes.py: 0 scan seats read, 0 name a new row
 register_census.py: 0 scan seats read, 0 name a new row
 TRIPS? cold_run_sequence.py   line 3092  entity None           pattern 'israel'                                 -> new rows matched ['book_a_witness_against_israel', 'joshua_to_cross_before_israel', 'life_and_death_set_before_israel', 'song_a_witness_against_israel']
 TRIPS? cold_run_sequence.py   line 3093  entity None           pattern 'moses'                                  -> new rows matched ['corruption_after_moses_death_foretold', 'song_written_and_taught_by_moses']
 TRIPS? cold_run_sequence.py   line 3107  entity None           pattern 'israel'                                 -> new rows matched ['book_a_witness_against_israel', 'joshua_to_cross_before_israel', 'life_and_death_set_before_israel', 'song_a_witness_against_israel']
 TRIPS? cold_run_sequence.py   line 3117  entity None           pattern 'israel'                                 -> new rows matched ['book_a_witness_against_israel', 'joshua_to_cross_before_israel', 'life_and_death_set_before_israel', 'song_a_witness_against_israel']
 TRIPS? cold_run_sequence.py   line 3119  entity None           pattern 'joshua'                                 -> new rows matched ['joshua_to_cross_before_israel']
 TRIPS? cold_run_sequence.py   line 3138  entity None           pattern 'israel'                                 -> new rows matched ['book_a_witness_against_israel', 'joshua_to_cross_before_israel', 'life_and_death_set_before_israel', 'song_a_witness_against_israel']
 TRIPS? cold_run_sequence.py   line 3139  entity None           pattern 'israel'                                 -> new rows matched ['book_a_witness_against_israel', 'joshua_to_cross_before_israel', 'life_and_death_set_before_israel', 'song_a_witness_against_israel']
 TRIPS? cold_run_sequence.py   line 3153  entity None           pattern 'israel'                                 -> new rows matched ['book_a_witness_against_israel', 'joshua_to_cross_before_israel', 'life_and_death_set_before_israel', 'song_a_witness_against_israel']
 TRIPS? cold_run_sequence.py   line 3155  entity None           pattern 'israel'                                 -> new rows matched ['book_a_witness_against_israel', 'joshua_to_cross_before_israel', 'life_and_death_set_before_israel', 'song_a_witness_against_israel']
 TRIPS? cold_run_sequence.py   line 3168  entity None           pattern 'israel'                                 -> new rows matched ['book_a_witness_against_israel', 'joshua_to_cross_before_israel', 'life_and_death_set_before_israel', 'song_a_witness_against_israel']
 TRIPS? cold_run_sequence.py   line 3178  entity None           pattern 'joshua'                                 -> new rows matched ['joshua_to_cross_before_israel']
 TRIPS? cold_run_sequence.py   line 3188  entity None           pattern 'israel'                                 -> new rows matched ['book_a_witness_against_israel', 'joshua_to_cross_before_israel', 'life_and_death_set_before_israel', 'song_a_witness_against_israel']
 TRIPS? cold_run_sequence.py   line 3195  entity None           pattern 'israel'                                 -> new rows matched ['book_a_witness_against_israel', 'joshua_to_cross_before_israel', 'life_and_death_set_before_israel', 'song_a_witness_against_israel']
 TRIPS? cold_run_sequence.py   line 3218  entity None           pattern 'israel'                                 -> new rows matched ['book_a_witness_against_israel', 'joshua_to_cross_before_israel', 'life_and_death_set_before_israel', 'song_a_witness_against_israel']
 TRIPS? cold_run_sequence.py   line 3218  entity None           pattern 'israel'                                 -> new rows matched ['book_a_witness_against_israel', 'joshua_to_cross_before_israel', 'life_and_death_set_before_israel', 'song_a_witness_against_israel']
 TRIPS? cold_run_sequence.py   line 3218  entity None           pattern 'israel'                                 -> new rows matched ['book_a_witness_against_israel', 'joshua_to_cross_before_israel', 'life_and_death_set_before_israel', 'song_a_witness_against_israel']
 TRIPS? cold_run_sequence.py   line 3218  entity None           pattern 'israel'                                 -> new rows matched ['book_a_witness_against_israel', 'joshua_to_cross_before_israel', 'life_and_death_set_before_israel', 'song_a_witness_against_israel']
 TRIPS? cold_run_sequence.py   line 3218  entity None           pattern 'israel'                                 -> new rows matched ['book_a_witness_against_israel', 'joshua_to_cross_before_israel', 'life_and_death_set_before_israel', 'song_a_witness_against_israel']
 TRIPS? cold_run_sequence.py   line 3218  entity None           pattern 'israel'                                 -> new rows matched ['book_a_witness_against_israel', 'joshua_to_cross_before_israel', 'life_and_death_set_before_israel', 'song_a_witness_against_israel']
 TRIPS? cold_run_sequence.py   line 3221  entity None           pattern 'sihon'                                  -> new rows matched ['nations_dispossessed_as_sihon_and_og_promised']
 TRIPS? cold_run_sequence.py   line 3221  entity None           pattern 'sihon'                                  -> new rows matched ['nations_dispossessed_as_sihon_and_og_promised']
 TRIPS? cold_run_sequence.py   line 3227  entity None           pattern 'joshua'                                 -> new rows matched ['joshua_to_cross_before_israel']
 TRIPS? cold_run_sequence.py   line 3227  entity None           pattern 'moses'                                  -> new rows matched ['corruption_after_moses_death_foretold', 'song_written_and_taught_by_moses']
 TRIPS? cold_run_sequence.py   line 3227  entity None           pattern 'moses'                                  -> new rows matched ['corruption_after_moses_death_foretold', 'song_written_and_taught_by_moses']
 TRIPS? cold_run_sequence.py   line 3227  entity None           pattern 'moses'                                  -> new rows matched ['corruption_after_moses_death_foretold', 'song_written_and_taught_by_moses']
 TRIPS? cold_run_sequence.py   line 3228  entity None           pattern 'joshua'                                 -> new rows matched ['joshua_to_cross_before_israel']
 TRIPS? cold_run_sequence.py   line 3229  entity None           pattern 'israel'                                 -> new rows matched ['book_a_witness_against_israel', 'joshua_to_cross_before_israel', 'life_and_death_set_before_israel', 'song_a_witness_against_israel']
 TRIPS? cold_run_sequence.py   line 3229  entity None           pattern 'israel'                                 -> new rows matched ['book_a_witness_against_israel', 'joshua_to_cross_before_israel', 'life_and_death_set_before_israel', 'song_a_witness_against_israel']
 TRIPS? cold_run_sequence.py   line 3241  entity None           pattern 'israel'                                 -> new rows matched ['book_a_witness_against_israel', 'joshua_to_cross_before_israel', 'life_and_death_set_before_israel', 'song_a_witness_against_israel']
 TRIPS? cold_run_sequence.py   line 3248  entity None           pattern 'israel'                                 -> new rows matched ['book_a_witness_against_israel', 'joshua_to_cross_before_israel', 'life_and_death_set_before_israel', 'song_a_witness_against_israel']
 TRIPS? cold_run_sequence.py   line 3248  entity None           pattern 'moses'                                  -> new rows matched ['corruption_after_moses_death_foretold', 'song_written_and_taught_by_moses']
 TRIPS? cold_run_sequence.py   line 3250  entity None           pattern 'israel'                                 -> new rows matched ['book_a_witness_against_israel', 'joshua_to_cross_before_israel', 'life_and_death_set_before_israel', 'song_a_witness_against_israel']
 TRIPS? cold_run_sequence.py   line 3250  entity None           pattern 'israel'                                 -> new rows matched ['book_a_witness_against_israel', 'joshua_to_cross_before_israel', 'life_and_death_set_before_israel', 'song_a_witness_against_israel']
 TRIPS? cold_run_sequence.py   line 3250  entity None           pattern 'moses'                                  -> new rows matched ['corruption_after_moses_death_foretold', 'song_written_and_taught_by_moses']
 TRIPS? cold_run_sequence.py   line 3250  entity None           pattern 'israel'                                 -> new rows matched ['book_a_witness_against_israel', 'joshua_to_cross_before_israel', 'life_and_death_set_before_israel', 'song_a_witness_against_israel']
 TRIPS? cold_run_sequence.py   line 3250  entity None           pattern 'israel'                                 -> new rows matched ['book_a_witness_against_israel', 'joshua_to_cross_before_israel', 'life_and_death_set_before_israel', 'song_a_witness_against_israel']
 TRIPS? cold_run_sequence.py   line 3252  entity None           pattern 'israel'                                 -> new rows matched ['book_a_witness_against_israel', 'joshua_to_cross_before_israel', 'life_and_death_set_before_israel', 'song_a_witness_against_israel']
 TRIPS? cold_run_sequence.py   line 3252  entity None           pattern 'israel'                                 -> new rows matched ['book_a_witness_against_israel', 'joshua_to_cross_before_israel', 'life_and_death_set_before_israel', 'song_a_witness_against_israel']
 TRIPS? cold_run_sequence.py   line 3254  entity None           pattern 'israel'                                 -> new rows matched ['book_a_witness_against_israel', 'joshua_to_cross_before_israel', 'life_and_death_set_before_israel', 'song_a_witness_against_israel']
 TRIPS? cold_run_sequence.py   line 3254  entity None           pattern 'israel'                                 -> new rows matched ['book_a_witness_against_israel', 'joshua_to_cross_before_israel', 'life_and_death_set_before_israel', 'song_a_witness_against_israel']
 TRIPS? cold_run_sequence.py   line 3265  entity None           pattern 'israel'                                 -> new rows matched ['book_a_witness_against_israel', 'joshua_to_cross_before_israel', 'life_and_death_set_before_israel', 'song_a_witness_against_israel']
 TRIPS? cold_run_sequence.py   line 3265  entity None           pattern 'israel'                                 -> new rows matched ['book_a_witness_against_israel', 'joshua_to_cross_before_israel', 'life_and_death_set_before_israel', 'song_a_witness_against_israel']
 TRIPS? cold_run_sequence.py   line 3270  entity None           pattern 'israel'                                 -> new rows matched ['book_a_witness_against_israel', 'joshua_to_cross_before_israel', 'life_and_death_set_before_israel', 'song_a_witness_against_israel']
 TRIPS? cold_run_sequence.py   line 3270  entity None           pattern 'israel'                                 -> new rows matched ['book_a_witness_against_israel', 'joshua_to_cross_before_israel', 'life_and_death_set_before_israel', 'song_a_witness_against_israel']
 TRIPS? cold_run_sequence.py   line 3272  entity None           pattern 'moses'                                  -> new rows matched ['corruption_after_moses_death_foretold', 'song_written_and_taught_by_moses']
 TRIPS? cold_run_sequence.py   line 3279  entity None           pattern 'israel'                                 -> new rows matched ['book_a_witness_against_israel', 'joshua_to_cross_before_israel', 'life_and_death_set_before_israel', 'song_a_witness_against_israel']
 TRIPS? cold_run_sequence.py   line 3279  entity None           pattern 'moses'                                  -> new rows matched ['corruption_after_moses_death_foretold', 'song_written_and_taught_by_moses']
 TRIPS? cold_run_sequence.py   line 3287  entity None           pattern 'israel'                                 -> new rows matched ['book_a_witness_against_israel', 'joshua_to_cross_before_israel', 'life_and_death_set_before_israel', 'song_a_witness_against_israel']
 TRIPS? cold_run_sequence.py   line 3289  entity None           pattern 'israel'                                 -> new rows matched ['book_a_witness_against_israel', 'joshua_to_cross_before_israel', 'life_and_death_set_before_israel', 'song_a_witness_against_israel']
 TRIPS? cold_run_sequence.py   line 3295  entity None           pattern 'israel'                                 -> new rows matched ['book_a_witness_against_israel', 'joshua_to_cross_before_israel', 'life_and_death_set_before_israel', 'song_a_witness_against_israel']
 TRIPS? cold_run_sequence.py   line 3295  entity None           pattern 'israel'                                 -> new rows matched ['book_a_witness_against_israel', 'joshua_to_cross_before_israel', 'life_and_death_set_before_israel', 'song_a_witness_against_israel']
 TRIPS? cold_run_sequence.py   line 3301  entity None           pattern 'moses'                                  -> new rows matched ['corruption_after_moses_death_foretold', 'song_written_and_taught_by_moses']
 TRIPS? cold_run_sequence.py   line 3311  entity None           pattern 'israel'                                 -> new rows matched ['book_a_witness_against_israel', 'joshua_to_cross_before_israel', 'life_and_death_set_before_israel', 'song_a_witness_against_israel']
 TRIPS? cold_run_sequence.py   line 3313  entity None           pattern 'israel'                                 -> new rows matched ['book_a_witness_against_israel', 'joshua_to_cross_before_israel', 'life_and_death_set_before_israel', 'song_a_witness_against_israel']
 TRIPS? cold_run_sequence.py   line 3313  entity None           pattern 'israel'                                 -> new rows matched ['book_a_witness_against_israel', 'joshua_to_cross_before_israel', 'life_and_death_set_before_israel', 'song_a_witness_against_israel']
 TRIPS? cold_run_sequence.py   line 3313  entity None           pattern 'israel'                                 -> new rows matched ['book_a_witness_against_israel', 'joshua_to_cross_before_israel', 'life_and_death_set_before_israel', 'song_a_witness_against_israel']
 TRIPS? cold_run_sequence.py   line 3319  entity None           pattern 'israel'                                 -> new rows matched ['book_a_witness_against_israel', 'joshua_to_cross_before_israel', 'life_and_death_set_before_israel', 'song_a_witness_against_israel']
 TRIPS? cold_run_sequence.py   line 3319  entity None           pattern 'israel'                                 -> new rows matched ['book_a_witness_against_israel', 'joshua_to_cross_before_israel', 'life_and_death_set_before_israel', 'song_a_witness_against_israel']
 TRIPS? cold_run_sequence.py   line 3319  entity None           pattern 'israel'                                 -> new rows matched ['book_a_witness_against_israel', 'joshua_to_cross_before_israel', 'life_and_death_set_before_israel', 'song_a_witness_against_israel']
 TRIPS? cold_run_sequence.py   line 3320  entity None           pattern 'israel'                                 -> new rows matched ['book_a_witness_against_israel', 'joshua_to_cross_before_israel', 'life_and_death_set_before_israel', 'song_a_witness_against_israel']
 TRIPS? cold_run_sequence.py   line 3323  entity None           pattern 'israel'                                 -> new rows matched ['book_a_witness_against_israel', 'joshua_to_cross_before_israel', 'life_and_death_set_before_israel', 'song_a_witness_against_israel']
 TRIPS? cold_run_sequence.py   line 3323  entity None           pattern 'israel'                                 -> new rows matched ['book_a_witness_against_israel', 'joshua_to_cross_before_israel', 'life_and_death_set_before_israel', 'song_a_witness_against_israel']
 TRIPS? cold_run_sequence.py   line 3325  entity None           pattern 'israel'                                 -> new rows matched ['book_a_witness_against_israel', 'joshua_to_cross_before_israel', 'life_and_death_set_before_israel', 'song_a_witness_against_israel']
 TRIPS? cold_run_sequence.py   line 3335  entity None           pattern 'israel'                                 -> new rows matched ['book_a_witness_against_israel', 'joshua_to_cross_before_israel', 'life_and_death_set_before_israel', 'song_a_witness_against_israel']
 TRIPS? cold_run_sequence.py   line 3337  entity None           pattern 'israel'                                 -> new rows matched ['book_a_witness_against_israel', 'joshua_to_cross_before_israel', 'life_and_death_set_before_israel', 'song_a_witness_against_israel']
 TRIPS? cold_run_sequence.py   line 3344  entity None           pattern 'israel'                                 -> new rows matched ['book_a_witness_against_israel', 'joshua_to_cross_before_israel', 'life_and_death_set_before_israel', 'song_a_witness_against_israel']
 TRIPS? cold_run_sequence.py   line 3346  entity None           pattern 'israel'                                 -> new rows matched ['book_a_witness_against_israel', 'joshua_to_cross_before_israel', 'life_and_death_set_before_israel', 'song_a_witness_against_israel']
 TRIPS? cold_run_sequence.py   line 3348  entity None           pattern 'israel'                                 -> new rows matched ['book_a_witness_against_israel', 'joshua_to_cross_before_israel', 'life_and_death_set_before_israel', 'song_a_witness_against_israel']
 TRIPS? cold_run_sequence.py   line 3369  entity None           pattern 'israel'                                 -> new rows matched ['book_a_witness_against_israel', 'joshua_to_cross_before_israel', 'life_and_death_set_before_israel', 'song_a_witness_against_israel']
 TRIPS? cold_run_sequence.py   line 3383  entity None           pattern 'israel'                                 -> new rows matched ['book_a_witness_against_israel', 'joshua_to_cross_before_israel', 'life_and_death_set_before_israel', 'song_a_witness_against_israel']
 TRIPS? cold_run_sequence.py   line 3384  entity None           pattern 'israel'                                 -> new rows matched ['book_a_witness_against_israel', 'joshua_to_cross_before_israel', 'life_and_death_set_before_israel', 'song_a_witness_against_israel']
 TRIPS? cold_run_sequence.py   line 3399  entity None           pattern 'israel'                                 -> new rows matched ['book_a_witness_against_israel', 'joshua_to_cross_before_israel', 'life_and_death_set_before_israel', 'song_a_witness_against_israel']
 TRIPS? cold_run_sequence.py   line 3400  entity None           pattern 'israel'                                 -> new rows matched ['book_a_witness_against_israel', 'joshua_to_cross_before_israel', 'life_and_death_set_before_israel', 'song_a_witness_against_israel']
 TRIPS? cold_run_sequence.py   line 3410  entity None           pattern 'israel'                                 -> new rows matched ['book_a_witness_against_israel', 'joshua_to_cross_before_israel', 'life_and_death_set_before_israel', 'song_a_witness_against_israel']
 TRIPS? cold_run_sequence.py   line 3410  entity None           pattern 'israel'                                 -> new rows matched ['book_a_witness_against_israel', 'joshua_to_cross_before_israel', 'life_and_death_set_before_israel', 'song_a_witness_against_israel']
 TRIPS? cold_run_sequence.py   line 3410  entity None           pattern 'israel'                                 -> new rows matched ['book_a_witness_against_israel', 'joshua_to_cross_before_israel', 'life_and_death_set_before_israel', 'song_a_witness_against_israel']
 TRIPS? cold_run_sequence.py   line 3411  entity None           pattern 'israel'                                 -> new rows matched ['book_a_witness_against_israel', 'joshua_to_cross_before_israel', 'life_and_death_set_before_israel', 'song_a_witness_against_israel']
 TRIPS? cold_run_sequence.py   line 3417  entity None           pattern 'israel'                                 -> new rows matched ['book_a_witness_against_israel', 'joshua_to_cross_before_israel', 'life_and_death_set_before_israel', 'song_a_witness_against_israel']
 TRIPS? cold_run_sequence.py   line 3419  entity None           pattern 'israel'                                 -> new rows matched ['book_a_witness_against_israel', 'joshua_to_cross_before_israel', 'life_and_death_set_before_israel', 'song_a_witness_against_israel']
 TRIPS? cold_run_sequence.py   line 3419  entity None           pattern 'israel'                                 -> new rows matched ['book_a_witness_against_israel', 'joshua_to_cross_before_israel', 'life_and_death_set_before_israel', 'song_a_witness_against_israel']
 TRIPS? cold_run_sequence.py   line 3420  entity None           pattern 'israel'                                 -> new rows matched ['book_a_witness_against_israel', 'joshua_to_cross_before_israel', 'life_and_death_set_before_israel', 'song_a_witness_against_israel']
 TRIPS? cold_run_sequence.py   line 3435  entity None           pattern 'israel'                                 -> new rows matched ['book_a_witness_against_israel', 'joshua_to_cross_before_israel', 'life_and_death_set_before_israel', 'song_a_witness_against_israel']
 TRIPS? cold_run_sequence.py   line 3435  entity None           pattern 'israel'                                 -> new rows matched ['book_a_witness_against_israel', 'joshua_to_cross_before_israel', 'life_and_death_set_before_israel', 'song_a_witness_against_israel']
 TRIPS? cold_run_sequence.py   line 3435  entity None           pattern 'israel'                                 -> new rows matched ['book_a_witness_against_israel', 'joshua_to_cross_before_israel', 'life_and_death_set_before_israel', 'song_a_witness_against_israel']
 TRIPS? cold_run_sequence.py   line 3437  entity None           pattern 'israel'                                 -> new rows matched ['book_a_witness_against_israel', 'joshua_to_cross_before_israel', 'life_and_death_set_before_israel', 'song_a_witness_against_israel']
 TRIPS? cold_run_sequence.py   line 3443  entity None           pattern 'israel'                                 -> new rows matched ['book_a_witness_against_israel', 'joshua_to_cross_before_israel', 'life_and_death_set_before_israel', 'song_a_witness_against_israel']
 TRIPS? cold_run_sequence.py   line 3448  entity None           pattern 'israel'                                 -> new rows matched ['book_a_witness_against_israel', 'joshua_to_cross_before_israel', 'life_and_death_set_before_israel', 'song_a_witness_against_israel']
 TRIPS? cold_run_sequence.py   line 3448  entity None           pattern 'israel'                                 -> new rows matched ['book_a_witness_against_israel', 'joshua_to_cross_before_israel', 'life_and_death_set_before_israel', 'song_a_witness_against_israel']
 TRIPS? cold_run_sequence.py   line 3461  entity None           pattern 'israel'                                 -> new rows matched ['book_a_witness_against_israel', 'joshua_to_cross_before_israel', 'life_and_death_set_before_israel', 'song_a_witness_against_israel']
 TRIPS? cold_run_sequence.py   line 3461  entity None           pattern 'israel'                                 -> new rows matched ['book_a_witness_against_israel', 'joshua_to_cross_before_israel', 'life_and_death_set_before_israel', 'song_a_witness_against_israel']
 TRIPS? cold_run_sequence.py   line 3461  entity None           pattern 'israel'                                 -> new rows matched ['book_a_witness_against_israel', 'joshua_to_cross_before_israel', 'life_and_death_set_before_israel', 'song_a_witness_against_israel']
 TRIPS? cold_run_sequence.py   line 3462  entity None           pattern 'israel'                                 -> new rows matched ['book_a_witness_against_israel', 'joshua_to_cross_before_israel', 'life_and_death_set_before_israel', 'song_a_witness_against_israel']
 TRIPS? cold_run_sequence.py   line 3462  entity None           pattern 'israel'                                 -> new rows matched ['book_a_witness_against_israel', 'joshua_to_cross_before_israel', 'life_and_death_set_before_israel', 'song_a_witness_against_israel']
 TRIPS? cold_run_sequence.py   line 3463  entity None           pattern 'israel'                                 -> new rows matched ['book_a_witness_against_israel', 'joshua_to_cross_before_israel', 'life_and_death_set_before_israel', 'song_a_witness_against_israel']
 TRIPS? cold_run_sequence.py   line 3469  entity None           pattern 'israel'                                 -> new rows matched ['book_a_witness_against_israel', 'joshua_to_cross_before_israel', 'life_and_death_set_before_israel', 'song_a_witness_against_israel']
 TRIPS? cold_run_sequence.py   line 3470  entity None           pattern 'israel'                                 -> new rows matched ['book_a_witness_against_israel', 'joshua_to_cross_before_israel', 'life_and_death_set_before_israel', 'song_a_witness_against_israel']
 TRIPS? cold_run_sequence.py   line 3472  entity None           pattern 'israel'                                 -> new rows matched ['book_a_witness_against_israel', 'joshua_to_cross_before_israel', 'life_and_death_set_before_israel', 'song_a_witness_against_israel']
 TRIPS? cold_run_sequence.py   line 3472  entity None           pattern 'israel'                                 -> new rows matched ['book_a_witness_against_israel', 'joshua_to_cross_before_israel', 'life_and_death_set_before_israel', 'song_a_witness_against_israel']
 TRIPS? cold_run_sequence.py   line 3472  entity None           pattern 'israel'                                 -> new rows matched ['book_a_witness_against_israel', 'joshua_to_cross_before_israel', 'life_and_death_set_before_israel', 'song_a_witness_against_israel']
 TRIPS? cold_run_sequence.py   line 3474  entity None           pattern 'israel'                                 -> new rows matched ['book_a_witness_against_israel', 'joshua_to_cross_before_israel', 'life_and_death_set_before_israel', 'song_a_witness_against_israel']
 TRIPS? cold_run_sequence.py   line 3474  entity None           pattern 'israel'                                 -> new rows matched ['book_a_witness_against_israel', 'joshua_to_cross_before_israel', 'life_and_death_set_before_israel', 'song_a_witness_against_israel']
 TRIPS? cold_run_sequence.py   line 3487  entity None           pattern 'israel'                                 -> new rows matched ['book_a_witness_against_israel', 'joshua_to_cross_before_israel', 'life_and_death_set_before_israel', 'song_a_witness_against_israel']
 TRIPS? cold_run_sequence.py   line 3487  entity None           pattern 'israel'                                 -> new rows matched ['book_a_witness_against_israel', 'joshua_to_cross_before_israel', 'life_and_death_set_before_israel', 'song_a_witness_against_israel']
 TRIPS? cold_run_sequence.py   line 3487  entity None           pattern 'israel'                                 -> new rows matched ['book_a_witness_against_israel', 'joshua_to_cross_before_israel', 'life_and_death_set_before_israel', 'song_a_witness_against_israel']
 TRIPS? cold_run_sequence.py   line 3488  entity None           pattern 'israel'                                 -> new rows matched ['book_a_witness_against_israel', 'joshua_to_cross_before_israel', 'life_and_death_set_before_israel', 'song_a_witness_against_israel']
 TRIPS? cold_run_sequence.py   line 3488  entity None           pattern 'israel'                                 -> new rows matched ['book_a_witness_against_israel', 'joshua_to_cross_before_israel', 'life_and_death_set_before_israel', 'song_a_witness_against_israel']
 TRIPS? cold_run_sequence.py   line 3489  entity None           pattern 'israel'                                 -> new rows matched ['book_a_witness_against_israel', 'joshua_to_cross_before_israel', 'life_and_death_set_before_israel', 'song_a_witness_against_israel']
 TRIPS? cold_run_sequence.py   line 3495  entity None           pattern 'israel'                                 -> new rows matched ['book_a_witness_against_israel', 'joshua_to_cross_before_israel', 'life_and_death_set_before_israel', 'song_a_witness_against_israel']
 TRIPS? cold_run_sequence.py   line 3496  entity None           pattern 'israel'                                 -> new rows matched ['book_a_witness_against_israel', 'joshua_to_cross_before_israel', 'life_and_death_set_before_israel', 'song_a_witness_against_israel']
 TRIPS? cold_run_sequence.py   line 3499  entity None           pattern 'israel'                                 -> new rows matched ['book_a_witness_against_israel', 'joshua_to_cross_before_israel', 'life_and_death_set_before_israel', 'song_a_witness_against_israel']
 TRIPS? cold_run_sequence.py   line 3500  entity None           pattern 'israel'                                 -> new rows matched ['book_a_witness_against_israel', 'joshua_to_cross_before_israel', 'life_and_death_set_before_israel', 'song_a_witness_against_israel']
 TRIPS? cold_run_sequence.py   line 3500  entity None           pattern 'israel'                                 -> new rows matched ['book_a_witness_against_israel', 'joshua_to_cross_before_israel', 'life_and_death_set_before_israel', 'song_a_witness_against_israel']
 TRIPS? cold_run_sequence.py   line 3500  entity None           pattern 'israel'                                 -> new rows matched ['book_a_witness_against_israel', 'joshua_to_cross_before_israel', 'life_and_death_set_before_israel', 'song_a_witness_against_israel']
 TRIPS? cold_run_sequence.py   line 3515  entity None           pattern 'israel'                                 -> new rows matched ['book_a_witness_against_israel', 'joshua_to_cross_before_israel', 'life_and_death_set_before_israel', 'song_a_witness_against_israel']
 TRIPS? cold_run_sequence.py   line 3515  entity None           pattern 'israel'                                 -> new rows matched ['book_a_witness_against_israel', 'joshua_to_cross_before_israel', 'life_and_death_set_before_israel', 'song_a_witness_against_israel']
 TRIPS? cold_run_sequence.py   line 3515  entity None           pattern 'israel'                                 -> new rows matched ['book_a_witness_against_israel', 'joshua_to_cross_before_israel', 'life_and_death_set_before_israel', 'song_a_witness_against_israel']
 TRIPS? cold_run_sequence.py   line 3516  entity None           pattern 'israel'                                 -> new rows matched ['book_a_witness_against_israel', 'joshua_to_cross_before_israel', 'life_and_death_set_before_israel', 'song_a_witness_against_israel']
 TRIPS? cold_run_sequence.py   line 3516  entity None           pattern 'israel'                                 -> new rows matched ['book_a_witness_against_israel', 'joshua_to_cross_before_israel', 'life_and_death_set_before_israel', 'song_a_witness_against_israel']
 TRIPS? cold_run_sequence.py   line 3517  entity None           pattern 'israel'                                 -> new rows matched ['book_a_witness_against_israel', 'joshua_to_cross_before_israel', 'life_and_death_set_before_israel', 'song_a_witness_against_israel']
 TRIPS? cold_run_sequence.py   line 3517  entity None           pattern 'israel'                                 -> new rows matched ['book_a_witness_against_israel', 'joshua_to_cross_before_israel', 'life_and_death_set_before_israel', 'song_a_witness_against_israel']
 TRIPS? cold_run_sequence.py   line 3518  entity None           pattern 'israel'                                 -> new rows matched ['book_a_witness_against_israel', 'joshua_to_cross_before_israel', 'life_and_death_set_before_israel', 'song_a_witness_against_israel']
 TRIPS? cold_run_sequence.py   line 3524  entity None           pattern 'israel'                                 -> new rows matched ['book_a_witness_against_israel', 'joshua_to_cross_before_israel', 'life_and_death_set_before_israel', 'song_a_witness_against_israel']
 TRIPS? cold_run_sequence.py   line 3525  entity None           pattern 'israel'                                 -> new rows matched ['book_a_witness_against_israel', 'joshua_to_cross_before_israel', 'life_and_death_set_before_israel', 'song_a_witness_against_israel']
 TRIPS? cold_run_sequence.py   line 3527  entity None           pattern 'israel'                                 -> new rows matched ['book_a_witness_against_israel', 'joshua_to_cross_before_israel', 'life_and_death_set_before_israel', 'song_a_witness_against_israel']
 TRIPS? cold_run_sequence.py   line 3528  entity None           pattern 'israel'                                 -> new rows matched ['book_a_witness_against_israel', 'joshua_to_cross_before_israel', 'life_and_death_set_before_israel', 'song_a_witness_against_israel']
 TRIPS? cold_run_sequence.py   line 3543  entity None           pattern 'israel'                                 -> new rows matched ['book_a_witness_against_israel', 'joshua_to_cross_before_israel', 'life_and_death_set_before_israel', 'song_a_witness_against_israel']
 TRIPS? cold_run_sequence.py   line 3543  entity None           pattern 'israel'                                 -> new rows matched ['book_a_witness_against_israel', 'joshua_to_cross_before_israel', 'life_and_death_set_before_israel', 'song_a_witness_against_israel']
 TRIPS? cold_run_sequence.py   line 3543  entity None           pattern 'israel'                                 -> new rows matched ['book_a_witness_against_israel', 'joshua_to_cross_before_israel', 'life_and_death_set_before_israel', 'song_a_witness_against_israel']
 TRIPS? cold_run_sequence.py   line 3544  entity None           pattern 'israel'                                 -> new rows matched ['book_a_witness_against_israel', 'joshua_to_cross_before_israel', 'life_and_death_set_before_israel', 'song_a_witness_against_israel']
 TRIPS? cold_run_sequence.py   line 3544  entity None           pattern 'israel'                                 -> new rows matched ['book_a_witness_against_israel', 'joshua_to_cross_before_israel', 'life_and_death_set_before_israel', 'song_a_witness_against_israel']
 TRIPS? cold_run_sequence.py   line 3545  entity None           pattern 'israel'                                 -> new rows matched ['book_a_witness_against_israel', 'joshua_to_cross_before_israel', 'life_and_death_set_before_israel', 'song_a_witness_against_israel']
 TRIPS? cold_run_sequence.py   line 3552  entity None           pattern 'israel'                                 -> new rows matched ['book_a_witness_against_israel', 'joshua_to_cross_before_israel', 'life_and_death_set_before_israel', 'song_a_witness_against_israel']
 TRIPS? cold_run_sequence.py   line 3553  entity None           pattern 'israel'                                 -> new rows matched ['book_a_witness_against_israel', 'joshua_to_cross_before_israel', 'life_and_death_set_before_israel', 'song_a_witness_against_israel']
 TRIPS? cold_run_sequence.py   line 3562  entity None           pattern 'israel'                                 -> new rows matched ['book_a_witness_against_israel', 'joshua_to_cross_before_israel', 'life_and_death_set_before_israel', 'song_a_witness_against_israel']
 TRIPS? cold_run_sequence.py   line 3562  entity None           pattern 'israel'                                 -> new rows matched ['book_a_witness_against_israel', 'joshua_to_cross_before_israel', 'life_and_death_set_before_israel', 'song_a_witness_against_israel']
 TRIPS? cold_run_sequence.py   line 3562  entity None           pattern 'israel'                                 -> new rows matched ['book_a_witness_against_israel', 'joshua_to_cross_before_israel', 'life_and_death_set_before_israel', 'song_a_witness_against_israel']
 TRIPS? cold_run_sequence.py   line 3563  entity None           pattern 'israel'                                 -> new rows matched ['book_a_witness_against_israel', 'joshua_to_cross_before_israel', 'life_and_death_set_before_israel', 'song_a_witness_against_israel']
 TRIPS? cold_run_sequence.py   line 3563  entity None           pattern 'israel'                                 -> new rows matched ['book_a_witness_against_israel', 'joshua_to_cross_before_israel', 'life_and_death_set_before_israel', 'song_a_witness_against_israel']
 TRIPS? cold_run_sequence.py   line 3570  entity None           pattern 'israel'                                 -> new rows matched ['book_a_witness_against_israel', 'joshua_to_cross_before_israel', 'life_and_death_set_before_israel', 'song_a_witness_against_israel']
 TRIPS? cold_run_sequence.py   line 3571  entity None           pattern 'israel'                                 -> new rows matched ['book_a_witness_against_israel', 'joshua_to_cross_before_israel', 'life_and_death_set_before_israel', 'song_a_witness_against_israel']
 TRIPS? cold_run_sequence.py   line 3580  entity None           pattern 'israel'                                 -> new rows matched ['book_a_witness_against_israel', 'joshua_to_cross_before_israel', 'life_and_death_set_before_israel', 'song_a_witness_against_israel']
 TRIPS? cold_run_sequence.py   line 3580  entity None           pattern 'israel'                                 -> new rows matched ['book_a_witness_against_israel', 'joshua_to_cross_before_israel', 'life_and_death_set_before_israel', 'song_a_witness_against_israel']
 TRIPS? cold_run_sequence.py   line 3580  entity None           pattern 'israel'                                 -> new rows matched ['book_a_witness_against_israel', 'joshua_to_cross_before_israel', 'life_and_death_set_before_israel', 'song_a_witness_against_israel']
 TRIPS? cold_run_sequence.py   line 3581  entity None           pattern 'israel'                                 -> new rows matched ['book_a_witness_against_israel', 'joshua_to_cross_before_israel', 'life_and_death_set_before_israel', 'song_a_witness_against_israel']
 TRIPS? cold_run_sequence.py   line 3581  entity None           pattern 'israel'                                 -> new rows matched ['book_a_witness_against_israel', 'joshua_to_cross_before_israel', 'life_and_death_set_before_israel', 'song_a_witness_against_israel']
 TRIPS? cold_run_sequence.py   line 3588  entity None           pattern 'israel'                                 -> new rows matched ['book_a_witness_against_israel', 'joshua_to_cross_before_israel', 'life_and_death_set_before_israel', 'song_a_witness_against_israel']
 TRIPS? cold_run_sequence.py   line 3598  entity None           pattern 'israel'                                 -> new rows matched ['book_a_witness_against_israel', 'joshua_to_cross_before_israel', 'life_and_death_set_before_israel', 'song_a_witness_against_israel']
 TRIPS? cold_run_sequence.py   line 3598  entity None           pattern 'israel'                                 -> new rows matched ['book_a_witness_against_israel', 'joshua_to_cross_before_israel', 'life_and_death_set_before_israel', 'song_a_witness_against_israel']
 TRIPS? cold_run_sequence.py   line 3598  entity None           pattern 'israel'                                 -> new rows matched ['book_a_witness_against_israel', 'joshua_to_cross_before_israel', 'life_and_death_set_before_israel', 'song_a_witness_against_israel']
 TRIPS? cold_run_sequence.py   line 3599  entity None           pattern 'israel'                                 -> new rows matched ['book_a_witness_against_israel', 'joshua_to_cross_before_israel', 'life_and_death_set_before_israel', 'song_a_witness_against_israel']
 TRIPS? cold_run_sequence.py   line 3599  entity None           pattern 'israel'                                 -> new rows matched ['book_a_witness_against_israel', 'joshua_to_cross_before_israel', 'life_and_death_set_before_israel', 'song_a_witness_against_israel']
 TRIPS? cold_run_sequence.py   line 3606  entity None           pattern 'israel'                                 -> new rows matched ['book_a_witness_against_israel', 'joshua_to_cross_before_israel', 'life_and_death_set_before_israel', 'song_a_witness_against_israel']
 TRIPS? cold_run_sequence.py   line 3616  entity None           pattern 'israel'                                 -> new rows matched ['book_a_witness_against_israel', 'joshua_to_cross_before_israel', 'life_and_death_set_before_israel', 'song_a_witness_against_israel']
 TRIPS? cold_run_sequence.py   line 3616  entity None           pattern 'israel'                                 -> new rows matched ['book_a_witness_against_israel', 'joshua_to_cross_before_israel', 'life_and_death_set_before_israel', 'song_a_witness_against_israel']
 TRIPS? cold_run_sequence.py   line 3616  entity None           pattern 'israel'                                 -> new rows matched ['book_a_witness_against_israel', 'joshua_to_cross_before_israel', 'life_and_death_set_before_israel', 'song_a_witness_against_israel']
 TRIPS? cold_run_sequence.py   line 3617  entity None           pattern 'israel'                                 -> new rows matched ['book_a_witness_against_israel', 'joshua_to_cross_before_israel', 'life_and_death_set_before_israel', 'song_a_witness_against_israel']
 TRIPS? cold_run_sequence.py   line 3618  entity None           pattern 'israel'                                 -> new rows matched ['book_a_witness_against_israel', 'joshua_to_cross_before_israel', 'life_and_death_set_before_israel', 'song_a_witness_against_israel']
 TRIPS? cold_run_sequence.py   line 3618  entity None           pattern 'israel'                                 -> new rows matched ['book_a_witness_against_israel', 'joshua_to_cross_before_israel', 'life_and_death_set_before_israel', 'song_a_witness_against_israel']
 TRIPS? cold_run_sequence.py   line 3625  entity None           pattern 'israel'                                 -> new rows matched ['book_a_witness_against_israel', 'joshua_to_cross_before_israel', 'life_and_death_set_before_israel', 'song_a_witness_against_israel']
 TRIPS? cold_run_sequence.py   line 3626  entity None           pattern 'israel'                                 -> new rows matched ['book_a_witness_against_israel', 'joshua_to_cross_before_israel', 'life_and_death_set_before_israel', 'song_a_witness_against_israel']
 TRIPS? cold_run_sequence.py   line 3639  entity None           pattern 'israel'                                 -> new rows matched ['book_a_witness_against_israel', 'joshua_to_cross_before_israel', 'life_and_death_set_before_israel', 'song_a_witness_against_israel']
 cold_run_sequence.py: 266 scan seats read, 161 name a new row
 checkpoint_check.py: 0 scan seats read, 0 name a new row
==== B2. THE TAPE'S NAMED-PATTERN SCANS (re.search(cold_run_X.NAME_WORDS, …) in cold_run_sequence.py — the pattern read from the runner's own source; a THIRD form the census had not covered: THE DEUTERONOMY WALK 16b, read at the tape's first run 9/10 — CU7 and DA6) ====
 TRIPS  cold_run_sequence.py line 3348  good_land              STATE_WORDS    pattern '\\b(garment|garments|clothing|clothes|cloth|shoe|sh' -> new rows matched ['covenant_words_keeping_commanded']
 TRIPS  cold_run_sequence.py line 3369  not_righteousness      STIFF_WORDS    pattern '\\b(stiff|stiff-necked|neck|nape)\\b'             -> new rows matched ['book_a_witness_against_israel']
 named-pattern seats read 2, 2 name a new row
==== C. THE NEW ROWS' VALUES NAMING OTHER CHAPTERS' EFFECT NAMES (a value that spells an earlier effect's name trips that effect's substring scans) ====
  gathered_from_all_the_peoples -> ['scattered']
  living_and_multiplying_for_hearkening -> ['blessings_for_hearing']
  song_writing_commanded -> ['commanded']
SCAN CENSUS DONE — runner scans tripping: 11
