
THE CONSECRATION, SUBSTITUTION, AND DEVOTION MACHINE COMPILES — the two substitution verbs, "beast for beast," "it and its substitute" at the vow and the tithe, the fifth censused five times, the partitive "from all that he has," the ordinal tenth under the rod; three calls into sister engines: the Jubilee engine's tithe naming and the Passover engine's firstling donkey.
guard: 88 expectations checked, every one a literal from the answer sheet [honest-pairing guard satisfied]
THE INK (printed before it is asserted): PARSE {(26, 12): ([], [], ['לעשר*', 'מעשר*']), (28, 7): ([1, 7], [], []), (28, 25): ([1, 7], [], []), (28, 55): ([1], [], []), (28, 63): ([6], [], [])}, NUMV [(28, 7), (28, 25), (28, 55), (28, 63)], ORDV [], STARV [(26, 12)], TOKN {26: 319, 27: 326, 28: 994}
THE NEGATIONS AND THE NAME (printed before they are asserted): {(26, 13): ['לא', 'ולא'], (26, 14): ['לא', 'ולא', 'ולא'], (27, 5): ['לא'], (27, 26): ['לא'], (28, 12): ['לא'], (28, 13): ['ולא', 'ולא'], (28, 14): ['ולא'], (28, 15): ['לא'], (28, 27): ['לא'], (28, 29): ['ולא'], (28, 30): ['ולא', 'ולא'], (28, 31): ['ולא', 'ולא'], (28, 33): ['לא'], (28, 35): ['לא'], (28, 36): ['לא'], (28, 39): ['לא', 'ולא'], (28, 40): ['לא'], (28, 41): ['ולא'], (28, 44): ['לא'], (28, 45): ['לא'], (28, 47): ['לא'], (28, 49): ['לא'], (28, 50): ['לא', 'לא'], (28, 51): ['לא'], (28, 56): ['לא'], (28, 58): ['לא'], (28, 61): ['לא'], (28, 62): ['לא'], (28, 64): ['לא'], (28, 65): ['לא', 'ולא'], (28, 66): ['ולא'], (28, 68): ['לא']} 65
THE CLOCK (printed before it is asserted): {'counter': (40, 11, 1), 'no_marker': True, 'clock_data': ['the_first_fruits_window', 'the_confessions_hour', 'the_removal_date']}
THE SCANS (printed before they are asserted): holes []; the kin counts {'gerizim_ebal_ceremony_owed': 1, 'blessing_and_curse_set': 2, 'heavens_shut_for_turning': 1, 'treasured_people': 1, 'second_tithe_owed': 1, 'levite_forsaking_barred': 2, 'three_pilgrimages_commanded': 1, 'work_of_the_hand_blessed': 2, 'bribe_barred': 1, 'landmark_removal_barred': 1, 'stranger_orphan_justice_commanded': 1, 'fathers_wife_barred': 1, 'return_to_egypt_barred': 1, 'horses_multiplying_barred': 1, 'heaven_and_earth_witness': 4, 'forgetting_barred': 1, 'house_abomination_barred': 1, 'israel_hears_and_fears': 1, 'shema_commanded': 1, 'covenant_cut': 3, 'covenant_declared': 1, 'entered_the_covenant': 4, 'seed_as_stars': 3, 'enslaved': 2, 'cry_heard': 2, 'plague_struck': 13, 'molten_image_barred': 1, 'yoke_of_the_commandments_accepted': 1, 'bless_after_eating_commanded': 1, 'first_fleece_owed': 1, 'scattered_among_nations': 0, 'land_desolate': 0, 'chastised_sevenfold': 0, 'sabbath_debt': 0, 'put_to_death': 7, 'stoned': 2, 'terumah_of_the_tithe_owed': 1, 'tithe_granted': 1, 'confessed': 3, 'altar_built': 8}; the reuses {'rejoicing_before_the_lord_commanded': 4, 'poor_tithe_owed': 2, 'blessings_for_hearing': 3, 'rain_in_its_season': 2}; the entities {'gerizim_ebal_ceremony_owed': ['israel_people'], 'blessing_and_curse_set': ['israel_people'], 'heavens_shut_for_turning': ['israel_people'], 'treasured_people': ['israel_people'], 'second_tithe_owed': ['israel_people'], 'levite_forsaking_barred': ['israel_people'], 'three_pilgrimages_commanded': ['israel_people'], 'work_of_the_hand_blessed': ['israel_people'], 'rejoicing_before_the_lord_commanded': ['israel_people'], 'poor_tithe_owed': ['israel_people'], 'blessings_for_hearing': ['israel_people'], 'rain_in_its_season': ['israel_people'], 'covenant_offered': [], 'other_gods_barred': ['israel_people']}
Traceback (most recent call last):
  File "<scratch>/ch29_askcheck.py", line 10, in <module>
    exec(compile(p1, 'part1', 'exec'), ns)
    ~~~~^^^^^^^^^^^^^^^^^^^^^^^^^^^^^^^^^^
  File "part1", line 71, in <module>
  File "<frozen importlib._bootstrap>", line 1371, in _find_and_load
  File "<frozen importlib._bootstrap>", line 1342, in _find_and_load_unlocked
  File "<frozen importlib._bootstrap>", line 938, in _load_unlocked
  File "/Users/Shared/TorahSim/World/step9/ink_cache.py", line 269, in exec_module
    try: exec(compile(ast.Module(body=[node], type_ignores=[]), self.path, 'exec'), module.__dict__)
         ~~~~^^^^^^^^^^^^^^^^^^^^^^^^^^^^^^^^^^^^^^^^^^^^^^^^^^^^^^^^^^^^^^^^^^^^^^^^^^^^^^^^^^^^^^^
  File "/Users/Shared/TorahSim/World/step9/cold_run_firstfruits_ebal_curses.py", line 254, in <module>
    assert all(v is None for v in KIN_COUNTS.values()) or tuple(KIN_COUNTS.values()) == KIN_EXPECTED, [(k, KIN_COUNTS[k], e) for k, e in zip(KIN40, KIN_EXPECTED) if KIN_COUNTS[k] != e]   # the references' counts as the recon read them (DL4 — no second write)
           ^^^^^^^^^^^^^^^^^^^^^^^^^^^^^^^^^^^^^^^^^^^^^^^^^^^^^^^^^^^^^^^^^^^^^^^^^^^^^^^^^^^^^^^^^
AssertionError: [('blessing_and_curse_set', 2, 1), ('heaven_and_earth_witness', 4, 2), ('entered_the_covenant', 4, 3)]
