guard: 97 expectations checked, every one a literal from the answer sheet [honest-pairing guard satisfied]
honest-pairing guard: 113 tests checked, every expectation a literal
probes: 90 ink runs verified in their verses (Exod 1-19)
answer sheet: 12 Mishnah rows and 47 shelf rows verified by their own tokens (Pesachim 10, Avot 5, Sotah 1 and 5, Rosh Hashanah 3, Eduyot 2, Sanhedrin 1; Sotah 11a-13b, Nedarim 31b-32a, Sanhedrin 111a/91a/18a/56b/67b, Shabbat 86b-88a, Zevachim 116a/102a, Arakhin 15a-b, Kiddushin 38a, Sotah 30b, Berakhot 9a-b, Megillah 9a, Pesachim 116a; the Mekhilta)
guard: 172 expectations checked, every one a literal from the answer sheet [honest-pairing guard satisfied]
guard: 66 expectations checked, every one a literal from the answer sheet [honest-pairing guard satisfied]
probes: all 36 token probes fired  [zero-report law satisfied]

guard: 155 expectations checked, every one a literal from the answer sheet [honest-pairing guard satisfied]
probes: all 39 ink-token probes fired (4 imports receipted) [zero-report law satisfied]
censuses: the FIFTH at [13, 15, 19, 27, 31] — forms ['חמישתו', 'חמישית', 'חמשית', 'חמשתו', 'חמשיתו'] (plene at 13 and 15, defective at 19, 27, 31) · the substitute clause at [10, 33] (the vow and the tithe) · holy tokens in 11 verses
routing receipt: cold_run_yovel.tithe_naming() CALLED (3 namings); cold_run_pesach.firstborn(donkey) CALLED -> 'redeem with a lamb, else break the neck'
answer sheet: 20 Mishnah rows token-verified in their own ink
guard: 41 test rows, every expected value a literal from the answer sheet [honest-pairing guard satisfied]

OK  THE SCENE — Temurah, Arakhin 8, Bekhorot 9 and the Sifra on the world engine (the daemon's w [INK] 
     effects: consecrated, substitution, lashes, redemption_right, adds_fifth, redeem_or_break, most_holy, due_to_priest, put_to_death
OK  Temurah 7:1 — an animal vowed to the altar: holy (the altar class)                           [INK] 
     effects: consecrated
OK  Temurah 7:1-2 — an unfit animal consecrated: the upkeep class, valued by the priest          [INK] 
     effects: consecrated
OK  Temurah 7:2 — unspecified consecrations go to the upkeep                                     [MOVE] 
     effects: consecrated
OK  Temurah 1:1 — substitution attempted: it takes, and forty                                    [INK] 
     effects: substitution, consecrated, lashes
OK  Temurah 1:2 — good for bad, bad for good: takes                                              [INK] 
     effects: substitution
OK  Temurah 1:2 — herd for flock, sheep for goats, blemished for whole: takes                    [INK] 
     effects: substitution
OK  Temurah 1:2 — one for two, one for a hundred (R. Shimon: one for one)                        [MOVE] 
     effects: substitution
OK  Temurah 1:6 — birds and meal offerings make no substitute                                    [INK] 
     effects: —
OK  Temurah 1:6 / 2:1 — the community and partners make no substitute                            [MOVE] 
     effects: —
OK  Temurah 1:3 — limbs and embryos make no substitute                                           [MOVE] 
     effects: —
OK  Temurah 1:5 / 2:3 — a substitute makes no substitute                                         [MOVE] 
     effects: —
OK  Temurah 2:3 — holiness lands on a permanently blemished substitute                           [MOVE] 
     effects: consecrated
OK  Temurah 2:3 — the inadvertent like the deliberate in substitution                            [MOVE] 
     effects: substitution
OK  Temurah 5:5 — "this instead of that": a substitute                                           [INK] 
     effects: substitution
OK  Temurah 5:5 — "the exchange of that": a substitute                                           [INK] 
     effects: substitution
OK  Temurah 5:5 — "this desanctified on that": not a substitute                                  [ANSWER-SHEET] 
     effects: redemption_right
OK  Temurah 7:1 — altar-holy substitute; upkeep-holy do not                                      [INK] 
     effects: —
OK  Menachot 9:7 — the heir substitutes                                                          [MOVE] 
     effects: substitution
OK  Arakhin 8:1 — the owner redeeming adds a fifth (the unfit beast)                             [INK] 
     effects: adds_fifth, redemption_right
OK  Arakhin 8:1-3 — the owner redeems his house with a fifth                                     [INK] 
     effects: adds_fifth, redemption_right
OK  Arakhin 8:2-3 — another redeems: the valuation, no fifth                                     [INK] 
     effects: redemption_right
OK  the five fifths of the chapter (27:13, 15, 19, 27, 31)                                       [INK] 
     effects: adds_fifth
OK  Menachot 12:1 — birds, wood, frankincense, vessels: no redemption, only a beast is said      [INK] 
     effects: —
OK  Bekhorot 1:7 (via the Passover engine) — the firstling donkey: a lamb, else the neck         [IMPORT] 
     effects: redeem_or_break
OK  Arakhin 8:7 — the firstborn: sanctify it for value, not for the altar                        [MOVE] 
     effects: consecrated
OK  Temurah 5:1 — outwitting the firstborn: "what is in her womb, if male, an olah"              [MOVE] 
     effects: consecrated
OK  Arakhin 8:6 — every devoted thing most holy, not sold, not redeemed                          [INK] 
     effects: most_holy
OK  Arakhin 8:6 — unspecified devotion: to the priests (Sages) / the upkeep (R. Yehuda b. Beteir [INK] 
     effects: due_to_priest
OK  Arakhin 8:4 — devoted ALL he has: not devoted                                                [INK] 
     effects: —
OK  Arakhin 8:5 — devoted his son, daughter, Hebrew slave, purchased field: not devoted          [INK] 
     effects: —
OK  Arakhin 8:6 — the priests' devotions: no redemption, given to the priests                    [ANSWER-SHEET] 
     effects: due_to_priest
OK  Arakhin 8:7 — the firstborn may be devoted                                                   [ANSWER-SHEET] 
     effects: consecrated
OK  Bekhorot 9:7 — the pen, the small gate, the count, the tenth marked                          [INK] 
     effects: consecrated
OK  Bekhorot 9:7 — not marked, counted lying or standing: tithed                                 [INK] 
     effects: consecrated
OK  Bekhorot 9:7 — a hundred and took ten: not a tithe                                           [INK] 
     effects: —
OK  Temurah 3:5 — the tithe substituted: both holy, not redeemed                                 [INK] 
     effects: substitution, consecrated
OK  Bekhorot 9:1 — herd and flock not tithed together                                            [INK] 
     effects: —
OK  Bekhorot 9:1 — sheep and goats tithed together ("and flock" — all flock one)                 [INK] 
     effects: consecrated
OK  Bekhorot 9:8 (via the Jubilee engine) — the ninth called tenth: sanctified, eaten blemished  [IMPORT] 
     effects: consecrated
OK  Bekhorot 9:8 (via the Jubilee engine) — the eleventh called tenth: a peace offering          [IMPORT] 
     effects: consecrated

MATRIX: 41/41 cells match the answer sheet
FRACTIONS: pure ink 25/41 (60%) · recorded moves 10/41 (24%) · answer-sheet 3/41 · data 0/41 · imports 3/41 · hypotheses 0/41
computed, not graded: the impure beast of 27:27 redeemed at valuation plus a fifth or sold (INK); the devoted person put to death, not ransomed (INK 27:29); the land tithe holy (INK 27:30) and redeemed with a fifth (INK 27:31); not examined good or bad (INK 27:33) — valuation_plus_fifth_or_sold, put_to_death_not_ransomed, holy_to_the_LORD, plus_fifth, not_examined_good_or_bad
LEDGER OPS this span writes: body x3, debit x14, status x22, transfer x5
effects: every cell carries REGISTERED effects — consecrated (STATUS) discovered from 27:9's own "shall be holy"; most_holy shared with the meal offering; substitution, adds_fifth, put_to_death, due_to_priest, redemption_right, lashes, redeem_or_break from the registry [effects law satisfied]
  WATCH law_temurah            seen  29  fired  22  on: consecrated_redeemed, herd_tithed, substitute_declared, thing_consecrated, thing_devoted

THE CONSECRATION, SUBSTITUTION, AND DEVOTION MACHINE COMPILES — the two substitution verbs, "beast for beast," "it and its substitute" at the vow and the tithe, the fifth censused five times, the partitive "from all that he has," the ordinal tenth under the rod; three calls into sister engines: the Jubilee engine's tithe naming and the Passover engine's firstling donkey.
guard: 274 expectations checked, every one a literal from the answer sheet [honest-pairing guard satisfied]
guard: 27 expectations checked, every one a literal from the answer sheet [honest-pairing guard satisfied]
guard: 159 expectations checked, every one a literal from the answer sheet [honest-pairing guard satisfied]
probes: all 142 token probes fired  [zero-report law satisfied]

probes: all 46 token probes fired  [zero-report law satisfied]

guard: 55 expectations checked, every one a literal from the answer sheet [honest-pairing guard satisfied]
probes: all 39 token probes fired  [zero-report law satisfied]

probes: all 100 token probes fired  [zero-report law satisfied]

probes: all 86 token probes fired  [zero-report law satisfied]

guard: 74 expectations checked, every one a literal from the answer sheet [honest-pairing guard satisfied]
guard: 147 expectations checked, every one a literal from the answer sheet [honest-pairing guard satisfied]
guard: 110 expectations checked, every one a literal from the answer sheet [honest-pairing guard satisfied]
probes: all 54 token probes fired  [zero-report law satisfied]

probes: all 55 token probes fired  [zero-report law satisfied]

guard: 70 expectations checked, every one a literal from the answer sheet [honest-pairing guard satisfied]
guard: 105 expectations checked, every one a literal from the answer sheet [honest-pairing guard satisfied]
guard: 34 expectations checked, every one a literal from the answer sheet [honest-pairing guard satisfied]
probes: all 17 token probes fired  [zero-report law satisfied]

honest-pairing guard: 222 tests checked, every expectation a literal
probes: 387 ink runs verified in their verses (Gen 18-31)
answer sheet: 7 Mishnah rows verified in their own ink; shelf: 62 rows (Babylonian and Bereshit Rabbah) verified by token
honest-pairing guard: 206 tests checked, every expectation a literal
probes: 137 ink runs verified in their verses (Gen 2-16)
answer sheet: 10 Mishnah rows and 130 shelf rows verified by their own tokens (Sanhedrin 10:3, 4:5, Avot 5:2-3, Eduyot 2:10, Yevamot 6:6, Megillah 1:8; Sanhedrin 107b-109b, 37b, 70a, Nedarim 32a-b, Sotah 14a, Megillah 9b, 14a, Berakhot 40a, Kiddushin 30b, Bava Batra 100a, Yevamot 64a, Chullin 89a, Eruvin 53a, Pesachim 118a, 6b, Rosh Hashanah 11b, Shabbat 55b; Bereshit Rabbah 16-45)
probes: all 102 token probes fired  [zero-report law satisfied]

callees live: the spec (Exod 34:15-16) 1 / [('Exod', 34, 16)]; the priesthood clause 1; the judges 78600; the incense; the twenty-four; the hanging; the addressees; the tellers; the total; Isaac's clauses 6; Judah's lion 2; the ladder; the idolatry principle
honest-pairing guard: 282 tests checked, every expectation a literal
probes: 442 ink runs verified in their verses (Gen 32-50)
answer sheet: 10 Mishnah rows verified in their own ink; shelf: 99 rows (Babylonian and Bereshit Rabbah) verified by token
probes: all 35 token probes fired  [zero-report law satisfied]

probes: all 121 token probes fired  [zero-report law satisfied]

guard: 53 expectations checked, every one a literal from the answer sheet [honest-pairing guard satisfied]
guard: 154 expectations checked, every one a literal from the answer sheet [honest-pairing guard satisfied]
probes: all 79 token probes fired  [zero-report law satisfied]

probes: all 111 token probes fired  [zero-report law satisfied]

guard: 56 expectations checked, every one a literal from the answer sheet [honest-pairing guard satisfied]
probes: all 123 token probes fired  [zero-report law satisfied]

guard: 51 expectations checked, every one a literal from the answer sheet [honest-pairing guard satisfied]
probes: all 84 token probes fired  [zero-report law satisfied]

callees: mishpatim_3, mishpatim, lev24, shelach, naso, second_census, journeys, borders, zelophehad, gad_reuben, chukat, bamidbar, primeval, sanctions, priesthood CALLED — every value asserted at import
probes: all 164 token probes fired  [zero-report law satisfied]

callees: exodus_story, shelach, chukat, gad_reuben, zelophehad, journeys, borders, second_census, bamidbar, balak, primeval, mamre, joseph, ordinances, holiness, erection, beha, refuge CALLED — every value asserted at import
guard: 55 expectations checked, every one a literal from the answer sheet [honest-pairing guard satisfied]
guard: 52 expectations checked, every one a literal from the answer sheet [honest-pairing guard satisfied]
guard: 42 expectations checked, every one a literal from the answer sheet [honest-pairing guard satisfied]
guard: 49 expectations checked, every one a literal from the answer sheet [honest-pairing guard satisfied]
guard: 51 expectations checked, every one a literal from the answer sheet [honest-pairing guard satisfied]
OS.the_spies_read_back(the_murmuring) = "the murmuring (1:27-28) — two words (Shevuot 47b:5); the spies' words in the people's mouths, 'greater and taller than w" ['accepted']
ASSERT FAIL [part1] line 57: ['covenant_words_keeping_commanded']
    import cold_run_good_land as GL
guard: 62 expectations checked, every one a literal from the answer sheet [honest-pairing guard satisfied]
guard: 51 expectations checked, every one a literal from the answer sheet [honest-pairing guard satisfied]
guard: 55 expectations checked, every one a literal from the answer sheet [honest-pairing guard satisfied]
ASSERT FAIL [part1] line 63: ['covenant_words_keeping_commanded']
    import cold_run_second_tablets as ST
guard: 51 expectations checked, every one a literal from the answer sheet [honest-pairing guard satisfied]
guard: 55 expectations checked, every one a literal from the answer sheet [honest-pairing guard satisfied]
ASSERT FAIL [part1] line 64: ['covenant_words_keeping_commanded']
    import cold_run_not_righteousness as NR
guard: 59 expectations checked, every one a literal from the answer sheet [honest-pairing guard satisfied]
guard: 55 expectations checked, every one a literal from the answer sheet [honest-pairing guard satisfied]
ASSERT FAIL [part1] line 65: ['covenant_words_keeping_commanded']
    import cold_run_blessing_and_curse as BC
guard: 56 expectations checked, every one a literal from the answer sheet [honest-pairing guard satisfied]
guard: 55 expectations checked, every one a literal from the answer sheet [honest-pairing guard satisfied]
ASSERT FAIL [part1] line 66: ['covenant_words_keeping_commanded']
    import cold_run_seducers as SE
guard: 78 expectations checked, every one a literal from the answer sheet [honest-pairing guard satisfied]
guard: 62 expectations checked, every one a literal from the answer sheet [honest-pairing guard satisfied]
guard: 51 expectations checked, every one a literal from the answer sheet [honest-pairing guard satisfied]
guard: 55 expectations checked, every one a literal from the answer sheet [honest-pairing guard satisfied]
ASSERT FAIL [part1] line 67: ['covenant_words_keeping_commanded']
    import cold_run_food_tithe as FT
guard: 91 expectations checked, every one a literal from the answer sheet [honest-pairing guard satisfied]
guard: 65 expectations checked, every one a literal from the answer sheet [honest-pairing guard satisfied]
guard: 55 expectations checked, every one a literal from the answer sheet [honest-pairing guard satisfied]
ASSERT FAIL [part1] line 68: ['covenant_words_keeping_commanded']
    import cold_run_release_firstborn as RF
guard: 53 expectations checked, every one a literal from the answer sheet [honest-pairing guard satisfied]
guard: 65 expectations checked, every one a literal from the answer sheet [honest-pairing guard satisfied]
guard: 55 expectations checked, every one a literal from the answer sheet [honest-pairing guard satisfied]
ASSERT FAIL [part1] line 69: ['covenant_words_keeping_commanded']
    import cold_run_festivals_judges as FJ
guard: 66 expectations checked, every one a literal from the answer sheet [honest-pairing guard satisfied]
guard: 56 expectations checked, every one a literal from the answer sheet [honest-pairing guard satisfied]
guard: 55 expectations checked, every one a literal from the answer sheet [honest-pairing guard satisfied]
ASSERT FAIL [part1] line 70: ['covenant_words_keeping_commanded']
    import cold_run_courts_prophet as CP
guard: 88 expectations checked, every one a literal from the answer sheet [honest-pairing guard satisfied]
guard: 78 expectations checked, every one a literal from the answer sheet [honest-pairing guard satisfied]
guard: 62 expectations checked, every one a literal from the answer sheet [honest-pairing guard satisfied]
guard: 51 expectations checked, every one a literal from the answer sheet [honest-pairing guard satisfied]
guard: 55 expectations checked, every one a literal from the answer sheet [honest-pairing guard satisfied]
ASSERT FAIL [part1] line 71: ['covenant_words_keeping_commanded']
    import cold_run_firstfruits_ebal_curses as FE
guard: 63 expectations checked, every one a literal from the answer sheet [honest-pairing guard satisfied]
guard: 65 expectations checked, every one a literal from the answer sheet [honest-pairing guard satisfied]
guard: 55 expectations checked, every one a literal from the answer sheet [honest-pairing guard satisfied]
ASSERT FAIL [part1] line 72: ['covenant_words_keeping_commanded']
    import cold_run_refuge_war_family as RW
guard: 65 expectations checked, every one a literal from the answer sheet [honest-pairing guard satisfied]
guard: 55 expectations checked, every one a literal from the answer sheet [honest-pairing guard satisfied]
ASSERT FAIL [part1] line 87: ['covenant_words_keeping_commanded']
    import cold_run_place_name as PN
THE TOKENS (printed before they are asserted): {29: 439, 30: 326, 31: 553}
THE INK (printed before it is asserted): PARSE {(29, 4): ([40], [], []), (29, 7): ([Fraction(1, 2)], [], ['ולחצי%']), (30, 9): ([6], [], []), (31, 2): ([120], [], []), (31, 10): ([7], [], ['שנים*']), (31, 20): ([], [], ['ושבע*'])}, NUMV [(29, 4), (29, 7), (30, 9), (31, 2), (31, 10)], ORDV [], STARV [(29, 7), (31, 10), (31, 20)], TOKN {29: 439, 30: 326, 31: 553}
THE NEGATIONS AND THE NAME (printed before they are asserted): {(29, 3): ['ולא'], (29, 4): ['לא', 'לא'], (29, 5): ['לא', 'לא'], (29, 13): ['ולא'], (29, 19): ['לא'], (29, 22): ['לא', 'ולא', 'ולא'], (29, 25): ['לא', 'ולא'], (30, 11): ['לא', 'ולא'], (30, 12): ['לא'], (30, 13): ['ולא'], (30, 17): ['ולא'], (30, 18): ['לא'], (31, 2): ['לא', 'לא'], (31, 6): ['לא', 'ולא'], (31, 8): ['לא', 'ולא', 'לא', 'ולא'], (31, 13): ['לא'], (31, 21): ['לא']} 53
THE CLOCK (printed before it is asserted): {'counter': (40, 11, 1), 'marker': (40, 12, 7), 'marker_verse': 'Deut 31:2', 'marker_at': 'Deut 31:1', 'days_walked': 36, 'clock_data': ['the_hakhel_time', 'the_death_date_of_moses', 'the_release_date']}
THE SCANS (printed before they are asserted): holes {'israel_people': [], 'yehoshua': [], 'moses': [], 'the_levites': []}; the kin counts {'other_gods_barred': 1, 'covenant_cut': 3, 'covenant_declared': 1, 'covenant_words_in_moab_declared': 1, 'confessed': 3, 'scattered_among_nations': 0, 'scattered_among_all_peoples': 1, 'land_desolate': 0, 'return_to_egypt_barred': 1, 'debt_release_owed': 1, 'three_pilgrimages_commanded': 1, 'appearance_owed': 0, 'booths_at_the_place_commanded': 1, 'law_copy_commanded': 1, 'king_from_the_brothers_commanded': 1, 'heart_circumcision_commanded': 1, 'stiffening_barred': 1, 'shema_commanded': 1, 'forgetting_barred': 1, 'israel_hears_and_fears': 1, 'song_sung': 1, 'love_owed': 1, 'blotted_from_the_book': 1, 'whored_after': 1, 'reprieve_of_a_hundred_and_twenty': 1, 'pillar_leads': 1, 'camp_moves_by_the_cloud': 2, 'fragments_in_the_ark': 1, 'tablets_delivered': 4, 'oath_sworn': 5, 'return_promised': 1, 'high_above_all_nations_promised': 1, 'blessings_for_hearing': 3, 'curses_for_not_hearkening': 1, 'few_in_number_left': 1, 'serving_wood_and_stone_among_nations': 1, 'exiled_with_king_to_serve_wood_and_stone': 1, 'plague_struck': 13, 'seed_as_stars': 3, 'witness_declared': 1, 'covenant_remembered': 1, 'great_nation_promised': 3, 'barred_from_the_land': 2}; the reuses {'entered_the_covenant': 4, 'became_the_lords_people_this_day': 2, 'heaven_and_earth_witness': 4, 'blessing_and_curse_set': 2, 'cleaving_commanded': 3, 'fear_not_promised': 6, 'glory_appeared': 7}; the entities {'other_gods_barred': ['israel_people'], 'covenant_cut': ['abraham', 'israel_people', 'the_earth'], 'covenant_declared': ['israel_people'], 'covenant_words_in_moab_declared': ['israel_people'], 'confessed': ['balaam', 'israel_people', 'moses'], 'scattered_among_nations': [], 'scattered_among_all_peoples': ['israel_people'], 'land_desolate': [], 'entered_the_covenant': ['israel_people'], 'became_the_lords_people_this_day': ['israel_people'], 'heaven_and_earth_witness': ['israel_people'], 'blessing_and_curse_set': ['israel_people'], 'cleaving_commanded': ['israel_people'], 'fear_not_promised': ['isaac', 'israel_people', 'jacob', 'moses', 'yehoshua'], 'glory_appeared': ['israel_people', 'the_tent_of_meeting'], 'barred_from_the_land': ['aaron', 'moses'], 'reprieve_of_a_hundred_and_twenty': ['the_generation_of_the_flood'], 'invested_office': ['aaron-and-sons', 'eleazar_son_of_aaron', 'pinchas', 'the-firstborn', 'the_levites', 'yehoshua'], 'plea_made': ['aaron', 'balak', 'caleb', 'hobab', 'israel_people', 'moses', 'the_sons_of_gad_and_reuben', 'yehoshua']}
ASSERT FAIL [part1] line 273: [('fear_not_promised', ['isaac', 'israel_people', 'jacob', 'moses', 'yehoshua'], ['isaac', 'jacob', 'moses', 'yehoshua'])]
    if SCANS_EXPECTED and any(v is not None for v in SCANS.values()): assert SCANS == SCANS_EXPECTED, [(k, SCANS[k], SCANS_EXPECTED.get(k)) for k in SCANS if SCANS[k] != SCANS_EXPECTED.get(k)]
THE TWINS DIFFED (printed before they are asserted): {'29:1 vs 5:1': 8, '29:23 vs 1 Kings 9:8': 9, '29:28 vs 28:58': 6, '29:28 vs 31:12': 6, '30:2 vs 4:30': 6, '30:6 vs 6:5': 7, '30:9 vs 28:11': 8, '30:9 vs 28:63': 2, '30:12 vs 30:13': 9, '30:15 vs 11:26': 2, '30:18 vs 4:26': 7, '30:19 vs 4:26': 7, '30:19 vs 31:28': 4, '31:2 vs 34:7': 5, '31:2 vs 3:27': 5, '31:2 vs Gen 6:3': 4, '31:6 vs 31:8': 7, '31:7 vs 31:23': 10, '31:7 vs 10:11': 7, '31:7 vs Josh 1:6': 11, '31:9 vs 31:22': 6, '31:10 vs 15:1': 3, '31:15 vs Num 12:5': 6, '31:15 vs Exod 33:9': 4, '31:16 vs Gen 47:30': 1, '31:23 vs Num 27:23': 1, '31:27 vs 9:13': 2, '31:29 vs 4:25': 5, '31:30 vs 32:44': 5, '29:22 vs Gen 19:24': 2, '29:4 vs 8:4': 2, '29:1 vs 31:1': 4, '31:1 vs Num 14:39': 7}
ERROR [part1] line 302: NameError: name 'GL' is not defined
    GL_GARMENT = A(GL, 'the_way_of_forty_years', 'the_garment_and_the_foot')
ERROR [part1] line 302: NameError: name 'GL' is not defined
    GL_KEEP = A(GL, 'the_way_of_forty_years', 'keep_walk_fear')
ERROR [part1] line 302: NameError: name 'GL' is not defined
    GL_40 = A(GL, 'the_way_of_forty_years', 'forty_years')
ERROR [part1] line 302: NameError: name 'GL' is not defined
    GL_TESTIFY = A(GL, 'the_testimony', 'i_testify')
ERROR [part1] line 302: NameError: name 'GL' is not defined
    GL_BOW = A(GL, 'the_testimony', 'other_gods_serve_bow')
ERROR [part1] line 302: NameError: name 'GL' is not defined
    GL_FORGET = A(GL, 'the_testimony', 'if_you_forget')
ERROR [part1] line 302: NameError: name 'GL' is not defined
    GL_GROWTH = A(GL, 'take_heed_lest_you_forget', 'the_growth_list')
ERROR [part1] line 302: NameError: name 'GL' is not defined
    GL_GF = DD(GL)['the_garment_and_the_foot']
ERROR [part1] line 303: NameError: name 'GL' is not defined
    GL_R = [GL.receipt_seats(c) for c in (29, 30, 31)]
ERROR [part1] line 304: NameError: name 'GL_GARMENT' is not defined
    assert GL_GARMENT[0].startswith('the garment and the foot (8:4) — a STATE over forty years told only here (29:4 the plural garments') and GL_KEEP[0].startswith("keep, walk, fear (8:6) — 'to walk in hi
ERROR [part1] line 305: NameError: name 'GL_TESTIFY' is not defined
    assert GL_TESTIFY[0].startswith("I testify against you this day (8:19) — 4:26's testimony at its second seat") and GL_BOW[0].startswith("other gods, serve and bow (8:19) — the second word's clause wit
ERROR [part1] line 325: NameError: name 'ST' is not defined
    ST_CARRY = A(ST, 'the_levites_separated', 'to_carry_the_ark')
ERROR [part1] line 325: NameError: name 'ST' is not defined
    ST_CHARGE = A(ST, 'the_third_forty_and_the_go', 'the_charge_forward')
ERROR [part1] line 325: NameError: name 'ST' is not defined
    ST_ARK = DD(ST)['the_arks_contents_two_arms']
ERROR [part1] line 325: NameError: name 'ST' is not defined
    ST_KINGS = DD(ST)['kings_reads_the_ark']
ERROR [part1] line 325: NameError: name 'ST' is not defined
    ST_JOSH = DD(ST)['the_charge_to_joshua']
ERROR [part1] line 326: NameError: name 'ST_CARRY' is not defined
    assert ST_CARRY[0].startswith("to carry the ark (10:8) — the Kohathites' charge") and ST_CHARGE[0].startswith("the charge forward (10:11) — 'the land which I swore to their fathers to give them' share
ERROR [part1] line 327: NameError: name 'ST_KINGS' is not defined
    assert "'there was nothing in the ark except the two tablets of stone" in ST_KINGS['value']['1_kings_8_9'] and ST_JOSH['value']['31_7'].startswith("Moses to Joshua — 'for you shall go with this people
ERROR [part1] line 329: NameError: name 'NR' is not defined
    NR_STIFF = DD(NR)['the_stiff_necks_six_seats']
ERROR [part1] line 329: NameError: name 'NR' is not defined
    NR_MERIT = DD(NR)['the_merit_of_the_fathers']
ERROR [part1] line 330: NameError: name 'NR' is not defined
    NR_STIFF_ASK = A(NR, 'the_frame', 'stiff_necked')
ERROR [part1] line 330: NameError: name 'NR' is not defined
    NR_OATH_ASK = A(NR, 'the_frame', 'the_oath_to_the_fathers')
ERROR [part1] line 331: NameError: name 'NR_STIFF_ASK' is not defined
    assert NR_STIFF_ASK[0] not in ('', 'no verdict in span') and NR_OATH_ASK[0] not in ('', 'no verdict in span'), (NR_STIFF_ASK[0][:80], NR_OATH_ASK[0][:80])
ERROR [part1] line 332: NameError: name 'NR_STIFF' is not defined
    assert NR_STIFF['value']['the_seats'] == ['Deut 9:13', 'Deut 9:6', 'Exod 32:9', 'Exod 33:3', 'Exod 33:5', 'Exod 34:9'] and NR_STIFF['value']['the_finding'].startswith("all six the calf's") and NR_MERI
ERROR [part1] line 334: NameError: name 'BC' is not defined
    BC_SEE = A(BC, 'the_blessing_and_the_curse', 'see_i_set_before_you')
ERROR [part1] line 334: NameError: name 'BC' is not defined
    BC_CURSEIF = A(BC, 'the_blessing_and_the_curse', 'the_curse_if')
ERROR [part1] line 335: NameError: name 'BC_SEE' is not defined
    assert BC_SEE[0].startswith("see, I set before you (11:26) — 7:12's conditional (hearing_blessed on the tape by kind) made a pair set before the pe") and BC_CURSEIF[0].startswith("the curse if (11:28)
ERROR [part1] line 337: NameError: name 'SE' is not defined
    SE_SWORE = A(SE, 'the_whole_offering_the_heap_and_the_mercy', 'as_he_swore_to_your_fathers')
ERROR [part1] line 337: NameError: name 'SE' is not defined
    SE_KIN = A(SE, 'the_inciter', 'the_inciters_kin')
ERROR [part1] line 338: NameError: name 'SE_SWORE' is not defined
    assert SE_SWORE[0].startswith("as He swore to your fathers (13:18) — the oath's AS_WHEN form: the patriarchs' oath lines by kind") and SE_KIN[0].startswith("the inciter's kin (13:7) — the brother by t
ERROR [part1] line 340: NameError: name 'FT' is not defined
    FT_REMOVAL = A(FT, 'the_third_year', 'the_removal_date')
ERROR [part1] line 340: NameError: name 'FT' is not defined
    FT_ROW = DD(FT)['the_removal_date']
ERROR [part1] line 341: NameError: name 'FT_REMOVAL' is not defined
    assert FT_REMOVAL[0].startswith("the removal's date (14:28) — the eve of the last festival day of Passover of the fourth and the seventh year") and "31:10's 'at the end of seven years' by I2" in FT_RO
ERROR [part1] line 343: NameError: name 'RF' is not defined
    RF_END = A(RF, 'the_release', 'the_release_at_the_years_end')
ERROR [part1] line 343: NameError: name 'RF' is not defined
    RF_ONSET = A(RF, 'the_release', 'the_onset')
ERROR [part1] line 343: NameError: name 'RF' is not defined
    RF_ROW = DD(RF)['the_release_date']
ERROR [part1] line 344: NameError: name 'RF_END' is not defined
    assert RF_END[0].startswith("the release at the year's end (15:1) — 'end' is the year's end by I2 with 31:10 (the Sifrei 111:1; Rosh Hashanah 8b") and RF_ONSET[0].startswith('the onset (15:1) — after 
ERROR [part1] line 346: NameError: name 'FJ' is not defined
    FJ_SEVEN = A(FJ, 'the_feast_of_booths', 'the_seven_days')
ERROR [part1] line 346: NameError: name 'FJ' is not defined
    FJ_TIMES = A(FJ, 'the_three_pilgrimages', 'the_three_times')
ERROR [part1] line 346: NameError: name 'FJ' is not defined
    FJ_WHO = A(FJ, 'the_three_pilgrimages', 'who_appears')
ERROR [part1] line 346: NameError: name 'FJ' is not defined
    FJ_EXEMPT = DD(FJ)['the_exempt_from_appearing']
ERROR [part1] line 347: NameError: name 'FJ_SEVEN' is not defined
    assert FJ_SEVEN[0].startswith("the seven days (16:13, 15) — Leviticus 23's feast by CALL (moadim.sukkot() length 7") and FJ_TIMES[0].startswith('the three times (16:16) — all the males appear three ti
ERROR [part1] line 349: NameError: name 'CP' is not defined
    CP_AGR = A(CP, 'the_king', 'from_among_your_brothers_and_agrippas')
ERROR [part1] line 349: NameError: name 'CP' is not defined
    CP_COPY = A(CP, 'the_king', 'the_copy_of_the_law')
ERROR [part1] line 349: NameError: name 'CP' is not defined
    CP_CIRCLE = A(CP, 'the_king', 'the_circle_of_learning_and_the_heart')
ERROR [part1] line 349: NameError: name 'CP' is not defined
    CP_FORM = DD(CP)['the_copys_form']
ERROR [part1] line 350: NameError: name 'CP_AGR' is not defined
    assert CP_AGR[0].startswith('from among your brothers and Agrippas (17:15) — not from outside the land, not from others') and CP_COPY[0].startswith('the copy of the law (17:18-19) — his own, the whole
ERROR [part1] line 352: NameError: name 'FE' is not defined
    FE_FRUITS = A(FE, 'the_blessings', 'plenteous_in_goods_womb_beast_and_ground')
ERROR [part1] line 352: NameError: name 'FE' is not defined
    FE_SCATTER = A(FE, 'the_curses_of_the_siege_and_the_exile', 'scattered_among_all_peoples_to_serve_wood_and_stone')
ERROR [part1] line 352: NameError: name 'FE' is not defined
    FE_PEOPLE = A(FE, 'the_people_this_day', 'this_day_you_have_become_a_people_to_the_lord')
ERROR [part1] line 353: NameError: name 'FE' is not defined
    FE_SIX = DD(FE)['the_false_six']
ERROR [part1] line 353: NameError: name 'FE' is not defined
    FE_THREE = DD(FE)['the_three_covenants']
ERROR [part1] line 353: NameError: name 'FE' is not defined
    FE_STATE = DD(FE)['the_hearkening_state']
ERROR [part1] line 354: NameError: name 'FE_FRUITS' is not defined
    assert FE_FRUITS[0].startswith("plenteous in goods, womb, beast and ground (28:11) — 7:13's list forward") and FE_SCATTER[0].startswith('scattered among all peoples to serve wood and stone (28:64) — 4
ERROR [part1] line 355: NameError: name 'FE_SIX' is not defined
    assert "30:9's twin ahead" in FE_SIX['value']['28:63'] and FE_THREE['value'] == ['Horeb (Exodus 24; Deut 5:2)', 'the plains of Moab (Deut 28:69)', 'Gerizim and Ebal (Deut 27:11-13; Joshua 8:30-35)'] a
ERROR [part1] line 357: NameError: name 'RW' is not defined
    RW_FEAR = A(RW, 'the_priests_speech', 'hear_israel_the_fourth')
ERROR [part1] line 357: NameError: name 'RW' is not defined
    RW_WAR = A(RW, 'the_priests_speech', 'when_you_go_out_to_war')
ERROR [part1] line 358: NameError: name 'RW_FEAR' is not defined
    assert RW_FEAR[0].startswith('hear, Israel — the fourth (20:3-4) — the four fears against the four terrors; the Presence goes with you') and RW_WAR[0].startswith('when you go out to war (20:1) — again
ERROR [part1] line 398: NameError: name 'PN' is not defined
    PN_SIX = A(PN, 'the_place_chosen', 'the_stations_six_rows')
ERROR [part1] line 398: NameError: name 'PN' is not defined
    PN_THREE = A(PN, 'the_place_chosen', 'the_three_commandments_of_the_entry')
ERROR [part1] line 399: NameError: name 'PN_SIX' is not defined
    assert PN_SIX[0].startswith("the stations' six rows (12:9-11) — the wilderness permitted / forbidden under the Tabernacle, Gilgal permitted, Shiloh") and PN_THREE[0].startswith('the three commandments
THE CALLEES' FACTS held: opening_speech, gad_reuben, good_land, exodus_story, covenant_at_horeb, hear_o_israel, seven_nations, obey_horeb, second_tablets, not_righteousness, blessing_and_curse, seducers, food_tithe, release_firstborn, festivals_judges, courts_prophet, firstfruits_ebal_curses, refuge_war_family, tochacha, yovel, calendar, moadim, musafim, mamre, primeval, family, erection, beha, chukat, journeys, vestments, shelach, place_name — thirty-three runners, every edge live at its cell
ERROR [part5] line 23: NameError: name 'FJ_EXEMPT' is not defined
    OWN_F2 = FOUND(the_covenant_and_the_oath({'ask': 'from_the_hewer_of_wood_to_the_drawer_of_water'}, {})[0])
ERROR [part5] line 24: NameError: name 'GL_GARMENT' is not defined
    READBACK = [
    rb('Deut 29:1', "and Moses called to all Israel: you have seen all that the LORD did before your eyes in Egypt, to Pharaoh, his servants and his land", 'SUPPLIED', "SUPPLIED AS A LAW 
ERROR [part5] line 104: NameError: name 'READBACK' is not defined
    RB_GRADES = collections.Counter(r['grade'] for r in READBACK)
ERROR [part5] line 105: NameError: name 'READBACK' is not defined
    print('THE READBACK (printed before it is asserted): rows %d, grades %s, on the tape %d, by CALL %d, supplied %d, with writes %d, state rows %s, pointer rows %s' % (len(READBACK), dict(RB_GRADES), sum
ERROR [part5] line 106: NameError: name 'READBACK' is not defined
    assert len(READBACK) == 78 and [r['verses'] for r in READBACK] == ['Deut 29:%d' % v for v in range(1, 29)] + ['Deut 30:%d' % v for v in range(1, 21)] + ['Deut 31:%d' % v for v in range(1, 31)] and all
ERROR [part5] line 107: NameError: name 'READBACK' is not defined
    assert [r['verses'] for r in READBACK if r['state']] == ['Deut 30:15', 'Deut 30:17'] and [r['verses'] for r in READBACK if r['pointer']] == ['Deut 31:10'] and READBACK[57]['pointer']['paid'] is True a
ERROR [part5] line 109: NameError: name 'READBACK' is not defined
    assert all(r['grade'] == 'SUPPLIED' and r['write'] for r in READBACK if r['verses'] in FIRSTS20) and all(r['write'] in _FXV for r in READBACK if r['write']), [(r['verses'], r['grade'], r['write']) for
ERROR [part5] line 111: NameError: name 'READBACK' is not defined
    assert all(r['tape_kind'] in _EVREG0 for r in READBACK if r['tape_kind']), [r['tape_kind'] for r in READBACK if r['tape_kind'] and r['tape_kind'] not in _EVREG0]
THE EXAM ROWS (printed before they are asserted): 7 ['Sotah 7:8', 'Berakhot 9:2', 'Avot 1:6', 'Sotah 11:3', 'Sotah 11:4', 'Sotah 11:2', 'Ketubot 5:8']
ERROR [part5] line 125: NameError: name 'READBACK' is not defined
    DATA = {
    'the_readback': {'value': READBACK, 'holes': HOLES, 'open_rows': OPEN_ROWS, 'settings': {'the_form': "THE READBACK'S FORMS ON FILE, NO NEW FORM (THE LOOP.md step 6; THE DEUTERONOMY WALK 1
ERROR [part5] line 164: NameError: name 'DATA' is not defined
    assert all(p in DATA and DATA[p]['settings'].get('a_parameter') for p in PARAMETERS) and len(PARAMETERS) == len(set(PARAMETERS)) == 13, [p for p in PARAMETERS if p not in DATA]
ERROR [part5] line 165: NameError: name 'DATA' is not defined
    print('THE DATA (printed before it is asserted): parameters %d (with arms %d), rows %d' % (len(PARAMETERS), sum(1 for p in PARAMETERS if DATA[p]['settings'].get('the_arms')), len(DATA)))
THE NARRATIVE (printed before it is asserted): (68, 0, 5, (12, 7), 0, 0, 0, 1, [(11, 1), (12, 7)]) {'israel_people': ['covenant_words_keeping_commanded', 'standing_before_the_lord_this_day', 'covenant_oath_sworn_this_day', 'covenant_with_those_not_here', 'entered_the_covenant', 'became_the_lords_people_this_day', 'heart_turning_to_other_gods_barred', 'stubborn_self_blessing_barred', 'hidden_idolater_unpardoned', 'curses_of_the_book_on_the_idolater', 'name_blotted_from_under_heaven', 'separated_for_evil_from_all_tribes', 'land_brimstone_salt_like_sodom', 'nations_question_answered_covenant_forsaken', 'uprooted_and_cast_into_another_land', 'hidden_things_the_lords', 'revealed_things_ours_to_do', 'return_to_the_lord_the_condition', 'captivity_returned_on_return', 'gathered_from_all_the_peoples', 'gathered_from_the_end_of_heaven', 'brought_into_the_fathers_land_again', 'multiplied_above_the_fathers', 'heart_circumcised_by_the_lord', 'curses_put_on_the_enemies', 'return_and_hearken_and_do_commanded', 'abounding_in_fruit_of_body_cattle_ground', 'rejoiced_over_as_over_the_fathers', 'commandment_not_too_hard_nor_far', 'commandment_not_in_heaven_nor_beyond_the_sea', 'commandment_in_mouth_and_heart_to_do', 'life_and_death_set_before_israel', 'choose_life_commanded', 'living_and_multiplying_for_hearkening', 'perishing_for_turning_away', 'length_of_days_on_the_land_promised', 'heaven_and_earth_witness', 'blessing_and_curse_set', 'cleaving_commanded', 'joshua_to_cross_before_israel', 'nations_dispossessed_as_sihon_and_og_promised', 'be_strong_and_courageous_commanded', 'fear_not_promised', 'law_written_and_given_to_priests_and_elders', 'hakhel_reading_commanded', 'hakhel_assembly_of_all_commanded', 'hakhel_children_hear_and_learn_commanded', 'future_whoring_after_foreign_gods_foretold', 'covenant_breaking_foretold', 'face_hidden_and_forsaken_foretold', 'evils_and_troubles_befall_foretold', 'song_writing_commanded', 'song_taught_and_put_in_mouths_commanded', 'song_a_witness_against_israel', 'song_written_and_taught_by_moses', 'book_a_witness_against_israel', 'elders_and_officers_assembled_commanded', 'corruption_after_moses_death_foretold', 'song_spoken_to_the_assembly_to_its_end', 'heaven_and_earth_witness'], 'yehoshua': ['joshua_charged_to_bring_israel_in', 'fear_not_promised', 'joshua_commissioned_to_bring_israel_in', 'lord_with_joshua_promised'], 'moses': ['moses_days_approach_to_die', 'moses_to_sleep_with_the_fathers'], 'the_levites': ['book_of_the_law_beside_the_ark_commanded'], 'the_tent_of_meeting': ['glory_appeared']} [{'verse': 'Deut 31:1', 'value': 'a hundred and twenty years old this day (31:2) — the last day of Moses: the year from the ink (Exodus 7:7 — eighty at the exodus, plus the forty years), the month and the day from the answer sheet (the 7th of Adar — Tosefta Sotah 11:3); the counter moves from (40, 11, 1) at 1:3 for the first time in the book; positioned at 31:1 (Genesis 7:1 the precedent)', 'retrograde': False, 'placement': 'reading_placed'}]
fastcheck: part1 fails 74, part2 fails 0, part3 fails 0, part4 fails 0, part5 fails 11, part6 fails 0
