==== A. THE KIN BY COMPUTATION (the closest three re-scored in order; shared tokens outside the stop list)
  29:1: [('Deut 5:1', 5, 8), ('Deut 11:3', 5, 6), ('Deut 34:11', 5, 9)]
  29:2: [('Deut 7:19', 4, 5), ('Deut 10:21', 3, 4), ('1Sam 24:11', 2, 2)]
  29:3: [('Exod 36:1', 3, 3), ('Isa 50:4', 3, 3), ('1Chr 17:15', 2, 1)]
  29:4: [('Amos 2:10', 5, 4), ('1Sam 4:18', 3, 2), ('Amos 5:25', 3, 2)]
  29:5: [('1Chr 12:41', 2, 3), ('1Sam 1:15', 2, 5), ('2Sam 13:5', 2, 2)]
  29:6: [('Deut 3:1', 5, 5), ('Deut 2:30', 4, 3), ('Deut 2:32', 4, 4)]
  29:7: [('1Chr 5:26', 4, 5), ('Josh 12:6', 4, 4), ('Josh 1:12', 3, 3)]
  29:8: [('Jer 11:6', 4, 5), ('2Kgs 23:3', 3, 5), ('Deut 7:12', 3, 5)]
  29:9: [('1Kgs 2:4', 3, 3), ('1Kgs 8:25', 3, 1), ('1Sam 4:2', 3, 2)]
  29:10: [('Deut 23:15', 2, 2), ('Josh 1:14', 2, 2)]
  29:11: [('1Sam 20:8', 2, 3), ('Exod 34:10', 2, 3)]
  29:12: [('Deut 9:5', 6, 6), ('Deut 6:10', 5, 5), ('Deut 30:20', 5, 5)]
  29:13: [('Deut 5:3', 3, 4), ('2Chr 21:7', 2, 2), ('2Kgs 18:30', 2, 3)]
  29:14: [('Josh 18:6', 3, 5), ('1Chr 19:13', 2, 2), ('1Kgs 8:57', 2, 3)]
  29:15: [('Exod 23:9', 2, 4), ('Ezek 20:9', 2, 2), ('Ezek 32:16', 2, 1)]
  29:16: [('1Kgs 10:2', 2, 2), ('1Kgs 15:15', 2, 3), ('1Kgs 15:19', 2, 2)]
  29:17: [('1Kgs 8:25', 3, 2), ('1Kgs 11:9', 3, 4), ('2Chr 6:16', 3, 2)]
  29:18: [('1Sam 27:12', 3, 2), ('2Kgs 16:15', 3, 4), ('Deut 2:26', 3, 2)]
  29:19: [('Deut 29:26', 5, 7), ('1Kgs 8:27', 3, 3), ('2Chr 6:18', 3, 3)]
  29:20: [('1Sam 9:21', 4, 3), ('2Chr 33:7', 4, 3), ('2Kgs 21:7', 4, 4)]
  29:21: [('Deut 13:6', 3, 3), ('1Kgs 8:41', 2, 3), ('2Chr 6:32', 2, 3)]
  29:22: [('Jer 49:18', 4, 4), ('Jer 50:40', 3, 3), ('1Kgs 10:5', 2, 2)]
  29:23: [('1Kgs 9:8', 7, 9), ('2Chr 7:21', 5, 6), ('Jer 22:8', 5, 7)]
  29:24: [('1Kgs 8:21', 5, 9), ('1Kgs 9:9', 5, 9), ('2Chr 7:22', 5, 10)]
  29:25: [('Jer 16:11', 5, 6), ('Judg 2:12', 5, 5), ('Jer 13:10', 4, 6)]
  29:26: [('Deut 29:19', 5, 7), ('1Chr 13:11', 3, 4), ('2Sam 6:8', 3, 4)]
  29:27: [('1Kgs 3:6', 3, 3), ('Jer 11:5', 3, 3), ('Jer 21:5', 3, 3)]
  29:28: [('Deut 6:25', 4, 5), ('Deut 27:26', 4, 4), ('Deut 28:58', 4, 6)]
  30:1: [('Deut 30:19', 4, 2), ('1Sam 16:16', 3, 2), ('Deut 15:9', 3, 1)]
  30:2: [('Deut 26:16', 4, 7), ('Deut 4:29', 3, 6), ('Deut 4:30', 3, 6)]
  30:3: [('1Kgs 5:14', 2, 3), ('Deut 7:6', 2, 5), ('Deut 7:7', 2, 3)]
  30:4: [('Neh 1:9', 4, 5), ('2Chr 6:26', 2, 1), ('2Chr 7:13', 2, 1)]
  30:5: []
  30:6: [('Deut 4:29', 3, 7), ('Deut 6:5', 3, 7), ('Deut 10:12', 3, 10)]
  30:7: [('Deut 28:48', 2, 2), ('Ps 21:9', 2, 2)]
  30:8: [('Deut 27:10', 4, 9), ('Deut 13:19', 3, 9), ('Deut 28:1', 3, 9)]
  30:9: [('Deut 28:11', 6, 8), ('Deut 28:4', 3, 2), ('Deut 2:7', 2, 6)]
  30:10: [('Deut 28:15', 5, 7), ('Deut 13:19', 4, 9), ('Deut 26:16', 4, 6)]
  30:11: [('Deut 15:5', 3, 6), ('Deut 19:9', 3, 7), ('Deut 6:25', 2, 3)]
  30:12: [('Deut 30:13', 6, 9), ('Judg 1:1', 4, 4), ('Judg 20:18', 3, 3)]
  30:13: [('Deut 30:12', 6, 9), ('2Chr 20:2', 3, 2), ('Judg 1:1', 3, 4)]
  30:14: [('1Chr 21:8', 2, 2), ('1Sam 3:17', 2, 2), ('1Sam 18:8', 2, 1)]
  30:15: [('1Chr 21:23', 3, 2), ('Deut 30:19', 3, 2), ('1Kgs 3:12', 2, 2)]
  30:16: [('1Kgs 2:3', 4, 8), ('1Kgs 8:58', 4, 5), ('Deut 8:11', 4, 4)]
  30:17: [('Deut 4:19', 3, 3), ('Deut 8:19', 3, 2), ('1Kgs 9:6', 2, 2)]
  30:18: [('Deut 4:26', 6, 7), ('Deut 32:47', 4, 10), ('Deut 9:1', 3, 5)]
  30:19: [('Deut 30:1', 4, 2), ('Deut 4:26', 3, 7), ('Deut 30:15', 3, 3)]
  30:20: [('Deut 1:8', 6, 9), ('Deut 6:10', 6, 9), ('Deut 9:5', 5, 10)]
  31:1: [('Num 14:39', 4, 7), ('2Sam 3:19', 3, 4), ('Deut 1:1', 3, 4)]
  31:2: [('Jer 25:3', 5, 4), ('1Kgs 13:16', 4, 5), ('1Kgs 20:9', 4, 4)]
  31:3: [('1Kgs 16:34', 2, 2), ('Deut 1:21', 2, 7), ('Deut 1:38', 2, 3)]
  31:4: [('Josh 9:10', 5, 4), ('2Kgs 23:19', 3, 2), ('Josh 2:10', 3, 4)]
  31:5: [('Jer 11:4', 4, 3), ('Deut 1:30', 3, 5), ('Num 32:29', 3, 3)]
  31:6: [('Deut 31:8', 4, 7), ('1Chr 28:20', 3, 9), ('2Chr 32:7', 3, 6)]
  31:7: [('Josh 1:6', 6, 11), ('Num 20:12', 6, 9), ('Deut 10:11', 5, 7)]
  31:8: [('1Chr 28:20', 5, 5), ('Deut 31:6', 4, 7), ('1Sam 17:37', 3, 3)]
  31:9: [('Deut 31:22', 5, 6), ('Josh 8:33', 5, 5), ('1Kgs 8:1', 4, 6)]
  31:10: [('1Kgs 2:39', 3, 1), ('2Chr 8:13', 3, 3), ('2Kgs 8:1', 3, 3)]
  31:11: [('2Kgs 23:27', 3, 4), ('Deut 16:16', 3, 9), ('Deut 31:9', 3, 5)]
  31:12: [('Deut 27:26', 5, 4), ('Deut 17:19', 4, 8), ('Deut 27:3', 4, 5)]
  31:13: [('Deut 32:47', 4, 10), ('Deut 4:10', 3, 8), ('Deut 4:26', 3, 8)]
  31:14: [('Num 11:16', 4, 5), ('1Sam 3:6', 3, 1), ('1Sam 3:8', 3, 3)]
  31:15: [('Num 12:5', 5, 6), ('Exod 33:9', 4, 4), ('Exod 33:10', 4, 4)]
  31:16: [('Exod 32:9', 5, 7), ('Exod 32:31', 5, 4), ('Num 14:11', 5, 8)]
  31:17: [('2Sam 18:8', 4, 2), ('Deut 31:21', 4, 5), ('Zech 14:21', 4, 2)]
  31:18: [('1Kgs 8:64', 3, 5), ('1Sam 10:9', 3, 2), ('2Sam 18:8', 3, 3)]
  31:19: [('Deut 31:22', 4, 6), ('Num 3:41', 4, 3), ('Num 36:8', 4, 4)]
  31:20: [('Deut 11:9', 4, 5), ('Deut 26:15', 4, 5), ('Jer 11:5', 4, 5)]
  31:21: [('Deut 31:17', 4, 5), ('2Sam 22:1', 3, 2), ('Deut 31:19', 3, 3)]
  31:22: [('Deut 31:9', 5, 6), ('1Sam 7:6', 4, 5), ('Deut 3:18', 4, 4)]
  31:23: [('Num 32:28', 6, 6), ('Deut 1:38', 5, 7), ('Deut 31:7', 5, 10)]
  31:24: [('2Kgs 22:11', 4, 4), ('Deut 31:30', 4, 6), ('1Kgs 8:54', 3, 5)]
  31:25: [('Josh 8:33', 5, 5), ('1Chr 15:26', 4, 6), ('Josh 3:3', 4, 4)]
  31:26: [('2Sam 15:24', 3, 3), ('Deut 10:8', 3, 4), ('Deut 17:18', 3, 2)]
  31:27: [('Deut 31:29', 3, 4), ('1Chr 8:32', 2, 2), ('1Chr 9:38', 2, 2)]
  31:28: [('1Kgs 20:7', 2, 1), ('1Sam 17:44', 2, 3), ('Deut 2:9', 2, 3)]
  31:29: [('1Kgs 16:7', 4, 5), ('Deut 11:28', 4, 5), ('1Kgs 11:6', 3, 3)]
  31:30: [('Deut 32:44', 6, 5), ('2Sam 22:1', 4, 5), ('Deut 31:22', 4, 4)]
==== B. THE TWINS DIFFED (shared tokens in order / the longest run)
  29:1 vs Deut 1:1: shared 4 of 22/22; run ['משה', 'אל', 'כל', 'ישראל']
  29:1 vs Deut 5:1: shared 8 of 22/22; run ['ויקרא', 'משה', 'אל', 'כל', 'ישראל', 'ויאמר', 'אלהם']
  29:2 vs Deut 7:19: shared 5 of 9/25; run ['הגדלת', 'אשר', 'ראו', 'עיניך']
  29:2 vs Deut 4:34: shared 1 of 9/27; run ['אשר']
  29:3 vs Isa 6:10: shared 2 of 13/18; run ['לב']
  29:4 vs Deut 8:4: shared 2 of 14/10; run ['ארבעים', 'שנה']
  29:4 vs Deut 8:2: shared 4 of 14/23; run ['ארבעים', 'שנה', 'במדבר']
  29:4 vs Deut 2:7: shared 3 of 14/22; run ['ארבעים', 'שנה']
  29:5 vs Deut 8:3: shared 4 of 13/28; run ['לא']
  29:6 vs Deut 2:32: shared 4 of 14/8; run ['ויצא', 'סיחן']
  29:6 vs Deut 3:1: shared 5 of 14/14; run ['מלך', 'הבשן', 'לקראתנו']
  29:7 vs Deut 3:12: shared 2 of 10/18; run ['לראובני', 'ולגדי']
  29:7 vs Num 32:33: shared 2 of 10/28; run ['ולחצי', 'שבט']
  29:9 vs Deut 31:28: shared 2 of 14/18; run ['שבטיכם']
  29:9 vs Deut 1:15: shared 1 of 14/21; run ['אתם']
  29:10 vs Deut 31:12: shared 2 of 11/24; run ['וגרך', 'אשר']
  29:10 vs Josh 9:21: shared 0 of 11/15; run []
  29:11 vs Deut 5:2: shared 2 of 11/6; run ['יהוה']
  29:12 vs Deut 28:9: shared 3 of 19/16; run ['לו', 'לעם']
  29:12 vs Deut 27:9: shared 2 of 19/17; run ['היום']
  29:12 vs Deut 26:17: shared 3 of 19/15; run ['לך', 'לאלהים']
  29:12 vs Exod 6:7: shared 2 of 19/17; run ['לעם']
  29:14 vs Deut 5:3: shared 3 of 17/16; run ['כי']
  29:15 vs Deut 5:3: shared 1 of 15/16; run ['כי']
  29:16 vs Deut 4:28: shared 3 of 11/17; run ['עץ', 'ואבן']
  29:17 vs Deut 11:16: shared 1 of 30/11; run ['פן']
  29:17 vs Deut 13:6: shared 4 of 30/32; run ['או']
  29:17 vs Heb 12:15: NOT IN THE DB
  29:19 vs Deut 9:14: shared 3 of 26/14; run ['מתחת', 'השמים']
  29:19 vs Exod 20:5: shared 2 of 26/21; run ['לא']
  29:20 vs Deut 28:58: shared 1 of 13/21; run ['יהוה']
  29:20 vs Deut 29:26: shared 4 of 13/13; run ['הכתובה', 'בספר']
  29:21 vs Deut 28:59: shared 2 of 23/13; run ['את']
  29:21 vs Deut 28:61: shared 2 of 23/16; run ['אשר']
  29:22 vs Gen 19:24: shared 2 of 24/12; run ['גפרית']
  29:22 vs Gen 14:2: shared 2 of 24/20; run ['סדם']
  29:22 vs Gen 19:25: shared 2 of 24/13; run ['כל']
  29:23 vs 1Kgs 9:8: shared 9 of 15/19; run ['על', 'מה', 'עשה', 'יהוה', 'ככה', 'לארץ', 'הזאת']
  29:23 vs Jer 22:8: shared 7 of 15/18; run ['על', 'מה', 'עשה', 'יהוה', 'ככה']
  29:24 vs Deut 31:16: shared 3 of 16/28; run ['אשר']
  29:24 vs Deut 31:20: shared 2 of 16/22; run ['אשר']
  29:25 vs Deut 13:7: shared 4 of 13/27; run ['אלהים', 'אחרים']
  29:25 vs Deut 28:64: shared 4 of 13/20; run ['אלהים', 'אחרים']
  29:26 vs Deut 28:61: shared 1 of 13/16; run ['יהוה']
  29:26 vs Deut 29:20: shared 4 of 13/13; run ['הכתובה', 'בספר']
  29:27 vs Deut 28:36: shared 2 of 14/21; run ['יהוה']
  29:27 vs Deut 28:64: shared 1 of 14/20; run ['יהוה']
  29:27 vs Deut 30:3: shared 1 of 14/15; run ['יהוה']
  29:28 vs Deut 28:58: shared 6 of 14/21; run ['לעשות', 'את', 'כל', 'דברי', 'התורה', 'הזאת']
  29:28 vs Deut 31:12: shared 6 of 14/24; run ['לעשות', 'את', 'כל', 'דברי', 'התורה', 'הזאת']
  30:1 vs Deut 11:26: shared 0 of 22/7; run []
  30:1 vs Deut 4:30: shared 5 of 22/14; run ['כל', 'הדברים', 'האלה']
  30:1 vs Deut 30:15: shared 2 of 22/12; run ['נתתי', 'לפניך']
  30:2 vs Deut 4:30: shared 6 of 17/14; run ['ושבת', 'עד', 'יהוה', 'אלהיך', 'ושמעת', 'בקלו']
  30:2 vs Deut 6:5: shared 6 of 17/10; run ['בכל', 'לבבך', 'ובכל', 'נפשך']
  30:3 vs Deut 28:64: shared 3 of 15/20; run ['יהוה']
  30:3 vs Lev 26:42: shared 1 of 15/15; run ['את']
  30:4 vs Deut 4:32: shared 1 of 11/28; run ['השמים']
  30:4 vs Deut 30:3: shared 2 of 11/15; run ['יהוה', 'אלהיך']
  30:5 vs Deut 30:9: shared 3 of 12/23; run ['יהוה', 'אלהיך']
  30:6 vs Deut 10:16: shared 1 of 18/8; run ['את']
  30:6 vs Deut 6:5: shared 7 of 18/10; run ['את', 'יהוה', 'אלהיך', 'בכל', 'לבבך', 'ובכל', 'נפשך']
  30:6 vs Jer 4:4: shared 0 of 18/19; run []
  30:7 vs Deut 30:1: shared 2 of 13/22; run ['יהוה', 'אלהיך']
  30:8 vs Deut 30:2: shared 5 of 13/17; run ['אשר', 'אנכי', 'מצוך', 'היום']
  30:9 vs Deut 28:11: shared 8 of 23/17; run ['בפרי', 'בטנך', 'ובפרי', 'בהמתך', 'ובפרי', 'אדמתך']
  30:9 vs Deut 28:63: shared 2 of 23/25; run ['כאשר', 'שש']
  30:9 vs Deut 28:4: shared 2 of 23/11; run ['בטנך']
  30:10 vs Deut 28:1: shared 8 of 21/24; run ['תשמע', 'בקול', 'יהוה', 'אלהיך', 'לשמר']
  30:10 vs Deut 30:2: shared 6 of 21/17; run ['בכל', 'לבבך', 'ובכל', 'נפשך']
  30:11 vs Deut 17:8: shared 2 of 14/26; run ['כי']
  30:12 vs Deut 30:13: shared 9 of 13/16; run ['ויקחה', 'לנו', 'וישמענו', 'אתה', 'ונעשנה']
  30:12 vs Prov 30:4: shared 1 of 13/24; run ['מי']
  30:13 vs Deut 30:12: shared 9 of 16/13; run ['ויקחה', 'לנו', 'וישמענו', 'אתה', 'ונעשנה']
  30:14 vs Deut 6:6: shared 0 of 8/9; run []
  30:15 vs Deut 11:26: shared 2 of 12/7; run ['ראה']
  30:15 vs Deut 30:19: shared 2 of 12/19; run ['נתתי', 'לפניך']
  30:16 vs Deut 10:12: shared 6 of 25/26; run ['את', 'יהוה', 'אלהיך', 'ללכת']
  30:16 vs Deut 26:17: shared 5 of 25/15; run ['את', 'יהוה']
  30:16 vs Deut 8:1: shared 6 of 25/19; run ['אשר', 'אנכי', 'מצוך', 'היום']
  30:17 vs Deut 29:17: shared 0 of 10/30; run []
  30:17 vs Deut 11:16: shared 1 of 10/11; run ['אחרים']
  30:18 vs Deut 4:26: shared 7 of 19/27; run ['כי', 'אבד', 'תאבדון']
  30:18 vs Deut 30:16: shared 5 of 19/25; run ['אשר', 'אתה']
  30:19 vs Deut 4:26: shared 7 of 19/27; run ['העידתי', 'בכם', 'היום', 'את', 'השמים', 'ואת', 'הארץ']
  30:19 vs Deut 31:28: shared 4 of 19/18; run ['את', 'השמים', 'ואת', 'הארץ']
  30:19 vs Deut 32:1: shared 2 of 19/7; run ['השמים']
  30:20 vs Deut 10:20: shared 3 of 25/10; run ['את', 'יהוה', 'אלהיך']
  30:20 vs Deut 11:9: shared 7 of 25/16; run ['על', 'האדמה', 'אשר', 'נשבע', 'יהוה']
  30:20 vs Deut 6:13: shared 3 of 25/8; run ['את', 'יהוה', 'אלהיך']
  31:1 vs Deut 32:45: shared 7 of 9/10; run ['הדברים', 'האלה', 'אל', 'כל', 'ישראל']
  31:2 vs Deut 34:7: shared 5 of 21/12; run ['בן', 'מאה', 'ועשרים', 'שנה']
  31:2 vs Deut 3:27: shared 5 of 21/17; run ['לא', 'תעבר', 'את', 'הירדן', 'הזה']
  31:2 vs Gen 6:3: shared 4 of 21/15; run ['מאה', 'ועשרים', 'שנה']
  31:3 vs Deut 9:3: shared 9 of 19/22; run ['יהוה', 'אלהיך', 'הוא']
  31:3 vs Deut 3:28: shared 2 of 19/18; run ['הוא']
  31:4 vs Deut 3:21: shared 2 of 13/26; run ['יהוה']
  31:4 vs Deut 2:33: shared 1 of 13/11; run ['יהוה']
  31:5 vs Deut 7:2: shared 3 of 10/14; run ['ונתנם', 'יהוה']
  31:6 vs Deut 31:8: shared 7 of 17/15; run ['עמך', 'לא', 'ירפך', 'ולא', 'יעזבך']
  31:6 vs Deut 7:21: shared 4 of 17/10; run ['מפניהם', 'כי', 'יהוה', 'אלהיך']
  31:6 vs Deut 20:3: shared 5 of 17/20; run ['אל', 'תיראו', 'ואל']
  31:6 vs Josh 1:5: shared 3 of 17/17; run ['עמך', 'לא']
  31:7 vs Deut 3:28: shared 5 of 27/18; run ['העם', 'הזה']
  31:7 vs Deut 1:38: shared 1 of 27/15; run ['ישראל']
  31:7 vs Deut 31:23: shared 10 of 27/22; run ['חזק', 'ואמץ', 'כי', 'אתה']
  31:8 vs Deut 31:6: shared 7 of 15/17; run ['עמך', 'לא', 'ירפך', 'ולא', 'יעזבך']
  31:9 vs Deut 17:18: shared 4 of 19/16; run ['התורה', 'הזאת']
  31:9 vs Deut 10:8: shared 5 of 19/21; run ['את', 'ארון', 'ברית', 'יהוה']
  31:9 vs Deut 31:24: shared 4 of 19/12; run ['התורה', 'הזאת']
  31:10 vs Deut 15:1: shared 3 of 12/5; run ['מקץ', 'שבע', 'שנים']
  31:10 vs Deut 16:13: shared 0 of 12/9; run []
  31:10 vs Deut 15:9: shared 3 of 12/28; run ['שנת', 'השמטה']
  31:11 vs Deut 16:16: shared 9 of 19/25; run ['את', 'פני', 'יהוה', 'אלהיך', 'במקום', 'אשר', 'יבחר']
  31:11 vs Deut 12:5: shared 3 of 19/18; run ['אשר', 'יבחר']
  31:12 vs Deut 4:10: shared 5 of 24/31; run ['את', 'העם']
  31:12 vs Deut 29:10: shared 2 of 24/11; run ['וגרך', 'אשר']
  31:12 vs Deut 31:13: shared 6 of 24/24; run ['את', 'יהוה', 'אלהיכם']
  31:13 vs Deut 4:10: shared 8 of 24/31; run ['כל', 'הימים', 'אשר']
  31:14 vs Num 27:13: shared 1 of 21/11; run ['אל']
  31:14 vs Deut 34:5: shared 1 of 21/10; run ['יהוה']
  31:15 vs Exod 33:9: shared 4 of 11/13; run ['עמוד', 'הענן']
  31:15 vs Num 12:5: shared 6 of 11/12; run ['בעמוד', 'ענן', 'ויעמד']
  31:16 vs Gen 47:30: shared 1 of 28/11; run ['ויאמר']
  31:16 vs Deut 31:20: shared 5 of 28/22; run ['והפר', 'את', 'בריתי']
  31:16 vs Judg 2:17: shared 1 of 28/25; run ['יהוה']
  31:17 vs Deut 32:20: shared 3 of 27/15; run ['פני', 'מהם']
  31:17 vs Deut 31:18: shared 4 of 27/16; run ['ביום', 'ההוא']
  31:17 vs Deut 29:27: shared 0 of 27/14; run []
  31:18 vs Deut 32:20: shared 2 of 16/15; run ['פני']
  31:19 vs Deut 31:22: shared 6 of 20/11; run ['את', 'השירה', 'הזאת']
  31:19 vs Deut 31:21: shared 3 of 20/31; run ['השירה', 'הזאת']
  31:20 vs Deut 6:3: shared 4 of 22/20; run ['זבת', 'חלב', 'ודבש']
  31:20 vs Deut 32:15: shared 0 of 22/12; run []
  31:20 vs Deut 8:12: shared 0 of 22/7; run []
  31:21 vs Deut 31:17: shared 5 of 31/27; run ['רעות', 'רבות', 'וצרות']
  31:21 vs Deut 31:19: shared 3 of 31/20; run ['השירה', 'הזאת']
  31:22 vs Deut 31:19: shared 6 of 11/20; run ['את', 'השירה', 'הזאת']
  31:23 vs Deut 31:7: shared 10 of 22/27; run ['חזק', 'ואמץ', 'כי', 'אתה']
  31:23 vs Deut 1:38: shared 7 of 22/15; run ['יהושע', 'בן', 'נון']
  31:24 vs Deut 31:9: shared 4 of 12/19; run ['התורה', 'הזאת']
  31:25 vs Deut 31:9: shared 5 of 9/19; run ['ארון', 'ברית', 'יהוה']
  31:26 vs Deut 10:5: shared 2 of 16/15; run ['את']
  31:26 vs Deut 31:19: shared 2 of 16/20; run ['את']
  31:27 vs Deut 9:6: shared 3 of 21/18; run ['כי']
  31:27 vs Deut 9:24: shared 3 of 21/7; run ['עם', 'יהוה']
  31:27 vs Deut 9:7: shared 5 of 21/25; run ['עם', 'יהוה']
  31:28 vs Deut 30:19: shared 4 of 18/19; run ['את', 'השמים', 'ואת', 'הארץ']
  31:28 vs Deut 29:9: shared 1 of 18/14; run ['כל']
  31:28 vs Deut 32:1: shared 2 of 18/7; run ['ואדברה']
  31:29 vs Deut 4:25: shared 5 of 27/18; run ['הרע', 'בעיני', 'יהוה']
  31:29 vs Deut 32:5: shared 0 of 27/8; run []
  31:29 vs Deut 4:30: shared 3 of 27/14; run ['באחרית', 'הימים']
  31:30 vs Deut 32:44: shared 5 of 12/14; run ['דברי', 'השירה', 'הזאת']
  31:30 vs Deut 31:1: shared 3 of 12/9; run ['וידבר']
==== C. THE FORMULAS OVER THE TORAH AND THE BIBLE (phrase seats by consonants; the lists cut to fourteen, the counts whole)
  as He swore to your fathers (kaasher nishba la-avotekha): Torah 2 ['Deut 13:18', 'Deut 19:8'] | Bible 2 ['Deut 13:18', 'Deut 19:8']
  to Abraham, to Isaac and to Jacob: Torah 11 ['Deut 1:8', 'Deut 29:12', 'Deut 30:20', 'Deut 34:4', 'Deut 6:10', 'Deut 9:27', 'Deut 9:5', 'Exod 33:1', 'Exod 6:8', 'Gen 50:24', 'Num 32:11'] | Bible 11 ['Deut 1:8', 'Deut 29:12', 'Deut 30:20', 'Deut 34:4', 'Deut 6:10', 'Deut 9:27', 'Deut 9:5', 'Exod 33:1', 'Exod 6:8', 'Gen 50:24', 'Num 32:11']
  the blessing and the curse (ha-berakhah ve-ha-kelalah): Torah 2 ['Deut 30:1', 'Deut 30:19'] | Bible 3 ['Deut 30:1', 'Deut 30:19', 'Josh 8:34']
  heaven and earth as witnesses (haidoti bakhem ha-yom): Torah 2 ['Deut 30:19', 'Deut 4:26'] | Bible 3 ['Deut 30:19', 'Deut 4:26', 'Jer 42:19']
  the heavens and the earth (et ha-shamayim ve-et ha-aretz): Torah 6 ['Deut 30:19', 'Deut 31:28', 'Deut 4:26', 'Exod 20:11', 'Exod 31:17', 'Gen 1:1'] | Bible 13 ['2Chr 2:11', '2Kgs 19:15', 'Deut 30:19', 'Deut 31:28', 'Deut 4:26', 'Exod 20:11', 'Exod 31:17', 'Gen 1:1', 'Hag 2:21', 'Hag 2:6', 'Isa 37:16', 'Jer 23:24', 'Jer 32:17']
  life and death (ha-chayim ve-ha-mavet): Torah 1 ['Deut 30:19'] | Bible 1 ['Deut 30:19']
  the words of this law (divrei ha-torah ha-zot): Torah 9 ['Deut 17:19', 'Deut 27:26', 'Deut 27:3', 'Deut 27:8', 'Deut 28:58', 'Deut 29:28', 'Deut 31:12', 'Deut 31:24', 'Deut 32:46'] | Bible 9 ['Deut 17:19', 'Deut 27:26', 'Deut 27:3', 'Deut 27:8', 'Deut 28:58', 'Deut 29:28', 'Deut 31:12', 'Deut 31:24', 'Deut 32:46']
  in this book (ba-sefer ha-zeh): Torah 3 ['Deut 28:58', 'Deut 29:19', 'Deut 29:26'] | Bible 4 ['Deut 28:58', 'Deut 29:19', 'Deut 29:26', 'Jer 25:13']
  this book of the law (sefer ha-torah ha-zeh): Torah 1 ['Deut 31:26'] | Bible 2 ['Deut 31:26', 'Josh 1:8']
  other gods (elohim acherim): Torah 19 ['Deut 11:16', 'Deut 11:28', 'Deut 13:14', 'Deut 13:3', 'Deut 13:7', 'Deut 17:3', 'Deut 18:20', 'Deut 28:14', 'Deut 28:36', 'Deut 28:64', 'Deut 29:25', 'Deut 31:18', 'Deut 31:20', 'Deut 5:7'] | Bible 46 ['1Kgs 11:10', '1Kgs 11:4', '1Kgs 14:9', '1Kgs 9:6', '1Sam 26:19', '1Sam 8:8', '2Chr 7:19', '2Kgs 17:35', '2Kgs 17:37', '2Kgs 17:38', '2Kgs 17:7', 'Deut 11:16', 'Deut 11:28', 'Deut 13:14']
  with all your heart and all your soul: Torah 7 ['Deut 10:12', 'Deut 26:16', 'Deut 30:10', 'Deut 30:2', 'Deut 30:6', 'Deut 4:29', 'Deut 6:5'] | Bible 7 ['Deut 10:12', 'Deut 26:16', 'Deut 30:10', 'Deut 30:2', 'Deut 30:6', 'Deut 4:29', 'Deut 6:5']
  I will hide My face (ve-histarti fanai): Torah 1 ['Deut 31:17'] | Bible 1 ['Deut 31:17']
  be strong and of good courage (chazak ve-ematz): Torah 2 ['Deut 31:23', 'Deut 31:7'] | Bible 9 ['1Chr 22:13', '1Chr 28:20', 'Deut 31:23', 'Deut 31:7', 'Isa 28:2', 'Josh 1:18', 'Josh 1:6', 'Josh 1:7', 'Josh 1:9']
  be strong and of good courage, plural (chizku ve-imtzu): Torah 1 ['Deut 31:6'] | Bible 3 ['2Chr 32:7', 'Deut 31:6', 'Josh 10:25']
  a hundred and twenty years (meah ve-esrim shanah): Torah 3 ['Deut 31:2', 'Deut 34:7', 'Gen 6:3'] | Bible 3 ['Deut 31:2', 'Deut 34:7', 'Gen 6:3']
  at the end of seven years (mi-ketz sheva shanim): Torah 2 ['Deut 15:1', 'Deut 31:10'] | Bible 3 ['Deut 15:1', 'Deut 31:10', 'Jer 34:14']
  the feast of booths (chag ha-sukkot): Torah 1 ['Deut 31:10'] | Bible 1 ['Deut 31:10']
  the ark of the covenant of the LORD (aron berit adonai): Torah 4 ['Deut 10:8', 'Deut 31:25', 'Deut 31:26', 'Deut 31:9'] | Bible 24 ['1Chr 15:25', '1Chr 15:26', '1Chr 15:28', '1Chr 15:29', '1Chr 16:37', '1Chr 22:19', '1Chr 28:18', '1Kgs 6:19', '1Kgs 8:1', '1Kgs 8:6', '1Sam 4:3', '1Sam 4:4', '1Sam 4:5', '2Chr 5:2']
  the pillar of cloud (amud he-anan / be-amud anan): Torah 3 ['Deut 31:15', 'Exod 13:21', 'Num 12:5'] | Bible 4 ['Deut 31:15', 'Exod 13:21', 'Num 12:5', 'Ps 99:7']
  your stiff neck (orpekha ha-kasheh): Torah 1 ['Deut 31:27'] | Bible 1 ['Deut 31:27']
  stiff-necked (kesheh oref): Torah 6 ['Deut 9:13', 'Deut 9:6', 'Exod 32:9', 'Exod 33:3', 'Exod 33:5', 'Exod 34:9'] | Bible 6 ['Deut 9:13', 'Deut 9:6', 'Exod 32:9', 'Exod 33:3', 'Exod 33:5', 'Exod 34:9']
  flowing with milk and honey: Torah 15 ['Deut 11:9', 'Deut 26:15', 'Deut 26:9', 'Deut 27:3', 'Deut 31:20', 'Deut 6:3', 'Exod 13:5', 'Exod 33:3', 'Exod 3:17', 'Exod 3:8', 'Lev 20:24', 'Num 13:27', 'Num 14:8', 'Num 16:13'] | Bible 20 ['Deut 11:9', 'Deut 26:15', 'Deut 26:9', 'Deut 27:3', 'Deut 31:20', 'Deut 6:3', 'Exod 13:5', 'Exod 33:3', 'Exod 3:17', 'Exod 3:8', 'Ezek 20:15', 'Ezek 20:6', 'Jer 11:5', 'Jer 32:22']
  Sodom and Gomorrah (sedom va-amorah): Torah 5 ['Deut 29:22', 'Gen 14:10', 'Gen 14:11', 'Gen 18:20', 'Gen 19:28'] | Bible 6 ['Deut 29:22', 'Gen 14:10', 'Gen 14:11', 'Gen 18:20', 'Gen 19:28', 'Jer 49:18']
  Admah and Zeboiim: Torah 0 [] | Bible 0 []
  wood and stone (etz va-even): Torah 4 ['Deut 28:36', 'Deut 28:64', 'Deut 29:16', 'Deut 4:28'] | Bible 7 ['2Kgs 19:18', 'Deut 28:36', 'Deut 28:64', 'Deut 29:16', 'Deut 4:28', 'Ezek 20:32', 'Isa 37:19']
  the end of heaven (ketzeh ha-shamayim): Torah 1 ['Deut 30:4'] | Bible 2 ['Deut 30:4', 'Neh 1:9']
  it is not in heaven (lo ba-shamayim hi): Torah 1 ['Deut 30:12'] | Bible 1 ['Deut 30:12']
  in your mouth and in your heart (be-fikha u-vilvavkha): Torah 1 ['Deut 30:14'] | Bible 1 ['Deut 30:14']
  the tent of meeting (ohel moed): Torah 97 ['Exod 28:43', 'Exod 29:10', 'Exod 29:11', 'Exod 29:30', 'Exod 29:32', 'Exod 29:4', 'Exod 29:42', 'Exod 29:44', 'Exod 30:16', 'Exod 30:18', 'Exod 30:20', 'Exod 30:26', 'Exod 31:7', 'Exod 33:7'] | Bible 106 ['1Chr 23:32', '1Chr 6:17', '1Kgs 8:4', '1Sam 2:22', '2Chr 1:13', '2Chr 1:3', '2Chr 5:5', 'Exod 28:43', 'Exod 29:10', 'Exod 29:11', 'Exod 29:30', 'Exod 29:32', 'Exod 29:4', 'Exod 29:42']
  sleep with your fathers (shokhev im avotekha): Torah 1 ['Deut 31:16'] | Bible 1 ['Deut 31:16']
  the hidden things (ha-nistarot): Torah 1 ['Deut 29:28'] | Bible 1 ['Deut 29:28']
  gall and wormwood (rosh ve-laanah): Torah 1 ['Deut 29:17'] | Bible 1 ['Deut 29:17']
  the hewer of your wood to the drawer of your water: Torah 1 ['Deut 29:10'] | Bible 1 ['Deut 29:10']
  brimstone and salt (gofrit va-melach): Torah 1 ['Deut 29:22'] | Bible 1 ['Deut 29:22']
  as the LORD rejoiced over your fathers (kaasher sas al avotekha): Torah 1 ['Deut 30:9'] | Bible 1 ['Deut 30:9']
  circumcise the heart (u-mal … et levavkha): Torah 1 ['Deut 30:6'] | Bible 1 ['Deut 30:6']
  return / gather from the peoples (ve-shav … ve-kibetzkha): Torah 1 ['Deut 30:3'] | Bible 1 ['Deut 30:3']
  that you may hear and learn and fear (le-maan yishmeu … ve-yilmedu ve-yareu): Torah 0 [] | Bible 0 []
  this song (ha-shirah ha-zot): Torah 7 ['Deut 31:19', 'Deut 31:21', 'Deut 31:22', 'Deut 31:30', 'Deut 32:44', 'Exod 15:1', 'Num 21:17'] | Bible 9 ['2Sam 22:1', 'Deut 31:19', 'Deut 31:21', 'Deut 31:22', 'Deut 31:30', 'Deut 32:44', 'Exod 15:1', 'Num 21:17', 'Ps 18:1']
  a witness (le-ed) against the children of Israel: Torah 1 ['Deut 31:19'] | Bible 1 ['Deut 31:19']
  single tokens (Torah) — "covenant" (berit / ha-berit / bi-vrit, the three chapters): [(29, 8, 'הברית'), (29, 11, 'בברית'), (29, 13, 'הברית'), (29, 20, 'הברית'), (29, 24, 'ברית'), (31, 9, 'ברית'), (31, 16, 'בריתי'), (31, 20, 'בריתי'), (31, 25, 'ברית'), (31, 26, 'ברית')] | "oath" (alah / ba-alah): [(29, 11, 'ובאלתו')] | "witness" (ed / le-ed): [(29, 3, 'עד'), (29, 10, 'עד'), (29, 28, 'עד'), (30, 2, 'עד'), (30, 19, 'העידתי'), (31, 19, 'לעד'), (31, 21, 'לעד'), (31, 24, 'עד'), (31, 26, 'לעד'), (31, 30, 'עד')]
  "return" (shuv forms, the three chapters): [(29, 7, 'שבט'), (29, 9, 'שבטיכם'), (29, 17, 'שבט'), (29, 20, 'שבטי'), (30, 1, 'והשבת'), (30, 2, 'ושבת'), (30, 3, 'ושב'), (30, 3, 'שבותך'), (30, 3, 'ושב'), (30, 8, 'תשוב'), (30, 9, 'ישוב'), (30, 10, 'תשוב'), (31, 10, 'שבע'), (31, 20, 'ושבע'), (31, 28, 'שבטיכם')] | "heart" (lev / levav forms): [(29, 3, 'לב'), (29, 17, 'לבבו'), (29, 18, 'בלבבו'), (30, 1, 'לבבך'), (30, 2, 'לבבך'), (30, 6, 'לבבך'), (30, 6, 'לבב'), (30, 6, 'לבבך'), (30, 10, 'לבבך'), (30, 14, 'ובלבבך'), (30, 17, 'לבבך')] | "this day" (ha-yom) per chapter: {29: 7, 30: 7, 31: 3}
  "you shall not / not" per chapter (the negations): {29: 12, 30: 6, 31: 10} | "if" (im) seats: [(30, 4), (30, 17)] | "lest" (pen) seats: [(29, 17)] | "saying": ['29:18', '30:12', '30:13', '31:10', '31:25']
  29:22 tokens (the store one more): ['גפרית', 'ומלח', 'שרפה', 'כל', 'ארצה', 'לא', 'תזרע', 'ולא', 'תצמח', 'ולא', 'יעלה', 'בה', 'כל', 'עשב', 'כמהפכת', 'סדם', 'ועמרה', 'אדמה', 'וצביים', 'אשר', 'הפך', 'יהוה', 'באפו', 'ובחמתו'] | 30:9: ['והותירך', 'יהוה', 'אלהיך', 'בכל', 'מעשה', 'ידך', 'בפרי', 'בטנך', 'ובפרי', 'בהמתך', 'ובפרי', 'אדמתך', 'לטובה', 'כי', 'ישוב', 'יהוה', 'לשוש', 'עליך', 'לטוב', 'כאשר', 'שש', 'על', 'אבתיך'] | 31:10: ['ויצו', 'משה', 'אותם', 'לאמר', 'מקץ', 'שבע', 'שנים', 'במעד', 'שנת', 'השמטה', 'בחג', 'הסכות'] | 31:20: ['כי', 'אביאנו', 'אל', 'האדמה', 'אשר', 'נשבעתי', 'לאבתיו', 'זבת', 'חלב', 'ודבש', 'ואכל', 'ושבע', 'ודשן', 'ופנה', 'אל', 'אלהים', 'אחרים', 'ועבדום', 'ונאצוני', 'והפר', 'את', 'בריתי'] | 31:27: ['כי', 'אנכי', 'ידעתי', 'את', 'מריך', 'ואת', 'ערפך', 'הקשה', 'הן', 'בעודני', 'חי', 'עמכם', 'היום', 'ממרים', 'היתם', 'עם', 'יהוה', 'ואף', 'כי', 'אחרי', 'מותי'] | 31:2: ['ויאמר', 'אלהם', 'בן', 'מאה', 'ועשרים', 'שנה', 'אנכי', 'היום', 'לא', 'אוכל', 'עוד', 'לצאת', 'ולבוא', 'ויהוה', 'אמר', 'אלי', 'לא', 'תעבר', 'את', 'הירדן', 'הזה']
==== D. ONKELOS OVER THE BOOK (the plain Aramaic of every export row through NFKC; EXPORT verse numbers)
  the covenant — keyama (kayam): 73 [(1, 35), (4, 1), (4, 4), (4, 5), (4, 6), (4, 8), (4, 10), (4, 13), (4, 14), (4, 23), (4, 31), (4, 40), (4, 45), (5, 1), (5, 3), (5, 23), (5, 28), (6, 1), (6, 2), (6, 7), (6, 17), (6, 20), (6, 24), (7, 8)]
  the oath — momata: 3 [(29, 11), (29, 13), (29, 18)]
  the Memra (the Word): 91 [(1, 5), (1, 6), (1, 9), (1, 16), (1, 26), (1, 28), (1, 32), (1, 34), (1, 37), (1, 43), (2, 2), (2, 4), (2, 7), (2, 17), (2, 26), (3, 18), (3, 21), (3, 22), (3, 23), (4, 24), (4, 30), (4, 33), (4, 36), (4, 37)]
  the Shekhinah: 1 [(31, 17)]
  the errors of the peoples (taavat amemaya — other gods): 32 [(4, 28), (6, 14), (7, 4), (7, 5), (7, 16), (7, 25), (8, 19), (11, 16), (11, 28), (12, 2), (12, 3), (12, 30), (12, 31), (13, 3), (13, 7), (13, 8), (13, 14), (17, 3), (18, 9), (18, 20), (20, 18), (28, 14), (28, 36), (28, 64)]
  idols of the peoples (taavan): 4 [(11, 16), (32, 12), (32, 16), (32, 21)]
  hide — the face (tavir / aslek shekhinti): 3 [(31, 17), (31, 18), (32, 20)]
  the song — tushbachta: 2 [(31, 22), (31, 30)]
  a hundred and twenty (meah ve-esrin): 0 []
  the ark — arona: 5 [(10, 1), (10, 2), (10, 3), (10, 5), (31, 26)]
  the pillar of cloud — amuda de-anana: 2 [(1, 33), (31, 15)]
  the release — shemitta: 4 [(15, 1), (15, 2), (15, 9), (31, 10)]
  the booths — metaliya: 4 [(14, 24), (16, 13), (16, 16), (31, 10)]
  the stiff neck — kedal: 4 [(9, 6), (9, 13), (10, 16), (31, 27)]
  wormwood / gall — merar: 1 [(32, 32)]
  Sodom and Gomorrah: 0 []
  the hidden — mitamran: 2 [(29, 28), (33, 19)]
  choose life — bechayei: 3 [(7, 10), (28, 66), (30, 19)]
  29:9 HE 14 ARM 15: אתון קימין יומא דין כלכון קדם יי אלהכון רישיכון שבטיכון סביכון וסרכיכון כל אנש ישראל
  29:12 HE 19 ARM 22: בדיל לאקמא יתך יומא דין קדמוהי לעמא והוא יהי לך לאלה כמא די מליל לך וכמא די קיים לאבהתך לאברהם ליצחק וליעקב
  29:17 HE 30 ARM 32: דילמא אית בכון גבר או אתתא או זרעית או שבטא די לביה פני יומא דין מדחלתא דיי אלהנא למהך למפלח ית טעות עממיא האנון דילמא אית בכון גבר מהרהר חטאין או זדון
  29:18 HE 21 ARM 24: ויהי במשמעיה ית פתגמי מומתא הדא ויחשב בלביה למימר שלמא יהי לי ארי בהרהור לבי אנא אזל בדיל לאוספא ליה חטאי שלותא על זדנותא
  29:22 HE 24 ARM 24: גפרתא ומלחא יקידת כל ארעה לא תזרע ולא תצמח ולא יסק בה כל עסבא כמהפכתא דסדם ועמרה אדמה וצבוים די הפך יי ברגזיה ובחמתיה
  29:28 HE 14 ARM 15: דמטמרן קדם יי אלהנא ודמגלין לנא ולבננא עד עלם למעבד ית כל פתגמי אוריתא הדא
  30:3 HE 15 ARM 17: ויתוב יי אלהך ית שבי גלותך וירחם עלך ויתוב ויכנשנך מכל עממיא די יבדרנך יי אלהך לתמן
  30:6 HE 18 ARM 20: ויעדי יי אלהך ית טפשות לבך וית טפשות לבא דבניך למרחם ית יי אלהך בכל לבך ובכל נפשך בדיל חייך
  30:9 HE 23 ARM 24: ויותרנך יי אלהך בכל עובדי ידך בולדא דמעך ובולדא דבעירך ובאבא דארעך לטבא ארי יתוב יי למחדי עלך לטב כמא די חדי על אבהתך
  30:12 HE 13 ARM 13: לא בשמיא היא למימר מן יסק לנא לשמיא ויסבה לנא וישמעננא יתה ונעבדנה
  30:19 HE 19 ARM 20: אסהדית בכון יומא דין ית שמיא וית ארעא חיי ומותא יהבית קדמך ברכן ולוטין ותתרעי בחיי בדיל דתיחי את ובניך
  31:2 HE 21 ARM 23: ואמר להון בר מאה ועשרין שנין אנא יומא דין לית אנא יכיל עוד למפק ולמעל ויי אמר לי לא תעבר ית ירדנא הדין
  31:6 HE 17 ARM 17: תקיפו ואלימו לא תדחלון ולא תתברון מקדמיהון ארי יי אלהך הוא דמדבר קדמך לא ישבקנך ולא ירטשנך
  31:9 HE 19 ARM 17: וכתב משה ית אוריתא הדא ויהבה לכהניא בני לוי דנטלין ית ארון קימא דיי ולכל סבי ישראל
  31:10 HE 12 ARM 12: ופקיד משה יתהון למימר מסוף שבע שנין בזמן שתא דשמטתא בחגא דמטליא
  31:14 HE 21 ARM 20: ואמר יי למשה הא קריבו יומיך לממת קרא ית יהושע ואתעתדו במשכן זמנא ואפקדניה ואזל משה ויהושע ואתעתדו במשכן זמנא
  31:15 HE 11 ARM 11: ואתגלי יי במשכנא בעמודא דעננא וקם עמודא דעננא על תרע משכנא
  31:16 HE 28 ARM 29: ואמר יי למשה הא את שכב עם אבהתך ויקום עמא הדין ויטעי בתר טעות עממי ארעא די הוא על תמן ביניהון וישבקון דחלתי וישנון ית קימי די גזרית עמהון
  31:17 HE 27 ARM 27: ויתקוף רגזי בהון ביומא ההוא וארחקנון ואסלק שכנתי מנהון ויהון למבז ויערען יתהון בישן סגיאן ועקן ויימר ביומא ההוא הלא מדלית שכינת אלהי ביני ערעוני בישיא האלין
  31:19 HE 20 ARM 20: וכען כתיבו לכון ית תשבחתא הדא ואלפה ית בני ישראל שויה בפמהון בדיל דתהי קדמי תשבחתא הדא לסהיד בבני ישראל
  31:26 HE 16 ARM 16: סיבו ית ספרא דאוריתא הדין ותשוון יתיה מסטר ארונא קימא דיי אלהכון ויהי תמן בך לסהיד
  31:27 HE 21 ARM 23: ארי אנא ידענא ית סרבנותך וית קדלך דקשיא הא בעד אנא קים עמכון יומא דין מסרבין הויתון קדם יי ואף ארי בתר דאמות
==== E. THE FRAMES, THE REGISTER AND THE PARSER
  imperatives: [(30, 15, 'ראה'), (31, 6, 'חזקו'), (31, 6, 'ואמצו'), (31, 7, 'חזק'), (31, 7, 'ואמץ'), (31, 12, 'הקהל'), (31, 14, 'קרא'), (31, 14, 'והתיצבו'), (31, 19, 'כתבו'), (31, 19, 'ולמדה'), (31, 19, 'שימה'), (31, 23, 'חזק'), (31, 23, 'ואמץ'), (31, 28, 'הקהילו')] | infinitive absolutes: [(30, 18, 'אבד'), (31, 18, 'הסתר'), (31, 26, 'לקח'), (31, 29, 'השחת')]
  chapter 29: the Name bare / with lamed / "your God" pairs: 18 1 [11]
  chapter 30: the Name bare / with lamed / "your God" pairs: 18 0 [1, 2, 3, 4, 5, 6, 7, 9, 10, 16, 20]
  chapter 31: the Name bare / with lamed / "your God" pairs: 17 0 [3, 6, 11]
  the register on Deut 29-31 — receipts: [] | footers: [] | headers: []
  the parser's hits: {(29, 4): ([40], [], []), (29, 7): ([Fraction(1, 2)], [], ['ולחצי%']), (30, 9): ([6], [], []), (31, 2): ([120], [], []), (31, 10): ([7], [], ['שנים*']), (31, 20): ([], [], ['ושבע*'])} | 29:12 "swore": ['וכאשר', 'נשבע'] | 30:9 "rejoiced": ['כאשר', 'שש', 'על'] | 31:2: ['בן', 'מאה', 'ועשרים', 'שנה'] | 31:10: ['מקץ', 'שבע', 'שנים*', 'במעד'] | 31:20 "sated": ['ואכל', 'ושבע*', 'ודשן'] | 29:7 "half": ['ולגדי', 'ולחצי%', 'שבט']
==== F. THE PRIOR READS (computed from the ledgers)
  spine rows read before: [] | outside rows read before: {(1, 1): ['deu_01_03_devarim_2026-09-15.md'], (2, 3): ['deu_01_03_devarim_2026-09-15.md'], (29, 7): ['deu_01_03_devarim_2026-09-15.md'], (43, 7): ['deu_08_ekev_2026-09-18.md', 'deu_11_ekev_reeh_2026-09-20.md'], (43, 29): ['deu_11_ekev_reeh_2026-09-20.md'], (48, 9): ['deu_11_ekev_reeh_2026-09-20.md'], (53, 1): ['deu_08_ekev_2026-09-18.md', 'deu_11_ekev_reeh_2026-09-20.md'], (109, 2): ['deu_14_reeh_2026-09-21.md'], (111, 1): ['deu_15_reeh_2026-09-22.md'], (148, 8): ['deu_04_vaetchanan_2026-09-16.md', 'deu_17_18_shoftim_2026-09-24.md'], (157, 10): ['deu_17_18_shoftim_2026-09-24.md'], (160, 4): ['deu_17_18_shoftim_2026-09-24.md'], (302, 1): ['deu_26_28_ki_tavo_2026-09-26.md'], (318, 1): ['deu_08_ekev_2026-09-18.md', 'gen_25_babel_2026-08-25.md']} | fresh: [(306, 2), (306, 15), (334, 1), (345, 2), (357, 28)]
  ledgers with an Onkelos row of Deut 29-34 or the Prophets (never read ahead — expected none): []
  the kin ledgers' Onkelos row counts: [('deu_04_vaetchanan_2026-09-16.md', 49), ('deu_05_vaetchanan_2026-09-16.md', 33), ('deu_06_vaetchanan_2026-09-17.md', 25), ('deu_08_ekev_2026-09-18.md', 20), ('deu_09_ekev_2026-09-19.md', 29), ('deu_10_ekev_2026-09-19.md', 22), ('deu_11_ekev_reeh_2026-09-20.md', 32), ('deu_15_reeh_2026-09-22.md', 23), ('deu_16_reeh_shoftim_2026-09-23.md', 22), ('deu_17_18_shoftim_2026-09-24.md', 20), ('deu_26_28_ki_tavo_2026-09-26.md', 69), ('exo_24_covenant_ascent_2026-09-01.md', 10), ('exo_33_presence_2026-09-01.md', 6), ('lev_26_blessings_curses_2026-09-05.md', 44), ('num_27_zelophehad_joshua_2026-09-09.md', 23)]
  the store mismatches: [(29, 22, 25, 24)] | token counts: {29: 439, 30: 326, 31: 553} | distinct glosses: {29: 264, 30: 172, 31: 258} | "?" glosses: [(29, 5, 'אני'), (29, 13, 'אנכי'), (30, 2, 'אנכי'), (30, 8, 'אנכי'), (30, 11, 'אנכי'), (30, 16, 'אנכי'), (31, 2, 'אנכי'), (31, 27, 'אנכי')]
THE LEAN MEASURE PRINTED
