  MATCH   C0
  MISS    C1 the flood 150 days (7:24, 8:3) vs 7:11->8:4 [OPEN-4]
      declared: 150
      computed: 147
  MATCH   C2
  MISS    C3a 430 years in Egypt (Exod 12:40) vs exodus-descent [OPEN-3]
      declared: None
      computed: None
  MATCH   C3b
  MATCH   C3b-day
  MATCH   C3c
  MATCH   C3d-70
  MISS    C3d-85 THE JOIN: the covenant placed at Abraham's 85 (bereshit_rabbah_46_2) + Exod 12:40's 430 against the exodus marker, creation year 2449
      declared: None
      computed: None
  MISS    C3c-literal the descent-literal setting against the bound
      declared: None
      computed: 430
  MISS    C4 Shem 100 at Arpachshad, 2 years after the flood (11:10) vs 5:32
      declared: 100
      computed: 102
  MATCH   C5
  MATCH   C6
  MATCH   C7
  MATCH   C8
  MATCH   C9
  MISS    C10 Methuselah 7 days before the flood (Sanhedrin 108b:5)
      declared: 7
      computed: 46
  MATCH   C11
  MISS    CS0 the ark = born + 3 months (2:2) vs the sixth of Sivan (Sotah 12b:16-17)
      declared: (3, 6)
      computed: (3, 7)
  MISS    CS1 the exodus day's weekday by the creation count vs Shabbat 87b:2 (Thursday = 5)
      declared: 5
      computed: 2
  MATCH   CS2
  MATCH   CS3
  MISS    CS4 the manna's first morning (16 Iyar) a Sunday by the shelf (Shabbat 87b:5) vs the creation count
      declared: 1
      computed: 5
  MATCH   CS6
  MATCH   CS7
  MATCH   CS8
  MATCH   CS9
  MATCH   CN1
  MATCH   CB1
  MATCH   CB2
  MATCH   CB3
  MATCH   CB4
  MATCH   CB5
  MATCH   CB6
  MATCH   CB7
  MATCH   CB8
  MATCH   CD1
  MATCH   CD2
  MATCH   CD3
  MATCH   CD4
  MATCH   CD5
  MATCH   CD6
  MATCH   CD7
  MISS    CD8 the Sifrei's THIRTEEN utterances "to Moses and to Aaron" (58:1 — thirteen exclusions of Aaron read at 7:89) against the frame census of the LORD speaking to
      declared: 13
      computed: 16
  MATCH   CE1
  MATCH   CE2
  MISS    CE3 the month of flesh (11:20) FIRED against the Hazeroth marker (2, 3, 22) — the machine's thirty days from the twenty-third against the tradition's inclusive 
      declared: (2, 3, 22)
      computed: (2, 3, 24)
  MATCH   CE4
  MATCH   CE5
  MATCH   CE6
  MATCH   CE7
  MISS    CE8 the LORD going down: the Sifrei's "ten descents are written" (93:1) against the ink's ELEVEN tokens (sitting 3's measurement, the row descents) — DIVERGE ex
      declared: 10
      computed: 11
  MATCH   CE9
  MATCH   CF1
  MISS    CF2 the forty days' timer (13:3-25) FIRED against the return marker (2, 5, 9) — the machine's forty from the twenty-ninth against the baraita's Ninth of Av (Taa
      declared: (2, 5, 9)
      computed: (2, 5, 10)
  MATCH   CF3
  MATCH   CF4
  MATCH   CF5
  MISS    CF6 the ink's "these ten times" (14:22; Pirkei Avot 5:4) against the ledger's tested_the_lord count on Israel at the decree — the exodus story's six murmurings 
      declared: 10
      computed: 7
  MATCH   CF7
  MATCH   CF8
  MATCH   CF9
  MATCH   CK1
  MATCH   CK2
  MATCH   CK3
  MISS    CK4 KORACH'S DEATH-MODE — 26:10 adds "and Korach" among the swallowed (declared True) against 16:32's "every person who belonged to Korach" (Korach named there:
      declared: True
      computed: False
  MATCH   CK5
  MATCH   CK6
  MATCH   CK7
  MATCH   CK8
  MATCH   CK9
  MATCH   CM1
  MATCH   CM2
  MATCH   CM3
  MATCH   CM4
  MISS    CM5 MIRIAM'S DAY — the tape's buried on the arrival's day (40, 1, 1) against the shelf's tenth of Nisan (Seder Olam Rabbah 10:2; the row miriam_death_day): DIVE
      declared: (40, 1, 10)
      computed: (40, 1, 1)
  MATCH   CM6
  MATCH   CM7
  MATCH   CM8
  MATCH   CM9
  MATCH   CM10
  MATCH   CL1
  MATCH   CL2
  MATCH   CL3
  MATCH   CL4
  MATCH   CL5
  MATCH   CL6
  MATCH   CL7
  MATCH   CL8
  MATCH   CL9
  MATCH   CP1
  MATCH   CP2
  MATCH   CP3
  MATCH   CP4
  MATCH   CP5
  MISS    CP6 THE MARKER — Num 25:19 on the tape reading_placed at (40, 6, 1) = the counter's day; markers 157 (F 125); the five lines at (40, 6, 1) — the command line at
      declared: (1, 'reading_placed', (40, 6, 1), 172, 131, 5, {'page_order', 'reading_placed'}, (40, 6, 1), (40, 6, 1))
      computed: (1, 'reading_placed', (40, 6, 1), 173, 132, 5, {'page_order', 'reading_placed'}, (40, 6, 1), (40, 6, 1))
  MATCH   CP7
  MATCH   CP8
  MATCH   CP9
  MATCH   CT1
  MISS    CT2 THE EIGHT PERIOD TIMERS — pending musaf_owed timers 8, in the ink's order with the Calendar's keys as their periods; the dues from (40, 6, 1): the Sabbath (
      declared: (8, ['sabbath', 'month', 'passover_1', 'atzeret', 'rosh_hashanah', 'yom_kippur', 'sukkot_1', 'shemini'], [(40, 11, 8), (40, 12, 1), (41, 1, 15), (41, 3, 6), (41, 7, 1), (41, 7, 10), (41, 7, 15), (41, 7, 22)], 96)
      computed: (8, ['sabbath', 'month', 'passover_1', 'atzeret', 'rosh_hashanah', 'yom_kippur', 'sukkot_1', 'shemini'], [(40, 12, 13), (41, 1, 1), (41, 1, 15), (41, 3, 6), (41, 7, 1), (41, 7, 10), (41, 7, 15), (41, 7, 22)], 102)
  MATCH   CT3
  MATCH   CT4
  MATCH   CT5
  MISS    CT6 THE DATES BY CALL — the moadim engine's keys drive the timers: from the tape's last day the Calendar's next(key) for the eight keys = the pending dues (the 
      declared: (True, '14th_of_1st', '1st_of_7th', '15th_of_7th', 'atzeret')
      computed: (False, '14th_of_1st', '1st_of_7th', '15th_of_7th', 'atzeret')
  MATCH   CT7
  MATCH   CT8
  MATCH   CT9
  MATCH   CV1
  MISS    CV2 THE WRITE — commanded on israel_people 9 -> 10, the newest entry's value the statutes of vows; timers set 60 UNMOVED at 10b (66 since THE NUMBERS WALK 11b, 
      declared: (19, 'devote_the_seven_nations', 96, 127)
      computed: (19, 'devote_the_seven_nations', 102, 127)
  MATCH   CV3
  MATCH   CV4
  MATCH   CV5
  MATCH   CV6
  MATCH   CV7
  MATCH   CV8
  MATCH   CV9
  MATCH   CX1
  MATCH   CX2
  MATCH   CX3
  MATCH   CX4
  MATCH   CX5
  MATCH   CX6
  MATCH   CX7
  MATCH   CX8
  MATCH   CX9
  MATCH   CY1
  MATCH   CY2
  MATCH   CY3
  MATCH   CY4
  MATCH   CY5
  MATCH   CY6
  MATCH   CY7
  MATCH   CY8
  MATCH   CY9
  MATCH   CZ1
  MATCH   CZ2
  MATCH   CZ3
  MATCH   CZ4
  MATCH   CZ5
  MATCH   CZ6
  MATCH   CZ7
  MATCH   CZ8
  MATCH   CZ9
  MATCH   CW1
  MATCH   CW2
  MATCH   CW3
  MATCH   CW4
  MATCH   CW5
  MATCH   CW6
  MATCH   CW7
  MATCH   CW8
  MATCH   CW9
  MATCH   CR1
  MISS    CR2 THE LEVITE CITIES' DEBIT — commanded on israel_people valued give_the_levites_cities_and_pasture_lands ONE entry OPEN, counterparty the-levites, its source 
      declared: (1, True, 'the-levites', 'Num 35:1-8', 1, 27, [6, 42], 48, 48, [48])
      computed: (1, True, 'the-levites', 'Num 35:1-8', 1, 28, [6, 42], 48, 48, [48])
  MATCH   CR3
  MATCH   CR4
  MATCH   CR5
  MATCH   CR6
  MATCH   CR7
  MATCH   CR8
  MATCH   CR9
  MISS    CA1 THE LINES — sixteen events of the sitting's kinds on the tape in the ink's order: the four of Num 27:12-23 page_order at (40, 6, 1) AFTER the daughters' sta
      declared: (16, ['moses_told_to_ascend_abarim', 'a_shepherd_asked', 'joshua_commission_commanded', 'joshua_commissioned', 'speech_opened', 'horeb_departure_commanded', 'judges_charged', 'turn_northward_commanded', 'moab_spared_commanded', 'zered_crossing_commanded', 'ammon_spared_commanded', 'sihon_war_commanded', 'sihons_cities_devoted', 'ogs_cities_devoted', 'joshua_encouraged', 'moses_besought'], ['page_order'], [(40, 6, 1)], True, True, [(40, 11, 1), (40, 11, 1), (40, 11, 1), (40, 11, 1), (40, 11, 1), (40, 11, 1)], [((2, 2, 20), 'Deut 1:6'), ((1, 2, 16), 'Deut 1:9'), ((40, 6, 1), 'Deut 2:2'), ((1, 3, 7), 'Deut 4:10'), ((1, 4, 17), 'Deut 4:13'), ((1, 3, 7), 'Deut 5:23'), ((1, 4, 18), 'Deut 9:20'), ((2, 1, 1), 'Deut 10:2'), ((40, 5, 1), 'Deut 10:6')], 'text_constrained', ['reading_placed'], (40, 11, 1))
      computed: (16, ['moses_told_to_ascend_abarim', 'a_shepherd_asked', 'joshua_commission_commanded', 'joshua_commissioned', 'speech_opened', 'horeb_departure_commanded', 'judges_charged', 'turn_northward_commanded', 'moab_spared_commanded', 'zered_crossing_commanded', 'ammon_spared_commanded', 'sihon_war_commanded', 'sihons_cities_devoted', 'ogs_cities_devoted', 'joshua_encouraged', 'moses_besought'], ['page_order'], [(40, 6, 1)], True, True, [(40, 11, 1), (40, 11, 1), (40, 11, 1), (40, 11, 1), (40, 11, 1), (40, 11, 1), (40, 12, 7)], [((2, 2, 20), 'Deut 1:6'), ((1, 2, 16), 'Deut 1:9'), ((40, 6, 1), 'Deut 2:2'), ((1, 3, 7), 'Deut 4:10'), ((1, 4, 17), 'Deut 4:13'), ((1, 3, 7), 'Deut 5:23'), ((1, 4, 18), 'Deut 9:20'), ((2, 1, 1), 'Deut 10:2'), ((40, 5, 1), 'Deut 10:6')], 'text_constrained', ['reading_placed'], (40, 12, 7))
  MATCH   CA2
  MISS    CA3 THE TIMERS CROSSED — TIMER-FIRE 52 -> 88 (the thirty-six on the marker's walk from (40, 6, 1) to (40, 11, 1), measured by deu_advance_probe.py), TIMER-SET 6
      declared: (88, 96, 8, [((40, 11, 8), 'sabbath'), ((40, 12, 1), 'month'), ((41, 1, 15), 'passover_1'), ((41, 3, 6), 'atzeret'), ((41, 7, 1), 'rosh_hashanah'), ((41, 7, 10), 'yom_kippur'), ((41, 7, 15), 'sukkot_1'), ((41, 7, 22), 'shemini')], 0, 36)
      computed: (94, 102, 8, [((40, 12, 13), 'sabbath'), ((41, 1, 1), 'month'), ((41, 1, 15), 'passover_1'), ((41, 3, 6), 'atzeret'), ((41, 7, 1), 'rosh_hashanah'), ((41, 7, 10), 'yom_kippur'), ((41, 7, 15), 'sukkot_1'), ((41, 7, 22), 'shemini')], 6, 42)
  MATCH   CA4
  MATCH   CA5
  MATCH   CA6
  MATCH   CA7
  MISS    CA8 THE COMMISSION AND THE PLEA — invested_office on yehoshua ONE (27:22-23) with the commission debit on Moses ONE CLOSED (closed_by beginning "Num 27:22"); se
      declared: (1, 'Num 27:22', 1, False, 'Num 27:22', 1, True, 6, ['Num 27:15', 'Deut 3:23'], 1, True, 1, {'edom': 1, 'the-moabites': 1, 'the-sons-of-ammon': 1}, {'edom': 1, 'the-moabites': 1, 'the-sons-of-ammon': 1}, 2, [('journey_to_the_mountain_of_the_amorite', False, 'Num 12:16 — '), ('turn_northward', False, 'Num 21:10-13'), ('cross_the_brook_zered', False, 'Num 21:10-13'), ('begin_to_possess_sihons_land', False, 'Num 21:24-25')], 1, (40, 11, 1), 'ACT', 'CHAPTER', 'CHAPTER', 'CLOSE')
      computed: (1, 'Num 27:22', 1, False, 'Num 27:22', 1, True, 6, ['Num 27:15', 'Deut 3:23'], 1, True, 2, {'edom': 1, 'the-moabites': 1, 'the-sons-of-ammon': 1}, {'edom': 1, 'the-moabites': 1, 'the-sons-of-ammon': 1}, 2, [('journey_to_the_mountain_of_the_amorite', False, 'Num 12:16 — '), ('turn_northward', False, 'Num 21:10-13'), ('cross_the_brook_zered', False, 'Num 21:10-13'), ('begin_to_possess_sihons_land', False, 'Num 21:24-25')], 1, (40, 11, 1), 'ACT', 'CHAPTER', 'CHAPTER', 'CLOSE')
  MATCH   CA9
  MISS    CC1 THE LINES — five events of the sitting's kinds on the tape in the ink's order, all AFTER the tape's last Deuteronomy 3 line; the three own-day lines at (40,
      declared: (5, ['add_nothing_commanded', 'ten_words_declared', 'tablets_given', 'witnesses_called', 'three_cities_set_apart'], True, ['page_order', 'text_constrained'], [(40, 11, 1)], [None], ['reading_placed'], [((1, 3, 7), 'Deut 4:10'), ((1, 4, 17), 'Deut 4:13')], (40, 11, 1))
      computed: (5, ['add_nothing_commanded', 'ten_words_declared', 'tablets_given', 'witnesses_called', 'three_cities_set_apart'], True, ['page_order', 'text_constrained'], [(40, 11, 1)], [None], ['reading_placed'], [((1, 3, 7), 'Deut 4:10'), ((1, 4, 17), 'Deut 4:13')], (40, 12, 7))
  MATCH   CC2
  MATCH   CC3
  MATCH   CC4
  MATCH   CC5
  MATCH   CC6
  MISS    CC7 THE WITNESSES AND THE CASE — heaven_and_earth_witness on israel_people TWO (ONE at 2b; 2 since THE DEUTERONOMY WALK 6b, 2026-09-19 — chapter 8's perishing_t
      declared: (2, (40, 11, 1), 'Deut 4:2', 0, True, 0)
      computed: (4, (40, 11, 1), 'Deut 4:2', 6, True, 0)
  MATCH   CC8
  MISS    CC9 THE REST — entities 319 UNMOVED (Israel and Moses the written-on parties, both standing), closes 126 UNMOVED, the population table 148 UNMOVED, the five kin
      declared: (319, 127, 148, True, 172)
      computed: (319, 127, 148, True, 173)
  MISS    CI1 THE LINES — two events of the sitting's kinds on the tape in the ink's order, both AFTER the tape's last Deuteronomy 4 line, both reading_placed and dated (
      declared: (2, ['mediator_requested', 'stand_here_commanded'], True, ['reading_placed'], [(1, 3, 7)], [((1, 3, 7), 'Deut 5:23')], [(40, 11, 1)], (40, 11, 1))
      computed: (2, ['mediator_requested', 'stand_here_commanded'], True, ['reading_placed'], [(1, 3, 7)], [((1, 3, 7), 'Deut 5:23')], [(40, 11, 1)], (40, 12, 7))
  MATCH   CI2
  MATCH   CI3
  MATCH   CI4
  MATCH   CI5
  MATCH   CI6
  MATCH   CI7
  MATCH   CI8
  MISS    CI9 THE REST — entities 319 UNMOVED (Israel and Moses the written-on parties), closes 127, the population table 148 UNMOVED, the two kinds present; markers 165 
      declared: (319, 127, 148, True, 172)
      computed: (319, 127, 148, True, 173)
  MISS    CO1 THE LINES — two events of the sitting's kinds on the tape in the ink's order, both AFTER the tape's last Deuteronomy 5 line, both page_order on the counter'
      declared: (2, ['shema_declared', 'testing_barred'], True, ['page_order'], [(40, 11, 1)], [None], 172, (40, 11, 1))
      computed: (2, ['shema_declared', 'testing_barred'], True, ['page_order'], [(40, 11, 1)], [None], 173, (40, 12, 7))
  MATCH   CO2
  MATCH   CO3
  MATCH   CO4
  MATCH   CO5
  MATCH   CO6
  MATCH   CO7
  MATCH   CO8
  MISS    CO9 THE REST — entities 319 UNMOVED (Israel the written-on party, standing), closes 127 UNMOVED, the population table 148 UNMOVED, the two kinds present, marker
      declared: (319, 127, 148, True, 172)
      computed: (319, 127, 148, True, 173)
  MISS    CQ1 THE LINES — three events of the sitting's kinds on the tape in the ink's order, all AFTER the tape's last Deuteronomy 6 line, all page_order on the counter'
      declared: (3, ['nations_devoted', 'hearing_blessed', 'abomination_barred'], True, ['page_order'], [(40, 11, 1)], [None], 172, (40, 11, 1))
      computed: (3, ['nations_devoted', 'hearing_blessed', 'abomination_barred'], True, ['page_order'], [(40, 11, 1)], [None], 173, (40, 12, 7))
  MATCH   CQ2
  MATCH   CQ3
  MATCH   CQ4
  MATCH   CQ5
  MATCH   CQ6
  MATCH   CQ7
  MATCH   CQ8
  MISS    CQ9 THE REST — entities 319 UNMOVED (Israel the written-on party, standing; the seven nations a counterparty string), closes 127 UNMOVED, the population table 1
      declared: (319, 127, 148, True, 172)
      computed: (319, 127, 148, True, 173)
  MISS    CU1 THE LINES — three events of the sitting's kinds on the tape in the ink's order, all AFTER the tape's last Deuteronomy 7 line, all page_order on the counter'
      declared: (3, ['grace_commanded', 'forgetting_warned', 'perishing_testified'], True, ['page_order'], [(40, 11, 1)], [None], 172, (40, 11, 1))
      computed: (3, ['grace_commanded', 'forgetting_warned', 'perishing_testified'], True, ['page_order'], [(40, 11, 1)], [None], 173, (40, 12, 7))
  MATCH   CU2
  MATCH   CU3
  MATCH   CU4
  MATCH   CU5
  MISS    CU6 THE TESTIMONY — heaven_and_earth_witness on israel_people TWO: the 4:26 entry UNMOVED (source beginning "Deut 4:25" — the line's first verse) and the reuse 
      declared: (2, 'Deut 4:25', 'Deut 8:19')
      computed: (4, 'Deut 4:25', 'Deut 31:2')
  MISS    CU7 THE STATE — no effect naming a garment, clothing, a shoe or a swelling on israel_people (the SUPPLIED grade's assertion, run on the running world with the r
      declared: ([], 'Deut 8:4')
      computed: (['covenant_words_keeping_commanded'], 'Deut 8:4')
  MATCH   CU8
  MISS    CU9 THE REST — entities 319 UNMOVED (Israel the written-on party, standing), closes 127 UNMOVED, the population table 148 UNMOVED, the three kinds present, mark
      declared: (319, 127, 148, True, 172)
      computed: (319, 127, 148, True, 173)
  MISS    DA1 THE LINES — one event prayed_for_aaron on the tape AFTER the tape's last Deuteronomy 8 line, reading_placed (the line at the marker's own verse takes the ma
      declared: (1, ['prayed_for_aaron'], True, ['reading_placed'], [(1, 4, 18)], [((1, 4, 18), 'Deut 9:20')], True, [(40, 11, 1)], 172, (40, 11, 1))
      computed: (1, ['prayed_for_aaron'], True, ['reading_placed'], [(1, 4, 18)], [((1, 4, 18), 'Deut 9:20')], True, [(40, 11, 1)], 173, (40, 12, 7))
  MATCH   DA2
  MATCH   DA3
  MATCH   DA4
  MATCH   DA5
  MISS    DA6 THE STIFF NECK — no effect naming stiff / neck / nape on israel_people (the state in the first telling, Exodus 32:9 — no entry, no write; the runner's own w
      declared: ([], 6)
      computed: (['book_a_witness_against_israel'], 6)
  MATCH   DA7
  MATCH   DA8
  MISS    DA9 THE REST — entities 319 UNMOVED (aaron the written-on party, on the registry), closes 127 UNMOVED, the population table 148 UNMOVED, the one kind present, m
      declared: (319, 127, 148, True, 172)
      computed: (319, 127, 148, True, 173)
  MISS    DB1 THE LINES — six events on the tape AFTER the tape's last Deuteronomy 9 line, in the ink's order: fragments_placed_in_the_ark DATED (2, 1, 1) under the RETRO
      declared: (6, ['fragments_placed_in_the_ark', 'aaron_buried', 'demand_declared', 'heart_circumcision_commanded', 'stranger_love_commanded', 'cleaving_commanded'], True, ['page_order', 'reading_placed', 'text_constrained'], [(2, 1, 1), (40, 5, 1)], [((2, 1, 1), 'Deut 10:2'), ((40, 5, 1), 'Deut 10:6')], True, True, [(40, 11, 1)], True, 172, (40, 11, 1))
      computed: (6, ['fragments_placed_in_the_ark', 'aaron_buried', 'demand_declared', 'heart_circumcision_commanded', 'stranger_love_commanded', 'cleaving_commanded'], True, ['page_order', 'reading_placed', 'text_constrained'], [(2, 1, 1), (40, 5, 1)], [((2, 1, 1), 'Deut 10:2'), ((40, 5, 1), 'Deut 10:6')], True, True, [(40, 11, 1)], True, 173, (40, 12, 7))
  MISS    DB2 THE WRITES — fragments_in_the_ark ONE on the ark (a status — THE VALUE FROM THE DOCKET: the tablets and the fragments, the scroll inside or beside; Bava Bat
      declared: (1, 'Deut 10:2', (2, 1, 1), 1, 'Deut 10:6', (40, 5, 1), (1, 1, 1, 1, 2), 'the-stranger', 'Deut 10:1', 'boot', 6)
      computed: (1, 'Deut 10:2', (2, 1, 1), 1, 'Deut 10:6', (40, 5, 1), (1, 1, 1, 1, 3), 'the-stranger', 'Deut 10:1', 'boot', 6)
  MATCH   DB3
  MATCH   DB4
  MATCH   DB5
  MATCH   DB6
  MATCH   DB7
  MATCH   DB8
  MISS    DB9 THE REST — entities 319 UNMOVED (the ark, aaron and Israel the written-on parties, on the registry; the stranger a counterparty), closes 127 UNMOVED, the po
      declared: (319, 127, 148, True, 172)
      computed: (319, 127, 148, True, 173)
  MISS    DC1 THE LINES — two events on the tape AFTER the tape's last Deuteronomy 10 line, in the ink's order (second_paragraph_declared 11:13-21, blessing_and_curse_set
      declared: (2, ['second_paragraph_declared', 'blessing_and_curse_set'], True, ['page_order'], [], 0, [(40, 11, 1)], 172, (40, 11, 1))
      computed: (2, ['second_paragraph_declared', 'blessing_and_curse_set'], True, ['page_order'], [], 0, [(40, 11, 1)], 173, (40, 12, 7))
  MISS    DC2 THE WRITES — rain_in_its_season ONE and heavens_shut_for_turning ONE on israel_people (conditional HEAVEN entries, source beginning "Deut 11:13"), yoke_of_t
      declared: ((2, 1, 1, 1, 1), ('Deut 11:13', 'Deut 11:13', 'Deut 11:13', 'Deut 11:26', 'Deut 11:26'), True, 'HEAVEN', 'Deut 11:1', 'boot', 6)
      computed: ((2, 1, 1, 2, 1), ('Deut 11:13', 'Deut 11:13', 'Deut 11:13', 'Deut 11:26', 'Deut 11:26'), True, 'HEAVEN', 'Deut 11:1', 'boot', 6)
  MATCH   DC3
  MATCH   DC4
  MATCH   DC5
  MISS    DC6 THE KIN STAND — shema_commanded ONE, test_barred ONE, blessings_for_hearing TWO since THE DEUTERONOMY WALK 13b (15:5's second entry), pity_barred TWO since 
      declared: ((1, 1, 3, 2, 1, 2, 1, 1, 1), 1, 1)
      computed: ((1, 1, 3, 2, 1, 3, 1, 1, 1), 1, 1)
  MATCH   DC7
  MATCH   DC8
  MISS    DC9 THE REST — entities 319 UNMOVED (Israel the written-on party, on the registry; Heaven a counterparty), closes 127 UNMOVED, the population table 148 UNMOVED,
      declared: (319, 127, 148, True, 172)
      computed: (319, 127, 148, True, 173)
  MISS    DD1 THE LINES — four events on the tape AFTER the tape's last Deuteronomy 11 line, in the ink's order (demolition_restated 12:1-4, place_chosen_declared 12:5-14
      declared: (4, ['demolition_restated', 'place_chosen_declared', 'profane_slaughter_permitted', 'nations_cut_off_warned'], True, ['page_order'], [], 0, [(40, 11, 1)], 172, (40, 11, 1))
      computed: (4, ['demolition_restated', 'place_chosen_declared', 'profane_slaughter_permitted', 'nations_cut_off_warned'], True, ['page_order'], [], 0, [(40, 11, 1)], 173, (40, 12, 7))
  MATCH   DD2
  MATCH   DD3
  MATCH   DD4
  MATCH   DD5
  MISS    DD6 THE KIN STAND — the ban's debit OPEN (nations_devoted's commanded entry UNMOVED), house_abomination_barred ONE on israel_people, molten_image_barred ONE any
      declared: ((1, True), 1, 1, 1, 1, 1, 1, 1, 10)
      computed: ((1, True), 1, 1, 1, 1, 1, 1, 2, 10)
  MATCH   DD7
  MATCH   DD8
  MISS    DD9 THE REST — entities 319 UNMOVED (Israel and the-land the written-on parties, on the registry), closes 127 UNMOVED, the population table 148 UNMOVED, the fou
      declared: (319, 127, 148, True, 172)
      computed: (319, 127, 148, True, 173)
  MISS    DE1 THE LINES — four events on the tape AFTER the tape's last Deuteronomy 12 line, in the ink's order (word_sealed 13:1, prophet_test_declared 13:2-6, inciter_l
      declared: (4, ['word_sealed', 'prophet_test_declared', 'inciter_law_declared', 'condemned_city_law_declared'], True, ['page_order'], [], 0, [(40, 11, 1)], 172, (40, 11, 1))
      computed: (4, ['word_sealed', 'prophet_test_declared', 'inciter_law_declared', 'condemned_city_law_declared'], True, ['page_order'], [], 0, [(40, 11, 1)], 173, (40, 12, 7))
  MISS    DE2 THE WRITES — false_prophet_hearing_barred ONE and tested_by_the_lord ONE (source beginning "Deut 13:2"), israel_hears_and_fears ONE ("Deut 13:7"), condemned
      declared: ((1, 1, 1, 1, 1), ('Deut 13:2', 'Deut 13:2', 'Deut 13:7', 'Deut 13:13', 'Deut 13:13'), ((2, ['Deut 4:1', 'Deut 13:1']), (2, ['Deut 10:20', 'Deut 13:2']), (2, ['Deut 7:12', 'Deut 13:7'])), 6, 'Deut 13:1', 'boot', 7)
      computed: ((1, 1, 1, 1, 1), ('Deut 13:2', 'Deut 13:2', 'Deut 13:7', 'Deut 13:13', 'Deut 13:13'), ((2, ['Deut 4:1', 'Deut 13:1']), (3, ['Deut 10:20', 'Deut 13:2', 'Deut 30:15']), (2, ['Deut 7:12', 'Deut 13:7'])), 6, 'Deut 13:1', 'boot', 7)
  MATCH   DE3
  MISS    DE4 THE HOLES — the effects naming the false prophet's hearing, the LORD's testing, Israel's hearing and fearing, the condemned city's inquiry or the devoted th
      declared: (['condemned_city_inquiry_required', 'devoted_thing_cleaving_barred', 'false_prophet_hearing_barred', 'israel_hears_and_fears', 'tested_by_the_lord'], True, True, (2, 2, 2), 0, 0)
      computed: (['condemned_city_inquiry_required', 'devoted_thing_cleaving_barred', 'false_prophet_hearing_barred', 'israel_hears_and_fears', 'tested_by_the_lord'], True, True, (2, 3, 2), 0, 0)
  MATCH   DE5
  MATCH   DE6
  MATCH   DE7
  MATCH   DE8
  MISS    DE9 THE REST — entities 319 UNMOVED (Israel the written-on party, on the registry; the chapter's persons the exam's), closes 127 UNMOVED, the population table 1
      declared: (319, 127, 148, True, 172)
      computed: (319, 127, 148, True, 173)
  MISS    DF1 THE LINES — five events on the tape AFTER the tape's last Deuteronomy 13 line, in the ink's order (sons_and_mourning_declared 14:1-2, food_law_declared 14:3
      declared: (5, ['sons_and_mourning_declared', 'food_law_declared', 'carcass_and_kid_declared', 'second_tithe_declared', 'third_year_tithe_declared'], True, ['page_order'], [], 0, [(40, 11, 1)], 172, (40, 11, 1))
      computed: (5, ['sons_and_mourning_declared', 'food_law_declared', 'carcass_and_kid_declared', 'second_tithe_declared', 'third_year_tithe_declared'], True, ['page_order'], [], 0, [(40, 11, 1)], 173, (40, 12, 7))
  MATCH   DF2
  MATCH   DF3
  MATCH   DF4
  MATCH   DF5
  MATCH   DF6
  MATCH   DF7
  MATCH   DF8
  MISS    DF9 THE REST — entities 319 UNMOVED (Israel the written-on party, on the registry; the chapter's persons the exam's), closes 127 UNMOVED, the population table 1
      declared: (319, 127, 148, True, 172)
      computed: (319, 127, 148, True, 173)
  MISS    DG1 THE LINES — four events on the tape AFTER the tape's last Deuteronomy 14 line, in the ink's order (release_law_declared 15:1-6, hand_opening_commanded 15:7-
      declared: (4, ['release_law_declared', 'hand_opening_commanded', 'hebrew_slave_law_declared', 'firstling_law_declared'], True, ['page_order'], [], 0, [(40, 11, 1)], 172, (40, 11, 1))
      computed: (4, ['release_law_declared', 'hand_opening_commanded', 'hebrew_slave_law_declared', 'firstling_law_declared'], True, ['page_order'], [], 0, [(40, 11, 1)], 173, (40, 12, 7))
  MATCH   DG2
  MATCH   DG3
  MATCH   DG4
  MATCH   DG5
  MISS    DG6 THE PARAMETERS AND THE CLOCK — the_release_date and the_firstlings_year on file (calendar_parameters.yaml, the_removal_date's form: the clock data; exercise
      declared: (['the_end', 'the_onset', 'the_territory', 'the_year'], ['its_own_year', 'the_blemished', 'the_exiles_arm', 'the_tending_term', 'the_two_day_edge'], ['release_firstborn'], ['release_firstborn'], 27, True, 2, 'no count', 354, True, True)
      computed: (['the_end', 'the_onset', 'the_territory', 'the_year'], ['its_own_year', 'the_blemished', 'the_exiles_arm', 'the_tending_term', 'the_two_day_edge'], ['release_firstborn', 'covenant_return_charge'], ['release_firstborn'], 27, True, 2, 'no count', 354, True, True)
  MATCH   DG7
  MATCH   DG8
  MISS    DG9 THE REST — entities 319 UNMOVED (Israel the written-on party, on the registry; the chapter's persons the exam's), closes 127 UNMOVED, the population table 1
      declared: (319, 127, 148, True, 172)
      computed: (319, 127, 148, True, 173)
  MISS    DH1 THE LINES — five events on the tape AFTER the tape's last Deuteronomy 15 line, in the ink's order (passover_at_the_place_declared 16:1-8, weeks_and_booths_d
      declared: (5, ['passover_at_the_place_declared', 'weeks_and_booths_declared', 'three_pilgrimages_declared', 'judges_in_every_gate_commanded', 'asherah_and_pillar_barred'], True, ['page_order'], [], 0, [(40, 11, 1)], 172, (40, 11, 1))
      computed: (5, ['passover_at_the_place_declared', 'weeks_and_booths_declared', 'three_pilgrimages_declared', 'judges_in_every_gate_commanded', 'asherah_and_pillar_barred'], True, ['page_order'], [], 0, [(40, 11, 1)], 173, (40, 12, 7))
  MATCH   DH2
  MATCH   DH3
  MATCH   DH4
  MISS    DH5 THE REST — entities 319 UNMOVED (Israel the written-on party, on the registry), closes 127 UNMOVED, the population table 148 UNMOVED, the five kinds present
      declared: (319, 127, 148, True, 172)
      computed: (319, 127, 148, True, 173)
  MISS    DI1 THE LINES — eight events on the tape AFTER the tape's last Deuteronomy 16 line, in the ink's order (17:1, 17:2, 17:8, 17:14, 18:1, 18:6, 18:9, 18:15), all p
      declared: (8, ['blemished_sacrifice_barred', 'idolater_trial_declared', 'high_court_declared', 'king_law_declared', 'priests_dues_declared', 'levite_at_the_place_declared', 'diviners_barred', 'prophet_law_declared'], True, ['page_order'], [], 0, [(40, 11, 1)], 172, (40, 11, 1))
      computed: (8, ['blemished_sacrifice_barred', 'idolater_trial_declared', 'high_court_declared', 'king_law_declared', 'priests_dues_declared', 'levite_at_the_place_declared', 'diviners_barred', 'prophet_law_declared'], True, ['page_order'], [], 0, [(40, 11, 1)], 173, (40, 12, 7))
  MATCH   DI2
  MATCH   DI3
  MATCH   DI4
  MISS    DI5 THE REST — entities 319 UNMOVED (Israel the written-on party, on the registry; the king and the prophet future entities), closes 127 UNMOVED, the population
      declared: (319, 127, 148, True, 172)
      computed: (319, 127, 148, True, 173)
  MISS    DJ1 THE LINES — thirteen events on the tape AFTER the tape's last Deuteronomy 18 line, in the ink's order (19:1, 19:4, 19:14, 19:15, 20:1, 20:10, 20:16, 20:19, 
      declared: (13, ['refuge_cities_declared', 'manslayer_and_murderer_declared', 'landmark_declared', 'witnesses_law_declared', 'war_speech_declared', 'siege_law_declared', 'seven_nations_herem_declared', 'siege_trees_declared', 'heifer_rite_declared', 'captive_wife_declared', 'firstborn_portion_declared', 'rebellious_son_declared', 'hanged_burial_declared'], True, ['page_order'], [], 0, [(40, 11, 1)], 172, (40, 11, 1))
      computed: (13, ['refuge_cities_declared', 'manslayer_and_murderer_declared', 'landmark_declared', 'witnesses_law_declared', 'war_speech_declared', 'siege_law_declared', 'seven_nations_herem_declared', 'siege_trees_declared', 'heifer_rite_declared', 'captive_wife_declared', 'firstborn_portion_declared', 'rebellious_son_declared', 'hanged_burial_declared'], True, ['page_order'], [], 0, [(40, 11, 1)], 173, (40, 12, 7))
  MATCH   DJ2
  MATCH   DJ3
  MISS    DJ4 THE KIN AND THE HOLES — cities_set_apart 1, pity_barred 2, israel_hears_and_fears 1, one_witness_barred 1, two_witnesses_required 1, witnesses_hand_first_co
      declared: ((1, 2, 1, 1, 1, 1, 1, 4, 3, 2, 1, 1, 9, 7, 1, 2, 3, 2, 7, 0), 10, ['two_by_the_prototype', 'after_the_court', 'return_it', 'condemned_city_inquiry_required', 'accepted', 'PAY-MONEY', 'exempt', 'slain', 'commanded', 'disqualified', 'commanded'], 44, True, True)
      computed: ((1, 2, 1, 1, 1, 1, 1, 6, 3, 2, 1, 1, 9, 7, 1, 2, 3, 2, 7, 0), 10, ['two_by_the_prototype', 'after_the_court', 'return_it', 'condemned_city_inquiry_required', 'accepted', 'PAY-MONEY', 'exempt', 'slain', 'commanded', 'disqualified', 'commanded'], 44, True, True)
  MISS    DJ5 THE REST — entities 319 UNMOVED (Israel the written-on party, on the registry; no city, manslayer, witness, captive, son or hanged man of Israel an entity),
      declared: (319, 127, 148, True, 172)
      computed: (319, 127, 148, True, 173)
  MISS    DK1 THE LINES — twenty events on the tape AFTER the tape's last Deuteronomy 21 line, in the ink's order (22:1, 22:5, 22:9, 22:13, 22:22, 23:1, 23:10, 23:16, 23:
      declared: (20, ['lost_thing_declared', 'garments_nest_parapet_declared', 'mixtures_tassels_declared', 'slandered_bride_declared', 'adultery_betrothed_seducer_declared', 'fathers_wife_assembly_declared', 'camp_holiness_declared', 'slave_hire_interest_declared', 'vows_law_declared', 'laborer_vineyard_grain_declared', 'divorce_declared', 'newlywed_millstone_kidnapper_declared', 'leprosy_miriam_declared', 'pledge_wage_declared', 'fathers_sons_stranger_gleanings_declared', 'lashes_declared', 'muzzle_declared', 'levirate_declared', 'wrestlers_weights_declared', 'amalek_remembrance_declared'], True, ['page_order'], [], 0, [(40, 11, 1)], 172, (40, 11, 1))
      computed: (20, ['lost_thing_declared', 'garments_nest_parapet_declared', 'mixtures_tassels_declared', 'slandered_bride_declared', 'adultery_betrothed_seducer_declared', 'fathers_wife_assembly_declared', 'camp_holiness_declared', 'slave_hire_interest_declared', 'vows_law_declared', 'laborer_vineyard_grain_declared', 'divorce_declared', 'newlywed_millstone_kidnapper_declared', 'leprosy_miriam_declared', 'pledge_wage_declared', 'fathers_sons_stranger_gleanings_declared', 'lashes_declared', 'muzzle_declared', 'levirate_declared', 'wrestlers_weights_declared', 'amalek_remembrance_declared'], True, ['page_order'], [], 0, [(40, 11, 1)], 173, (40, 12, 7))
  MATCH   DK2
  MATCH   DK3
  MATCH   DK4
  MISS    DK5 THE REST — entities 319 UNMOVED (Israel the written-on party, on the registry; no bride, divorcee, levirate widow, flogged man, hireling, escaped slave or h
      declared: (319, 127, 148, True, 172)
      computed: (319, 127, 148, True, 173)
  MISS    DL1 THE LINES — twenty-one events on the tape AFTER the tape's last Deuteronomy 25 line, in the ink's order (26:1, 26:12, 26:16, 27:1, 27:9, 27:11, 27:14, 28:1,
      declared: (['first_fruits_declared', 'tithe_confession_declared', 'covenant_formula_declared', 'stones_altar_declared', 'people_this_day_declared', 'gerizim_ebal_tribes_declared', 'twelve_curses_declared', 'blessings_condition_declared', 'enemies_storehouses_blessing_declared', 'holy_people_fear_declared', 'heavens_treasure_lending_declared', 'curses_condition_declared', 'curse_diseases_brass_declared', 'defeat_carcass_boil_madness_declared', 'wife_house_vineyard_king_taken_declared', 'harvests_failed_stranger_head_declared', 'curses_pursue_iron_yoke_declared', 'eagle_nation_siege_declared', 'sons_flesh_siege_declared', 'plagues_scattered_declared', 'trembling_ships_covenant_declared'], True, 0, 172, [(40, 11, 1)], 0)
      computed: (['first_fruits_declared', 'tithe_confession_declared', 'covenant_formula_declared', 'stones_altar_declared', 'people_this_day_declared', 'gerizim_ebal_tribes_declared', 'twelve_curses_declared', 'blessings_condition_declared', 'enemies_storehouses_blessing_declared', 'holy_people_fear_declared', 'heavens_treasure_lending_declared', 'curses_condition_declared', 'curse_diseases_brass_declared', 'defeat_carcass_boil_madness_declared', 'wife_house_vineyard_king_taken_declared', 'harvests_failed_stranger_head_declared', 'curses_pursue_iron_yoke_declared', 'eagle_nation_siege_declared', 'sons_flesh_siege_declared', 'plagues_scattered_declared', 'trembling_ships_covenant_declared'], True, 0, 173, [(40, 11, 1)], 0)
  MISS    DL2 THE WRITES — the ninety-one NEW ONE each on israel_people with their lines' first verses (26:1 four, 26:12 five, 26:16 five, 27:1 six, 27:9 two, 27:11 two, 
      declared: (((1, 'Deut 26:1'), (1, 'Deut 26:1'), (1, 'Deut 26:1'), (1, 'Deut 26:1'), (1, 'Deut 26:12'), (1, 'Deut 26:12'), (1, 'Deut 26:12'), (1, 'Deut 26:12'), (1, 'Deut 26:12'), (1, 'Deut 26:16'), (1, 'Deut 26:16'), (1, 'Deut 26:16'), (1, 'Deut 26:16'), (1, 'Deut 26:16'), (1, 'Deut 27:1'), (1, 'Deut 27:1'), (1, 'Deut 27:1'), (1, 'Deut 27:1'), (1, 'Deut 27:1'), (1, 'Deut 27:1'), (1, 'Deut 27:9'), (1, 'Deut 27:9'), (1, 'Deut 27:11'), (1, 'Deut 27:11'), (1, 'Deut 27:14'), (1, 'Deut 27:14'), (1, 'Deut 27:14'), (1, 'Deut 27:14'), (1, 'Deut 27:14'), (1, 'Deut 27:14'), (1, 'Deut 27:14'), (1, 'Deut 27:14'), (1, 'Deut 27:14'), (1, 'Deut 27:14'), (1, 'Deut 27:14'), (1, 'Deut 27:14'), (1, 'Deut 27:14'), (1, 'Deut 27:14'), (1, 'Deut 28:1'), (1, 'Deut 28:1'), (1, 'Deut 28:1'), (1, 'Deut 28:1'), (1, 'Deut 28:7'), (1, 'Deut 28:7'), (1, 'Deut 28:9'), (1, 'Deut 28:9'), (1, 'Deut 28:11'), (1, 'Deut 28:11'), (1, 'Deut 28:11'), (1, 'Deut 28:11'), (1, 'Deut 28:15'), (1, 'Deut 28:15'), (1, 'Deut 28:15'), (1, 'Deut 28:15'), (1, 'Deut 28:15'), (1, 'Deut 28:20'), (1, 'Deut 28:20'), (1, 'Deut 28:20'), (1, 'Deut 28:20'), (1, 'Deut 28:20'), (1, 'Deut 28:20'), (1, 'Deut 28:25'), (1, 'Deut 28:25'), (1, 'Deut 28:25'), (1, 'Deut 28:25'), (1, 'Deut 28:30'), (1, 'Deut 28:30'), (1, 'Deut 28:30'), (1, 'Deut 28:30'), (1, 'Deut 28:30'), (1, 'Deut 28:30'), (1, 'Deut 28:30'), (1, 'Deut 28:38'), (1, 'Deut 28:38'), (1, 'Deut 28:38'), (1, 'Deut 28:45'), (1, 'Deut 28:45'), (1, 'Deut 28:45'), (1, 'Deut 28:49'), (1, 'Deut 28:49'), (1, 'Deut 28:53'), (1, 'Deut 28:58'), (1, 'Deut 28:58'), (1, 'Deut 28:58'), (1, 'Deut 28:58'), (1, 'Deut 28:58'), (1, 'Deut 28:65'), (1, 'Deut 28:65'), (1, 'Deut 28:65'), (1, 'Deut 28:65'), (1, 'Deut 28:65')), (4, 2, 3, 2), 5, 53, True, 'Deut 26:1', 'boot', 11)
      computed: (((1, 'Deut 26:1'), (1, 'Deut 26:1'), (1, 'Deut 26:1'), (1, 'Deut 26:1'), (1, 'Deut 26:12'), (1, 'Deut 26:12'), (1, 'Deut 26:12'), (1, 'Deut 26:12'), (1, 'Deut 26:12'), (1, 'Deut 26:16'), (1, 'Deut 26:16'), (1, 'Deut 26:16'), (1, 'Deut 26:16'), (1, 'Deut 26:16'), (1, 'Deut 27:1'), (1, 'Deut 27:1'), (1, 'Deut 27:1'), (1, 'Deut 27:1'), (1, 'Deut 27:1'), (1, 'Deut 27:1'), (2, 'Deut 27:9'), (1, 'Deut 27:9'), (1, 'Deut 27:11'), (1, 'Deut 27:11'), (1, 'Deut 27:14'), (1, 'Deut 27:14'), (1, 'Deut 27:14'), (1, 'Deut 27:14'), (1, 'Deut 27:14'), (1, 'Deut 27:14'), (1, 'Deut 27:14'), (1, 'Deut 27:14'), (1, 'Deut 27:14'), (1, 'Deut 27:14'), (1, 'Deut 27:14'), (1, 'Deut 27:14'), (1, 'Deut 27:14'), (1, 'Deut 27:14'), (1, 'Deut 28:1'), (1, 'Deut 28:1'), (1, 'Deut 28:1'), (1, 'Deut 28:1'), (1, 'Deut 28:7'), (1, 'Deut 28:7'), (1, 'Deut 28:9'), (1, 'Deut 28:9'), (1, 'Deut 28:11'), (1, 'Deut 28:11'), (1, 'Deut 28:11'), (1, 'Deut 28:11'), (1, 'Deut 28:15'), (1, 'Deut 28:15'), (1, 'Deut 28:15'), (1, 'Deut 28:15'), (1, 'Deut 28:15'), (1, 'Deut 28:20'), (1, 'Deut 28:20'), (1, 'Deut 28:20'), (1, 'Deut 28:20'), (1, 'Deut 28:20'), (1, 'Deut 28:20'), (1, 'Deut 28:25'), (1, 'Deut 28:25'), (1, 'Deut 28:25'), (1, 'Deut 28:25'), (1, 'Deut 28:30'), (1, 'Deut 28:30'), (1, 'Deut 28:30'), (1, 'Deut 28:30'), (1, 'Deut 28:30'), (1, 'Deut 28:30'), (1, 'Deut 28:30'), (1, 'Deut 28:38'), (1, 'Deut 28:38'), (1, 'Deut 28:38'), (1, 'Deut 28:45'), (1, 'Deut 28:45'), (1, 'Deut 28:45'), (1, 'Deut 28:49'), (1, 'Deut 28:49'), (1, 'Deut 28:53'), (1, 'Deut 28:58'), (1, 'Deut 28:58'), (1, 'Deut 28:58'), (1, 'Deut 28:58'), (1, 'Deut 28:58'), (1, 'Deut 28:65'), (1, 'Deut 28:65'), (1, 'Deut 28:65'), (1, 'Deut 28:65'), (1, 'Deut 28:65')), (4, 2, 3, 2), 5, 53, True, 'Deut 26:1', 'boot', 11)
  MATCH   DL3
  MISS    DL4 THE KIN AND THE REUSES — the forty references' counts as the recon and the callees read them (gerizim_ebal_ceremony_owed 1 OPEN, blessing_and_curse_set 1, h
      declared: ((1, 1, 1, 1, 1, 2, 1, 2, 1, 1, 1, 1, 1, 1, 2, 1, 1, 1, 1, 3, 1, 3, 3, 2, 2, 13, 1, 1, 1, 1, 0, 0, 0, 0, 7, 2, 1, 1, 3, 8), 16, 14, 8, 'שש', 1, True)
      computed: ((1, 2, 1, 1, 1, 2, 1, 2, 1, 1, 1, 1, 1, 1, 4, 1, 1, 1, 1, 3, 1, 4, 3, 2, 2, 13, 1, 1, 1, 1, 0, 0, 0, 0, 7, 2, 1, 1, 3, 8), 16, 14, 8, 'שש', 1, True)
  MISS    DL5 THE REST — entities 319 UNMOVED (Israel the written-on party, on the registry; no tribe, no priest, no man of the twelve curses an entity), closes 127 UNMOV
      declared: (319, 127, 148, True, 172, 3, True, 'RUN_CITATION', 0, True)
      computed: (319, 127, 148, True, 173, 3, True, 'RUN_CITATION', 0, True)
  MATCH   DM1
  MATCH   DM2
  MISS    DM3 THE READBACK — THE FORMS ON FILE, NO NEW FORM: the_readback's rows SEVENTY-EIGHT, one per verse (the census from the runner's print: SUPPLIED 30, SHORTENED 
      declared: (78, 58, 78, 30, ['Deut 30:15', 'Deut 30:17'], ['Deut 31:10'], 0, 0)
      computed: (78, 46, 56, 30, ['Deut 30:15', 'Deut 30:17'], ['Deut 31:10'], 0, 0)
  MATCH   DM4
  MATCH   DM5
  MATCH   CG0
  MATCH   CG1
  MATCH   CG2
  MATCH   CG3
  MATCH   CG4
  MATCH   CG5
  MATCH   CG6
  MATCH   CG7
  MATCH   CG8
  MATCH   CG9
  MATCH   CH0
  MISS    CH1 Mishnah Avot 5:3: ten trials of Abraham against the ink's one trial verb (22:1) — DIVERGE expected; the ten's list is Avot de-Rabbi Natan's, absent from the
      declared: 10
      computed: 1
  MATCH   CH2
  MATCH   CH3
  MATCH   CH4
  MATCH   CH5
  MATCH   CH6
  MATCH   CH7
  MATCH   CH8
  MATCH   CH9
  MATCH   CH10
  MATCH   CJ0
  MATCH   CJ1
  MATCH   CJ2
  MATCH   CJ3
  MISS    CJ3b the names counted by script per register (Er and Onan dead by 46:12) against the sub-totals — Leah's thirty-three against thirty-two living named: the miss
      declared: (33, 16, 14, 7)
      computed: (32, 16, 14, 7)
  MATCH   CJ4
  MATCH   CJ5
  MATCH   CJ6
  MATCH   CJ7
  MATCH   CJ8
  MATCH   CJ9
  MATCH   CJ10
  MATCH   CJ10-tokens
  MATCH   CJ11
  MATCH   C12
  MATCH   C13
checkpoint_check: 346 rows, 75 miss, 0 raised — the tape stepped to its end in 86s
