
THE CONSECRATION, SUBSTITUTION, AND DEVOTION MACHINE COMPILES — the two substitution verbs, "beast for beast," "it and its substitute" at the vow and the tithe, the fifth censused five times, the partitive "from all that he has," the ordinal tenth under the rod; three calls into sister engines: the Jubilee engine's tithe naming and the Passover engine's firstling donkey.
guard: 88 expectations checked, every one a literal from the answer sheet [honest-pairing guard satisfied]
guard: 94 expectations checked, every one a literal from the answer sheet [honest-pairing guard satisfied]
guard: 63 expectations checked, every one a literal from the answer sheet [honest-pairing guard satisfied]
THE INK (printed before it is asserted): PARSE {(19, 2): ([3], [], []), (19, 3): ([3], [], []), (19, 5): ([1], [], []), (19, 7): ([3], [], []), (19, 9): ([3], [], []), (19, 11): ([1], [], []), (19, 15): ([1, 2, 3], [], ['שני^']), (19, 17): ([2], [], ['שני^']), (21, 15): ([2, 1, 1], [], ['שתי^', 'האחת#', 'והאחת#']), (21, 17): ([2], [], [])}, NUMV [(19, 2), (19, 3), (19, 5), (19, 7), (19, 9), (19, 11), (19, 15), (19, 17), (21, 15), (21, 17)], ORDV [], STARV [(19, 15), (19, 17), (21, 15)], TOKN {19: 332, 20: 316, 21: 354}
THE NEGATIONS AND THE NAME (printed before they are asserted): {(19, 4): ['לא'], (19, 6): ['לא'], (19, 10): ['ולא'], (19, 13): ['לא'], (19, 14): ['לא'], (19, 15): ['לא'], (19, 20): ['ולא'], (19, 21): ['ולא'], (20, 1): ['לא'], (20, 5): ['ולא'], (20, 6): ['ולא'], (20, 7): ['ולא'], (20, 8): ['ולא'], (20, 12): ['לא'], (20, 15): ['לא'], (20, 16): ['לא'], (20, 18): ['לא'], (20, 19): ['לא', 'לא'], (20, 20): ['לא'], (21, 1): ['לא'], (21, 3): ['לא', 'לא'], (21, 4): ['לא', 'ולא'], (21, 7): ['לא', 'לא'], (21, 14): ['לא', 'לא', 'לא'], (21, 16): ['לא'], (21, 18): ['ולא'], (21, 23): ['לא', 'ולא']} 22
THE CLOCK (printed before it is asserted): {'counter': (40, 11, 1), 'no_marker': True, 'no_clock_datum': True}
THE SCANS (printed before they are asserted): holes []; cities ['israel_people']; pity ['israel_people']; hears ['israel_people']; one witness ['israel_people']; two witnesses ['israel_people']; hand first ['israel_people']; abominations ['israel_people']; fear not ['isaac', 'israel_people', 'jacob', 'moses', 'yehoshua']; captive ['israel_people', 'lot', 'the_captives_of_midian']; spoil ['israel_people', 'the-sons']; boundary ['the_heap_and_pillar']; hanged ['the_baker']; buried ['aaron', 'abraham', 'deborah_the_nurse', 'isaac', 'jacob', 'miriam', 'rachel', 'sarah', 'the_lusters']; blood ['noach']; atoned ['aaron', 'israel_people', 'the-repentant', 'the_officers_of_the_host']; firstborn by the head ['esau', 'perez']; hated ['the-sons']; stoned ['the_blasphemer', 'the_wood_gatherer']; put to death ['abiram', 'dathan', 'korach', 'the_lusters', 'the_ten_spies', 'the_two_hundred_fifty', 'the_wood_gatherer']; purged []; flees []; dwells []; land polluted []; city devoted []; driven out []; lashes []
ASSERT FAIL [part1] line 71: (['israel_people'], ['israel_people'], ['israel_people'], ['israel_people'], ['israel_people'], ['israel_people'], ['israel_people'], ['isaac', 'israel_people', 'jacob', 'moses', 'yehoshua'], ['israel_people', 'lot', 'the_captives_of_midian'], ['israel_people', 'the-sons'], ['the_heap_and_pillar'], ['the_baker'], ['noach'], ['esau', 'perez'], ['the-sons'], ['the_blasphemer', 'the_wood_gatherer'], ['abiram', 'dathan', 'korach', 'the_lusters', 'the_ten_spies', 'the_two_hundred_fifty', 'the_wood_gatherer'], [], [], [], [], [], [], [])
    import cold_run_firstfruits_ebal_curses as FE
guard: 63 expectations checked, every one a literal from the answer sheet [honest-pairing guard satisfied]
THE INK (printed before it is asserted): PARSE {(19, 2): ([3], [], []), (19, 3): ([3], [], []), (19, 5): ([1], [], []), (19, 7): ([3], [], []), (19, 9): ([3], [], []), (19, 11): ([1], [], []), (19, 15): ([1, 2, 3], [], ['שני^']), (19, 17): ([2], [], ['שני^']), (21, 15): ([2, 1, 1], [], ['שתי^', 'האחת#', 'והאחת#']), (21, 17): ([2], [], [])}, NUMV [(19, 2), (19, 3), (19, 5), (19, 7), (19, 9), (19, 11), (19, 15), (19, 17), (21, 15), (21, 17)], ORDV [], STARV [(19, 15), (19, 17), (21, 15)], TOKN {19: 332, 20: 316, 21: 354}
THE NEGATIONS AND THE NAME (printed before they are asserted): {(19, 4): ['לא'], (19, 6): ['לא'], (19, 10): ['ולא'], (19, 13): ['לא'], (19, 14): ['לא'], (19, 15): ['לא'], (19, 20): ['ולא'], (19, 21): ['ולא'], (20, 1): ['לא'], (20, 5): ['ולא'], (20, 6): ['ולא'], (20, 7): ['ולא'], (20, 8): ['ולא'], (20, 12): ['לא'], (20, 15): ['לא'], (20, 16): ['לא'], (20, 18): ['לא'], (20, 19): ['לא', 'לא'], (20, 20): ['לא'], (21, 1): ['לא'], (21, 3): ['לא', 'לא'], (21, 4): ['לא', 'ולא'], (21, 7): ['לא', 'לא'], (21, 14): ['לא', 'לא', 'לא'], (21, 16): ['לא'], (21, 18): ['ולא'], (21, 23): ['לא', 'ולא']} 22
THE CLOCK (printed before it is asserted): {'counter': (40, 11, 1), 'no_marker': True, 'no_clock_datum': True}
THE SCANS (printed before they are asserted): holes []; cities ['israel_people']; pity ['israel_people']; hears ['israel_people']; one witness ['israel_people']; two witnesses ['israel_people']; hand first ['israel_people']; abominations ['israel_people']; fear not ['isaac', 'israel_people', 'jacob', 'moses', 'yehoshua']; captive ['israel_people', 'lot', 'the_captives_of_midian']; spoil ['israel_people', 'the-sons']; boundary ['the_heap_and_pillar']; hanged ['the_baker']; buried ['aaron', 'abraham', 'deborah_the_nurse', 'isaac', 'jacob', 'miriam', 'rachel', 'sarah', 'the_lusters']; blood ['noach']; atoned ['aaron', 'israel_people', 'the-repentant', 'the_officers_of_the_host']; firstborn by the head ['esau', 'perez']; hated ['the-sons']; stoned ['the_blasphemer', 'the_wood_gatherer']; put to death ['abiram', 'dathan', 'korach', 'the_lusters', 'the_ten_spies', 'the_two_hundred_fifty', 'the_wood_gatherer']; purged []; flees []; dwells []; land polluted []; city devoted []; driven out []; lashes []
ASSERT FAIL [part1] line 72: (['israel_people'], ['israel_people'], ['israel_people'], ['israel_people'], ['israel_people'], ['israel_people'], ['israel_people'], ['isaac', 'israel_people', 'jacob', 'moses', 'yehoshua'], ['israel_people', 'lot', 'the_captives_of_midian'], ['israel_people', 'the-sons'], ['the_heap_and_pillar'], ['the_baker'], ['noach'], ['esau', 'perez'], ['the-sons'], ['the_blasphemer', 'the_wood_gatherer'], ['abiram', 'dathan', 'korach', 'the_lusters', 'the_ten_spies', 'the_two_hundred_fifty', 'the_wood_gatherer'], [], [], [], [], [], [], [])
    import cold_run_refuge_war_family as RW
THE TOKENS (printed before they are asserted): {29: 439, 30: 326, 31: 553}
THE INK (printed before it is asserted): PARSE {(29, 4): ([40], [], []), (29, 7): ([Fraction(1, 2)], [], ['ולחצי%']), (30, 9): ([6], [], []), (31, 2): ([120], [], []), (31, 10): ([7], [], ['שנים*']), (31, 20): ([], [], ['ושבע*'])}, NUMV [(29, 4), (29, 7), (30, 9), (31, 2), (31, 10)], ORDV [], STARV [(29, 7), (31, 10), (31, 20)], TOKN {29: 439, 30: 326, 31: 553}
THE NEGATIONS AND THE NAME (printed before they are asserted): {(29, 3): ['ולא'], (29, 4): ['לא', 'לא'], (29, 5): ['לא', 'לא'], (29, 13): ['ולא'], (29, 19): ['לא'], (29, 22): ['לא', 'ולא', 'ולא'], (29, 25): ['לא', 'ולא'], (30, 11): ['לא', 'ולא'], (30, 12): ['לא'], (30, 13): ['ולא'], (30, 17): ['ולא'], (30, 18): ['לא'], (31, 2): ['לא', 'לא'], (31, 6): ['לא', 'ולא'], (31, 8): ['לא', 'ולא', 'לא', 'ולא'], (31, 13): ['לא'], (31, 21): ['לא']} 53
THE CLOCK (printed before it is asserted): {'counter': (40, 11, 1), 'marker': (40, 12, 7), 'marker_verse': 'Deut 31:2', 'marker_at': 'Deut 31:1', 'days_walked': 36, 'clock_data': ['the_hakhel_time', 'the_death_date_of_moses', 'the_release_date']}
THE SCANS (printed before they are asserted): holes {'israel_people': [], 'yehoshua': [], 'moses': [], 'the_levites': []}; the kin counts {'other_gods_barred': 1, 'covenant_cut': 3, 'covenant_declared': 1, 'covenant_words_in_moab_declared': 1, 'confessed': 3, 'scattered_among_nations': 0, 'scattered_among_all_peoples': 1, 'land_desolate': 0, 'return_to_egypt_barred': 1, 'debt_release_owed': 1, 'three_pilgrimages_commanded': 1, 'appearance_owed': 0, 'booths_at_the_place_commanded': 1, 'law_copy_commanded': 1, 'king_from_the_brothers_commanded': 1, 'heart_circumcision_commanded': 1, 'stiffening_barred': 1, 'shema_commanded': 1, 'forgetting_barred': 1, 'israel_hears_and_fears': 1, 'song_sung': 1, 'love_owed': 1, 'blotted_from_the_book': 1, 'whored_after': 1, 'reprieve_of_a_hundred_and_twenty': 1, 'pillar_leads': 1, 'camp_moves_by_the_cloud': 2, 'fragments_in_the_ark': 1, 'tablets_delivered': 4, 'oath_sworn': 5, 'return_promised': 1, 'high_above_all_nations_promised': 1, 'blessings_for_hearing': 3, 'curses_for_not_hearkening': 1, 'few_in_number_left': 1, 'serving_wood_and_stone_among_nations': 1, 'exiled_with_king_to_serve_wood_and_stone': 1, 'plague_struck': 13, 'seed_as_stars': 3, 'witness_declared': 1, 'covenant_remembered': 1, 'great_nation_promised': 3, 'barred_from_the_land': 2}; the reuses {'entered_the_covenant': 4, 'became_the_lords_people_this_day': 2, 'heaven_and_earth_witness': 4, 'blessing_and_curse_set': 2, 'cleaving_commanded': 3, 'fear_not_promised': 6, 'glory_appeared': 7}; the entities {'other_gods_barred': ['israel_people'], 'covenant_cut': ['abraham', 'israel_people', 'the_earth'], 'covenant_declared': ['israel_people'], 'covenant_words_in_moab_declared': ['israel_people'], 'confessed': ['balaam', 'israel_people', 'moses'], 'scattered_among_nations': [], 'scattered_among_all_peoples': ['israel_people'], 'land_desolate': [], 'entered_the_covenant': ['israel_people'], 'became_the_lords_people_this_day': ['israel_people'], 'heaven_and_earth_witness': ['israel_people'], 'blessing_and_curse_set': ['israel_people'], 'cleaving_commanded': ['israel_people'], 'fear_not_promised': ['isaac', 'israel_people', 'jacob', 'moses', 'yehoshua'], 'glory_appeared': ['israel_people', 'the_tent_of_meeting'], 'barred_from_the_land': ['aaron', 'moses'], 'reprieve_of_a_hundred_and_twenty': ['the_generation_of_the_flood'], 'invested_office': ['aaron-and-sons', 'eleazar_son_of_aaron', 'pinchas', 'the-firstborn', 'the_levites', 'yehoshua'], 'plea_made': ['aaron', 'balak', 'caleb', 'hobab', 'israel_people', 'moses', 'the_sons_of_gad_and_reuben', 'yehoshua']}
ASSERT FAIL [part1] line 273: [('fear_not_promised', ['isaac', 'israel_people', 'jacob', 'moses', 'yehoshua'], ['isaac', 'jacob', 'moses', 'yehoshua'])]
    if SCANS_EXPECTED and any(v is not None for v in SCANS.values()): assert SCANS == SCANS_EXPECTED, [(k, SCANS[k], SCANS_EXPECTED.get(k)) for k in SCANS if SCANS[k] != SCANS_EXPECTED.get(k)]
THE TWINS DIFFED (printed before they are asserted): {'29:1 vs 5:1': 8, '29:23 vs 1 Kings 9:8': 9, '29:28 vs 28:58': 6, '29:28 vs 31:12': 6, '30:2 vs 4:30': 6, '30:6 vs 6:5': 7, '30:9 vs 28:11': 8, '30:9 vs 28:63': 2, '30:12 vs 30:13': 9, '30:15 vs 11:26': 2, '30:18 vs 4:26': 7, '30:19 vs 4:26': 7, '30:19 vs 31:28': 4, '31:2 vs 34:7': 5, '31:2 vs 3:27': 5, '31:2 vs Gen 6:3': 4, '31:6 vs 31:8': 7, '31:7 vs 31:23': 10, '31:7 vs 10:11': 7, '31:7 vs Josh 1:6': 11, '31:9 vs 31:22': 6, '31:10 vs 15:1': 3, '31:15 vs Num 12:5': 6, '31:15 vs Exod 33:9': 4, '31:16 vs Gen 47:30': 1, '31:23 vs Num 27:23': 1, '31:27 vs 9:13': 2, '31:29 vs 4:25': 5, '31:30 vs 32:44': 5, '29:22 vs Gen 19:24': 2, '29:4 vs 8:4': 2, '29:1 vs 31:1': 4, '31:1 vs Num 14:39': 7}
ERROR [part1] line 352: NameError: name 'FE' is not defined
    FE_FRUITS = A(FE, 'the_blessings', 'plenteous_in_goods_womb_beast_and_ground')
ERROR [part1] line 352: NameError: name 'FE' is not defined
    FE_SCATTER = A(FE, 'the_curses_of_the_siege_and_the_exile', 'scattered_among_all_peoples_to_serve_wood_and_stone')
ERROR [part1] line 352: NameError: name 'FE' is not defined
    FE_PEOPLE = A(FE, 'the_people_this_day', 'this_day_you_have_become_a_people_to_the_lord')
ERROR [part1] line 353: NameError: name 'FE' is not defined
    FE_SIX = DD(FE)['the_false_six']
ERROR [part1] line 353: NameError: name 'FE' is not defined
    FE_THREE = DD(FE)['the_three_covenants']
ERROR [part1] line 353: NameError: name 'FE' is not defined
    FE_STATE = DD(FE)['the_hearkening_state']
ERROR [part1] line 354: NameError: name 'FE_FRUITS' is not defined
    assert FE_FRUITS[0].startswith("plenteous in goods, womb, beast and ground (28:11) — 7:13's list forward") and FE_SCATTER[0].startswith('scattered among all peoples to serve wood and stone (28:64) — 4
ERROR [part1] line 355: NameError: name 'FE_SIX' is not defined
    assert "30:9's twin ahead" in FE_SIX['value']['28:63'] and FE_THREE['value'] == ['Horeb (Exodus 24; Deut 5:2)', 'the plains of Moab (Deut 28:69)', 'Gerizim and Ebal (Deut 27:11-13; Joshua 8:30-35)'] a
ERROR [part1] line 357: NameError: name 'RW' is not defined
    RW_FEAR = A(RW, 'the_priests_speech', 'hear_israel_the_fourth')
ERROR [part1] line 357: NameError: name 'RW' is not defined
    RW_WAR = A(RW, 'the_priests_speech', 'when_you_go_out_to_war')
ERROR [part1] line 358: NameError: name 'RW_FEAR' is not defined
    assert RW_FEAR[0].startswith('hear, Israel — the fourth (20:3-4) — the four fears against the four terrors; the Presence goes with you') and RW_WAR[0].startswith('when you go out to war (20:1) — again
THE CALLEES' FACTS held: opening_speech, gad_reuben, good_land, exodus_story, covenant_at_horeb, hear_o_israel, seven_nations, obey_horeb, second_tablets, not_righteousness, blessing_and_curse, seducers, food_tithe, release_firstborn, festivals_judges, courts_prophet, firstfruits_ebal_curses, refuge_war_family, tochacha, yovel, calendar, moadim, musafim, mamre, primeval, family, erection, beha, chukat, journeys, vestments, shelach, place_name — thirty-three runners, every edge live at its cell
ERROR [part5] line 24: NameError: name 'FE_FRUITS' is not defined
    READBACK = [
    rb('Deut 29:1', "and Moses called to all Israel: you have seen all that the LORD did before your eyes in Egypt, to Pharaoh, his servants and his land", 'SUPPLIED', "SUPPLIED AS A LAW 
ERROR [part5] line 104: NameError: name 'READBACK' is not defined
    RB_GRADES = collections.Counter(r['grade'] for r in READBACK)
ERROR [part5] line 105: NameError: name 'READBACK' is not defined
    print('THE READBACK (printed before it is asserted): rows %d, grades %s, on the tape %d, by CALL %d, supplied %d, with writes %d, state rows %s, pointer rows %s' % (len(READBACK), dict(RB_GRADES), sum
ERROR [part5] line 106: NameError: name 'READBACK' is not defined
    assert len(READBACK) == 78 and [r['verses'] for r in READBACK] == ['Deut 29:%d' % v for v in range(1, 29)] + ['Deut 30:%d' % v for v in range(1, 21)] + ['Deut 31:%d' % v for v in range(1, 31)] and all
ERROR [part5] line 107: NameError: name 'READBACK' is not defined
    assert [r['verses'] for r in READBACK if r['state']] == ['Deut 30:15', 'Deut 30:17'] and [r['verses'] for r in READBACK if r['pointer']] == ['Deut 31:10'] and READBACK[57]['pointer']['paid'] is True a
ERROR [part5] line 109: NameError: name 'READBACK' is not defined
    assert all(r['grade'] == 'SUPPLIED' and r['write'] for r in READBACK if r['verses'] in FIRSTS20) and all(r['write'] in _FXV for r in READBACK if r['write']), [(r['verses'], r['grade'], r['write']) for
ERROR [part5] line 111: NameError: name 'READBACK' is not defined
    assert all(r['tape_kind'] in _EVREG0 for r in READBACK if r['tape_kind']), [r['tape_kind'] for r in READBACK if r['tape_kind'] and r['tape_kind'] not in _EVREG0]
THE EXAM ROWS (printed before they are asserted): 7 ['Sotah 7:8', 'Berakhot 9:2', 'Avot 1:6', 'Sotah 11:3', 'Sotah 11:4', 'Sotah 11:2', 'Ketubot 5:8']
ERROR [part5] line 125: NameError: name 'READBACK' is not defined
    DATA = {
    'the_readback': {'value': READBACK, 'holes': HOLES, 'open_rows': OPEN_ROWS, 'settings': {'the_form': "THE READBACK'S FORMS ON FILE, NO NEW FORM (THE LOOP.md step 6; THE DEUTERONOMY WALK 1
ERROR [part5] line 164: NameError: name 'DATA' is not defined
    assert all(p in DATA and DATA[p]['settings'].get('a_parameter') for p in PARAMETERS) and len(PARAMETERS) == len(set(PARAMETERS)) == 13, [p for p in PARAMETERS if p not in DATA]
ERROR [part5] line 165: NameError: name 'DATA' is not defined
    print('THE DATA (printed before it is asserted): parameters %d (with arms %d), rows %d' % (len(PARAMETERS), sum(1 for p in PARAMETERS if DATA[p]['settings'].get('the_arms')), len(DATA)))
THE NARRATIVE (printed before it is asserted): (68, 0, 5, (12, 7), 0, 0, 0, 1, [(11, 1), (12, 7)]) {'israel_people': ['covenant_words_keeping_commanded', 'standing_before_the_lord_this_day', 'covenant_oath_sworn_this_day', 'covenant_with_those_not_here', 'entered_the_covenant', 'became_the_lords_people_this_day', 'heart_turning_to_other_gods_barred', 'stubborn_self_blessing_barred', 'hidden_idolater_unpardoned', 'curses_of_the_book_on_the_idolater', 'name_blotted_from_under_heaven', 'separated_for_evil_from_all_tribes', 'land_brimstone_salt_like_sodom', 'nations_question_answered_covenant_forsaken', 'uprooted_and_cast_into_another_land', 'hidden_things_the_lords', 'revealed_things_ours_to_do', 'return_to_the_lord_the_condition', 'captivity_returned_on_return', 'gathered_from_all_the_peoples', 'gathered_from_the_end_of_heaven', 'brought_into_the_fathers_land_again', 'multiplied_above_the_fathers', 'heart_circumcised_by_the_lord', 'curses_put_on_the_enemies', 'return_and_hearken_and_do_commanded', 'abounding_in_fruit_of_body_cattle_ground', 'rejoiced_over_as_over_the_fathers', 'commandment_not_too_hard_nor_far', 'commandment_not_in_heaven_nor_beyond_the_sea', 'commandment_in_mouth_and_heart_to_do', 'life_and_death_set_before_israel', 'choose_life_commanded', 'living_and_multiplying_for_hearkening', 'perishing_for_turning_away', 'length_of_days_on_the_land_promised', 'heaven_and_earth_witness', 'blessing_and_curse_set', 'cleaving_commanded', 'joshua_to_cross_before_israel', 'nations_dispossessed_as_sihon_and_og_promised', 'be_strong_and_courageous_commanded', 'fear_not_promised', 'law_written_and_given_to_priests_and_elders', 'hakhel_reading_commanded', 'hakhel_assembly_of_all_commanded', 'hakhel_children_hear_and_learn_commanded', 'future_whoring_after_foreign_gods_foretold', 'covenant_breaking_foretold', 'face_hidden_and_forsaken_foretold', 'evils_and_troubles_befall_foretold', 'song_writing_commanded', 'song_taught_and_put_in_mouths_commanded', 'song_a_witness_against_israel', 'song_written_and_taught_by_moses', 'book_a_witness_against_israel', 'elders_and_officers_assembled_commanded', 'corruption_after_moses_death_foretold', 'song_spoken_to_the_assembly_to_its_end', 'heaven_and_earth_witness'], 'yehoshua': ['joshua_charged_to_bring_israel_in', 'fear_not_promised', 'joshua_commissioned_to_bring_israel_in', 'lord_with_joshua_promised'], 'moses': ['moses_days_approach_to_die', 'moses_to_sleep_with_the_fathers'], 'the_levites': ['book_of_the_law_beside_the_ark_commanded'], 'the_tent_of_meeting': ['glory_appeared']} [{'verse': 'Deut 31:1', 'value': 'a hundred and twenty years old this day (31:2) — the last day of Moses: the year from the ink (Exodus 7:7 — eighty at the exodus, plus the forty years), the month and the day from the answer sheet (the 7th of Adar — Tosefta Sotah 11:3); the counter moves from (40, 11, 1) at 1:3 for the first time in the book; positioned at 31:1 (Genesis 7:1 the precedent)', 'retrograde': False, 'placement': 'reading_placed'}]
fastcheck: part1 fails 14, part2 fails 0, part3 fails 0, part4 fails 0, part5 fails 10, part6 fails 0
