
THE CONSECRATION, SUBSTITUTION, AND DEVOTION MACHINE COMPILES — the two substitution verbs, "beast for beast," "it and its substitute" at the vow and the tithe, the fifth censused five times, the partitive "from all that he has," the ordinal tenth under the rod; three calls into sister engines: the Jubilee engine's tithe naming and the Passover engine's firstling donkey.
guard: 55 expectations checked, every one a literal from the answer sheet [honest-pairing guard satisfied]
HI.the_gift_and_the_warning(lest_you_forget) = "lest you forget (6:12) — obey_horeb's forgetting census (thirteen seats, 6:12 among them); the prohibition's seat 4:9 (O" ['accepted'] — the ask without a write
guard: 62 expectations checked, every one a literal from the answer sheet [honest-pairing guard satisfied]
guard: 51 expectations checked, every one a literal from the answer sheet [honest-pairing guard satisfied]
ER.calf(saru_stiff) = (3, 6) — the stiff neck a state, no write; ER.calf(fourth_verb_decides) = a_test_not_a_nullification — the fourth verb the retelling drops
guard: 59 expectations checked, every one a literal from the answer sheet [honest-pairing guard satisfied]
guard: 56 expectations checked, every one a literal from the answer sheet [honest-pairing guard satisfied]
guard: 65 expectations checked, every one a literal from the answer sheet [honest-pairing guard satisfied]
THE READBACK (the census, printed before it is asserted): rows 31, grades {'VERBATIM': 6, 'VARIANT': 16, 'EXPANDED': 3, 'SUPPLIED': 6}, on the tape 11, by CALL 14, SUPPLIED ['Deut 12:4', 'Deut 12:7', 'Deut 12:9', 'Deut 12:17', 'Deut 12:19', 'Deut 12:30']
DATA rows (the count, printed before it is asserted): 46
THE DATA CHECKS (printed before they are asserted): {'levites_anywhere': True, 'second_tithe': True, 'counts': (5, 4, 3), 'cell_found': True, 'written_callee': True, 'name_in_clause': False, 'seats': ['Deut 12:21', 'Exod 23:15'], 'n_rows': 6, 'platform': [('before_the_Tabernacle', 'permitted'), ('the_Tabernacle', 'forbidden'), ('Gilgal', 'permitted'), ('Shiloh', 'forbidden'), ('Nob_and_Gibeon', 'permitted'), ('Jerusalem', 'forbidden_forever')], 'platform_agrees': True, 'journeys_agree': True, 'registry': True}
THE SCENE (printed before it is asserted): ((1, 1, 1, 1, 1, 1, 1, 1, 1, 1, 1, 1, 1, 1, 1, 1, 1, 1, 1, 1, 1, 1, 1, 1, 1, 1, 1, 1, 1), (1, 1, 1), 2, (0, 0, 0, 0), 29, 0)
THE NARRATIVE (printed before it is asserted): (8, 0, 2, (11, 1), 0, 0, 0, 0) ['name_erasure_barred', 'place_chosen_required', 'rejoicing_before_the_lord_commanded', 'profane_slaughter_permitted', 'holy_things_in_the_gates_barred', 'levite_forsaking_barred', 'foreign_rite_inquiry_barred'] ['high_places_banned']
THE INK (printed before it is asserted): PARSED {(13, 13): [1]}, ORDS {}, MARKS {}, TOKN 328, LETN 1269, KINNUM {('Deut', 17, 6): [2, 3, 1], ('Deut', 19, 15): [1, 2, 3], ('Deut', 17, 7): [], ('Deut', 17, 2): [1], ('Deut', 12, 14): [1], ('Lev', 24, 16): [], ('Exod', 22, 19): []}
THE READBACK (the census, printed before it is asserted): rows 19, grades {'VERBATIM': 3, 'SUPPLIED': 8, 'VARIANT': 5, 'EXPANDED': 3}, on the tape 7, by CALL 17, SUPPLIED ['Deut 13:2', 'Deut 13:4', 'Deut 13:6', 'Deut 13:7', 'Deut 13:12', 'Deut 13:13', 'Deut 13:15', 'Deut 13:18'], writes ['false_prophet_hearing_barred', 'israel_hears_and_fears', 'condemned_city_inquiry_required', 'devoted_thing_cleaving_barred'], pointer ['Deut 13:18']
THE DATA ROWS (printed before they are asserted): 39 ['moses_unnamed', 'the_anger_keyed', 'the_benefit_ban', 'the_capital_courts_end', 'the_congruence_rule', 'the_counter_and_the_parameters', 'the_courts_rule_inverted', 'the_entrapment'] …
THE SCENE (printed before it is asserted): ((1, 1, 1, 1, 1, 1, 1, 2, 1, 1, 1, 1, 1, 1, 1, 1, 1, 1, 1, 2, 1, 1, 1, 1, 1, 1, 1, 1, 1, 1, 1, 1, 1, 1, 1, 1, 1, 1, 1, 1), (1, 1, 1, 1, 1, 1), 1, 1, 2, 2, 1, (0, 0, 0, 0), 40, 0)
THE NARRATIVE (printed before it is asserted): (8, 0, 1, (11, 1), 0, 0, 0, 0) ['adding_barred', 'false_prophet_hearing_barred', 'tested_by_the_lord', 'cleaving_commanded', 'pity_barred', 'israel_hears_and_fears', 'condemned_city_inquiry_required', 'devoted_thing_cleaving_barred']
guard: 78 expectations checked, every one a literal from the answer sheet [honest-pairing guard satisfied]
THE INK (printed before it is asserted): PARSED {(14, 6): [2], (14, 28): [3]}, ORDS {}, MARKS {6: ['שתי^'], 22: ['עשר*'], 23: ['מעשר*'], 28: ['שנים*', 'מעשר*']}, TOKN 351, LETN 1344, KINNUM {('Deut', 15, 1): [7], ('Deut', 31, 10): [7], ('Exod', 23, 10): [6], ('Lev', 11, 3): [], ('Lev', 27, 30): [], ('Num', 18, 21): [], ('Deut', 26, 12): [], ('Deut', 12, 17): []}, STARRED [(12, 17, 'מעשר*'), (14, 22, 'עשר*'), (14, 23, 'מעשר*'), (14, 28, 'מעשר*'), (26, 12, 'מעשר*')]
THE DB'S OWN SEATS (printed before they are asserted): INF_ABS [(21, 'מכר'), (22, 'עשר')]; the kid ['Deut 14:21', 'Exod 23:19', 'Exod 34:26']; the holy people ['Deut 14:2', 'Deut 14:21', 'Deut 7:6']; portion and inheritance 6; the four at the gate ['Deut 14:29', 'Deut 16:11', 'Deut 16:14']; the place formula 11; the tithe tokens 17; rejoice 8; three years ['2Kgs 18:10', 'Deut 14:28']; seven years ['Deut 15:1', 'Deut 31:10', 'Jer 34:14']; TWIN {'14:6 vs 11:3': 9, '14:7 vs 11:4': 16, '14:8 vs 11:7': 10, '14:9 vs 11:9': 12, '14:15 vs 11:16': 10, '14:15 == 11:16': True, '14:2 vs 7:6': 18, '14:24 vs 12:21': 12, '14:29 vs 24:19': 7, '14:29 vs 14:27': 6, '14:21 vs 23:19': 6}
THE READBACK (the census, printed before it is asserted): rows 29, grades {'SUPPLIED': 8, 'VERBATIM': 6, 'VARIANT': 11, 'EXPANDED': 4}, on the tape 10, by CALL 29, SUPPLIED ['Deut 14:1', 'Deut 14:3', 'Deut 14:5', 'Deut 14:11', 'Deut 14:20', 'Deut 14:22', 'Deut 14:25', 'Deut 14:28'], writes [('Deut 14:1', 'cuttings_for_the_dead_barred'), ('Deut 14:3', 'abomination_eating_barred'), ('Deut 14:21', 'carcass_eating_barred'), ('Deut 14:22', 'second_tithe_owed'), ('Deut 14:28', 'poor_tithe_owed')], pointer []
THE VERSES NO ONE CITES (computed on the docket, printed before it is asserted): [9, 14, 15, 16, 17, 18]
THE DATA ROWS (printed before they are asserted): 56 ['ezras_penalty', 'for_the_dead', 'heavens_property', 'shiloh_and_the_house', 'the_altars_disqualified', 'the_animal_tithe_now', 'the_baldness_both_ways', 'the_benefit_counter_arm'] …
THE SCENE (printed before it is asserted): ((1, 1, 1, 1, 1, 1, 1, 1, 1, 1, 1, 1, 1, 1, 1, 1, 1, 1, 1, 1, 1, 1, 1, 1, 2, 1, 1, 1, 1, 1, 1, 1, 1, 1, 1, 1, 1, 1, 1, 1, 1, 1, 1, 1, 1, 1, 1, 1, 1, 1, 1, 1, 1, 1, 1, 1, 1, 1, 1, 1, 1, 1, 1, 1, 1, 1, 1, 1, 1, 1, 1), (1, 1, 1, 1, 1, 1, 1, 1), 10, 11, 2, 1, 1, (0, 0, 0, 0), 71, 0)
THE NARRATIVE (printed before it is asserted): (7, 0, 1, (11, 1), 0, 0, 0, 0) ['cuttings_for_the_dead_barred', 'abomination_eating_barred', 'carcass_eating_barred', 'second_tithe_owed', 'rejoicing_before_the_lord_commanded', 'levite_forsaking_barred', 'poor_tithe_owed']
guard: 91 expectations checked, every one a literal from the answer sheet [honest-pairing guard satisfied]
THE INK (printed before it is asserted): PARSED {(15, 1): [7], (15, 7): [1], (15, 12): [6], (15, 18): [6]}, ORDS {9: [7]}, MARKS {1: ['שנים*'], 12: ['שנים*'], 18: ['שנים*']}, TOKN 354, LETN 1294, KINNUM {('Exod', 21, 2): [6], ('Exod', 23, 10): [6], ('Lev', 25, 3): [6, 6], ('Lev', 25, 8): [7, 7, 7, 7, 49], ('Deut', 31, 10): [7], ('Jer', 34, 14): [7, 6], ('Exod', 22, 29): [7], ('Lev', 22, 27): [7], ('Deut', 14, 28): [3], ('Deut', 16, 9): [7, 7]}, STARRED [(9, 15, 'ושני^'), (10, 3, 'ושני^'), (14, 28, 'שנים*'), (15, 1, 'שנים*'), (15, 12, 'שנים*'), (15, 18, 'שנים*'), (31, 10, 'שנים*')]
  PRINT the exaction verb by tokens (the lemma table collides at 5065): ['1Kgs 20:13', '1Sam 13:6', '1Sam 14:24', '2Kgs 23:35', 'Deut 15:2', 'Deut 15:3', 'Exod 20:21', 'Exod 24:14', 'Gen 33:7', 'Isa 14:4', 'Isa 29:13', 'Isa 50:8', 'Isa 53:7', 'Isa 65:5', 'Job 3:18', 'Job 40:19', 'Lev 21:21', 'Lev 21:23', 'Ps 91:7', 'Zech 9:8']
  PRINT "howbeit" (the lemma table has no 657 in the Torah): ['2Sam 12:14', 'Amos 6:10', 'Amos 9:8', 'Deut 15:4', 'Gen 47:15', 'Gen 47:16', 'Isa 16:4', 'Isa 29:20', 'Isa 34:12', 'Isa 41:29', 'Isa 45:14', 'Isa 45:6', 'Isa 54:15', 'Isa 5:8', 'Judg 4:9', 'Num 13:28', 'Num 23:13'] | "cease" in the book: [('Deut 15:11', 'יחדל'), ('Deut 23:23', 'תחדל')]
  PRINT "free" every seat in the Bible (the count): 17 [('1Sam 17:25', 'חפשי'), ('Deut 15:12', 'חפשי'), ('Deut 15:13', 'חפשי'), ('Deut 15:18', 'חפשי'), ('Exod 21:2', 'לחפשי'), ('Exod 21:5', 'חפשי'), ('Exod 21:26', 'לחפשי'), ('Exod 21:27', 'לחפשי'), ('Isa 58:6', 'חפשים'), ('Jer 34:9', 'חפשים'), ('Jer 34:10', 'חפשים'), ('Jer 34:11', 'חפשים'), ('Jer 34:14', 'חפשי'), ('Jer 34:16', 'חפשים'), ('Job 3:19', 'חפשי'), ('Job 39:5', 'חפשי'), ('Ps 88:6', 'חפשי')]
  PRINT "shear" every seat in the Bible: ['1Sam 25:2', '1Sam 25:4', '1Sam 25:7', '1Sam 25:11', '2Sam 13:23', '2Sam 13:24', 'Deut 15:19', 'Gen 31:19', 'Gen 38:12', 'Gen 38:13', 'Isa 53:7', 'Jer 7:29', 'Job 1:20', 'Mic 1:16', 'Nah 1:12']
THE CLOCK (printed before it is asserted): {'counter': (40, 11, 1), 'release_keys': ['the_end', 'the_onset', 'the_territory', 'the_year'], 'firstlings_year_keys': ['its_own_year', 'the_blemished', 'the_exiles_arm', 'the_tending_term', 'the_two_day_edge'], 'the_release_on_the_bare_world': 'no count', 'the_firstlings_year_days': 354, 'the_two_day_edge': True, 'no_marker': True}
THE DB'S OWN SEATS (printed before they are asserted): INF_ABS [(2, 'שמוט'), (4, 'ברך'), (5, 'שמוע'), (8, 'פתח'), (8, 'והעבט'), (10, 'נתון'), (11, 'פתח'), (14, 'העניק')]; seven years ['Deut 15:1', 'Deut 31:10', 'Jer 34:14']; the release noun 5; needy 9; the pledge verb 6; remember-a-slave ['Deut 15:15', 'Deut 16:12', 'Deut 24:18', 'Deut 24:22', 'Deut 5:15']; the awl [('Deut 15:17', 'המרצע'), ('Exod 21:6', 'במרצע')]; six years ['Deut 15:12', 'Deut 15:18', 'Exod 21:2', 'Lev 25:3']; for ever ['Deut 15:17']; year by year 11; the place formula 11; unclean-clean ['Deut 12:15', 'Deut 12:22', 'Deut 15:22']; as water ['Deut 12:16', 'Deut 12:24', 'Deut 15:23']; spoke-to-you ['Deut 12:20', 'Deut 15:6', 'Deut 26:18', 'Deut 29:12']; base [('Deut 13:14', 'בליעל'), ('Deut 15:9', 'בליעל')]; sin-in-you ['Deut 15:9', 'Deut 23:22', 'Deut 24:15']; TWIN {'15:12 vs Exod 21:2': 3, '15:12 vs Jer 34:14': 7, '15:16 vs Exod 21:5': 3, '15:17 vs Exod 21:6': 1, '15:15 vs 5:15': 11, '15:15 vs 24:18': 14, '15:5 vs 28:1': 14, '15:6 vs 28:12': 6, '15:9 vs 24:15': 7, '15:10 vs 14:29': 6, '15:21 vs 17:1': 6, '15:22 vs 12:15': 4, '15:22 vs 12:22': 4, '15:23 vs 12:16': 6, '15:23 vs 12:24': 5, '15:4 vs 15:11': 3, '15:1 vs 31:10': 3, '15:20 vs 12:18': 9}
THE CALLEES (printed before they are asserted): the Belial ask in the city cell ['belial_and_naboth'] -> Belial and Naboth (13:14) — the Torah's two seats (13:14, 15:9); the one who turns his eye; the release on the bare world no count; the firstling's year 354 days; MP F1 ['slave-release: FREE-YEAR-7', 'slave-release: DEDUCT', 'slave-release: FREE-AT-JUBILEE']; M2 slave_maimed True
THE READBACK (the census, printed before it is asserted): rows 23, grades {'TURNED': 2, 'SUPPLIED': 11, 'VARIANT': 2, 'VERBATIM': 3, 'SHORTENED': 1, 'DISAGREES': 2, 'EXPANDED': 2}, on the tape 11, by CALL 23, SUPPLIED ['Deut 15:3', 'Deut 15:4', 'Deut 15:6', 'Deut 15:7', 'Deut 15:8', 'Deut 15:9', 'Deut 15:10', 'Deut 15:11', 'Deut 15:13', 'Deut 15:14', 'Deut 15:18'], writes [('Deut 15:1', 'debt_release_owed'), ('Deut 15:2', 'exaction_barred'), ('Deut 15:7', 'hand_shutting_barred'), ('Deut 15:8', 'hand_opening_commanded'), ('Deut 15:9', 'base_thought_barred'), ('Deut 15:10', 'work_of_the_hand_blessed'), ('Deut 15:13', 'empty_sending_barred'), ('Deut 15:14', 'furnishing_commanded'), ('Deut 15:18', 'work_of_the_hand_blessed'), ('Deut 15:19', 'firstling_sanctification_commanded')], pointer ['Deut 15:6'], state ['Deut 15:4'], open ['Deut 15:17', 'Deut 15:19']
THE VERSES NO ONE CITES (computed on the docket, printed before it is asserted): [15]
THE DATA ROWS (printed before they are asserted): 71 ['egypt_the_model', 'lend_not_borrow', 'the_altars_bar', 'the_awl_tool', 'the_blemish_class', 'the_blemished_in_the_gates', 'the_blemished_thirty_days', 'the_blessing_in_the_land'] …; the parameters 27 on file 27 + 2
THE SCENE (printed before it is asserted): ((1, 1, 1, 1, 1, 1, 1, 1, 1, 1, 1, 1, 1, 1, 1, 1, 1, 1, 1, 1, 1, 1, 1, 1, 1, 1, 1, 1, 1, 1, 1, 1, 1, 1, 1, 1, 1, 1, 1, 1, 1, 1, 1, 1, 1, 1, 1, 1, 1, 1, 1, 1, 1, 1, 1, 1, 1, 1, 1, 1, 1, 1, 1, 1, 1, 1, 1, 1, 1, 1, 1, 1, 1, 1, 1, 1, 1, 1, 1, 1, 1, 1), (1, 1, 1, 1, 1, 1, 1, 1, 1, 1, 1), 2, 17, 3, 1, 1, 1, (0, 0, 0, 0), 82, 0)
THE NARRATIVE (printed before it is asserted): (15, 0, 1, (11, 1), 0, 0, 0, 0) ['debt_release_owed', 'exaction_barred', 'blessings_for_hearing', 'hand_opening_commanded', 'hand_shutting_barred', 'base_thought_barred', 'work_of_the_hand_blessed', 'cry_heard', 'bears_sin', 'furnishing_commanded', 'empty_sending_barred', 'work_of_the_hand_blessed', 'firstling_sanctification_commanded', 'firstling_work_and_shearing_barred', 'holy_things_in_the_gates_barred']
guard: 53 expectations checked, every one a literal from the answer sheet [honest-pairing guard satisfied]
guard: 26 expectations checked, every one a literal from the answer sheet [honest-pairing guard satisfied]
probes: all 17 token probes fired  [zero-report law satisfied]

THE INK (printed before it is asserted): PARSE {3: ([7], [], []), 4: ([7], [1], []), 5: ([1], [], []), 8: ([6], [7], []), 9: ([7, 7], [], ['שבעת*']), 13: ([7], [], []), 15: ([7], [], []), 16: ([3], [], [])}, NUMV [3, 4, 5, 8, 9, 13, 15, 16], ORDV [4, 8], STARV [9], TOKN 334
THE CLOCK (printed before it is asserted): {'counter': (40, 11, 1), 'passover': (1, 14), 'passover_1': (1, 15), 'passover_7': {'from': 'passover_1', 'plus': 6}, 'atzeret': {'from': 'omer', 'plus': 49}, 'sukkot_1': (7, 15), 'omer_day': (1, 16), 'leap': {'position': 'after_month_12', 'length': 30}, 'threshold': 16, 'grounds': ['spring_grain', 'tree_fruit', 'season'], 'leap_by': ['count'], 'slots': ['evening', 'night', 'midnight', 'dawn', 'morning', 'noon', 'between_the_evenings', 'sunset'], 'between_the_evenings_from': 6.5, 'no_marker': True}
THE SCANS (printed before they are asserted): holes []; bribe ['israel_people']; burn ['aaron-and-sons']; place ['israel_people']; rejoice ['israel_people']; booths []; omer []; courts ['israel_people']; judges ['the_court']; appear ([], []); pillars (['the_pillar_of_bethel'], ['the_pillar_of_gilead']); pervert []
THE TWINS DIFFED (printed before they are asserted): {'16:1 vs Exod 34:18': 7, '16:1 vs Exod 23:15': 5, '16:4 vs Exod 13:7': 6, '16:4 vs Exod 34:25': 3, '16:6 vs Exod 12:6': 0, '16:8 vs Exod 13:6': 5, '16:9 vs Lev 23:15': 0, '16:11 vs 12:18': 13, '16:11 vs 16:14': 11, '16:12 vs 5:15': 5, '16:12 vs 24:18': 6, '16:16 vs Exod 34:23': 8, '16:16 vs Exod 23:17': 7, '16:17 vs 12:15': 6, '16:18 vs 1:16': 2, '16:19 vs Exod 23:8': 7, '16:20 vs 4:1': 6, '16:21 vs 7:5': 0, '16:22 vs 12:31': 2}
THE CALLEES (asserted from their prints): MO window after_midday, morrow festival, count 49, booths 7, the seventh servile_only; PS night only, until midnight / roasted only / burn on the 16th / invalid if not for its sake; CA male owes the three appearings; ER stand standing_liability_like_the_appearance_offering, amounts ('two_silver', 'maah'), made made_objects_not_the_ground; MU redress seven days of redress — Pesach's analogy; PN place the place which the LORD will ; OP charge the charge (1:16-17) — the six; ES sizes (71, 23); OR one-two merit_by_one_liability_by_two, bribe the_bribed_judges_eyes_dim / even_to_judge_truly; HO five 5; ST bribe takes no bribe (10:17) — Exodu; SN wood ['lashes']; CH keep keep and remember (5:12); JR three the three objects (33:52; PSH from Modi'im and beyond (fifteen mil)
THE READBACK (printed before it is asserted): rows 22, grades {'VARIANT': 9, 'EXPANDED': 2, 'SUPPLIED': 10, 'VERBATIM': 1}, on the tape 5, by CALL 22, supplied 10, with writes 14
THE NARRATIVE (printed before it is asserted): (16, 0, 1, (11, 1), 0, 0, 0, 0) ['passover_at_the_place_commanded', 'passover_in_the_gates_barred', 'leaven_with_the_passover_barred', 'flesh_till_morning_barred', 'seventh_day_assembly_commanded', 'weeks_at_the_place_commanded', 'booths_at_the_place_commanded', 'three_pilgrimages_commanded', 'empty_appearance_barred', 'judges_and_officers_commanded', 'judgment_wresting_barred', 'person_respecting_barred', 'bribe_barred', 'justice_pursuit_commanded', 'asherah_beside_the_altar_barred', 'pillar_barred']
guard: 66 expectations checked, every one a literal from the answer sheet [honest-pairing guard satisfied]
THE INK (printed before it is asserted): PARSE {(17, 2): ([1], [], []), (17, 6): ([2, 3, 1], [], [])}, NUMV [(17, 2), (17, 6)], ORDV [], STARV [], TOKN {17: 368, 18: 304}
THE NEGATIONS AND THE NAME (printed before they are asserted): {(17, 1): ['לא'], (17, 3): ['לא'], (17, 6): ['לא'], (17, 11): ['לא'], (17, 13): ['ולא'], (17, 15): ['לא', 'לא'], (17, 16): ['לא', 'ולא', 'לא'], (17, 17): ['ולא', 'ולא', 'לא'], (18, 1): ['לא'], (18, 2): ['לא'], (18, 9): ['לא'], (18, 10): ['לא'], (18, 14): ['לא'], (18, 16): ['לא', 'לא', 'ולא'], (18, 19): ['לא'], (18, 20): ['לא'], (18, 21): ['לא'], (18, 22): ['ולא', 'ולא', 'לא', 'לא']} 28
THE CLOCK (printed before it is asserted): {'counter': (40, 11, 1), 'no_marker': True, 'no_clock_datum': True}
THE SCANS (printed before they are asserted): holes []; hears ['israel_people']; false prophet ['israel_people']; inheritance ['aaron', 'the_levites']; kings ['jacob']; prophet ['abraham']; wholeness ['abraham']; courts ['israel_people']; judges ['the_court']; bribe ['israel_people']; stoned ['the_blasphemer', 'the_wood_gatherer']; put to death ['abiram', 'dathan', 'korach', 'the_lusters', 'the_ten_spies', 'the_two_hundred_fifty', 'the_wood_gatherer']; purged []; dues ['aaron']
THE TWINS DIFFED (printed before they are asserted): {'17:1 vs 15:21': 6, '17:4 vs 13:15': 9, '17:6 vs 19:15': 6, '17:7 vs 13:10': 7, '17:8 vs 1:17': 2, '17:11 vs 17:20': 1, '17:13 vs 13:12': 3, '17:17 vs 8:13': 3, '17:20 vs 8:14': 0, '18:2 vs 10:9': 8, '18:2 vs Num 18:20': 2, '18:5 vs 10:8': 3, '18:10 vs Lev 20:2': 0, '18:11 vs Lev 20:27': 1, '18:13 vs Gen 17:1': 1, '18:16 vs 5:25': 5, '18:17 vs 5:28': 5, '18:19 vs 13:4': 3, '18:22 vs 13:2': 0}
THE READBACK (printed before it is asserted): rows 42, grades {'SUPPLIED': 12, 'VARIANT': 22, 'EXPANDED': 5, 'VERBATIM': 2, 'SHORTENED': 1}, on the tape 11, by CALL 42, supplied 12, with writes 28
THE NARRATIVE (printed before it is asserted): (37, 0, 1, (11, 1), 0, 0, 0, 0) ['blemished_offering_barred', 'idolater_inquiry_required', 'two_witnesses_required', 'one_witness_barred', 'witnesses_hand_first_commanded', 'high_court_at_the_place_commanded', 'sentence_binding_commanded', 'turning_from_the_word_barred', 'king_from_the_brothers_commanded', 'foreign_king_barred', 'horses_multiplying_barred', 'return_to_egypt_barred', 'wives_multiplying_barred', 'silver_and_gold_multiplying_barred', 'law_copy_commanded', 'heart_lifting_barred', 'shoulder_cheeks_maw_owed', 'first_fleece_owed', 'priests_standing_chosen', 'levite_service_at_the_place_permitted', 'equal_portions_commanded', 'abominations_learning_barred', 'passing_through_fire_barred', 'diviner_barred', 'soothsayer_barred', 'augur_barred', 'sorcerer_barred', 'charmer_barred', 'ghost_consulting_barred', 'familiar_spirit_barred', 'necromancer_barred', 'wholeness_commanded', 'prophet_like_moses_promised', 'prophet_hearkening_commanded', 'word_required_of_the_hearer', 'false_word_test_declared', 'false_prophet_fear_barred']
guard: 88 expectations checked, every one a literal from the answer sheet [honest-pairing guard satisfied]
guard: 94 expectations checked, every one a literal from the answer sheet [honest-pairing guard satisfied]
guard: 63 expectations checked, every one a literal from the answer sheet [honest-pairing guard satisfied]
guard: 99 expectations checked, every one a literal from the answer sheet [honest-pairing guard satisfied]
probes: all 112 token probes fired  [zero-report law satisfied]

THE INK (printed before it is asserted): PARSE {(19, 2): ([3], [], []), (19, 3): ([3], [], []), (19, 5): ([1], [], []), (19, 7): ([3], [], []), (19, 9): ([3], [], []), (19, 11): ([1], [], []), (19, 15): ([1, 2, 3], [], ['שני^']), (19, 17): ([2], [], ['שני^']), (21, 15): ([2, 1, 1], [], ['שתי^', 'האחת#', 'והאחת#']), (21, 17): ([2], [], [])}, NUMV [(19, 2), (19, 3), (19, 5), (19, 7), (19, 9), (19, 11), (19, 15), (19, 17), (21, 15), (21, 17)], ORDV [], STARV [(19, 15), (19, 17), (21, 15)], TOKN {19: 332, 20: 316, 21: 354}
THE NEGATIONS AND THE NAME (printed before they are asserted): {(19, 4): ['לא'], (19, 6): ['לא'], (19, 10): ['ולא'], (19, 13): ['לא'], (19, 14): ['לא'], (19, 15): ['לא'], (19, 20): ['ולא'], (19, 21): ['ולא'], (20, 1): ['לא'], (20, 5): ['ולא'], (20, 6): ['ולא'], (20, 7): ['ולא'], (20, 8): ['ולא'], (20, 12): ['לא'], (20, 15): ['לא'], (20, 16): ['לא'], (20, 18): ['לא'], (20, 19): ['לא', 'לא'], (20, 20): ['לא'], (21, 1): ['לא'], (21, 3): ['לא', 'לא'], (21, 4): ['לא', 'ולא'], (21, 7): ['לא', 'לא'], (21, 14): ['לא', 'לא', 'לא'], (21, 16): ['לא'], (21, 18): ['ולא'], (21, 23): ['לא', 'ולא']} 22
THE CLOCK (printed before it is asserted): {'counter': (40, 11, 1), 'no_marker': True, 'no_clock_datum': True}
THE SCANS (printed before they are asserted): holes []; cities ['israel_people']; pity ['israel_people']; hears ['israel_people']; one witness ['israel_people']; two witnesses ['israel_people']; hand first ['israel_people']; abominations ['israel_people']; fear not ['isaac', 'israel_people', 'jacob', 'moses', 'yehoshua']; captive ['israel_people', 'lot', 'the_captives_of_midian']; spoil ['israel_people', 'the-sons']; boundary ['the_heap_and_pillar']; hanged ['the_baker']; buried ['aaron', 'abraham', 'deborah_the_nurse', 'isaac', 'jacob', 'miriam', 'rachel', 'sarah', 'the_lusters']; blood ['noach']; atoned ['aaron', 'israel_people', 'the-repentant', 'the_officers_of_the_host']; firstborn by the head ['esau', 'perez']; hated ['the-sons']; stoned ['the_blasphemer', 'the_wood_gatherer']; put to death ['abiram', 'dathan', 'korach', 'the_lusters', 'the_ten_spies', 'the_two_hundred_fifty', 'the_wood_gatherer']; purged []; flees []; dwells []; land polluted []; city devoted []; driven out []; lashes []
ASSERT FAIL [part1] line 71: (['israel_people'], ['israel_people'], ['israel_people'], ['israel_people'], ['israel_people'], ['israel_people'], ['israel_people'], ['isaac', 'israel_people', 'jacob', 'moses', 'yehoshua'], ['israel_people', 'lot', 'the_captives_of_midian'], ['israel_people', 'the-sons'], ['the_heap_and_pillar'], ['the_baker'], ['noach'], ['esau', 'perez'], ['the-sons'], ['the_blasphemer', 'the_wood_gatherer'], ['abiram', 'dathan', 'korach', 'the_lusters', 'the_ten_spies', 'the_two_hundred_fifty', 'the_wood_gatherer'], [], [], [], [], [], [], [])
    import cold_run_firstfruits_ebal_curses as FE
guard: 63 expectations checked, every one a literal from the answer sheet [honest-pairing guard satisfied]
THE INK (printed before it is asserted): PARSE {(19, 2): ([3], [], []), (19, 3): ([3], [], []), (19, 5): ([1], [], []), (19, 7): ([3], [], []), (19, 9): ([3], [], []), (19, 11): ([1], [], []), (19, 15): ([1, 2, 3], [], ['שני^']), (19, 17): ([2], [], ['שני^']), (21, 15): ([2, 1, 1], [], ['שתי^', 'האחת#', 'והאחת#']), (21, 17): ([2], [], [])}, NUMV [(19, 2), (19, 3), (19, 5), (19, 7), (19, 9), (19, 11), (19, 15), (19, 17), (21, 15), (21, 17)], ORDV [], STARV [(19, 15), (19, 17), (21, 15)], TOKN {19: 332, 20: 316, 21: 354}
THE NEGATIONS AND THE NAME (printed before they are asserted): {(19, 4): ['לא'], (19, 6): ['לא'], (19, 10): ['ולא'], (19, 13): ['לא'], (19, 14): ['לא'], (19, 15): ['לא'], (19, 20): ['ולא'], (19, 21): ['ולא'], (20, 1): ['לא'], (20, 5): ['ולא'], (20, 6): ['ולא'], (20, 7): ['ולא'], (20, 8): ['ולא'], (20, 12): ['לא'], (20, 15): ['לא'], (20, 16): ['לא'], (20, 18): ['לא'], (20, 19): ['לא', 'לא'], (20, 20): ['לא'], (21, 1): ['לא'], (21, 3): ['לא', 'לא'], (21, 4): ['לא', 'ולא'], (21, 7): ['לא', 'לא'], (21, 14): ['לא', 'לא', 'לא'], (21, 16): ['לא'], (21, 18): ['ולא'], (21, 23): ['לא', 'ולא']} 22
THE CLOCK (printed before it is asserted): {'counter': (40, 11, 1), 'no_marker': True, 'no_clock_datum': True}
THE SCANS (printed before they are asserted): holes []; cities ['israel_people']; pity ['israel_people']; hears ['israel_people']; one witness ['israel_people']; two witnesses ['israel_people']; hand first ['israel_people']; abominations ['israel_people']; fear not ['isaac', 'israel_people', 'jacob', 'moses', 'yehoshua']; captive ['israel_people', 'lot', 'the_captives_of_midian']; spoil ['israel_people', 'the-sons']; boundary ['the_heap_and_pillar']; hanged ['the_baker']; buried ['aaron', 'abraham', 'deborah_the_nurse', 'isaac', 'jacob', 'miriam', 'rachel', 'sarah', 'the_lusters']; blood ['noach']; atoned ['aaron', 'israel_people', 'the-repentant', 'the_officers_of_the_host']; firstborn by the head ['esau', 'perez']; hated ['the-sons']; stoned ['the_blasphemer', 'the_wood_gatherer']; put to death ['abiram', 'dathan', 'korach', 'the_lusters', 'the_ten_spies', 'the_two_hundred_fifty', 'the_wood_gatherer']; purged []; flees []; dwells []; land polluted []; city devoted []; driven out []; lashes []
ASSERT FAIL [part1] line 72: (['israel_people'], ['israel_people'], ['israel_people'], ['israel_people'], ['israel_people'], ['israel_people'], ['israel_people'], ['isaac', 'israel_people', 'jacob', 'moses', 'yehoshua'], ['israel_people', 'lot', 'the_captives_of_midian'], ['israel_people', 'the-sons'], ['the_heap_and_pillar'], ['the_baker'], ['noach'], ['esau', 'perez'], ['the-sons'], ['the_blasphemer', 'the_wood_gatherer'], ['abiram', 'dathan', 'korach', 'the_lusters', 'the_ten_spies', 'the_two_hundred_fifty', 'the_wood_gatherer'], [], [], [], [], [], [], [])
    import cold_run_refuge_war_family as RW
THE TOKENS (printed before they are asserted): {29: 439, 30: 326, 31: 553}
THE INK (printed before it is asserted): PARSE {(29, 4): ([40], [], []), (29, 7): ([Fraction(1, 2)], [], ['ולחצי%']), (30, 9): ([6], [], []), (31, 2): ([120], [], []), (31, 10): ([7], [], ['שנים*']), (31, 20): ([], [], ['ושבע*'])}, NUMV [(29, 4), (29, 7), (30, 9), (31, 2), (31, 10)], ORDV [], STARV [(29, 7), (31, 10), (31, 20)], TOKN {29: 439, 30: 326, 31: 553}
THE NEGATIONS AND THE NAME (printed before they are asserted): {(29, 3): ['ולא'], (29, 4): ['לא', 'לא'], (29, 5): ['לא', 'לא'], (29, 13): ['ולא'], (29, 19): ['לא'], (29, 22): ['לא', 'ולא', 'ולא'], (29, 25): ['לא', 'ולא'], (30, 11): ['לא', 'ולא'], (30, 12): ['לא'], (30, 13): ['ולא'], (30, 17): ['ולא'], (30, 18): ['לא'], (31, 2): ['לא', 'לא'], (31, 6): ['לא', 'ולא'], (31, 8): ['לא', 'ולא', 'לא', 'ולא'], (31, 13): ['לא'], (31, 21): ['לא']} 53
THE CLOCK (printed before it is asserted): {'counter': (40, 11, 1), 'marker': (40, 12, 7), 'marker_verse': 'Deut 31:2', 'marker_at': 'Deut 31:1', 'days_walked': 36, 'clock_data': ['the_hakhel_time', 'the_death_date_of_moses', 'the_release_date']}
THE SCANS (printed before they are asserted): holes {'israel_people': [], 'yehoshua': [], 'moses': [], 'the_levites': []}; the kin counts {'other_gods_barred': 1, 'covenant_cut': 3, 'covenant_declared': 1, 'covenant_words_in_moab_declared': 1, 'confessed': 3, 'scattered_among_nations': 0, 'scattered_among_all_peoples': 1, 'land_desolate': 0, 'return_to_egypt_barred': 1, 'debt_release_owed': 1, 'three_pilgrimages_commanded': 1, 'appearance_owed': 0, 'booths_at_the_place_commanded': 1, 'law_copy_commanded': 1, 'king_from_the_brothers_commanded': 1, 'heart_circumcision_commanded': 1, 'stiffening_barred': 1, 'shema_commanded': 1, 'forgetting_barred': 1, 'israel_hears_and_fears': 1, 'song_sung': 1, 'love_owed': 1, 'blotted_from_the_book': 1, 'whored_after': 1, 'reprieve_of_a_hundred_and_twenty': 1, 'pillar_leads': 1, 'camp_moves_by_the_cloud': 2, 'fragments_in_the_ark': 1, 'tablets_delivered': 4, 'oath_sworn': 5, 'return_promised': 1, 'high_above_all_nations_promised': 1, 'blessings_for_hearing': 3, 'curses_for_not_hearkening': 1, 'few_in_number_left': 1, 'serving_wood_and_stone_among_nations': 1, 'exiled_with_king_to_serve_wood_and_stone': 1, 'plague_struck': 13, 'seed_as_stars': 3, 'witness_declared': 1, 'covenant_remembered': 1, 'great_nation_promised': 3, 'barred_from_the_land': 2}; the reuses {'entered_the_covenant': 4, 'became_the_lords_people_this_day': 2, 'heaven_and_earth_witness': 4, 'blessing_and_curse_set': 2, 'cleaving_commanded': 3, 'fear_not_promised': 6, 'glory_appeared': 7}; the entities {'other_gods_barred': ['israel_people'], 'covenant_cut': ['abraham', 'israel_people', 'the_earth'], 'covenant_declared': ['israel_people'], 'covenant_words_in_moab_declared': ['israel_people'], 'confessed': ['balaam', 'israel_people', 'moses'], 'scattered_among_nations': [], 'scattered_among_all_peoples': ['israel_people'], 'land_desolate': [], 'entered_the_covenant': ['israel_people'], 'became_the_lords_people_this_day': ['israel_people'], 'heaven_and_earth_witness': ['israel_people'], 'blessing_and_curse_set': ['israel_people'], 'cleaving_commanded': ['israel_people'], 'fear_not_promised': ['isaac', 'israel_people', 'jacob', 'moses', 'yehoshua'], 'glory_appeared': ['israel_people', 'the_tent_of_meeting'], 'barred_from_the_land': ['aaron', 'moses'], 'reprieve_of_a_hundred_and_twenty': ['the_generation_of_the_flood'], 'invested_office': ['aaron-and-sons', 'eleazar_son_of_aaron', 'pinchas', 'the-firstborn', 'the_levites', 'yehoshua'], 'plea_made': ['aaron', 'balak', 'caleb', 'hobab', 'israel_people', 'moses', 'the_sons_of_gad_and_reuben', 'yehoshua']}
ASSERT FAIL [part1] line 273: [('fear_not_promised', ['isaac', 'israel_people', 'jacob', 'moses', 'yehoshua'], ['isaac', 'jacob', 'moses', 'yehoshua'])]
    if SCANS_EXPECTED and any(v is not None for v in SCANS.values()): assert SCANS == SCANS_EXPECTED, [(k, SCANS[k], SCANS_EXPECTED.get(k)) for k in SCANS if SCANS[k] != SCANS_EXPECTED.get(k)]
THE TWINS DIFFED (printed before they are asserted): {'29:1 vs 5:1': 8, '29:23 vs 1 Kings 9:8': 9, '29:28 vs 28:58': 6, '29:28 vs 31:12': 6, '30:2 vs 4:30': 6, '30:6 vs 6:5': 7, '30:9 vs 28:11': 8, '30:9 vs 28:63': 2, '30:12 vs 30:13': 9, '30:15 vs 11:26': 2, '30:18 vs 4:26': 7, '30:19 vs 4:26': 7, '30:19 vs 31:28': 4, '31:2 vs 34:7': 5, '31:2 vs 3:27': 5, '31:2 vs Gen 6:3': 4, '31:6 vs 31:8': 7, '31:7 vs 31:23': 10, '31:7 vs 10:11': 7, '31:7 vs Josh 1:6': 11, '31:9 vs 31:22': 6, '31:10 vs 15:1': 3, '31:15 vs Num 12:5': 6, '31:15 vs Exod 33:9': 4, '31:16 vs Gen 47:30': 1, '31:23 vs Num 27:23': 1, '31:27 vs 9:13': 2, '31:29 vs 4:25': 5, '31:30 vs 32:44': 5, '29:22 vs Gen 19:24': 2, '29:4 vs 8:4': 2, '29:1 vs 31:1': 4, '31:1 vs Num 14:39': 7}
ERROR [part1] line 352: NameError: name 'FE' is not defined
    FE_FRUITS = A(FE, 'the_blessings', 'plenteous_in_goods_womb_beast_and_ground')
ERROR [part1] line 352: NameError: name 'FE' is not defined
    FE_SCATTER = A(FE, 'the_curses_of_the_siege_and_the_exile', 'scattered_among_all_peoples_to_serve_wood_and_stone')
ERROR [part1] line 352: NameError: name 'FE' is not defined
    FE_PEOPLE = A(FE, 'the_people_this_day', 'this_day_you_have_become_a_people_to_the_lord')
ERROR [part1] line 353: NameError: name 'FE' is not defined
    FE_SIX = DD(FE)['the_false_six']
ERROR [part1] line 353: NameError: name 'FE' is not defined
    FE_THREE = DD(FE)['the_three_covenants']
ERROR [part1] line 353: NameError: name 'FE' is not defined
    FE_STATE = DD(FE)['the_hearkening_state']
ERROR [part1] line 354: NameError: name 'FE_FRUITS' is not defined
    assert FE_FRUITS[0].startswith("plenteous in goods, womb, beast and ground (28:11) — 7:13's list forward") and FE_SCATTER[0].startswith('scattered among all peoples to serve wood and stone (28:64) — 4
ERROR [part1] line 355: NameError: name 'FE_SIX' is not defined
    assert "30:9's twin ahead" in FE_SIX['value']['28:63'] and FE_THREE['value'] == ['Horeb (Exodus 24; Deut 5:2)', 'the plains of Moab (Deut 28:69)', 'Gerizim and Ebal (Deut 27:11-13; Joshua 8:30-35)'] a
ERROR [part1] line 357: NameError: name 'RW' is not defined
    RW_FEAR = A(RW, 'the_priests_speech', 'hear_israel_the_fourth')
ERROR [part1] line 357: NameError: name 'RW' is not defined
    RW_WAR = A(RW, 'the_priests_speech', 'when_you_go_out_to_war')
ERROR [part1] line 358: NameError: name 'RW_FEAR' is not defined
    assert RW_FEAR[0].startswith('hear, Israel — the fourth (20:3-4) — the four fears against the four terrors; the Presence goes with you') and RW_WAR[0].startswith('when you go out to war (20:1) — again
THE CALLEES' FACTS held: opening_speech, gad_reuben, good_land, exodus_story, covenant_at_horeb, hear_o_israel, seven_nations, obey_horeb, second_tablets, not_righteousness, blessing_and_curse, seducers, food_tithe, release_firstborn, festivals_judges, courts_prophet, firstfruits_ebal_curses, refuge_war_family, tochacha, yovel, calendar, moadim, musafim, mamre, primeval, family, erection, beha, chukat, journeys, vestments, shelach, place_name — thirty-three runners, every edge live at its cell
ERROR [part5] line 24: NameError: name 'FE_FRUITS' is not defined
    READBACK = [
    rb('Deut 29:1', "and Moses called to all Israel: you have seen all that the LORD did before your eyes in Egypt, to Pharaoh, his servants and his land", 'SUPPLIED', "SUPPLIED AS A LAW 
ERROR [part5] line 104: NameError: name 'READBACK' is not defined
    RB_GRADES = collections.Counter(r['grade'] for r in READBACK)
ERROR [part5] line 105: NameError: name 'READBACK' is not defined
    print('THE READBACK (printed before it is asserted): rows %d, grades %s, on the tape %d, by CALL %d, supplied %d, with writes %d, state rows %s, pointer rows %s' % (len(READBACK), dict(RB_GRADES), sum
ERROR [part5] line 106: NameError: name 'READBACK' is not defined
    assert len(READBACK) == 78 and [r['verses'] for r in READBACK] == ['Deut 29:%d' % v for v in range(1, 29)] + ['Deut 30:%d' % v for v in range(1, 21)] + ['Deut 31:%d' % v for v in range(1, 31)] and all
ERROR [part5] line 107: NameError: name 'READBACK' is not defined
    assert [r['verses'] for r in READBACK if r['state']] == ['Deut 30:15', 'Deut 30:17'] and [r['verses'] for r in READBACK if r['pointer']] == ['Deut 31:10'] and READBACK[57]['pointer']['paid'] is True a
ERROR [part5] line 109: NameError: name 'READBACK' is not defined
    assert all(r['grade'] == 'SUPPLIED' and r['write'] for r in READBACK if r['verses'] in FIRSTS20) and all(r['write'] in _FXV for r in READBACK if r['write']), [(r['verses'], r['grade'], r['write']) for
ERROR [part5] line 111: NameError: name 'READBACK' is not defined
    assert all(r['tape_kind'] in _EVREG0 for r in READBACK if r['tape_kind']), [r['tape_kind'] for r in READBACK if r['tape_kind'] and r['tape_kind'] not in _EVREG0]
THE EXAM ROWS (printed before they are asserted): 7 ['Sotah 7:8', 'Berakhot 9:2', 'Avot 1:6', 'Sotah 11:3', 'Sotah 11:4', 'Sotah 11:2', 'Ketubot 5:8']
ERROR [part5] line 125: NameError: name 'READBACK' is not defined
    DATA = {
    'the_readback': {'value': READBACK, 'holes': HOLES, 'open_rows': OPEN_ROWS, 'settings': {'the_form': "THE READBACK'S FORMS ON FILE, NO NEW FORM (THE LOOP.md step 6; THE DEUTERONOMY WALK 1
ERROR [part5] line 164: NameError: name 'DATA' is not defined
    assert all(p in DATA and DATA[p]['settings'].get('a_parameter') for p in PARAMETERS) and len(PARAMETERS) == len(set(PARAMETERS)) == 13, [p for p in PARAMETERS if p not in DATA]
ERROR [part5] line 165: NameError: name 'DATA' is not defined
    print('THE DATA (printed before it is asserted): parameters %d (with arms %d), rows %d' % (len(PARAMETERS), sum(1 for p in PARAMETERS if DATA[p]['settings'].get('the_arms')), len(DATA)))
THE NARRATIVE (printed before it is asserted): (68, 0, 5, (12, 7), 0, 0, 0, 1, [(11, 1), (12, 7)]) {'israel_people': ['covenant_words_keeping_commanded', 'standing_before_the_lord_this_day', 'covenant_oath_sworn_this_day', 'covenant_with_those_not_here', 'entered_the_covenant', 'became_the_lords_people_this_day', 'heart_turning_to_other_gods_barred', 'stubborn_self_blessing_barred', 'hidden_idolater_unpardoned', 'curses_of_the_book_on_the_idolater', 'name_blotted_from_under_heaven', 'separated_for_evil_from_all_tribes', 'land_brimstone_salt_like_sodom', 'nations_question_answered_covenant_forsaken', 'uprooted_and_cast_into_another_land', 'hidden_things_the_lords', 'revealed_things_ours_to_do', 'return_to_the_lord_the_condition', 'captivity_returned_on_return', 'gathered_from_all_the_peoples', 'gathered_from_the_end_of_heaven', 'brought_into_the_fathers_land_again', 'multiplied_above_the_fathers', 'heart_circumcised_by_the_lord', 'curses_put_on_the_enemies', 'return_and_hearken_and_do_commanded', 'abounding_in_fruit_of_body_cattle_ground', 'rejoiced_over_as_over_the_fathers', 'commandment_not_too_hard_nor_far', 'commandment_not_in_heaven_nor_beyond_the_sea', 'commandment_in_mouth_and_heart_to_do', 'life_and_death_set_before_israel', 'choose_life_commanded', 'living_and_multiplying_for_hearkening', 'perishing_for_turning_away', 'length_of_days_on_the_land_promised', 'heaven_and_earth_witness', 'blessing_and_curse_set', 'cleaving_commanded', 'joshua_to_cross_before_israel', 'nations_dispossessed_as_sihon_and_og_promised', 'be_strong_and_courageous_commanded', 'fear_not_promised', 'law_written_and_given_to_priests_and_elders', 'hakhel_reading_commanded', 'hakhel_assembly_of_all_commanded', 'hakhel_children_hear_and_learn_commanded', 'future_whoring_after_foreign_gods_foretold', 'covenant_breaking_foretold', 'face_hidden_and_forsaken_foretold', 'evils_and_troubles_befall_foretold', 'song_writing_commanded', 'song_taught_and_put_in_mouths_commanded', 'song_a_witness_against_israel', 'song_written_and_taught_by_moses', 'book_a_witness_against_israel', 'elders_and_officers_assembled_commanded', 'corruption_after_moses_death_foretold', 'song_spoken_to_the_assembly_to_its_end', 'heaven_and_earth_witness'], 'yehoshua': ['joshua_charged_to_bring_israel_in', 'fear_not_promised', 'joshua_commissioned_to_bring_israel_in', 'lord_with_joshua_promised'], 'moses': ['moses_days_approach_to_die', 'moses_to_sleep_with_the_fathers'], 'the_levites': ['book_of_the_law_beside_the_ark_commanded'], 'the_tent_of_meeting': ['glory_appeared']} [{'verse': 'Deut 31:1', 'value': 'a hundred and twenty years old this day (31:2) — the last day of Moses: the year from the ink (Exodus 7:7 — eighty at the exodus, plus the forty years), the month and the day from the answer sheet (the 7th of Adar — Tosefta Sotah 11:3); the counter moves from (40, 11, 1) at 1:3 for the first time in the book; positioned at 31:1 (Genesis 7:1 the precedent)', 'retrograde': False, 'placement': 'reading_placed'}]
fastcheck: part1 fails 14, part2 fails 0, part3 fails 0, part4 fails 0, part5 fails 10, part6 fails 0
