by-gloss candidates already rewritten by an earlier walk (dropped): []
  GEN 'nose' אף -> 'the-anger-of': 2 seats [(29, 19, 8), (29, 26, 1)]
  GEN 'cremation' שרפה -> 'a-burning': 1 seats [(29, 22, 2)]
  GEN 'loosen' עזבו -> 'they-forsook': 1 seats [(29, 24, 3)]
  GEN 'box' ארון -> 'the-ark-of': 3 seats [(31, 9, 12), (31, 25, 5), (31, 26, 8)]
  GEN 'wound' מכות -> 'the-plagues-of': 1 seats [(29, 21, 14)]
  GEN 'scion' שבט -> 'tribe': 2 seats [(29, 7, 8), (29, 17, 9)]
  GEN 'scion' שבטי -> 'the-tribes-of': 1 seats [(29, 20, 4)]
  GEN 'assemblage' קהל -> 'the-assembly-of': 1 seats [(31, 30, 4)]
  GEN 'opening' פתח -> 'the-door-of': 1 seats [(31, 15, 9)]
  GEN 'remote' רחקה -> 'far': 1 seats [(30, 11, 12)]
  GEN 'smoke' יעשן -> 'shall-smoke': 1 seats [(29, 19, 7)]
  GEN 'find' תמצאן -> 'shall-befall': 1 seats [(31, 21, 2)]
  GEN 'imprecation' אלות -> 'the-curses-of': 1 seats [(29, 20, 7)]
  GEN 'cut' כרת -> 'made': 3 seats [(29, 11, 8), (29, 13, 4), (29, 24, 10)]
  GEN 'front' נגד -> 'before': 1 seats [(31, 11, 15)]
  GEN 'food' לחם -> 'bread': 1 seats [(29, 5, 0)]
  GEN 'root' שרש -> 'a-root': 1 seats [(29, 17, 26)]
  GEN 'old' זקני -> 'the-elders-of': 2 seats [(31, 9, 17), (31, 28, 4)]
  GEN 'bad' רעות -> 'evils': 2 seats [(31, 17, 12), (31, 21, 4)]
  GEN 'column' עמוד -> 'a-pillar-of': 1 seats [(31, 15, 6)]
  GEN 'grave' כתבו -> 'write': 1 seats [(31, 19, 1)]
override rows written: by_ref 113 by_gloss 78 | by_ref total 2061 | by_gloss total 1224 | dropped (already by gloss) 0 | the eight I seats 8 | the one-word seats computed 29
