the guard's count read from the generator's print: 95
assembled /Users/Shared/TorahSim/World/step9/cold_run_covenant_return_charge.py 407856 bytes; parts [80465, 35108, 42075, 58219, 63163, 72115] tail 56638
runner rc 0
MATRIX: 95/95 cells match the answer sheet
THE COMPILE OF CHAPTERS 29-31 (LEAN): the answer sheet REPRODUCED — 95/95
dependency rc 1
  FAIL EDGE covenant_return_charge -> beha dispositioned CALL but no live import edge in cold_run_covenant_return_charge.py
  FAIL EDGE covenant_return_charge -> journeys dispositioned CALL but no live import edge in cold_run_covenant_return_charge.py
tape rc 1
  CHECKPOINT C3d-85 THE JOIN: the covenant placed at Abraham's 85 (bereshit_rabbah_46_2) + Exod 12:40's 430 against the exodus marker, creation year 2449 DIVERGE
  CHECKPOINT C3c-literal the descent-literal setting against the bound DIVERGE  within [0, 350]
  CHECKPOINT C4 Shem 100 at Arpachshad, 2 years after the flood (11:10) vs 5:32 DIVERGE
  CHECKPOINT C10 Methuselah 7 days before the flood (Sanhedrin 108b:5) DIVERGE
  CHECKPOINT CS0 the ark = born + 3 months (2:2) vs the sixth of Sivan (Sotah 12b:16-17) DIVERGE
  CHECKPOINT CS1 the exodus day's weekday by the creation count vs Shabbat 87b:2 (Thursday = 5) DIVERGE
  CHECKPOINT CS4 the manna's first morning (16 Iyar) a Sunday by the shelf (Shabbat 87b:5) vs the creation count DIVERGE
  CHECKPOINT CP6 THE MARKER — Num 25:19 on the tape reading_placed at (40, 6, 1) = the counter's day; markers 157 (F 125); the five lines at (40, 6, 1) — the command line at the marker's own verse (it
  CHECKPOINT CP8 JOCHEBED'S ROW — the named row "born to Levi in Egypt" as of Num 26:57-62 (26:59's subjectless "bore her"); the Joseph runner's seventy cell by CALL names her the missing one; CJ3b's 
  CHECKPOINT DA6 THE STIFF NECK — no effect naming stiff / neck / nape on israel_people (the state in the first telling, Exodus 32:9 — no entry, no write; the runner's own word list, run on the runnin
  CHECKPOINT DG7 THE REGISTER AND THE EDGES — NO register seat at Deut 15 (the reading's finder: no receipt, no header, no footer, no count line; 15:2's "this is the word of" and 15:6's "as He spoke" 
  CHECKPOINT DM1 THE LINES AND THE MARKER — twenty events on the tape AFTER the tape's last Deuteronomy 28 line, in the ink's order (29:1, 29:9, 29:15, 29:21, 29:28, 30:1, 30:6, 30:11, 30:15, 31:1, 31
  CHECKPOINT DM2 THE WRITES — the fifty-nine NEW ONE each on their subjects with their lines' first verses (53 on israel_people, 3 on yehoshua — 31:7, 31:23, 31:23; 2 on moses — 31:14, 31:16; 1 on the
  CHECKPOINT DM3 THE READBACK — THE FORMS ON FILE, NO NEW FORM: the_readback's rows SEVENTY-EIGHT, one per verse (the census from the runner's print: SUPPLIED 30, SHORTENED 3, VARIANT 40, TURNED 2, EX
  CHECKPOINT DM4 THE KIN AND THE REUSES — the forty-three references' counts as the recon and the callees read them (other_gods_barred 1, covenant_cut 3, covenant_declared 1, covenant_words_in_moab_de
  CHECKPOINT DM5 THE REST — entities 319 UNMOVED (yehoshua, moses, the_levites and the_tent_of_meeting on the registry already — Joshua's ledger under the Hebrew key), closes 127 UNMOVED, the populati
  CHECKPOINT C3b 400 years of the seed (15:13 by 21:12) vs exodus-Isaac DIVERGE
  CHECKPOINT C3b-day the exodus on that very day (12:41) = Isaac born on Passover + 400 years TO THE DAY DIVERGE
  CHECKPOINT C3c the lifespans bound 133+137+80 (Exod 6:18, 6:20, 7:7) — parsed DIVERGE  within [0, 350]
     got  ['C0 MATCH', 'C1 DIVERGE', 'C2 MATCH', 'C3a DIVERGE', 'C3b MATCH', 'C3b-day MATCH', 'C3c MATCH', 'C3d-70 MATCH', 'C3d-85 DIVERGE', 'C3c-literal DIVERGE', 'C4 DIVERGE', 'C5 MATCH', 'C6 MATCH'
     want ['C0 MATCH', 'C1 DIVERGE', 'C2 MATCH', 'C3a DIVERGE', 'C3b MATCH', 'C3b-day MATCH', 'C3c MATCH', 'C3d-70 MATCH', 'C3d-85 DIVERGE', 'C3c-literal DIVERGE', 'C4 DIVERGE', 'C5 MATCH', 'C6 MATCH'
checkpoint_check: 346 rows, 19 miss, 0 raised — the tape stepped to its end in 85s
second pass rc 0
