=== chain start 08:57:55 ROOT=/Users/Shared/TorahSim
=== seat deu_29_moab_covenant 08:57:55
deu_29_moab_covenant: seated 5 operators on 5 steps [1, 9, 15, 21, 28]; scenarios 7 in the anchor form
=== verify_text deu_29_moab_covenant 08:57:55
exit 0 TEXT LAYER GREEN: 28 steps, 7 scenarios — deu_29_moab_covenant
=== ritual deu_29_moab_covenant 08:57:55
exit 0 Manual next: watchlist (logic/middot_scan/), state-doc update, owner commit word.
=== seat deu_30_teshuvah_choice 08:58:49
deu_30_teshuvah_choice: seated 4 operators on 4 steps [1, 6, 11, 15]; scenarios 7 in the anchor form
=== verify_text deu_30_teshuvah_choice 08:58:49
exit 0 TEXT LAYER GREEN: 20 steps, 7 scenarios — deu_30_teshuvah_choice
=== ritual deu_30_teshuvah_choice 08:58:49
exit 0 Manual next: watchlist (logic/middot_scan/), state-doc update, owner commit word.
=== seat deu_31_charge_torah 08:59:28
deu_31_charge_torah: seated 6 operators on 6 steps [1, 9, 14, 16, 19, 24]; scenarios 7 in the anchor form
=== verify_text deu_31_charge_torah 08:59:28
exit 0 TEXT LAYER GREEN: 30 steps, 7 scenarios — deu_31_charge_torah
=== ritual deu_31_charge_torah 08:59:28
exit 0 Manual next: watchlist (logic/middot_scan/), state-doc update, owner commit word.
ALL_DONE
