==== A0. THE TWO DIVISIONS — the export's chapter 29 against the DB's
  DB verses 28 | export verses HE 28 EN 28 | per-chapter export lengths vs DB, chapters 1-31: [(5, 30, 33)]
  the alignment cost 19 | export verses mapped to MORE THAN ONE DB verse: {}
  the offset per export verse (DB minus export, the first DB verse of each): Counter({0: 28}) | the runs: [(1, 1, 1), (16, 16, 16), (17, 17, 17), (18, 18, 18), (19, 19, 19)]
  the shared export verse against its DB verses (tokens, negations): []
==== A. THE SHELF BY POSITION — the Sifrei on Deuteronomy around chapter 29
  piskaot 357 357 rows 2357 2357
  heads 295-320 (HE first citation | rows | EN first quote):
   295 head None | HE rows  4 EN rows  4 | 'So that you may extend your days'
   296 head (25, 17) | HE rows  9 EN rows  9 | 'Remember'
   297 head (26, 1) | HE rows 10 EN rows 10 | 'Now it shall be, when you enter the Land'
   298 head None | HE rows  3 EN rows  3 | 'And place it in a basket'
   299 head None | HE rows  4 EN rows  4 | 'And you shall say to him'
   300 head (26, 4) | HE rows  2 EN rows  2 | 'Then the Priest will take the basket from your hand'
   301 head (26, 5) | HE rows 37 EN rows 37 | 'Then you should respond, saying'
   302 head (26, 12) | HE rows  1 EN rows  1 | 'When you have ended51Heb: techaleh; root: ch-l-h, “to make a'
   303 head None | HE rows 20 EN rows 20 | 'And you shall give it to the Levite, the migrant, the father'
   304 head (31, 14) | HE rows  2 EN rows  2 | 'And HASHEM said to Moses:Indeed, your days are dwindling dow'
   305 head None | HE rows  6 EN rows  6 | 'Then HASHEM said to Moses:Take for yourself Joshua b. Nun, a'
   306 head (32, 1) | HE rows 37 EN rows 37 | 'Lend an ear, Heavens, and let me speak!'
   307 head (32, 4) | HE rows 15 EN rows 15 | 'The Rock'
   308 head (32, 5) | HE rows  4 EN rows  4 | 'Is the destruction His own? No!The flaw lies in His children'
   309 head (32, 6) | HE rows  7 EN rows  7 | 'Is this how you repay HASHEM?'
   310 head (32, 7) | HE rows  8 EN rows  8 | 'Remember the days of yore'
   311 head (32, 8) | HE rows  5 EN rows  5 | 'When the Most High bequeathed to the nations'
   312 head (32, 9) | HE rows  2 EN rows  2 | 'For the portion of HASHEM is His people'
   313 head (32, 10) | HE rows 16 EN rows 16 | 'He found him in a barren wasteland'
   314 head (32, 11) | HE rows  6 EN rows  6 | 'Like an eagle tending his nest'
   315 head (32, 12) | HE rows  6 EN rows  6 | 'HASHEM left him isolated'
   316 head (32, 13) | HE rows  4 EN rows  4 | 'He ensconced him above the heights of the Land'
   317 head (32, 14) | HE rows  7 EN rows  7 | 'Curds of the herd, and milk of the flocks'
   318 head (32, 15) | HE rows 16 EN rows 16 | 'Then Yeshurun grew fat, and he kicked'
   319 head (32, 18) | HE rows  6 EN rows  6 | 'You neglected128Heb: teshi. From shayah, “to forget, abandon'
   320 head (32, 19) | HE rows 13 EN rows 13 | 'HASHEM saw [them spurn it], and was provoked’ (Dt.32:19)—R. '
  heads whose chapter is 29 : [] | heads by chapter 1-31: [(1, 24), (3, 4), (6, 6), (11, 21), (12, 20), (13, 14), (14, 14), (15, 16), (16, 19), (17, 16), (18, 16), (19, 10), (20, 14), (21, 17), (22, 22), (23, 22), (24, 16), (25, 10), (26, 4), (31, 1), (32, 36), (33, 14), (34, 1)]
  HE rows citing Deut 29 (the export's verse → the DB's): 4 [(43, 29, 27, [27]), (48, 9, 9, [9]), (148, 8, 25, [25]), (345, 2, 9, [9])]
  EN rows citing Deut 29 : 4 [(43, 29, 27, [27]), (48, 9, 9, [9]), (148, 8, 25, [25]), (345, 2, 9, [9])]
  EN "ibid 29:n" candidates: 0
  the union of rows (both files): 4 [(43, 29), (48, 9), (148, 8), (345, 2)]
  the rows OUTSIDE the spine piskaot (the union less the on-chapter piskaot none - none ): 4 [(43, 29), (48, 9), (148, 8), (345, 2)] | in-spine rows of the union: 0
  outside rows file bytes 11038
==== B. ONKELOS chapter 29 and the DB (the dump per DB verse; a shared export row printed at its first DB verse)
  the store's chapter 29 verses 28 | verses whose store token count differs from the DB: [(29, 22, 25, 24)]
  token count chapter 29 : 439
  onkelos dump bytes 36998
==== C. THE PARSER on every verse of chapter 29
  29:4   N [40]                     O []             marked []
  29:7   N [Fraction(1, 2)]         O []             marked ['ולחצי%']
  number-word tokens present per verse (the bare check against the parser): {'29:4': ['ארבעים'], '29:12': ['נשבע']}
  29:1 tokens: ['ויקרא', 'משה', 'אל', 'כל', 'ישראל', 'ויאמר', 'אלהם', 'אתם', 'ראיתם', 'את', 'כל', 'אשר', 'עשה', 'יהוה', 'לעיניכם', 'בארץ', 'מצרים', 'לפרעה', 'ולכל', 'עבדיו', 'ולכל', 'ארצו']
  29:4 tokens: ['ואולך', 'אתכם', 'ארבעים', 'שנה', 'במדבר', 'לא', 'בלו', 'שלמתיכם', 'מעליכם', 'ונעלך', 'לא', 'בלתה', 'מעל', 'רגלך']
  29:7 tokens: ['ונקח', 'את', 'ארצם', 'ונתנה', 'לנחלה', 'לראובני', 'ולגדי', 'ולחצי%', 'שבט', 'המנשי']
  29:12 tokens: ['למען', 'הקים', 'אתך', 'היום', 'לו', 'לעם', 'והוא', 'יהיה', 'לך', 'לאלהים', 'כאשר', 'דבר', 'לך', 'וכאשר', 'נשבע', 'לאבתיך', 'לאברהם', 'ליצחק', 'וליעקב']
  29:28 tokens: ['הנסתרת', 'ליהוה', 'אלהינו', 'והנגלת', 'לנו', 'ולבנינו', 'עד', 'עולם', 'לעשות', 'את', 'כל', 'דברי', 'התורה', 'הזאת']
==== D. CASE TOKENS, FRAMES, REGISTER, NAMES
  case tokens (כי "when/for" / אם "if" / ואם / או "or" / פן "lest"): {'29:5': ['כי'], '29:14': ['כי'], '29:15': ['כי'], '29:17': ['פן', 'או', 'או', 'או', 'פן'], '29:18': ['כי'], '29:19': ['כי']}
  divine frames (ויאמר/וידבר + יהוה): []
  לאמר "saying" seats: ['29:18']
  narrative-form verbs (V.w) per verse: {1: ['ויקרא', 'ויאמר'], 4: ['ואולך'], 6: ['ותבאו', 'ויצא', 'ונכם'], 7: ['ונקח', 'ונתנה'], 16: ['ותראו'], 25: ['וילכו', 'ויעבדו', 'וישתחוו'], 26: ['ויחר'], 27: ['ויתשם', 'וישלכם']}
  first-person verb forms (1cs / 1cp) per verse: {15: [('ישבנו', 'HVqp1cp'), ('עברנו', 'HVqp1cp')], 18: [('אלך', 'HVqi1cs')]}
  imperatives (Vq.v / Vp.v / Vh.v) per verse: {}
  prohibitions לא + imperfect (the ten's form) per verse: {3: [], 4: [], 5: [], 13: [], 19: [('יאבה', 'HVqi3ms')], 22: [('תזרע', 'HVNi3fs'), ('תצמח', 'HVhi3fs'), ('יעלה', 'HVqi3ms')], 25: []}
  name tokens (Np): {1: ['משה', 'ישראל', 'יהוה', 'מצרים', 'לפרעה'], 3: ['יהוה'], 5: ['יהוה'], 6: ['סיחן', 'חשבון', 'ועוג', 'הבשן'], 9: ['יהוה', 'ישראל'], 11: ['יהוה', 'יהוה'], 12: ['נשבע', 'לאברהם', 'ליצחק', 'וליעקב'], 14: ['יהוה'], 15: ['מצרים'], 17: ['יהוה'], 19: ['יהוה', 'יהוה', 'יהוה'], 20: ['יהוה', 'ישראל'], 21: ['יהוה'], 22: ['סדם', 'ועמרה', 'אדמה', 'וצביים', 'יהוה'], 23: ['יהוה'], 24: ['יהוה', 'מצרים'], 26: ['יהוה'], 27: ['יהוה'], 28: ['ליהוה']}
  second-person plural vs singular (2mp / 2ms tokens per verse): {1: (3, 0), 2: (0, 1), 3: (1, 0), 4: (3, 2), 5: (4, 0), 6: (1, 0), 7: (0, 0), 8: (4, 0), 9: (7, 0), 10: (2, 4), 11: (0, 4), 12: (0, 3), 13: (2, 0), 14: (0, 0), 15: (3, 0), 16: (1, 0), 17: (2, 0), 18: (0, 0), 19: (0, 0), 20: (0, 0), 21: (2, 0), 22: (0, 0), 23: (0, 0), 24: (0, 0), 25: (0, 0), 26: (0, 0), 27: (0, 0), 28: (0, 0)}
==== E. THE REGISTER GATE on Deut 29
  dispositions naming Deut 29: []
  REGISTER_INDEX lines on Deut 29:
==== F. THE PRIOR READS
  ledgers with an Onkelos Deut 29 row: []
  prior Sifrei Devarim rows anywhere (strict form), those among the outside rows: [('deu_04_vaetchanan_2026-09-16.md', 148, 8), ('deu_11_ekev_reeh_2026-09-20.md', 43, 29), ('deu_11_ekev_reeh_2026-09-20.md', 48, 9), ('deu_17_18_shoftim_2026-09-24.md', 148, 8)] | all prior rows count 2121
  ledgers NAMING a verse of Deut 29: 9
    ('deu_08_ekev_2026-09-18.md', 1, ['Deuteronomy 29:4'])
    ('num_01_levites_exempt_2026-09-09.md', 1, ['Deut 29:27'])
    ('num_03_levite_clans_count_2026-09-09.md', 1, ['Deut 29:27'])
    ('num_05_sotah_2026-09-09.md', 2, ['Deut 29:19'])
    ('num_09_pesach_cloud_2026-09-09.md', 2, ['Deut 29:28'])
    ('num_15_offerings_laws_2026-09-10.md', 2, ['Deut 29:21'])
    ('num_19_parah_2026-09-11.md', 3, ['Deut 29:17', 'Deuteronomy 29:17'])
    ('num_34_borders_2026-09-12.md', 2, ['Deuteronomy 29:19'])
    ('num_35_refuge_cities_exam_2026-09-13.md', 1, ['Deuteronomy 29:17-19'])
  ledgers with an Onkelos Exod 19 / Exod 24 / Lev 26 / Gen 19 / Deut 2 / Deut 3 / Deut 4 / Deut 5 / Deut 8 / Deut 28 row (the kin's reading — the covenant at Horeb Exodus 19-24 and 5:2-3 beside the covenant in Moab 29:9-14; the forty years' garments and the kings Sihon and Og 8:2-4 and 2:24-3:11 for 29:4-7; Sodom and Gomorrah Genesis 19 for 29:22; the exile and the return 4:25-31 and Leviticus 26 for 29:21-27): ['deu_01_03_devarim_2026-09-15.md', 'deu_04_vaetchanan_2026-09-16.md', 'deu_05_vaetchanan_2026-09-16.md', 'deu_08_ekev_2026-09-18.md', 'deu_26_28_ki_tavo_2026-09-26.md', 'erection_docket_2026-09-06.md', 'exo_24_covenant_ascent_2026-09-01.md', 'lev_25_slave_jubilee_2026-09-05.md', 'lev_26_blessings_curses_2026-09-05.md'] | ledgers with an Onkelos row of the Prophets (never read ahead — expected none): []
==== G. THE DRAFTS
  deu_28_blessings: refs 28:1-14; steps (28, 1)..(28, 14) n=14; draft False; operators True; depends_on ['    - "deu_27_ebal_curses"\n    - "lev_26_bless_curse"\n']; scenarios 21; binary_trees True; step E True; comment lines 19
  deu_28_curses_a: refs 28:15-44; steps (28, 15)..(28, 44) n=30; draft False; operators True; depends_on ['    - "deu_28_blessings"\n']; scenarios 37; binary_trees True; step E True; comment lines 35
  deu_28_curses_b: refs 28:45-69; steps (28, 45)..(28, 69) n=25; draft False; operators True; depends_on ['    - "deu_28_curses_a"\n']; scenarios 32; binary_trees True; step E True; comment lines 30
  deu_29_moab_covenant: refs 29:1-28; steps (29, 1)..(29, 28) n=28; draft True; operators False; depends_on ['    - "deu_28_curses_b"\n']; scenarios 35; binary_trees True; step E False; comment lines 32
    the step verses: [1, 2, 3, 4, 5, 6, 7, 8, 9, 10, 11, 12, 13, 14, 15, 16, 17, 18, 19, 20, 21, 22, 23, 24, 25, 26, 27, 28] | covers DB 28 ? True
  the units' claim prefixes present anywhere? {'DV29': 0, 'DV29A': 0, 'DV29B': 0, 'DV28': 0, 'DV30': 0}
  existing manifests deu_29*: [] | ledgers deu_*: ['deu_01_03_devarim_2026-09-15.md', 'deu_01_03_devarim_exam_2026-09-15.md', 'deu_04_vaetchanan_2026-09-16.md', 'deu_04_vaetchanan_exam_2026-09-16.md', 'deu_05_vaetchanan_2026-09-16.md', 'deu_05_vaetchanan_exam_2026-09-16.md', 'deu_06_vaetchanan_2026-09-17.md', 'deu_06_vaetchanan_exam_2026-09-17.md', 'deu_07_vaetchanan_ekev_2026-09-17.md', 'deu_07_vaetchanan_ekev_exam_2026-09-18.md', 'deu_08_ekev_2026-09-18.md', 'deu_08_ekev_exam_2026-09-19.md', 'deu_09_ekev_2026-09-19.md', 'deu_09_ekev_exam_2026-09-19.md', 'deu_10_ekev_2026-09-19.md', 'deu_10_ekev_exam_2026-09-20.md', 'deu_11_ekev_reeh_2026-09-20.md', 'deu_11_ekev_reeh_exam_2026-09-20.md', 'deu_12_reeh_2026-09-20.md', 'deu_12_reeh_exam_2026-09-20.md', 'deu_13_reeh_2026-09-21.md', 'deu_13_reeh_exam_2026-09-21.md', 'deu_14_reeh_2026-09-21.md', 'deu_14_reeh_exam_2026-09-21.md', 'deu_15_reeh_2026-09-22.md', 'deu_15_reeh_exam_2026-09-23.md', 'deu_16_reeh_shoftim_2026-09-23.md', 'deu_16_reeh_shoftim_exam_2026-09-23.md', 'deu_17_18_shoftim_2026-09-24.md', 'deu_17_18_shoftim_exam_2026-09-24.md', 'deu_19_21_shoftim_ki_teitzei_2026-09-24.md', 'deu_19_21_shoftim_ki_teitzei_exam_2026-09-25.md', 'deu_22_25_ki_teitzei_2026-09-25.md', 'deu_22_25_ki_teitzei_exam_2026-09-26.md', 'deu_26_28_ki_tavo_2026-09-26.md', 'deu_26_28_ki_tavo_exam_2026-09-26.md']
  unit count and standing (CORPUS_TRUTH literals): []
==== H. THE STORE'S GLOSSES on chapter 29
  gloss Counter (the 50 commonest): [('which', 19), ('YHWH', 18), ('obj-marker·et', 14), ('the-this', 13), ('all', 10), ('the-day', 7), ('not', 7), ('and-not', 5), ('that', 5), ('and-say', 4), ('so-that', 4), ('and-obj-marker·et', 4), ('God', 4), ('to', 3), ('Israel', 3), ('to-them/their', 3), ('you', 3), ('in-earth', 3), ('Egypt', 3), ('the-great', 3), ('until', 3), ('scion', 3), ('word/thing', 3), ('the-covenant', 3), ('cut', 3), ('the-imprecation', 3), ('God-us/our', 3), ('the-nation', 3), ('or', 3), ('the-he/it', 3), ('the-grave', 3), ('in-writing', 3), ('see', 2), ('make', 2), ('and-to-all', 2), ('the-they', 2), ('and-go', 2), ('fail', 2), ('from-over', 2), ('know', 2), ('?', 2), ('God-you/your (pl)', 2), ('king', 2), ('obj-marker·et-them/their', 2), ('to-face', 2), ('man', 2), ('in-nearest-part', 2), ('God-you/your', 2), ('arise', 2), ('to-him/its', 2)]
  gloss file bytes 13639
  overrides already for Deut.29: [] | by_ref last Deut.28 line: ['  "Deut.28.68:18": "a-buyer"   # קנה']
==== I. THE SPINE ON THE CHAPTER — the Sifrei piskaot whose head is in chapter 29 (the spine on the chapter a twenty-first time — NONE: no piska heads here), whole
  SPINE (computed from the heads): [] | contiguous? True | the heads by verse: [] | the heads before and after: {}
  rows per piska (HE, EN): {} | total HE rows 0 | HE == EN everywhere? True
  spine file bytes 0 | bytes per piska HE+EN: {}
  prior reads among the spine rows (any ledger): []
  the spine rows citing a verse of chapter 29 in the Hebrew (p, r, the export verses): []
  the spine rows' own Hebrew citations (book, chapter, verse) by row: []
  the spine rows' English citations by row: []
  the spine rows with NO citation in either file: []
  THE PORTION EDGE INSIDE THE CHAPTER — Ki Tavo ends at 29:8 and Nitzavim opens at 29:9 (the chapter the unit, CHAPTER NUMBERS) — NO SPINE PISKA HEADS IN CHAPTER 29 (the Sifrei runs 303 on 26:15 to 304 on 31:14): the heads by verse (none) and every verse without a head: [] [1, 2, 3, 4, 5, 6, 7, 8, 9, 10, 11, 12, 13, 14, 15, 16, 17, 18, 19, 20, 21, 22, 23, 24, 25, 26, 27, 28]
