  '?': 28 families, 350 tokens: [('אני', 152), ('אנכי', 127), ('בית', 17), ('באר', 8), ('בעל', 7), ('לחי', 3)]
  'and-?': 4 families, 44 tokens: [('ואני', 29), ('ואנכי', 13), ('ודי', 1), ('ומלכי', 1)]
  'and-broadness.-i.e.--the-ear': 1 families, 1 tokens: [('ואזנים', 1)]
  'in-broadness.-i.e.--the-ear': 1 families, 14 tokens: [('באזני', 14)]
  'in-broadness.-i.e.--the-ear-them/their': 1 families, 5 tokens: [('באזניהם', 5)]
  'and-be--make-well-you/your': 1 families, 1 tokens: [('והיטבך', 1)]
  'and-be-alert': 2 families, 4 tokens: [('ואמץ', 3), ('ואמצו', 1)]
  'and-be-fat': 2 families, 2 tokens: [('ודשן', 1), ('ודשנו', 1)]
  'and-break-up': 1 families, 3 tokens: [('והפר', 3)]
  'and-commit-adultery': 3 families, 4 tokens: [('וזנו', 2), ('והזנו', 1), ('וזנה', 1)]
  'and-crouch': 2 families, 2 tokens: [('ורבצה', 1), ('ותרבץ', 1)]
  'and-duplicate': 2 families, 2 tokens: [('ואעידה', 1), ('והועד', 1)]
  'and-goad': 2 families, 3 tokens: [('ולמדתם', 2), ('ולמדו', 1)]
  'and-goad-her/its': 2 families, 2 tokens: [('וילמדה', 1), ('ולמדה', 1)]
  'and-eye': 9 families, 37 tokens: [('ויען', 18), ('ויענו', 4), ('ועיני', 3), ('וענו', 3), ('וענתה', 3), ('ותען', 2)]
  'and-in-splinter': 1 families, 1 tokens: [('ובקצף', 1)]
  'and-intoxicant': 1 families, 3 tokens: [('ושכר', 3)]
  'and-loosen-me/my': 1 families, 1 tokens: [('ועזבני', 1)]
  'and-loosen-them/their': 1 families, 1 tokens: [('ועזבתים', 1)]
  'loosen-you/your': 2 families, 3 tokens: [('יעזבך', 2), ('אעזבך', 1)]
  'and-powder': 1 families, 1 tokens: [('ומלח', 1)]
  'and-push-off': 3 families, 4 tokens: [('ונדחת', 2), ('וידיחו', 1), ('ונדחה', 1)]
  'push-off-you/your': 2 families, 2 tokens: [('הדיחך', 1), ('נדחך', 1)]
  'and-sandal-tongue-you/your': 1 families, 1 tokens: [('ונעלך', 1)]
  'and-scorn-me/my': 1 families, 1 tokens: [('ונאצוני', 1)]
  'and-scribe-you/your (pl)': 1 families, 2 tokens: [('ושטריכם', 2)]
  'and-stroke': 5 families, 7 tokens: [('ומחה', 3), ('ואמחה', 1), ('וימח', 1), ('וימחו', 1), ('ומחיתי', 1)]
  'and-the-denude': 1 families, 1 tokens: [('והנגלת', 1)]
  'and-tear-away-them/their': 1 families, 1 tokens: [('ויתשם', 1)]
  'and-throw-out-them/their': 3 families, 3 tokens: [('ואשלכהו', 1), ('ואשלכם', 1), ('וישלכם', 1)]
  'and-tightness': 1 families, 2 tokens: [('וצרות', 2)]
  'bale-up-water': 2 families, 3 tokens: [('אשאב', 2), ('שאב', 1)]
  'be--bitter': 3 families, 6 tokens: [('ממרים', 3), ('מריתם', 2), ('תמר', 1)]
  'be--circumspect-and-hence': 3 families, 3 tokens: [('ישכילו', 1), ('שכל', 1), ('תשכילו', 1)]
  'be-rubbed': 1 families, 2 tokens: [('חלה', 2)]
  'be-smooth': 6 families, 11 tokens: [('המלט', 3), ('חלק', 2), ('יחלק', 2), ('תחלק', 2), ('אחלק', 1), ('אמלטה', 1)]
  'burning--anger': 1 families, 1 tokens: [('חרי', 1)]
  'cypress-resin': 1 families, 2 tokens: [('גפרית', 2)]
  'dash-in-pieces-you/your': 1 families, 1 tokens: [('הפיצך', 1)]
  'disgusting-them/their': 1 families, 1 tokens: [('שקוציהם', 1)]
  'exile-you/your': 1 families, 1 tokens: [('שבותך', 1)]
  'fasten-upon': 6 families, 11 tokens: [('חזק', 6), ('אחזק', 1), ('חזקו', 1), ('מחזיק', 1), ('מחזק', 1), ('תחזקו', 1)]
  'from-chop': 1 families, 1 tokens: [('מחטב', 1)]
  'from-extremity': 2 families, 17 tokens: [('מקץ', 9), ('מקצה', 8)]
  'in-extremity': 1 families, 9 tokens: [('בקצה', 9)]
  'in-non-occurrence': 1 families, 7 tokens: [('בטרם', 7)]
  'in-obstinacy': 1 families, 1 tokens: [('בשררות', 1)]
  'in-still/again-me/my': 1 families, 1 tokens: [('בעודני', 1)]
  'lift/carry': 18 families, 78 tokens: [('ישא', 16), ('תשא', 14), ('נשא', 8), ('ישאו', 7), ('שא', 7), ('נשאתי', 4)]
  'the-lift/carry': 2 families, 2 tokens: [('הנשא', 1), ('הנשאים', 1)]
  'like-destruction': 1 families, 1 tokens: [('כמהפכת', 1)]
  'log-them/their': 1 families, 1 tokens: [('גלליהם', 1)]
  'malady-her/its': 1 families, 1 tokens: [('תחלאיה', 1)]
  'nape-you/your': 1 families, 1 tokens: [('ערפך', 1)]
  'perhaps-to-separate': 2 families, 5 tokens: [('יפלא', 3), ('נפלאת', 2)]
  'poisonous-plant': 2 families, 2 tokens: [('ראש', 1), ('רוש', 1)]
  'run-after--gone-by)-you/your': 1 families, 1 tokens: [('רדפוך', 1)]
  'scrape--together': 4 families, 7 tokens: [('תספה', 4), ('אספה', 1), ('ספות', 1), ('תספו', 1)]
  'the-hide': 1 families, 1 tokens: [('הנסתרת', 1)]
  'the-imprecation': 3 families, 6 tokens: [('האלה', 4), ('האלות', 1), ('האלת', 1)]
  'and-in-imprecation-him/its': 1 families, 1 tokens: [('ובאלתו', 1)]
  'the-sated': 1 families, 1 tokens: [('הרוה', 1)]
  'the-severe': 1 families, 2 tokens: [('הקשה', 2)]
  'the-vilification': 2 families, 6 tokens: [('הקללה', 4), ('הקללות', 2)]
  'to-concretely': 1 families, 4 tokens: [('לעד', 4)]
  'to-be-bright': 1 families, 1 tokens: [('לשוש', 1)]
  'to-encountering-us/our': 1 families, 4 tokens: [('לקראתנו', 4)]
  'to-grave': 1 families, 1 tokens: [('לכתב', 1)]
  'turn-about': 3 families, 10 tokens: [('הפך', 6), ('נהפך', 3), ('הפכה', 1)]
  'yield-seed': 7 families, 18 tokens: [('תזרע', 9), ('זרע', 2), ('יזרע', 2), ('מזריע', 2), ('נזרע', 1), ('תזריע', 1)]
  'from-side': 1 families, 1 tokens: [('מצד', 1)]
  'in-column': 1 families, 5 tokens: [('בעמוד', 5)]
  'and-the-miracle': 3 families, 4 tokens: [('והמפתים', 2), ('והמופת', 1), ('והמופתים', 1)]
  'the-hinder': 2 families, 7 tokens: [('האחרון', 6), ('האחרת', 1)]
  'and-the-strange': 1 families, 1 tokens: [('והנכרי', 1)]
  'be-fruitful': 4 families, 10 tokens: [('פרו', 5), ('פרה', 2), ('פרת', 2), ('תפרה', 1)]
  'in-seasons': 1 families, 1 tokens: [('במעד', 1)]
  'in-festival': 1 families, 2 tokens: [('בחג', 2)]
  'and-in-heat': 1 families, 1 tokens: [('ובחמה', 1)]
  'and-in-heat-him/its': 1 families, 1 tokens: [('ובחמתו', 1)]
  'in-nose': 1 families, 1 tokens: [('באף', 1)]
  'in-nose-him/its': 2 families, 3 tokens: [('באפיו', 2), ('באפו', 1)]
  'nose-me/my': 1 families, 3 tokens: [('אפי', 3)]
  'and-jealousy-him/its': 1 families, 1 tokens: [('וקנאתו', 1)]
  'and-grasp-you/your': 1 families, 1 tokens: [('וקבצך', 1)]
  'grasp-you/your': 1 families, 1 tokens: [('יקבצך', 1)]
  'and-hide': 4 families, 4 tokens: [('והסתרתי', 1), ('ויטמן', 1), ('ויסתר', 1), ('ונסתרה', 1)]
  'and-find-him/its': 2 families, 2 tokens: [('וימצאהו', 1), ('ומצאהו', 1)]
  'find-me/my': 2 families, 2 tokens: [('מצאוני', 1), ('מצאי', 1)]
  'and-encounter': 2 families, 2 tokens: [('וקראת', 1), ('ותקראנה', 1)]
  'and-arise': 16 families, 64 tokens: [('ויקם', 27), ('ויקמו', 6), ('וקם', 6), ('והקמתי', 5), ('וקמו', 4), ('ותקם', 3)]
  'and-command-him/its': 2 families, 3 tokens: [('ויצוהו', 2), ('ואצונו', 1)]
  'and-place': 9 families, 16 tokens: [('וישת', 3), ('והתיצב', 2), ('והתיצבו', 2), ('ויישם', 2), ('ויתיצב', 2), ('ויתיצבו', 2)]
  'bring-near': 18 families, 82 tokens: [('תקריב', 10), ('תקריבו', 10), ('יקריב', 9), ('יקרב', 7), ('יקריבו', 7), ('הקרב', 6)]
  'and-turn': 9 families, 20 tokens: [('ויפן', 5), ('ויפנו', 5), ('ונפן', 3), ('ואפן', 2), ('ואפנה', 1), ('ופנה', 1)]
  'and-strike-them/their': 4 families, 4 tokens: [('והכיתם', 1), ('ויכום', 1), ('ויכם', 1), ('ונכם', 1)]
  'and-bless': 12 families, 40 tokens: [('ויברך', 20), ('וברך', 4), ('וברוך', 3), ('ונברכו', 3), ('והתברכו', 2), ('ויברכו', 2)]
  'and-possess/inherit-her/its': 1 families, 3 tokens: [('וירשתה', 3)]
  'and-possess/inherit-them/their': 3 families, 5 tokens: [('ויירשם', 2), ('וירשתם', 2), ('והורשתם', 1)]
  'and-Jehoshua': 1 families, 9 tokens: [('ויהושע', 9)]
  'to-Jehoshua': 1 families, 1 tokens: [('ליהושע', 1)]
  'the-Menashshite': 1 families, 1 tokens: [('המנשי', 1)]
  'in-alive': 1 families, 1 tokens: [('בחיים', 1)]
  'the-alive': 1 families, 5 tokens: [('החיים', 5)]
  'the-benediction': 2 families, 9 tokens: [('הברכה', 8), ('הברכות', 1)]
  'the-death': 1 families, 2 tokens: [('המות', 2)]
  'and-the-death': 1 families, 1 tokens: [('והמות', 1)]
  'the-bad': 4 families, 32 tokens: [('הרע', 21), ('הרעה', 9), ('הרעות', 1), ('הרעים', 1)]
  'the-priest': 2 families, 255 tokens: [('הכהן', 235), ('הכהנים', 20)]
  'the-man': 2 families, 110 tokens: [('האיש', 65), ('האנשים', 45)]
  'and-the-woman': 2 families, 4 tokens: [('והאשה', 2), ('והנשים', 2)]
  'family-you/your (pl)': 1 families, 4 tokens: [('טפכם', 4)]
  'dress-you/your (pl)': 2 families, 2 tokens: [('שלמתיכם', 1), ('שמלתיכם', 1)]
  'to-pass-over-you/your': 1 families, 1 tokens: [('לעברך', 1)]
  'there-is-him/its': 1 families, 1 tokens: [('ישנו', 1)]
  'the-they': 2 families, 13 tokens: [('ההם', 12), ('ההמה', 1)]
  'in-hear-him/its': 1 families, 2 tokens: [('בשמעו', 2)]
  'and-divide-him/its': 1 families, 1 tokens: [('והבדילו', 1)]
  'to-bad': 3 families, 4 tokens: [('לרעה', 2), ('לרע', 1), ('לרעת', 1)]
  'and-come/bring-you/your': 1 families, 2 tokens: [('והביאך', 2)]
  'hate-you/your': 3 families, 4 tokens: [('שנאיך', 2), ('משנאיך', 1), ('שנאך', 1)]
  'belly-you/your': 1 families, 7 tokens: [('בטנך', 7)]
  'and-length': 1 families, 1 tokens: [('וארך', 1)]
  'be-able': 10 families, 59 tokens: [('אוכל', 13), ('תוכל', 11), ('יכלו', 10), ('יוכל', 9), ('נוכל', 7), ('יכל', 3)]
  'to-bring-forth': 2 families, 7 tokens: [('להוציא', 4), ('לצאת', 3)]
  'the-walk/go': 3 families, 16 tokens: [('ההלך', 11), ('ההלכים', 3), ('ההלכת', 2)]
  'from-face-them/their': 1 families, 10 tokens: [('מפניהם', 10)]
  'in-come/bring': 2 families, 3 tokens: [('בבוא', 2), ('בבא', 1)]
  'in-tent': 2 families, 40 tokens: [('באהל', 39), ('באהלי', 1)]
  'lie-down': 6 families, 34 tokens: [('ישכב', 14), ('שכב', 13), ('תשכב', 4), ('ישכבו', 1), ('שכבי', 1), ('שכבתי', 1)]
  'behold-you/your': 1 families, 3 tokens: [('הנך', 3)]
  'in-nearest-part-me/my': 1 families, 1 tokens: [('בקרבי', 1)]
  'in-nearest-part-him/its': 1 families, 9 tokens: [('בקרבו', 9)]
  'put/set-her/its': 1 families, 1 tokens: [('שימה', 1)]
  'come/bring-him/its': 7 families, 12 tokens: [('אביאנו', 4), ('באו', 2), ('יביאנו', 2), ('הביאו', 1), ('הביאתיו', 1), ('יבאהו', 1)]
  'form-him/its': 1 families, 1 tokens: [('יצרו', 1)]
  'and-hear-us/our': 1 families, 2 tokens: [('וישמענו', 2)]
  'and-make-her/its': 2 families, 3 tokens: [('ונעשנה', 2), ('ויעשה', 1)]
  'and-take-her/its': 3 families, 6 tokens: [('ויקחה', 4), ('ולקחה', 1), ('ותקחה', 1)]
  'nose': 2 families, 25 tokens: [('אף', 21), ('אפים', 4)]
  'cremation': 2 families, 3 tokens: [('שרפת', 2), ('שרפה', 1)]
  'loosen': 10 families, 18 tokens: [('תעזב', 6), ('עזב', 3), ('עזבו', 2), ('יעזב', 1), ('יפרע', 1), ('עזבתן', 1)]
  'box': 3 families, 20 tokens: [('ארון', 13), ('ארן', 5), ('תבת', 2)]
  'column': 3 families, 10 tokens: [('עמוד', 5), ('עמודי', 4), ('עמדי', 1)]
  'wound': 4 families, 10 tokens: [('מכה', 4), ('מכות', 3), ('פצע', 2), ('תכלם', 1)]
  'sprout': 6 families, 7 tokens: [('צמחות', 2), ('יצמח', 1), ('צמח', 1), ('תדשא', 1), ('תצמח', 1), ('תצמיח', 1)]
  'scion': 2 families, 18 tokens: [('שבט', 12), ('שבטי', 6)]
  'assemblage': 2 families, 7 tokens: [('קהל', 6), ('קהלת', 1)]
  'opening': 1 families, 57 tokens: [('פתח', 57)]
  'remote': 2 families, 3 tokens: [('רחקה', 2), ('רחוקה', 1)]
  'living': 5 families, 66 tokens: [('חי', 20), ('חיה', 17), ('חיים', 15), ('חית', 13), ('חיות', 1)]
  'smoke': 7 families, 9 tokens: [('יקטיר', 2), ('עשן', 2), ('הקטיר', 1), ('יעשן', 1), ('תקטיר', 1), ('תקטירו', 1)]
  'find': 16 families, 72 tokens: [('ימצא', 16), ('מצא', 12), ('מצאתי', 11), ('אמצא', 6), ('נמצא', 5), ('תמצא', 5)]
  'imprecation': 2 families, 3 tokens: [('אלה', 2), ('אלות', 1)]
  'decay': 9 families, 17 tokens: [('שחת', 4), ('אשחית', 3), ('תשחית', 3), ('תשחת', 2), ('השחית', 1), ('השחת', 1)]
  'prostrate': 1 families, 2 tokens: [('תחת', 2)]
  'grave': 7 families, 12 tokens: [('כתבים', 4), ('כתב', 2), ('תכתב', 2), ('כתבו', 1), ('כתבת', 1), ('כתבתי', 1)]
  'cut': 13 families, 33 tokens: [('כרת', 11), ('תכרת', 7), ('יכרת', 3), ('יכרית', 2), ('כרתי', 2), ('הכרת', 1)]
  'front': 2 families, 12 tokens: [('נגד', 7), ('קדם', 5)]
  'foreign': 1 families, 6 tokens: [('נכר', 6)]
  'food': 5 families, 72 tokens: [('לחם', 51), ('אכל', 16), ('צדה', 3), ('ציד', 1), ('צידה', 1)]
  'family': 3 families, 106 tokens: [('משפחת', 104), ('משפחה', 1), ('משפחות', 1)]
  'fear': 14 families, 43 tokens: [('תירא', 12), ('תיראו', 12), ('ירא', 4), ('נורא', 3), ('יראתם', 2), ('תיראי', 2)]
  'root': 1 families, 1 tokens: [('שרש', 1)]
  'set': 19 families, 300 tokens: [('נתן', 109), ('נתתי', 44), ('יתן', 42), ('תתן', 31), ('אתן', 21), ('תתנו', 20)]
  'make': 22 families, 461 tokens: [('עשה', 116), ('תעשה', 97), ('יעשה', 51), ('תעשו', 49), ('עשו', 46), ('אעשה', 21)]
  'over': 2 families, 995 tokens: [('על', 987), ('עלי', 8)]
  'near': 3 families, 9 tokens: [('קרוב', 6), ('קרבים', 2), ('קרבה', 1)]
  'forever': 1 families, 60 tokens: [('עולם', 60)]
  'tell': 8 families, 15 tokens: [('הגדת', 3), ('הגיד', 3), ('הגדתי', 2), ('הגידו', 2), ('יגידו', 2), ('הגידי', 1)]
  'call': 11 families, 52 tokens: [('קרא', 22), ('יקרא', 10), ('יקראו', 6), ('תקראו', 3), ('נקרא', 2), ('קראה', 2)]
  'old': 4 families, 34 tokens: [('זקני', 24), ('זקן', 6), ('ישן', 3), ('זקנים', 1)]
  'bad': 5 families, 42 tokens: [('רע', 19), ('רעה', 13), ('רעות', 6), ('רעים', 3), ('רעת', 1)]
  'silver': 1 families, 97 tokens: [('כסף', 97)]
  'be': 31 families, 505 tokens: [('יהיה', 206), ('תהיה', 64), ('היה', 52), ('יהיו', 43), ('היו', 35), ('היתה', 18)]
the chapters' glosses ALREADY rewritten by the earlier walks' by-gloss overrides: 106
candidates already in by_gloss (excluded from GL): ['?', 'and-?']
by_gloss values of interest: {'?': '', 'and-?': 'and-I', 'duplicate': 'testify', 'goad': 'teach', 'try': 'choose', 'and-try': 'and-choose', 'convoke': 'assemble', 'the-remission': 'the-release', 'the-hut': 'the-booths', 'awe': 'be-terrified', 'the-testing': 'the-trials', 'station': 'stand', 'seasons': 'the-appointed-time-of', 'safe': 'peace'}
  the by_gloss row for '?' at byte 631:   "?": "" | the marker above it: (none — the row sits above every marker)
  the by_gloss row for 'and-?' at byte 690:   "and-?": "and-I"           # both span stations are ve-anokhi ("and I") | the marker above it: (none — the row sits above every marker)
sitting 18 by-gloss rows walked from its marker: 104 | its last row: "from-to-separation": "besides"
by_gloss total 1146 | by_ref total 1948 | the last Deut.28 by_ref line:   "Deut.28.68:18": "a-buyer"   # קנה | Deut.29-31 by_ref rows present: 0
the anokhi seats (the "?" gloss) in the three chapters: [(29, 5, 10), (29, 13, 3), (30, 2, 8), (30, 8, 10), (30, 11, 4), (30, 16, 1), (31, 2, 6), (31, 27, 1)]
the prefixed blank seats ("and-?"): [(31, 18, 0), (31, 23, 19)]
the simple candidates' seats in the three chapters:
  'nose': ['29:19/8/אף', '29:26/1/אף']
  'cremation': ['29:22/2/שרפה']
  'loosen': ['29:24/3/עזבו']
  'box': ['31:9/12/ארון', '31:25/5/ארון', '31:26/8/ארון']
  'column': ['31:15/6/עמוד']
  'wound': ['29:21/14/מכות']
  'sprout': ['29:22/8/תצמח']
  'scion': ['29:7/8/שבט', '29:17/9/שבט', '29:20/4/שבטי']
  'assemblage': ['31:30/4/קהל']
  'opening': ['31:15/9/פתח']
  'remote': ['29:21/11/רחוקה', '30:11/12/רחקה']
  'living': ['31:13/14/חיים', '31:27/10/חי']
  'smoke': ['29:19/7/יעשן']
  'find': ['31:21/2/תמצאן']
  'imprecation': ['29:20/7/אלות']
  'decay': ['31:29/5/השחת']
  'prostrate': ['31:8/14/תחת']
  'grave': ['31:19/1/כתבו']
  'cut': ['29:11/8/כרת', '29:13/4/כרת', '29:24/10/כרת', '31:16/26/כרתי']
  'front': ['31:11/15/נגד']
  'foreign': ['31:16/14/נכר']
  'food': ['29:5/0/לחם']
  'family': ['29:17/7/משפחה']
  'fear': ['31:6/3/תיראו', '31:8/12/תירא']
  'root': ['29:17/26/שרש']
  'forever': ['29:28/7/עולם']
  'tell': ['30:18/0/הגדתי']
  'call': ['31:11/11/תקרא', '31:14/8/קרא']
  'old': ['31:9/17/זקני', '31:28/4/זקני']
  'bad': ['31:17/12/רעות', '31:21/4/רעות']
  'be': ['29:12/7/יהיה', '29:18/10/יהיה', '30:4/1/יהיה', '31:8/5/יהיה', '31:19/13/תהיה', '31:23/20/אהיה', '31:27/14/היתם']
