the guard's count read from the generator's print: 95
assembled /Users/Shared/TorahSim/World/step9/cold_run_covenant_return_charge.py 406924 bytes; parts [79630, 35108, 42075, 58219, 63113, 72068] tail 56638
runner rc 0
MATRIX: 95/95 cells match the answer sheet
THE COMPILE OF CHAPTERS 29-31 (LEAN): the answer sheet REPRODUCED — 95/95
dependency rc 1
  FAIL POINTER Deut 30:9 AS_WHEN in covenant_return_charge ("כאשר שש על"): NO DISPOSITION
  FAIL POINTER Deut 31:3 AS_WHEN in covenant_return_charge ("כאשר דבר יהוה"): NO DISPOSITION
  FAIL POINTER Deut 31:4 AS_WHEN in covenant_return_charge ("כאשר עשה לסיחון"): NO DISPOSITION
daemon rc 0
index: World/step9/DAEMON_INDEX.md regenerated (81 daemons, 584 functions)
DAEMON GATE: every daemon declared and its watches verified; every kind and effect registered; every compiled function dispositioned; every WRAPPED verified; every OWED on the worklist [gate satisfied]
  TOTAL submits 2939; HISTORY 1326; case rows 1491; statute 116; act/speech-on-tractate 6
recording: 3380 records written
  firstfruits_ebal_curses worlds 1  total  21  HISTORY   0  case   0  statute 21  act/speech-on-tractate   0  unregistered 0
  covenant_return_charge worlds 1  total  20  HISTORY   7  case   0  statute 13  act/speech-on-tractate   0  unregistered 0
PLACEMENT LITERAL: {'markers': {'text_constrained': 108, 'reading_placed': 50}, 'events': {'text_constrained': 110, 'page_order': 1254, 'reading_placed': 59}}
tape written into /Users/Shared/TorahSim/World/step9/cold_run_sequence.py: 1820 lines
  CENSUS tuple (scanned, history, on tape, case, source-off, register-off, deduped, re-based, closes, markers, F, P, R, kinds, subjects): (2520, 1319, 1423, 1185, 6, 10, 9, 0, 71, 173, 132, 15, 26, 968, 274)
patched: import, DAEMON_ORDER, RUN (writes +68 read), PREVIOUS_RUN (no declared delta), NEWEST_RUNNER, PLACEMENT (read {'markers': {'text_constrained': 108, 'reading_placed': 50}, 'events': {'text_con
tape rc 1
  CHECKPOINT C1 the flood 150 days (7:24, 8:3) vs 7:11->8:4 [OPEN-4] DIVERGE
  CHECKPOINT C3a 430 years in Egypt (Exod 12:40) vs exodus-descent [OPEN-3] DIVERGE
  CHECKPOINT C3d-85 THE JOIN: the covenant placed at Abraham's 85 (bereshit_rabbah_46_2) + Exod 12:40's 430 against the exodus marker, creation year 2449 DIVERGE
  CHECKPOINT C3c-literal the descent-literal setting against the bound DIVERGE  within [0, 350]
  CHECKPOINT C4 Shem 100 at Arpachshad, 2 years after the flood (11:10) vs 5:32 DIVERGE
  CHECKPOINT C10 Methuselah 7 days before the flood (Sanhedrin 108b:5) DIVERGE
  CHECKPOINT CS0 the ark = born + 3 months (2:2) vs the sixth of Sivan (Sotah 12b:16-17) DIVERGE
  CHECKPOINT CS1 the exodus day's weekday by the creation count vs Shabbat 87b:2 (Thursday = 5) DIVERGE
  CHECKPOINT CS4 the manna's first morning (16 Iyar) a Sunday by the shelf (Shabbat 87b:5) vs the creation count DIVERGE
  CHECKPOINT CD8 the Sifrei's THIRTEEN utterances "to Moses and to Aaron" (58:1 — thirteen exclusions of Aaron read at 7:89) against the frame census of the LORD speaking to Moses and to Aaron, Exodus-Numbers (computed; 
  CHECKPOINT CE3 the month of flesh (11:20) FIRED against the Hazeroth marker (2, 3, 22) — the machine's thirty days from the twenty-third against the tradition's inclusive count with a full Iyar (Taanit 29a:3-5): DIVERG
  CHECKPOINT CE8 the LORD going down: the Sifrei's "ten descents are written" (93:1) against the ink's ELEVEN tokens (sitting 3's measurement, the row descents) — DIVERGE expected, OPEN DIVERGE
  CHECKPOINT CF2 the forty days' timer (13:3-25) FIRED against the return marker (2, 5, 9) — the machine's forty from the twenty-ninth against the baraita's Ninth of Av (Taanit 29a:5): DIVERGE by one expected, the inclus
  CHECKPOINT CF6 the ink's "these ten times" (14:22; Pirkei Avot 5:4) against the ledger's tested_the_lord count on Israel at the decree — the exodus story's six murmurings and this sitting's tenth; the calf and the quai
  CHECKPOINT CK4 KORACH'S DEATH-MODE — 26:10 adds "and Korach" among the swallowed (declared True) against 16:32's "every person who belonged to Korach" (Korach named there: False — the name קרח, "Korach", absent from th
  CHECKPOINT CM5 MIRIAM'S DAY — the tape's buried on the arrival's day (40, 1, 1) against the shelf's tenth of Nisan (Seder Olam Rabbah 10:2; the row miriam_death_day): DIVERGE by nine days expected, OPEN — the ink gives
  CHECKPOINT CP6 THE MARKER — Num 25:19 on the tape reading_placed at (40, 6, 1) = the counter's day; markers 157 (F 125); the five lines at (40, 6, 1) — the command line at the marker's own verse (its key 25:19) takes t
  CHECKPOINT CP8 JOCHEBED'S ROW — the named row "born to Levi in Egypt" as of Num 26:57-62 (26:59's subjectless "bore her"); the Joseph runner's seventy cell by CALL names her the missing one; CJ3b's verdict DIVERGE unch
  CHECKPOINT CT2 THE EIGHT PERIOD TIMERS — pending musaf_owed timers 8, in the ink's order with the Calendar's keys as their periods; the dues from (40, 6, 1): the Sabbath (40, 6, 8), the month (40, 7, 1), Pesach's first
  CHECKPOINT CT6 THE DATES BY CALL — the moadim engine's keys drive the timers: from the tape's last day the Calendar's next(key) for the eight keys = the pending dues (the same arithmetic both ways); the engine's dates 
  CHECKPOINT CV2 THE WRITE — commanded on israel_people 9 -> 10, the newest entry's value the statutes of vows; timers set 60 UNMOVED at 10b (66 since THE NUMBERS WALK 11b, 2026-09-12 — Midian's six), closes 114 UNMOVED 
  CHECKPOINT CR2 THE LEVITE CITIES' DEBIT — commanded on israel_people valued give_the_levites_cities_and_pasture_lands ONE entry OPEN, counterparty the-levites, its source beginning "Num 35:1-8"; the Levites' block inhe
  CHECKPOINT CA1 THE LINES — sixteen events of the sitting's kinds on the tape in the ink's order: the four of Num 27:12-23 page_order at (40, 6, 1) AFTER the daughters' statute (27:6-11) and BEFORE Num 28; the twelve of
  CHECKPOINT CA3 THE TIMERS CROSSED — TIMER-FIRE 52 -> 88 (the thirty-six on the marker's walk from (40, 6, 1) to (40, 11, 1), measured by deu_advance_probe.py), TIMER-SET 66 -> 96 (the thirty re-arms); the pending musaf
checkpoint_check: 346 rows, 75 miss, 0 raised — the tape stepped to its end in 86s
tape chain rc 0
scan census rc 0
wrap rc=0
