==== A0. THE TWO DIVISIONS — the export's chapter 30 against the DB's
  DB verses 20 | export verses HE 20 EN 20 | per-chapter export lengths vs DB, chapters 1-31: [(5, 30, 33)]
  the alignment cost 18 | export verses mapped to MORE THAN ONE DB verse: {}
  the offset per export verse (DB minus export, the first DB verse of each): Counter({0: 20}) | the runs: [(1, 1, 1), (16, 16, 16), (17, 17, 17), (18, 18, 18), (19, 19, 19)]
  the shared export verse against its DB verses (tokens, negations): []
==== A. THE SHELF BY POSITION — the Sifrei on Deuteronomy around chapter 30
  piskaot 357 357 rows 2357 2357
  heads 295-320 (HE first citation | rows | EN first quote):
   295 head None | HE rows  4 EN rows  4 | 'So that you may extend your days'
   296 head (25, 17) | HE rows  9 EN rows  9 | 'Remember'
   297 head (26, 1) | HE rows 10 EN rows 10 | 'Now it shall be, when you enter the Land'
   298 head None | HE rows  3 EN rows  3 | 'And place it in a basket'
   299 head None | HE rows  4 EN rows  4 | 'And you shall say to him'
   300 head (26, 4) | HE rows  2 EN rows  2 | 'Then the Priest will take the basket from your hand'
   301 head (26, 5) | HE rows 37 EN rows 37 | 'Then you should respond, saying'
   302 head (26, 12) | HE rows  1 EN rows  1 | 'When you have ended51Heb: techaleh; root: ch-l-h, “to make a'
   303 head None | HE rows 20 EN rows 20 | 'And you shall give it to the Levite, the migrant, the father'
   304 head (31, 14) | HE rows  2 EN rows  2 | 'And HASHEM said to Moses:Indeed, your days are dwindling dow'
   305 head None | HE rows  6 EN rows  6 | 'Then HASHEM said to Moses:Take for yourself Joshua b. Nun, a'
   306 head (32, 1) | HE rows 37 EN rows 37 | 'Lend an ear, Heavens, and let me speak!'
   307 head (32, 4) | HE rows 15 EN rows 15 | 'The Rock'
   308 head (32, 5) | HE rows  4 EN rows  4 | 'Is the destruction His own? No!The flaw lies in His children'
   309 head (32, 6) | HE rows  7 EN rows  7 | 'Is this how you repay HASHEM?'
   310 head (32, 7) | HE rows  8 EN rows  8 | 'Remember the days of yore'
   311 head (32, 8) | HE rows  5 EN rows  5 | 'When the Most High bequeathed to the nations'
   312 head (32, 9) | HE rows  2 EN rows  2 | 'For the portion of HASHEM is His people'
   313 head (32, 10) | HE rows 16 EN rows 16 | 'He found him in a barren wasteland'
   314 head (32, 11) | HE rows  6 EN rows  6 | 'Like an eagle tending his nest'
   315 head (32, 12) | HE rows  6 EN rows  6 | 'HASHEM left him isolated'
   316 head (32, 13) | HE rows  4 EN rows  4 | 'He ensconced him above the heights of the Land'
   317 head (32, 14) | HE rows  7 EN rows  7 | 'Curds of the herd, and milk of the flocks'
   318 head (32, 15) | HE rows 16 EN rows 16 | 'Then Yeshurun grew fat, and he kicked'
   319 head (32, 18) | HE rows  6 EN rows  6 | 'You neglected128Heb: teshi. From shayah, “to forget, abandon'
   320 head (32, 19) | HE rows 13 EN rows 13 | 'HASHEM saw [them spurn it], and was provoked’ (Dt.32:19)—R. '
  heads whose chapter is 30 : [] | heads by chapter 1-31: [(1, 24), (3, 4), (6, 6), (11, 21), (12, 20), (13, 14), (14, 14), (15, 16), (16, 19), (17, 16), (18, 16), (19, 10), (20, 14), (21, 17), (22, 22), (23, 22), (24, 16), (25, 10), (26, 4), (31, 1), (32, 36), (33, 14), (34, 1)]
  HE rows citing Deut 30 (the export's verse → the DB's): 2 [(53, 1, 19, [19]), (306, 15, 19, [19])]
  EN rows citing Deut 30 : 4 [(53, 1, 19, [19]), (53, 1, 19, [19]), (306, 2, 19, [19]), (306, 15, 19, [19])]
  EN "ibid 30:n" candidates: 0
  the union of rows (both files): 3 [(53, 1), (306, 2), (306, 15)]
  the rows OUTSIDE the spine piskaot (the union less the on-chapter piskaot none - none ): 3 [(53, 1), (306, 2), (306, 15)] | in-spine rows of the union: 0
  outside rows file bytes 15286
==== B. ONKELOS chapter 30 and the DB (the dump per DB verse; a shared export row printed at its first DB verse)
  the store's chapter 30 verses 20 | verses whose store token count differs from the DB: []
  token count chapter 30 : 326
  onkelos dump bytes 28488
==== C. THE PARSER on every verse of chapter 30
  30:9   N [6]                      O []             marked []
  number-word tokens present per verse (the bare check against the parser): {'30:9': ['שש'], '30:20': ['נשבע']}
  30:1 tokens: ['והיה', 'כי', 'יבאו', 'עליך', 'כל', 'הדברים', 'האלה', 'הברכה', 'והקללה', 'אשר', 'נתתי', 'לפניך', 'והשבת', 'אל', 'לבבך', 'בכל', 'הגוים', 'אשר', 'הדיחך', 'יהוה', 'אלהיך', 'שמה']
  30:9 tokens: ['והותירך', 'יהוה', 'אלהיך', 'בכל', 'מעשה', 'ידך', 'בפרי', 'בטנך', 'ובפרי', 'בהמתך', 'ובפרי', 'אדמתך', 'לטובה', 'כי', 'ישוב', 'יהוה', 'לשוש', 'עליך', 'לטוב', 'כאשר', 'שש', 'על', 'אבתיך']
  30:20 tokens: ['לאהבה', 'את', 'יהוה', 'אלהיך', 'לשמע', 'בקלו', 'ולדבקה', 'בו', 'כי', 'הוא', 'חייך', 'וארך', 'ימיך', 'לשבת', 'על', 'האדמה', 'אשר', 'נשבע', 'יהוה', 'לאבתיך', 'לאברהם', 'ליצחק', 'וליעקב', 'לתת', 'להם']
==== D. CASE TOKENS, FRAMES, REGISTER, NAMES
  case tokens (כי "when/for" / אם "if" / ואם / או "or" / פן "lest"): {'30:1': ['כי'], '30:4': ['אם'], '30:9': ['כי'], '30:10': ['כי', 'כי'], '30:11': ['כי'], '30:14': ['כי'], '30:17': ['ואם'], '30:18': ['כי'], '30:20': ['כי']}
  divine frames (ויאמר/וידבר + יהוה): []
  לאמר "saying" seats: ['30:12', '30:13']
  narrative-form verbs (V.w) per verse: {}
  first-person verb forms (1cs / 1cp) per verse: {1: [('נתתי', 'HVqp1cs')], 15: [('נתתי', 'HVqp1cs')], 18: [('הגדתי', 'HVhp1cs')], 19: [('העידתי', 'HVhp1cs'), ('נתתי', 'HVqp1cs')]}
  imperatives (Vq.v / Vp.v / Vh.v) per verse: {}
  prohibitions לא + imperfect (the ten's form) per verse: {11: [], 12: [], 13: [], 17: [('תשמע', 'HVqi2ms')], 18: [('תאריכן', 'HVhi2mp/Sn')]}
  name tokens (Np): {1: ['יהוה'], 2: ['יהוה'], 3: ['יהוה', 'יהוה'], 4: ['יהוה'], 5: ['יהוה'], 6: ['יהוה', 'יהוה'], 7: ['יהוה'], 8: ['יהוה'], 9: ['יהוה', 'יהוה'], 10: ['יהוה', 'יהוה'], 16: ['יהוה', 'יהוה'], 18: ['הירדן'], 20: ['יהוה', 'נשבע', 'יהוה', 'לאברהם', 'ליצחק', 'וליעקב']}
  second-person plural vs singular (2mp / 2ms tokens per verse): {1: (0, 6), 2: (0, 8), 3: (0, 6), 4: (0, 4), 5: (0, 7), 6: (0, 7), 7: (0, 4), 8: (0, 5), 9: (0, 8), 10: (0, 6), 11: (0, 2), 12: (0, 0), 13: (0, 0), 14: (0, 3), 15: (0, 2), 16: (0, 7), 17: (0, 5), 18: (3, 1), 19: (1, 5), 20: (0, 4)}
==== E. THE REGISTER GATE on Deut 30
  dispositions naming Deut 30: []
  REGISTER_INDEX lines on Deut 30:
==== F. THE PRIOR READS
  ledgers with an Onkelos Deut 30 row: []
  prior Sifrei Devarim rows anywhere (strict form), those among the outside rows: [('deu_08_ekev_2026-09-18.md', 53, 1), ('deu_11_ekev_reeh_2026-09-20.md', 53, 1)] | all prior rows count 2121
  ledgers NAMING a verse of Deut 30: 4
    ('num_10_trumpets_depart_2026-09-10.md', 1, ['Deut 30:3'])
    ('num_35_refuge_cities_2026-09-13.md', 2, ['Deuteronomy 30:3'])
    ('num_35_refuge_cities_exam_2026-09-13.md', 1, ['Deuteronomy 30:3'])
    ('num_36_heiresses_2026-09-09.md', 1, ['Deut 30:20'])
  ledgers with an Onkelos Lev 26 / Deut 4 / Deut 6 / Deut 10 / Deut 11 / Deut 28 row (the kin's reading — the return and the gathering Leviticus 26:40-45 and 4:29-31 for 30:1-10; the circumcised heart 10:16 for 30:6; the commandment near, in your mouth and in your heart 6:6-7 and 11:18 for 30:11-14; life and death, the blessing and the curse 11:26-28 and chapter 28 for 30:15-20): ['deu_04_vaetchanan_2026-09-16.md', 'deu_06_vaetchanan_2026-09-17.md', 'deu_10_ekev_2026-09-19.md', 'deu_11_ekev_reeh_2026-09-20.md', 'deu_26_28_ki_tavo_2026-09-26.md', 'lev_25_slave_jubilee_2026-09-05.md', 'lev_26_blessings_curses_2026-09-05.md'] | ledgers with an Onkelos row of the Prophets (never read ahead — expected none): []
==== G. THE DRAFTS
  deu_29_moab_covenant: refs 29:1-28; steps (29, 1)..(29, 28) n=28; draft True; operators False; depends_on ['    - "deu_28_curses_b"\n']; scenarios 35; binary_trees True; step E False; comment lines 32
  deu_30_teshuvah_choice: refs 30:1-20; steps (30, 1)..(30, 20) n=20; draft True; operators False; depends_on ['    - "deu_29_moab_covenant"\n']; scenarios 27; binary_trees True; step E False; comment lines 24
    the step verses: [1, 2, 3, 4, 5, 6, 7, 8, 9, 10, 11, 12, 13, 14, 15, 16, 17, 18, 19, 20] | covers DB 20 ? True
  the units' claim prefixes present anywhere? {'DV30': 0, 'DV30A': 0, 'DV30B': 0, 'DV29': 0, 'DV31': 0}
  existing manifests deu_30*: [] | ledgers deu_*: ['deu_01_03_devarim_2026-09-15.md', 'deu_01_03_devarim_exam_2026-09-15.md', 'deu_04_vaetchanan_2026-09-16.md', 'deu_04_vaetchanan_exam_2026-09-16.md', 'deu_05_vaetchanan_2026-09-16.md', 'deu_05_vaetchanan_exam_2026-09-16.md', 'deu_06_vaetchanan_2026-09-17.md', 'deu_06_vaetchanan_exam_2026-09-17.md', 'deu_07_vaetchanan_ekev_2026-09-17.md', 'deu_07_vaetchanan_ekev_exam_2026-09-18.md', 'deu_08_ekev_2026-09-18.md', 'deu_08_ekev_exam_2026-09-19.md', 'deu_09_ekev_2026-09-19.md', 'deu_09_ekev_exam_2026-09-19.md', 'deu_10_ekev_2026-09-19.md', 'deu_10_ekev_exam_2026-09-20.md', 'deu_11_ekev_reeh_2026-09-20.md', 'deu_11_ekev_reeh_exam_2026-09-20.md', 'deu_12_reeh_2026-09-20.md', 'deu_12_reeh_exam_2026-09-20.md', 'deu_13_reeh_2026-09-21.md', 'deu_13_reeh_exam_2026-09-21.md', 'deu_14_reeh_2026-09-21.md', 'deu_14_reeh_exam_2026-09-21.md', 'deu_15_reeh_2026-09-22.md', 'deu_15_reeh_exam_2026-09-23.md', 'deu_16_reeh_shoftim_2026-09-23.md', 'deu_16_reeh_shoftim_exam_2026-09-23.md', 'deu_17_18_shoftim_2026-09-24.md', 'deu_17_18_shoftim_exam_2026-09-24.md', 'deu_19_21_shoftim_ki_teitzei_2026-09-24.md', 'deu_19_21_shoftim_ki_teitzei_exam_2026-09-25.md', 'deu_22_25_ki_teitzei_2026-09-25.md', 'deu_22_25_ki_teitzei_exam_2026-09-26.md', 'deu_26_28_ki_tavo_2026-09-26.md', 'deu_26_28_ki_tavo_exam_2026-09-26.md']
  unit count and standing (CORPUS_TRUTH literals): []
==== H. THE STORE'S GLOSSES on chapter 30
  gloss Counter (the 50 commonest): [('YHWH', 18), ('God-you/your', 15), ('which', 12), ('obj-marker·et', 10), ('that', 8), ('the-day', 7), ('heart-you/your', 6), ('in-all', 5), ('and-obj-marker·et', 5), ('he/it', 5), ('and-return', 4), ('to', 4), ('there-suffix', 4), ('?', 4), ('command-you/your', 4), ('you', 4), ('over', 4), ('to-us/our', 4), ('all', 3), ('set', 3), ('to-face-you/your', 3), ('and-in-all', 3), ('living-being-you/your', 3), ('to-have-affection-for', 3), ('return', 3), ('commandment-him/its', 3), ('not', 3), ('and-not', 3), ('come/bring', 2), ('over-you/your', 2), ('the-word/thing', 2), ('the-these', 2), ('the-benediction', 2), ('and-the-vilification', 2), ('push-off-you/your', 2), ('and-hear', 2), ('in-voice/sound-him/its', 2), ('the-heavens', 2), ('the-earth', 2), ('father-you/your', 2), ('so-that', 2), ('alive-you/your', 2), ('in-voice/sound', 2), ('and-in-fruit', 2), ('hear', 2), ('and-statute-him/its', 2), ('the-this', 2), ('to-say', 2), ('who?', 2), ('and-take-her/its', 2)]
  gloss file bytes 10596
  overrides already for Deut.30: [] | by_ref last Deut.29 line: []
==== I. THE SPINE ON THE CHAPTER — the Sifrei piskaot whose head is in chapter 30 (the spine on the chapter a twenty-second time — NONE: no piska heads here), whole
  SPINE (computed from the heads): [] | contiguous? True | the heads by verse: [] | the heads before and after: {}
  rows per piska (HE, EN): {} | total HE rows 0 | HE == EN everywhere? True
  spine file bytes 0 | bytes per piska HE+EN: {}
  prior reads among the spine rows (any ledger): []
  the spine rows citing a verse of chapter 30 in the Hebrew (p, r, the export verses): []
  the spine rows' own Hebrew citations (book, chapter, verse) by row: []
  the spine rows' English citations by row: []
  the spine rows with NO citation in either file: []
  NO portion edge inside the chapter (Nitzavim 29:9-30:20 ends with the chapter; Vayelech opens at 31:1, a chapter edge) — NO SPINE PISKA HEADS IN CHAPTER 30: the heads by verse (none) and every verse without a head: [] [1, 2, 3, 4, 5, 6, 7, 8, 9, 10, 11, 12, 13, 14, 15, 16, 17, 18, 19, 20]
