==== A0. THE TWO DIVISIONS — the export's chapter 31 against the DB's
  DB verses 30 | export verses HE 30 EN 30 | per-chapter export lengths vs DB, chapters 1-31: [(5, 30, 33)]
  the alignment cost 30 | export verses mapped to MORE THAN ONE DB verse: {}
  the offset per export verse (DB minus export, the first DB verse of each): Counter({0: 30}) | the runs: [(1, 1, 1), (16, 16, 16), (17, 17, 17), (18, 18, 18), (19, 19, 19), (30, 30, 30)]
  the shared export verse against its DB verses (tokens, negations): []
==== A. THE SHELF BY POSITION — the Sifrei on Deuteronomy around chapter 31
  piskaot 357 357 rows 2357 2357
  heads 295-320 (HE first citation | rows | EN first quote):
   295 head None | HE rows  4 EN rows  4 | 'So that you may extend your days'
   296 head (25, 17) | HE rows  9 EN rows  9 | 'Remember'
   297 head (26, 1) | HE rows 10 EN rows 10 | 'Now it shall be, when you enter the Land'
   298 head None | HE rows  3 EN rows  3 | 'And place it in a basket'
   299 head None | HE rows  4 EN rows  4 | 'And you shall say to him'
   300 head (26, 4) | HE rows  2 EN rows  2 | 'Then the Priest will take the basket from your hand'
   301 head (26, 5) | HE rows 37 EN rows 37 | 'Then you should respond, saying'
   302 head (26, 12) | HE rows  1 EN rows  1 | 'When you have ended51Heb: techaleh; root: ch-l-h, “to make a'
   303 head None | HE rows 20 EN rows 20 | 'And you shall give it to the Levite, the migrant, the father'
   304 head (31, 14) | HE rows  2 EN rows  2 | 'And HASHEM said to Moses:Indeed, your days are dwindling dow'
   305 head None | HE rows  6 EN rows  6 | 'Then HASHEM said to Moses:Take for yourself Joshua b. Nun, a'
   306 head (32, 1) | HE rows 37 EN rows 37 | 'Lend an ear, Heavens, and let me speak!'
   307 head (32, 4) | HE rows 15 EN rows 15 | 'The Rock'
   308 head (32, 5) | HE rows  4 EN rows  4 | 'Is the destruction His own? No!The flaw lies in His children'
   309 head (32, 6) | HE rows  7 EN rows  7 | 'Is this how you repay HASHEM?'
   310 head (32, 7) | HE rows  8 EN rows  8 | 'Remember the days of yore'
   311 head (32, 8) | HE rows  5 EN rows  5 | 'When the Most High bequeathed to the nations'
   312 head (32, 9) | HE rows  2 EN rows  2 | 'For the portion of HASHEM is His people'
   313 head (32, 10) | HE rows 16 EN rows 16 | 'He found him in a barren wasteland'
   314 head (32, 11) | HE rows  6 EN rows  6 | 'Like an eagle tending his nest'
   315 head (32, 12) | HE rows  6 EN rows  6 | 'HASHEM left him isolated'
   316 head (32, 13) | HE rows  4 EN rows  4 | 'He ensconced him above the heights of the Land'
   317 head (32, 14) | HE rows  7 EN rows  7 | 'Curds of the herd, and milk of the flocks'
   318 head (32, 15) | HE rows 16 EN rows 16 | 'Then Yeshurun grew fat, and he kicked'
   319 head (32, 18) | HE rows  6 EN rows  6 | 'You neglected128Heb: teshi. From shayah, “to forget, abandon'
   320 head (32, 19) | HE rows 13 EN rows 13 | 'HASHEM saw [them spurn it], and was provoked’ (Dt.32:19)—R. '
  heads whose chapter is 31 : [(304, (31, 14))] | heads by chapter 1-31: [(1, 24), (3, 4), (6, 6), (11, 21), (12, 20), (13, 14), (14, 14), (15, 16), (16, 19), (17, 16), (18, 16), (19, 10), (20, 14), (21, 17), (22, 22), (23, 22), (24, 16), (25, 10), (26, 4), (31, 1), (32, 36), (33, 14), (34, 1)]
  HE rows citing Deut 31 (the export's verse → the DB's): 16 [(1, 1, 22, [22]), (2, 3, 2, [2]), (29, 7, 7, [7]), (43, 7, 20, [20]), (48, 9, 21, [21]), (109, 2, 10, [10]), (111, 1, 10, [10]), (302, 1, 7, [7]), (304, 1, 14, [14]), (305, 2, 7, [7]), (305, 6, 16, [16]), (306, 15, 19, [19]), (306, 15, 21, [21]), (318, 1, 20, [20]), (334, 1, 1, [1]), (357, 28, 24, [24])]
  EN rows citing Deut 31 : 23 [(1, 1, 9, [9]), (2, 3, 2, [2]), (2, 3, 2, [2]), (29, 7, 7, [7]), (43, 7, 20, [20]), (43, 7, 20, [20]), (48, 9, 21, [21]), (109, 2, 10, [10]), (109, 2, 10, [10]), (111, 1, 10, [10]), (157, 10, 10, [10]), (160, 4, 10, [10]), (302, 1, 10, [10]), (302, 1, 10, [10]), (302, 1, 10, [10]), (304, 1, 14, [14]), (305, 2, 7, [7]), (305, 6, 16, [16]), (306, 15, 19, [19]), (306, 15, 21, [21]), (318, 1, 20, [20]), (334, 1, 1, [1]), (357, 28, 9, [9])]
  EN "ibid 31:n" candidates: 0
  the union of rows (both files): 17 [(1, 1), (2, 3), (29, 7), (43, 7), (48, 9), (109, 2), (111, 1), (157, 10), (160, 4), (302, 1), (304, 1), (305, 2), (305, 6), (306, 15), (318, 1), (334, 1), (357, 28)]
  the rows OUTSIDE the spine piskaot (the union less the on-chapter piskaot 304 - 304 ): 16 [(1, 1), (2, 3), (29, 7), (43, 7), (48, 9), (109, 2), (111, 1), (157, 10), (160, 4), (302, 1), (305, 2), (305, 6), (306, 15), (318, 1), (334, 1), (357, 28)] | in-spine rows of the union: 1
  outside rows file bytes 43600
==== B. ONKELOS chapter 31 and the DB (the dump per DB verse; a shared export row printed at its first DB verse)
  the store's chapter 31 verses 30 | verses whose store token count differs from the DB: []
  token count chapter 31 : 553
  onkelos dump bytes 45444
==== C. THE PARSER on every verse of chapter 31
  31:2   N [120]                    O []             marked []
  31:10  N [7]                      O []             marked ['שנים*']
  31:20  N []                       O []             marked ['ושבע*']
  number-word tokens present per verse (the bare check against the parser): {'31:2': ['מאה'], '31:7': ['נשבע'], '31:10': ['שבע', 'שנים'], '31:20': ['ושבע']}
  31:1 tokens: ['וילך', 'משה', 'וידבר', 'את', 'הדברים', 'האלה', 'אל', 'כל', 'ישראל']
  31:2 tokens: ['ויאמר', 'אלהם', 'בן', 'מאה', 'ועשרים', 'שנה', 'אנכי', 'היום', 'לא', 'אוכל', 'עוד', 'לצאת', 'ולבוא', 'ויהוה', 'אמר', 'אלי', 'לא', 'תעבר', 'את', 'הירדן', 'הזה']
  31:7 tokens: ['ויקרא', 'משה', 'ליהושע', 'ויאמר', 'אליו', 'לעיני', 'כל', 'ישראל', 'חזק', 'ואמץ', 'כי', 'אתה', 'תבוא', 'את', 'העם', 'הזה', 'אל', 'הארץ', 'אשר', 'נשבע', 'יהוה', 'לאבתם', 'לתת', 'להם', 'ואתה', 'תנחילנה', 'אותם']
  31:10 tokens: ['ויצו', 'משה', 'אותם', 'לאמר', 'מקץ', 'שבע', 'שנים*', 'במעד', 'שנת', 'השמטה', 'בחג', 'הסכות']
  31:20 tokens: ['כי', 'אביאנו', 'אל', 'האדמה', 'אשר', 'נשבעתי', 'לאבתיו', 'זבת', 'חלב', 'ודבש', 'ואכל', 'ושבע*', 'ודשן', 'ופנה', 'אל', 'אלהים', 'אחרים', 'ועבדום', 'ונאצוני', 'והפר', 'את', 'בריתי']
  31:30 tokens: ['וידבר', 'משה', 'באזני', 'כל', 'קהל', 'ישראל', 'את', 'דברי', 'השירה', 'הזאת', 'עד', 'תמם']
==== D. CASE TOKENS, FRAMES, REGISTER, NAMES
  case tokens (כי "when/for" / אם "if" / ואם / או "or" / פן "lest"): {'31:6': ['כי'], '31:7': ['כי'], '31:17': ['כי'], '31:18': ['כי'], '31:20': ['כי'], '31:21': ['כי', 'כי', 'כי'], '31:23': ['כי'], '31:27': ['כי', 'כי'], '31:29': ['כי', 'כי', 'כי']}
  divine frames (ויאמר/וידבר + יהוה): ['31:14', '31:16']
  לאמר "saying" seats: ['31:10', '31:25']
  narrative-form verbs (V.w) per verse: {1: ['וילך', 'וידבר'], 2: ['ויאמר'], 7: ['ויקרא', 'ויאמר'], 9: ['ויכתב', 'ויתנה'], 10: ['ויצו'], 14: ['ויאמר', 'ואצונו', 'וילך', 'ויתיצבו'], 15: ['וירא', 'ויעמד'], 16: ['ויאמר'], 22: ['ויכתב', 'וילמדה'], 23: ['ויצו', 'ויאמר'], 24: ['ויהי'], 25: ['ויצו'], 30: ['וידבר']}
  first-person verb forms (1cs / 1cp) per verse: {2: [('אוכל', 'HVqi1cs')], 5: [('צויתי', 'HVpp1cs')], 16: [('כרתי', 'HVqp1cs')], 17: [('מצאוני', 'HVqp3cp/Sp1cs')], 18: [('אסתיר', 'HVhi1cs')], 20: [('אביאנו', 'HVhi1cs/Sp3ms'), ('נשבעתי', 'HVNp1cs')], 21: [('ידעתי', 'HVqp1cs'), ('אביאנו', 'HVhi1cs/Sp3ms'), ('נשבעתי', 'HVNp1cs')], 23: [('נשבעתי', 'HVNp1cs'), ('אהיה', 'HVqi1cs')], 27: [('ידעתי', 'HVqp1cs')], 29: [('ידעתי', 'HVqp1cs'), ('צויתי', 'HVpp1cs')]}
  imperatives (Vq.v / Vp.v / Vh.v) per verse: {}
  prohibitions לא + imperfect (the ten's form) per verse: {2: [('אוכל', 'HVqi1cs'), ('תעבר', 'HVqi2ms')], 6: [('ירפך', 'HVhi3ms/Sp2ms'), ('יעזבך', 'HVqi3ms/Sp2ms')], 8: [('ירפך', 'HVhi3ms/Sp2ms'), ('יעזבך', 'HVqi3ms/Sp2ms'), ('תירא', 'HVqi2ms'), ('תחת', 'HVNi2ms')], 13: [], 21: [('תשכח', 'HVNi3fs')]}
  name tokens (Np): {1: ['משה', 'ישראל'], 2: ['ויהוה', 'הירדן'], 3: ['יהוה', 'יהושע', 'יהוה'], 4: ['יהוה', 'לסיחון', 'ולעוג'], 5: ['יהוה'], 6: ['יהוה'], 7: ['משה', 'ליהושע', 'ישראל', 'נשבע', 'יהוה'], 8: ['ויהוה'], 9: ['משה', 'לוי', 'יהוה', 'ישראל'], 10: ['משה'], 11: ['ישראל', 'יהוה', 'ישראל'], 12: ['יהוה'], 13: ['יהוה', 'הירדן'], 14: ['יהוה', 'משה', 'יהושע', 'משה', 'ויהושע'], 15: ['יהוה'], 16: ['יהוה', 'משה'], 19: ['ישראל', 'ישראל'], 20: ['נשבעתי'], 21: ['נשבעתי'], 22: ['משה', 'ישראל'], 23: ['יהושע', 'נון', 'ישראל', 'נשבעתי'], 24: ['משה'], 25: ['משה', 'יהוה'], 26: ['יהוה'], 27: ['יהוה'], 29: ['יהוה'], 30: ['משה', 'ישראל']}
  second-person plural vs singular (2mp / 2ms tokens per verse): {1: (0, 0), 2: (0, 1), 3: (0, 5), 4: (0, 0), 5: (3, 0), 6: (4, 3), 7: (0, 6), 8: (0, 5), 9: (0, 0), 10: (0, 0), 11: (0, 2), 12: (1, 3), 13: (3, 0), 14: (1, 2), 15: (0, 0), 16: (0, 2), 17: (0, 0), 18: (0, 0), 19: (2, 2), 20: (0, 0), 21: (0, 0), 22: (0, 0), 23: (0, 4), 24: (0, 0), 25: (0, 0), 26: (2, 1), 27: (2, 2), 28: (3, 0), 29: (6, 0), 30: (0, 0)}
==== E. THE REGISTER GATE on Deut 31
  dispositions naming Deut 31: []
  REGISTER_INDEX lines on Deut 31:
==== F. THE PRIOR READS
  ledgers with an Onkelos Deut 31 row: []
  prior Sifrei Devarim rows anywhere (strict form), those among the outside rows: [('deu_01_03_devarim_2026-09-15.md', 1, 1), ('deu_01_03_devarim_2026-09-15.md', 2, 3), ('deu_01_03_devarim_2026-09-15.md', 29, 7), ('deu_08_ekev_2026-09-18.md', 43, 7), ('deu_08_ekev_2026-09-18.md', 318, 1), ('deu_11_ekev_reeh_2026-09-20.md', 43, 7), ('deu_11_ekev_reeh_2026-09-20.md', 48, 9), ('deu_14_reeh_2026-09-21.md', 109, 2), ('deu_15_reeh_2026-09-22.md', 111, 1), ('deu_17_18_shoftim_2026-09-24.md', 157, 10), ('deu_17_18_shoftim_2026-09-24.md', 160, 4), ('deu_26_28_ki_tavo_2026-09-26.md', 302, 1), ('gen_25_babel_2026-08-25.md', 318, 1)] | all prior rows count 2121
  ledgers NAMING a verse of Deut 31: 12
    ('deu_01_03_devarim_exam_2026-09-15.md', 1, ['Deuteronomy 31:16'])
    ('deu_11_ekev_reeh_exam_2026-09-20.md', 1, ['Deuteronomy 31:16'])
    ('deu_17_18_shoftim_exam_2026-09-24.md', 1, ['Deuteronomy 31:10'])
    ('family_docket_2026-09-06.md', 1, ['Deut 31:16'])
    ('gen_67_cup_and_surety_2026-08-28.md', 1, ['Deuteronomy 31:27'])
    ('gen_70_goshen_and_the_fifth_2026-08-28.md', 1, ['Deuteronomy 31:28'])
    ('num_06_nazir_2026-09-09.md', 1, ['Deut 31:6'])
    ('num_12_miriam_2026-09-10.md', 1, ['Deut 31:15'])
    ('num_21_snakes_conquest_2026-09-11.md', 1, ['Deut 31:19'])
    ('num_28_daily_shabbat_rosh_2026-09-11.md', 1, ['Deuteronomy 31:19-20'])
    ('num_33_journeys_2026-09-12.md', 2, ['Deuteronomy 31:9'])
    ('num_33_journeys_exam_2026-09-12.md', 3, ['Deuteronomy 31:2'])
  ledgers with an Onkelos Num 27 / Exod 33 / Deut 1 / Deut 3 / Deut 10 / Deut 15 / Deut 16 / Deut 17 / Deut 34 row (the kin's reading — Moses' hundred and twenty years and Joshua's commission Numbers 27:12-23, 3:21-28 and 34:7-9 for 31:1-8 and 31:14-23; the reading of the law at the release year's Sukkot 15:1, 16:13-15 and 17:18-19 for 31:9-13; the ark and the Levites 10:1-5 for 31:9 and 31:25-26; the Tent and the pillar of cloud Exodus 33:9-10 for 31:14-15): ['deu_01_03_devarim_2026-09-15.md', 'deu_10_ekev_2026-09-19.md', 'deu_15_reeh_2026-09-22.md', 'deu_16_reeh_shoftim_2026-09-23.md', 'deu_17_18_shoftim_2026-09-24.md', 'erection_docket_2026-09-06.md', 'exo_33_presence_2026-09-01.md', 'num_27_zelophehad_joshua_2026-09-09.md'] | ledgers with an Onkelos row of the Prophets (never read ahead — expected none): []
==== G. THE DRAFTS
  deu_30_teshuvah_choice: refs 30:1-20; steps (30, 1)..(30, 20) n=20; draft True; operators False; depends_on ['    - "deu_29_moab_covenant"\n']; scenarios 27; binary_trees True; step E False; comment lines 24
  deu_31_charge_torah: refs 31:1-30; steps (31, 1)..(31, 30) n=30; draft True; operators False; depends_on ['    - "deu_30_teshuvah_choice"\n    - "num_27_zelophehad_joshua"\n']; scenarios 37; binary_trees True; step E False; comment lines 34
    the step verses: [1, 2, 3, 4, 5, 6, 7, 8, 9, 10, 11, 12, 13, 14, 15, 16, 17, 18, 19, 20, 21, 22, 23, 24, 25, 26, 27, 28, 29, 30] | covers DB 30 ? True
  the units' claim prefixes present anywhere? {'DV31': 0, 'DV31A': 0, 'DV31B': 0, 'DV30': 0, 'DV32': 0}
  existing manifests deu_31*: [] | ledgers deu_*: ['deu_01_03_devarim_2026-09-15.md', 'deu_01_03_devarim_exam_2026-09-15.md', 'deu_04_vaetchanan_2026-09-16.md', 'deu_04_vaetchanan_exam_2026-09-16.md', 'deu_05_vaetchanan_2026-09-16.md', 'deu_05_vaetchanan_exam_2026-09-16.md', 'deu_06_vaetchanan_2026-09-17.md', 'deu_06_vaetchanan_exam_2026-09-17.md', 'deu_07_vaetchanan_ekev_2026-09-17.md', 'deu_07_vaetchanan_ekev_exam_2026-09-18.md', 'deu_08_ekev_2026-09-18.md', 'deu_08_ekev_exam_2026-09-19.md', 'deu_09_ekev_2026-09-19.md', 'deu_09_ekev_exam_2026-09-19.md', 'deu_10_ekev_2026-09-19.md', 'deu_10_ekev_exam_2026-09-20.md', 'deu_11_ekev_reeh_2026-09-20.md', 'deu_11_ekev_reeh_exam_2026-09-20.md', 'deu_12_reeh_2026-09-20.md', 'deu_12_reeh_exam_2026-09-20.md', 'deu_13_reeh_2026-09-21.md', 'deu_13_reeh_exam_2026-09-21.md', 'deu_14_reeh_2026-09-21.md', 'deu_14_reeh_exam_2026-09-21.md', 'deu_15_reeh_2026-09-22.md', 'deu_15_reeh_exam_2026-09-23.md', 'deu_16_reeh_shoftim_2026-09-23.md', 'deu_16_reeh_shoftim_exam_2026-09-23.md', 'deu_17_18_shoftim_2026-09-24.md', 'deu_17_18_shoftim_exam_2026-09-24.md', 'deu_19_21_shoftim_ki_teitzei_2026-09-24.md', 'deu_19_21_shoftim_ki_teitzei_exam_2026-09-25.md', 'deu_22_25_ki_teitzei_2026-09-25.md', 'deu_22_25_ki_teitzei_exam_2026-09-26.md', 'deu_26_28_ki_tavo_2026-09-26.md', 'deu_26_28_ki_tavo_exam_2026-09-26.md']
  unit count and standing (CORPUS_TRUTH literals): []
==== H. THE STORE'S GLOSSES on chapter 31
  gloss Counter (the 50 commonest): [('obj-marker·et', 31), ('YHWH', 17), ('which', 16), ('that', 14), ('the-this', 13), ('Moses', 11), ('to', 10), ('all', 10), ('Israel', 10), ('he/it', 8), ('not', 7), ('and-say', 6), ('son', 6), ('to-them/their', 5), ('the-day', 5), ('the-earth', 5), ('the-precept', 5), ('over', 5), ('the-song', 5), ('the-these', 4), ('pass-over', 4), ('make', 4), ('you', 4), ('swear', 4), ('be', 4), ('know', 4), ('in-day', 4), ('the-he/it', 4), ('and-be', 4), ('the-bad', 4), ('and-speak', 3), ('years', 3), ('to-me/my', 3), ('God-you/your', 3), ('to-face-you/your', 3), ('Jehoshua', 3), ('obj-marker·et-them/their', 3), ('obj-marker·et-you/your (pl)', 3), ('fasten-upon', 3), ('and-be-alert', 3), ('with-you/your', 3), ('and-not', 3), ('come/bring', 3), ('with', 3), ('the-people', 3), ('box', 3), ('covenant', 3), ('and-command', 3), ('God-you/your (pl)', 3), ('word/thing', 3)]
  gloss file bytes 16948
  overrides already for Deut.31: [] | by_ref last Deut.30 line: []
==== I. THE SPINE ON THE CHAPTER — the Sifrei piskaot whose head is in chapter 31 (the spine on the chapter a twenty-third time — ONE head, 304 on 31:14), whole
  SPINE (computed from the heads): [304] | contiguous? True | the heads by verse: [(304, 14)] | the heads before and after: {303: None, 305: None}
  rows per piska (HE, EN): {304: (2, 2)} | total HE rows 2 | HE == EN everywhere? True
  spine file bytes 3857 | bytes per piska HE+EN: {304: 2850}
  prior reads among the spine rows (any ledger): []
  the spine rows citing a verse of chapter 31 in the Hebrew (p, r, the export verses): [(304, 1, [14])]
  the spine rows' own Hebrew citations (book, chapter, verse) by row: [(304, 1, [('דברים', 31, 14), ('מיכה', 7, 5)]), (304, 2, [('במדבר', 27, 17), ('במדבר', 27, 18), ('במדבר', 27, 17)])]
  the spine rows' English citations by row: [(304, 1, ['Dt.31:14', 'Mic.7:5']), (304, 2, ['Nu.27:17', 'Nu.27:18', 'Song8:8', 'Nu.27:17'])]
  the spine rows with NO citation in either file: []
  NO portion edge inside the chapter (Vayelech 31:1-30 is the chapter whole; Haazinu opens at 32:1) — the Sifrei returns at 31:14 (304; 305 beside it; 306 on 32:1): the heads by verse and the verses without a head (31:1-13 the charge, the reading and the ark — headless): [14] [1, 2, 3, 4, 5, 6, 7, 8, 9, 10, 11, 12, 13, 15, 16, 17, 18, 19, 20, 21, 22, 23, 24, 25, 26, 27, 28, 29, 30]
