PASS  declared-reading gate — declared scope complete: 312 of 312 read (era format, components not stated) (deu_32_haazinu_2026-09-27.md)
PASS  text layer — TEXT LAYER GREEN: 43 steps, 7 scenarios — deu_32_haazinu
PASS  freeze flip — draft -> frozen
PASS  frozen run — final state: WORLD=[] (+0 presupposed) | REGISTRY={} | TESTS=0 PASS | LEDGER days=[] | FLAGS=[]
PASS  frozen scenarios — ALL SCENARIOS GREEN
PASS  regression 248/248
PASS  render py — wrote logic/py_units/deu_32_haazinu.py (514 lines) — ran GREEN
PASS  py self-proof — ALL ASSERTIONS GREEN — rendering matches the frozen unit's machine truth
PASS  render html (undated) — UNIT_deu_32_haazinu.html
PASS  index_units — indexed 309 units · 7992 steps · 3471 scenarios · 0 warnings
PASS  coverage index — wrote UNIT_INDEX.html (248 units)
PASS  ALL_UNITS insert — before lev_13 banner; header count 248
PASS  ALL_UNITS corpus proof — 248/248 green

=== RITUAL SUMMARY ===
  + declared-reading gate
  + text layer
  + freeze flip
  + frozen run
  + frozen scenarios
  + regression 248/248
  + render py
  + py self-proof
  + render html (undated)
  + index_units
  + coverage index
  + ALL_UNITS insert
  + ALL_UNITS corpus proof

RITUAL COMPLETE for deu_32_haazinu (248 frozen units).
Manual next: watchlist (logic/middot_scan/), state-doc update, owner commit word.
