  '?': 28 families, 350 tokens: [('אני', 152), ('אנכי', 127), ('בית', 17), ('באר', 8), ('בעל', 7), ('לחי', 3)]
  'and-?': 4 families, 44 tokens: [('ואני', 29), ('ואנכי', 13), ('ודי', 1), ('ומלכי', 1)]
  'act-him/its': 1 families, 1 tokens: [('פעלו', 1)]
  'alive-you/your (pl)': 1 families, 1 tokens: [('חייכם', 1)]
  'and-Hosea': 1 families, 1 tokens: [('והושע', 1)]
  'and-atone': 3 families, 39 tokens: [('וכפר', 35), ('ויכפר', 3), ('ונכפר', 1)]
  'and-be-complete': 6 families, 17 tokens: [('ויכל', 6), ('וכלה', 3), ('ותכל', 3), ('ואכלה', 2), ('ויכלו', 2), ('ותכלינה', 1)]
  'and-be-erect-you/your': 1 families, 1 tokens: [('ויכננך', 1)]
  'and-burn': 1 families, 1 tokens: [('ותיקד', 1)]
  'and-cessation': 1 families, 2 tokens: [('ואפס', 2)]
  'and-daughter-him/its': 3 families, 5 tokens: [('ובנתיו', 2), ('ובתו', 2), ('ובנותיו', 1)]
  'and-drought-me/my': 1 families, 1 tokens: [('וחרבי', 1)]
  'and-exile': 1 families, 1 tokens: [('ושביה', 1)]
  'and-feed-on': 4 families, 6 tokens: [('וילחם', 3), ('ולחמי', 1), ('ונלחם', 1), ('ונלחמנו', 1)]
  'and-from-apartment': 1 families, 1 tokens: [('ומחדרים', 1)]
  'and-from-cultivated-field': 1 families, 1 tokens: [('ומשדמת', 1)]
  'and-gather-for-any-purpose': 8 families, 25 tokens: [('ויאסף', 11), ('ואספת', 5), ('ויאספו', 3), ('ונאספו', 2), ('ואסף', 1), ('והאסף', 1)]
  'and-hating-us/our': 1 families, 1 tokens: [('ואיבינו', 1)]
  'and-hurry': 1 families, 1 tokens: [('וחש', 1)]
  'and-in-formless': 1 families, 1 tokens: [('ובתהו', 1)]
  'and-lick': 1 families, 1 tokens: [('ותלהט', 1)]
  'and-like-rain': 1 families, 1 tokens: [('וכרביבים', 1)]
  'and-loosen': 4 families, 8 tokens: [('ויעזב', 5), ('ועזב', 1), ('ועזוב', 1), ('ופרע', 1)]
  'and-poisonous-plant': 1 families, 1 tokens: [('וראש', 1)]
  'and-pound': 1 families, 2 tokens: [('ויטש', 2)]
  'and-prepared': 1 families, 1 tokens: [('ועתודים', 1)]
  'and-produce-her/its': 1 families, 1 tokens: [('ויבלה', 1)]
  'and-requital': 1 families, 1 tokens: [('ושלם', 1)]
  'and-revenge': 1 families, 1 tokens: [('ונקם', 1)]
  'and-ruin': 1 families, 1 tokens: [('וקטב', 1)]
  'and-scorn': 1 families, 1 tokens: [('וינאץ', 1)]
  'and-seize': 5 families, 5 tokens: [('ואחז', 1), ('והאחזו', 1), ('ויאחזו', 1), ('ונאחזו', 1), ('ותאחז', 1)]
  'and-shine': 1 families, 1 tokens: [('וישמן', 1)]
  'and-suck-him/its': 2 families, 2 tokens: [('והינקהו', 1), ('וינקהו', 1)]
  'and-surround-you/your (pl)': 1 families, 1 tokens: [('ויעזרכם', 1)]
  'and-tell-you/your': 1 families, 1 tokens: [('ויגדך', 1)]
  'and-there-suffix': 1 families, 3 tokens: [('ושמה', 3)]
  'and-to-hate-me/my': 1 families, 1 tokens: [('ולמשנאי', 1)]
  'and-tooth': 1 families, 1 tokens: [('ושן', 1)]
  'and-tortuous': 1 families, 1 tokens: [('ופתלתל', 1)]
  'and-trample-down': 1 families, 1 tokens: [('ויבעט', 1)]
  'and-wilt': 1 families, 1 tokens: [('וינבל', 1)]
  'be--circumspect-and-hence': 3 families, 3 tokens: [('ישכילו', 1), ('שכל', 1), ('תשכילו', 1)]
  'be--long': 5 families, 6 tokens: [('תאריכו', 2), ('ארכו', 1), ('יאריך', 1), ('יאריכו', 1), ('תאריך', 1)]
  'be--zealous-him/its': 1 families, 1 tokens: [('יקנאהו', 1)]
  'be--zealous-me/my': 1 families, 1 tokens: [('קנאוני', 1)]
  'be--zealous-them/their': 1 families, 1 tokens: [('אקניאם', 1)]
  'be-complete': 8 families, 17 tokens: [('כלה', 4), ('כלו', 4), ('תכלה', 3), ('אכלה', 2), ('כלות', 1), ('כליתי', 1)]
  'be-dense': 6 families, 8 tokens: [('הקשה', 2), ('יקשה', 2), ('אקשה', 1), ('עבית', 1), ('קשתה', 1), ('תקשו', 1)]
  'be-high-actively': 12 families, 24 tokens: [('תרימו', 5), ('ירים', 4), ('ירימו', 3), ('רמה', 3), ('הרימתי', 2), ('הורם', 1)]
  'be-safe': 5 families, 23 tokens: [('ישלם', 16), ('שלם', 4), ('אשלם', 1), ('שלמתם', 1), ('תשלים', 1)]
  'be-wise': 2 families, 2 tokens: [('חכמו', 1), ('נתחכמה', 1)]
  'bear-young-you/your': 1 families, 1 tokens: [('ילדך', 1)]
  'become-tipsy': 1 families, 1 tokens: [('אשכיר', 1)]
  'break-apart': 4 families, 6 tokens: [('יפרשו', 2), ('פרשי', 2), ('אפרש', 1), ('יפרש', 1)]
  'bunch-of-grapes': 1 families, 1 tokens: [('אשכלת', 1)]
  'cliff-them/their': 1 families, 2 tokens: [('צורם', 2)]
  'close-up': 2 families, 2 tokens: [('החתים', 1), ('חתם', 1)]
  'cover-up': 3 families, 3 tokens: [('מעלו', 1), ('מעלתם', 1), ('תמעל', 1)]
  'curdled-milk': 2 families, 2 tokens: [('חמאה', 1), ('חמאת', 1)]
  'dash-asunder': 3 families, 3 tokens: [('ימחץ', 1), ('מחץ', 1), ('מחצתי', 1)]
  'drought-me/my': 1 families, 2 tokens: [('חרבי', 2)]
  'erect-you/your': 1 families, 1 tokens: [('קנך', 1)]
  'flee-for-protection': 1 families, 1 tokens: [('חסיו', 1)]
  'from-blood--of-man': 1 families, 13 tokens: [('מדם', 13)]
  'from-craggy-rock': 1 families, 1 tokens: [('מסלע', 1)]
  'from-flint': 1 families, 1 tokens: [('מחלמיש', 1)]
  'from-man-in-general': 1 families, 1 tokens: [('מאנוש', 1)]
  'from-vexation': 1 families, 1 tokens: [('מכעס', 1)]
  'from-vine': 1 families, 2 tokens: [('מגפן', 2)]
  'go-away': 1 families, 1 tokens: [('אזלת', 1)]
  'grape-them/their': 1 families, 1 tokens: [('ענבמו', 1)]
  'grow-fat': 1 families, 1 tokens: [('כשית', 1)]
  'guard-him/its': 1 families, 1 tokens: [('יצרנהו', 1)]
  'guide-him/its': 1 families, 1 tokens: [('ינחנו', 1)]
  'if-not': 4 families, 21 tokens: [('אולי', 17), ('לולי', 2), ('אלי', 1), ('לולא', 1)]
  'in-Hor': 1 families, 4 tokens: [('בהר', 4)]
  'in-bone': 1 families, 13 tokens: [('בעצם', 13)]
  'in-break-through-him/its': 1 families, 1 tokens: [('בהפרידו', 1)]
  'in-depository-me/my': 1 families, 1 tokens: [('באוצרתי', 1)]
  'in-emptiness-them/their': 1 families, 1 tokens: [('בהבליהם', 1)]
  'in-something-disgusting': 1 families, 1 tokens: [('בתועבת', 1)]
  'in-turn-aside': 1 families, 1 tokens: [('בזרים', 1)]
  'keep-in-memory': 1 families, 1 tokens: [('תשי', 1)]
  'last-them/their': 1 families, 1 tokens: [('אחריתם', 1)]
  'like-cliff-us/our': 1 families, 1 tokens: [('כצורנו', 1)]
  'like-little-man-of-the-eye': 1 families, 1 tokens: [('כאישון', 1)]
  'like-shower': 1 families, 1 tokens: [('כשעירם', 1)]
  'live-coal': 1 families, 1 tokens: [('רשף', 1)]
  'memento-them/their': 1 families, 1 tokens: [('זכרם', 1)]
  'narrow-them/their': 1 families, 1 tokens: [('צרימו', 1)]
  'nestling-him/its': 1 families, 1 tokens: [('גוזליו', 1)]
  'oppression-them/their': 1 families, 1 tokens: [('אידם', 1)]
  'piercer-me/my': 1 families, 2 tokens: [('חצי', 2)]
  'pinion-him/its': 1 families, 1 tokens: [('אברתו', 1)]
  'puff-them/their': 1 families, 1 tokens: [('אפאיהם', 1)]
  'revolve-him/its': 1 families, 1 tokens: [('יסבבנהו', 1)]
  'ride-him/its': 2 families, 2 tokens: [('ירכבהו', 1), ('רכבו', 1)]
  'sacrifice-them/their': 2 families, 3 tokens: [('זבחיהם', 2), ('זבחימו', 1)]
  'scrape--together': 4 families, 7 tokens: [('תספה', 4), ('אספה', 1), ('ספות', 1), ('תספו', 1)]
  'sea-monster': 1 families, 1 tokens: [('תנינם', 1)]
  'sell-them/their': 1 families, 1 tokens: [('מכרם', 1)]
  'separate-mentally': 3 families, 4 tokens: [('נבון', 2), ('בינו', 1), ('יבינו', 1)]
  'separate-mentally-him/its': 1 families, 1 tokens: [('יבוננהו', 1)]
  'shut-up-them/their': 1 families, 1 tokens: [('הסגירם', 1)]
  'slaughter-an-animal': 9 families, 20 tokens: [('תזבח', 5), ('יזבחו', 3), ('תזבחו', 3), ('זבח', 2), ('נזבח', 2), ('נזבחה', 2)]
  'snatch-away': 4 families, 8 tokens: [('הציל', 5), ('הצלת', 1), ('ינצל', 1), ('מציל', 1)]
  'something-poured-out-them/their': 1 families, 1 tokens: [('נסיכם', 1)]
  'something-received-me/my': 1 families, 1 tokens: [('לקחי', 1)]
  'something-said': 1 families, 4 tokens: [('אמרי', 4)]
  'something-said-me/my': 1 families, 2 tokens: [('אמרתי', 2)]
  'something-saved-him/its': 1 families, 1 tokens: [('ישעתו', 1)]
  'stain-them/their': 1 families, 1 tokens: [('מומם', 1)]
  'store-away': 1 families, 1 tokens: [('כמס', 1)]
  'storm-them/their': 1 families, 1 tokens: [('שערום', 1)]
  'straight-course': 3 families, 4 tokens: [('ידין', 2), ('דן', 1), ('ידון', 1)]
  'the-cliff': 1 families, 4 tokens: [('הצור', 4)]
  'to-doemon': 1 families, 1 tokens: [('לשדים', 1)]
  'to-narrow-him/its': 1 families, 1 tokens: [('לצריו', 1)]
  'to-narrow-me/my': 1 families, 1 tokens: [('לצרי', 1)]
  'to-something-seized': 2 families, 11 tokens: [('לאחזה', 6), ('לאחזת', 5)]
  'treat-a-person': 3 families, 3 tokens: [('גמלנו', 1), ('הגמל', 1), ('תגמלו', 1)]
  'trouble-him/its': 1 families, 1 tokens: [('יכעיסהו', 1)]
  'trouble-me/my': 1 families, 1 tokens: [('כעסוני', 1)]
  'trouble-them/their': 1 families, 1 tokens: [('אכעיסם', 1)]
  'turn-aside-from-the-road': 9 families, 14 tokens: [('יגור', 5), ('גר', 2), ('אגור', 1), ('גור', 1), ('גרו', 1), ('גרתה', 1)]
  'twist-you/your': 1 families, 1 tokens: [('מחללך', 1)]
  'wine-them/their': 1 families, 1 tokens: [('יינם', 1)]
  'with-him/its': 2 families, 95 tokens: [('אתו', 55), ('עמו', 40)]
  'people-him/its': 2 families, 30 tokens: [('עמו', 24), ('עמיו', 6)]
  'people-you/your': 2 families, 19 tokens: [('עמך', 16), ('עמיך', 3)]
  'in-mountain': 3 families, 44 tokens: [('בהר', 42), ('בהרי', 1), ('בהרים', 1)]
  'foot-them/their': 2 families, 6 tokens: [('רגליהם', 3), ('רגלם', 3)]
  'and-die': 12 families, 88 tokens: [('וימת', 41), ('ומת', 22), ('ומתו', 9), ('ותמת', 5), ('וימתו', 4), ('והומת', 1)]
  'and-live': 10 families, 62 tokens: [('ויחי', 35), ('וחי', 11), ('ונחיה', 5), ('וחיה', 2), ('וחיו', 2), ('ותחי', 2)]
  'to-last-them/their': 1 families, 1 tokens: [('לאחריתם', 1)]
  'command-them/their': 3 families, 5 tokens: [('צויתם', 3), ('צום', 1), ('תצום', 1)]
  'from-head': 1 families, 2 tokens: [('מראש', 2)]
  'from-outside': 1 families, 42 tokens: [('מחוץ', 42)]
  'from-near': 1 families, 1 tokens: [('מקרב', 1)]
  'know-them/their': 2 families, 3 tokens: [('ידעום', 2), ('ידעתם', 1)]
  'old-age': 3 families, 5 tokens: [('זקנים', 2), ('שיבה', 2), ('שיבת', 1)]
  'pass-over': 19 families, 81 tokens: [('עבר', 15), ('עברים', 13), ('תעבר', 9), ('יעבר', 8), ('אעברה', 5), ('נעבר', 4)]
  'put/set': 13 families, 41 tokens: [('שם', 10), ('תשים', 6), ('ישים', 4), ('שים', 4), ('שמתי', 4), ('שימו', 3)]
  'vine-them/their': 1 families, 1 tokens: [('גפנם', 1)]
  'the-song': 1 families, 8 tokens: [('השירה', 8)]
  'abundance': 4 families, 7 tokens: [('רבבה', 3), ('רבבות', 2), ('מסת', 1), ('רב', 1)]
  'advice': 1 families, 1 tokens: [('עצות', 1)]
  'asp': 1 families, 1 tokens: [('פתנים', 1)]
  'bitterness': 3 families, 3 tokens: [('מרי', 1), ('מררת', 1), ('מרת', 1)]
  'boundary': 1 families, 1 tokens: [('גבלת', 1)]
  'cease': 7 families, 12 tokens: [('תשבת', 5), ('שבת', 2), ('אשביתה', 1), ('ישבתו', 1), ('שבתה', 1), ('תשבית', 1)]
  'cliff': 2 families, 5 tokens: [('צור', 4), ('צרים', 1)]
  'cover': 7 families, 26 tokens: [('מסך', 13), ('כפר', 4), ('תחוס', 4), ('תחס', 2), ('חפף', 1), ('כסות', 1)]
  'crawl': 1 families, 1 tokens: [('זחלי', 1)]
  'creak': 1 families, 1 tokens: [('הרנינו', 1)]
  'decay': 9 families, 17 tokens: [('שחת', 4), ('אשחית', 3), ('תשחית', 3), ('תשחת', 2), ('השחית', 1), ('השחת', 1)]
  'deity': 2 families, 2 tokens: [('אלה', 1), ('אלוה', 1)]
  'desolation': 1 families, 1 tokens: [('ישמן', 1)]
  'do': 2 families, 3 tokens: [('פעל', 2), ('פעלת', 1)]
  'drip': 3 families, 3 tokens: [('יזל', 1), ('נזלים', 1), ('תזל', 1)]
  'droop': 2 families, 2 tokens: [('יערף', 1), ('יערפו', 1)]
  'drought': 2 families, 19 tokens: [('חרב', 17), ('חרבה', 2)]
  'elevation': 6 families, 19 tokens: [('עליון', 8), ('שאת', 7), ('במות', 1), ('במותי', 1), ('במתי', 1), ('קוממיות', 1)]
  'entire': 5 families, 47 tokens: [('תמים', 19), ('תמימם', 19), ('תמימה', 7), ('תמימים', 1), ('תמימת', 1)]
  'established': 1 families, 1 tokens: [('אמן', 1)]
  'evil': 2 families, 6 tokens: [('עול', 4), ('שוא', 2)]
  'exhausted': 1 families, 1 tokens: [('מזי', 1)]
  'firmness': 1 families, 2 tokens: [('אמונה', 2)]
  'fright': 1 families, 2 tokens: [('אימה', 2)]
  'give': 1 families, 3 tokens: [('הבו', 3)]
  'grudge': 6 families, 9 tokens: [('יקם', 3), ('נקם', 2), ('ינקם', 1), ('יקום', 1), ('נקמת', 1), ('תקם', 1)]
  'heat': 1 families, 3 tokens: [('חמת', 3)]
  'hovering': 2 families, 2 tokens: [('ירחף', 1), ('מרחפת', 1)]
  'howl': 1 families, 1 tokens: [('ילל', 1)]
  'inclose': 3 families, 4 tokens: [('עצר', 2), ('נעצרה', 1), ('עצור', 1)]
  'inflame': 1 families, 1 tokens: [('קדחה', 1)]
  'intelligence': 1 families, 1 tokens: [('תבונה', 1)]
  'kidney': 1 families, 1 tokens: [('כליות', 1)]
  'leadership': 1 families, 1 tokens: [('פרעות', 1)]
  'lightning': 1 families, 1 tokens: [('ברק', 1)]
  'livestock': 3 families, 29 tokens: [('בהמה', 26), ('בהמת', 2), ('בהמות', 1)]
  'lowermost': 2 families, 2 tokens: [('תחתים', 1), ('תחתית', 1)]
  'magistrate': 1 families, 1 tokens: [('פלילים', 1)]
  'magnitude': 1 families, 1 tokens: [('גדל', 1)]
  'mark': 10 families, 21 tokens: [('זכר', 6), ('זכור', 4), ('תזכר', 3), ('אזכר', 2), ('אזכיר', 1), ('זכרנו', 1)]
  'mend': 4 families, 6 tokens: [('נרפא', 3), ('ארפא', 1), ('ירפא', 1), ('רפא', 1)]
  'miscarry': 6 families, 7 tokens: [('שכלתי', 2), ('אשכל', 1), ('משכלה', 1), ('שכלו', 1), ('שכלתם', 1), ('תשכל', 1)]
  'pasture': 2 families, 11 tokens: [('מדבר', 10), ('מרעה', 1)]
  'point': 1 families, 1 tokens: [('שנותי', 1)]
  'prepared': 3 families, 14 tokens: [('עתדים', 11), ('עתודים', 2), ('עתדת', 1)]
  'produce': 2 families, 2 tokens: [('גרש', 1), ('תנובת', 1)]
  'quarrel': 2 families, 2 tokens: [('מריבה', 1), ('מריבת', 1)]
  'ram': 7 families, 110 tokens: [('כבשים', 35), ('איל', 26), ('אילם', 25), ('כבש', 20), ('אילים', 2), ('אלים', 1)]
  'rope': 1 families, 4 tokens: [('חבל', 4)]
  'sanctify': 13 families, 24 tokens: [('יקדיש', 5), ('יקדש', 5), ('אקדש', 2), ('הקדשתי', 2), ('יקדישו', 2), ('התקדשו', 1)]
  'selected': 1 families, 1 tokens: [('בחור', 1)]
  'separate': 4 families, 7 tokens: [('נזיר', 3), ('בדד', 2), ('אצלת', 1), ('פרש', 1)]
  'shine': 2 families, 2 tokens: [('הופיע', 1), ('שמנת', 1)]
  'sigh': 4 families, 4 tokens: [('ינחם', 1), ('יתנחם', 1), ('מתנחם', 1), ('נחמתי', 1)]
  'smoothness': 2 families, 12 tokens: [('חלק', 9), ('חלקת', 3)]
  'strength': 2 families, 33 tokens: [('אל', 32), ('אילי', 1)]
  'stupid': 1 families, 2 tokens: [('נבל', 2)]
  'suck': 5 families, 6 tokens: [('מינקת', 2), ('היניקה', 1), ('יונק', 1), ('יינקו', 1), ('מיניקות', 1)]
  'violent': 1 families, 1 tokens: [('אכזר', 1)]
  'wake': 1 families, 1 tokens: [('יעיר', 1)]
  'waver': 2 families, 3 tokens: [('נע', 2), ('תמוט', 1)]
  "Shᵉ'Owl": 1 families, 1 tokens: [('שאול', 1)]
  'bad': 5 families, 42 tokens: [('רע', 19), ('רעה', 13), ('רעות', 6), ('רעים', 3), ('רעת', 1)]
  'forever': 1 families, 60 tokens: [('עולם', 60)]
  'living': 5 families, 66 tokens: [('חי', 20), ('חיה', 17), ('חיים', 15), ('חית', 13), ('חיות', 1)]
  'hide': 7 families, 7 tokens: [('אסתיר', 1), ('אסתירה', 1), ('אסתר', 1), ('הסתר', 1), ('חבב', 1), ('טמוני', 1)]
  'send': 15 families, 77 tokens: [('שלח', 36), ('ישלח', 8), ('אשלח', 6), ('משלח', 5), ('תשלח', 5), ('תשלחו', 4)]
  'return': 26 families, 69 tokens: [('ישוב', 9), ('שוב', 9), ('השב', 6), ('ישיב', 6), ('תשוב', 5), ('השיב', 4)]
  'arise': 22 families, 63 tokens: [('יקום', 15), ('קום', 12), ('הקים', 5), ('תקים', 4), ('יקומו', 3), ('קומו', 3)]
candidates 215 | the chapter's glosses ALREADY rewritten by the earlier walks' by-gloss overrides: 41
candidates already in by_gloss (excluded from GL): ['?', 'and-?']
by_gloss values of interest: {'?': '', 'and-?': 'and-I', 'the-cliff': None, 'cliff': None, 'strength': None, 'deity': None, 'and-shine': None, 'shine': None, 'set': None, 'bad': None, 'creak': None}
sitting 19 by-gloss rows walked from its marker: 78 | its last row: "and-hear-us/our": "and-make-us-hear-it"
by_gloss total 1224 | by_ref total 2061 | the last Deut.31 by_ref line:   "Deut.31.19:1": "write"   # כתבו | Deut.32 by_ref rows present: 0
the "?" seats (the pronoun I) in the chapter: [(39, 3, 'אני'), (39, 4, 'אני'), (39, 9, 'אני'), (40, 7, 'אנכי'), (46, 7, 'אנכי'), (49, 19, 'אני'), (52, 11, 'אני')]
the prefixed blank seats ("and-?"): [(21, 6, 'ואני'), (39, 13, 'ואני')]
the candidates' seats in the chapter (gloss: verse/idx/token):
  '?': ['39/3/אני', '39/4/אני', '39/9/אני', '40/7/אנכי', '46/7/אנכי', '49/19/אני', '52/11/אני']
  'and-?': ['21/6/ואני', '39/13/ואני']
  'act-him/its': ['4/2/פעלו']
  'alive-you/your (pl)': ['47/8/חייכם']
  'and-Hosea': ['44/11/והושע']
  'and-atone': ['43/10/וכפר']
  'and-be-complete': ['45/0/ויכל']
  'and-be-erect-you/your': ['6/14/ויכננך']
  'and-burn': ['22/4/ותיקד']
  'and-cessation': ['36/12/ואפס']
  'and-daughter-him/its': ['19/5/ובנתיו']
  'and-drought-me/my': ['42/3/וחרבי']
  'and-exile': ['42/8/ושביה']
  'and-feed-on': ['24/2/ולחמי']
  'and-from-apartment': ['25/3/ומחדרים']
  'and-from-cultivated-field': ['32/4/ומשדמת']
  'and-gather-for-any-purpose': ['50/6/והאסף', '50/15/ויאסף']
  'and-hating-us/our': ['31/4/ואיבינו']
  'and-hurry': ['35/10/וחש']
  'and-in-formless': ['10/3/ובתהו']
  'and-lick': ['22/11/ותלהט']
  'and-like-rain': ['2/9/וכרביבים']
  'and-loosen': ['36/14/ועזוב']
  'and-poisonous-plant': ['33/3/וראש']
  'and-pound': ['15/6/ויטש']
  'and-prepared': ['14/10/ועתודים']
  'and-produce-her/its': ['22/10/ויבלה']
  'and-requital': ['35/2/ושלם']
  'and-revenge': ['43/7/ונקם']
  'and-ruin': ['24/4/וקטב']
  'and-scorn': ['19/2/וינאץ']
  'and-seize': ['41/4/ותאחז']
  'and-shine': ['15/0/וישמן']
  'and-suck-him/its': ['13/8/וינקהו']
  'and-surround-you/your (pl)': ['38/8/ויעזרכם']
  'and-tell-you/your': ['7/9/ויגדך']
  'and-there-suffix': ['52/5/ושמה']
  'and-to-hate-me/my': ['41/10/ולמשנאי']
  'and-tooth': ['24/6/ושן']
  'and-tortuous': ['5/7/ופתלתל']
  'and-trample-down': ['15/2/ויבעט']
  'and-wilt': ['15/9/וינבל']
  'be--circumspect-and-hence': ['29/2/ישכילו']
  'be--long': ['47/11/תאריכו']
  'be--zealous-him/its': ['16/0/יקנאהו']
  'be--zealous-me/my': ['21/1/קנאוני']
  'be--zealous-them/their': ['21/7/אקניאם']
  'be-complete': ['23/4/אכלה']
  'be-dense': ['15/4/עבית']
  'be-high-actively': ['27/10/רמה']
  'be-safe': ['41/11/אשלם']
  'be-wise': ['29/1/חכמו']
  'bear-young-you/your': ['18/1/ילדך']
  'become-tipsy': ['42/0/אשכיר']
  'break-apart': ['11/6/יפרש']
  'bunch-of-grapes': ['32/9/אשכלת']
  'cliff-them/their': ['30/10/צורם', '31/3/צורם']
  'close-up': ['34/4/חתם']
  'cover-up': ['51/2/מעלתם']
  'curdled-milk': ['14/0/חמאת']
  'dash-asunder': ['39/12/מחצתי']
  'drought-me/my': ['41/3/חרבי']
  'erect-you/your': ['6/11/קנך']
  'flee-for-protection': ['37/4/חסיו']
  'from-blood--of-man': ['42/2/מדם', '42/6/מדם']
  'from-craggy-rock': ['13/10/מסלע']
  'from-flint': ['13/12/מחלמיש']
  'from-man-in-general': ['26/3/מאנוש']
  'from-vexation': ['19/3/מכעס']
  'from-vine': ['32/1/מגפן']
  'go-away': ['36/10/אזלת']
  'grape-them/their': ['32/6/ענבמו']
  'grow-fat': ['15/5/כשית']
  'guard-him/its': ['10/8/יצרנהו']
  'guide-him/its': ['12/2/ינחנו']
  'if-not': ['27/0/לולי']
  'in-Hor': ['50/13/בהר']
  'in-bone': ['48/4/בעצם']
  'in-break-through-him/its': ['8/3/בהפרידו']
  'in-depository-me/my': ['34/5/באוצרתי']
  'in-emptiness-them/their': ['21/5/בהבליהם']
  'in-something-disgusting': ['16/2/בתועבת']
  'in-turn-aside': ['16/1/בזרים']
  'keep-in-memory': ['18/2/תשי']
  'last-them/their': ['20/6/אחריתם']
  'like-cliff-us/our': ['31/2/כצורנו']
  'like-little-man-of-the-eye': ['10/9/כאישון']
  'like-shower': ['2/6/כשעירם']
  'live-coal': ['24/3/רשף']
  'memento-them/their': ['26/4/זכרם']
  'narrow-them/their': ['27/6/צרימו']
  'nestling-him/its': ['11/4/גוזליו']
  'oppression-them/their': ['35/9/אידם']
  'piercer-me/my': ['23/3/חצי', '42/1/חצי']
  'pinion-him/its': ['11/11/אברתו']
  'puff-them/their': ['26/1/אפאיהם']
  'revolve-him/its': ['10/6/יסבבנהו']
  'ride-him/its': ['13/0/ירכבהו']
  'sacrifice-them/their': ['38/2/זבחימו']
  'scrape--together': ['23/0/אספה']
  'sea-monster': ['33/1/תנינם']
  'sell-them/their': ['30/11/מכרם']
  'separate-mentally': ['7/3/בינו', '29/4/יבינו']
  'separate-mentally-him/its': ['10/7/יבוננהו']
  'shut-up-them/their': ['30/13/הסגירם']
  'slaughter-an-animal': ['17/0/יזבחו']
  'snatch-away': ['39/17/מציל']
  'something-poured-out-them/their': ['38/6/נסיכם']
  'something-received-me/my': ['2/2/לקחי']
  'something-said': ['1/5/אמרי']
  'something-said-me/my': ['2/5/אמרתי']
  'something-saved-him/its': ['15/11/ישעתו']
  'stain-them/their': ['5/4/מומם']
  'store-away': ['34/2/כמס']
  'storm-them/their': ['17/11/שערום']
  'straight-course': ['36/1/ידין']
  'the-cliff': ['4/0/הצור']
  'to-doemon': ['17/1/לשדים']
  'to-narrow-him/its': ['43/9/לצריו']
  'to-narrow-me/my': ['41/9/לצרי']
  'to-something-seized': ['49/23/לאחזה']
  'treat-a-person': ['6/2/תגמלו']
  'trouble-him/its': ['16/3/יכעיסהו']
  'trouble-me/my': ['21/4/כעסוני']
  'trouble-them/their': ['21/12/אכעיסם']
  'turn-aside-from-the-road': ['27/3/אגור']
  'twist-you/your': ['18/5/מחללך']
  'wine-them/their': ['33/2/יינם']
  'with-him/its': ['12/4/עמו']
  'people-him/its': ['9/3/עמו', '36/3/עמו', '43/2/עמו', '43/12/עמו', '50/17/עמיו']
  'people-you/your': ['50/8/עמיך']
  'in-mountain': ['50/1/בהר']
  'foot-them/their': ['35/5/רגלם']
  'and-die': ['50/0/ומת']
  'and-live': ['39/11/ואחיה']
  'to-last-them/their': ['29/5/לאחריתם']
  'command-them/their': ['46/12/תצום']
  'from-head': ['42/9/מראש']
  'from-outside': ['25/0/מחוץ']
  'from-near': ['17/8/מקרב']
  'know-them/their': ['17/6/ידעום']
  'old-age': ['25/12/שיבה']
  'pass-over': ['47/17/עברים']
  'put/set': ['46/2/שימו']
  'vine-them/their': ['32/3/גפנם']
  'the-song': ['44/6/השירה']
  'abundance': ['30/6/רבבה']
  'advice': ['28/3/עצות']
  'asp': ['33/4/פתנים']
  'bitterness': ['32/10/מררת']
  'boundary': ['8/7/גבלת']
  'cease': ['26/2/אשביתה']
  'cliff': ['13/13/צור', '15/10/צור', '18/0/צור', '37/3/צור']
  'cover': ['38/11/סתרה']
  'crawl': ['24/12/זחלי']
  'creak': ['43/0/הרנינו']
  'decay': ['5/0/שחת']
  'deity': ['15/7/אלוה', '17/3/אלה']
  'desolation': ['10/5/ישמן']
  'do': ['27/13/פעל']
  'drip': ['2/3/תזל']
  'droop': ['2/0/יערף']
  'drought': ['25/2/חרב']
  'elevation': ['8/1/עליון', '13/2/במותי', '13/3/במתי']
  'entire': ['4/1/תמים']
  'established': ['20/13/אמן']
  'evil': ['4/10/עול']
  'exhausted': ['24/0/מזי']
  'firmness': ['4/8/אמונה']
  'fright': ['25/4/אימה']
  'give': ['3/4/הבו']
  'grudge': ['43/6/יקום']
  'heat': ['24/11/חמת', '33/0/חמת']
  'hovering': ['11/5/ירחף']
  'howl': ['10/4/ילל']
  'inclose': ['36/13/עצור']
  'inflame': ['22/2/קדחה']
  'intelligence': ['28/7/תבונה']
  'kidney': ['14/13/כליות']
  'leadership': ['42/10/פרעות']
  'lightning': ['41/2/ברק']
  'livestock': ['24/7/בהמות']
  'lowermost': ['22/7/תחתית']
  'magistrate': ['31/5/פלילים']
  'magnitude': ['3/5/גדל']
  'mark': ['7/0/זכר']
  'mend': ['39/14/ארפא']
  'miscarry': ['25/1/תשכל']
  'pasture': ['10/2/מדבר', '51/10/מדבר']
  'point': ['41/1/שנותי']
  'prepared': ['35/11/עתדת']
  'produce': ['13/6/תנובת']
  'quarrel': ['51/8/מריבת']
  'ram': ['14/6/כרים']
  'rope': ['9/5/חבל']
  'sanctify': ['51/15/קדשתם']
  'selected': ['25/6/בחור']
  'separate': ['12/1/בדד']
  'shine': ['15/3/שמנת']
  'sigh': ['36/6/יתנחם']
  'smoothness': ['9/1/חלק']
  'strength': ['4/7/אל', '12/5/אל', '18/4/אל', '21/3/אל']
  'stupid': ['6/5/נבל', '21/11/נבל']
  'suck': ['25/9/יונק']
  'violent': ['33/5/אכזר']
  'wake': ['11/1/יעיר']
  'waver': ['35/4/תמוט']
  "Shᵉ'Owl": ['22/6/שאול']
  'bad': ['23/2/רעות']
  'forever': ['7/2/עולם']
  'living': ['40/6/חי']
  'hide': ['20/1/אסתירה']
  'send': ['24/8/אשלח']
  'return': ['41/7/אשיב', '43/8/ישיב']
  'arise': ['38/7/יקומו']
