=== chain 10:53:59
deu_32_haazinu: seated 12 operators on 12 steps [1, 5, 7, 10, 13, 15, 19, 23, 26, 29, 34, 39]; scenarios 7 in the anchor form
=== verify_text deu_32_haazinu 10:53:59
exit 0 TEXT LAYER GREEN: 43 steps, 7 scenarios — deu_32_haazinu
=== ritual deu_32_haazinu 10:54:00
exit 0 Manual next: watchlist (logic/middot_scan/), state-doc update, owner commit word.
=== seat deu_32_song_aftermath 10:54:38
deu_32_song_aftermath: seated 4 operators on 4 steps [44, 46, 48, 51]; scenarios 7 in the anchor form
=== verify_text deu_32_song_aftermath 10:54:38
exit 0 TEXT LAYER GREEN: 9 steps, 7 scenarios — deu_32_song_aftermath
=== ritual deu_32_song_aftermath 10:54:38
exit 0 Manual next: watchlist (logic/middot_scan/), state-doc update, owner commit word.
ALL_DONE
verify_text deu_32_haazinu: TEXT LAYER GREEN: 43 steps, 7 scenarios — deu_32_haazinu
verify_text deu_32_song_aftermath: TEXT LAYER GREEN: 9 steps, 7 scenarios — deu_32_song_aftermath
=== fold 10:55:32
=== CHECK AFTER THE BAKE
CORPUS TRUTH GREEN — one world, 249 units, 1809 facts, 341 demands (191 open), hash 8b8fff1fa28953af
27:assert len(W["units"]) == 249
32:assert len(W["standing"]) == 2360
37:assert corpus_world._state_hash(W) == '8b8fff1fa28953af'
=== build_world 10:57:04
exit 0 |   ALL GREEN — the one database agrees with the fold
=== journal_gate 10:58:05
exit 0 | GATE GREEN — the replay is the audit, the running world is the instrument
=== register_gate 11:13:09
exit 0 | THE REGISTER GATE: GREEN
=== large_letter 11:13:12
exit 0 | 6/6
=== home_gate 11:13:12
exit 0 | THE HOME-PATH GATE: GREEN — 0 tracked text files carry a username or a home path
ALL GREEN 11:13:15
