==== A. THE KIN BY COMPUTATION (the closest three re-scored in order; shared tokens outside the stop list)
  32:1: [('Dan 10:16', 2, 1), ('Deut 31:28', 2, 2), ('Prov 8:8', 2, 2)]
  32:2: [('Mic 5:6', 3, 3), ('1Kgs 22:18', 2, 2), ('2Chr 18:17', 2, 2)]
  32:3: []
  32:4: [('Ezek 3:20', 2, 1), ('Ezek 18:5', 2, 2), ('Ezek 18:24', 2, 1)]
  32:5: []
  32:6: [('1Chr 18:11', 2, 2), ('1Chr 25:7', 2, 1), ('1Sam 2:8', 2, 1)]
  32:7: [('Isa 58:12', 3, 4), ('Isa 60:15', 3, 3), ('Isa 61:4', 3, 3)]
  32:8: [('Ezek 2:3', 4, 3), ('Ezek 43:7', 3, 3), ('Hab 2:8', 3, 2)]
  32:9: [('Jer 10:16', 3, 2), ('Deut 10:9', 2, 3), ('Gen 27:11', 2, 1)]
  32:10: []
  32:11: [('Jer 48:40', 2, 2), ('Jer 49:22', 2, 2)]
  32:12: [('2Chr 12:3', 2, 2), ('2Chr 14:5', 2, 2), ('Isa 13:14', 2, 3)]
  32:13: [('Exod 10:12', 2, 3), ('Exod 10:15', 2, 1), ('Isa 16:1', 2, 2)]
  32:14: [('Ezek 39:18', 4, 2), ('1Kgs 1:9', 3, 3), ('2Chr 27:5', 3, 3)]
  32:15: [('Isa 44:8', 2, 2), ('Ps 18:32', 2, 2)]
  32:16: []
  32:17: [('1Sam 19:23', 2, 2), ('Deut 4:34', 2, 2), ('Deut 29:25', 2, 3)]
  32:18: []
  32:19: [('1Chr 21:20', 2, 2), ('Job 42:16', 2, 2), ('Num 21:29', 2, 2)]
  32:20: [('2Sam 14:32', 3, 2), ('Lev 16:2', 3, 3), ('1Chr 21:17', 2, 3)]
  32:21: [('1Kgs 1:14', 2, 1), ('1Sam 25:25', 2, 2), ('1Sam 27:3', 2, 2)]
  32:22: [('Jer 15:14', 3, 4), ('1Kgs 18:38', 2, 2), ('1Sam 27:1', 2, 2)]
  32:23: [('Ps 55:16', 2, 2), ('Ps 64:9', 2, 2)]
  32:24: [('Isa 11:6', 2, 1), ('Isa 30:6', 2, 2), ('Jer 6:11', 2, 1)]
  32:25: [('Ezek 33:2', 3, 3), ('Judg 20:2', 3, 1), ('Judg 20:15', 3, 2)]
  32:26: []
  32:27: [('2Kgs 9:37', 2, 2), ('Ezek 20:28', 2, 1), ('Josh 22:24', 2, 1)]
  32:28: [('Isa 57:1', 2, 1), ('Jer 33:24', 2, 1), ('Jer 44:2', 2, 2)]
  32:29: []
  32:30: [('Josh 23:10', 3, 3), ('1Chr 7:2', 2, 1), ('1Chr 7:7', 2, 1)]
  32:31: []
  32:32: [('Amos 4:11', 2, 2), ('Gen 13:10', 2, 3), ('Gen 14:2', 2, 2)]
  32:33: []
  32:34: []
  32:35: [('1Chr 12:23', 2, 2), ('1Kgs 21:2', 2, 3), ('1Sam 27:1', 2, 2)]
  32:36: [('Ps 135:14', 4, 7), ('1Kgs 14:10', 2, 2), ('2Chr 32:9', 2, 2)]
  32:37: []
  32:38: [('2Chr 19:7', 2, 2), ('Ezek 12:19', 2, 2), ('Ezek 25:4', 2, 2)]
  32:39: [('Isa 43:13', 3, 5), ('1Chr 17:20', 2, 2), ('1Kgs 3:28', 2, 3)]
  32:40: [('Gen 14:22', 2, 2), ('Isa 45:12', 2, 1), ('Isa 48:13', 2, 1)]
  32:41: [('Exod 15:9', 2, 2), ('Ezek 34:16', 2, 1), ('Ps 81:15', 2, 1)]
  32:42: [('Deut 12:20', 2, 2), ('Lev 7:20', 2, 2)]
  32:43: [('2Chr 32:9', 2, 1), ('2Kgs 17:23', 2, 2), ('2Sam 11:1', 2, 1)]
  32:44: [('Deut 31:30', 6, 5), ('2Sam 22:1', 4, 5), ('Exod 24:3', 4, 6)]
  32:45: [('Deut 1:1', 3, 4), ('Deut 31:1', 3, 7), ('Exod 34:27', 3, 5)]
  32:46: [('Deut 17:19', 4, 7), ('Deut 27:26', 4, 5), ('Deut 28:58', 4, 6)]
  32:47: [('Josh 1:11', 5, 7), ('Deut 4:26', 4, 8), ('Deut 30:18', 4, 10)]
  32:48: [('Deut 27:9', 4, 4), ('1Kgs 12:7', 3, 3), ('Exod 6:10', 3, 5)]
  32:49: [('Num 27:12', 7, 10), ('Deut 34:1', 5, 8), ('Num 13:2', 5, 8)]
  32:50: [('Josh 24:33', 3, 1), ('Num 20:23', 3, 4), ('Num 27:13', 3, 6)]
  32:51: [('Num 20:1', 4, 4), ('Num 27:14', 4, 4), ('1Kgs 6:13', 3, 4)]
  32:52: [('Deut 32:49', 3, 6), ('Josh 1:2', 3, 7), ('Num 13:2', 3, 6)]
==== B. THE TWINS DIFFED (shared tokens in order / the longest run)
  32:1 vs Isa 1:2: shared 0 of 7/13; run []
  32:1 vs Deut 31:28: shared 2 of 7/18; run ['השמים']
  32:1 vs Deut 4:26: shared 2 of 7/27; run ['השמים']
  32:1 vs Deut 30:19: shared 2 of 7/19; run ['השמים']
  32:1 vs Ps 50:4: shared 2 of 7/8; run ['השמים']
  32:2 vs Deut 33:28: shared 0 of 12/14; run []
  32:3 vs Ps 29:2: shared 1 of 7/8; run ['הבו']
  32:4 vs Ps 92:16: shared 1 of 14/8; run ['כי']
  32:4 vs Deut 32:15: shared 0 of 14/12; run []
  32:4 vs Deut 32:18: shared 1 of 14/6; run ['אל']
  32:4 vs Deut 32:31: shared 1 of 14/6; run ['כי']
  32:5 vs Deut 32:20: shared 1 of 8/15; run ['לא']
  32:6 vs Deut 32:15: shared 0 of 15/12; run []
  32:6 vs Exod 4:22: shared 0 of 15/9; run []
  32:7 vs Deut 4:32: shared 1 of 13/28; run ['שאל']
  32:7 vs Exod 13:14: shared 0 of 13/17; run []
  32:8 vs Gen 11:8: shared 0 of 12/11; run []
  32:8 vs Gen 10:32: shared 1 of 12/12; run ['בני']
  32:8 vs Gen 46:27: shared 0 of 12/15; run []
  32:9 vs Deut 9:29: shared 0 of 7/9; run []
  32:9 vs Deut 4:20: shared 1 of 7/14; run ['יהוה']
  32:10 vs Deut 8:15: shared 0 of 11/16; run []
  32:10 vs Ps 17:8: shared 1 of 11/7; run ['כאישון']
  32:11 vs Exod 19:4: shared 1 of 12/13; run ['על']
  32:12 vs Num 23:9: shared 0 of 7/13; run []
  32:13 vs Deut 33:29: shared 1 of 13/19; run ['על']
  32:13 vs Deut 8:15: shared 0 of 13/16; run []
  32:13 vs Ps 81:17: shared 1 of 13/6; run ['דבש']
  32:14 vs Gen 49:11: shared 1 of 19/12; run ['בני']
  32:14 vs Deut 3:1: shared 0 of 19/14; run []
  32:15 vs Deut 31:20: shared 0 of 12/22; run []
  32:15 vs Deut 8:14: shared 0 of 12/11; run []
  32:15 vs Deut 33:5: shared 0 of 12/9; run []
  32:15 vs Deut 33:26: shared 1 of 12/8; run ['ישרון']
  32:16 vs Deut 31:16: shared 0 of 4/28; run []
  32:17 vs Lev 17:7: shared 1 of 13/16; run ['יזבחו']
  32:17 vs Deut 29:25: shared 3 of 13/13; run ['לא', 'ידעום']
  32:17 vs Deut 32:21: shared 0 of 13/13; run []
  32:18 vs Deut 32:4: shared 1 of 6/14; run ['אל']
  32:19 vs Deut 31:16: shared 1 of 6/28; run ['יהוה']
  32:20 vs Deut 31:17: shared 3 of 15/27; run ['פני', 'מהם']
  32:20 vs Deut 31:18: shared 2 of 15/16; run ['פני']
  32:20 vs Deut 32:5: shared 1 of 15/8; run ['דור']
  32:21 vs Deut 31:20: shared 1 of 13/22; run ['אל']
  32:21 vs Deut 32:16: shared 0 of 13/4; run []
  32:22 vs Ps 18:8: shared 1 of 14/10; run ['כי']
  32:22 vs Deut 29:19: shared 1 of 14/26; run ['כי']
  32:23 vs Deut 28:15: shared 0 of 6/23; run []
  32:24 vs Lev 26:22: shared 0 of 14/14; run []
  32:25 vs Lev 26:25: shared 1 of 13/15; run ['חרב']
  32:25 vs Deut 28:25: shared 0 of 13/18; run []
  32:26 vs Deut 9:14: shared 0 of 5/14; run []
  32:27 vs Deut 9:28: shared 3 of 16/20; run ['פן', 'יאמרו']
  32:27 vs Num 14:16: shared 1 of 16/14; run ['יהוה']
  32:28 vs Deut 4:6: shared 1 of 8/22; run ['כי']
  32:29 vs Deut 5:29: shared 0 of 6/19; run []
  32:30 vs Lev 26:8: shared 1 of 14/12; run ['רבבה']
  32:30 vs Deut 28:25: shared 1 of 14/18; run ['אחד']
  32:30 vs Josh 23:10: shared 3 of 14/14; run ['ירדף']
  32:30 vs Deut 32:31: shared 2 of 14/6; run ['לא']
  32:31 vs Deut 32:4: shared 1 of 6/14; run ['כי']
  32:32 vs Deut 29:22: shared 1 of 12/24; run ['סדם']
  32:32 vs Gen 19:24: shared 2 of 12/12; run ['סדם']
  32:33 vs Deut 32:24: shared 1 of 6/14; run ['חמת']
  32:34 vs Job 14:17: shared 1 of 6/6; run ['חתם']
  32:35 vs Ps 94:1: shared 0 of 13/6; run []
  32:35 vs Deut 32:41: shared 1 of 13/12; run ['נקם']
  32:36 vs Ps 135:14: shared 7 of 15/7; run ['כי', 'ידין', 'יהוה', 'עמו', 'ועל', 'עבדיו', 'יתנחם']
  32:36 vs Deut 32:1: shared 0 of 15/7; run []
  32:37 vs Judg 10:14: shared 0 of 6/12; run []
  32:38 vs Deut 32:17: shared 0 of 12/13; run []
  32:38 vs Lev 3:16: shared 1 of 12/10; run ['חלב']
  32:39 vs Isa 45:5: shared 3 of 18/10; run ['אני']
  32:39 vs 1Sam 2:6: shared 0 of 18/6; run []
  32:39 vs Deut 4:35: shared 2 of 18/10; run ['כי']
  32:40 vs Gen 14:22: shared 2 of 9/14; run ['אל']
  32:40 vs Exod 6:8: shared 2 of 9/19; run ['אל']
  32:41 vs Lev 26:25: shared 1 of 12/15; run ['נקם']
  32:41 vs Deut 32:35: shared 1 of 12/13; run ['נקם']
  32:42 vs Deut 32:25: shared 0 of 12/13; run []
  32:43 vs Ps 79:10: shared 1 of 13/12; run ['דם']
  32:43 vs Deut 32:1: shared 0 of 13/7; run []
  32:43 vs Deut 32:35: shared 1 of 13/13; run ['כי']
  32:44 vs Deut 31:30: shared 5 of 14/12; run ['דברי', 'השירה', 'הזאת']
  32:44 vs Deut 31:22: shared 4 of 14/11; run ['השירה', 'הזאת']
  32:44 vs Num 13:16: shared 4 of 14/15; run ['בן', 'נון']
  32:45 vs Deut 31:1: shared 7 of 10/9; run ['הדברים', 'האלה', 'אל', 'כל', 'ישראל']
  32:45 vs Deut 31:30: shared 2 of 10/12; run ['משה']
  32:46 vs Deut 6:6: shared 4 of 22/9; run ['אשר', 'אנכי']
  32:46 vs Deut 11:18: shared 1 of 22/17; run ['לבבכם']
  32:46 vs Deut 31:12: shared 8 of 22/24; run ['לעשות', 'את', 'כל', 'דברי', 'התורה', 'הזאת']
  32:47 vs Deut 30:20: shared 5 of 22/25; run ['על', 'האדמה', 'אשר']
  32:47 vs Deut 11:9: shared 5 of 22/16; run ['תאריכו', 'ימים', 'על', 'האדמה', 'אשר']
  32:47 vs Deut 4:40: shared 4 of 22/26; run ['ימים', 'על', 'האדמה', 'אשר']
  32:48 vs Gen 7:13: shared 3 of 8/18; run ['בעצם', 'היום', 'הזה']
  32:48 vs Exod 12:17: shared 3 of 8/19; run ['בעצם', 'היום', 'הזה']
  32:48 vs Deut 31:2: shared 2 of 8/21; run ['היום']
  32:49 vs Num 27:12: shared 10 of 24/16; run ['עלה', 'אל', 'הר', 'העברים', 'הזה']
  32:49 vs Deut 34:1: shared 8 of 24/22; run ['אשר', 'על', 'פני', 'ירחו']
  32:49 vs Num 33:47: shared 2 of 24/8; run ['העברים']
  32:50 vs Num 20:26: shared 1 of 18/13; run ['ומת']
  32:50 vs Num 27:13: shared 6 of 18/11; run ['אל', 'עמיך']
  32:50 vs Deut 34:5: shared 0 of 18/10; run []
  32:51 vs Num 20:12: shared 4 of 20/25; run ['בני', 'ישראל']
  32:51 vs Num 27:14: shared 4 of 20/16; run ['מריבת', 'קדש', 'מדבר', 'צן']
  32:51 vs Num 20:24: shared 2 of 20/20; run ['על', 'אשר']
  32:52 vs Deut 34:4: shared 3 of 15/18; run ['ושמה', 'לא']
  32:52 vs Deut 3:27: shared 2 of 15/17; run ['כי']
  32:52 vs Deut 31:2: shared 1 of 15/21; run ['את']
  32:52 vs Num 20:12: shared 4 of 15/25; run ['אל', 'הארץ', 'אשר']
==== C. THE FORMULAS OVER THE TORAH AND THE BIBLE (phrase seats by consonants; the lists cut to fourteen, the counts whole)
  give ear, O heavens (haazinu ha-shamayim): Torah 1 ['Deut 32:1'] | Bible 1 ['Deut 32:1']
  and hear, O earth (ve-tishma ha-aretz): Torah 1 ['Deut 32:1'] | Bible 1 ['Deut 32:1']
  the Rock (ha-tzur): Torah 4 ['Deut 32:4', 'Exod 17:6', 'Exod 33:21', 'Exod 33:22'] | Bible 8 ['2Sam 21:10', 'Deut 32:4', 'Exod 17:6', 'Exod 33:21', 'Exod 33:22', 'Judg 13:19', 'Judg 6:21', 'Ps 114:8']
  a perverse and crooked generation (dor ikkesh u-fetaltol): Torah 1 ['Deut 32:5'] | Bible 1 ['Deut 32:5']
  the apple of His eye (ke-ishon eino): Torah 1 ['Deut 32:10'] | Bible 1 ['Deut 32:10']
  as an eagle (ke-nesher): Torah 1 ['Deut 32:11'] | Bible 11 ['Deut 32:11', 'Hab 1:8', 'Hos 8:1', 'Jer 48:40', 'Jer 49:16', 'Jer 49:22', 'Job 9:26', 'Mic 1:16', 'Obad 1:4', 'Prov 23:5', 'Ps 103:5']
  honey from the rock (devash mi-sela): Torah 1 ['Deut 32:13'] | Bible 1 ['Deut 32:13']
  Jeshurun (yeshurun): Torah 2 ['Deut 32:15', 'Deut 33:26'] | Bible 2 ['Deut 32:15', 'Deut 33:26']
  I will hide My face (astirah fanai): Torah 1 ['Deut 32:20'] | Bible 1 ['Deut 32:20']
  vengeance and recompense (nakam ve-shillem): Torah 1 ['Deut 32:35'] | Bible 1 ['Deut 32:35']
  vengeance is Mine (li nakam): Torah 1 ['Deut 32:35'] | Bible 1 ['Deut 32:35']
  I kill and I make alive (amit va-achayeh): Torah 1 ['Deut 32:39'] | Bible 1 ['Deut 32:39']
  I lift My hand to heaven (esa el shamayim yadi): Torah 1 ['Deut 32:40'] | Bible 1 ['Deut 32:40']
  the selfsame day (be-etzem ha-yom ha-zeh): Torah 11 ['Deut 32:48', 'Exod 12:17', 'Exod 12:41', 'Exod 12:51', 'Gen 17:23', 'Gen 17:26', 'Gen 7:13', 'Lev 23:21', 'Lev 23:28', 'Lev 23:29', 'Lev 23:30'] | Bible 14 ['Deut 32:48', 'Exod 12:17', 'Exod 12:41', 'Exod 12:51', 'Ezek 24:2', 'Ezek 40:1', 'Gen 17:23', 'Gen 17:26', 'Gen 7:13', 'Josh 5:11', 'Lev 23:21', 'Lev 23:28', 'Lev 23:29', 'Lev 23:30']
  the mountain of the Abarim (har ha-avarim): Torah 2 ['Deut 32:49', 'Num 27:12'] | Bible 2 ['Deut 32:49', 'Num 27:12']
  Mount Nebo (har nevo): Torah 2 ['Deut 32:49', 'Deut 34:1'] | Bible 2 ['Deut 32:49', 'Deut 34:1']
  gathered to your people (ve-heasef el ammekha): Torah 1 ['Deut 32:50'] | Bible 1 ['Deut 32:50']
  as Aaron your brother died (kaasher met aharon achikha): Torah 1 ['Deut 32:50'] | Bible 1 ['Deut 32:50']
  Meribath-kadesh (merivat kadesh): Torah 2 ['Deut 32:51', 'Num 27:14'] | Bible 3 ['Deut 32:51', 'Ezek 48:28', 'Num 27:14']
  the wilderness of Zin (midbar tzin): Torah 2 ['Num 27:14', 'Num 33:36'] | Bible 2 ['Num 27:14', 'Num 33:36']
  you shall not go there (ve-shammah lo tavo): Torah 1 ['Deut 32:52'] | Bible 1 ['Deut 32:52']
  and no god beside Me (ve-ein elohim immadi): Torah 1 ['Deut 32:39'] | Bible 1 ['Deut 32:39']
  Sodom and Gomorrah (sedom va-amorah): Torah 5 ['Deut 29:22', 'Gen 14:10', 'Gen 14:11', 'Gen 18:20', 'Gen 19:28'] | Bible 6 ['Deut 29:22', 'Gen 14:10', 'Gen 14:11', 'Gen 18:20', 'Gen 19:28', 'Jer 49:18']
  the blood of the grape (dam enav): Torah 0 [] | Bible 0 []
  gods they knew not (elohim lo yedaum): Torah 1 ['Deut 32:17'] | Bible 1 ['Deut 32:17']
  the days of old (yemot olam): Torah 1 ['Deut 32:7'] | Bible 1 ['Deut 32:7']
  the Most High (elyon): Torah 8 ['Deut 26:19', 'Deut 28:1', 'Deut 32:8', 'Gen 14:18', 'Gen 14:19', 'Gen 14:20', 'Gen 14:22', 'Num 24:16'] | Bible 32 ['1Kgs 9:8', '2Chr 7:21', 'Deut 26:19', 'Deut 28:1', 'Deut 32:8', 'Gen 14:18', 'Gen 14:19', 'Gen 14:20', 'Gen 14:22', 'Josh 16:5', 'Lam 3:35', 'Lam 3:38', 'Num 24:16', 'Ps 107:11']
  this song (ha-shirah ha-zot): Torah 7 ['Deut 31:19', 'Deut 31:21', 'Deut 31:22', 'Deut 31:30', 'Deut 32:44', 'Exod 15:1', 'Num 21:17'] | Bible 9 ['2Sam 22:1', 'Deut 31:19', 'Deut 31:21', 'Deut 31:22', 'Deut 31:30', 'Deut 32:44', 'Exod 15:1', 'Num 21:17', 'Ps 18:1']
  set your heart (simu levavkhem): Torah 1 ['Deut 32:46'] | Bible 4 ['Deut 32:46', 'Hag 1:5', 'Hag 1:7', 'Hag 2:18']
  it is your life (hu chayyekhem): Torah 1 ['Deut 32:47'] | Bible 1 ['Deut 32:47']
  you shall prolong days (taarikhu yamim): Torah 2 ['Deut 11:9', 'Deut 32:47'] | Bible 2 ['Deut 11:9', 'Deut 32:47']
  the number of the children of Israel (le-mispar bene yisrael): Torah 1 ['Deut 32:8'] | Bible 1 ['Deut 32:8']
  who made him (asahu): Torah 2 ['Deut 32:15', 'Exod 18:18'] | Bible 11 ['Deut 32:15', 'Exod 18:18', 'Hos 8:14', 'Hos 8:6', 'Isa 17:7', 'Isa 27:11', 'Isa 44:15', 'Job 31:15', 'Prov 14:31', 'Prov 17:5', 'Ps 95:5']
  the sword without (mi-chutz ... cherev): Torah 1 ['Deut 32:25'] | Bible 1 ['Deut 32:25']
  a nation void of counsel (goy oved etzot): Torah 1 ['Deut 32:28'] | Bible 1 ['Deut 32:28']
  the venom of asps (rosh petanim): Torah 0 [] | Bible 1 ['Job 20:16']
  by the hand of Moses (be-yad moshe): Torah 16 ['Exod 34:29', 'Exod 35:29', 'Exod 9:35', 'Lev 10:11', 'Lev 26:46', 'Lev 8:36', 'Num 10:13', 'Num 15:23', 'Num 17:5', 'Num 27:23', 'Num 33:1', 'Num 36:13', 'Num 4:37', 'Num 4:45'] | Bible 31 ['1Kgs 8:53', '1Kgs 8:56', '2Chr 33:8', '2Chr 34:14', '2Chr 35:6', 'Exod 34:29', 'Exod 35:29', 'Exod 9:35', 'Josh 14:2', 'Josh 20:2', 'Josh 21:2', 'Josh 21:8', 'Josh 22:9', 'Judg 3:4']
  in the ears of the people (be-oznei ha-am): Torah 3 ['Deut 32:44', 'Exod 11:2', 'Exod 24:7'] | Bible 11 ['1Sam 11:4', '2Kgs 18:26', 'Deut 32:44', 'Exod 11:2', 'Exod 24:7', 'Isa 36:11', 'Jer 36:13', 'Jer 36:14', 'Jer 36:6', 'Judg 7:3', 'Neh 13:1']
  single tokens (the chapter) — "rock" (tzur forms): [(32, 4, 'הצור'), (32, 13, 'צור'), (32, 15, 'צור'), (32, 18, 'צור'), (32, 30, 'צורם'), (32, 31, 'כצורנו'), (32, 31, 'צורם'), (32, 37, 'צור')] | "God" (el / eloah / elohim forms): [(32, 4, 'אל'), (32, 12, 'אל'), (32, 15, 'אלוה'), (32, 17, 'אלה'), (32, 17, 'אלהים'), (32, 18, 'אל'), (32, 21, 'אל'), (32, 39, 'אלהים'), (32, 40, 'אל'), (32, 45, 'אל'), (32, 48, 'אל'), (32, 49, 'אל'), (32, 50, 'אל'), (32, 50, 'אל'), (32, 52, 'אל')] | the Name bare / with lamed / with vav: [(32, 3, 'יהוה'), (32, 6, 'ליהוה'), (32, 9, 'יהוה'), (32, 12, 'יהוה'), (32, 19, 'יהוה'), (32, 27, 'יהוה'), (32, 30, 'ויהוה'), (32, 36, 'יהוה'), (32, 48, 'יהוה')]
  "Sheol" / "Jeshurun" / "Bashan" / "Hoshea" / "Nebo" / "Meribah" seats: [(32, 14, 'בשן'), (32, 15, 'ישרון'), (32, 22, 'שאול'), (32, 44, 'והושע'), (32, 49, 'נבו'), (32, 51, 'מריבת')] | "vengeance" (nakam forms): [(32, 35, 'נקם'), (32, 41, 'נקם'), (32, 43, 'ונקם')] | "the Most High": [(32, 8, 'עליון')]
  "you shall not / not" (the negations): {32: 12} | "for/when" (ki) count: 19 | "if" (im) seats: [(32, 30), (32, 41)] | "lest" (pen) seats: [(32, 27)] | "saying" seats: [(32, 48)]
  32:8 tokens: ['בהנחל', 'עליון', 'גוים', 'בהפרידו', 'בני', 'אדם', 'יצב', 'גבלת', 'עמים', 'למספר', 'בני', 'ישראל'] | 32:15: ['וישמן', 'ישרון', 'ויבעט', 'שמנת', 'עבית', 'כשית', 'ויטש', 'אלוה', 'עשהו', 'וינבל', 'צור', 'ישעתו'] | 32:30: ['איכה', 'ירדף', 'אחד', 'אלף', 'ושנים', 'יניסו', 'רבבה', 'אם', 'לא', 'כי', 'צורם', 'מכרם', 'ויהוה', 'הסגירם'] | 32:43: ['הרנינו', 'גוים', 'עמו', 'כי', 'דם', 'עבדיו', 'יקום', 'ונקם', 'ישיב', 'לצריו', 'וכפר', 'אדמתו', 'עמו'] | 32:44: ['ויבא', 'משה', 'וידבר', 'את', 'כל', 'דברי', 'השירה', 'הזאת', 'באזני', 'העם', 'הוא', 'והושע', 'בן', 'נון'] | 32:48: ['וידבר', 'יהוה', 'אל', 'משה', 'בעצם', 'היום', 'הזה', 'לאמר'] | 32:13 (the store one more): ['ירכבהו', 'על', 'במותי', 'ארץ', 'ויאכל', 'תנובת', 'שדי', 'וינקהו', 'דבש', 'מסלע', 'ושמן', 'מחלמיש', 'צור']
==== D. ONKELOS OVER THE BOOK (the plain Aramaic of every export row through NFKC; EXPORT verse numbers)
  the Rock — takifa (the Mighty One): 22 [(4, 34), (4, 38), (5, 15), (6, 21), (7, 1), (7, 8), (8, 15), (9, 1), (9, 26), (11, 2), (11, 23), (26, 8), (28, 23), (31, 6), (32, 4), (32, 13), (32, 14), (32, 15), (32, 18), (32, 27), (32, 30), (32, 37)]
  the Shekhinah: 1 [(31, 17)]
  the Memra (the Word): 91 [(1, 5), (1, 6), (1, 9), (1, 16), (1, 26), (1, 28), (1, 32), (1, 34), (1, 37), (1, 43), (2, 2), (2, 4), (2, 7), (2, 17), (2, 26), (3, 18), (3, 21), (3, 22), (3, 23), (4, 24), (4, 30), (4, 33), (4, 36), (4, 37)]
  other gods — the errors (taavat): 35 [(4, 28), (6, 14), (7, 4), (7, 5), (7, 16), (7, 25), (8, 19), (11, 16), (11, 28), (12, 2), (12, 3), (12, 30), (12, 31), (13, 3), (13, 7), (13, 8), (13, 14), (17, 3), (18, 9), (18, 20), (20, 18), (28, 14), (28, 36), (28, 64)]
  vengeance — puranuta (retribution): 0 []
  hide the face — aslek (I will remove): 3 [(31, 17), (31, 18), (32, 20)]
  the song — tushbachta: 2 [(31, 22), (31, 30)]
  the Torah — oraita: 25 [(1, 5), (4, 8), (4, 44), (17, 11), (17, 18), (17, 19), (27, 3), (27, 8), (27, 26), (28, 58), (28, 61), (29, 20), (29, 28), (30, 10), (31, 9), (31, 11), (31, 12), (31, 24), (31, 26), (32, 6), (32, 10), (32, 46), (33, 2), (33, 4)]
  the world — alma (the age / the world to come): 5 [(32, 7), (32, 12), (32, 40), (33, 6), (33, 27)]
  the mountain — tura: 51 [(1, 2), (1, 6), (1, 7), (1, 19), (1, 20), (1, 24), (1, 41), (1, 43), (1, 44), (2, 1), (2, 3), (2, 5), (2, 37), (3, 8), (3, 9), (3, 12), (3, 25), (4, 11), (4, 48), (5, 4), (5, 5), (5, 19), (5, 20), (8, 7)]
  Meribah — matzuta (the strife): 2 [(32, 51), (33, 8)]
  demons — shedin: 0 []
  the eagle — nishra: 3 [(14, 12), (28, 49), (32, 11)]
  Jeshurun rendered Israel (yisrael in 32:15): 70 [(1, 1), (1, 3), (1, 38), (2, 12), (3, 18), (4, 1), (4, 44), (4, 45), (4, 46), (5, 1), (6, 3), (6, 4), (9, 1), (10, 6), (10, 12), (11, 6), (13, 12), (15, 12), (17, 4), (17, 12), (17, 20), (18, 1), (18, 6), (19, 13)]
  Sheol: 1 [(32, 22)]
  the fat — tarba: 6 [(21, 12), (23, 20), (23, 21), (32, 27), (32, 38), (33, 24)]
  32:1 HE 7 ARM 7: אציתו שמיא ואמלל ותשמע ארעא אמרי פמי
  32:4 HE 14 ARM 19: תקיפא דשלמין עובדוהי ארי כל ארחתיה דינא אלהא מהימנא דמן קדמוהי עולה לא נפק דמן קדם זכי וקשיט הוא
  32:8 HE 12 ARM 12: באחסנא עלאה עממיא בפרשותיה בני אנשא קיים תחומי עממיא למנין בני ישראל
  32:9 HE 7 ARM 7: ארי חלקא דיי עמיה יעקב עדב אחסנתיה
  32:10 HE 11 ARM 20: ספיק צרכיהון בארעא מדברא ובית צחונא אתר די לית מיא אשרנון סחור סחור לשכנתיה אלפנון פתגמי אוריתא נטרנון כבבת עיניהון
  32:12 HE 7 ARM 13: יי בלחודוהי עתיד לאשריותהון בעלמא דהוא עתיד לאתחדתא ולא יתקים קדמוהי פלחן טעון
  32:14 HE 19 ARM 20: יהב להון בזת מלכיהון ושליטיהון עם עתר רברביהון ותקיפיהון עמא דארעהון ואחסנתהון עם בזת חיליהון ומשריתהון ודם גבריהון יתשד כמיא
  32:15 HE 12 ARM 15: ועתר ישראל ובעט אצלח תקוף קנא נכסין ושבק פלחן אלהא דעבדיה וארגז קדם תקיפא דפרקיה
  32:17 HE 13 ARM 16: דבחו לשדין דלית בהון צרוך דחלן דלא ידענון חדתא די מקריב אתעבידא לא אתעסקו בהון אבהתכון
  32:20 HE 15 ARM 17: ואמר אסלק שכנתי מנהון גלי קדמי מא יהי בסופיהון ארי דרא דאשניו אנון בניא דלית בהון הימנו
  32:21 HE 13 ARM 16: אנון אקניאו קדמי בלא דחלא ארגיזו קדמי בפלחן טעון ואנא אקננון בלא עם בעמא טפשא ארגזנון
  32:22 HE 14 ARM 18: ארי קדום תקיף כאשא נפק מקדמי ברגז ושצי עד שאול ארעית ואסף ארעא ועללתה ושצית עד סיפי טוריא
  32:24 HE 14 ARM 17: נפיחי כפן ואכולי עוף וכתישי רוחין בישן ושן חיות ברא אגרי בהון עם חמת תניניא דזחלין בעפרא
  32:30 HE 14 ARM 13: אכדין ירדוף חד אלפא ותרין יערקון לרבותא אלהן ארי תקיפהון מסרנון ויי אשלמנון
  32:32 HE 12 ARM 15: ארי כפרענות עמא דסדום פרענותהון ולקותהון כעם עמרה מחתהון בישין כרישי חוין ותשלמת עובדיהון כמררותהון
  32:35 HE 13 ARM 14: קדמי פרענותא ואנא אשלם לעדן דיגלון מארעהון ארי קריב יום תברהון ומבע דעתיד להון
  32:36 HE 15 ARM 20: ארי ידין יי דינא דעמיה ופרענות עבדוהי צדיקיא יתפרע ארי גלי קדמוהי דבעדן דתתקף עליהון מחת סנאה יהון מטלטלין ושביקין
  32:39 HE 18 ARM 20: חזו כען ארי אנא אנא הוא ולית אלה בר מני אנא ממית ומחיי מחינא ואף מסינא ולית מן ידי משזב
  32:40 HE 9 ARM 9: ארי אתקנית בשמיא בית שכנתי ואמרית קים אנא לעלמין
  32:43 HE 13 ARM 16: שבחו עממיא עמיה ארי פרענות עבדוהי צדיקיא יתפרע ופרענות יתיב לסנאוהי ויכפר על ארעיה ועל עמיה
  32:44 HE 14 ARM 14: ואתא משה ומליל ית כל פתגמי תשבחתא הדא קדם עמא הוא והושע בר נון
  32:48 HE 8 ARM 8: ומליל יי עם משה בכרן יומא הדין למימר
  32:50 HE 18 ARM 16: ומות בטורא די את סלק לתמן ותתכנש לעמך כמא דמית אהרן אחוך בהור טורא ואתכניש לעמיה
  32:51 HE 20 ARM 20: על די שקרתון במימרי בגו בני ישראל במי מצות רקם מדברא דצן על די לא קדשתון יתי בגו בני ישראל
==== E. THE FRAMES, THE REGISTER AND THE PARSER
  imperatives: [(32, 1, 'האזינו'), (32, 3, 'הבו'), (32, 7, 'זכר'), (32, 7, 'בינו'), (32, 7, 'שאל'), (32, 39, 'ראו'), (32, 43, 'הרנינו'), (32, 46, 'שימו'), (32, 49, 'עלה'), (32, 49, 'וראה'), (32, 50, 'ומת'), (32, 50, 'והאסף')] | infinitive absolutes: []
  the morph codes at 32:1 and 32:7 (the dump's imperative scan printed empty — the codes read): [('האזינו', 'HVhv2mp'), ('השמים', 'HTd/Ncmpa'), ('ואדברה', 'HC/Vph1cs')] [('זכר', 'HVqv2ms'), ('ימות', 'HNcmpc'), ('עולם', 'HNcmsa'), ('בינו', 'HVqv2mp')]
  chapter 32: the Name bare / with lamed / "your God" pairs: 7 1 []
  the register on Deut 32 — receipts: [] | footers: [] | headers: []
  the parser's hits: {(32, 15): ([8], [], []), (32, 30): ([1, 1002], [], ['אחד|'])} | 32:15 "grew fat" (the false eight): ['וישמן', 'ישרון', 'ויבעט', 'שמנת', 'עבית'] | 32:30 "one … a thousand … two … ten thousand": ['איכה', 'ירדף', 'אחד|', 'אלף', 'ושנים', 'יניסו', 'רבבה'] | 32:8 "the number": ['למספר', 'בני', 'ישראל'] | 32:48 "the selfsame day": ['וידבר', 'יהוה', 'אל', 'משה', 'בעצם', 'היום', 'הזה']
==== F. THE PRIOR READS (computed from the ledgers)
  spine rows read before: 37 [(306, 1), (306, 2), (306, 4), (306, 6), (306, 9), (306, 14), (306, 15), (306, 16), (306, 23), (306, 25), (306, 27), (306, 37), (307, 1), (311, 1), (311, 5), (312, 1), (313, 1), (313, 2), (313, 15), (314, 2), (317, 2), (318, 1), (318, 16), (319, 3), (322, 2), (323, 1), (326, 1), (334, 1), (336, 2), (337, 1)] | the ledgers: ['deu_01_03_devarim_2026-09-15.md', 'deu_04_vaetchanan_2026-09-16.md', 'deu_05_vaetchanan_2026-09-16.md', 'deu_06_vaetchanan_2026-09-17.md', 'deu_08_ekev_2026-09-18.md', 'deu_09_ekev_2026-09-19.md', 'deu_10_ekev_2026-09-19.md', 'deu_11_ekev_reeh_2026-09-20.md', 'deu_14_reeh_2026-09-21.md', 'deu_17_18_shoftim_2026-09-24.md', 'deu_19_21_shoftim_ki_teitzei_2026-09-24.md', 'deu_22_25_ki_teitzei_2026-09-25.md', 'deu_26_28_ki_tavo_2026-09-26.md', 'deu_29_31_nitzavim_vayelech_2026-09-27.md', 'gen_04_lights_calendar_2026-07-30.md', 'gen_08_toledot_garden_first_rule_2026-08-24.md', 'gen_12_cain_abel_2026-08-26.md', 'gen_14_adam_line_ledger_2026-08-26.md', 'gen_15_flood_prologue_2026-08-26.md', 'gen_17_boarding_2026-08-25.md', 'gen_25_babel_2026-08-25.md', 'gen_27_the_call_2026-08-25.md', 'gen_29_separation_promise_2026-08-25.md', 'gen_31_covenant_pieces_2026-08-25.md']
  outside rows read before: {(1, 1): ['deu_01_03_devarim_2026-09-15.md', 'deu_29_31_nitzavim_vayelech_2026-09-27.md'], (37, 11): ['deu_01_03_devarim_2026-09-15.md', 'deu_11_ekev_reeh_2026-09-20.md'], (39, 11): ['deu_11_ekev_reeh_2026-09-20.md'], (43, 24): ['deu_11_ekev_reeh_2026-09-20.md'], (48, 2): ['deu_04_vaetchanan_2026-09-16.md', 'deu_11_ekev_reeh_2026-09-20.md'], (48, 10): ['deu_08_ekev_2026-09-18.md', 'deu_11_ekev_reeh_2026-09-20.md'], (342, 1): ['deu_09_ekev_2026-09-19.md'], (355, 6): ['gen_22_covenant_bow_2026-08-25.md']} | fresh: [(346, 2), (356, 5), (357, 27)]
  ledgers with an Onkelos row of Deut 32-34 or the Prophets (never read ahead — expected none): []
  the kin ledgers' Onkelos row counts: [('deu_04_vaetchanan_2026-09-16.md', 49), ('deu_08_ekev_2026-09-18.md', 20), ('deu_26_28_ki_tavo_2026-09-26.md', 69), ('deu_29_31_nitzavim_vayelech_2026-09-27.md', 30), ('lev_26_blessings_curses_2026-09-05.md', 44), ('num_20_meribah_edom_aaron_2026-09-11.md', 29), ('num_27_zelophehad_joshua_2026-09-09.md', 23), ('num_33_journeys_2026-09-12.md', 56)]
  the store mismatches: [(32, 13, 14, 13)] | token counts: {32: 615} | distinct glosses: {32: 420} | "?" glosses: [(32, 39, 'אני'), (32, 39, 'אני'), (32, 39, 'אני'), (32, 40, 'אנכי'), (32, 46, 'אנכי'), (32, 49, 'אני'), (32, 52, 'אני')]
THE LEAN MEASURE PRINTED
