
THE CONSECRATION, SUBSTITUTION, AND DEVOTION MACHINE COMPILES — the two substitution verbs, "beast for beast," "it and its substitute" at the vow and the tithe, the fifth censused five times, the partitive "from all that he has," the ordinal tenth under the rod; three calls into sister engines: the Jubilee engine's tithe naming and the Passover engine's firstling donkey.
THE TOKENS (printed before they are asserted): {32: 615}
THE INK (printed before it is asserted): PARSE {(32, 15): ([8], [], []), (32, 30): ([1, 1002], [], ['אחד|'])}, NUMV [(32, 15), (32, 30)], ORDV [], STARV [(32, 30)], TOKN {32: 615}
THE NEGATIONS AND THE NAME (printed before they are asserted): {(32, 5): ['לא'], (32, 6): ['ולא'], (32, 17): ['לא', 'לא', 'לא'], (32, 20): ['לא'], (32, 27): ['ולא'], (32, 30): ['לא'], (32, 31): ['לא'], (32, 47): ['לא'], (32, 51): ['לא'], (32, 52): ['לא']} 7
THE CLOCK (printed before it is asserted): {'counter': (40, 12, 7), 'marker': None, 'marker_verse': None, 'marker_at': None, 'days_walked': 0, 'the_day_by': "19b's marker at Deut 31:1 (the number's verse 31:2) — the_death_date_of_moses on the calendar's keys", 'clock_data': ['the_death_date_of_moses']}
THE SCANS (printed before they are asserted): holes {'israel_people': [], 'yehoshua': [], 'moses': []}; the kin counts {'barred_from_the_land': 2, 'gathered_to_his_people': 5, 'became_the_lords_people_this_day': 2, 'lord_declared_israel_treasure_people': 1, 'treasured_people': 1, 'other_gods_barred': 1, 'manna_provided': 1, 'water_from_the_rock': 2, 'eagle_nation_devours': 1, 'few_in_number_left': 1, 'scattered_among_all_peoples': 1, 'serving_wood_and_stone_among_nations': 1, 'sold_and_none_buys': 1, 'sons_flesh_eaten_in_siege': 1, 'pestilence_cleaving': 1, 'sword_blight_mildew_sent': 1, 'trembling_heart_no_rest': 1, 'plagues_made_wonderful': 1, 'innocent_blood_atoned': 1, 'two_witnesses_required': 1, 'two_or_three_witnesses_required': 1, 'one_witness_barred': 1, 'witnesses_inquiry_commanded': 1, 'plotting_witness_talion_commanded': 1, 'song_sung': 1, 'song_writing_commanded': 1, 'song_taught_and_put_in_mouths_commanded': 1, 'song_a_witness_against_israel': 1, 'song_written_and_taught_by_moses': 1, 'song_spoken_to_the_assembly_to_its_end': 1, 'book_a_witness_against_israel': 1, 'future_whoring_after_foreign_gods_foretold': 1, 'covenant_breaking_foretold': 1, 'evils_and_troubles_befall_foretold': 1, 'corruption_after_moses_death_foretold': 1, 'moses_to_sleep_with_the_fathers': 1, 'moses_days_approach_to_die': 1, 'joshua_commissioned_to_bring_israel_in': 1, 'land_brimstone_salt_like_sodom': 1, 'hidden_things_the_lords': 1, 'shema_commanded': 1, 'hakhel_children_hear_and_learn_commanded': 1, 'serpents_sent': 1, 'healed': 2, 'atoned_forgiven': 7, 'sevenfold_vengeance': 1, 'blood_required': 1, 'scattered': 1, 'building_ceased': 1, 'no_share_in_the_world_to_come': 3, 'only_noah_remained': 1, 'famine': 3, 'rain_in_its_season': 2, 'heavens_good_treasure_opened': 1, 'curses_of_the_book_on_the_idolater': 1, 'hidden_idolater_unpardoned': 1, 'heart_turning_to_other_gods_barred': 1, 'enemies_flee_seven_ways': 1, 'smitten_before_enemies_seven_ways': 1, 'nations_dispossessed_as_sihon_and_og_promised': 1, 'holy_people_promised': 1, 'established_holy_people': 1}; the reuses {'heaven_and_earth_witness': 4, 'face_hidden_and_forsaken_foretold': 1, 'length_of_days_on_the_land_promised': 1}; the entities {'barred_from_the_land': ['aaron', 'moses'], 'gathered_to_his_people': ['aaron', 'abraham', 'isaac', 'ishmael', 'jacob'], 'became_the_lords_people_this_day': ['israel_people'], 'lord_declared_israel_treasure_people': ['israel_people'], 'treasured_people': ['israel_people'], 'other_gods_barred': ['israel_people'], 'manna_provided': ['israel_people'], 'water_from_the_rock': ['israel_people'], 'heaven_and_earth_witness': ['israel_people'], 'face_hidden_and_forsaken_foretold': ['israel_people'], 'length_of_days_on_the_land_promised': ['israel_people'], 'garments_transferred_and_aaron_died': [], 'invested_office': ['aaron-and-sons', 'eleazar_son_of_aaron', 'pinchas', 'the-firstborn', 'the_levites', 'yehoshua'], 'song_spoken_to_the_assembly_to_its_end': ['israel_people']}
THE TWINS DIFFED (printed before they are asserted): {'32:36 vs Ps 135:14': 7, '32:49 vs Num 27:12': 10, '32:45 vs 31:1': 7, '32:46 vs 31:12': 8, '32:47 vs 11:9': 5, '32:48 vs Gen 7:13': 3, '32:48 vs Exod 12:41': 3, '32:44 vs 31:30': 5, '32:44 vs Num 13:16': 4, '32:51 vs Num 27:14': 4, '32:51 vs Num 20:12': 4, '32:50 vs Num 20:28': 2, '32:1 vs 31:28': 2, '32:1 vs 4:26': 2, '32:1 vs Isa 1:2': 0, '32:11 vs Exod 19:4': 1, '32:15 vs 31:20': 0, '32:20 vs 31:17': 3, '32:17 vs 29:25': 3, '32:8 vs Gen 11:8': 0, '32:24 vs Lev 26:22': 0, '32:30 vs Lev 26:8': 1, '32:30 vs Josh 23:10': 3, '32:32 vs 29:22': 1, '32:39 vs 6:4': 0, '32:43 vs Num 35:33': 1, '32:52 vs 34:4': 3, '32:49 vs 3:27': 2, '32:13 vs 8:15': 0, '32:21 vs 28:49': 0, '32:27 vs 9:28': 3, '32:12 vs Num 23:9': 0, '32:6 vs Exod 15:16': 1}
THE CALLEES' FACTS (printed before they are asserted — 100):
  FACT OH_CHAIN = {'this_chapter': 'Deut 4:26', 'the_chain': ['Deut 4:26', 'Deut 30:19', 'Deut 31:28', 'Deut 32:1']}
  FACT OH_HOST = "the host apportioned (4:19) — with 29:25 by the Sifrei 148:8's pair; Rav's reading (Avodah Zarah 55a): a DATA note, no link of our own"
  FACT OH_WIT = "the case head (4:25) — THE CHAPTER'S ONE CASE: 'when' with the imperfect; the arms DATA; the exile hastened by two years (Gittin 88a)"
  FACT CR_SATED = "when they eat and are sated and grow fat and turn (31:20) — satiety before rebellion, 8:12-14's kin (good_land — the growth's list (8:12-13) — ), the
  FACT CR_HIDE = "My anger kindled, I will forsake them and hide My face (31:17) — Onkelos's Shekhinah removed, the face hidden the negative arm of the tent's glory (t
  FACT CR_SPOKE = "Moses spoke the words of this song in the ears of all the assembly, to their end (31:30) — the song's frame opened, 32:44's closing frame ahead with 
  FACT CR_LIFE = "choose life, love, hearken and cleave — the length of days (30:19-20) — the chapter's one imperative on the pair (the Sifrei 53:1's two ways), the cl
  FACT CR_AHEAD = {'the_text': "Deut 32:1-43 — sitting 20's reading and its compile", 'the_closing_frame': "Deut 32:44 — 'and Moses came and spoke all the words of this
  FACT CR_GIFTS = "THREE GIFTS BY THREE MERITS — the well by Miriam's, the pillar of cloud by Aaron's, the manna by Moses': Miriam died, the well ceased and returned by
  FACT CR_DEATH = "THE SEVENTH OF ADAR OF THE FORTIETH YEAR — the year the ink's (Exodus 7:7's eighty at the exodus + the forty years = the hundred and twentieth), the 
  FACT CR_STATE = {'the_settings_of_one_state': ['Deut 11:26-28 (a blessing and a curse)', "Deut 28:1 / 28:15 (the hearkening — 18b's state row)", 'Deut 30:15-18 (life 
  FACT CR_WITS = {'heaven_and_earth': ['Deut 4:26', 'Deut 30:19', 'Deut 31:28', 'Deut 32:1'], 'the_song': 'Deut 31:19, 31:21 — song_a_witness_against_israel', 'the_boo
  FACT GL_WILD = "the great and terrible wilderness (8:15) — 1:19's phrase (the two seats of the wilderness; five the God and the day): opening_speech's readback row 1
  FACT GL_FLINT = "the rock of flint (8:15) — 'who brought you water out of the rock of flint': Exodus' rock-word (17:6 — the tape's rock_struck) with the flint added (
  FACT GL_MANNA = "the manna to do you good (8:16) — 'who fed you manna … to humble you and to test you, to do you good in your end': 8:3's doublet with the purpose sup
  FACT GL_FORGET = "if you surely forget (8:19) — the infinitive absolute, the forget-lemma's one such form in the Bible; the case token 'if' with 'and it shall be'; the
  FACT GL_ROCKS = {'exodus': "Exodus 17:6 'you shall strike THE ROCK (tzur)' — 8:15's word, with the flint (the lemma 6697 at both)", 'numbers': "Numbers 20:8-11 'speak
  FACT GL_HONEY = {'the_verse': "'a land of olive oil and honey' (8:8) — 'flowing with milk and honey' twenty seats in the Bible, none in the chapter; the honey the FRU
  FACT GL_R = []
  FACT ES_TREASURE = 4
  FACT ES_TEN = 10
  FACT ES_BIRTH = (12, 7)
  FACT RW_ONE = "one witness for any iniquity (19:15) — the general rule from the particular (I3): in capital cases, money, offerings and lashes one witness stands no
  FACT PP_NEST = 'the hovering mother, even one fledgling, the return even five times, the mother taken and the young sent'
  FACT PP_VINE = "routed here from Leviticus 19:19's cell — the institution's seat; Kilayim's parameters owed"
  FACT CP_TWO = "two witnesses for every death (17:6) — 'shall the dead die' every capital case, men not women (the Sifrei 150:1, 190:3; refuge's two_by_the_prototype
  FACT CP_SEVEN = "the seven investigations (17:4) — 'well' 'well' the analogy with 13:15 at three verses: the seven investigations, the probes, the contradiction rule 
  FACT CP_ACTS = "the three acts and the associator (17:3) — the goer, the server, the bower each liable; the associator by 28:14; the host not apportioned (the Sifrei
  FACT RF_ONE = 'two_by_the_prototype'
  FACT RF_ATONE = 'by_the_shedders_blood'
  FACT RF_TABLE = 'computed_from_the_tokens'
  FACT RF_RANSOM = 'refused_twice'
  FACT OR_KEYS = []
  FACT CK_DATES = 'Aaron (40, 5, 1) by the ink, aged 123; Miriam the tenth of Nisan by the shelf; Moses the seventh of Adar (33:38-39; Seder Olam 10:2)'
  FACT CK_SUCC = 'the garments to Eleazar and the office with them — Exod 29:29-30 run at Mount Hor (20:26-28)'
  FACT CK_AGE = 'Aaron 123 at his death (33:39 — [123])'
  FACT CK_SENT = "barred from the land — Moses and Aaron; Aaron's closed at 20:28, Moses' at Deut 34 (20:12)"
  FACT CK_SEATS = 'Meribah at 6 seats — Exod 17:7 the first, Num 20:13 the second (computed)'
  FACT CK_KISS = 'Miriam too by the kiss — "there" / "there" with Deut 34:5 (Bava Batra 17a)'
  FACT CK_DIED = 'died for their sin — had they believed, their time had not come (Shabbat 55b; Yoma 87a)'
  FACT OS_MTN = "the mountain of Abarim (27:12) — Nebo and Pisgah its other names (34:1 one mountain): Deuteronomy 3:27's Pisgah the retelling of this command, READ B
  FACT OS_SENT = "Meribah cited (27:14) — 20:12's sentence pointed to, the barred entry on Moses OPEN read (CK by CALL); no second write"
  FACT OS_RECEIPT = "the receipt (27:22-23) — 'as the LORD commanded him': the commission's debit closed by its run, the register seat Num 27:22 CLOSE"
  FACT OS_DEBIT = 'the debit (27:12) — see the land from Abarim: commanded on Moses, OPEN to Deuteronomy 34:1-4; 3:27 reads it back with Pisgah'
  FACT OS_OG = 'Og turned (3:1-3) — 21:33-35 with the persons shifted (we for they; to me for to Moses): TURNED, the five shifts computed; fear_not_promised on Moses
  FACT JR_DATE = "Aaron died on (40, 5, 1) (33:38) — the tape's marker at 20:28, built from this verse; the ordinal reader's year and month"
  FACT JR_AGE = "Aaron 123 at his death (33:39) = Exodus 7:7's 83 + 40; Moses 120 = 80 + 40 — the brothers three years apart at both ends, the ink's checksum"
  FACT JR_NOWRITE = "no write for 33:38-40 — the death and the hearing are the tape's 20:28 and 21:1 lines, checkpointed, not rewritten"
  FACT JR_ADAR = "Moses' seventh of Adar — computed backward from the tenth of Nisan (Kiddushin 38a:5-6); born and died the same day, a hundred and twenty exact (38a:7
  FACT JR_KISS = "by the mouth of the LORD at the death (33:38) — the kiss (Bava Batra 17a:3); the chukat runner's row death_by_the_kiss by CALL"
  FACT JR_FOUR = ['Exod 24:4', 'Num 33:2', 'Deut 31:9', 'Deut 31:22']
  FACT JR_DD = (40, 5, 1)
  FACT JR_AARON = 123
  FACT ST_THERE = "there Aaron died (10:6) — the tape's garments_transferred_and_aaron_died (Num 20:28, date (40, 5, 1), age 123 — CK.edom_and_hor by CALL) by kind: the
  FACT ST_PLACE = "the place of the death — Moserah in the retelling (10:6), Mount Hor on the tape (Num 20:28, 33:38): an OPEN row inside the burial line's field; the r
  FACT PV_KEYS = []
  FACT PS_KEYS = []
  FACT MA_KEYS = []
  FACT FA_KEYS = []
  FACT BK_KEYS = ['altars_total', 'aramean_woman', 'atone_tense', 'balaam_and_the_ass', 'balaam_blind', 'balaam_death', 'balaam_disciples', 'balaam_share']
  FACT BH_GIFTS = 'the well, the cloud, the manna — three gifts by three shepherds'
  FACT BH_TASTE = 'by age — bread, oil, honey'
  FACT BH_FORM = 'by rank — baked, cakes, raw'
  FACT SH_NAME = 'Hoshea to Joshua at 13:16 — the new name at 8 seats before it, the old at Deut 32:44 (the same man)'
  FACT NR_LAND = "lest the land say (9:28) — THE TAUNT'S FOUR FORMS (Exod 32:12, Num 14:16, Deut 1:27, 9:28); 'not able' the feminine noun kept from Numbers 14:16 (Ber
  FACT NR_TRIALS = 'the ten trials (Avot 5:4; Arakhin 15a:14; ES.trials by CALL) — four of the ten in the chapter (Massah, Kibroth, the calf, Kadesh); Taberah outside th
  FACT SN_HOLY = "a holy people (7:6) — 19:5-6's treasure and holy nation read back with 14:2 the pair; treasured_people stands (ES by CALL); the readback row EXPANDED
  FACT SN_CHOSE = "chose you (7:6-7) — the choice of the people after 4:37's choice of the fathers' seed (OH by CALL); 'set his love' the captive's and Shechem's word"
  FACT SN_FEW = "the fewest (7:7) — 'not because you were more': the humblest, on the shelf (Chullin 89a); Onkelos 'the smallest': a DATA row, no write"
  FACT SN_OATH = 'the oath (7:8) — the noun starred by the parser, the swearing no number; the three lines on the tape (MA and JS by CALL); the pointers at 7:8, 7:12, 
  FACT HI_ONE = "the LORD is one (6:4) — the two seats of the pair (6:4, Zechariah 14:9); the numeral the parser's [1]; the large letters a parked hypothesis"
  FACT HI_TEACH = "teach your sons (6:7) — the father's duty to teach Torah, the disciples 'sons' (the Sifrei 34:1; Kiddushin 29a-30b); sharp in the mouth (30a)"
  FACT HI_TIMES = {'evening_from': 'when the priests enter to eat their terumah (the stars)', 'evening_until': {'r_eliezer': 'the end of the first watch', 'the_sages': 
  FACT BC_RAIN = {'mention_from': "the last festival day of Sukkot — the eighth day of assembly (R. Yehoshua; Mishnah Ta'anit 1:1-2 through Ta'anit 2a:1-3; R. Eliezer 
  FACT BC_ASKS = ['all_the_commandment', 'the_oath_to_the_fathers', 'not_like_egypt', 'drinks_by_the_rain_of_heaven', 'the_land_watered_first', 'the_eyes_from_the_year
  FACT FE_EAGLE = "a nation from the end of the earth as the eagle flies (28:49-50) — the eagle's three seats in the book; a tongue not understood: THE WRITE eagle_nati
  FACT FE_MEASURE = 'the corner, the first fruits, the appearing, the acts of kindness and the study of Torah — the five things without measure'
  FACT FE_SIX = {'28:63': "the parser's [6] is the verb 'rejoiced' — the numeral's consonants; the Aramaic 'rejoiced' settles it; 30:9's twin ahead"}
  FACT FE_FIRST_ASKS = ['when_you_come_into_the_land_and_dwell_in_it', 'the_first_of_all_the_fruit_in_a_basket_to_the_place', 'i_declare_this_day_to_the_priest', 'the_recita
  FACT TC_KEYS = []
  FACT SE_ASKS = ['the_inciters_kin', 'entice_two_senses', 'the_entrapment', 'the_fifteen_utterances', 'the_five_prohibitions', 'the_courts_rule_inverted']
  FACT DC_KEYS = []
  FACT CH_FOUR = "hear, learn, keep, do (5:1) — the second speech opened: Moses' call to all Israel, the four verbs in order; the frame's second seat, no write"
  FACT NS_ORDER = 'drink_then_offer'
  FACT IS_KEYS = []
  FACT FJ_WHO = "who appears (16:16) — all obligated except the twelve exempt, the minor by the father's shoulders (Shammai) or hand (Hillel) — Mishnah Chagigah 1:1 r
  FACT FJ_EMPTY = "not empty (16:16) — the appearance offering owed at the appearing (the Sifrei 143:8; erection.repeats standing_liability_like_the_appearance_offering
  FACT FJ_HAND = 'the gift of the hand (16:17) — many eaters and little property: many peace offerings and few burnt; the reverse reversed; both few the minimums; both
  FACT HL_ASKS = []
  FACT VW_SUBS = 'nations_words_yochanan'
  FACT VW_KONAM = 'any_amount'
  FACT VW_SAGE = 'expert_alone_or_three_laymen'
  FACT FT_SONS = {'r_yehuda': 'sons when you act as sons (the Sifrei 96:9; Kiddushin 36a:11)', 'r_meir': 'sons either way, by four verses (36a:12-14; Hosea 2:1)', 'avo
  FACT GR_GRAVE = 'reubens_nebo_gads_field'
  FACT BR_LAND = "the land of Canaan (34:2) read as a title claim (Sanhedrin 91a:6) — the tape's answer canaan's status since Genesis 9:25"
  FACT ER_KEYS = []
  FACT SA_ASKS = []
  FACT V5_KEYS = ['claim_forms', 'ram_floor']
  FACT MD_KEYS = []
  FACT MK_LABOR = 'detaching'
THE READBACK (printed before it is asserted): rows 52, grades {'SUPPLIED': 16, 'VERBATIM': 23, 'SHORTENED': 8, 'VARIANT': 5}, on the tape 29, by CALL 40, supplied 16, with writes 40, state rows ['Deut 32:30'], pointer rows []
THE EXAM ROWS (printed before they are asserted): 26 ['Avodah Zarah 3:4', 'Avot 3:6', 'Avot 5:1', 'Avot 5:6', 'Avot 6:9', 'Avot 6:10', 'Berakhot 1:1', 'Berakhot 2:2', 'Berakhot 7:1', 'Berakhot 8:8', 'Chagigah 1:8', 'Kilayim 3:2', 'Nedarim 1:2', 'Peah 1:1', 'Peah 3:2', 'Sanhedrin 3:5', 'Sanhedrin 5:2', 'Sanhedrin 9:1', 'Shevuot 7:5', 'Sotah 1:7', 'Sotah 9:9', 'Arakhin 1:4', 'Avodah Zarah 9:4', 'Peah 1:1', 'Peah 1:2', 'Peah 1:3']
THE DATA (printed before it is asserted): parameters 25 (with arms 6), rows 45
THE NARRATIVE (printed before it is asserted): (45, 0, 3, (12, 7), 0, 0, 0, 0, [(12, 7)]) {'israel_people': ['doctrine_as_rain_and_dew_likened', 'name_of_the_lord_proclaimed_greatness_ascribed', 'the_rock_perfect_and_just_declared', 'heaven_and_earth_witness', 'generation_crooked_not_his_children', 'father_who_acquired_you_requited', 'days_of_old_remember_commanded', 'nations_bounds_set_by_number_of_israel', 'lords_portion_his_people_jacob', 'found_in_the_desert_encircled_and_kept', 'apple_of_his_eye_kept', 'as_an_eagle_stirring_its_nest_borne', 'the_lord_alone_led_no_foreign_god', 'heights_of_the_land_ridden_honey_from_the_rock', 'feast_of_curd_milk_fat_and_wine_given', 'jeshurun_fat_kicked_forsook_god', 'demons_and_new_gods_sacrificed', 'rock_that_begot_you_forgotten', 'jealousy_by_no_people_foolish_nation', 'fire_kindled_to_the_lowest_sheol', 'face_hidden_and_forsaken_foretold', 'evils_heaped_arrows_spent', 'hunger_beasts_serpents_sword_terror_sent', 'blotting_out_stayed_by_the_enemys_boast', 'nation_void_of_counsel', 'one_chasing_a_thousand_rock_sold_them', 'vine_of_sodom_gall_grapes', 'vengeance_laid_up_in_store_sealed', 'lord_judges_his_people_repents_himself', 'where_are_their_gods_asked', 'i_i_am_he_no_god_beside_me', 'i_kill_and_make_alive_none_delivers', 'hand_lifted_to_heaven_live_forever_sworn', 'sword_whetted_vengeance_rendered', 'nations_sing_with_his_people_land_atones', 'song_spoken_in_the_ears_of_the_people', 'set_your_heart_to_these_words_commanded', 'it_is_your_life_no_empty_matter', 'length_of_days_on_the_land_promised'], 'yehoshua': ['hoshea_speaks_the_song_beside_moses'], 'moses': ['go_up_to_nebo_see_the_land_commanded', 'die_in_the_mountain_gathered_to_your_people_commanded', 'as_aaron_died_in_hor_and_was_gathered', 'trespassed_at_meribath_kadesh_not_sanctified', 'see_the_land_from_afar_not_go_there']} []
askcheck: 72 asks called, 0 failed
