the guard's count read from the generator's print: 72
assembled /Users/Shared/TorahSim/World/step9/cold_run_song_charge_nebo.py 348865 bytes; parts [77418, 39841, 33605, 36751, 58072, 56645] tail 46456
runner rc 0
MATRIX: 72/72 cells match the answer sheet
THE COMPILE OF CHAPTER 32 (LEAN): the answer sheet REPRODUCED — 72/72
dependency rc 1
  FAIL EDGE song_charge_nebo -> moadim dispositioned CALL but no live import edge in cold_run_song_charge_nebo.py
  FAIL EDGE song_charge_nebo -> mekoshesh dispositioned CALL but no live import edge in cold_run_song_charge_nebo.py
  FAIL POINTER Deut 32:50 AS_WHEN in song_charge_nebo ("כאשר מת אהרן"): NO DISPOSITION
daemon rc 0
index: World/step9/DAEMON_INDEX.md regenerated (82 daemons, 601 functions)
DAEMON GATE: every daemon declared and its watches verified; every kind and effect registered; every compiled function dispositioned; every WRAPPED verified; every OWED on the worklist [gate satisfied]
  TOTAL submits 2955; HISTORY 1341; case rows 1491; statute 117; act/speech-on-tractate 6
recording: 3397 records written
  covenant_return_charge worlds 1  total  20  HISTORY   7  case   0  statute 13  act/speech-on-tractate   0  unregistered 0
  song_charge_nebo   worlds 1  total  16  HISTORY  15  case   0  statute  1  act/speech-on-tractate   0  unregistered 0
PLACEMENT LITERAL: {'markers': {'text_constrained': 108, 'reading_placed': 50}, 'events': {'text_constrained': 110, 'page_order': 1267, 'reading_placed': 59}}
tape written into /Users/Shared/TorahSim/World/step9/cold_run_sequence.py: 1834 lines
  CENSUS tuple (scanned, history, on tape, case, source-off, register-off, deduped, re-based, closes, markers, F, P, R, kinds, subjects): (2520, 1319, 1436, 1185, 6, 10, 9, 0, 71, 173, 132, 15, 26, 981, 274)
  File "<scratch>/patch_seq_literals_ch32.py", line 39, in <module>
    assert sum(PLACEMENT['events'].values()) == 1423 + 16, ('THE EVENTS\' PLACEMENT — the sixteen lines', PLACEMENT['events'])
           ^^^^^^^^^^^^^^^^^^^^^^^^^^^^^^^^^^^^^^^^^^^^^^
AssertionError: ("THE EVENTS' PLACEMENT — the sixteen lines", {'text_constrained': 110, 'page_order': 1267, 'reading_placed': 59})
tape chain rc 1
scan census rc 0
