guard: 72 expectations checked, every one a literal from the answer sheet [honest-pairing guard satisfied]

THE CONSECRATION, SUBSTITUTION, AND DEVOTION MACHINE COMPILES — the two substitution verbs, "beast for beast," "it and its substitute" at the vow and the tithe, the fifth censused five times, the partitive "from all that he has," the ordinal tenth under the rod; three calls into sister engines: the Jubilee engine's tithe naming and the Passover engine's firstling donkey.
THE TOKENS (printed before they are asserted): {32: 615}
THE INK (printed before it is asserted): PARSE {(32, 15): ([8], [], []), (32, 30): ([1, 1002], [], ['אחד|'])}, NUMV [(32, 15), (32, 30)], ORDV [], STARV [(32, 30)], TOKN {32: 615}
THE NEGATIONS AND THE NAME (printed before they are asserted): {(32, 5): ['לא'], (32, 6): ['ולא'], (32, 17): ['לא', 'לא', 'לא'], (32, 20): ['לא'], (32, 27): ['ולא'], (32, 30): ['לא'], (32, 31): ['לא'], (32, 47): ['לא'], (32, 51): ['לא'], (32, 52): ['לא']} 7
THE CLOCK (printed before it is asserted): {'counter': (40, 12, 7), 'marker': None, 'marker_verse': None, 'marker_at': None, 'days_walked': 0, 'the_day_by': "19b's marker at Deut 31:1 (the number's verse 31:2) — the_death_date_of_moses on the calendar's keys", 'clock_data': ['the_death_date_of_moses']}
THE SCANS (printed before they are asserted): holes {'israel_people': [], 'yehoshua': [], 'moses': []}; the kin counts {'barred_from_the_land': 2, 'gathered_to_his_people': 5, 'became_the_lords_people_this_day': 2, 'lord_declared_israel_treasure_people': 1, 'treasured_people': 1, 'other_gods_barred': 1, 'manna_provided': 1, 'water_from_the_rock': 2, 'eagle_nation_devours': 1, 'few_in_number_left': 1, 'scattered_among_all_peoples': 1, 'serving_wood_and_stone_among_nations': 1, 'sold_and_none_buys': 1, 'sons_flesh_eaten_in_siege': 1, 'pestilence_cleaving': 1, 'sword_blight_mildew_sent': 1, 'trembling_heart_no_rest': 1, 'plagues_made_wonderful': 1, 'innocent_blood_atoned': 1, 'two_witnesses_required': 1, 'two_or_three_witnesses_required': 1, 'one_witness_barred': 1, 'witnesses_inquiry_commanded': 1, 'plotting_witness_talion_commanded': 1, 'song_sung': 1, 'song_writing_commanded': 1, 'song_taught_and_put_in_mouths_commanded': 1, 'song_a_witness_against_israel': 1, 'song_written_and_taught_by_moses': 1, 'song_spoken_to_the_assembly_to_its_end': 1, 'book_a_witness_against_israel': 1, 'future_whoring_after_foreign_gods_foretold': 1, 'covenant_breaking_foretold': 1, 'evils_and_troubles_befall_foretold': 1, 'corruption_after_moses_death_foretold': 1, 'moses_to_sleep_with_the_fathers': 1, 'moses_days_approach_to_die': 1, 'joshua_commissioned_to_bring_israel_in': 1, 'land_brimstone_salt_like_sodom': 1, 'hidden_things_the_lords': 1, 'shema_commanded': 1, 'hakhel_children_hear_and_learn_commanded': 1, 'serpents_sent': 1, 'healed': 2, 'atoned_forgiven': 7, 'sevenfold_vengeance': 1, 'blood_required': 1, 'scattered': 1, 'building_ceased': 1, 'no_share_in_the_world_to_come': 3, 'only_noah_remained': 1, 'famine': 3, 'rain_in_its_season': 2, 'heavens_good_treasure_opened': 1, 'curses_of_the_book_on_the_idolater': 1, 'hidden_idolater_unpardoned': 1, 'heart_turning_to_other_gods_barred': 1, 'enemies_flee_seven_ways': 1, 'smitten_before_enemies_seven_ways': 1, 'nations_dispossessed_as_sihon_and_og_promised': 1, 'holy_people_promised': 1, 'established_holy_people': 1}; the reuses {'heaven_and_earth_witness': 4, 'face_hidden_and_forsaken_foretold': 1, 'length_of_days_on_the_land_promised': 1}; the entities {'barred_from_the_land': ['aaron', 'moses'], 'gathered_to_his_people': ['aaron', 'abraham', 'isaac', 'ishmael', 'jacob'], 'became_the_lords_people_this_day': ['israel_people'], 'lord_declared_israel_treasure_people': ['israel_people'], 'treasured_people': ['israel_people'], 'other_gods_barred': ['israel_people'], 'manna_provided': ['israel_people'], 'water_from_the_rock': ['israel_people'], 'heaven_and_earth_witness': ['israel_people'], 'face_hidden_and_forsaken_foretold': ['israel_people'], 'length_of_days_on_the_land_promised': ['israel_people'], 'garments_transferred_and_aaron_died': [], 'invested_office': ['aaron-and-sons', 'eleazar_son_of_aaron', 'pinchas', 'the-firstborn', 'the_levites', 'yehoshua'], 'song_spoken_to_the_assembly_to_its_end': ['israel_people']}
THE TWINS DIFFED (printed before they are asserted): {'32:36 vs Ps 135:14': 7, '32:49 vs Num 27:12': 10, '32:45 vs 31:1': 7, '32:46 vs 31:12': 8, '32:47 vs 11:9': 5, '32:48 vs Gen 7:13': 3, '32:48 vs Exod 12:41': 3, '32:44 vs 31:30': 5, '32:44 vs Num 13:16': 4, '32:51 vs Num 27:14': 4, '32:51 vs Num 20:12': 4, '32:50 vs Num 20:28': 2, '32:1 vs 31:28': 2, '32:1 vs 4:26': 2, '32:1 vs Isa 1:2': 0, '32:11 vs Exod 19:4': 1, '32:15 vs 31:20': 0, '32:20 vs 31:17': 3, '32:17 vs 29:25': 3, '32:8 vs Gen 11:8': 0, '32:24 vs Lev 26:22': 0, '32:30 vs Lev 26:8': 1, '32:30 vs Josh 23:10': 3, '32:32 vs 29:22': 1, '32:39 vs 6:4': 0, '32:43 vs Num 35:33': 1, '32:52 vs 34:4': 3, '32:49 vs 3:27': 2, '32:13 vs 8:15': 0, '32:21 vs 28:49': 0, '32:27 vs 9:28': 3, '32:12 vs Num 23:9': 0, '32:6 vs Exod 15:16': 1}
THE CALLEES' FACTS (printed before they are asserted — 129):
  FACT OH_CHAIN = {'this_chapter': 'Deut 4:26', 'the_chain': ['Deut 4:26', 'Deut 30:19', 'Deut 31:28', 'Deut 32:1']}
  FACT OH_HOST = "the host apportioned (4:19) — with 29:25 by the Sifrei 148:8's pair; Rav's reading (Avodah Zarah 55a): a DATA note, no link of our own"
  FACT OH_WIT = "the case head (4:25) — THE CHAPTER'S ONE CASE: 'when' with the imperfect; the arms DATA; the exile hastened by two years (Gittin 88a)"
  FACT CR_SATED = "when they eat and are sated and grow fat and turn (31:20) — satiety before rebellion, 8:12-14's kin (good_land — the growth's list (8:12-13) — ), the
  FACT CR_HIDE = "My anger kindled, I will forsake them and hide My face (31:17) — Onkelos's Shekhinah removed, the face hidden the negative arm of the tent's glory (t
  FACT CR_SPOKE = "Moses spoke the words of this song in the ears of all the assembly, to their end (31:30) — the song's frame opened, 32:44's closing frame ahead with 
  FACT CR_LIFE = "choose life, love, hearken and cleave — the length of days (30:19-20) — the chapter's one imperative on the pair (the Sifrei 53:1's two ways), the cl
  FACT CR_AHEAD = {'the_text': "Deut 32:1-43 — sitting 20's reading and its compile", 'the_closing_frame': "Deut 32:44 — 'and Moses came and spoke all the words of this
  FACT CR_GIFTS = "THREE GIFTS BY THREE MERITS — the well by Miriam's, the pillar of cloud by Aaron's, the manna by Moses': Miriam died, the well ceased and returned by
  FACT CR_DEATH = "THE SEVENTH OF ADAR OF THE FORTIETH YEAR — the year the ink's (Exodus 7:7's eighty at the exodus + the forty years = the hundred and twentieth), the 
  FACT CR_STATE = {'the_settings_of_one_state': ['Deut 11:26-28 (a blessing and a curse)', "Deut 28:1 / 28:15 (the hearkening — 18b's state row)", 'Deut 30:15-18 (life 
  FACT CR_WITS = {'heaven_and_earth': ['Deut 4:26', 'Deut 30:19', 'Deut 31:28', 'Deut 32:1'], 'the_song': 'Deut 31:19, 31:21 — song_a_witness_against_israel', 'the_boo
  FACT GL_WILD = "the great and terrible wilderness (8:15) — 1:19's phrase (the two seats of the wilderness; five the God and the day): opening_speech's readback row 1
  FACT GL_FLINT = "the rock of flint (8:15) — 'who brought you water out of the rock of flint': Exodus' rock-word (17:6 — the tape's rock_struck) with the flint added (
  FACT GL_MANNA = "the manna to do you good (8:16) — 'who fed you manna … to humble you and to test you, to do you good in your end': 8:3's doublet with the purpose sup
  FACT GL_FORGET = "if you surely forget (8:19) — the infinitive absolute, the forget-lemma's one such form in the Bible; the case token 'if' with 'and it shall be'; the
  FACT GL_ROCKS = {'exodus': "Exodus 17:6 'you shall strike THE ROCK (tzur)' — 8:15's word, with the flint (the lemma 6697 at both)", 'numbers': "Numbers 20:8-11 'speak
  FACT GL_HONEY = {'the_verse': "'a land of olive oil and honey' (8:8) — 'flowing with milk and honey' twenty seats in the Bible, none in the chapter; the honey the FRU
  FACT GL_R = []
  FACT ES_TREASURE = 4
  FACT ES_TEN = 10
  FACT ES_BIRTH = (12, 7)
  FACT RW_ONE = "one witness for any iniquity (19:15) — the general rule from the particular (I3): in capital cases, money, offerings and lashes one witness stands no
  FACT PP_NEST = 'the hovering mother, even one fledgling, the return even five times, the mother taken and the young sent'
  FACT PP_VINE = "routed here from Leviticus 19:19's cell — the institution's seat; Kilayim's parameters owed"
  FACT CP_TWO = "two witnesses for every death (17:6) — 'shall the dead die' every capital case, men not women (the Sifrei 150:1, 190:3; refuge's two_by_the_prototype
  FACT CP_SEVEN = "the seven investigations (17:4) — 'well' 'well' the analogy with 13:15 at three verses: the seven investigations, the probes, the contradiction rule 
  FACT CP_ACTS = "the three acts and the associator (17:3) — the goer, the server, the bower each liable; the associator by 28:14; the host not apportioned (the Sifrei
  FACT RF_ONE = 'two_by_the_prototype'
  FACT RF_ATONE = 'by_the_shedders_blood'
  FACT RF_TABLE = 'computed_from_the_tokens'
  FACT RF_RANSOM = 'refused_twice'
  FACT OR_KEYS = []
  FACT CK_DATES = 'Aaron (40, 5, 1) by the ink, aged 123; Miriam the tenth of Nisan by the shelf; Moses the seventh of Adar (33:38-39; Seder Olam 10:2)'
  FACT CK_SUCC = 'the garments to Eleazar and the office with them — Exod 29:29-30 run at Mount Hor (20:26-28)'
  FACT CK_AGE = 'Aaron 123 at his death (33:39 — [123])'
  FACT CK_SENT = "barred from the land — Moses and Aaron; Aaron's closed at 20:28, Moses' at Deut 34 (20:12)"
  FACT CK_SEATS = 'Meribah at 6 seats — Exod 17:7 the first, Num 20:13 the second (computed)'
  FACT CK_KISS = 'Miriam too by the kiss — "there" / "there" with Deut 34:5 (Bava Batra 17a)'
  FACT CK_DIED = 'died for their sin — had they believed, their time had not come (Shabbat 55b; Yoma 87a)'
  FACT OS_MTN = "the mountain of Abarim (27:12) — Nebo and Pisgah its other names (34:1 one mountain): Deuteronomy 3:27's Pisgah the retelling of this command, READ B
  FACT OS_SENT = "Meribah cited (27:14) — 20:12's sentence pointed to, the barred entry on Moses OPEN read (CK by CALL); no second write"
  FACT OS_RECEIPT = "the receipt (27:22-23) — 'as the LORD commanded him': the commission's debit closed by its run, the register seat Num 27:22 CLOSE"
  FACT OS_DEBIT = 'the debit (27:12) — see the land from Abarim: commanded on Moses, OPEN to Deuteronomy 34:1-4; 3:27 reads it back with Pisgah'
  FACT OS_OG = 'Og turned (3:1-3) — 21:33-35 with the persons shifted (we for they; to me for to Moses): TURNED, the five shifts computed; fear_not_promised on Moses
  FACT JR_DATE = "Aaron died on (40, 5, 1) (33:38) — the tape's marker at 20:28, built from this verse; the ordinal reader's year and month"
  FACT JR_AGE = "Aaron 123 at his death (33:39) = Exodus 7:7's 83 + 40; Moses 120 = 80 + 40 — the brothers three years apart at both ends, the ink's checksum"
  FACT JR_NOWRITE = "no write for 33:38-40 — the death and the hearing are the tape's 20:28 and 21:1 lines, checkpointed, not rewritten"
  FACT JR_ADAR = "Moses' seventh of Adar — computed backward from the tenth of Nisan (Kiddushin 38a:5-6); born and died the same day, a hundred and twenty exact (38a:7
  FACT JR_KISS = "by the mouth of the LORD at the death (33:38) — the kiss (Bava Batra 17a:3); the chukat runner's row death_by_the_kiss by CALL"
  FACT JR_FOUR = ['Exod 24:4', 'Num 33:2', 'Deut 31:9', 'Deut 31:22']
  FACT JR_DD = (40, 5, 1)
  FACT JR_AARON = 123
  FACT ST_THERE = "there Aaron died (10:6) — the tape's garments_transferred_and_aaron_died (Num 20:28, date (40, 5, 1), age 123 — CK.edom_and_hor by CALL) by kind: the
  FACT ST_PLACE = "the place of the death — Moserah in the retelling (10:6), Mount Hor on the tape (Num 20:28, 33:38): an OPEN row inside the burial line's field; the r
  FACT PV_KEYS = []
  FACT PS_KEYS = []
  FACT MA_KEYS = []
  FACT FA_KEYS = []
  FACT BK_KEYS = ['altars_total', 'aramean_woman', 'atone_tense', 'balaam_and_the_ass', 'balaam_blind', 'balaam_death', 'balaam_disciples', 'balaam_share']
  FACT BH_GIFTS = 'the well, the cloud, the manna — three gifts by three shepherds'
  FACT BH_TASTE = 'by age — bread, oil, honey'
  FACT BH_FORM = 'by rank — baked, cakes, raw'
  FACT SH_NAME = 'Hoshea to Joshua at 13:16 — the new name at 8 seats before it, the old at Deut 32:44 (the same man)'
  FACT NR_LAND = "lest the land say (9:28) — THE TAUNT'S FOUR FORMS (Exod 32:12, Num 14:16, Deut 1:27, 9:28); 'not able' the feminine noun kept from Numbers 14:16 (Ber
  FACT NR_TRIALS = 'the ten trials (Avot 5:4; Arakhin 15a:14; ES.trials by CALL) — four of the ten in the chapter (Massah, Kibroth, the calf, Kadesh); Taberah outside th
  FACT SN_HOLY = "a holy people (7:6) — 19:5-6's treasure and holy nation read back with 14:2 the pair; treasured_people stands (ES by CALL); the readback row EXPANDED
  FACT SN_CHOSE = "chose you (7:6-7) — the choice of the people after 4:37's choice of the fathers' seed (OH by CALL); 'set his love' the captive's and Shechem's word"
  FACT SN_FEW = "the fewest (7:7) — 'not because you were more': the humblest, on the shelf (Chullin 89a); Onkelos 'the smallest': a DATA row, no write"
  FACT SN_OATH = 'the oath (7:8) — the noun starred by the parser, the swearing no number; the three lines on the tape (MA and JS by CALL); the pointers at 7:8, 7:12, 
  FACT HI_ONE = "the LORD is one (6:4) — the two seats of the pair (6:4, Zechariah 14:9); the numeral the parser's [1]; the large letters a parked hypothesis"
  FACT HI_TEACH = "teach your sons (6:7) — the father's duty to teach Torah, the disciples 'sons' (the Sifrei 34:1; Kiddushin 29a-30b); sharp in the mouth (30a)"
  FACT HI_TIMES = {'evening_from': 'when the priests enter to eat their terumah (the stars)', 'evening_until': {'r_eliezer': 'the end of the first watch', 'the_sages': 
  FACT BC_RAIN = {'mention_from': "the last festival day of Sukkot — the eighth day of assembly (R. Yehoshua; Mishnah Ta'anit 1:1-2 through Ta'anit 2a:1-3; R. Eliezer 
  FACT BC_ASKS = ['all_the_commandment', 'the_oath_to_the_fathers', 'not_like_egypt', 'drinks_by_the_rain_of_heaven', 'the_land_watered_first', 'the_eyes_from_the_year
  FACT FE_EAGLE = "a nation from the end of the earth as the eagle flies (28:49-50) — the eagle's three seats in the book; a tongue not understood: THE WRITE eagle_nati
  FACT FE_MEASURE = 'the corner, the first fruits, the appearing, the acts of kindness and the study of Torah — the five things without measure'
  FACT FE_SIX = {'28:63': "the parser's [6] is the verb 'rejoiced' — the numeral's consonants; the Aramaic 'rejoiced' settles it; 30:9's twin ahead"}
  FACT FE_FIRST_ASKS = ['when_you_come_into_the_land_and_dwell_in_it', 'the_first_of_all_the_fruit_in_a_basket_to_the_place', 'i_declare_this_day_to_the_priest', 'the_recita
  FACT TC_KEYS = []
  FACT SE_ASKS = ['the_inciters_kin', 'entice_two_senses', 'the_entrapment', 'the_fifteen_utterances', 'the_five_prohibitions', 'the_courts_rule_inverted']
  FACT DC_KEYS = []
  FACT CH_FOUR = "hear, learn, keep, do (5:1) — the second speech opened: Moses' call to all Israel, the four verbs in order; the frame's second seat, no write"
  FACT NS_ORDER = 'drink_then_offer'
  FACT IS_KEYS = []
  FACT FJ_WHO = "who appears (16:16) — all obligated except the twelve exempt, the minor by the father's shoulders (Shammai) or hand (Hillel) — Mishnah Chagigah 1:1 r
  FACT FJ_EMPTY = "not empty (16:16) — the appearance offering owed at the appearing (the Sifrei 143:8; erection.repeats standing_liability_like_the_appearance_offering
  FACT FJ_HAND = 'the gift of the hand (16:17) — many eaters and little property: many peace offerings and few burnt; the reverse reversed; both few the minimums; both
  FACT HL_ASKS = []
  FACT VW_SUBS = 'nations_words_yochanan'
  FACT VW_KONAM = 'any_amount'
  FACT VW_SAGE = 'expert_alone_or_three_laymen'
  FACT FT_SONS = {'r_yehuda': 'sons when you act as sons (the Sifrei 96:9; Kiddushin 36a:11)', 'r_meir': 'sons either way, by four verses (36a:12-14; Hosea 2:1)', 'avo
  FACT GR_GRAVE = 'reubens_nebo_gads_field'
  FACT BR_LAND = "the land of Canaan (34:2) read as a title claim (Sanhedrin 91a:6) — the tape's answer canaan's status since Genesis 9:25"
  FACT ER_KEYS = []
  FACT SA_ASKS = []
  FACT V5_KEYS = ['claim_forms', 'ram_floor']
  FACT MD_KEYS = []
  FACT MK_LABOR = 'detaching'
  FACT FA_TESTAMENT = 5
  FACT OR_WITNESS = 'robbers_disqualified'
  FACT PP_NEST_ASK = "the nest before you (22:6-7) — the chance nest, not the prepared; the mother hovering with her wings on the nest; even one fledgling or one egg; SEND
  FACT RF_WITNESSES = "the witnesses (35:30) — two by the prototype (the Sifrei 161:1); one witness not to convict, but to acquit (Sanhedrin 33b:15); the ninth commandment'
  FACT PV_ONE_LANGUAGE = 1
  FACT PV_PELEG = 'eber_a_great_prophet'
  FACT PV_FLOOD_150 = 150
  FACT PV_READING_ROW = 'reprieve'
  FACT PS_SEVEN = {'commanded': 'courts', 'the_LORD': 'blasphemy', 'God': 'idolatry', 'on_the_man': 'bloodshed', 'saying': 'unions', 'of_every_tree': 'not_robbery', 'su
  FACT MA_LOT = 'abrahams_house'
  FACT MA_THREE = 3
  FACT BK_MOST_HIGH = "'knows the knowledge of the Most High' = fixes the moment of God's anger (one 58,888th of an hour) — Berakhot 7a; Avodah Zarah 4b"
  FACT SH_DECREE_TRIALS = "10 — 'these ten times' (14:22; Pirkei Avot 5:4); the ledger's count graded at CF6"
  FACT BC_WATER_ASK = "drinks by the rain of heaven (11:11) — the one seat; THE SOURCE OF RAIN A DISPUTE on the shelf (R. Eliezer the ocean sweetened in the clouds; R. Yeho
  FACT TC_MEAS = None
  FACT SE_INCITER_KIN = "the inciter's kin (13:7) — the brother by the father, the mother's son, the son and the daughter of any kind, the betrothed and the married, the conv
  FACT DC_VAIN_OATH = 'lashes'
  FACT NS_SOTAH_CONDITIONS = 'six: lain with, hidden, secreted, defiled, no witness, not seized'
  FACT IS_RANSOM = ['Deut 21:8', 'Exod 21:30', 'Exod 29:33', 'Exod 30:12', 'Num 35:31', 'Num 35:32']
  FACT HL_KINDS = ['corner', 'fallen_grapes', 'gleanings', 'small_clusters']
  FACT VW_MAN = "a law relayed in Moses' voice — this is the thing which the LORD commanded, for all generations"
  FACT FT_SONS_ASK = "the sonship's arms (14:1) — R. Yehuda: sons when you act as sons; R. Meir: sons either way, by four verses (the Sifrei 96:9; Kiddushin 36a:11-14; Avo
  FACT GR_CHARGE = "our little ones, our wives, our cattle and all our beasts (32:26) — Moses' order held; the retellings 'your wives, your little ones, your cattle' (De
  FACT ER_MOLTEN = 4
  FACT ER_TWELVE_MIL = 'students_travel_a_fortiori'
  FACT SA_BURNED = ['R._Yishmael_him_and_one', 'R._Akiva_both', 'Onkelos_plural']
  FACT V5_MEILAH = 'no offering'
  FACT MD_SUKKOT = None
  FACT MK_LABOR_ASK = "detaching (the baraita; the Sifrei's own word) — capital"
THE READBACK (printed before it is asserted): rows 52, grades {'SUPPLIED': 16, 'VERBATIM': 23, 'SHORTENED': 8, 'VARIANT': 5}, on the tape 29, by CALL 40, supplied 16, with writes 40, state rows ['Deut 32:30'], pointer rows []
THE EXAM ROWS (printed before they are asserted): 26 ['Avodah Zarah 3:4', 'Avot 3:6', 'Avot 5:1', 'Avot 5:6', 'Avot 6:9', 'Avot 6:10', 'Berakhot 1:1', 'Berakhot 2:2', 'Berakhot 7:1', 'Berakhot 8:8', 'Chagigah 1:8', 'Kilayim 3:2', 'Nedarim 1:2', 'Peah 1:1', 'Peah 3:2', 'Sanhedrin 3:5', 'Sanhedrin 5:2', 'Sanhedrin 9:1', 'Shevuot 7:5', 'Sotah 1:7', 'Sotah 9:9', 'Arakhin 1:4', 'Avodah Zarah 9:4', 'Peah 1:1', 'Peah 1:2', 'Peah 1:3']
THE DATA (printed before it is asserted): parameters 25 (with arms 6), rows 45
THE NARRATIVE (printed before it is asserted): (45, 0, 3, (12, 7), 0, 0, 0, 0, [(12, 7)]) {'israel_people': ['doctrine_as_rain_and_dew_likened', 'name_of_the_lord_proclaimed_greatness_ascribed', 'the_rock_perfect_and_just_declared', 'heaven_and_earth_witness', 'generation_crooked_not_his_children', 'father_who_acquired_you_requited', 'days_of_old_remember_commanded', 'nations_bounds_set_by_number_of_israel', 'lords_portion_his_people_jacob', 'found_in_the_desert_encircled_and_kept', 'apple_of_his_eye_kept', 'as_an_eagle_stirring_its_nest_borne', 'the_lord_alone_led_no_foreign_god', 'heights_of_the_land_ridden_honey_from_the_rock', 'feast_of_curd_milk_fat_and_wine_given', 'jeshurun_fat_kicked_forsook_god', 'demons_and_new_gods_sacrificed', 'rock_that_begot_you_forgotten', 'jealousy_by_no_people_foolish_nation', 'fire_kindled_to_the_lowest_sheol', 'face_hidden_and_forsaken_foretold', 'evils_heaped_arrows_spent', 'hunger_beasts_serpents_sword_terror_sent', 'blotting_out_stayed_by_the_enemys_boast', 'nation_void_of_counsel', 'one_chasing_a_thousand_rock_sold_them', 'vine_of_sodom_gall_grapes', 'vengeance_laid_up_in_store_sealed', 'lord_judges_his_people_repents_himself', 'where_are_their_gods_asked', 'i_i_am_he_no_god_beside_me', 'i_kill_and_make_alive_none_delivers', 'hand_lifted_to_heaven_live_forever_sworn', 'sword_whetted_vengeance_rendered', 'nations_sing_with_his_people_land_atones', 'song_spoken_in_the_ears_of_the_people', 'set_your_heart_to_these_words_commanded', 'it_is_your_life_no_empty_matter', 'length_of_days_on_the_land_promised'], 'yehoshua': ['hoshea_speaks_the_song_beside_moses'], 'moses': ['go_up_to_nebo_see_the_land_commanded', 'die_in_the_mountain_gathered_to_your_people_commanded', 'as_aaron_died_in_hor_and_was_gathered', 'trespassed_at_meribath_kadesh_not_sanctified', 'see_the_land_from_afar_not_go_there']} []

PASS  [MOVE]  Deut 32:1-4; THE LINE song_witnesses_called_declared; heaven_and_earth_witness REUSED (the chain's fifth seat) — obey_horeb, courts_prophet, refuge_war_family by CALL; MISHNAH SANHEDRIN 5:2 — the exam row — give_ear_o_heavens_and_let_the_earth_hear
        ->  heaven_and_earth_witness [status]  heaven and earth called to witness — the STATUS the case's evidence clause writes on Israel: 'I call heaven and earth to witness against you this day that you shall surely perish quickly from the land … you shall not prolong your days upon it but shall be utterly destroyed' (Deut 4:26) — the witnesses of the exile case (4:25-31: corrupt → perish, scatter, few, serve wood and stone; seek → find; return → mercy); the Sifrei 306:1's CHAIN OF WITNESSES — 4:26 the third of eleven (30:19 'I call heaven and earth to witness against you this day', 31:28 'that I may call heaven and earth to witness against them', 32:1 'give ear, O heavens'; 30:19's first seven words identical, computed); 'the end of days' (4:30) a prophecy — no timer, no exile written; Gittin 88a:15-17 and Sanhedrin 38a:6 (the exile hastened by two years of 'grown old'); Megillah 31b:2 (the Ninth of Av's reading)
PASS  [MOVE]  Deut 32:1-4; THE WRITE doctrine_as_rain_and_dew_likened; blessing_and_curse by CALL; Eruvin 54a-b owed — my_doctrine_as_the_rain_my_speech_as_the_dew
        ->  doctrine_as_rain_and_dew_likened [status]  the doctrine likened to the rain and the dew — the STATUS the line song_witnesses_called_declared writes on Israel: 'MY DOCTRINE SHALL DROP AS THE RAIN, my speech distil as the dew, as the small rain upon the tender grass and as the showers upon the herb' (32:2) — the four rains every one words of Torah (the Sifrei 306:16-35); Onkelos the teaching sweet as rain, the latter rain named (blessing_and_curse's rain_dates by CALL — a reference); the heifer's verb at 306:23 a homograph noted; Eruvin 54a-b owed
PASS  [MOVE]  Deut 32:1-4; THE WRITE name_of_the_lord_proclaimed_greatness_ascribed; MISHNAH BERAKHOT 7:1, 8:8, 2:2, NEDARIM 1:2, AVOT 3:6 — the exam rows; vows by CALL — i_will_proclaim_the_name_of_the_lord_ascribe_greatness
        ->  name_of_the_lord_proclaimed_greatness_ascribed [status]  the Name proclaimed and greatness ascribed — the STATUS the line song_witnesses_called_declared writes on Israel: 'FOR I WILL PROCLAIM THE NAME OF THE LORD — ASCRIBE GREATNESS TO OUR GOD' (32:3) — the Name after twenty-one words, the response formula's source (306:36-37): MISHNAH BERAKHOT 7:1 THE CASE (three who ate as one are obligated to the zimmun — the parameter the_response_to_the_name; Berakhot 8:8's Amen after a Jew's blessing, 2:2's yoke of the kingdom first); Nedarim 1:2's substitutes (vows by CALL); Avot 3:6 (the Shekhinah among ten)
PASS  [MOVE]  Deut 32:1-4; THE WRITE the_rock_perfect_and_just_declared; MISHNAH SHEVUOT 7:5, SANHEDRIN 9:1, AVODAH ZARAH 3:4 — the exam rows; sanctions by CALL — the_rock_his_work_is_perfect_all_his_ways_justice
        ->  the_rock_perfect_and_just_declared [status]  the Rock whose work is perfect declared — the STATUS the line song_witnesses_called_declared writes on Israel: 'THE ROCK, HIS WORK IS PERFECT, for all His ways are justice, a God of faithfulness and without iniquity, just and right is He' (32:4) — Onkelos THE MIGHTY ONE (the first of the chapter's eight); the mourner's justification (Avodah Zarah 18a owed); Shevuot 7:5 at 307:7 (the storekeeper on his ledger — a parameter); Sanhedrin 9:1 at 307:14 (the burned and the beheaded — sanctions by CALL); Avodah Zarah 3:4 (the statue treated as a deity — a parameter); Taanit 11a owed
PASS  [MOVE]  Deut 32:5-6; the sonship referenced — food_tithe by CALL; no write — is_corruption_his_no_his_childrens_is_the_blemish
        ->  accepted           [heaven]  accepted for him — the offering's acceptance state
PASS  [MOVE]  Deut 32:5-6; THE WRITE generation_crooked_not_his_children; MISHNAH SOTAH 1:7 — the exam row; naso by CALL — a_perverse_and_crooked_generation
        ->  generation_crooked_not_his_children [status]  the crooked generation, not His children — the STATUS the line song_crooked_generation_declared writes on Israel: 'IS CORRUPTION HIS? NO — HIS CHILDREN'S IS THE BLEMISH, A PERVERSE AND CROOKED GENERATION' (32:5) — the broken syntax made a sentence by Onkelos (they corrupted themselves, the children who served idols); 'a perverse and crooked generation' ONCE in the Bible; Sotah 1:7 at 308:4 — the measure for measure (naso's sotah_order by CALL: the parameter the_measure_for_measure); the sonship a status the tape carries from 14:1 (food_tithe by CALL)
PASS  [MOVE]  Deut 32:5-6; a saying inside the line; no write — do_you_thus_requite_the_lord_o_foolish_people_and_unwise
        ->  accepted           [heaven]  accepted for him — the offering's acceptance state
PASS  [MOVE]  Deut 32:5-6; THE WRITE father_who_acquired_you_requited; MISHNAH AVOT 6:10 — the exam row; exodus_story, mamre by CALL — is_he_not_your_father_who_acquired_you_he_made_you_and_established_you
        ->  father_who_acquired_you_requited [status]  the Father who acquired you, requited — the STATUS the line song_crooked_generation_declared writes on Israel: 'DO YOU THUS REQUITE THE LORD, O FOOLISH PEOPLE AND UNWISE? IS HE NOT YOUR FATHER WHO ACQUIRED YOU? He made you and established you' (32:6) — Onkelos: a people that received the Torah and grew not wise; Genesis 14:19's possessor — Avot 6:10 at 309:6: THE FIVE ACQUISITIONS (the Torah, heaven and earth, Abraham, Israel, the Temple — the parameter the_five_acquisitions; 'the people You acquired' Exodus 15:16, exodus_story by CALL); the parables 309:1-4 the spine's
PASS  [MOVE]  Deut 32:7-9; THE WRITE days_of_old_remember_commanded; obey_horeb by CALL — remember_the_days_of_old_ask_your_father_and_your_elders
        ->  days_of_old_remember_commanded [status]  the days of old remembered, commanded — the STATUS the line song_nations_divided_lords_portion_declared writes on Israel: 'REMEMBER THE DAYS OF OLD, consider the years of many generations; ASK YOUR FATHER and he will tell you, YOUR ELDERS and they will say it to you' (32:7) — the tradition's own warrant: the fathers and the elders the channel; the song's call to the recorded past — THE TAPE'S OWN ENTRIES the answer (the readback's reference rows)
PASS  [HYP]  Deut 32:7-9; Genesis 11's division a reference row — primeval, obey_horeb by CALL; the hypothesis labeled; no write — when_the_most_high_gave_the_nations_their_inheritance_and_separated_the_sons_of_man
        ->  accepted           [heaven]  accepted for him — the offering's acceptance state
PASS  [MOVE]  Deut 32:7-9; THE WRITE nations_bounds_set_by_number_of_israel; family by CALL; no numeral in the verse — he_set_the_borders_of_the_peoples_by_the_number_of_the_children_of_israel
        ->  nations_bounds_set_by_number_of_israel [status]  the nations' bounds set by the number of Israel — the STATUS the line song_nations_divided_lords_portion_declared writes on Israel: 'WHEN THE MOST HIGH GAVE THE NATIONS THEIR INHERITANCE, WHEN HE SEPARATED THE SONS OF MAN, HE SET THE BORDERS OF THE PEOPLES BY THE NUMBER OF THE CHILDREN OF ISRAEL' (32:8) — ONCE in the Bible; no numeral in the verse (the parser silent) — the spine 310-311 reads seventy against Jacob's seventy souls (Genesis 46:27 by CALL to family); Genesis 11's division primeval.babel and primeval.nations by CALL — the builders scattered, the language confounded (a REFERENCE by the ink's 'separated the sons of man' — Genesis 10:25's Peleg; Genesis 11:8 the twin a labeled HYPOTHESIS); 4:19's host apportioned (obey_horeb by CALL)
PASS  [MOVE]  Deut 32:7-9; THE WRITE lords_portion_his_people_jacob; seven_nations by CALL; MISHNAH AVOT 5:1 — the exam row — the_lords_portion_is_his_people_jacob_the_lot_of_his_inheritance
        ->  lords_portion_his_people_jacob [status]  the LORD's portion His people, Jacob — the STATUS the line song_nations_divided_lords_portion_declared writes on Israel: 'FOR THE LORD'S PORTION IS HIS PEOPLE, JACOB THE LOT OF HIS INHERITANCE' (32:9) — Onkelos the lot: a NEW status beside the tape's treasured_people (Exodus 19:5 — exodus_story.sinai's treasure seats), lord_declared_israel_treasure_people (26:18) and became_the_lords_people_this_day (27:9, 29:12) — seven_nations.the_holy_people by CALL, the references UNMOVED; 311:1 Abraham chosen from the seventy (mamre by CALL); Avot 5:1 at 313:8 and 330:1 (the ten utterances — a parameter)
PASS  [MOVE]  Deut 32:10-12; THE WRITE found_in_the_desert_encircled_and_kept; good_land, exodus_story, beha by CALL — the tape's own lines — he_found_him_in_a_desert_land_and_in_the_howling_waste
        ->  found_in_the_desert_encircled_and_kept [status]  found in the desert, encircled and kept — the STATUS the line song_found_in_the_desert_declared writes on Israel: 'HE FOUND HIM IN A DESERT LAND, and in the waste, the howling wilderness; HE COMPASSED HIM ABOUT, HE CARED FOR HIM' (32:10) — Onkelos at its fullest: He supplied their needs, made them dwell round His Shekhinah, TAUGHT THEM THE WORDS OF THE TORAH — the desert the Torah's school (the Sifrei 313); the tape's own lines RUN CITATIONS by kind — the manna (exodus_story), the water from the rock (good_land's two rocks), the cloud and the well (beha's three gifts), the camp round the Presence; never a second act
PASS  [MOVE]  Deut 32:10-12; THE WRITE apple_of_his_eye_kept; TOSEFTA ARAKHIN 1:4 — the exam row; exodus_story by CALL — he_compassed_him_cared_for_him_kept_him_as_the_apple_of_his_eye
        ->  apple_of_his_eye_kept [status]  kept as the apple of His eye — the STATUS the line song_found_in_the_desert_declared writes on Israel: 'HE KEPT HIM AS THE APPLE OF HIS EYE' (32:10) — 313:9: TOSEFTA ARAKHIN 1:4 THE CASE (the ledger's 'Arakhin 1:10' the translator's number): Israel at Sinai pushed back twelve mil and brought forward twelve mil at every word — twenty-four mil; THE PARAMETER the_camps_twelve_mil, a DATA row beside exodus_story.sinai by CALL — the camp's size the answer sheet's number, the ink's 'as the apple of His eye' the measure of the keeping
PASS  [MOVE]  Deut 32:10-12; THE WRITE as_an_eagle_stirring_its_nest_borne; the twin taught at 314:3 — exodus_story by CALL — as_an_eagle_stirs_up_her_nest_hovers_spreads_her_wings_takes_and_bears
        ->  as_an_eagle_stirring_its_nest_borne [status]  borne as an eagle stirring its nest — the STATUS the line song_found_in_the_desert_declared writes on Israel: 'AS AN EAGLE STIRS UP HER NEST, hovers over her young, spreads her wings, takes them, bears them on her pinions' (32:11) — 'as an eagle' once in the Torah; Exodus 19:4's eagles' wings the twin TAUGHT at 314:3 (a transfer with its teacher — exodus_story.sinai by CALL); Onkelos the eagle that hastens; the parable 314:1-2 the spine's
PASS  [MOVE]  Deut 32:10-12; THE WRITE the_lord_alone_led_no_foreign_god; balak by CALL; Onkelos's world to come a note — the_lord_alone_led_him_and_no_strange_god_with_him
        ->  the_lord_alone_led_no_foreign_god [status]  the LORD alone led him, no foreign god — the STATUS the line song_found_in_the_desert_declared writes on Israel: 'THE LORD ALONE LED HIM, AND THERE WAS NO STRANGE GOD WITH HIM' (32:12) — 356:5's 'alone' against Numbers 23:9 (balak.the_stands by CALL: a people that dwells alone); Onkelos THE WORLD TO COME — the LORD alone is destined to make them dwell in the world that is to be renewed (the translator's eschatology, a DATA note, no write of it)
PASS  [MOVE]  Deut 32:13-14; the qere's fourteenth token — a variant; no write — he_made_him_ride_on_the_high_places_of_the_earth_and_eat_the_fruitage_of_the_field
        ->  accepted           [heaven]  accepted for him — the offering's acceptance state
PASS  [MOVE]  Deut 32:13-14; THE WRITE heights_of_the_land_ridden_honey_from_the_rock; good_land by CALL — the two rocks; Joshua's tape forward — honey_out_of_the_crag_and_oil_out_of_the_flinty_rock
        ->  heights_of_the_land_ridden_honey_from_the_rock [status]  the heights of the land ridden, honey from the rock — the STATUS the line song_heights_honey_rock_declared writes on Israel: 'HE MADE HIM RIDE ON THE HIGH PLACES OF THE EARTH, and he ate the fruitage of the field; HE MADE HIM SUCK HONEY OUT OF THE CRAG AND OIL OUT OF THE FLINTY ROCK' (32:13) — THE STORE'S ONE MISMATCH (the qere beside the ketiv, a fourteenth token — the readback row VARIANT); 'honey out of the crag' ONCE in the Bible; the flint's five seats (8:15 among them — good_land's the_rock_of_flint by CALL: the two rocks' two words); Onkelos the spoil of the rulers of cities — the conquest NOT ON THIS TAPE (Joshua's book cited never read)
PASS  [MOVE]  Deut 32:13-14; THE WRITE feast_of_curd_milk_fat_and_wine_given; MISHNAH KILAYIM 3:2, PEAH 3:2, AVOT 6:9 — the exam rows; opening_speech, persons_poor_court, holiness by CALL — curd_of_kine_milk_of_sheep_fat_of_lambs_rams_of_bashan_and_he_goats
        ->  feast_of_curd_milk_fat_and_wine_given [status]  the feast of curd, milk, fat and wine given — the STATUS the line song_heights_honey_rock_declared writes on Israel: 'CURD OF KINE AND MILK OF SHEEP, with FAT OF LAMBS AND RAMS OF BASHAN and he-goats, with the kidney-fat of wheat; and of THE BLOOD OF THE GRAPE YOU DRANK foaming wine' (32:14) — Bashan the tape's conquest (opening_speech.sihon_and_og by reference); THE FEAST DATED AND DIVIDED by the spine 317:2-6 — the altar's classes and the Torah's forms, the middot named at 317:3 (a DATA note); Kilayim 3:2 at 317:6 (the seed bed — a parameter; persons_poor_court by CALL for the vineyard's rule) and Peah 3:2 (the striped field — a parameter; holiness.gifts by CALL) THE CASES; Avot 6:9 (the place of Torah); Onkelos the blood of their mighty men poured like water
PASS  [MOVE]  Deut 32:13-14; the feast's last clause; no write — the_kidney_fat_of_wheat_and_the_blood_of_the_grape_you_drank
        ->  accepted           [heaven]  accepted for him — the offering's acceptance state
PASS  [MOVE]  Deut 32:15-18; THE WRITE jeshurun_fat_kicked_forsook_god; THE FALSE EIGHT guarded (a DATA row); covenant_return_charge, good_land by CALL — jeshurun_grew_fat_and_kicked_you_grew_fat_thick_and_gross
        ->  jeshurun_fat_kicked_forsook_god [status]  Jeshurun grew fat and kicked, forsook God — the STATUS the line song_jeshurun_fat_kicked_declared writes on Israel: 'BUT JESHURUN GREW FAT AND KICKED — YOU GREW FAT, YOU GREW THICK, YOU BECAME GROSS — and HE FORSOOK GOD WHO MADE HIM AND CONTEMNED THE ROCK OF HIS SALVATION' (32:15) — THE FALSE EIGHT: 'you grew fat' (shamanta) read by the parser as the number eight, a verb (Onkelos 'you prospered'; the Sifrei 318:4-5's dated reading — the fat of the generation before the exile): the DATA row the_false_eight, no count; 31:20's satiety the twin TAUGHT at 318:1 (covenant_return_charge by CALL); Onkelos: forsook THE SERVICE, provoked before the Mighty One who redeemed him — the status worded from the Aramaic; Sotah 1:7 at 318:8 the case's second seat
PASS  [MOVE]  Deut 32:15-18; Onkelos's rule — the service forsaken; naso by CALL; no second write — he_forsook_god_who_made_him_and_contemned_the_rock_of_his_salvation
        ->  accepted           [heaven]  accepted for him — the offering's acceptance state
PASS  [MOVE]  Deut 32:15-18; no kin by shared tokens; no write — they_roused_him_to_jealousy_with_strange_gods_and_provoked_him_with_abominations
        ->  accepted           [heaven]  accepted for him — the offering's acceptance state
PASS  [MOVE]  Deut 32:15-18; THE WRITE demons_and_new_gods_sacrificed; seducers, courts_prophet by CALL — they_sacrificed_to_demons_no_gods_new_ones_that_came_up_of_late
        ->  demons_and_new_gods_sacrificed [status]  demons and new gods sacrificed to — the STATUS the line song_jeshurun_fat_kicked_declared writes on Israel: 'THEY SACRIFICED TO DEMONS, NO-GODS, GODS THEY KNEW NOT, NEW ONES THAT CAME UP OF LATE, which your fathers dreaded not' (32:17) — the song's own accusation (no act on the tape at this day); 29:25's 'gods they knew not' the kin inside the book, 13:7's 'gods you have not known' seducers.the_inciter by CALL (the idolatry predicate's terms — other_gods_barred UNMOVED, courts_prophet's three acts); Onkelos the demons in whom there is no use, the gods mere fears; Psalm 106:37's demons the Writings' seat cited never read
PASS  [MOVE]  Deut 32:15-18; THE WRITE rock_that_begot_you_forgotten; good_land by CALL — of_the_rock_that_begot_you_you_were_unmindful_and_forgot_god_who_bore_you
        ->  rock_that_begot_you_forgotten [status]  the Rock that begot you forgotten — the STATUS the line song_jeshurun_fat_kicked_declared writes on Israel: 'OF THE ROCK THAT BEGOT YOU YOU WERE UNMINDFUL, AND FORGOT GOD WHO BORE YOU' (32:18) — the narrative form inside the song; Onkelos the fear of the Mighty One who created you forgotten (the translator's rule — the fear forgotten, never God Himself); 8:11-19's forgetting the kin (good_land's testimony by CALL); the parables 319:2 the spine's
PASS  [MOVE]  Deut 32:19-22; THE LINE song_face_hidden_foolish_nation_declared — the frame; no write — the_lord_saw_and_spurned_from_the_provoking_of_his_sons_and_daughters
        ->  accepted           [heaven]  accepted for him — the offering's acceptance state
PASS  [MOVE]  Deut 32:19-22; face_hidden_and_forsaken_foretold REUSED — the hidden face the third time; covenant_return_charge, good_land, erection by CALL — i_will_hide_my_face_from_them_i_will_see_what_their_end_shall_be
        ->  face_hidden_and_forsaken_foretold [heaven]  the face hidden and the forsaking foretold — the conditional HEAVEN entry the line apostasy_and_hidden_face_foretold writes on Israel: 'then My anger shall be kindled against them in that day and I WILL FORSAKE THEM AND HIDE MY FACE FROM THEM, and they shall be devoured' (31:17) — THE HIDDEN FACE: Onkelos 'I will remove My Shekhinah' at 31:17, 31:18 and 32:20 (the reading's crown); 'I will hide My face' the form's one seat (32:20 the song's); the face hidden the covenant's negative arm on Heaven's side (glory_appeared the positive — the two faces of one ledger); Leviticus 26:38's devouring the twin (tochacha by CALL); Chagigah 5a-b OWED; 31:18's infinitive absolute 'I will surely hide' (8:19's doubled warning — good_land by CALL)
PASS  [MOVE]  Deut 32:19-22; THE WRITE jealousy_by_no_people_foolish_nation; firstfruits_ebal_curses by CALL — i_will_rouse_them_to_jealousy_with_a_no_people_with_a_vile_nation_provoke_them
        ->  jealousy_by_no_people_foolish_nation [heaven]  jealousy by a no-people, a foolish nation — the HEAVEN entry the line song_face_hidden_foolish_nation_declared writes on Israel: 'THEY HAVE ROUSED ME TO JEALOUSY WITH A NO-GOD, provoked Me with their vanities — AND I WILL ROUSE THEM TO JEALOUSY WITH A NO-PEOPLE, WITH A VILE NATION I WILL PROVOKE THEM' (32:21) — the measure for measure (32:6's foolish people answered); the eagle nation of 28:49 the compiled kin (firstfruits_ebal_curses by CALL — eagle_nation_devours UNMOVED); Onkelos the no-god a no-fear, the nation foolish; a declared future — the Prophets' fulfilments cited never read
PASS  [MOVE]  Deut 32:19-22; THE WRITE fire_kindled_to_the_lowest_sheol; obey_horeb by CALL — a_fire_is_kindled_in_my_nostril_and_burns_to_the_depths_of_sheol
        ->  fire_kindled_to_the_lowest_sheol [heaven]  a fire kindled to the lowest Sheol — the HEAVEN entry the line song_face_hidden_foolish_nation_declared writes on Israel: 'FOR A FIRE IS KINDLED IN MY NOSTRIL AND BURNS TO THE DEPTHS OF SHEOL, devours the earth and her produce, sets ablaze the foundations of the mountains' (32:22) — Onkelos: a strong east wind like fire from before Me — no fire in God's nostril; 4:24's consuming fire the kin (obey_horeb by CALL); a declared future, the HEAVEN entry its record
PASS  [MOVE]  Deut 32:23-25; THE WRITE evils_heaped_arrows_spent; firstfruits_ebal_curses by CALL; the Sifrei 43:24 — i_will_heap_evils_upon_them_i_will_spend_my_arrows_upon_them
        ->  evils_heaped_arrows_spent [heaven]  evils heaped, the arrows spent — the HEAVEN entry the line song_evils_heaped_declared writes on Israel: 'I WILL HEAP EVILS UPON THEM, I WILL SPEND MY ARROWS UPON THEM' (32:23) — the Sifrei 43:24's outside row: My arrows are spent and they are not spent — the promise inside the curse; Onkelos the arrows plagues (28:59-61's blows on the tape — firstfruits_ebal_curses by CALL, plagues_made_wonderful UNMOVED)
PASS  [MOVE]  Deut 32:23-25; inside the line's second write; no write — the_wasting_of_hunger_the_devouring_of_the_fiery_bolt_and_bitter_destruction
        ->  accepted           [heaven]  accepted for him — the offering's acceptance state
PASS  [HYP]  Deut 32:23-25; THE WRITE hunger_beasts_serpents_sword_terror_sent; tochacha (the hypothesis labeled), firstfruits_ebal_curses, chukat by CALL — the_teeth_of_beasts_and_the_venom_of_crawling_things_of_the_dust
        ->  hunger_beasts_serpents_sword_terror_sent [heaven]  hunger, beasts, serpents, the sword and terror sent — the HEAVEN entry the line song_evils_heaped_declared writes on Israel: 'THE WASTING OF HUNGER, THE DEVOURING OF THE FIERY BOLT AND BITTER DESTRUCTION; THE TEETH OF BEASTS I WILL SEND UPON THEM, WITH THE VENOM OF CRAWLING THINGS OF THE DUST; WITHOUT THE SWORD SHALL BEREAVE, AND IN THE CHAMBERS TERROR' (32:24-25) — Leviticus 26:22's beasts and 26:25's sword the twins BY SENSE (a HYPOTHESIS; tochacha by CALL a REFERENCE by the ink's shared words); 28:53-57's siege (firstfruits_ebal_curses by CALL); the serpents Numbers 21:6's (chukat by reference); THE RULE OF WAR AND FAMINE (321:9 — the sword without, gather within; terror in the chambers, go out: the parameter the_rule_of_war_and_famine; Bava Kamma 60b owed)
PASS  [MOVE]  Deut 32:23-25; THE PARAMETER the_rule_of_war_and_famine (the Sifrei 321:9); Bava Kamma 60b owed — without_the_sword_shall_bereave_and_in_the_chambers_terror
        ->  accepted           [heaven]  accepted for him — the offering's acceptance state
PASS  [MOVE]  Deut 32:26-28; the decree not carried out — a counterfactual; no write — i_said_i_would_make_an_end_of_them_and_make_their_memory_cease
        ->  accepted           [heaven]  accepted for him — the offering's acceptance state
PASS  [MOVE]  Deut 32:26-28; THE WRITE blotting_out_stayed_by_the_enemys_boast; not_righteousness, erection, shelach by CALL; Gittin 56b owed — were_it_not_that_i_dreaded_the_enemys_provocation_lest_they_say_our_hand_is_exalted
        ->  blotting_out_stayed_by_the_enemys_boast [heaven]  the blotting out stayed by the enemy's boast — the HEAVEN entry the line song_enemys_boast_declared writes on Israel: 'I SAID: I WOULD MAKE AN END OF THEM, I WOULD MAKE THEIR MEMORY CEASE FROM AMONG MEN — WERE IT NOT THAT I DREADED THE ENEMY'S PROVOCATION, lest their adversaries misjudge, LEST THEY SAY: OUR HAND IS EXALTED, and not the LORD has wrought all this' (32:26-27) — THE DECREE NOT CARRIED OUT (a counterfactual — no write of the blotting; the reason clause the decree's stay); 9:28's 'lest the land say' the kin (not_righteousness by CALL), Exodus 32:12's and Numbers 14:16's the tape's own arguments (erection, shelach by CALL); Onkelos: God does not fear, the enemy's anger is gathered; Gittin 56b owed
PASS  [MOVE]  Deut 32:26-28; THE WRITE nation_void_of_counsel; TOSEFTA AVODAH ZARAH 9:4 — the exam row; pre_sinai by CALL — for_they_are_a_nation_void_of_counsel_and_there_is_no_understanding_in_them
        ->  nation_void_of_counsel [status]  a nation void of counsel — the STATUS the line song_enemys_boast_declared writes on Israel: 'FOR THEY ARE A NATION VOID OF COUNSEL, AND THERE IS NO UNDERSTANDING IN THEM' (32:28) — ONCE in the Bible; the spine 322:8-11 reads the nation as Israel and as the enemy both, Onkelos leaves it open (the two readings a DATA row — the compile writes the status on Israel by the spine's first reading, the second recorded): Israel's Torah, the nations' seven commandments — TOSEFTA AVODAH ZARAH 9:4 THE CASE at 322:11 (the ledger's '8:4' the translator's number; pre_sinai.noahide by CALL — Genesis 9's own law on the tape; the parameter the_seven_commandments_of_the_nations)
PASS  [MOVE]  Deut 32:29-33; 'their end' 8:16's kin — good_land by CALL; no write — if_they_were_wise_they_would_understand_this_and_discern_their_latter_end
        ->  accepted           [heaven]  accepted for him — the offering's acceptance state
PASS  [MOVE]  Deut 32:29-33; THE WRITE one_chasing_a_thousand_rock_sold_them; THE JOINED THOUSAND guarded; THE STATE ROW at 32:30; tochacha, firstfruits_ebal_curses by CALL — how_should_one_chase_a_thousand_and_two_put_ten_thousand_to_flight
        ->  one_chasing_a_thousand_rock_sold_them [status]  one chasing a thousand — their Rock sold them — the STATUS the line song_one_chasing_a_thousand_declared writes on Israel: 'HOW SHOULD ONE CHASE A THOUSAND, AND TWO PUT TEN THOUSAND TO FLIGHT, EXCEPT THEIR ROCK HAD SOLD THEM, AND THE LORD HAD DELIVERED THEM UP? FOR THEIR ROCK IS NOT AS OUR ROCK, AND OUR ENEMIES ARE JUDGES' (32:30-31) — THE JOINED THOUSAND (the parser's [1, 1002]: the Sifrei 322:10 reads the four numbers aloud, 322:12 the proverb's arithmetic — a proverb, no count; the DATA row the_joined_thousand); THE STATE ROW at 32:30 (323:5 — the Torah done, one chases a thousand: Leviticus 26:8 and 28:7, tochacha and firstfruits_ebal_curses by CALL; undone, the reversal 28:25); THE ENEMY NEITHER WITNESS NOR JUDGE (Numbers 35:23 — refuge by CALL; MISHNAH SANHEDRIN 3:5 THE CASE — the groomsman: the parameter the_enemy_disqualified); 'judges' Exodus 21:22's pelilim (ordinances by CALL); Sotah 9:9's clusters ceased (a parameter); Joshua 23:10 the Prophets' seat cited never read
PASS  [MOVE]  Deut 32:29-33; inside the line's first write; the leper's word (323:3); no write — except_their_rock_had_sold_them_and_the_lord_had_delivered_them_up
        ->  accepted           [heaven]  accepted for him — the offering's acceptance state
PASS  [MOVE]  Deut 32:29-33; THE PARAMETER the_enemy_disqualified; MISHNAH SANHEDRIN 3:5 — the exam row; refuge, ordinances by CALL — their_rock_is_not_as_our_rock_and_our_enemies_are_judges
        ->  accepted           [heaven]  accepted for him — the offering's acceptance state
PASS  [MOVE]  Deut 32:29-33; THE WRITE vine_of_sodom_gall_grapes; MISHNAH SOTAH 9:9 — the exam row; mamre by CALL — their_vine_is_of_the_vine_of_sodom_grapes_of_gall_and_bitter_clusters
        ->  vine_of_sodom_gall_grapes [status]  the vine of Sodom, grapes of gall — the STATUS the line song_one_chasing_a_thousand_declared writes on Israel: 'FOR THEIR VINE IS OF THE VINE OF SODOM, and of the fields of Gomorrah; THEIR GRAPES ARE GRAPES OF GALL, their clusters are bitter; THEIR WINE IS THE VENOM OF SERPENTS, and the cruel poison of asps' (32:32-33) — 29:22's four cities on the tape (covenant_return_charge — land_brimstone_salt_like_sodom UNMOVED); mamre.sodom by CALL — Genesis 19's own entry; Onkelos: like the punishment of Sodom is their punishment, the gall the serpents' heads, THE CUP OF THEIR PUNISHMENT (the translator's retribution); Job 20:16 the Writings' seat cited never read
PASS  [MOVE]  Deut 32:29-33; Onkelos's cup a note; Job 20:16 owed; no write — their_wine_is_the_venom_of_serpents_and_the_cruel_poison_of_asps
        ->  accepted           [heaven]  accepted for him — the offering's acceptance state
PASS  [MOVE]  Deut 32:34-38; THE WRITE vengeance_laid_up_in_store_sealed; TOSEFTA PEAH 1:1, 1:2, 1:3 — the exam rows; holiness by CALL — is_not_this_laid_up_in_store_with_me_sealed_up_in_my_treasuries
        ->  vengeance_laid_up_in_store_sealed [heaven]  vengeance laid up in store, sealed — the HEAVEN entry the line song_vengeance_in_store_declared writes on Israel: 'IS NOT THIS LAID UP IN STORE WITH ME, SEALED UP IN MY TREASURIES? VENGEANCE IS MINE, AND RECOMPENSE, AT THE TIME WHEN THEIR FOOT SHALL SLIP; for the day of their calamity is at hand' (32:34-35) — Onkelos: all their deeds revealed before Me, hidden away FOR THE DAY OF JUDGMENT (the translator's second eschatology); 324:2 THE FRUIT OF DEEDS — TOSEFTA PEAH 1:1-3 THE CASES (the parameter the_fruit_of_deeds; the peah from the beginning — holiness.gifts by CALL); 'vengeance is Mine' ONCE in the Bible, the first of the song's three; Onkelos the foot's slip the exile; 328's misprinted head cites 32:35 for 32:38's words
PASS  [MOVE]  Deut 32:34-38; the first vengeance; the misprinted head a note; no write — vengeance_is_mine_and_recompense_at_the_time_their_foot_shall_slip
        ->  accepted           [heaven]  accepted for him — the offering's acceptance state
PASS  [MOVE]  Deut 32:34-38; THE WRITE lord_judges_his_people_repents_himself; Psalm 135:14 owed — the_lord_will_judge_his_people_and_repent_himself_for_his_servants
        ->  lord_judges_his_people_repents_himself [heaven]  the LORD judges His people and repents Himself — the HEAVEN entry the line song_vengeance_in_store_declared writes on Israel: 'FOR THE LORD WILL JUDGE HIS PEOPLE, AND REPENT HIMSELF FOR HIS SERVANTS, when He sees that their stay is gone and there is none remaining, shut up or left at large' (32:36) — QUOTED WHOLE in Psalm 135:14 (seven in order — the Writings' seat cited never read); 1 Kings 14:10's shut up and left the pair; Onkelos: the judgment of His people, the punishment of His righteous servants avenged; 326:4-6 the pleaders' rank (like Moses, Aaron, Phinehas)
PASS  [MOVE]  Deut 32:34-38; THE WRITE where_are_their_gods_asked; THE PARAMETER the_name_profaned_at_once (328:4); decalogue by CALL; Yoma 86a owed — where_are_their_gods_the_rock_in_whom_they_trusted_let_them_rise_up_and_help_you
        ->  where_are_their_gods_asked [status]  where are their gods, asked — the STATUS the line song_vengeance_in_store_declared writes on Israel: 'AND HE WILL SAY: WHERE ARE THEIR GODS, THE ROCK IN WHOM THEY TRUSTED, who ate the fat of their sacrifices and drank the wine of their libation? let them rise up and help you, let them be your protection' (32:37-38) — THE MISPRINTED HEAD (piska 328 opens with 32:38's words under a marker reading 32:35 — the rows seated by their own words); the eighth takifa, the false rock given the true Rock's title; the libation the offering vocabulary turned on the idols (musafim by reference); 328:3's daily offering the compiled Numbers 28; 328:4 THE NAME PROFANED PUNISHED AT ONCE — a rule from the verse (the parameter the_name_profaned_at_once; decalogue.vain_name by CALL; Yoma 86a owed)
PASS  [MOVE]  Deut 32:39-43; THE WRITE i_i_am_he_no_god_beside_me; hear_o_israel, obey_horeb by CALL — see_now_that_i_even_i_am_he_and_there_is_no_god_with_me
        ->  i_i_am_he_no_god_beside_me [status]  I, I am He, no god beside Me — the STATUS the line song_i_am_he_declared writes on Israel: 'SEE NOW THAT I, EVEN I, AM HE, AND THERE IS NO GOD WITH ME' (32:39) — the imperative plural; THE SEVEN BLANK 'I' GLOSSES patched by reference at the reading's tail; 329:1 the unity — 6:4's status reaffirmed (hear_o_israel.the_creed by CALL, shema_commanded UNMOVED); Onkelos: no god apart from Me — the Speaker's declaration written on Israel's ledger as the song's creed
PASS  [MOVE]  Deut 32:39-43; THE WRITE i_kill_and_make_alive_none_delivers; THE DATA ROW the_no_ransom; ordinances, incense_shekel, refuge by CALL; Pesachim 68a and Sanhedrin 91b owed — i_kill_and_i_make_alive_i_have_wounded_and_i_heal_and_none_delivers_out_of_my_hand
        ->  i_kill_and_make_alive_none_delivers [status]  I kill and I make alive, none delivers — the STATUS the line song_i_am_he_declared writes on Israel: 'I KILL AND I MAKE ALIVE, I HAVE WOUNDED AND I HEAL, AND THERE IS NONE THAT CAN DELIVER OUT OF MY HAND' (32:39) — ONCE in the Bible; the resurrection's verse in the tradition (Pesachim 68a and Sanhedrin 91b owed, cited never read); 329:4 NO FATHER DELIVERS A SON, the soul beyond ransom — Exodus 21:30's kofer (ordinances.courts and incense_shekel.shekel by CALL; refuge's the_ransom_rows — no ransom for a murderer, Numbers 35:31): the DATA row the_no_ransom; healed and healer_promised the tape's (exodus_story by reference)
PASS  [MOVE]  Deut 32:39-43; THE WRITE hand_lifted_to_heaven_live_forever_sworn; seven_nations, mamre by CALL; MISHNAH AVOT 5:1 — i_lift_up_my_hand_to_heaven_and_say_as_i_live_forever
        ->  hand_lifted_to_heaven_live_forever_sworn [status]  the hand lifted to heaven, as I live forever sworn — the STATUS the line song_i_am_he_declared writes on Israel: 'FOR I LIFT UP MY HAND TO HEAVEN AND SAY: AS I LIVE FOREVER' (32:40) — ONCE in the Bible; the oath gesture; Onkelos: I have established in heaven the house of My Shekhinah, I endure forever — no hand raised; the oath by God's own life (the tape's oath_sworn lines by kind — seven_nations.the_holy_people by CALL, a reference); Avot 5:1 at 330:1 the ten utterances again
PASS  [MOVE]  Deut 32:39-43; THE WRITE sword_whetted_vengeance_rendered; tochacha by CALL — if_i_whet_my_glittering_sword_i_will_render_vengeance_to_my_adversaries
        ->  sword_whetted_vengeance_rendered [heaven]  the sword whetted, vengeance rendered — the HEAVEN entry the line song_i_am_he_declared writes on Israel: 'IF I WHET MY GLITTERING SWORD, and My hand take hold on judgment, I WILL RENDER VENGEANCE TO MY ADVERSARIES, and will recompense those who hate Me; I will make My arrows drunk with blood, My sword shall devour flesh' (32:41-42) — the second vengeance; Onkelos the sky-wide sword; 32:42 the arrows drunk with blood, the enemy's crowns; a declared future on the adversaries — the entry on Israel's ledger the song's own record
PASS  [MOVE]  Deut 32:39-43; THE WRITE nations_sing_with_his_people_land_atones; MISHNAH BERAKHOT 1:1 — the exam row; hear_o_israel, refuge, refuge_war_family by CALL — sing_aloud_o_nations_of_his_people_he_avenges_the_blood_of_his_servants_and_makes_expiation_for_the_land_of_his_people
        ->  nations_sing_with_his_people_land_atones [heaven]  the nations sing with His people, the land atones — the HEAVEN entry the line song_i_am_he_declared writes on Israel: 'SING ALOUD, O NATIONS, OF HIS PEOPLE, FOR HE AVENGES THE BLOOD OF HIS SERVANTS, renders vengeance to His adversaries, AND MAKES EXPIATION FOR THE LAND OF HIS PEOPLE' (32:43) — the imperative plural the song's last; the third vengeance; the verb of atonement closing the song — 333:4 THE LAND ATONES: R. Meir — whoever dwells in the land, recites the Shema morning and evening and speaks the holy tongue is of the world to come: MISHNAH BERAKHOT 1:1 THE CASE (the parameter the_shemas_evening_time — hear_o_israel's the_recitation_times by CALL); Numbers 35:33's atonement by the shedder's blood (refuge's the_lands_atonement by CALL, 21:8's innocent_blood_atoned UNMOVED); Onkelos: He will atone for His land and for His people; 333:5 the song's three times and two worlds
PASS  [MOVE]  Deut 32:44-45; THE LINE song_spoken_by_moses_and_hoshea (an ACT); THE WRITE song_spoken_in_the_ears_of_the_people; THE DATA ROW the_song_spoken_twice; covenant_return_charge, covenant_at_horeb by CALL — moses_came_and_spoke_all_the_words_of_this_song_in_the_ears_of_the_people
        ->  song_spoken_in_the_ears_of_the_people [status]  the song spoken in the ears of the people — the STATUS the line song_spoken_by_moses_and_hoshea writes on Israel: 'AND MOSES CAME AND SPOKE ALL THE WORDS OF THIS SONG IN THE EARS OF THE PEOPLE' (32:44) — THE SONG SPOKEN TWICE: 31:30's song_spoken_to_the_assembly_to_its_end on the tape (covenant_return_charge's line by CALL, UNMOVED) and 32:44's coming — 334:1 sets 31:1's 'went' against 32:44's 'came' and resolves it by THE SUCCESSOR'S COMING, a second act, not a retelling (the spine's own move); 'in the ears of the people' with Exodus 11:2 and 24:7; Onkelos THIS PRAISE
PASS  [MOVE]  Deut 32:44-45; THE WRITE hoshea_speaks_the_song_beside_moses on yehoshua; the old name — shelach by CALL — he_and_hoshea_the_son_of_nun
        ->  hoshea_speaks_the_song_beside_moses [status]  Hoshea speaks the song beside Moses — the STATUS the line song_spoken_by_moses_and_hoshea writes on Joshua (the entity yehoshua): 'HE AND HOSHEA THE SON OF NUN' (32:44) — THE OLD NAME KEPT (334:3): Hoshea of Numbers 13:16 (shelach.spies('joshua_name') by CALL — the new name at eight seats before 13:16, the old again here alone: a RUN CITATION of the tape's own naming; Tosefta Berakhot 1:15 on the callee's row: the same man); the successor come — his ledger's ninth entry (commissioned at 31:23, invested at Numbers 27:22)
PASS  [MOVE]  Deut 32:44-45; the act's close; covenant_return_charge by CALL; no write — moses_made_an_end_of_speaking_all_these_words_to_all_israel
        ->  accepted           [heaven]  accepted for him — the offering's acceptance state
PASS  [MOVE]  Deut 32:46-47; THE LINE set_your_heart_no_empty_matter_declared (the STATUTE); THE WRITE set_your_heart_to_these_words_commanded; MISHNAH CHAGIGAH 1:8 — the exam row; vows, mekoshesh, moadim, festivals_judges, vayikra5 by CALL — set_your_heart_to_all_the_words_which_i_testify_against_you_this_day
        ->  set_your_heart_to_these_words_commanded [status]  set your heart to these words, commanded — the STATUS the line set_your_heart_no_empty_matter_declared writes on Israel: 'SET YOUR HEART TO ALL THE WORDS WHICH I TESTIFY AGAINST YOU THIS DAY, THAT YOU MAY COMMAND YOUR CHILDREN TO OBSERVE TO DO ALL THE WORDS OF THIS LAW' (32:46) — 'set your heart' here and Haggai thrice; the witness verb of 4:26, 30:19, 31:28 (the chain by CALL); 31:12's six words in order (the hakhel's children by CALL, hakhel_children_hear_and_learn_commanded UNMOVED); 6:7's teaching (hear_o_israel.the_four_duties by CALL); Onkelos THIS TORAH; MISHNAH CHAGIGAH 1:8 THE CASE at 335:1 — the mountains by a hair (the parameter the_mountains_by_a_hair; vows' sage_release, mekoshesh's gatherers_labor, moadim, vayikra5.sacrilege by CALL — the four families named)
PASS  [MOVE]  Deut 32:46-47; 31:12's children, 6:7's teaching — covenant_return_charge, hear_o_israel by CALL; no second write — that_you_may_command_your_children_to_observe_to_do_all_the_words_of_this_law
        ->  accepted           [heaven]  accepted for him — the offering's acceptance state
PASS  [MOVE]  Deut 32:46-47; THE WRITE it_is_your_life_no_empty_matter; MISHNAH PEAH 1:1 and TOSEFTA PEAH 1:1 — the exam rows; holiness, firstfruits_ebal_curses, festivals_judges, persons_poor_court by CALL — for_it_is_no_vain_thing_for_you_because_it_is_your_life
        ->  it_is_your_life_no_empty_matter [status]  it is your life, no empty matter — the STATUS the line set_your_heart_no_empty_matter_declared writes on Israel: 'FOR IT IS NO VAIN THING FOR YOU, BECAUSE IT IS YOUR LIFE' (32:47) — ONCE in the Bible; the Sifrei 48:2 and 48:10 the outside rows — the thing you call empty is your life; 336:1 Esau's one commandment to Jacob's whole Torah; 336:2 MISHNAH PEAH 1:1 INSIDE THE SPINE — the things without measure each given its verse, THE NEST (22:7) ADDED by the spine: the peah (holiness.gifts by CALL), the first fruits and the parameter the_things_without_measure (firstfruits_ebal_curses's own row by CALL), the appearing (festivals_judges.the_three_pilgrimages by CALL), deeds of kindness (mamre by reference), the study of Torah (6:7), the nest (persons_poor_court's the_nests_sending by CALL); Tosefta Peah 1:1's minimum below, no maximum above
PASS  [MOVE]  Deut 32:46-47; length_of_days_on_the_land_promised REUSED; blessing_and_curse, covenant_return_charge by CALL; MISHNAH AVOT 6:9 — through_this_thing_you_shall_prolong_your_days_on_the_land_which_you_cross_the_jordan_to_possess
        ->  length_of_days_on_the_land_promised [heaven]  the length of days on the land promised — the conditional HEAVEN entry the line life_and_death_choice_declared writes on Israel: 'for HE IS YOUR LIFE AND THE LENGTH OF YOUR DAYS, that you may dwell in the land which the LORD swore to your fathers, to Abraham, to Isaac and to Jacob, to give them' (30:20) — the promise's own words; 4:40's, 5:16's, 11:9's prolonging the kin; the oath to the three fathers a relative clause, not the AS_WHEN form (hear_o_israel.the_gift_and_the_warning by CALL — no pointer predicted); the readback row 30:19 SUPPLIED with the writes and the two reuses
PASS  [MOVE]  Deut 32:48-50; THE LINE nebo_summons_die_as_aaron (a SPEECH of the LORD); NO MARKER — 19b's day; THE DATA ROW the_selfsame_day_seats; primeval, exodus_story, pre_sinai, covenant_return_charge, chukat, journeys by CALL — the_lord_spoke_to_moses_that_selfsame_day
        ->  accepted           [heaven]  accepted for him — the offering's acceptance state
PASS  [MOVE]  Deut 32:48-50; THE WRITE go_up_to_nebo_see_the_land_commanded on moses; the commission's debit OPEN — opening_speech, gad_reuben, borders by CALL; MISHNAH AVOT 5:6 — the exam row — go_up_into_this_mountain_of_abarim_mount_nebo_and_behold_the_land_of_canaan
        ->  go_up_to_nebo_see_the_land_commanded [status]  go up to Nebo and see the land, commanded — the STATUS the line nebo_summons_die_as_aaron writes on Moses: 'GO UP INTO THIS MOUNTAIN OF ABARIM, MOUNT NEBO, which is in the land of Moab, that is over against Jericho, AND BEHOLD THE LAND OF CANAAN which I give to the children of Israel for a possession' (32:49) — Numbers 27:12's five in order, ten tokens shared: THE COMMISSION'S MOUNTAIN (opening_speech.the_commission by CALL — one mountain, three names: Abarim, Nebo, Pisgah; the debit see_the_land_from_abarim OPEN BY DESIGN to 34:1-4 — the summons its second telling, a REFERENCE by the ink's own words, the debit not closed here); 355:6 Reuben's portion (gad_reuben's moses_grave by CALL — Reuben's Nebo, Gad's field); the land of Canaan (borders by reference); Avot 5:6 the twilight creations (a parameter)
PASS  [MOVE]  Deut 32:48-50; THE WRITE die_in_the_mountain_gathered_to_your_people_commanded on moses; THE DATA ROW moses_death_ahead; covenant_return_charge, beha, chukat by CALL — die_in_the_mount_where_you_go_up_and_be_gathered_to_your_people
        ->  die_in_the_mountain_gathered_to_your_people_commanded [status]  die in the mountain and be gathered to your people, commanded — the STATUS the line nebo_summons_die_as_aaron writes on Moses: 'AND DIE IN THE MOUNT WHERE YOU GO UP, AND BE GATHERED TO YOUR PEOPLE' (32:50) — the imperatives the chapter's eleventh and twelfth; 'be gathered to your people' in this form ONCE; Numbers 27:13's kin; THE DEATH COMMANDED, the death itself the tape's event AHEAD at 34:5 (a declared future under the retelling rules; the three gifts' daemon OWED there — covenant_return_charge's the_three_gifts_and_their_merits and beha's three_gifts by CALL); 339:1 the law of the tent read for its first words (chukat.corpse_tumah by reference); the death Moses coveted (339-341)
PASS  [MOVE]  Deut 32:48-50; THE WRITE as_aaron_died_in_hor_and_was_gathered on moses; THE POINTER 32:50 a run citation; THE DATA ROW aarons_death_the_receipt; chukat, journeys, second_tablets, family by CALL — as_aaron_your_brother_died_in_mount_hor_and_was_gathered_to_his_people
        ->  as_aaron_died_in_hor_and_was_gathered [status]  as Aaron died in Hor and was gathered — the STATUS the line nebo_summons_die_as_aaron writes on Moses: 'AS AARON YOUR BROTHER DIED IN MOUNT HOR AND WAS GATHERED TO HIS PEOPLE' (32:50) — ONCE in the Bible; AARON'S DEATH THE RECEIPT (339:3's retelling): the tape's Numbers 20:28 (garments_transferred_and_aaron_died at (40, 5, 1), aged 123 — chukat.edom_and_hor by CALL) and 33:38 (journeys.aarons_death_retold — ten asks, no_write: a retelling never writes an act twice), second_tablets's Moserah row; gathered_to_his_people and barred_from_the_land UNMOVED; the manner commanded — by the kiss (chukat.meribah('death_by_the_kiss')); THE POINTER 32:50 AS_WHEN a RUN_CITATION; family.testament by reference (Jacob's gathering the form's Genesis seat)
PASS  [MOVE]  Deut 32:51-52; THE LINE meribah_trespass_not_go_there_declared (a SPEECH of the LORD); THE WRITE trespassed_at_meribath_kadesh_not_sanctified on moses; chukat, opening_speech by CALL — because_you_trespassed_against_me_at_the_waters_of_meribath_kadesh_in_the_wilderness_of_zin
        ->  trespassed_at_meribath_kadesh_not_sanctified [status]  the trespass at Meribath-kadesh, not sanctified — the STATUS the line meribah_trespass_not_go_there_declared writes on Moses: 'BECAUSE YOU TRESPASSED AGAINST ME in the midst of the children of Israel AT THE WATERS OF MERIBATH-KADESH, IN THE WILDERNESS OF ZIN; BECAUSE YOU DID NOT SANCTIFY ME IN THE MIDST OF THE CHILDREN OF ISRAEL' (32:51) — the plural of Numbers 20:12 (Moses and Aaron both); Numbers 27:14's four in order; Meribath-kadesh here, 27:14 and Ezekiel 48:28 alone; THE REASON — Numbers 20:12's sentence read back (chukat.meribah by CALL — the barred_from_the_land entry on Moses OPEN since 20:12, read not rewritten; opening_speech's the_sentence_cited the same rule at 27:14; 340:1 'you caused them' THRICE — RUN CITATIONS): the sentence's second citing by the LORD's mouth, the sentence itself ONE entry UNMOVED; Onkelos: you dealt falsely with My Word, the strife of Rekem
PASS  [MOVE]  Deut 32:51-52; the sentence's own words; chukat by CALL; no second write — because_you_did_not_sanctify_me_in_the_midst_of_the_children_of_israel
        ->  accepted           [heaven]  accepted for him — the offering's acceptance state
PASS  [MOVE]  Deut 32:51-52; THE WRITE see_the_land_from_afar_not_go_there on moses; 34:4 ahead owed; opening_speech by CALL — you_shall_see_the_land_before_you_but_there_you_shall_not_go
        ->  see_the_land_from_afar_not_go_there [heaven]  see the land from afar, not go there — the HEAVEN entry the line meribah_trespass_not_go_there_declared writes on Moses: 'FOR YOU SHALL SEE THE LAND BEFORE YOU, BUT THERE YOU SHALL NOT GO, into the land which I give to the children of Israel' (32:52) — ONCE in this form; 34:4's 'there you shall not cross' the kin AHEAD (341:1 and 357:27 set 32:52's 'go' against 34:4's 'cross' — THE FOUR DENIALS: not as king nor commoner, not alive nor dead; 34:4 cited never read — READ THEN COMPILE PER PORTION, a pointer row OWED to the next sitting); the seeing granted and the entering denied — the sentence's positive arm with its bar; 3:27's Pisgah the retelling READ BACK by opening_speech; THE CHAPTER'S CLOSE
PASS  [DATA]  Deut 32:1-52 (the readback table); RB — the readback table, fifty-two rows — the_table
        ->  accepted           [heaven]  accepted for him — the offering's acceptance state
PASS  [DATA]  Deut 32:1-52 (the readback table); RB — the sixteen lines' first verses — the_supplied_rows
        ->  accepted           [heaven]  accepted for him — the offering's acceptance state
PASS  [DATA]  Deut 32:1-52 (the readback table); RB — the T1 rows against the tape's lines (the song's past) — the_reference_rows
        ->  accepted           [heaven]  accepted for him — the offering's acceptance state
PASS  [DATA]  Deut 32:1-52 (the readback table); RB — none in the chapter; the pointers ahead owed; 32:50's run citation — the_receipts
        ->  accepted           [heaven]  accepted for him — the offering's acceptance state
PASS  [DATA]  Deut 32:1-52 (the readback table); RB — the state row at 32:30; no pointer row — the_state_and_the_pointers
        ->  accepted           [heaven]  accepted for him — the offering's acceptance state
PASS  [DATA]  Deut 32:1-52 (the readback table); RB — the reading's kin asserts read again — the_twin_diffed
        ->  accepted           [heaven]  accepted for him — the offering's acceptance state
PASS  [DATA]  Deut 32:1-52 (the readback table); RB — the song's past retold as reference rows, its future the heaven entries; no marker — no_retrograde_row
        ->  accepted           [heaven]  accepted for him — the offering's acceptance state

MATRIX: 72/72 cells match the answer sheet
FRACTIONS: pure ink 0/72 (0%) · named moves 63/72 (88%) · data 7/72 (10%) · hypotheses 2/72 (the H class, counted apart — never as compiled)
LEDGER OPS this span writes: heaven x39, status x33
THE INK: the number verses {'32:15': [8], '32:30': [1, 1002]}, the ordinals {} (the starred tokens at [(32, 30)]); the negations {'32:5': 1, '32:6': 1, '32:17': 3, '32:20': 1, '32:27': 1, '32:30': 1, '32:31': 1, '32:47': 1, '32:51': 1, '32:52': 1}; the Name 7 bare tokens; the tokens {32: 615}
THE READBACK — THE FORMS ON FILE, NO NEW FORM: 52 rows — {'SUPPLIED': 16, 'VERBATIM': 23, 'SHORTENED': 8, 'VARIANT': 5}; on the tape 29, in the kin's cells by CALL 40 (every cell found True); the SUPPLIED rows ['Deut 32:1', 'Deut 32:5', 'Deut 32:7', 'Deut 32:10', 'Deut 32:13', 'Deut 32:15', 'Deut 32:19', 'Deut 32:23', 'Deut 32:26', 'Deut 32:29', 'Deut 32:34', 'Deut 32:39', 'Deut 32:44', 'Deut 32:46', 'Deut 32:48', 'Deut 32:51']; the rows with writes [('Deut 32:1', 'heaven_and_earth_witness'), ('Deut 32:2', 'doctrine_as_rain_and_dew_likened'), ('Deut 32:3', 'name_of_the_lord_proclaimed_greatness_ascribed'), ('Deut 32:4', 'the_rock_perfect_and_just_declared'), ('Deut 32:5', 'generation_crooked_not_his_children'), ('Deut 32:6', 'father_who_acquired_you_requited'), ('Deut 32:7', 'days_of_old_remember_commanded'), ('Deut 32:8', 'nations_bounds_set_by_number_of_israel'), ('Deut 32:9', 'lords_portion_his_people_jacob'), ('Deut 32:10', 'found_in_the_desert_encircled_and_kept'), ('Deut 32:11', 'as_an_eagle_stirring_its_nest_borne'), ('Deut 32:12', 'the_lord_alone_led_no_foreign_god'), ('Deut 32:13', 'heights_of_the_land_ridden_honey_from_the_rock'), ('Deut 32:14', 'feast_of_curd_milk_fat_and_wine_given'), ('Deut 32:15', 'jeshurun_fat_kicked_forsook_god'), ('Deut 32:17', 'demons_and_new_gods_sacrificed'), ('Deut 32:18', 'rock_that_begot_you_forgotten'), ('Deut 32:19', 'jealousy_by_no_people_foolish_nation'), ('Deut 32:20', 'face_hidden_and_forsaken_foretold'), ('Deut 32:22', 'fire_kindled_to_the_lowest_sheol'), ('Deut 32:23', 'evils_heaped_arrows_spent'), ('Deut 32:24', 'hunger_beasts_serpents_sword_terror_sent'), ('Deut 32:26', 'blotting_out_stayed_by_the_enemys_boast'), ('Deut 32:28', 'nation_void_of_counsel'), ('Deut 32:29', 'one_chasing_a_thousand_rock_sold_them'), ('Deut 32:32', 'vine_of_sodom_gall_grapes'), ('Deut 32:34', 'vengeance_laid_up_in_store_sealed'), ('Deut 32:36', 'lord_judges_his_people_repents_himself'), ('Deut 32:37', 'where_are_their_gods_asked'), ('Deut 32:39', 'i_i_am_he_no_god_beside_me'), ('Deut 32:40', 'hand_lifted_to_heaven_live_forever_sworn'), ('Deut 32:41', 'sword_whetted_vengeance_rendered'), ('Deut 32:43', 'nations_sing_with_his_people_land_atones'), ('Deut 32:44', 'song_spoken_in_the_ears_of_the_people'), ('Deut 32:46', 'set_your_heart_to_these_words_commanded'), ('Deut 32:47', 'length_of_days_on_the_land_promised'), ('Deut 32:48', 'go_up_to_nebo_see_the_land_commanded'), ('Deut 32:50', 'as_aaron_died_in_hor_and_was_gathered'), ('Deut 32:51', 'trespassed_at_meribath_kadesh_not_sanctified'), ('Deut 32:52', 'see_the_land_from_afar_not_go_there')]; the pointer rows []; the state rows ['Deut 32:30']; the OPEN rows []; the holes 0
THE COUNTER AND THE PARAMETERS: {'counter': (40, 12, 7), 'marker': None, 'marker_verse': None, 'marker_at': None, 'days_walked': 0, 'the_day_by': "19b's marker at Deut 31:1 (the number's verse 31:2) — the_death_date_of_moses on the calendar's keys", 'clock_data': ['the_death_date_of_moses']}; the parameters 25 (in the registry 0, in DATA 25); DATA rows 45
THE SCANS on the one database: the forty-two on their ledgers {'israel_people': [], 'yehoshua': [], 'moses': []}; the kin counts {'barred_from_the_land': 2, 'gathered_to_his_people': 5, 'became_the_lords_people_this_day': 2, 'lord_declared_israel_treasure_people': 1, 'treasured_people': 1, 'other_gods_barred': 1, 'manna_provided': 1, 'water_from_the_rock': 2, 'eagle_nation_devours': 1, 'few_in_number_left': 1, 'scattered_among_all_peoples': 1, 'serving_wood_and_stone_among_nations': 1, 'sold_and_none_buys': 1, 'sons_flesh_eaten_in_siege': 1, 'pestilence_cleaving': 1, 'sword_blight_mildew_sent': 1, 'trembling_heart_no_rest': 1, 'plagues_made_wonderful': 1, 'innocent_blood_atoned': 1, 'two_witnesses_required': 1, 'two_or_three_witnesses_required': 1, 'one_witness_barred': 1, 'witnesses_inquiry_commanded': 1, 'plotting_witness_talion_commanded': 1, 'song_sung': 1, 'song_writing_commanded': 1, 'song_taught_and_put_in_mouths_commanded': 1, 'song_a_witness_against_israel': 1, 'song_written_and_taught_by_moses': 1, 'song_spoken_to_the_assembly_to_its_end': 1, 'book_a_witness_against_israel': 1, 'future_whoring_after_foreign_gods_foretold': 1, 'covenant_breaking_foretold': 1, 'evils_and_troubles_befall_foretold': 1, 'corruption_after_moses_death_foretold': 1, 'moses_to_sleep_with_the_fathers': 1, 'moses_days_approach_to_die': 1, 'joshua_commissioned_to_bring_israel_in': 1, 'land_brimstone_salt_like_sodom': 1, 'hidden_things_the_lords': 1, 'shema_commanded': 1, 'hakhel_children_hear_and_learn_commanded': 1, 'serpents_sent': 1, 'healed': 2, 'atoned_forgiven': 7, 'sevenfold_vengeance': 1, 'blood_required': 1, 'scattered': 1, 'building_ceased': 1, 'no_share_in_the_world_to_come': 3, 'only_noah_remained': 1, 'famine': 3, 'rain_in_its_season': 2, 'heavens_good_treasure_opened': 1, 'curses_of_the_book_on_the_idolater': 1, 'hidden_idolater_unpardoned': 1, 'heart_turning_to_other_gods_barred': 1, 'enemies_flee_seven_ways': 1, 'smitten_before_enemies_seven_ways': 1, 'nations_dispossessed_as_sihon_and_og_promised': 1, 'holy_people_promised': 1, 'established_holy_people': 1}; the reuses {'heaven_and_earth_witness': 4, 'face_hidden_and_forsaken_foretold': 1, 'length_of_days_on_the_land_promised': 1}; the entities {'barred_from_the_land': ['aaron', 'moses'], 'gathered_to_his_people': 5, 'became_the_lords_people_this_day': ['israel_people'], 'lord_declared_israel_treasure_people': ['israel_people'], 'treasured_people': ['israel_people'], 'other_gods_barred': ['israel_people'], 'manna_provided': ['israel_people'], 'water_from_the_rock': ['israel_people'], 'heaven_and_earth_witness': ['israel_people'], 'face_hidden_and_forsaken_foretold': ['israel_people'], 'length_of_days_on_the_land_promised': ['israel_people'], 'garments_transferred_and_aaron_died': [], 'invested_office': 6, 'song_spoken_to_the_assembly_to_its_end': ['israel_people']}
THE CALLEES (the facts printed and asserted from the print): 129 facts — OH_CHAIN {'this_chapter': 'Deut 4:26', 'the_chain; CR_HIDE My anger kindled, I will forsa; GL_FLINT the rock of flint (8:15) — 'wh; ES_TREASURE 4; CP_TWO two witnesses for every death ; RF_ATONE by_the_shedders_blood; CK_DATES Aaron (40, 5, 1) by the ink, a; OS_MTN the mountain of Abarim (27:12); JR_NOWRITE no write for 33:38-40 — the de; SH_NAME Hoshea to Joshua at 13:16 — th; HI_ONE the LORD is one (6:4) — the tw; FE_EAGLE a nation from the end of the e; FJ_WHO who appears (16:16) — all obli; GR_GRAVE reubens_nebo_gads_field; BR_LAND the land of Canaan (34:2) read
THE EXAM (lean): the twenty-six Mishnah and Tosefta rows ['Avodah Zarah 3:4', 'Avot 3:6', 'Avot 5:1', 'Avot 5:6', 'Avot 6:9', 'Avot 6:10', 'Berakhot 1:1', 'Berakhot 2:2', 'Berakhot 7:1', 'Berakhot 8:8', 'Chagigah 1:8', 'Kilayim 3:2', 'Nedarim 1:2', 'Peah 1:1', 'Peah 3:2', 'Sanhedrin 3:5', 'Sanhedrin 5:2', 'Sanhedrin 9:1', 'Shevuot 7:5', 'Sotah 1:7', 'Sotah 9:9', 'Arakhin 1:4', 'Avodah Zarah 9:4', 'Peah 1:1', 'Peah 1:2', 'Peah 1:3']; segments read 0
THE NARRATIVE: (45, 0, 3, (12, 7), 0, 0, 0, 0, [(12, 7)]) (the forty-five on three ledgers — Israel ['doctrine_as_rain_and_dew_likened', 'name_of_the_lord_proclaimed_greatness_ascribed', 'the_rock_perfect_and_just_declared', 'heaven_and_earth_witness', 'generation_crooked_not_his_children', 'father_who_acquired_you_requited', 'days_of_old_remember_commanded', 'nations_bounds_set_by_number_of_israel', 'lords_portion_his_people_jacob', 'found_in_the_desert_encircled_and_kept', 'apple_of_his_eye_kept', 'as_an_eagle_stirring_its_nest_borne', 'the_lord_alone_led_no_foreign_god', 'heights_of_the_land_ridden_honey_from_the_rock', 'feast_of_curd_milk_fat_and_wine_given', 'jeshurun_fat_kicked_forsook_god', 'demons_and_new_gods_sacrificed', 'rock_that_begot_you_forgotten', 'jealousy_by_no_people_foolish_nation', 'fire_kindled_to_the_lowest_sheol', 'face_hidden_and_forsaken_foretold', 'evils_heaped_arrows_spent', 'hunger_beasts_serpents_sword_terror_sent', 'blotting_out_stayed_by_the_enemys_boast', 'nation_void_of_counsel', 'one_chasing_a_thousand_rock_sold_them', 'vine_of_sodom_gall_grapes', 'vengeance_laid_up_in_store_sealed', 'lord_judges_his_people_repents_himself', 'where_are_their_gods_asked', 'i_i_am_he_no_god_beside_me', 'i_kill_and_make_alive_none_delivers', 'hand_lifted_to_heaven_live_forever_sworn', 'sword_whetted_vengeance_rendered', 'nations_sing_with_his_people_land_atones', 'song_spoken_in_the_ears_of_the_people', 'set_your_heart_to_these_words_commanded', 'it_is_your_life_no_empty_matter', 'length_of_days_on_the_land_promised']; Joshua ['hoshea_speaks_the_song_beside_moses']; Moses ['go_up_to_nebo_see_the_land_commanded', 'die_in_the_mountain_gathered_to_your_people_commanded', 'as_aaron_died_in_hor_and_was_gathered', 'trespassed_at_meribath_kadesh_not_sanctified', 'see_the_land_from_afar_not_go_there'])
THE PARAMETER ROWS: the_readback = 52 rows, 0 holes, 0 open rows; the_counter_and_the_parameters = {'counter': (40, 12, 7), 'marker': None, 'marker_verse': None, 'marker_at': None, 'days_walked': 0, 'the_day_by': "19b's marker at Deut 31:1 (the number's verse 31:2) — the_death_date_of_moses on the calendar's keys", 'clock_data': ['the_death_date_of_moses']}; the_twin_diffed = {'32:36 vs Ps 135:14': 7, '32:49 vs Num 27:12': 10, '32:45 vs 31:1': 7, '32:46 vs 31:12': 8, '32:47 vs 11:9': 5, '32:48 vs Gen 7:13': 3, '32:48 vs Exod 12:41': 3, '32:44 vs 31:30': 5, '32:44 vs Num 13:16': 4, '32:51 vs Num 27:14': 4, '32:51 vs Num 20:12': 4, '32:50 vs Num 20:28': 2, '32:1 vs 31:28': 2, '32:1 vs 4:26': 2, '32:1 vs Isa 1:2': 0, '32:11 vs Exod 19:4': 1, '32:15 vs 31:20': 0, '32:20 vs 31:17': 3, '32:17 vs 29:25': 3, '32:8 vs Gen 11:8': 0, '32:24 vs Lev 26:22': 0, '32:30 vs Lev 26:8': 1, '32:30 vs Josh 23:10': 3, '32:32 vs 29:22': 1, '32:39 vs 6:4': 0, '32:43 vs Num 35:33': 1, '32:52 vs 34:4': 3, '32:49 vs 3:27': 2, '32:13 vs 8:15': 0, '32:21 vs 28:49': 0, '32:27 vs 9:28': 3, '32:12 vs Num 23:9': 0, '32:6 vs Exod 15:16': 1}; the_parsers_hits = {'the_numbers': {'32:15': [8], '32:30': [1, 1002]}, 'the_ordinals': {}, 'the_starred': {'32:30': 1}}; the_receipts = [] (the other settings recorded in DATA — 45 rows)

THE COMPILE OF CHAPTER 32 (LEAN): the answer sheet REPRODUCED — 72/72
