the guard's count read from the generator's print: 72
assembled /Users/Shared/TorahSim/World/step9/cold_run_song_charge_nebo.py 355096 bytes; parts [82929, 39841, 33605, 36751, 58072, 57365] tail 46456
runner rc 0
MATRIX: 72/72 cells match the answer sheet
THE COMPILE OF CHAPTER 32 (LEAN): the answer sheet REPRODUCED — 72/72
dependency rc 0
live edges beyond the token census (calls the census did not require): 600 — ALL ON FILE (rule 9)
index: World/step9/DEPENDENCY_INDEX.md regenerated (77 runners)
DEPENDENCY GATE: every required edge and pointer dispositioned; every CALL live; every OWED on the debt list [gate satisfied]
daemon rc 0
index: World/step9/DAEMON_INDEX.md regenerated (82 daemons, 601 functions)
DAEMON GATE: every daemon declared and its watches verified; every kind and effect registered; every compiled function dispositioned; every WRAPPED verified; every OWED on the worklist [gate satisfied]
  TOTAL submits 2955; HISTORY 1341; case rows 1491; statute 117; act/speech-on-tractate 6
recording: 3397 records written
  covenant_return_charge worlds 1  total  20  HISTORY   7  case   0  statute 13  act/speech-on-tractate   0  unregistered 0
  song_charge_nebo   worlds 1  total  16  HISTORY  15  case   0  statute  1  act/speech-on-tractate   0  unregistered 0
PLACEMENT LITERAL: {'markers': {'text_constrained': 108, 'reading_placed': 50}, 'events': {'text_constrained': 110, 'page_order': 1270, 'reading_placed': 59}}
tape written into /Users/Shared/TorahSim/World/step9/cold_run_sequence.py: 1837 lines
  CENSUS tuple (scanned, history, on tape, case, source-off, register-off, deduped, re-based, closes, markers, F, P, R, kinds, subjects): (2520, 1319, 1439, 1185, 6, 10, 9, 0, 71, 173, 132, 15, 26, 984, 274)
patched: import, DAEMON_ORDER, RUN (writes +45 read), PREVIOUS_RUN (no declared delta), NEWEST_RUNNER, PLACEMENT (read {'markers': {'text_constrained': 108, 'reading_placed': 50}, 'events': {'text_con
tape rc 1
  CHECKPOINT C1 the flood 150 days (7:24, 8:3) vs 7:11->8:4 [OPEN-4] DIVERGE
  CHECKPOINT C3a 430 years in Egypt (Exod 12:40) vs exodus-descent [OPEN-3] DIVERGE
  CHECKPOINT C3d-85 THE JOIN: the covenant placed at Abraham's 85 (bereshit_rabbah_46_2) + Exod 12:40's 430 against the exodus marker, creation year 2449 DIVERGE
  CHECKPOINT C3c-literal the descent-literal setting against the bound DIVERGE  within [0, 350]
  CHECKPOINT C4 Shem 100 at Arpachshad, 2 years after the flood (11:10) vs 5:32 DIVERGE
  CHECKPOINT C10 Methuselah 7 days before the flood (Sanhedrin 108b:5) DIVERGE
  CHECKPOINT CS0 the ark = born + 3 months (2:2) vs the sixth of Sivan (Sotah 12b:16-17) DIVERGE
  CHECKPOINT CS1 the exodus day's weekday by the creation count vs Shabbat 87b:2 (Thursday = 5) DIVERGE
  CHECKPOINT CS4 the manna's first morning (16 Iyar) a Sunday by the shelf (Shabbat 87b:5) vs the creation count DIVERGE
  CHECKPOINT CD8 the Sifrei's THIRTEEN utterances "to Moses and to Aaron" (58:1 — thirteen exclusions of Aaron read at 7:89) against the frame census of the LORD speaking to Moses and to Aaron, Exodus-Numbers (computed; 
  CHECKPOINT CE3 the month of flesh (11:20) FIRED against the Hazeroth marker (2, 3, 22) — the machine's thirty days from the twenty-third against the tradition's inclusive count with a full Iyar (Taanit 29a:3-5): DIVERG
  CHECKPOINT CE8 the LORD going down: the Sifrei's "ten descents are written" (93:1) against the ink's ELEVEN tokens (sitting 3's measurement, the row descents) — DIVERGE expected, OPEN DIVERGE
  CHECKPOINT CF2 the forty days' timer (13:3-25) FIRED against the return marker (2, 5, 9) — the machine's forty from the twenty-ninth against the baraita's Ninth of Av (Taanit 29a:5): DIVERGE by one expected, the inclus
  CHECKPOINT CF6 the ink's "these ten times" (14:22; Pirkei Avot 5:4) against the ledger's tested_the_lord count on Israel at the decree — the exodus story's six murmurings and this sitting's tenth; the calf and the quai
  CHECKPOINT CK4 KORACH'S DEATH-MODE — 26:10 adds "and Korach" among the swallowed (declared True) against 16:32's "every person who belonged to Korach" (Korach named there: False — the name קרח, "Korach", absent from th
  CHECKPOINT CM5 MIRIAM'S DAY — the tape's buried on the arrival's day (40, 1, 1) against the shelf's tenth of Nisan (Seder Olam Rabbah 10:2; the row miriam_death_day): DIVERGE by nine days expected, OPEN — the ink gives
  CHECKPOINT CP8 JOCHEBED'S ROW — the named row "born to Levi in Egypt" as of Num 26:57-62 (26:59's subjectless "bore her"); the Joseph runner's seventy cell by CALL names her the missing one; CJ3b's verdict DIVERGE unch
  CHECKPOINT CA8 THE COMMISSION AND THE PLEA — invested_office on yehoshua ONE (27:22-23) with the commission debit on Moses ONE CLOSED (closed_by beginning "Num 27:22"); see_the_land_from_abarim on Moses ONE OPEN; plea_
  CHECKPOINT CC7 THE WITNESSES AND THE CASE — heaven_and_earth_witness on israel_people TWO (ONE at 2b; 2 since THE DEUTERONOMY WALK 6b, 2026-09-19 — chapter 8's perishing_testified REUSES the effect at 8:19, CU6; the fi
  CHECKPOINT CU6 THE TESTIMONY — heaven_and_earth_witness on israel_people TWO: the 4:26 entry UNMOVED (source beginning "Deut 4:25" — the line's first verse) and the reuse at source "Deut 8:19" (no new effect); RETYPED 
  CHECKPOINT DA6 THE STIFF NECK — no effect naming stiff / neck / nape on israel_people (the state in the first telling, Exodus 32:9 — no entry, no write; the runner's own word list, run on the running world; THE DEUTERO
  CHECKPOINT DC4 THE RAIN'S HOLE — the effects naming the rain, the heavens shut or the yoke of the commandments on israel_people are this sitting's three ALONE (no other entry named them before this daemon's lines — the
  CHECKPOINT DG7 THE REGISTER AND THE EDGES — NO register seat at Deut 15 (the reading's finder: no receipt, no header, no footer, no count line; 15:2's "this is the word of" and 15:6's "as He spoke" each outside the for
  CHECKPOINT DL4 THE KIN AND THE REUSES — the forty references' counts as the recon and the callees read them (gerizim_ebal_ceremony_owed 1 OPEN, blessing_and_curse_set 1, heavens_shut_for_turning 1, treasured_people 1, 
checkpoint_check: 351 rows, 24 miss, 0 raised — the tape stepped to its end in 135s
tape chain rc 0
scan census rc 0
tape wrap rc 0
