by_gloss total 1224 | by_ref total 2061 | Deut.32 by_ref rows present: 0 | Deut.31 by_ref rows: 54
the last Deut.31 by_ref line:   "Deut.31.19:1": "write"   # כתבו
sitting 19 by-gloss rows walked from its marker: 78 | its last row: "and-hear-us/our": "and-make-us-hear-it"
tokens 616 verses 52
glosses ALREADY rewritten by gloss: 41
not yet by gloss: simple 153 | complex 226
the "?" seats: [(39, 3, 'אני'), (39, 4, 'אני'), (39, 9, 'אני'), (40, 7, 'אנכי'), (46, 7, 'אנכי'), (49, 19, 'אני'), (52, 11, 'אני')]
the "and-?" seats: [(21, 6, 'ואני'), (39, 13, 'ואני')]
---- COMPLEX (gloss: seats) ----
  'act-him/its': ['4/2/פעלו']
  'alive-you/your (pl)': ['47/8/חייכם']
  'and-Hosea': ['44/11/והושע']
  'and-YHWH': ['30/12/ויהוה']
  'and-atone': ['43/10/וכפר']
  'and-be-complete': ['45/0/ויכל']
  'and-be-erect-you/your': ['6/14/ויכננך']
  'and-burn': ['22/4/ותיקד']
  'and-cessation': ['36/12/ואפס']
  'and-come/bring': ['44/0/ויבא']
  'and-daughter-him/its': ['19/5/ובנתיו']
  'and-die': ['50/0/ומת']
  'and-drought-me/my': ['42/3/וחרבי']
  'and-eat': ['13/5/ויאכל', '22/8/ותאכל']
  'and-exile': ['42/8/ושביה']
  'and-feed-on': ['24/2/ולחמי']
  'and-from-apartment': ['25/3/ומחדרים']
  'and-from-cultivated-field': ['32/4/ומשדמת']
  'and-gather-for-any-purpose': ['50/6/והאסף', '50/15/ויאסף']
  'and-generation': ['7/6/ודור']
  'and-hating-us/our': ['31/4/ואיבינו']
  'and-hear': ['1/3/ותשמע']
  'and-hurry': ['35/10/וחש']
  'and-in-formless': ['10/3/ובתהו']
  'and-in-word/thing': ['47/9/ובדבר']
  'and-lick': ['22/11/ותלהט']
  'and-like-rain': ['2/9/וכרביבים']
  'and-live': ['39/11/ואחיה']
  'and-loosen': ['36/14/ועזוב']
  'and-milk': ['14/2/וחלב']
  'and-not': ['6/6/ולא', '27/11/ולא']
  'and-oil': ['13/11/ושמן']
  'and-over': ['36/4/ועל']
  'and-poisonous-plant': ['33/3/וראש']
  'and-pound': ['15/6/ויטש']
  'and-prepared': ['14/10/ועתודים']
  'and-produce-her/its': ['22/10/ויבלה']
  'and-ram': ['14/7/ואילים']
  'and-requital': ['35/2/ושלם']
  'and-revenge': ['43/7/ונקם']
  'and-ruin': ['24/4/וקטב']
  'and-say': ['7/11/ויאמרו', '20/0/ויאמר', '37/0/ואמר', '40/5/ואמרתי', '46/0/ויאמר']
  'and-scorn': ['19/2/וינאץ']
  'and-see': ['19/0/וירא', '49/14/וראה']
  'and-seize': ['41/4/ותאחז']
  'and-shine': ['15/0/וישמן']
  'and-speak': ['1/2/ואדברה', '44/2/וידבר', '48/0/וידבר']
  'and-straight': ['4/12/וישר']
  'and-suck-him/its': ['13/8/וינקהו']
  'and-surround-you/your (pl)': ['38/8/ויעזרכם']
  'and-tell-you/your': ['7/9/ויגדך']
  'and-there-is-not': ['4/9/ואין', '12/3/ואין', '28/5/ואין', '39/6/ואין', '39/15/ואין']
  'and-there-suffix': ['52/5/ושמה']
  'and-to-hate-me/my': ['41/10/ולמשנאי']
  'and-tooth': ['24/6/ושן']
  'and-tortuous': ['5/7/ופתלתל']
  'and-trample-down': ['15/2/ויבעט']
  'and-two': ['30/4/ושנים']
  'and-wilt': ['15/9/וינבל']
  'be--circumspect-and-hence': ['29/2/ישכילו']
  'be--long': ['47/11/תאריכו']
  'be--zealous-him/its': ['16/0/יקנאהו']
  'be--zealous-me/my': ['21/1/קנאוני']
  'be--zealous-them/their': ['21/7/אקניאם']
  'be-complete': ['23/4/אכלה']
  'be-dense': ['15/4/עבית']
  'be-high-actively': ['27/10/רמה']
  'be-safe': ['41/11/אשלם']
  'be-wise': ['29/1/חכמו']
  'bear-young-you/your': ['18/1/ילדך']
  'become-tipsy': ['42/0/אשכיר']
  'break-apart': ['11/6/יפרש']
  'bunch-of-grapes': ['32/9/אשכלת']
  'cliff-them/their': ['30/10/צורם', '31/3/צורם']
  'close-up': ['34/4/חתם']
  'come/bring': ['17/9/באו', '52/7/תבוא']
  'command-them/their': ['46/12/תצום']
  'conditional-particle': ['29/0/לו']
  'cover-up': ['51/2/מעלתם']
  'curdled-milk': ['14/0/חמאת']
  'dash-asunder': ['39/12/מחצתי']
  'drought-me/my': ['41/3/חרבי']
  'erect-you/your': ['6/11/קנך']
  'eye-him/its': ['10/10/עינו']
  'face-me/my': ['20/2/פני']
  'father-you/your': ['6/10/אביך', '7/8/אביך']
  'father-you/your (pl)': ['17/12/אבתיכם']
  'find-him/its': ['10/0/ימצאהו']
  'flee-for-protection': ['37/4/חסיו']
  'foot-them/their': ['35/5/רגלם']
  'from-blood--of-man': ['42/2/מדם', '42/6/מדם']
  'from-craggy-rock': ['13/10/מסלע']
  'from-flint': ['13/12/מחלמיש']
  'from-hand-me/my': ['39/16/מידי']
  'from-head': ['42/9/מראש']
  'from-man-in-general': ['26/3/מאנוש']
  'from-near': ['17/8/מקרב']
  'from-outside': ['25/0/מחוץ']
  'from-them/their': ['20/3/מהם']
  'from-vexation': ['19/3/מכעס']
  'from-vine': ['32/1/מגפן']
  'from-you/your (pl)': ['47/5/מכם']
  'go-away': ['36/10/אזלת']
  'go-up': ['49/0/עלה', '50/4/עלה']
  'grape-them/their': ['32/6/ענבמו']
  'ground-him/its': ['43/11/אדמתו']
  'grow-fat': ['15/5/כשית']
  'guard-him/its': ['10/8/יצרנהו']
  'guide-him/its': ['12/2/ינחנו']
  'hand-me/my': ['40/4/ידי', '41/6/ידי']
  'he/it': ['4/13/הוא', '6/9/הוא', '6/12/הוא', '34/1/הוא', '39/5/הוא', '44/10/הוא', '47/4/הוא', '47/7/הוא']
  'if-not': ['27/0/לולי']
  'in-Hor': ['50/13/בהר']
  'in-bone': ['48/4/בעצם']
  'in-break-through-him/its': ['8/3/בהפרידו']
  'in-depository-me/my': ['34/5/באוצרתי']
  'in-earth': ['10/1/בארץ', '49/8/בארץ']
  'in-emptiness-them/their': ['21/5/בהבליהם']
  'in-him/its': ['37/5/בו']
  'in-judgment': ['41/5/במשפט']
  'in-me/my': ['51/3/בי']
  'in-mountain': ['50/1/בהר']
  'in-nation': ['21/10/בגוי']
  'in-nose-me/my': ['22/3/באפי']
  'in-something-disgusting': ['16/2/בתועבת']
  'in-them/their': ['20/14/בם', '23/5/בם', '24/9/בם', '28/6/בהם']
  'in-turn-aside': ['16/1/בזרים']
  'in-waters': ['51/7/במי']
  'in-you/your (pl)': ['46/9/בכם']
  'keep-in-memory': ['18/2/תשי']
  'know-them/their': ['17/6/ידעום']
  'last-them/their': ['20/6/אחריתם']
  'lift/carry': ['40/1/אשא']
  'lift/carry-him/its': ['11/9/ישאהו']
  'like-cliff-us/our': ['31/2/כצורנו']
  'like-dew': ['2/4/כטל']
  'like-eagle': ['11/0/כנשר']
  'like-little-man-of-the-eye': ['10/9/כאישון']
  'like-rain': ['2/1/כמטר']
  'like-shower': ['2/6/כשעירם']
  'live-coal': ['24/3/רשף']
  'make-him/its': ['15/8/עשהו']
  'make-you/your': ['6/13/עשך']
  'memento-them/their': ['26/4/זכרם']
  'mouth-me/my': ['1/6/פי']
  'narrow-them/their': ['27/6/צרימו']
  'nest-him/its': ['11/2/קנו']
  'nestling-him/its': ['11/4/גוזליו']
  'obj-marker·et': ['44/3/את', '45/3/את', '46/13/את', '46/17/את', '47/18/את', '49/15/את', '52/3/את']
  'obj-marker·et-me/my': ['51/16/אותי']
  'old-age': ['25/12/שיבה']
  'oppression-them/their': ['35/9/אידם']
  'over-them/their': ['23/1/עלימו']
  'over-you/your (pl)': ['38/10/עליכם']
  'pass-over': ['47/17/עברים']
  'people-him/its': ['9/3/עמו', '36/3/עמו', '43/2/עמו', '43/12/עמו', '50/17/עמיו']
  'people-you/your': ['50/8/עמיך']
  'piercer-me/my': ['23/3/חצי', '42/1/חצי']
  'pinion-him/its': ['11/11/אברתו']
  'puff-them/their': ['26/1/אפאיהם']
  'put/set': ['46/2/שימו']
  'revolve-him/its': ['10/6/יסבבנהו']
  'ride-him/its': ['13/0/ירכבהו']
  'sacrifice-them/their': ['38/2/זבחימו']
  'scrape--together': ['23/0/אספה']
  'sea-monster': ['33/1/תנינם']
  'sell-them/their': ['30/11/מכרם']
  'separate-mentally': ['7/3/בינו', '29/4/יבינו']
  'separate-mentally-him/its': ['10/7/יבוננהו']
  'servant-him/its': ['36/5/עבדיו', '43/5/עבדיו']
  'shut-up-them/their': ['30/13/הסגירם']
  'slaughter-an-animal': ['17/0/יזבחו']
  'snatch-away': ['39/17/מציל']
  'something-poured-out-them/their': ['38/6/נסיכם']
  'something-received-me/my': ['2/2/לקחי']
  'something-said': ['1/5/אמרי']
  'something-said-me/my': ['2/5/אמרתי']
  'something-saved-him/its': ['15/11/ישעתו']
  'son-him/its': ['5/3/בניו', '19/4/בניו']
  'stain-them/their': ['5/4/מומם']
  'store-away': ['34/2/כמס']
  'storm-them/their': ['17/11/שערום']
  'straight-course': ['36/1/ידין']
  'take-him/its': ['11/8/יקחהו']
  'the-Abarim': ['49/3/העברים']
  'the-Jordan': ['47/19/הירדן']
  'the-cliff': ['4/0/הצור']
  'the-day': ['46/10/היום', '48/5/היום']
  'the-earth': ['1/4/הארץ', '52/4/הארץ', '52/9/הארץ']
  'the-ground': ['47/14/האדמה']
  'the-heavens': ['1/1/השמים']
  'the-mountain': ['50/14/ההר']
  'the-people': ['44/9/העם']
  'the-song': ['44/6/השירה']
  'the-this': ['44/7/הזאת', '46/21/הזאת', '47/10/הזה', '48/6/הזה', '49/4/הזה']
  'the-word/thing': ['45/5/הדברים', '46/5/הדברים']
  'to-God-us/our': ['3/6/לאלהינו']
  'to-YHWH': ['6/1/ליהוה']
  'to-all': ['46/4/לכל']
  'to-doemon': ['17/1/לשדים']
  'to-him/its': ['5/1/לו']
  'to-keep/guard': ['46/15/לשמר']
  'to-last-them/their': ['29/5/לאחריתם']
  'to-make': ['46/16/לעשות']
  'to-me/my': ['35/0/לי']
  'to-narrow-him/its': ['43/9/לצריו']
  'to-narrow-me/my': ['41/9/לצרי']
  'to-number': ['8/9/למספר']
  'to-something-seized': ['49/23/לאחזה']
  'to-son': ['49/21/לבני', '52/13/לבני']
  'to-speak': ['45/2/לדבר']
  'to-them/their': ['32/11/למו', '35/12/למו', '46/1/אלהם']
  'to-time': ['35/3/לעת']
  'to-you/your': ['7/12/לך']
  'treat-a-person': ['6/2/תגמלו']
  'trouble-him/its': ['16/3/יכעיסהו']
  'trouble-me/my': ['21/4/כעסוני']
  'trouble-them/their': ['21/12/אכעיסם']
  'turn-aside-from-the-road': ['27/3/אגור']
  'twist-you/your': ['18/5/מחללך']
  'vine-them/their': ['32/3/גפנם']
  'way/road-him/its': ['4/5/דרכיו']
  'wine-them/their': ['33/2/יינם']
  'wing-him/its': ['11/7/כנפיו']
  'with-him/its': ['12/4/עמו']
  'word/thing': ['44/5/דברי', '46/19/דברי', '47/2/דבר']
---- SIMPLE (gloss: seats) ----
  'Aaron': ['50/11/אהרן']
  'Bashan': ['14/9/בשן']
  'Canaan': ['49/17/כנען']
  'God': ['17/4/אלהים', '39/7/אלהים']
  'Gomorrah': ['32/5/עמרה']
  'Israel': ['8/11/ישראל', '45/9/ישראל', '49/22/ישראל', '51/6/ישראל', '51/19/ישראל', '52/14/ישראל']
  'Jacob': ['9/4/יעקב']
  'Jericho': ['49/13/ירחו']
  'Jeshurun': ['15/1/ישרון']
  'Kadesh': ['51/9/קדש']
  'Moab': ['49/9/מואב']
  'Moses': ['44/1/משה', '45/1/משה', '48/3/משה']
  'Nebo': ['49/6/נבו']
  "Shᵉ'Owl": ['22/6/שאול']
  'Sodom': ['32/2/סדם']
  'YHWH': ['3/2/יהוה', '9/2/יהוה', '12/0/יהוה', '19/1/יהוה', '27/12/יהוה', '36/2/יהוה', '48/1/יהוה']
  'Zin': ['51/11/צן']
  'abundance': ['30/6/רבבה']
  'advice': ['28/3/עצות']
  'all': ['4/4/כל', '27/14/כל', '44/4/כל', '45/4/כל', '45/8/כל', '46/18/כל']
  'also': ['25/5/גם', '25/7/גם']
  'arise': ['38/7/יקומו']
  'asp': ['33/4/פתנים']
  'bad': ['23/2/רעות']
  'be': ['38/9/יהי']
  'bitter': ['24/5/מרירי']
  'bitterness': ['32/10/מררת']
  'boundary': ['8/7/גבלת']
  'call': ['3/3/אקרא']
  'cease': ['26/2/אשביתה']
  'cliff': ['13/13/צור', '15/10/צור', '18/0/צור', '37/3/צור']
  'cover': ['38/11/סתרה']
  'crawl': ['24/12/זחלי']
  'creak': ['43/0/הרנינו']
  'day': ['7/1/ימות', '35/8/יום', '47/12/ימים']
  'decay': ['5/0/שחת']
  'deity': ['15/7/אלוה', '17/3/אלה']
  'desolation': ['10/5/ישמן']
  'die': ['39/10/אמית', '50/10/מת']
  'distorted': ['5/6/עקש']
  'do': ['27/13/פעל']
  'drip': ['2/3/תזל']
  'droop': ['2/0/יערף']
  'drought': ['25/2/חרב']
  'dust': ['24/13/עפר']
  'earth': ['13/4/ארץ', '22/9/ארץ', '49/16/ארץ']
  'eat': ['38/3/יאכלו', '42/4/תאכל']
  'elevation': ['8/1/עליון', '13/2/במותי', '13/3/במתי']
  'empty': ['47/3/רק']
  'entire': ['4/1/תמים']
  'established': ['20/13/אמן']
  'evil': ['4/10/עול']
  'exhausted': ['24/0/מזי']
  'face': ['49/12/פני']
  'fat': ['14/5/חלב', '14/12/חלב', '38/1/חלב']
  'field': ['13/7/שדי']
  'fire': ['22/1/אש']
  'firmness': ['4/8/אמונה']
  'flesh': ['42/5/בשר']
  'flock': ['14/3/צאן']
  'foreign': ['12/6/נכר']
  'forever': ['7/2/עולם']
  'foundation': ['22/12/מוסדי']
  'fright': ['25/4/אימה']
  'generation': ['5/5/דור', '7/5/דור', '20/8/דור']
  'give': ['3/4/הבו']
  'grape': ['14/16/ענב', '32/7/ענבי']
  'grass': ['2/8/דשא']
  'grudge': ['43/6/יקום']
  'hand': ['36/11/יד']
  'heat': ['24/11/חמת', '33/0/חמת']
  'heavens': ['40/3/שמים']
  'herd': ['14/1/בקר']
  'hide': ['20/1/אסתירה']
  'honey': ['13/9/דבש']
  'hovering': ['11/5/ירחף']
  'how?': ['30/0/איכה']
  'howl': ['10/4/ילל']
  'human': ['8/5/אדם']
  'hunger': ['24/1/רעב']
  'if': ['30/7/אם', '41/0/אם']
  'inclose': ['36/13/עצור']
  'inflame': ['22/2/קדחה']
  'intelligence': ['28/7/תבונה']
  'judgment': ['4/6/משפט']
  'just': ['4/11/צדיק']
  'kidney': ['14/13/כליות']
  'leadership': ['42/10/פרעות']
  'lest': ['27/4/פן', '27/7/פן']
  'lightning': ['41/2/ברק']
  'livestock': ['24/7/בהמות']
  'living': ['40/6/חי']
  'lowermost': ['22/7/תחתית']
  'magistrate': ['31/5/פלילים']
  'magnitude': ['3/5/גדל']
  'man': ['25/11/איש']
  'mark': ['7/0/זכר']
  'mend': ['39/14/ארפא']
  'miscarry': ['25/1/תשכל']
  'mountain': ['22/13/הרים', '49/2/הר', '49/5/הר']
  'name': ['3/1/שם']
  'nation': ['8/2/גוים', '28/1/גוי', '43/1/גוים']
  'near': ['35/7/קרוב']
  'new': ['17/7/חדשים']
  'not': ['5/2/לא', '17/2/לא', '17/5/לא', '17/10/לא', '20/12/לא', '30/8/לא', '31/1/לא', '47/1/לא', '51/14/לא', '52/6/לא']
  'now': ['39/1/עתה']
  'one': ['30/2/אחד']
  'over': ['2/7/עלי', '2/10/עלי', '11/3/על', '11/10/על', '13/1/על', '47/13/על', '49/11/על', '51/0/על', '51/12/על']
  'pasture': ['10/2/מדבר', '51/10/מדבר']
  'people': ['6/4/עם', '8/8/עמים', '21/9/עם']
  'perversity': ['20/9/תהפכת']
  'point': ['41/1/שנותי']
  'prepared': ['35/11/עתדת']
  'produce': ['13/6/תנובת']
  'quarrel': ['51/8/מריבת']
  'ram': ['14/6/כרים']
  'return': ['41/7/אשיב', '43/8/ישיב']
  'revenge': ['35/1/נקם', '41/8/נקם']
  'rope': ['9/5/חבל']
  'sanctify': ['51/15/קדשתם']
  'say': ['26/0/אמרתי', '27/8/יאמרו']
  'see': ['20/4/אראה', '36/8/יראה', '39/0/ראו', '52/2/תראה']
  'selected': ['25/6/בחור']
  'send': ['24/8/אשלח']
  'separate': ['12/1/בדד']
  'set': ['49/20/נתן', '52/12/נתן']
  'shine': ['15/3/שמנת']
  'sigh': ['36/6/יתנחם']
  'smoothness': ['9/1/חלק']
  'son': ['8/4/בני', '8/10/בני', '14/8/בני', '20/11/בנים', '44/12/בן', '51/5/בני', '51/18/בני']
  'strength': ['4/7/אל', '12/5/אל', '18/4/אל', '21/3/אל']
  'stupid': ['6/5/נבל', '21/11/נבל']
  'suck': ['25/9/יונק']
  'that': ['3/0/כי', '4/3/כי', '9/0/כי', '20/7/כי', '22/0/כי', '28/0/כי', '30/9/כי', '31/0/כי', '32/0/כי', '35/6/כי', '36/0/כי', '36/7/כי', '36/9/כי', '39/2/כי', '40/0/כי', '43/3/כי', '47/0/כי', '47/6/כי', '52/0/כי']
  'the': ['6/0/ה']
  'they': ['20/10/המה', '21/0/הם', '28/4/המה']
  'this': ['6/3/זאת', '27/15/זאת', '29/3/זאת']
  'thousand': ['30/3/אלף']
  'to': ['40/2/אל', '45/7/אל', '48/2/אל', '49/1/אל', '50/7/אל', '50/16/אל', '52/8/אל']
  'until': ['22/5/עד']
  'vexation': ['27/1/כעס']
  'violent': ['33/5/אכזר']
  'virgin': ['25/8/בתולה']
  'wake': ['11/1/יעיר']
  'waver': ['35/4/תמוט']
  'what': ['20/5/מה']
  'wheat': ['14/14/חטה']
  'which': ['38/0/אשר', '46/6/אשר', '46/11/אשר', '47/15/אשר', '49/7/אשר', '49/10/אשר', '49/18/אשר', '50/2/אשר', '51/1/אשר', '51/13/אשר', '52/10/אשר']
  'wine': ['14/18/חמר', '38/5/יין']
  'wise': ['6/7/חכם']
  'with': ['14/4/עם', '14/11/עם', '24/10/עם', '25/10/עם']
  'years': ['7/4/שנות']
  'you': ['47/16/אתם', '50/3/אתה']
