assembled bytes 88070 | paragraphs 33 | lint rc 0 | gloss_lint: 0 flag(s)
  para 659 '## Sitting 20b — THE COMPILE OF CHAPTER 32, THE SONG, Deuteronomy 32:1'
  para 6141 "THE FORM (the lean pass; 19b's shape over ONE chapter read for two fro"
  para 3198 'THE RECON (ch32b_recon.out — every number read there): THE TAPE at RUN'
  para 5777 "THE CALLEES' FACTS (ch32_callees.out — 43 runners loaded, 56 cells' as"
  para 4081 "THE FINDS THE COMPILE STANDS ON (the reading's ledger, its crowns and "
  para 605 "THE CELLS — the runner's functions, every one WRAPPED by law_song_char"
  para 4139 'F1 THE WITNESSES AND THE ROCK (32:1-4) — ONE LINE song_witnesses_calle'
  para 1593 'F2 THE CROOKED GENERATION (32:5-6) — ONE LINE song_crooked_generation_'
  para 2331 'F3 THE NATIONS DIVIDED AND THE PORTION (32:7-9) — ONE LINE song_nation'
  para 2491 'F4 THE DESERT AND THE EAGLE (32:10-12) — ONE LINE song_found_in_the_de'
  para 2220 'F5 THE HEIGHTS AND THE FEAST (32:13-14) — ONE LINE song_heights_honey_'
  para 2772 'F6 JESHURUN FAT AND THE DEMONS (32:15-18) — ONE LINE song_jeshurun_fat'
  para 2449 'F7 THE HIDDEN FACE AND THE FIRE (32:19-22) — ONE LINE song_face_hidden'
  para 2046 'F8 THE EVILS HEAPED (32:23-25) — ONE LINE song_evils_heaped_declared ('
  para 2454 "F9 THE ENEMY'S BOAST (32:26-28) — ONE LINE song_enemys_boast_declared "
  para 3467 'F10 THE JOINED THOUSAND AND THE VINE OF SODOM (32:29-33) — ONE LINE so'
  para 3200 'F11 THE CUP IN STORE AND THE VENGEANCE (32:34-38) — ONE LINE song_veng'
  para 3812 'F12 I AM HE AND THE LAND ATONES (32:39-43) — ONE LINE song_i_am_he_dec'
  para 1797 'F13 THE SONG SPOKEN WITH HOSHEA (32:44-45) — ONE LINE song_spoken_by_m'
  para 3524 'F14 THE CHARGE AFTER THE SONG (32:46-47) — ONE LINE set_your_heart_no_'
  para 4609 'F15 THE SUMMONS TO NEBO (32:48-50) — ONE LINE nebo_summons_die_as_aaro'
  para 2411 'F16 MERIBAH AND THE SEEING (32:51-52) — ONE LINE meribah_trespass_not_'
  para 1818 'THE READBACK ON THIS CHAPTER — THE FORMS ON FILE, NO NEW FORM: fifty-t'
  para 837 "NO MARKER — the counter stands at (40, 12, 7) (Moses' last day, 19b's "
  para 1371 'THE PARAMETERS (the data channel, every one from the answer sheet or t'
  para 3331 'THE EFFECTS (effect_vocabulary.yaml): 42 NEW — 32 STATUSES (doctrine_a'
  para 3944 'THE KIN BY CALL — THE TWO QUESTIONS ASKED (reference or transfer; taug'
  para 1208 "THE PREDICTION'S ARITHMETIC: RUN = (1423 + 16, 102 + 0, 94 + 0, 0, 12,"
  para 2167 'THE CHECKPOINTS DN1-DN5 (the D series at its fourteenth name; the lean'
  para 1078 "THE PROBES (the FIRST step after this design — 7b's lesson 2): readbac"
  para 3820 'THE ORDER: this design -> the probe Q49 to FAIL (patch_probes_ch32.py)'
  para 1754 "THE DEBT (the lean-pass box's line at the tail): the docket whole (Avo"
the map's newest header: ## Sitting 20 — CHAPTER 32 — AS BUILT — LEAN (2026-09-28; the design above stands as writ | map bytes 2107434
CHECK ONLY — pass --write to append
