run_cold_all: 78 runners discovered in /Users/Shared/TorahSim/World/step9
DEPENDENCY GATE coverage: 78 runners declared, 5837 verses scanned, 42 type tokens, 5 pointer forms; required edges 328, required pointers 231; live import edges 786; dispositions on file: 981 edges, 230 pointers
DEPENDENCY GATE: every required edge and pointer dispositioned; every CALL live; every OWED on the debt list [gate satisfied]
DAEMON GATE coverage: 79 modules scanned (78 runners + the engine); 83 daemons watching 1280 kinds; 4166 submit records firing 1280 kinds; 613 compiled functions writing effects in 77 runners; event registry 1280 types, effects registry 1469
DAEMON GATE functions: 613 WRAPPED (verified), 0 OWED, 0 NONE of 613; unfired kinds 0, unconsumed 0, open aliases 3
DAEMON GATE: every daemon declared and its watches verified; every kind and effect registered; every compiled function dispositioned; every WRAPPED verified; every OWED on the worklist [gate satisfied]
THE SWEEP FULL (a shared piece moved since the stamp (2026-09-29 05:19): daemon_dispositions.yaml, dependency_dispositions.yaml, effect_vocabulary.yaml, event_vocabulary.yaml); jobs 8; skipped ['cold_run_sequence.py']
PASS  cold_run_balak.py            rc=0  score=105/105  55.6s
PASS  cold_run_bamidbar.py         rc=0  score=66/66  28.2s
PASS  cold_run_beha.py             rc=0  score=154/154  33.2s
PASS  cold_run_blessing_and_curse.py rc=0  score=59/59  183.8s
PASS  cold_run_blessing_of_moses.py rc=0  score=42/42  1224.3s
PASS  cold_run_borders.py          rc=0  score=56/56  84.2s
PASS  cold_run_calendar.py         rc=0  score=17/17  2.3s
PASS  cold_run_chatat.py           rc=0  score=195/195  2.8s
PASS  cold_run_chukat.py           rc=0  score=159/159  22.9s
PASS  cold_run_clocks.py           rc=0  score=162/162  3.2s
PASS  cold_run_courts_prophet.py   rc=0  score=66/66  244.3s
PASS  cold_run_covenant_at_horeb.py rc=0  score=49/49  114.3s
PASS  cold_run_covenant_return_charge.py rc=0  score=95/95  797.9s
PASS  cold_run_decalogue.py        rc=0  score=13/13  1.7s
PASS  cold_run_erection.py         rc=0  score=287/287  35.2s
PASS  cold_run_exodus_story.py     rc=0  score=113/113  41.2s
PASS  cold_run_family.py           rc=0  score=228/228  31.1s
PASS  cold_run_festivals_judges.py rc=0  score=53/53  200.8s
PASS  cold_run_firstfruits_ebal_curses.py rc=0  score=88/88  599.9s
PASS  cold_run_food_tithe.py       rc=0  score=78/78  221.1s
PASS  cold_run_gad_reuben.py       rc=0  score=74/74  73.6s
PASS  cold_run_good_land.py        rc=0  score=55/55  148.6s
PASS  cold_run_guardians.py        rc=0  score=12/12  0.7s
PASS  cold_run_hear_o_israel.py    rc=0  score=42/42  124.8s
PASS  cold_run_holiness.py         rc=0  score=187/187  2.9s
PASS  cold_run_holiness_b.py       rc=0  score=183/183  6.8s
PASS  cold_run_incense_shekel.py   rc=0  score=301/301  28.3s
PASS  cold_run_joseph.py           rc=0  score=282/282  50.3s
PASS  cold_run_journeys.py         rc=0  score=53/53  80.5s
PASS  cold_run_korach.py           rc=0  score=155/155  35.2s
PASS  cold_run_lev24.py            rc=0  score=24/24  2.2s
PASS  cold_run_mamre.py            rc=0  score=222/222  41.0s
PASS  cold_run_mekoshesh.py        rc=0  score=34/34  27.9s
PASS  cold_run_metzora.py          rc=0  score=78/78  3.0s
PASS  cold_run_midian.py           rc=0  score=99/99  60.8s
PASS  cold_run_minchah.py          rc=0  score=85/85  2.2s
PASS  cold_run_mishpatim.py        rc=0  score=24/24  1.7s
PASS  cold_run_mishpatim_2.py      rc=0  score=13/13  1.7s
PASS  cold_run_mishpatim_3.py      rc=0  score=43/43  5.4s
PASS  cold_run_moadim.py           rc=0  score=42/42  2.5s
PASS  cold_run_musafim.py          rc=0  score=110/110  42.5s
PASS  cold_run_naso.py             rc=0  score=274/274  31.3s
PASS  cold_run_negaim.py           rc=0  score=17/17  1.8s
PASS  cold_run_not_righteousness.py rc=0  score=51/51  152.8s
PASS  cold_run_obey_horeb.py       rc=0  score=52/52  107.3s
PASS  cold_run_offerings.py        rc=0  score=58/58  1.9s
PASS  cold_run_opening_speech.py   rc=0  score=97/97  95.1s
PASS  cold_run_ordinances.py       rc=0  score=128/128  8.4s
PASS  cold_run_persons_poor_court.py rc=0  score=94/94  423.6s
PASS  cold_run_pesach.py           rc=0  score=25/25  1.7s
PASS  cold_run_pesach_sheni.py     rc=0  score=26/26  1.9s
PASS  cold_run_place_name.py       rc=0  score=65/65  196.4s
PASS  cold_run_pre_sinai.py        rc=0  score=212/212  38.0s
PASS  cold_run_priesthood.py       rc=0  score=252/252  9.9s
PASS  cold_run_primeval.py         rc=0  score=206/206  42.9s
PASS  cold_run_refuge.py           rc=0  score=51/51  89.4s
PASS  cold_run_refuge_war_family.py rc=0  score=63/63  256.2s
PASS  cold_run_release_firstborn.py rc=0  score=91/91  233.6s
PASS  cold_run_sanctions.py        rc=0  score=242/242  5.5s
PASS  cold_run_sanctuary_build.py  rc=0  score=258/258  17.3s
PASS  cold_run_second_census.py    rc=0  score=70/70  68.9s
PASS  cold_run_second_tablets.py   rc=0  score=62/62  168.9s
PASS  cold_run_seducers.py         rc=0  score=56/56  208.2s
PASS  cold_run_seven_nations.py    rc=0  score=51/51  134.3s
PASS  cold_run_shelach.py          rc=0  score=172/172  42.1s
PASS  cold_run_shemini.py          rc=0  score=20/20  1.7s
PASS  cold_run_shemini_day.py      rc=0  score=105/105  4.3s
PASS  cold_run_song_charge_nebo.py rc=0  score=72/72  1002.2s
PASS  cold_run_temurah.py          rc=0  score=41/41  2.3s
PASS  cold_run_tochacha.py         rc=0  score=38/38  1.8s
PASS  cold_run_tzav.py             rc=0  score=54/54  2.2s
PASS  cold_run_vayikra5.py         rc=0  score=32/32  2.8s
PASS  cold_run_vestments.py        rc=0  score=196/196  22.2s
PASS  cold_run_vows.py             rc=0  score=147/147  43.7s
PASS  cold_run_yoma.py             rc=0  score=23/23  3.4s
PASS  cold_run_yovel.py            rc=0  score=90/90  2.2s
PASS  cold_run_zelophehad.py       rc=0  score=55/55  31.2s

run_cold_all: 77/77 runners green, 7749 graded cells in all (FULL of 78; wall 1791 s, 8 jobs)
the stamp written: /Users/Shared/TorahSim/World/step9/sweep_stamp.json (77 runners, 12 shared pieces)
