==== A0. THE TWO DIVISIONS — the export's chapter 33 against the DB's
  DB verses 29 | export verses HE 29 EN 29 | per-chapter export lengths vs DB, chapters 1-33: [(5, 30, 33)]
  the alignment cost 121 | export verses mapped to MORE THAN ONE DB verse: {}
  the offset per export verse (DB minus export, the first DB verse of each): Counter({0: 29}) | the runs: [(1, 1, 1), (16, 16, 16), (17, 17, 17), (18, 18, 18), (19, 19, 19)]
  the shared export verse against its DB verses (tokens, negations): []
==== A. THE SHELF BY POSITION — the Sifrei on Deuteronomy around chapter 33
  piskaot 357 357 rows 2357 2357
  heads 335-357 (HE first citation | rows | EN first quote; the export ends at 357):
   335 head (32, 46) | HE rows  2 EN rows  2 | 'Then God said:Take to heart all of the matters with which I '
   336 head (32, 47) | HE rows  2 EN rows  2 | 'Indeed, this is no empty matter 203Heb: davar reiq; i.e., “a'
   337 head (32, 48) | HE rows  1 EN rows  1 | 'And HASHEM spoke to Moses in the very midst of the day'
   338 head (32, 49) | HE rows  3 EN rows  3 | 'Ascend these heights of Abarim'
   339 head (32, 50) | HE rows  3 EN rows  3 | 'Then die upon the mountain which you have ascended'
   340 head (32, 51) | HE rows  2 EN rows  2 | 'Insofar as you violated Me'
   341 head (32, 52) | HE rows  1 EN rows  1 | 'For only from afar shall you see the Land, but you shall not'
   342 head (33, 1) | HE rows  7 EN rows  7 | 'And this is the blessing that Moses . . . bestowed . . . bef'
   343 head (33, 2) | HE rows 15 EN rows 15 | 'And he said: HASHEM has come from Sinai, He arose to them fr'
   344 head (33, 3) | HE rows  7 EN rows  7 | 'He indeed loves the peoples'
   345 head (33, 4) | HE rows  3 EN rows  3 | 'Moses charged us with Torah'
   346 head (33, 5) | HE rows  2 EN rows  2 | 'Now, He44In the context of the verse, the pronoun seems to r'
   347 head (33, 6) | HE rows  5 EN rows  5 | 'Together are the tribes of Israel'
   348 head (33, 7) | HE rows  9 EN rows  9 | 'Long live Reuben! May he not die! (Dt.33:6)And this is for J'
   349 head (33, 8) | HE rows  5 EN rows  5 | 'And regarding Levi, he said'
   350 head (33, 9) | HE rows  3 EN rows  3 | 'Who says of his father and his mother—I don’t see him'
   351 head (33, 10) | HE rows  4 EN rows  4 | 'They will teach70Hebrew: yoru (“instruct'
   352 head (33, 11) | HE rows 17 EN rows 17 | 'Bless, HASHEM, his bounty'
   353 head (33, 13) | HE rows 13 EN rows 13 | 'And of Joseph he said: His land is blessed by HASHEM'
   354 head (33, 18) | HE rows  8 EN rows  8 | 'And to Zebulon, he said'
   355 head (33, 20) | HE rows 30 EN rows 30 | 'And of Gad, he said:'
   356 head (33, 27) | HE rows 14 EN rows 14 | 'The Primordial God is a refuge'
   357 head (34, 1) | HE rows 44 EN rows 44 | 'And Moses ascended'
  heads whose chapter is 33 : [(342, (33, 1)), (343, (33, 2)), (344, (33, 3)), (345, (33, 4)), (346, (33, 5)), (347, (33, 6)), (348, (33, 7)), (349, (33, 8)), (350, (33, 9)), (351, (33, 10)), (352, (33, 11)), (353, (33, 13)), (354, (33, 18)), (355, (33, 20)), (356, (33, 27))] | heads by chapter 1-34: [(1, 24), (3, 4), (6, 6), (11, 21), (12, 20), (13, 14), (14, 14), (15, 16), (16, 19), (17, 16), (18, 16), (19, 10), (20, 14), (21, 17), (22, 22), (23, 22), (24, 16), (25, 10), (26, 4), (31, 1), (32, 36), (33, 15), (34, 1)]
  HE rows citing Deut 33 (the export's verse → the DB's): 34 [(31, 6, 6, [6]), (42, 9, 25, [25]), (48, 9, 4, [4]), (314, 1, 2, [2]), (343, 1, 2, [2]), (343, 5, 2, [2]), (344, 1, 3, [3]), (345, 1, 4, [4]), (346, 1, 5, [5]), (347, 1, 6, [6]), (348, 1, 7, [7]), (349, 1, 8, [8]), (350, 1, 9, [9]), (351, 1, 10, [10]), (352, 1, 11, [11]), (352, 5, 12, [12]), (353, 1, 13, [13]), (353, 3, 14, [14]), (353, 4, 15, [15]), (353, 6, 16, [16]), (353, 9, 17, [17]), (354, 1, 18, [18]), (354, 5, 19, [19]), (355, 1, 20, [20]), (355, 5, 21, [21]), (355, 11, 22, [22]), (355, 14, 23, [23]), (355, 18, 24, [24]), (355, 25, 25, [25]), (355, 27, 26, [26]), (355, 27, 29, [29]), (356, 1, 27, [27]), (356, 4, 28, [28]), (356, 9, 29, [29])]
  EN rows citing Deut 33 : 203 [(31, 6, 6, [6]), (42, 9, 25, [25]), (48, 9, 4, [4]), (314, 1, 2, [2]), (314, 1, 2, [2]), (314, 1, 2, [2]), (329, 3, 6, [6]), (342, 1, 1, [1]), (342, 1, 1, [1]), (342, 4, 1, [1]), (342, 4, 1, [1]), (342, 4, 1, [1]), (342, 5, 1, [1]), (342, 7, 1, [1]), (343, 1, 2, [2]), (343, 1, 2, [2]), (343, 1, 5, [5]), (343, 1, 26, [26]), (343, 4, 2, [2]), (343, 4, 2, [2]), (343, 5, 2, [2]), (343, 5, 2, [2]), (343, 5, 2, [2]), (343, 5, 2, [2]), (343, 6, 2, [2]), (343, 6, 2, [2]), (343, 7, 2, [2]), (343, 8, 2, [2]), (343, 9, 2, [2]), (343, 10, 2, [2]), (343, 10, 2, [2]), (343, 11, 2, [2]), (343, 13, 2, [2]), (343, 14, 2, [2]), (343, 15, 2, [2]), (344, 1, 3, [3]), (344, 2, 3, [3]), (344, 3, 3, [3]), (344, 3, 3, [3]), (344, 4, 3, [3]), (344, 5, 3, [3]), (344, 6, 3, [3]), (344, 6, 3, [3]), (344, 7, 3, [3]), (344, 7, 3, [3]), (344, 7, 3, [3]), (344, 7, 3, [3]), (345, 1, 4, [4]), (345, 2, 4, [4]), (345, 2, 4, [4]), (345, 2, 4, [4]), (346, 1, 5, [5]), (346, 1, 5, [5]), (346, 1, 5, [5]), (346, 1, 5, [5]), (346, 1, 5, [5]), (346, 2, 5, [5]), (346, 2, 5, [5]), (347, 1, 5, [5]), (347, 1, 6, [6]), (347, 1, 5, [5]), (347, 2, 6, [6]), (347, 2, 6, [6]), (347, 3, 6, [6]), (347, 3, 6, [6]), (347, 3, 6, [6]), (347, 4, 6, [6]), (347, 4, 6, [6]), (347, 5, 6, [6]), (348, 1, 6, [6]), (348, 1, 7, [7]), (348, 2, 7, [7]), (348, 3, 7, [7]), (348, 3, 7, [7]), (348, 3, 7, [7]), (348, 4, 7, [7]), (348, 4, 7, [7]), (348, 5, 6, [6]), (348, 6, 7, [7]), (348, 7, 7, [7]), (348, 7, 7, [7]), (348, 8, 6, [6]), (348, 8, 7, [7]), (348, 8, 7, [7]), (348, 8, 7, [7]), (348, 9, 7, [7]), (348, 9, 7, [7]), (348, 9, 7, [7]), (348, 9, 7, [7]), (349, 1, 8, [8]), (349, 1, 8, [8]), (349, 2, 8, [8]), (349, 3, 8, [8]), (349, 4, 8, [8]), (349, 5, 8, [8]), (350, 1, 9, [9]), (350, 1, 9, [9]), (350, 1, 9, [9]), (350, 2, 9, [9]), (350, 2, 9, [9]), (350, 3, 9, [9]), (351, 1, 10, [10]), (351, 2, 10, [10]), (351, 3, 10, [10]), (351, 3, 10, [10]), (351, 4, 10, [10]), (351, 4, 10, [10]), (352, 1, 11, [11]), (352, 2, 11, [11]), (352, 3, 11, [11]), (352, 4, 11, [11]), (352, 4, 11, [11]), (352, 5, 12, [12]), (352, 5, 12, [12]), (352, 6, 12, [12]), (352, 7, 12, [12]), (352, 7, 12, [12]), (352, 7, 12, [12]), (352, 7, 12, [12]), (352, 7, 12, [12]), (352, 7, 12, [12]), (353, 1, 13, [13]), (353, 2, 13, [13]), (353, 2, 13, [13]), (353, 3, 14, [14]), (353, 3, 14, [14]), (353, 4, 15, [15]), (353, 5, 15, [15]), (353, 6, 16, [16]), (353, 7, 16, [16]), (353, 8, 16, [16]), (353, 10, 17, [17]), (353, 11, 18, [18]), (353, 12, 17, [17]), (353, 13, 17, [17]), (353, 13, 17, [17]), (353, 13, 17, [17]), (354, 1, 18, [18]), (354, 2, 18, [18]), (354, 3, 18, [18]), (354, 4, 18, [18]), (354, 5, 19, [19]), (354, 5, 19, [19]), (354, 6, 19, [19]), (354, 7, 19, [19]), (354, 7, 19, [19]), (354, 8, 19, [19]), (355, 1, 20, [20]), (355, 2, 20, [20]), (355, 3, 20, [20]), (355, 4, 20, [20]), (355, 5, 20, [20]), (355, 6, 20, [20]), (355, 6, 20, [20]), (355, 6, 23, [23]), (355, 7, 21, [21]), (355, 9, 21, [21]), (355, 10, 21, [21]), (355, 11, 22, [22]), (355, 12, 22, [22]), (355, 13, 22, [22]), (355, 14, 23, [23]), (355, 16, 23, [23]), (355, 17, 23, [23]), (355, 17, 23, [23]), (355, 17, 23, [23]), (355, 18, 24, [24]), (355, 19, 24, [24]), (355, 20, 24, [24]), (355, 21, 24, [24]), (355, 21, 24, [24]), (355, 22, 24, [24]), (355, 22, 24, [24]), (355, 23, 24, [24]), (355, 24, 24, [24]), (355, 24, 24, [24]), (355, 25, 25, [25]), (355, 26, 25, [25]), (355, 27, 26, [26]), (355, 27, 26, [26]), (355, 27, 26, [26]), (355, 27, 29, [29]), (355, 28, 26, [26]), (355, 28, 26, [26]), (355, 28, 26, [26]), (355, 29, 26, [26]), (355, 30, 26, [26]), (356, 2, 27, [27]), (356, 3, 27, [27]), (356, 3, 27, [27]), (356, 4, 28, [28]), (356, 5, 28, [28]), (356, 6, 28, [28]), (356, 7, 28, [28]), (356, 8, 28, [28]), (356, 9, 29, [29]), (356, 9, 29, [29]), (356, 9, 29, [29]), (356, 10, 29, [29]), (356, 11, 29, [29]), (356, 12, 29, [29]), (356, 13, 29, [29]), (356, 14, 29, [29])]
  EN "ibid 33:n" candidates: 0
  the union of rows (both files): 128 [(31, 6), (42, 9), (48, 9), (314, 1), (329, 3), (342, 1), (342, 4), (342, 5), (342, 7), (343, 1), (343, 4), (343, 5), (343, 6), (343, 7), (343, 8), (343, 9), (343, 10), (343, 11), (343, 13), (343, 14), (343, 15), (344, 1), (344, 2), (344, 3), (344, 4), (344, 5), (344, 6), (344, 7), (345, 1), (345, 2), (346, 1), (346, 2), (347, 1), (347, 2), (347, 3), (347, 4), (347, 5), (348, 1), (348, 2), (348, 3), (348, 4), (348, 5), (348, 6), (348, 7), (348, 8), (348, 9), (349, 1), (349, 2), (349, 3), (349, 4), (349, 5), (350, 1), (350, 2), (350, 3), (351, 1), (351, 2), (351, 3), (351, 4), (352, 1), (352, 2), (352, 3), (352, 4), (352, 5), (352, 6), (352, 7), (353, 1), (353, 2), (353, 3), (353, 4), (353, 5), (353, 6), (353, 7), (353, 8), (353, 9), (353, 10), (353, 11), (353, 12), (353, 13), (354, 1), (354, 2), (354, 3), (354, 4), (354, 5), (354, 6), (354, 7), (354, 8), (355, 1), (355, 2), (355, 3), (355, 4), (355, 5), (355, 6), (355, 7), (355, 9), (355, 10), (355, 11), (355, 12), (355, 13), (355, 14), (355, 16), (355, 17), (355, 18), (355, 19), (355, 20), (355, 21), (355, 22), (355, 23), (355, 24), (355, 25), (355, 26), (355, 27), (355, 28), (355, 29), (355, 30), (356, 1), (356, 2), (356, 3), (356, 4), (356, 5), (356, 6), (356, 7), (356, 8), (356, 9), (356, 10), (356, 11), (356, 12), (356, 13), (356, 14)]
  the rows OUTSIDE the spine piskaot (the union less the on-chapter piskaot 342 - 356 ): 5 [(31, 6), (42, 9), (48, 9), (314, 1), (329, 3)] | in-spine rows of the union: 123
  outside rows file bytes 15213
==== B. ONKELOS chapter 33 and the DB (the dump per DB verse; a shared export row printed at its first DB verse)
  the store's chapter 33 verses 29 | verses whose store token count differs from the DB: [(33, 2, 18, 16), (33, 9, 19, 18)]
  token count chapter 33 : 336
  onkelos dump bytes 33836
==== C. THE PARSER on every verse of chapter 33
  33:23  N []                       O []             marked ['שבע*']
  number-word tokens present per verse (the bare check against the parser): {'33:23': ['שבע']}
  33:1 tokens: ['וזאת', 'הברכה', 'אשר', 'ברך', 'משה', 'איש', 'האלהים', 'את', 'בני', 'ישראל', 'לפני', 'מותו']
  33:23 tokens: ['ולנפתלי', 'אמר', 'נפתלי', 'שבע*', 'רצון', 'ומלא', 'ברכת', 'יהוה', 'ים', 'ודרום', 'ירשה']
  33:29 tokens: ['אשריך', 'ישראל', 'מי', 'כמוך', 'עם', 'נושע', 'ביהוה', 'מגן', 'עזרך', 'ואשר', 'חרב', 'גאותך', 'ויכחשו', 'איביך', 'לך', 'ואתה', 'על', 'במותימו', 'תדרך']
==== D. CASE TOKENS, FRAMES, REGISTER, NAMES
  case tokens (כי "when/for" / אם "if" / ואם / או "or" / פן "lest"): {'33:9': ['כי'], '33:19': ['כי'], '33:21': ['כי']}
  divine frames (ויאמר/וידבר + יהוה): ['33:2']
  לאמר "saying" seats: []
  narrative-form verbs (V.w) per verse: {2: ['ויאמר'], 5: ['ויהי'], 7: ['ויאמר'], 21: ['וירא', 'ויתא'], 27: ['ויגרש', 'ויאמר'], 28: ['וישכן']}
  first-person verb forms (1cs / 1cp) per verse: {9: [('ראיתיו', 'HVqp1cs/Sp3ms')]}
  imperatives (Vq.v / Vp.v / Vh.v) per verse: {}
  prohibitions לא + imperfect (the ten's form) per verse: {9: []}
  name tokens (Np): {1: ['משה', 'ישראל'], 2: ['יהוה', 'מסיני', 'משעיר', 'פארן'], 4: ['משה', 'יעקב'], 5: ['בישרון', 'ישראל'], 6: ['ראובן'], 7: ['ליהודה', 'יהוה', 'יהודה'], 8: ['וללוי', 'במסה', 'מריבה'], 10: ['ליעקב', 'לישראל'], 11: ['יהוה'], 12: ['לבנימן', 'יהוה'], 13: ['וליוסף', 'יהוה'], 16: ['יוסף'], 17: ['אפרים', 'מנשה'], 18: ['ולזבולן', 'זבולן', 'ויששכר'], 20: ['ולגד', 'גד'], 21: ['יהוה', 'ישראל'], 22: ['ולדן', 'דן', 'הבשן'], 23: ['ולנפתלי', 'נפתלי', 'יהוה'], 24: ['ולאשר', 'אשר'], 26: ['ישרון'], 28: ['ישראל', 'יעקב'], 29: ['ישראל', 'נושע', 'ביהוה']}
  second-person plural vs singular (2mp / 2ms tokens per verse): {1: (0, 0), 2: (0, 0), 3: (0, 3), 4: (0, 0), 5: (0, 0), 6: (0, 0), 7: (0, 3), 8: (0, 5), 9: (0, 2), 10: (0, 4), 11: (0, 3), 12: (0, 0), 13: (0, 0), 14: (0, 0), 15: (0, 0), 16: (0, 0), 17: (0, 0), 18: (0, 3), 19: (0, 0), 20: (0, 0), 21: (0, 0), 22: (0, 0), 23: (0, 1), 24: (0, 0), 25: (0, 3), 26: (0, 1), 27: (0, 2), 28: (0, 0), 29: (0, 7)}
==== E. THE REGISTER GATE on Deut 33
  dispositions naming Deut 33: []
  REGISTER_INDEX lines on Deut 33:
==== F. THE PRIOR READS
  ledgers with an Onkelos Deut 33 row: []
  prior Sifrei Devarim rows anywhere (strict form), those among the outside rows: [('deu_06_vaetchanan_2026-09-17.md', 31, 6), ('deu_06_vaetchanan_2026-09-17.md', 355, 27), ('deu_09_ekev_2026-09-19.md', 342, 1), ('deu_11_ekev_reeh_2026-09-20.md', 42, 9), ('deu_11_ekev_reeh_2026-09-20.md', 48, 9), ('deu_15_reeh_2026-09-22.md', 355, 9), ('deu_19_21_shoftim_ki_teitzei_2026-09-24.md', 351, 1), ('deu_26_28_ki_tavo_2026-09-26.md', 347, 3), ('deu_29_31_nitzavim_vayelech_2026-09-27.md', 48, 9), ('deu_29_31_nitzavim_vayelech_2026-09-27.md', 345, 2), ('deu_32_haazinu_2026-09-27.md', 314, 1), ('deu_32_haazinu_2026-09-27.md', 329, 3), ('deu_32_haazinu_2026-09-27.md', 342, 1), ('deu_32_haazinu_2026-09-27.md', 346, 2), ('deu_32_haazinu_2026-09-27.md', 355, 6), ('deu_32_haazinu_2026-09-27.md', 356, 5), ('gen_22_covenant_bow_2026-08-25.md', 343, 9), ('gen_22_covenant_bow_2026-08-25.md', 355, 6), ('gen_32_hagar_angel_2026-08-25.md', 343, 6)] | all prior rows count 2408
  ledgers NAMING a verse of Deut 33: 24
    ('deu_04_vaetchanan_exam_2026-09-16.md', 1, ['Deuteronomy 33:29'])
    ('deu_06_vaetchanan_2026-09-17.md', 1, ['Deuteronomy 33:8'])
    ('family_docket_2026-09-06.md', 3, ['Deut 33:12', 'Deut 33:17', 'Deut 33:7'])
    ('gen_01_creation_boot_2026-07-30.md', 1, ['Deut 33:21'])
    ('gen_04_lights_calendar_2026-07-30.md', 1, ['Deut 33:14'])
    ('gen_70_goshen_and_the_fifth_2026-08-28.md', 1, ['Deuteronomy 33:7'])
    ('gen_72_testament_twelve_2026-08-28.md', 1, ['Deuteronomy 33:22'])
    ('lev_26_blessings_curses_2026-09-05.md', 1, ['Deut 33:25'])
    ('num_06_nazir_2026-09-09.md', 2, ['Deut 33:16'])
    ('num_07_carts_offerings_a_2026-09-09.md', 1, ['Deut 33:18'])
    ('num_09_pesach_cloud_2026-09-09.md', 2, ['Deut 33:10', 'Deut 33:9'])
    ('num_10_trumpets_depart_2026-09-10.md', 1, ['Deut 33:3'])
    ('num_21_snakes_conquest_2026-09-11.md', 2, ['Deut 33:21'])
    ('num_22_25_balak_exam_2026-09-11.md', 2, ['Deut 33:22', 'Deut 33:5'])
    ('num_22_balak_bilam_call_2026-09-11.md', 1, ['Deuteronomy 33:22'])
    ('num_23_oracles_1_2_2026-09-11.md', 5, ['Deut 33:11', 'Deut 33:17', 'Deuteronomy 33:17', 'Deuteronomy 33:22'])
    ('num_24_oracles_3_4_2026-09-11.md', 6, ['Deut 33:11', 'Deut 33:17', 'Deuteronomy 33:11', 'Deuteronomy 33:22'])
    ('num_25_peor_pinchas_2026-09-11.md', 1, ['Deuteronomy 33:22'])
    ('num_28_29_musafim_exam_2026-09-11.md', 1, ['Deut 33:5'])
    ('num_31_midian_exam_2026-09-12.md', 1, ['Deuteronomy 33:2'])
    ('num_32_gad_reuben_2026-09-12.md', 4, ['Deuteronomy 33:20-21', 'Deuteronomy 33:21'])
    ('num_32_gad_reuben_exam_2026-09-12.md', 2, ['Deuteronomy 33:21'])
    ('num_34_borders_2026-09-12.md', 2, ['Deuteronomy 33:18'])
    ('num_35_refuge_cities_exam_2026-09-13.md', 3, ['Deuteronomy 33:11', 'Deuteronomy 33:6-7', 'Deuteronomy 33:7'])
  ledgers with an Onkelos Gen 27 / Gen 35 / Gen 48 / Gen 49 / Exod 17 / Exod 19 / Exod 28 / Exod 32 / Num 1 / Num 2 / Num 25 / Num 27 / Num 32 / Deut 10 / Deut 27 / Deut 32 row (the kin's reading — Jacob's blessing Genesis 49 and Joseph's sons Genesis 48 for the tribes' order and words; Isaac's dew Genesis 27:28 for 33:28; Reuben's deed Genesis 35:22 for 33:6; Sinai's coming Exodus 19 for 33:2; Massah Exodus 17:7 for 33:8; the Urim and Thummim Exodus 28:30 and Numbers 27:21 for 33:8; Levi's sword Exodus 32:26-29 and Phinehas Numbers 25 for 33:9; the camp's order Numbers 1-2 for the tribes named; Gad's portion Numbers 32 for 33:20-21; the Levites' charge 10:8 for 33:10; the tribes on the mountains 27:12-13; the song 32 for Jeshurun, the dew and the high places): ['deu_10_ekev_2026-09-19.md', 'deu_26_28_ki_tavo_2026-09-26.md', 'deu_32_haazinu_2026-09-27.md', 'erection_docket_2026-09-06.md', 'exo_28_priest_garments_2026-09-01.md', 'exo_32_golden_calf_2026-09-01.md', 'num_01_census_command_2026-09-09.md', 'num_01_levites_exempt_2026-09-09.md', 'num_01_tribe_counts_2026-09-09.md', 'num_02_camp_east_south_2026-09-09.md', 'num_02_camp_west_north_2026-09-09.md', 'num_25_peor_pinchas_2026-09-11.md', 'num_27_zelophehad_joshua_2026-09-09.md', 'num_32_gad_reuben_2026-09-12.md', 'vestments_docket_2026-09-06.md'] | ledgers with an Onkelos row of the Prophets (never read ahead — expected none): []
==== G. THE DRAFTS
  deu_32_haazinu: refs 32:1-43; steps (32, 1)..(32, 43) n=43; draft False; operators True; depends_on ['    - "deu_31_charge_torah"\n']; scenarios 50; binary_trees True; step E True; comment lines 48
  deu_32_song_aftermath: refs 32:44-52; steps (32, 44)..(32, 52) n=9; draft False; operators True; depends_on ['    - "deu_32_haazinu"\n']; scenarios 16; binary_trees True; step E True; comment lines 14
  deu_33_ve_zot: refs 33:1-29; steps (33, 1)..(33, 29) n=29; draft True; operators False; depends_on ['    - "deu_32_song_aftermath"\n    - "gen_48_50_blessings_death"\n']; scenarios 36; binary_trees True; step E False; comment lines 33
    the step verses: [1, 2, 3, 4, 5, 6, 7, 8, 9, 10, 11, 12, 13, 14, 15, 16, 17, 18, 19, 20, 21, 22, 23, 24, 25, 26, 27, 28, 29] | covers DB 29 ? True
  the units' claim prefixes present anywhere? {'DV33': 0, 'DV33A': 0, 'DV33B': 0, 'DV32': 2, 'DV34': 0}
  existing manifests deu_33*: [] | ledgers deu_*: ['deu_01_03_devarim_2026-09-15.md', 'deu_01_03_devarim_exam_2026-09-15.md', 'deu_04_vaetchanan_2026-09-16.md', 'deu_04_vaetchanan_exam_2026-09-16.md', 'deu_05_vaetchanan_2026-09-16.md', 'deu_05_vaetchanan_exam_2026-09-16.md', 'deu_06_vaetchanan_2026-09-17.md', 'deu_06_vaetchanan_exam_2026-09-17.md', 'deu_07_vaetchanan_ekev_2026-09-17.md', 'deu_07_vaetchanan_ekev_exam_2026-09-18.md', 'deu_08_ekev_2026-09-18.md', 'deu_08_ekev_exam_2026-09-19.md', 'deu_09_ekev_2026-09-19.md', 'deu_09_ekev_exam_2026-09-19.md', 'deu_10_ekev_2026-09-19.md', 'deu_10_ekev_exam_2026-09-20.md', 'deu_11_ekev_reeh_2026-09-20.md', 'deu_11_ekev_reeh_exam_2026-09-20.md', 'deu_12_reeh_2026-09-20.md', 'deu_12_reeh_exam_2026-09-20.md', 'deu_13_reeh_2026-09-21.md', 'deu_13_reeh_exam_2026-09-21.md', 'deu_14_reeh_2026-09-21.md', 'deu_14_reeh_exam_2026-09-21.md', 'deu_15_reeh_2026-09-22.md', 'deu_15_reeh_exam_2026-09-23.md', 'deu_16_reeh_shoftim_2026-09-23.md', 'deu_16_reeh_shoftim_exam_2026-09-23.md', 'deu_17_18_shoftim_2026-09-24.md', 'deu_17_18_shoftim_exam_2026-09-24.md', 'deu_19_21_shoftim_ki_teitzei_2026-09-24.md', 'deu_19_21_shoftim_ki_teitzei_exam_2026-09-25.md', 'deu_22_25_ki_teitzei_2026-09-25.md', 'deu_22_25_ki_teitzei_exam_2026-09-26.md', 'deu_26_28_ki_tavo_2026-09-26.md', 'deu_26_28_ki_tavo_exam_2026-09-26.md', 'deu_29_31_nitzavim_vayelech_2026-09-27.md', 'deu_29_31_nitzavim_vayelech_exam_2026-09-27.md', 'deu_32_haazinu_2026-09-27.md', 'deu_32_haazinu_exam_2026-09-28.md']
  unit count and standing (CORPUS_TRUTH literals): []
==== H. THE STORE'S GLOSSES on chapter 33
  gloss Counter (the 50 commonest): [('say', 8), ('YHWH', 7), ('people', 6), ('bless', 5), ('Israel', 5), ('reside', 4), ('and-from-distinguished-thing', 4), ('and-say', 3), ('meaning-accession', 3), ('and-they', 3), ('to-him/its', 3), ('over', 3), ('not', 3), ('brother-him/its', 3), ('that', 3), ('earth', 3), ('and-this', 2), ('which', 2), ('Moses', 2), ('to-them/their', 2), ('and-arrive', 2), ('hide', 2), ('all', 2), ('Jacob', 2), ('and-be', 2), ('head', 2), ('unit', 2), ('hand-him/its', 2), ('be', 2), ('and-obj-marker·et', 2), ('son-him/its', 2), ('be-pleased-with', 2), ('from', 2), ('over-him/its', 2), ('heavens', 2), ('mountain', 2), ('front', 2), ('forever', 2), ('separate', 2), ('there', 2), ('seas', 2), ('arm', 2), ('the-benediction', 1), ('man', 1), ('the-God', 1), ('obj-marker·et', 1), ('son', 1), ('to-face', 1), ('death-him/its', 1), ('from-Sinai', 1)]
  gloss file bytes 10634
  overrides already for Deut.33: [] | by_ref last Deut.32 line: ['  "Deut.32.48:4": "in-the-selfsame"   # בעצם']
==== I. THE SPINE ON THE CHAPTER — the Sifrei piskaot whose head is in chapter 33 (the spine on the chapter a twenty-fifth time — THE BLESSING: 342 on 33:1 onward, the comma in the head of 342 tolerated), whole
  SPINE (computed from the heads): [342, 343, 344, 345, 346, 347, 348, 349, 350, 351, 352, 353, 354, 355, 356] | contiguous? True | the heads by verse: [(342, 1), (343, 2), (344, 3), (345, 4), (346, 5), (347, 6), (348, 7), (349, 8), (350, 9), (351, 10), (352, 11), (353, 13), (354, 18), (355, 20), (356, 27)] | the heads before and after: {341: (32, 52), 357: (34, 1)}
  rows per piska (HE, EN): {342: (7, 7), 343: (15, 15), 344: (7, 7), 345: (3, 3), 346: (2, 2), 347: (5, 5), 348: (9, 9), 349: (5, 5), 350: (3, 3), 351: (4, 4), 352: (17, 17), 353: (13, 13), 354: (8, 8), 355: (30, 30), 356: (14, 14)} | total HE rows 142 | HE == EN everywhere? True
  spine file bytes 206825 | bytes per piska HE+EN: {342: 12944, 343: 25788, 344: 6925, 345: 3756, 346: 5639, 347: 6232, 348: 8347, 349: 5069, 350: 1419, 351: 3149, 352: 22785, 353: 7781, 354: 7377, 355: 22529, 356: 9250}
  prior reads among the spine rows (any ledger): [('deu_06_vaetchanan_2026-09-17.md', 355, 27), ('deu_09_ekev_2026-09-19.md', 342, 1), ('deu_15_reeh_2026-09-22.md', 355, 9), ('deu_17_18_shoftim_2026-09-24.md', 352, 9), ('deu_19_21_shoftim_ki_teitzei_2026-09-24.md', 351, 1), ('deu_22_25_ki_teitzei_2026-09-25.md', 352, 8), ('deu_22_25_ki_teitzei_2026-09-25.md', 352, 9), ('deu_22_25_ki_teitzei_2026-09-25.md', 352, 10), ('deu_22_25_ki_teitzei_2026-09-25.md', 352, 17), ('deu_26_28_ki_tavo_2026-09-26.md', 347, 3), ('deu_29_31_nitzavim_vayelech_2026-09-27.md', 345, 2), ('deu_32_haazinu_2026-09-27.md', 342, 1), ('deu_32_haazinu_2026-09-27.md', 346, 2), ('deu_32_haazinu_2026-09-27.md', 355, 6), ('deu_32_haazinu_2026-09-27.md', 356, 5), ('gen_22_covenant_bow_2026-08-25.md', 343, 9), ('gen_22_covenant_bow_2026-08-25.md', 355, 6), ('gen_32_hagar_angel_2026-08-25.md', 343, 6)]
  the spine rows citing a verse of chapter 33 in the Hebrew (p, r, the export verses): [(343, 1, [2]), (343, 5, [2]), (344, 1, [3]), (345, 1, [4]), (346, 1, [5]), (347, 1, [6]), (348, 1, [7]), (349, 1, [8]), (350, 1, [9]), (351, 1, [10]), (352, 1, [11]), (352, 5, [12]), (353, 1, [13]), (353, 3, [14]), (353, 4, [15]), (353, 6, [16]), (353, 9, [17]), (354, 1, [18]), (354, 5, [19]), (355, 1, [20]), (355, 5, [21]), (355, 11, [22]), (355, 14, [23]), (355, 18, [24]), (355, 25, [25]), (355, 27, [26, 29]), (356, 1, [27]), (356, 4, [28]), (356, 9, [29])]
  the spine rows' own Hebrew citations (book, chapter, verse) by row: [(342, 2, [('הושע', 9, 14), ('יואל', 2, 25), ('עמוס', 4, 1), ('שם', 9, 13), ('מיכה', 3, 2), ('ירמיה', 7, 34), ('שם', 31, 12)]), (342, 3, [('ירמיה', 51, 64)]), (342, 4, [('בראשית', 49, 28), ('תהלים', 90, 1)]), (342, 6, [('שם', 9, 6), ('נחמיה', 12, 24), ('שם', 13, 1), ('שם', 4, 9)]), (342, 7, [('מלאכי', 3, 23)]), (343, 1, [('דברים', 33, 2)]), (343, 2, [('תהלים', 149, 1), ('תהלים', 149, 4), ('תהלים', 150, 1)]), (343, 4, [('חבקוק', 3, 3)]), (343, 5, [('דברים', 33, 2)]), (343, 6, [('שמות', 20, 13), ('בראשית', 27, 22), ('שם', 27, 40), ('בראשית', 19, 36), ('בראשית', 16, 12), ('תהלים', 138, 4), ('מיכה', 5, 14)]), (343, 7, [('שופטים', 5, 4), ('בראשית', 25, 26)]), (343, 8, [('בראשית', 25, 27)]), (343, 9, [('תהלים', 29, 3), ('בראשית', 9, 15), ('תהלים', 29, 11), ('איוב', 12, 16), ('תהלים', 29, 11)]), (343, 10, [('תהלים', 80, 2), ('שם', 94, 1), ('שם', 50, 2)]), (343, 12, [('שמות', 15, 2), ('שם', 1, 3), ('תהלים', 44, 23), ('שם', 6, 1), ('שם', 6, 3)]), (343, 13, [('תהלים', 29, 7)]), (343, 14, [('שמות', 20, 19)]), (344, 1, [('דברים', 33, 3)]), (344, 2, [('שמות', 32, 32)]), (344, 3, [('שמות', 24, 7)]), (344, 6, [('שמות', 24, 7)]), (345, 1, [('דברים', 33, 4)]), (345, 2, [('דברים', 29, 9)]), (346, 1, [('דברים', 33, 5), ('במדבר', 25, 4), ('במדבר', 11, 16)]), (346, 2, [('עמוס', 9, 6), ('שמות', 15, 2), ('דברים', 32, 3), ('ישעיה', 43, 12), ('תהלים', 123, 1)]), (347, 1, [('דברים', 33, 6)]), (347, 3, [('דברים', 27, 20), ('בראשית', 49, 4)]), (347, 5, [('ישעיה', 3, 25), ('תהלים', 103, 20)]), (348, 1, [('דברים', 33, 7), ('בראשית', 38, 26)]), (348, 3, [('שמות', 13, 19), ('בראשית', 50, 5)]), (348, 6, [('שופטים', 1, 3)]), (348, 7, [('בראשית', 34, 25), ('בראשית', 35, 5)]), (348, 8, [('תהלים', 121, 1)]), (348, 9, [('שם', 21, 16)]), (349, 1, [('דברים', 33, 8), ('בראשית', 49, 7), ('בראשית', 34, 25), ('שמות', 32, 26), ('במדבר', 25, 11), ('במדבר', 25, 14)]), (349, 5, [('במדבר', 20, 10)]), (350, 1, [('דברים', 33, 9), ('שמות', 32, 26)]), (351, 1, [('דברים', 33, 10), ('דברים', 21, 5)]), (351, 3, [('ויקרא', 6, 16)]), (352, 1, [('דברים', 33, 11), ('תהלים', 37, 25)]), (352, 5, [('דברים', 33, 12), ('ישעיה', 5, 1), ('ירמיה', 11, 15), ('ירמיה', 12, 7), ('תהלים', 84, 2)]), (352, 6, [('יחזקאל', 34, 25)]), (352, 7, [('בראשית', 22, 14), ('שם', 27, 27), ('תהלים', 133, 3), ('בראשית', 28, 17)]), (352, 9, [('דברים', 17, 8), ('ישעיה', 2, 3)]), (352, 10, [('יהושע', 15, 8), ('בראשית', 49, 10), ('מיכה', 5, 1), ('בראשית', 35, 19)]), (352, 11, [('בראשית', 48, 7), ('מיכה', 5, 1), ('תהלים', 132, 6), ('בראשית', 49, 27)]), (352, 12, [('שופטים', 1, 16), ('במדבר', 10, 29)]), (353, 1, [('דברים', 33, 13)]), (353, 3, [('דברים', 33, 14)]), (353, 4, [('דברים', 33, 15)]), (353, 6, [('דברים', 33, 16)]), (353, 9, [('דברים', 33, 17)]), (353, 13, [('שופטים', 1, 7), ('שופטים', 8, 10)]), (354, 1, [('דברים', 33, 18), ('בראשית', 47, 2)]), (354, 3, [('בראשית', 49, 15)]), (354, 5, [('דברים', 33, 19)]), (355, 1, [('דברים', 33, 20), ('בראשית', 47, 2)]), (355, 5, [('דברים', 33, 21)]), (355, 6, [('דברים', 32, 49), ('במדבר', 32, 37)]), (355, 8, [('ישעיה', 53, 12)]), (355, 9, [('דברים', 15, 7)]), (355, 10, [('ישעיה', 56, 1)]), (355, 11, [('דברים', 33, 22), ('בראשית', 47, 2)]), (355, 13, [('יהושע', 19, 47)]), (355, 14, [('דברים', 33, 23), ('בראשית', 47, 2)]), (355, 16, [('תהלים', 145, 19)]), (355, 18, [('דברים', 33, 24)]), (355, 24, [('משלי', 13, 7)]), (355, 25, [('דברים', 33, 25)]), (355, 26, [('בראשית', 47, 14)]), (355, 27, [('דברים', 33, 26), ('שמות', 15, 11), ('דברים', 33, 29), ('שם', 6, 4), ('שם', 2, 2), ('שמות', 15, 2), ('ישעיה', 43, 21), ('תהלים', 89, 18), ('ישעיה', 49, 3)]), (356, 1, [('דברים', 33, 27), ('שמות', 24, 5)]), (356, 4, [('דברים', 33, 28), ('יחזקאל', 34, 25)]), (356, 5, [('דברים', 32, 12), ('ירמיה', 15, 17), ('במדבר', 23, 9)]), (356, 6, [('בראשית', 48, 21)]), (356, 7, [('בראשית', 27, 28)]), (356, 8, [('ישעיה', 45, 8)]), (356, 9, [('דברים', 33, 29), ('שמות', 15, 11), ('תהלים', 31, 20)]), (356, 10, [('ישעיה', 45, 17)]), (356, 12, [('שמות', 33, 6), ('ישעיה', 49, 18)]), (356, 13, [('בראשית', 33, 9)]), (356, 14, [('יהושע', 10, 24)])]
  the spine rows' English citations by row: [(342, 1, ['Dt.33:1', 'Dt.32:24', 'Dt.32:25', 'Dt.9:8', 'Dt.9:7', 'Dt.33:1']), (342, 2, ['Hos.9:14', 'Hos.14:7', 'Hos.14:7', 'Hos.14:5-6', 'Joel.1:1-2', 'Joel.1:4', 'Joel.2:25', 'Ps.22:12', 'Amos 4:1', 'Amos 9:13', 'Mic.3:2-3', 'Mic.3:3', 'Mic.7:18-19', 'Jer.7:34', 'Jer.31:12-13']), (342, 3, ['Jer.51:64']), (342, 4, ['Dt.33:1', 'Gn.49:28', 'Dt.33:1', 'Ps.90:1', 'Dt.33:1']), (342, 5, ['Dt.33:1']), (342, 6, ['Ps.90:1', 'Ps.90:1', 'Neh.12:24']), (342, 7, ['Dt.33:1', 'Mal.3:23', 'Mal.3:23']), (343, 1, ['Dt.33:2', 'Dt.33:2', 'Dt.33:5', 'Dt.33:26']), (343, 2, ['Ps.149:1', 'Ps.149:4', 'Ps.150:1']), (343, 4, ['Dt.33:2', 'Dt.33:2', 'Hab.3:3']), (343, 5, ['Dt.33:2', 'Dt.33:2', 'Dt.33:2', 'Dt.33:2']), (343, 6, ['Dt.33:2', 'Ex.20:13', 'Gn.27:22', 'Gn.27:40', 'Ex.20:13', 'Gn.19:36', 'Ex.20:13', 'Gn.16:12', 'Ps.138:4', 'Mic.5:14', 'Dt.33:2']), (343, 7, ['Dt.33:2', 'Jud.5:4']), (343, 8, ['Gn.25:27', 'Dt.33:2']), (343, 9, ['Dt.33:2', 'Ps.29:3', 'Ps.29:4', 'Gn.9:15', 'Ps.29:11', 'Job12:16', 'Ps.29:11']), (343, 10, ['Dt.33:2', 'Ps.80:2', 'Dt.33:2', 'Ps.94:1', 'Ps.50:2']), (343, 11, ['Dt.33:2']), (343, 12, ['Ex.15:2', 'Song5:9', 'Ps.44:23', 'Song5:10-16', 'Song6:1', 'Song6:2-4']), (343, 13, ['Dt.33:2', 'Ps.29:7']), (343, 14, ['Dt.33:2', 'Ex.20:19']), (343, 15, ['Dt.33:2']), (344, 1, ['Dt.33:3']), (344, 2, ['Dt.33:3', 'Ex.32:32']), (344, 3, ['Dt.33:3', 'Dt.33:3', 'Ex.24:7']), (344, 4, ['Dt.33:3']), (344, 5, ['Dt.33:3', 'Exek.4:4-5']), (344, 6, ['Dt.33:3', 'Dt.33:3', 'Ex.24:7']), (344, 7, ['Dt.33:3', 'Dt.33:3', 'Dt.33:3', 'Dt.33:3', 'Ex.24:7']), (345, 1, ['Dt.33:4']), (345, 2, ['Dt.33:4', 'Dt.33:4', 'Dt.29:9', 'Dt.33:4', 'Prov.6:27-29']), (346, 1, ['Dt.33:5', 'Dt.33:5', 'Dt.33:5', 'Nu.25:4', 'Dt.33:5', 'Dt.33:5', 'Nu.11:16']), (346, 2, ['Dt.33:5', 'Am.9:6', 'Amos 9:6', 'Am.9:6', 'Ex.15:2', 'Dt.32:3', 'Is.43:12', 'Ps.123:1', 'Dt.33:5']), (347, 1, ['Dt.33:5', 'Dt.33:6', 'Dt.33:5-6']), (347, 2, ['Dt.33:6', 'Dt.33:6']), (347, 3, ['Dt.33:6', 'Gn.37:22', 'Dt.33:6', 'Gn.35:22', 'Dt.33:6', 'Dt.27:20']), (347, 4, ['Dt.33:6', 'Dt.33:6']), (347, 5, ['Dt.33:6', 'Is.3:25', 'Ps.103:20']), (348, 1, ['Dt.33:6', 'Dt.33:7', 'Gn.38:26', 'Job.15:17-19']), (348, 2, ['Dt.33:7']), (348, 3, ['Dt.33:7', 'Ex.13:19', 'Dt.33:7', 'Gn.50:5', 'Dt.33:7']), (348, 4, ['Dt.33:7', 'Dt.33:7']), (348, 5, ['Dt.33:6-7']), (348, 6, ['Dt.33:7', 'Jud.1:3']), (348, 7, ['Dt.33:7', 'Gn.34:25', 'Dt.33:7', 'Gn.35:5']), (348, 8, ['Dt.33:6-7', 'Dt.33:7', 'Dt.33:7', 'Dt.33:7', 'Ps.121:1']), (348, 9, ['Dt.33:7', 'Dt.33:7', 'Dt.33:7', 'Dt.33:7']), (349, 1, ['Dt.33:8', 'Gn.34:25-30', 'Gn.49:7', 'Gn.34:25', 'Ex.32:26-28', 'Nu.25:11', 'Nu.25:17', 'Dt.33:8']), (349, 2, ['Dt.33:8']), (349, 3, ['Dt.33:8']), (349, 4, ['Dt.33:8']), (349, 5, ['Dt.33:8', 'Nu.20:10']), (350, 1, ['Dt.33:9', 'Ex.32:26-28', 'Dt.33:9', 'Dt.33:9']), (350, 2, ['Dt.33:9', 'Dt.33:9']), (350, 3, ['Dt.33:9']), (351, 1, ['Dt.33:10', 'Dt.21:5']), (351, 2, ['Dt.33:10']), (351, 3, ['Dt.33:10', 'Dt.33:10', 'Lv.6:16']), (351, 4, ['Dt.33:10', 'Dt.33:10', 'Lv.16:24-27']), (352, 1, ['Dt.33:11', 'Ps.37:25']), (352, 2, ['Dt.33:11']), (352, 3, ['Dt.33:11']), (352, 4, ['Dt.33:11', 'Dt.33:11']), (352, 5, ['Dt.33:12', 'Is.5:1', 'Jer.11:15', 'Dt.33:12', 'Jer.12:7', 'Ps.84:3']), (352, 6, ['Dt.33:12', 'Ezek.34:25']), (352, 7, ['Dt.33:12', 'Dt.33:12', 'Dt.33:12', 'Dt.33:12', 'Dt.33:12', 'Dt.33:12', 'Gn.22:14', 'Gn.22:14', 'Gn.22:14', 'Gn.27:27', 'Gn.27:27', 'Ps.133:3', 'Gn.28:17', 'Gn.28:17', 'Gn.28:17']), (352, 8, ['Dt.23:12']), (352, 9, ['Dt.23:12', 'Dt.17:8', 'Is.2:3', 'Is.2:3']), (352, 10, ['Josh.15:8', 'Dt.23:12', 'Gn.49:10', 'Ps78:67-68', 'Mic.5:1', 'Gn.35:19']), (352, 11, ['Gn.48:7', 'Mic.5:1', 'Gn.49:27']), (352, 12, ['Judg.1:16', 'Nu.10:29', 'Nu.10:29', 'Nu.10:29', 'Nu.10:30']), (352, 17, ['Dt.23:12']), (353, 1, ['Dt.33:13']), (353, 2, ['Dt.33:13', 'Dt.33:13']), (353, 3, ['Dt.33:14', 'Dt.33:14']), (353, 4, ['Dt.33:15']), (353, 5, ['Dt.33:15', 'Song4:6']), (353, 6, ['Dt.33:16']), (353, 7, ['Dt.33:16']), (353, 8, ['Dt.33:16']), (353, 10, ['Dt.33:17']), (353, 11, ['Dt.33:18']), (353, 12, ['Dt.33:17']), (353, 13, ['Dt.33:17', 'Jud.1:7', 'Dt.33:17', 'Jud.8:10', 'Dt.33:17']), (354, 1, ['Dt.33:18', 'Gn.47:2']), (354, 2, ['Dt.33:18']), (354, 3, ['Dt.33:18', 'Gn.49:15']), (354, 4, ['Dt.33:18']), (354, 5, ['Dt.33:19', 'Dt.33:19']), (354, 6, ['Dt.33:19']), (354, 7, ['Dt.33:19', 'Dt.33:19']), (354, 8, ['Dt.33:19']), (355, 1, ['Dt.33:20', 'Gn.47:2']), (355, 2, ['Dt.33:20']), (355, 3, ['Dt.33:20']), (355, 4, ['Dt.33:20']), (355, 5, ['Dt.33:20']), (355, 6, ['Dt.33:20', 'Dt.32:49', 'Nu.32:37-38', 'Dt.33:20', 'Dt.33:23']), (355, 7, ['Dt.33:21']), (355, 8, ['Is.53:12']), (355, 9, ['Dt.33:21', 'Dt.15:7']), (355, 10, ['Dt.33:21', 'Is.56:1']), (355, 11, ['Dt.33:22', 'Gn.47:2']), (355, 12, ['Dt.33:22']), (355, 13, ['Dt.33:22', 'Josh.19:47']), (355, 14, ['Dt.33:23', 'Gn.47:2']), (355, 16, ['Dt.33:23', 'Ps.145:19']), (355, 17, ['Dt.33:23', 'Dt.33:23', 'Dt.33:23']), (355, 18, ['Dt.33:24', 'Gn.47:2']), (355, 19, ['Dt.33:24']), (355, 20, ['Dt.33:24']), (355, 21, ['Dt.33:24', 'Gn.35:22', 'Dt.33:24']), (355, 22, ['Dt.33:24', 'Dt.33:24']), (355, 23, ['Dt.33:24']), (355, 24, ['Dt.33:24', 'Dt.33:24', 'Prov.13:7']), (355, 25, ['Dt.33:25']), (355, 26, ['Dt.33:25', 'Gn.47:14']), (355, 27, ['Dt.33:26', 'Dt.33:26', 'Dt.33:26', 'Ex.15:11', 'Dt.33:29', 'Dt.6:4', 'Song2:3', 'Song2:2', 'Ex.15:2', 'Is.43:21', 'Ps.89:18', 'Is.49:3']), (355, 28, ['Dt.33:26', 'Dt.33:26', 'Dt.33:26']), (355, 29, ['Dt.33:26']), (355, 30, ['Dt.33:26']), (356, 1, ['Ex.24:5', 'Ex.24:11', 'Ex.24:5', 'Ex.24:11']), (356, 2, ['Dt.33:27']), (356, 3, ['Dt.33:27', 'Dt.33:27']), (356, 4, ['Dt.33:28', 'Ezek.34:25']), (356, 5, ['Dt.33:28', 'Dt.32:12']), (356, 6, ['Dt.33:28', 'Gn.48:21']), (356, 7, ['Dt.33:28', 'Gn.27:28']), (356, 8, ['Dt.33:28', 'Is.45:8']), (356, 9, ['Dt.33:29', 'Ex.15:11', 'Dt.33:29', 'Ps.31:20']), (356, 10, ['Dt.33:29', 'Is.45:17']), (356, 11, ['Dt.33:29']), (356, 12, ['Dt.33:29', 'Ex.33:6', 'Is.49:18']), (356, 13, ['Dt.33:29', 'Gn.33:9']), (356, 14, ['Dt.33:29', 'Josh.10:24'])]
  the spine rows with NO citation in either file: [(343, 3), (345, 3), (352, 13), (352, 14), (352, 15), (352, 16), (355, 15)]
  THE PORTION EDGE: Vezot Habrachah is 33:1-34:12 — chapter 33 the unit, CHAPTER NUMBERS (34 the next sitting; 357 on 34:1 its piska) — THE SPINE IN FORCE: the Sifrei's heads on chapter 33 by verse (342 on 33:1 onward), and the verses without a head: [1, 2, 3, 4, 5, 6, 7, 8, 9, 10, 11, 13, 18, 20, 27] [12, 14, 15, 16, 17, 19, 21, 22, 23, 24, 25, 26, 28, 29]
