assembled bytes 76273 | paragraphs 27 | lint rc 0 | gloss_lint: 0 flag(s)
  para 683 '## Sitting 21b — THE COMPILE OF CHAPTER 33, THE BLESSING, Deuteronomy '
  para 6354 "THE FORM (the lean pass; 20b's shape over ONE chapter read for one fro"
  para 3900 'THE RECON (ch33b_recon.out — every number read there): THE TAPE at RUN'
  para 4652 "THE CALLEES' FACTS (ch33_callees.out — 39 runners loaded, 30 cells' as"
  para 3316 "THE FINDS THE COMPILE STANDS ON (the reading's ledger, its crowns and "
  para 635 "THE CELLS — the runner's functions, every one WRAPPED by law_blessing_"
  para 3481 'F1 THE MAN OF GOD AND THE THEOPHANY (33:1-2) — ONE LINE moses_blessed_'
  para 3324 'F2 THE PROLOGUE — THE LAW AND THE KING (33:3-5) — ONE LINE blessing_pr'
  para 3016 'F3 REUBEN AND JUDAH (33:6-7) — ONE LINE blessing_reuben_and_judah_decl'
  para 4881 'F4 LEVI (33:8-11) — ONE LINE blessing_levi_declared (SPEECH, 33:8-11) '
  para 2354 'F5 THE BELOVED BETWEEN HIS SHOULDERS (33:12) — ONE LINE blessing_benja'
  para 4115 'F6 JOSEPH (33:13-17) — ONE LINE blessing_joseph_declared (SPEECH, 33:1'
  para 2475 'F7 ZEBULUN AND ISSACHAR (33:18-19) — ONE LINE blessing_zebulun_and_iss'
  para 2884 "F8 GAD — THE LIONESS AND THE LAWGIVER'S PORTION (33:20-21) — ONE LINE "
  para 2720 'F9 DAN, NAPHTALI AND ASHER (33:22-25) — ONE LINE blessing_dan_naphtali'
  para 2155 'F10 THE RIDER OF THE HEAVEN (33:26-27) — ONE LINE blessing_rider_of_th'
  para 3045 'F11 ISRAEL DWELLS ALONE (33:28-29) — ONE LINE blessing_israel_dwells_a'
  para 1824 'THE READBACK ON THIS CHAPTER — THE FORMS ON FILE, NO NEW FORM: twenty-'
  para 1161 "NO MARKER — the counter stands at (40, 12, 7) (Moses' last day, 19b's "
  para 1226 'THE PARAMETERS (the data channel, every one from the answer sheet or t'
  para 3111 'THE EFFECTS (effect_vocabulary.yaml): 28 NEW — 28 STATUSES (blessing_g'
  para 4715 'THE KIN BY CALL — THE TWO QUESTIONS ASKED (reference or transfer; taug'
  para 1144 "THE PREDICTION'S ARITHMETIC: RUN = (1439 + 11, 102 + 0, 94 + 0, 0, 12,"
  para 1807 'THE CHECKPOINTS DO1-DO5 (the D series at its fifteenth name; the lean '
  para 1039 "THE PROBES (the FIRST step after this design — 7b's lesson 2): readbac"
  para 3481 'THE ORDER: this design -> the probe Q50 to FAIL (patch_probes_ch33.py)'
  para 1989 "THE DEBT (the lean-pass box's line at the tail): the docket whole (Sha"
the map's newest header: ## Sitting 21 — CHAPTER 33 — AS BUILT — LEAN (2026-09-29; the design above stands as writ | map bytes 2279163
WRITTEN: map bytes 2355437 | the map lint rc 0 | gloss_lint: 0 flag(s) | Hebrew script in the map: 499
