the guard's count read from the generator's print: 42
assembled /Users/Shared/TorahSim/World/step9/cold_run_blessing_of_moses.py 294357 bytes; parts [90106, 30590, 27159, 20384, 48496, 43607] tail 33958
runner rc 0
MATRIX: 42/42 cells match the answer sheet
THE COMPILE OF CHAPTER 33 (LEAN): the answer sheet REPRODUCED — 42/42
dependency rc 1
  FAIL EDGE blessing_of_moses -> lev24 [talion_formula] at Deut 33:13: NO DISPOSITION
  FAIL EDGE blessing_of_moses -> pesach [firstborn] at Deut 33:17: NO DISPOSITION
  FAIL EDGE blessing_of_moses -> sanctions [molech_ov] at Deut 33:5: NO DISPOSITION
daemon rc 0
index: World/step9/DAEMON_INDEX.md regenerated (83 daemons, 613 functions)
DAEMON GATE: every daemon declared and its watches verified; every kind and effect registered; every compiled function dispositioned; every WRAPPED verified; every OWED on the worklist [gate satisfied]
  TOTAL submits 2966; HISTORY 1352; case rows 1491; statute 117; act/speech-on-tractate 6
recording: 3409 records written
  song_charge_nebo   worlds 1  total  16  HISTORY  15  case   0  statute  1  act/speech-on-tractate   0  unregistered 0
  blessing_of_moses  worlds 1  total  11  HISTORY  11  case   0  statute  0  act/speech-on-tractate   0  unregistered 0
PLACEMENT LITERAL: {'markers': {'text_constrained': 108, 'reading_placed': 50}, 'events': {'text_constrained': 110, 'page_order': 1279, 'reading_placed': 59}}
tape written into /Users/Shared/TorahSim/World/step9/cold_run_sequence.py: 1847 lines
  CENSUS tuple (scanned, history, on tape, case, source-off, register-off, deduped, re-based, closes, markers, F, P, R, kinds, subjects): (2520, 1319, 1448, 1185, 6, 10, 9, 0, 71, 173, 132, 15, 26, 993, 274)
  File "<scratch>/patch_seq_literals_ch33.py", line 41, in <module>
    assert sum(PLACEMENT['events'].values()) == 1439 + 11, ('THE EVENTS\' PLACEMENT — the eleven lines', PLACEMENT['events'])
           ^^^^^^^^^^^^^^^^^^^^^^^^^^^^^^^^^^^^^^^^^^^^^^
AssertionError: ("THE EVENTS' PLACEMENT — the eleven lines", {'text_constrained': 110, 'page_order': 1279, 'reading_placed': 59})
tape chain rc 1
scan census rc 0
