
THE CONSECRATION, SUBSTITUTION, AND DEVOTION MACHINE COMPILES — the two substitution verbs, "beast for beast," "it and its substitute" at the vow and the tithe, the fifth censused five times, the partitive "from all that he has," the ordinal tenth under the rod; three calls into sister engines: the Jubilee engine's tithe naming and the Passover engine's firstling donkey.
THE TOKENS (printed before they are asserted): {33: 336}
THE INK (printed before it is asserted): PARSE {(33, 23): ([], [], ['שבע*'])}, NUMV [], ORDV [], STARV [(33, 23)], TOKN {33: 336}
THE NEGATIONS AND THE NAME (printed before they are asserted): {(33, 9): ['לא', 'לא', 'לא']} 7
THE CLOCK (printed before it is asserted): {'counter': (40, 12, 7), 'marker': None, 'marker_verse': None, 'marker_at': None, 'days_walked': 0, 'the_day_by': "19b's marker at Deut 31:1 (the number's verse 31:2) — the_death_date_of_moses on the calendar's keys", 'clock_data': ['the_death_date_of_moses']}
THE SCANS (printed before they are asserted): holes {'israel_people': [], 'reuben': [], 'judah': [], 'levi': [], 'benjamin': [], 'joseph': [], 'zebulun': [], 'issachar': [], 'gad': [], 'dan_son': [], 'naphtali': [], 'asher': []}; the kin counts {'barred_from_the_land': 2, 'gathered_to_his_people': 5, 'go_up_to_nebo_see_the_land_commanded': 1, 'die_in_the_mountain_gathered_to_your_people_commanded': 1, 'as_aaron_died_in_hor_and_was_gathered': 1, 'see_the_land_from_afar_not_go_there': 1, 'heaven_and_earth_witness': 5, 'blessing_and_curse_set': 2, 'blessings_for_hearing': 3, 'blessed_with_dew_and_fat': 1, 'blessed_the_people': 2, 'counted': 22, 'hand_opening_commanded': 1, 'equal_portions_commanded': 1, 'levites_portion_given': 1, 'inheritance_barred': 2, 'book_of_the_law_beside_the_ark_commanded': 1, 'descended_on_the_mountain': 1, 'doctrine_as_rain_and_dew_likened': 1, 'heavens_good_treasure_opened': 1, 'high_court_at_the_place_commanded': 1, 'high_places_banned': 3, 'incense_continual': 2, 'kings_smitten': 3, 'land_possessed': 6, 'lords_portion_his_people_jacob': 1, 'nations_dispossessed_as_sihon_and_og_promised': 1, 'oral_law_unwritten': 3, 'presence_dwells': 1, 'shield_promised': 1, 'six_tribes_on_ebal_for_the_curse': 1, 'six_tribes_on_gerizim_to_bless': 1, 'substituted_for_the_firstborn': 1, 'torah_through_moses': 1, 'work_of_the_hand_blessed': 2, 'storehouses_blessed': 1, 'firstling_sanctification_commanded': 1, 'grave_marked': 1, 'judah_sent_ahead': 1, 'portion_added': 1, 'levite_forsaking_barred': 2, 'levites_loud_voice_commanded': 1, 'the_lord_alone_led_no_foreign_god': 1, 'song_sung': 1, 'no_share_in_the_world_to_come': 3, 'slain_by_sword': 2, 'priestly_dues_granted': 1}; the reuses {}; the entities {'barred_from_the_land': ['aaron', 'moses'], 'gathered_to_his_people': ['aaron', 'abraham', 'isaac', 'ishmael', 'jacob'], 'go_up_to_nebo_see_the_land_commanded': ['moses'], 'die_in_the_mountain_gathered_to_your_people_commanded': ['moses'], 'as_aaron_died_in_hor_and_was_gathered': ['moses'], 'see_the_land_from_afar_not_go_there': ['moses'], 'heaven_and_earth_witness': ['israel_people'], 'blessing_and_curse_set': ['israel_people'], 'garments_transferred_and_aaron_died': [], 'invested_office': ['aaron-and-sons', 'eleazar_son_of_aaron', 'pinchas', 'the-firstborn', 'the_levites', 'yehoshua'], 'demoted': ['reuben'], 'scepter_held': ['judah'], 'birthright_transferred': ['jacob', 'joseph'], 'scattered_in_israel': ['levi', 'simeon'], 'younger_set_first': ['ephraim'], 'concubine_lain_with': ['reuben']}
THE TWINS DIFFED (printed before they are asserted): {'33:16 vs Gen 49:26': 5, '33:13 vs Gen 49:25': 3, '33:15 vs Hab 3:6': 3, '33:2 vs Hab 3:3': 2, '33:1 vs Josh 14:6': 4, '33:1 vs 4:44': 5, '33:1 vs Gen 27:10': 3, '33:8 vs Num 20:13': 2, '33:8 vs Exod 17:7': 1, '33:9 vs Lev 21:11': 3, '33:5 vs 32:15': 0, '33:28 vs 32:2': 0, '33:12 vs Gen 49:27': 0, '33:6 vs Gen 49:4': 0, '33:6 vs Gen 49:3': 1, '33:7 vs Gen 49:8': 1, '33:24 vs Gen 49:20': 0, '33:21 vs Num 32:33': 0, '33:22 vs Gen 49:9': 2, '33:17 vs Gen 48:20': 2, '33:17 vs Num 27:20': 0, '33:29 vs Gen 15:1': 2, '33:28 vs Num 23:9': 0, '33:28 vs Gen 27:28': 1, '33:26 vs 4:35': 1, '33:29 vs 32:13': 1, '33:19 vs Ps 4:6': 2, '33:4 vs 31:9': 1, '33:16 vs Exod 3:2': 0, '33:27 vs 7:2': 0, '33:23 vs Gen 49:21': 1, '33:20 vs Gen 49:19': 1, '33:18 vs Gen 49:13': 1, '33:10 vs 21:5': 0, '33:10 vs 17:8': 0, '33:8 vs Exod 28:30': 1, '33:8 vs 6:16': 1, '33:12 vs 12:5': 1, '33:21 vs 15:7': 2, '33:24 vs 8:8': 0, '33:25 vs 8:9': 1, '33:27 vs Exod 24:5': 0, '33:27 vs Exod 24:11': 0}
THE CALLEES' FACTS (printed before they are asserted — 117):
  FACT SC_DEATH = {'the_command': 'Deut 32:50 — die in the mount and be gathered (a STATUS on moses)', 'the_event': "Deut 34:5 — the tape's event AHEAD (sitting 22's)",
  FACT SC_RB = [{'verses': 'Deut 32:1', 'told': 'give ear, O heavens, and I will speak; and let the earth hear the words of my mouth', 'grade': 'SUPPLIED', 'why': "S
  FACT SC_AARON = {'the_tape': 'Numbers 20:28 — garments_transferred_and_aaron_died at (40, 5, 1), aged 123 (chukat.edom_and_hor by CALL)', 'the_retelling': 'Numbers 33
  FACT SC_NEBO = "die in the mount where you go up, and be gathered to your people (32:50) — the death commanded, the death itself 34:5's event ahead (the three gifts'
  FACT SC_TABLE = 'the readback table (32:1-52) — 52 rows one per verse, SHORTENED 8, SUPPLIED 16, VARIANT 5, VERBATIM 23; every row graded against its kin'
  FACT CR_SONG = "when they eat and are sated and grow fat and turn (31:20) — satiety before rebellion, 8:12-14's kin (good_land — the growth's list (8:12-13) — ), the
  FACT CR_SPOKE = "Moses spoke the words of this song in the ears of all the assembly, to their end (31:30) — the song's frame opened, 32:44's closing frame ahead with 
  FACT CR_AHEAD = {'the_text': "Deut 32:1-43 — sitting 20's reading and its compile", 'the_closing_frame': "Deut 32:44 — 'and Moses came and spoke all the words of this
  FACT CR_DEATH = "THE SEVENTH OF ADAR OF THE FORTIETH YEAR — the year the ink's (Exodus 7:7's eighty at the exodus + the forty years = the hundred and twentieth), the 
  FACT CR_GIFTS = "THREE GIFTS BY THREE MERITS — the well by Miriam's, the pillar of cloud by Aaron's, the manna by Moses': Miriam died, the well ceased and returned by
  FACT GR_GRAVE = 'reubens_nebo_gads_field'
  FACT GR_EAST = 'by_moses_word_not_by_lot_held_before_assignment'
  FACT GR_CEASED = (40, 5, 15)
  FACT GR_DOUBLED = "the doubled condition — R. Meir: every condition not doubled like Gad and Reuben's is none; R. Chanina ben Gamliel: the doubling was needed there for
  FACT GR_CHARGE = "our little ones, our wives, our cattle and all our beasts (32:26) — Moses' order held; the retellings 'your wives, your little ones, your cattle' (De
  FACT JO_SEVENTY = 70
  FACT JO_SIXTY_SIX = 66
  FACT JO_KEYS = []
  FACT FA_FIRSTBORN = ['Gen 49:3', 'Deut 21:17']
  FACT FA_COUCH = 5
  FACT FA_ALIGN = (20, 9)
  FACT CK_SENT = "barred from the land — Moses and Aaron; Aaron's closed at 20:28, Moses' at Deut 34 (20:12)"
  FACT CK_SEATS = 'Meribah at 6 seats — Exod 17:7 the first, Num 20:13 the second (computed)'
  FACT CK_KISS = 'Miriam too by the kiss — "there" / "there" with Deut 34:5 (Bava Batra 17a)'
  FACT CK_DATES = 'Aaron (40, 5, 1) by the ink, aged 123; Miriam the tenth of Nisan by the shelf; Moses the seventh of Adar (33:38-39; Seder Olam 10:2)'
  FACT CK_SUCC = 'the garments to Eleazar and the office with them — Exod 29:29-30 run at Mount Hor (20:26-28)'
  FACT ES_SINAI = True
  FACT ES_TREASURE = 4
  FACT ES_TRIALS = 6
  FACT ES_BIRTH = (12, 7)
  FACT ER_CALF = 4
  FACT ER_MIL = 'students_travel_a_fortiori'
  FACT ST_THERE = "there Aaron died (10:6) — the tape's garments_transferred_and_aaron_died (Num 20:28, date (40, 5, 1), age 123 — CK.edom_and_hor by CALL) by kind: the
  FACT ST_BURIED = "and he was buried there (10:6) — the Torah's one seat; Numbers 20:28-29 and 33:38-39 tell the death, the mourning and the age, never the burial: the 
  FACT ST_WALK = "walk after His attributes (Sotah 14a:3-4) — 'after the LORD you shall walk' resolved as clothing the naked, visiting the sick, comforting mourners, B
  FACT ST_PLACE = {'name': 'the place of the death', 'verses': 'Deut 10:6; Num 20:22-29, 33:30-39', 'the_tape': "Mount Hor — journeyed_to_mount_hor (Num 20:22, M['hor_a
  FACT IS_INCENSE = [1, 1, 1, 2]
  FACT IS_SHEKEL = ['Exod 30:12']
  FACT IS_RANSOM = ['Deut 21:8', 'Exod 21:30', 'Exod 29:33', 'Exod 30:12', 'Num 35:31', 'Num 35:32']
  FACT BK_MOST_HIGH = "'knows the knowledge of the Most High' = fixes the moment of God's anger (one 58,888th of an hour) — Berakhot 7a; Avodah Zarah 4b"
  FACT BK_STAR = 'r_akiva_bar_koziba'
  FACT OS_MTN = "the mountain of Abarim (27:12) — Nebo and Pisgah its other names (34:1 one mountain): Deuteronomy 3:27's Pisgah the retelling of this command, READ B
  FACT OS_DEBIT = 'the debit (27:12) — see the land from Abarim: commanded on Moses, OPEN to Deuteronomy 34:1-4; 3:27 reads it back with Pisgah'
  FACT OS_HAND = "the hand laid (27:18, 23) — one hand commanded, two laid (the Sifrei 141): invested_office on Joshua, the ordination's form"
  FACT OS_HONOR = 'of your honor (27:20) — not all of it: the sun and the moon (Bava Batra 75a:8) — DATA'
  FACT OS_ROUTE = "the route (2:8) — Elath and Ezion-geber, the way of Moab's wilderness: the itinerary's stations by CALL; 21:4's Red Sea way the same road"
  FACT OS_FRAME = {'words_of_1_1': 22, 'places': ['the wilderness', 'the Arabah', 'Suph', 'Paran', 'Tophel', 'Laban', 'Hazeroth', 'Di-zahab']}
  FACT RW_ONE = "one witness for any iniquity (19:15) — the general rule from the particular (I3): in capital cases, money, offerings and lashes one witness stands no
  FACT RW_SAYING = {'onkelos': "'the priests shall say' — the subjectless verb given its speaker", 'the_holy_spirit': "'and the blood shall be atoned' — announced, not s
  FACT CP_GRADES = "the distinguished judge and the three grades (17:8) — 'too hard' the court's distinguished one; counsel, law, verdict (the Sifrei 152:1-4; opening_sp
  FACT CP_YAVNEH = "the court at Yavneh and the priests (17:9-10) — Yavneh included by 'come', its death withheld; the priests a duty not a condition (the Sifrei 153:1-3
  FACT CP_JUDGE = "the judge of those days (17:9) — a judge fit and established in your days, the details of judgment his answer (the Sifrei 153:4-5): the litigant who 
  FACT FJ_TIMES = "the three times (16:16) — all the males appear three times at the place (the Sifrei 143:1-2; calendar.pilgrimage('able_male') owes the three appearin
  FACT FJ_WHO = "who appears (16:16) — all obligated except the twelve exempt, the minor by the father's shoulders (Shammai) or hand (Hillel) — Mishnah Chagigah 1:1 r
  FACT FJ_INTERCAL = {'the_rows': {'position': 'after_month_12', 'length': 30}, 'the_threshold': 16, 'the_grounds': ['spring_grain', 'tree_fruit', 'season'], 'exercised_by
  FACT GL_GROWTH = "the growth's list (8:12-13) — 6:10-11's gift made the growth (HI by CALL — the readback row VARIANT): houses built, herds and flocks, silver and gold
  FACT GL_SPECIES = {'the_one_verse': ['Deut 8:8'], 'three_or_more': [('Deut 8:8', 7), ('Hab 3:17', 3), ('Hag 2:19', 4), ('Jer 41:8', 3), ('Joel 1:12', 3), ('Num 20:5', 3
  FACT GL_R = []
  FACT BC_DRINKS = "drinks by the rain of heaven (11:11) — the one seat; THE SOURCE OF RAIN A DISPUTE on the shelf (R. Eliezer the ocean sweetened in the clouds; R. Yeho
  FACT BC_RAIN = {'mention_from': "the last festival day of Sukkot — the eighth day of assembly (R. Yehoshua; Mishnah Ta'anit 1:1-2 through Ta'anit 2a:1-3; R. Eliezer 
  FACT RL_NEEDY = {'the_blessings_arm': "'there shall be no needy among you' when you do His will (114:1)", 'the_default': "'the needy shall never cease' when you do no
  FACT RL_LEND = {'28_12_the_twin': "'lend' for 'pledge' — 6 in order", '28_44_the_reversal': True, 'the_runs_case': 'Judges 1:7 Adoni-bezek'}
  FACT RL_BLESS = {'only_in_the_land': '114:2', 'the_conquest_first': "114:3 — 25:19's clause"}
  FACT RL_HAND = "the needy's ranks (15:7) — 'among you', 'one of your brothers', 'one of your gates', 'in your land': not others, the hungrier, the father's brother, 
  FACT PP_RB = 'the readback table (22:1-25:19) — 96 rows one per verse, EXPANDED 26, SHORTENED 1, SUPPLIED 39, TURNED 8, VARIANT 20, VERBATIM 2; every row graded ag
  FACT PP_OLIVES = "the named tree not forgotten; the olive of two seahs; R. Meir's beating-rod"
  FACT BM_TOTAL = '603550 = the twelve summed'
  FACT BM_HOUSES = '7500 + 8600 + 6200 = 22300'
  FACT BM_AARON = True
  FACT NS_COND = 'six: lain with, hidden, secreted, defiled, no witness, not seized'
  FACT NS_FACE = 'when_they_do_his_will'
  FACT KO_DONKEY = 'exempt — a priest or a Levite (the son and the donkey)'
  FACT KO_24 = '24 — twelve in the sanctuary, twelve in the borders (Sifrei 119:1-2; Chullin 133b; Bava Kamma 110b); a generalization, a detail and a covenant of sal
  FACT KO_TITHE = 'levite'
  FACT VE_NAME = ('חשן משפט', 'חשן המשפט')
  FACT VE_SHOULDERS = 2
  FACT PR_ADDR = {'sons_of_aaron': 'bound', 'daughters_of_aaron': 'free', 'chalalim': 'excluded', 'blemished_and_minors': 'included'}
  FACT PR_AGE = {'minor': 'unfit_even_whole', 'valid_from': 'two_hairs', 'admitted_at': 'twenty'}
  FACT ZE_PLEA = "no son and no son's line — the daughters claim; a son's daughter would have barred them"
  FACT ZE_COUNSEL = 'the counsel — the mercies of the Place are on males and females alike'
  FACT ZE_REACH = 'this_generation'
  FACT S2_COUNTS = "twelve at both seats, the parser's"
  FACT S2_LOT = 'the place by lot — Joshua 14-19 the run'
  FACT S2_13 = 'twelve_now_thirteen_to_come'
  FACT BR_LAND = "the land of Canaan (34:2) read as a title claim (Sanhedrin 91a:6) — the tape's answer canaan's status since Genesis 9:25"
  FACT BR_SIDES = OrderedDict({'south': {'verses': [3, 4, 5], 'points': [(3, 'צן', '6790', ['Deut 32:51', 'Josh 15:1', 'Josh 15:3', 'Num 13:21', 'Num 20:1', 'Num 27:14'
  FACT PN_TRIBES = "in one of your tribes (12:14) — [1] the chapter's one number verse against 12:5's 'from all your tribes': the ground from one tribe, the money from a
  FACT PN_NAME = "the Name pronounced only there (12:5) — the priestly blessing's Name as written in the Temple, by its substitute in the provinces (Mishnah Sotah 7:6;
  FACT PN_ENTRY = ['a king (17:14-15)', 'Amalek cut off (25:17-19)', 'the chosen House (12:10-11)']
  FACT OH_KNOW = "know this day (4:39) — the creed's second seat: Rahab's and Solomon's words outside the Torah; the seventh son's (Gittin 57b)"
  FACT OH_FORM = "no form seen (4:15) — the guard's reason: the voice without a form (4:12 read back)"
  FACT OH_CREED = ['Deut 4:35', 'Deut 4:39']
  FACT OH_CHAIN = {'this_chapter': 'Deut 4:26', 'the_chain': ['Deut 4:26', 'Deut 30:19', 'Deut 31:28', 'Deut 32:1']}
  FACT OH_FRAME = {'deut_4_44_45': 'the_second_speech_s_head', 'write': None}
  FACT SN_CHOSE = "chose you (7:6-7) — the choice of the people after 4:37's choice of the fathers' seed (OH by CALL); 'set his love' the captive's and Shechem's word"
  FACT SN_FEW = "the fewest (7:7) — 'not because you were more': the humblest, on the shelf (Chullin 89a); Onkelos 'the smallest': a DATA row, no write"
  FACT HI_HEAR = "hear, O Israel (6:4) — the creed's call: Jacob's sons' answer the first saying (Pesachim 56a); the four seats all this book's"
  FACT HI_ONE = "the LORD is one (6:4) — the two seats of the pair (6:4, Zechariah 14:9); the numeral the parser's [1]; the large letters a parked hypothesis"
  FACT HI_TERMS = {'heart': 'with both inclinations — the good and the evil', 'soul': 'even if he takes your soul', 'might': 'with all your money; whatever measure he m
  FACT MD_SUK = None
  FACT MD_RH = None
  FACT OF_PLACE = 'anywhere_courtyard'
  FACT OF_FAT = None
  FACT FE_EAGLE = "a nation from the end of the earth as the eagle flies (28:49-50) — the eagle's three seats in the book; a tongue not understood: THE WRITE eagle_nati
  FACT FE_MEASURE = 'the corner, the first fruits, the appearing, the acts of kindness and the study of Torah — the five things without measure'
  FACT FE_SIX = {'28:63': "the parser's [6] is the verb 'rejoiced' — the numeral's consonants; the Aramaic 'rejoiced' settles it; 30:9's twin ahead"}
  FACT FE_FIRST = "when you come into the land and dwell in it (26:1) — the first fruits' duty after the possession and the settling (the Sifrei 297:1-3; the entry's th
  FACT SH_NAME = 'Hoshea to Joshua at 13:16 — the new name at 8 seats before it, the old at Deut 32:44 (the same man)'
  FACT JR_DATE = "Aaron died on (40, 5, 1) (33:38) — the tape's marker at 20:28, built from this verse; the ordinal reader's year and month"
  FACT JR_NOWRITE = "no write for 33:38-40 — the death and the hearing are the tape's 20:28 and 21:1 lines, checkpointed, not rewritten"
  FACT MI_KINGS = "five kings — Evi, Rekem, Zur, Hur, Reba (31:8; the parser's [5]); Joshua 13:21 retells them as the princes of Sihon: a RUN_CITATION; one party on the
  FACT MI_BALAAM = "Balaam killed with the sword (31:8) — come for his wages (Sanhedrin 106a:16); the four court modes recorded (106b:1) — BK's row by CALL"
  FACT MI_LINEAGE = 'joseph_and_jethro_both'
  FACT MA_THREE = 3
  FACT MA_LOT = 'abrahams_house'
  FACT PS_SEVEN = {'commanded': 'courts', 'the_LORD': 'blasphemy', 'God': 'idolatry', 'on_the_man': 'bloodshed', 'saying': 'unions', 'of_every_tree': 'not_robbery', 'su
  FACT PS_LIST = ['courts', 'blasphemy', 'idolatry', 'unions', 'bloodshed', 'robbery', 'limb_from_the_living']
ERROR [part1] line 396: KeyError: 'OH_HOST'
    assert repr(_FV['OH_HOST'])[:60] == '"the host apportioned (4:19) — with 29:25 by the Sifrei 148:', ('OH_HOST', repr(_FV['OH_HOST'])[:100])
ERROR [part1] line 397: KeyError: 'OH_WIT'
    assert repr(_FV['OH_WIT'])[:60] == '"the case head (4:25) — THE CHAPTER\'S ONE CASE: \'when\' with ', ('OH_WIT', repr(_FV['OH_WIT'])[:100])
ERROR [part1] line 398: KeyError: 'CR_SATED'
    assert repr(_FV['CR_SATED'])[:60] == '"when they eat and are sated and grow fat and turn (31:20) —', ('CR_SATED', repr(_FV['CR_SATED'])[:100])
ERROR [part1] line 399: KeyError: 'CR_HIDE'
    assert repr(_FV['CR_HIDE'])[:60] == '"My anger kindled, I will forsake them and hide My face (31:', ('CR_HIDE', repr(_FV['CR_HIDE'])[:100])
ERROR [part1] line 401: KeyError: 'CR_LIFE'
    assert repr(_FV['CR_LIFE'])[:60] == '"choose life, love, hearken and cleave — the length of days ', ('CR_LIFE', repr(_FV['CR_LIFE'])[:100])
ERROR [part1] line 405: KeyError: 'CR_STATE'
    assert repr(_FV['CR_STATE'])[:60] == "{'the_settings_of_one_state': ['Deut 11:26-28 (a blessing an", ('CR_STATE', repr(_FV['CR_STATE'])[:100])
ERROR [part1] line 406: KeyError: 'CR_WITS'
    assert repr(_FV['CR_WITS'])[:60] == "{'heaven_and_earth': ['Deut 4:26', 'Deut 30:19', 'Deut 31:28", ('CR_WITS', repr(_FV['CR_WITS'])[:100])
ERROR [part1] line 407: KeyError: 'GL_WILD'
    assert repr(_FV['GL_WILD'])[:60] == '"the great and terrible wilderness (8:15) — 1:19\'s phrase (t', ('GL_WILD', repr(_FV['GL_WILD'])[:100])
ERROR [part1] line 408: KeyError: 'GL_FLINT'
    assert repr(_FV['GL_FLINT'])[:60] == '"the rock of flint (8:15) — \'who brought you water out of th', ('GL_FLINT', repr(_FV['GL_FLINT'])[:100])
ERROR [part1] line 409: KeyError: 'GL_MANNA'
    assert repr(_FV['GL_MANNA'])[:60] == '"the manna to do you good (8:16) — \'who fed you manna … to h', ('GL_MANNA', repr(_FV['GL_MANNA'])[:100])
ERROR [part1] line 410: KeyError: 'GL_FORGET'
    assert repr(_FV['GL_FORGET'])[:60] == '"if you surely forget (8:19) — the infinitive absolute, the ', ('GL_FORGET', repr(_FV['GL_FORGET'])[:100])
ERROR [part1] line 411: KeyError: 'GL_ROCKS'
    assert repr(_FV['GL_ROCKS'])[:60] == '{\'exodus\': "Exodus 17:6 \'you shall strike THE ROCK (tzur)\' —', ('GL_ROCKS', repr(_FV['GL_ROCKS'])[:100])
ERROR [part1] line 412: KeyError: 'GL_HONEY'
    assert repr(_FV['GL_HONEY'])[:60] == '{\'the_verse\': "\'a land of olive oil and honey\' (8:8) — \'flow', ('GL_HONEY', repr(_FV['GL_HONEY'])[:100])
ERROR [part1] line 415: KeyError: 'ES_TEN'
    assert repr(_FV['ES_TEN'])[:60] == '10', ('ES_TEN', repr(_FV['ES_TEN'])[:100])
ERROR [part1] line 418: KeyError: 'PP_NEST'
    assert repr(_FV['PP_NEST'])[:60] == "'the hovering mother, even one fledgling, the return even fi", ('PP_NEST', repr(_FV['PP_NEST'])[:100])
ERROR [part1] line 419: KeyError: 'PP_VINE'
    assert repr(_FV['PP_VINE'])[:60] == '"routed here from Leviticus 19:19\'s cell — the institution\'s', ('PP_VINE', repr(_FV['PP_VINE'])[:100])
ERROR [part1] line 420: KeyError: 'CP_TWO'
    assert repr(_FV['CP_TWO'])[:60] == '"two witnesses for every death (17:6) — \'shall the dead die\'', ('CP_TWO', repr(_FV['CP_TWO'])[:100])
ERROR [part1] line 421: KeyError: 'CP_SEVEN'
    assert repr(_FV['CP_SEVEN'])[:60] == '"the seven investigations (17:4) — \'well\' \'well\' the analogy', ('CP_SEVEN', repr(_FV['CP_SEVEN'])[:100])
ERROR [part1] line 422: KeyError: 'CP_ACTS'
    assert repr(_FV['CP_ACTS'])[:60] == '"the three acts and the associator (17:3) — the goer, the se', ('CP_ACTS', repr(_FV['CP_ACTS'])[:100])
ERROR [part1] line 423: KeyError: 'RF_ONE'
    assert repr(_FV['RF_ONE'])[:60] == "'two_by_the_prototype'", ('RF_ONE', repr(_FV['RF_ONE'])[:100])
ERROR [part1] line 424: KeyError: 'RF_ATONE'
    assert repr(_FV['RF_ATONE'])[:60] == "'by_the_shedders_blood'", ('RF_ATONE', repr(_FV['RF_ATONE'])[:100])
ERROR [part1] line 425: KeyError: 'RF_TABLE'
    assert repr(_FV['RF_TABLE'])[:60] == "'computed_from_the_tokens'", ('RF_TABLE', repr(_FV['RF_TABLE'])[:100])
ERROR [part1] line 426: KeyError: 'RF_RANSOM'
    assert repr(_FV['RF_RANSOM'])[:60] == "'refused_twice'", ('RF_RANSOM', repr(_FV['RF_RANSOM'])[:100])
ERROR [part1] line 427: KeyError: 'OR_KEYS'
    assert repr(_FV['OR_KEYS'])[:60] == '[]', ('OR_KEYS', repr(_FV['OR_KEYS'])[:100])
ERROR [part1] line 430: KeyError: 'CK_AGE'
    assert repr(_FV['CK_AGE'])[:60] == "'Aaron 123 at his death (33:39 — [123])'", ('CK_AGE', repr(_FV['CK_AGE'])[:100])
ERROR [part1] line 434: KeyError: 'CK_DIED'
    assert repr(_FV['CK_DIED'])[:60] == "'died for their sin — had they believed, their time had not ", ('CK_DIED', repr(_FV['CK_DIED'])[:100])
ERROR [part1] line 436: KeyError: 'OS_SENT'
    assert repr(_FV['OS_SENT'])[:60] == '"Meribah cited (27:14) — 20:12\'s sentence pointed to, the ba', ('OS_SENT', repr(_FV['OS_SENT'])[:100])
ERROR [part1] line 437: KeyError: 'OS_RECEIPT'
    assert repr(_FV['OS_RECEIPT'])[:60] == '"the receipt (27:22-23) — \'as the LORD commanded him\': the c', ('OS_RECEIPT', repr(_FV['OS_RECEIPT'])[:100])
ERROR [part1] line 439: KeyError: 'OS_OG'
    assert repr(_FV['OS_OG'])[:60] == "'Og turned (3:1-3) — 21:33-35 with the persons shifted (we f", ('OS_OG', repr(_FV['OS_OG'])[:100])
ERROR [part1] line 441: KeyError: 'JR_AGE'
    assert repr(_FV['JR_AGE'])[:60] == '"Aaron 123 at his death (33:39) = Exodus 7:7\'s 83 + 40; Mose', ('JR_AGE', repr(_FV['JR_AGE'])[:100])
ERROR [part1] line 443: KeyError: 'JR_ADAR'
    assert repr(_FV['JR_ADAR'])[:60] == '"Moses\' seventh of Adar — computed backward from the tenth o', ('JR_ADAR', repr(_FV['JR_ADAR'])[:100])
ERROR [part1] line 444: KeyError: 'JR_KISS'
    assert repr(_FV['JR_KISS'])[:60] == '"by the mouth of the LORD at the death (33:38) — the kiss (B', ('JR_KISS', repr(_FV['JR_KISS'])[:100])
ERROR [part1] line 445: KeyError: 'JR_FOUR'
    assert repr(_FV['JR_FOUR'])[:60] == "['Exod 24:4', 'Num 33:2', 'Deut 31:9', 'Deut 31:22']", ('JR_FOUR', repr(_FV['JR_FOUR'])[:100])
ERROR [part1] line 446: KeyError: 'JR_DD'
    assert repr(_FV['JR_DD'])[:60] == '(40, 5, 1)', ('JR_DD', repr(_FV['JR_DD'])[:100])
ERROR [part1] line 447: KeyError: 'JR_AARON'
    assert repr(_FV['JR_AARON'])[:60] == '123', ('JR_AARON', repr(_FV['JR_AARON'])[:100])
ERROR [part1] line 450: KeyError: 'PV_KEYS'
    assert repr(_FV['PV_KEYS'])[:60] == '[]', ('PV_KEYS', repr(_FV['PV_KEYS'])[:100])
ERROR [part1] line 451: KeyError: 'PS_KEYS'
    assert repr(_FV['PS_KEYS'])[:60] == '[]', ('PS_KEYS', repr(_FV['PS_KEYS'])[:100])
ERROR [part1] line 452: KeyError: 'MA_KEYS'
    assert repr(_FV['MA_KEYS'])[:60] == '[]', ('MA_KEYS', repr(_FV['MA_KEYS'])[:100])
ERROR [part1] line 453: KeyError: 'FA_KEYS'
    assert repr(_FV['FA_KEYS'])[:60] == '[]', ('FA_KEYS', repr(_FV['FA_KEYS'])[:100])
ERROR [part1] line 454: KeyError: 'BK_KEYS'
    assert repr(_FV['BK_KEYS'])[:60] == "['altars_total', 'aramean_woman', 'atone_tense', 'balaam_and", ('BK_KEYS', repr(_FV['BK_KEYS'])[:100])
ERROR [part1] line 455: KeyError: 'BH_GIFTS'
    assert repr(_FV['BH_GIFTS'])[:60] == "'the well, the cloud, the manna — three gifts by three sheph", ('BH_GIFTS', repr(_FV['BH_GIFTS'])[:100])
ERROR [part1] line 456: KeyError: 'BH_TASTE'
    assert repr(_FV['BH_TASTE'])[:60] == "'by age — bread, oil, honey'", ('BH_TASTE', repr(_FV['BH_TASTE'])[:100])
ERROR [part1] line 457: KeyError: 'BH_FORM'
    assert repr(_FV['BH_FORM'])[:60] == "'by rank — baked, cakes, raw'", ('BH_FORM', repr(_FV['BH_FORM'])[:100])
ERROR [part1] line 459: KeyError: 'NR_LAND'
    assert repr(_FV['NR_LAND'])[:60] == '"lest the land say (9:28) — THE TAUNT\'S FOUR FORMS (Exod 32:', ('NR_LAND', repr(_FV['NR_LAND'])[:100])
ERROR [part1] line 460: KeyError: 'NR_TRIALS'
    assert repr(_FV['NR_TRIALS'])[:60] == "'the ten trials (Avot 5:4; Arakhin 15a:14; ES.trials by CALL", ('NR_TRIALS', repr(_FV['NR_TRIALS'])[:100])
ERROR [part1] line 461: KeyError: 'SN_HOLY'
    assert repr(_FV['SN_HOLY'])[:60] == '"a holy people (7:6) — 19:5-6\'s treasure and holy nation rea', ('SN_HOLY', repr(_FV['SN_HOLY'])[:100])
ERROR [part1] line 464: KeyError: 'SN_OATH'
    assert repr(_FV['SN_OATH'])[:60] == "'the oath (7:8) — the noun starred by the parser, the sweari", ('SN_OATH', repr(_FV['SN_OATH'])[:100])
ERROR [part1] line 466: KeyError: 'HI_TEACH'
    assert repr(_FV['HI_TEACH'])[:60] == '"teach your sons (6:7) — the father\'s duty to teach Torah, t', ('HI_TEACH', repr(_FV['HI_TEACH'])[:100])
ERROR [part1] line 467: KeyError: 'HI_TIMES'
    assert repr(_FV['HI_TIMES'])[:60] == "{'evening_from': 'when the priests enter to eat their teruma", ('HI_TIMES', repr(_FV['HI_TIMES'])[:100])
ERROR [part1] line 469: KeyError: 'BC_ASKS'
    assert repr(_FV['BC_ASKS'])[:60] == "['all_the_commandment', 'the_oath_to_the_fathers', 'not_like", ('BC_ASKS', repr(_FV['BC_ASKS'])[:100])
ERROR [part1] line 473: KeyError: 'FE_FIRST_ASKS'
    assert repr(_FV['FE_FIRST_ASKS'])[:60] == "['when_you_come_into_the_land_and_dwell_in_it', 'the_first_o", ('FE_FIRST_ASKS', repr(_FV['FE_FIRST_ASKS'])[:100])
ERROR [part1] line 474: KeyError: 'TC_KEYS'
    assert repr(_FV['TC_KEYS'])[:60] == '[]', ('TC_KEYS', repr(_FV['TC_KEYS'])[:100])
ERROR [part1] line 475: KeyError: 'SE_ASKS'
    assert repr(_FV['SE_ASKS'])[:60] == "['the_inciters_kin', 'entice_two_senses', 'the_entrapment', ", ('SE_ASKS', repr(_FV['SE_ASKS'])[:100])
ERROR [part1] line 476: KeyError: 'DC_KEYS'
    assert repr(_FV['DC_KEYS'])[:60] == '[]', ('DC_KEYS', repr(_FV['DC_KEYS'])[:100])
ERROR [part1] line 477: KeyError: 'CH_FOUR'
    assert repr(_FV['CH_FOUR'])[:60] == '"hear, learn, keep, do (5:1) — the second speech opened: Mos', ('CH_FOUR', repr(_FV['CH_FOUR'])[:100])
ERROR [part1] line 478: KeyError: 'NS_ORDER'
    assert repr(_FV['NS_ORDER'])[:60] == "'drink_then_offer'", ('NS_ORDER', repr(_FV['NS_ORDER'])[:100])
ERROR [part1] line 479: KeyError: 'IS_KEYS'
    assert repr(_FV['IS_KEYS'])[:60] == '[]', ('IS_KEYS', repr(_FV['IS_KEYS'])[:100])
ERROR [part1] line 481: KeyError: 'FJ_EMPTY'
    assert repr(_FV['FJ_EMPTY'])[:60] == '"not empty (16:16) — the appearance offering owed at the app', ('FJ_EMPTY', repr(_FV['FJ_EMPTY'])[:100])
ERROR [part1] line 482: KeyError: 'FJ_HAND'
    assert repr(_FV['FJ_HAND'])[:60] == "'the gift of the hand (16:17) — many eaters and little prope", ('FJ_HAND', repr(_FV['FJ_HAND'])[:100])
ERROR [part1] line 483: KeyError: 'HL_ASKS'
    assert repr(_FV['HL_ASKS'])[:60] == '[]', ('HL_ASKS', repr(_FV['HL_ASKS'])[:100])
ERROR [part1] line 484: KeyError: 'VW_SUBS'
    assert repr(_FV['VW_SUBS'])[:60] == "'nations_words_yochanan'", ('VW_SUBS', repr(_FV['VW_SUBS'])[:100])
ERROR [part1] line 485: KeyError: 'VW_KONAM'
    assert repr(_FV['VW_KONAM'])[:60] == "'any_amount'", ('VW_KONAM', repr(_FV['VW_KONAM'])[:100])
ERROR [part1] line 486: KeyError: 'VW_SAGE'
    assert repr(_FV['VW_SAGE'])[:60] == "'expert_alone_or_three_laymen'", ('VW_SAGE', repr(_FV['VW_SAGE'])[:100])
ERROR [part1] line 487: KeyError: 'FT_SONS'
    assert repr(_FV['FT_SONS'])[:60] == "{'r_yehuda': 'sons when you act as sons (the Sifrei 96:9; Ki", ('FT_SONS', repr(_FV['FT_SONS'])[:100])
ERROR [part1] line 490: KeyError: 'ER_KEYS'
    assert repr(_FV['ER_KEYS'])[:60] == '[]', ('ER_KEYS', repr(_FV['ER_KEYS'])[:100])
ERROR [part1] line 491: KeyError: 'SA_ASKS'
    assert repr(_FV['SA_ASKS'])[:60] == '[]', ('SA_ASKS', repr(_FV['SA_ASKS'])[:100])
ERROR [part1] line 492: KeyError: 'V5_KEYS'
    assert repr(_FV['V5_KEYS'])[:60] == "['claim_forms', 'ram_floor']", ('V5_KEYS', repr(_FV['V5_KEYS'])[:100])
ERROR [part1] line 493: KeyError: 'MD_KEYS'
    assert repr(_FV['MD_KEYS'])[:60] == '[]', ('MD_KEYS', repr(_FV['MD_KEYS'])[:100])
ERROR [part1] line 494: KeyError: 'MK_LABOR'
    assert repr(_FV['MK_LABOR'])[:60] == "'detaching'", ('MK_LABOR', repr(_FV['MK_LABOR'])[:100])
ERROR [part1] line 495: KeyError: 'FA_TESTAMENT'
    assert repr(_FV['FA_TESTAMENT'])[:60] == '5', ('FA_TESTAMENT', repr(_FV['FA_TESTAMENT'])[:100])
ERROR [part1] line 496: KeyError: 'OR_WITNESS'
    assert repr(_FV['OR_WITNESS'])[:60] == "'robbers_disqualified'", ('OR_WITNESS', repr(_FV['OR_WITNESS'])[:100])
ERROR [part1] line 497: KeyError: 'PP_NEST_ASK'
    assert repr(_FV['PP_NEST_ASK'])[:60] == '"the nest before you (22:6-7) — the chance nest, not the pre', ('PP_NEST_ASK', repr(_FV['PP_NEST_ASK'])[:100])
ERROR [part1] line 498: KeyError: 'RF_WITNESSES'
    assert repr(_FV['RF_WITNESSES'])[:60] == '"the witnesses (35:30) — two by the prototype (the Sifrei 16', ('RF_WITNESSES', repr(_FV['RF_WITNESSES'])[:100])
ERROR [part1] line 499: KeyError: 'PV_ONE_LANGUAGE'
    assert repr(_FV['PV_ONE_LANGUAGE'])[:60] == '1', ('PV_ONE_LANGUAGE', repr(_FV['PV_ONE_LANGUAGE'])[:100])
ERROR [part1] line 500: KeyError: 'PV_PELEG'
    assert repr(_FV['PV_PELEG'])[:60] == "'eber_a_great_prophet'", ('PV_PELEG', repr(_FV['PV_PELEG'])[:100])
ERROR [part1] line 501: KeyError: 'PV_FLOOD_150'
    assert repr(_FV['PV_FLOOD_150'])[:60] == '150', ('PV_FLOOD_150', repr(_FV['PV_FLOOD_150'])[:100])
ERROR [part1] line 502: KeyError: 'PV_READING_ROW'
    assert repr(_FV['PV_READING_ROW'])[:60] == "'reprieve'", ('PV_READING_ROW', repr(_FV['PV_READING_ROW'])[:100])
ERROR [part1] line 507: KeyError: 'SH_DECREE_TRIALS'
    assert repr(_FV['SH_DECREE_TRIALS'])[:60] == '"10 — \'these ten times\' (14:22; Pirkei Avot 5:4); the ledger', ('SH_DECREE_TRIALS', repr(_FV['SH_DECREE_TRIALS'])[:100])
ERROR [part1] line 508: KeyError: 'BC_WATER_ASK'
    assert repr(_FV['BC_WATER_ASK'])[:60] == '"drinks by the rain of heaven (11:11) — the one seat; THE SO', ('BC_WATER_ASK', repr(_FV['BC_WATER_ASK'])[:100])
ERROR [part1] line 509: KeyError: 'TC_MEAS'
    assert repr(_FV['TC_MEAS'])[:60] == 'None', ('TC_MEAS', repr(_FV['TC_MEAS'])[:100])
ERROR [part1] line 510: KeyError: 'SE_INCITER_KIN'
    assert repr(_FV['SE_INCITER_KIN'])[:60] == '"the inciter\'s kin (13:7) — the brother by the father, the m', ('SE_INCITER_KIN', repr(_FV['SE_INCITER_KIN'])[:100])
ERROR [part1] line 511: KeyError: 'DC_VAIN_OATH'
    assert repr(_FV['DC_VAIN_OATH'])[:60] == "'lashes'", ('DC_VAIN_OATH', repr(_FV['DC_VAIN_OATH'])[:100])
ERROR [part1] line 512: KeyError: 'NS_SOTAH_CONDITIONS'
    assert repr(_FV['NS_SOTAH_CONDITIONS'])[:60] == "'six: lain with, hidden, secreted, defiled, no witness, not ", ('NS_SOTAH_CONDITIONS', repr(_FV['NS_SOTAH_CONDITIONS'])[:100])
ERROR [part1] line 514: KeyError: 'HL_KINDS'
    assert repr(_FV['HL_KINDS'])[:60] == "['corner', 'fallen_grapes', 'gleanings', 'small_clusters']", ('HL_KINDS', repr(_FV['HL_KINDS'])[:100])
ERROR [part1] line 515: KeyError: 'VW_MAN'
    assert repr(_FV['VW_MAN'])[:60] == '"a law relayed in Moses\' voice — this is the thing which the', ('VW_MAN', repr(_FV['VW_MAN'])[:100])
ERROR [part1] line 516: KeyError: 'FT_SONS_ASK'
    assert repr(_FV['FT_SONS_ASK'])[:60] == '"the sonship\'s arms (14:1) — R. Yehuda: sons when you act as', ('FT_SONS_ASK', repr(_FV['FT_SONS_ASK'])[:100])
ERROR [part1] line 518: KeyError: 'ER_MOLTEN'
    assert repr(_FV['ER_MOLTEN'])[:60] == '4', ('ER_MOLTEN', repr(_FV['ER_MOLTEN'])[:100])
ERROR [part1] line 519: KeyError: 'ER_TWELVE_MIL'
    assert repr(_FV['ER_TWELVE_MIL'])[:60] == "'students_travel_a_fortiori'", ('ER_TWELVE_MIL', repr(_FV['ER_TWELVE_MIL'])[:100])
ERROR [part1] line 520: KeyError: 'SA_BURNED'
    assert repr(_FV['SA_BURNED'])[:60] == "['R._Yishmael_him_and_one', 'R._Akiva_both', 'Onkelos_plural", ('SA_BURNED', repr(_FV['SA_BURNED'])[:100])
ERROR [part1] line 521: KeyError: 'V5_MEILAH'
    assert repr(_FV['V5_MEILAH'])[:60] == "'no offering'", ('V5_MEILAH', repr(_FV['V5_MEILAH'])[:100])
ERROR [part1] line 522: KeyError: 'MD_SUKKOT'
    assert repr(_FV['MD_SUKKOT'])[:60] == 'None', ('MD_SUKKOT', repr(_FV['MD_SUKKOT'])[:100])
ERROR [part1] line 523: KeyError: 'MK_LABOR_ASK'
    assert repr(_FV['MK_LABOR_ASK'])[:60] == '"detaching (the baraita; the Sifrei\'s own word) — capital"', ('MK_LABOR_ASK', repr(_FV['MK_LABOR_ASK'])[:100])
THE EXAM ROWS (printed before they are asserted — the lean exam file's cases): 15 ['Avot 1:1', 'Avot 3:6', 'Avot 5:6', 'Bava Kamma 4:3', 'Berakhot 4:3', 'Eduyot 8:6', 'Keritot 2:1', 'Menachot 8:3', 'Rosh Hashanah 2:8', 'Rosh Hashanah 2:9', 'Sanhedrin 10:1', 'Shekalim 1:1', 'Sotah 7:5', 'Avodah Zarah 9:4', 'Eduyot 1:1']
THE NARRATIVE (printed before it is asserted): (28, 0, 12, (12, 7), 0, 0, 0, 0, [(12, 7)]) {'israel_people': ['blessing_given_before_moses_death', 'the_lord_came_from_sinai_seir_paran_declared', 'fiery_law_from_his_right_hand_declared', 'lover_of_the_peoples_holy_ones_in_his_hand_declared', 'law_commanded_the_inheritance_of_jacob_declared', 'king_in_jeshurun_when_the_heads_gathered_declared', 'none_like_the_god_of_jeshurun_rider_of_the_heaven_declared', 'eternal_god_dwelling_everlasting_arms_enemy_driven_out_declared', 'israel_dwells_in_safety_alone_fountain_of_jacob_declared', 'happy_are_you_israel_shield_and_sword_high_places_trodden_declared'], 'reuben': ['reuben_to_live_and_not_die_blessed'], 'judah': ['judahs_voice_heard_brought_to_his_people_blessed'], 'levi': ['levi_thummim_and_urim_proved_at_massah_blessed', 'levi_father_and_mother_unseen_covenant_kept', 'levi_teaches_jacob_incense_and_whole_offering', 'levi_substance_blessed_loins_of_his_foes_smitten'], 'benjamin': ['benjamin_beloved_dwells_in_safety_between_his_shoulders_blessed'], 'joseph': ['joseph_land_blessed_with_the_precious_things', 'joseph_the_bush_dweller_favor_on_the_crown_separate_from_his_brethren', 'joseph_firstling_ox_horns_ephraim_myriads_manasseh_thousands'], 'zebulun': ['zebulun_going_out_issachar_in_tents_blessed'], 'issachar': ['peoples_called_to_the_mountain_sacrifices_of_righteousness'], 'gad': ['gad_enlarged_lioness_first_part_lawgivers_portion_blessed', 'gad_came_with_the_heads_righteousness_of_the_lord_executed'], 'dan_son': ['dan_lions_whelp_leaps_from_bashan_blessed'], 'naphtali': ['naphtali_sated_with_favor_sea_and_south_blessed'], 'asher': ['asher_blessed_above_sons_foot_dipped_in_oil', 'iron_and_brass_bars_strength_as_your_days_blessed']} []
fastcheck: part1 fails 92, part2 fails 0, part3 fails 0, part4 fails 0, part5 fails 0, part6 fails 0
