by_gloss total 1341 | by_ref total 2175 | Deut.33 by_ref rows present: 0 | Deut.32 by_ref rows: 114
the last Deut.32 by_ref line:   "Deut.32.48:4": "in-the-selfsame"   # בעצם
sitting 20 by-gloss rows walked from its marker: 117 | its last row: "fright": "terror"
tokens 339 verses 29
glosses ALREADY rewritten by gloss: 18
not yet by gloss: simple 103 | complex 142
the "?" seats: []
the "and-?" seats: []
the by-gloss REWRITES already in force at the chapter (gloss -> new): {'Daniel': 'Dan', 'and-judgment-him/its': 'and-his-judgments', 'beginning': 'the-first-of', 'brother-him/its': 'his-brother', 'bullock-him/its': 'his-ox', 'desolate': 'destroy', 'earth-him/its': 'his-land', "form-of-the-prefix-'k-'-you/your": 'like-you', 'from-face-you/your': 'from-before-you', 'hating': 'enemy', 'hating-you/your': 'your-enemies', 'in-hand-you/your': 'in-your-hand', 'income': 'the-yield-of', 'meaning-accession': 'also', 'place-of-refuge': 'in-safety', 'rightness': 'righteousness', 'scrutinize': 'recognize', 'unit': 'together'}
---- COMPLEX (gloss: seats) ----
  'adult-him/its': ['6/5/מתיו']
  'aid-you/your': ['29/8/עזרך']
  'altar-you/your': ['10/10/מזבחך']
  'and-Issachar': ['18/5/ויששכר']
  'and-Urim-you/your': ['8/3/ואוריך']
  'and-act': ['11/3/ופעל']
  'and-aid': ['7/13/ועזר']
  'and-arrive': ['2/10/ואתה', '21/8/ויתא']
  'and-be': ['5/0/ויהי', '6/4/ויהי']
  'and-be-untrue': ['29/12/ויכחשו']
  'and-between': ['12/11/ובין']
  'and-complete': ['10/8/וכליל']
  'and-conceal': ['19/11/ושפוני']
  'and-copper': ['25/1/ונחשת']
  'and-covenant-you/your': ['9/17/ובריתך']
  'and-delight': ['16/3/ורצון']
  'and-dip': ['24/8/וטבל']
  'and-do-not': ['6/2/ואל']
  'and-drive-out-from-a-possession': ['27/6/ויגרש']
  'and-from-deep': ['13/8/ומתהום']
  'and-from-distinguished-thing': ['14/0/וממגד', '14/3/וממגד', '15/3/וממגד', '16/0/וממגד']
  'and-from-head': ['15/0/ומראש']
  'and-from-under': ['27/3/ומתחת']
  'and-full': ['23/5/ומלא']
  'and-fulness-her/its': ['16/2/ומלאה']
  'and-hate-him/its': ['11/9/ומשנאיו']
  'and-horn': ['17/4/וקרני']
  'and-in-arrogance-him/its': ['26/6/ובגאותו']
  'and-irradiate': ['2/4/וזרח']
  'and-like-day-you/your': ['25/3/וכימיך']
  'and-must': ['28/9/ותירוש']
  'and-obj-marker·et': ['9/5/ואת', '9/9/ואת']
  'and-pluck-off': ['20/7/וטרף']
  'and-precept-you/your': ['10/3/ותורתך']
  'and-reside': ['28/0/וישכן']
  'and-say': ['2/0/ויאמר', '7/2/ויאמר', '27/9/ויאמר']
  'and-see': ['21/0/וירא']
  'and-south': ['23/9/ודרום']
  'and-they': ['3/6/והם', '17/13/והם', '17/16/והם']
  'and-this': ['1/0/וזאת', '7/0/וזאת']
  'and-to': ['7/7/ואל']
  'and-to-Asher': ['24/0/ולאשר']
  'and-to-Daniel': ['22/0/ולדן']
  'and-to-Gad': ['20/0/ולגד']
  'and-to-Joseph': ['13/0/וליוסף']
  'and-to-Levi': ['8/0/וללוי']
  'and-to-Naphtali': ['23/0/ולנפתלי']
  'and-to-Zebulun': ['18/0/ולזבולן']
  'and-to-crown-of-the-head': ['16/9/ולקדקד']
  'and-to-mother-him/its': ['9/2/ולאמו']
  'and-which': ['29/9/ואשר']
  'and-you': ['29/15/ואתה']
  'arise-him/its': ['11/8/קמיו']
  'arise-suffix': ['11/11/יקומון']
  'arrogance-you/your': ['29/11/גאותך']
  'be-open': ['29/5/נושע']
  'be-pleased-with': ['11/5/תרצה', '24/6/רצוי']
  'bolt-you/your': ['25/2/מנעליך']
  'brighten-up': ['18/2/שמח']
  'butt-with-the-horns': ['17/9/ינגח']
  'come/bring': ['2/3/בא']
  'come/bring-him/its': ['7/9/תביאנו']
  'come/bring-suffix': ['16/6/תבואתה']
  'crown-of-the-head': ['20/10/קדקד']
  'dash-asunder': ['11/6/מחץ']
  'death-him/its': ['1/11/מותו']
  'draw-together-the-feet': ['22/5/יזנק']
  'elevation-them/their': ['29/17/במותימו']
  'fire-law': ['2/14/אשדת']
  'flow-as-water': ['10/0/יורו']
  'foot-him/its': ['24/10/רגלו']
  'force-him/its': ['11/2/חילו']
  'from-Seir': ['2/5/משעיר']
  'from-Sinai': ['2/2/מסיני']
  'from-abundance': ['2/11/מרבבת']
  'from-dew': ['13/7/מטל']
  'from-distinguished-thing': ['13/5/ממגד']
  'from-mountain': ['2/8/מהר']
  'from-narrow-him/its': ['7/14/מצריו']
  'from-right-hand-him/its': ['2/13/מימינו']
  'from-son': ['24/3/מבנים']
  'from-word-you/your': ['3/10/מדברתיך']
  'hand-him/its': ['7/10/ידיו', '11/4/ידיו']
  'happiness-you/your': ['29/0/אשריך']
  'heavens-him/its': ['28/11/שמיו']
  'hide-by-covering': ['21/7/ספון']
  'horn-him/its': ['17/6/קרניו']
  'in-Jeshurun': ['5/1/בישרון']
  'in-Massah': ['8/8/במסה']
  'in-YHWH': ['29/6/ביהוה']
  'in-aid-you/your': ['26/5/בעזרך']
  'in-bring-forth-you/your': ['18/4/בצאתך']
  'in-gather-for-any-purpose': ['5/3/בהתאסף']
  'in-nose-you/your': ['10/7/באפך']
  'in-oil': ['24/9/בשמן']
  'in-tent-you/your': ['18/6/באהליך']
  'in-them/their': ['17/7/בהם']
  'judgment-you/your': ['10/1/משפטיך']
  'keep/guard': ['9/15/שמרו']
  'kind-you/your': ['8/5/חסידך']
  'lift/carry': ['3/9/ישא']
  'like-roar': ['20/5/כלביא']
  'like-strength': ['26/1/כאל']
  'many/great': ['7/11/רב']
  'obj-marker·et': ['1/7/את']
  'over-him/its': ['12/6/עליו', '12/8/עליו']
  'people-him/its': ['7/8/עמו']
  'perfections-you/your': ['8/2/תמיך']
  'possess/inherit-suffix': ['23/10/ירשה']
  'put/set': ['10/5/ישימו']
  'quiet-you/your': ['25/4/דבאך']
  'royal-edict': ['2/16/דת']
  'sacred-him/its': ['3/4/קדשיו']
  'see-him/its': ['9/4/ראיתיו']
  'shoulder-him/its': ['12/12/כתיפיו']
  'slaughter-an-animal': ['19/4/יזבחו']
  'something-said-you/your': ['9/16/אמרתך']
  'son-him/its': ['9/10/בנו', '9/11/בניו']
  'test-him/its': ['8/7/נסיתו']
  'the-Bashan': ['22/7/הבשן']
  'the-God': ['1/6/האלהים']
  'the-benediction': ['1/1/הברכה']
  'the-day': ['12/10/היום']
  'the-say': ['9/0/האמר']
  'there-is-not': ['26/0/אין']
  'to-Benjamin': ['12/0/לבנימן']
  'to-Israel': ['10/4/לישראל']
  'to-Jacob': ['10/2/ליעקב']
  'to-Judah': ['7/1/ליהודה']
  'to-face': ['1/10/לפני']
  'to-father-him/its': ['9/1/לאביו']
  'to-foot-you/your': ['3/8/לרגלך']
  'to-head': ['16/7/לראש']
  'to-him/its': ['7/12/לו', '17/3/לו', '21/2/לו']
  'to-man': ['8/4/לאיש']
  'to-place-of-refuge': ['12/5/לבטח']
  'to-them/their': ['2/6/למו', '2/17/למו']
  'to-us/our': ['4/2/לנו']
  'to-you/your': ['29/14/לך']
  'toss-him/its': ['8/9/תריבהו']
  'voice/sound': ['7/5/קול']
  'wild-bull': ['17/5/ראם']
---- SIMPLE (gloss: seats) ----
  'Asher': ['24/4/אשר']
  'Ephraim': ['17/15/אפרים']
  'Gad': ['20/4/גד']
  'God': ['27/1/אלהי']
  'Israel': ['1/9/ישראל', '5/8/ישראל', '21/16/ישראל', '28/1/ישראל', '29/1/ישראל']
  'Jacob': ['4/6/יעקב', '28/5/יעקב']
  'Jeshurun': ['26/2/ישרון']
  'Joseph': ['16/8/יוסף']
  'Judah': ['7/6/יהודה']
  'Manasseh': ['17/18/מנשה']
  'Meribah': ['8/12/מריבה']
  'Moses': ['1/4/משה', '4/3/משה']
  'Naphtali': ['23/2/נפתלי']
  'Paran': ['2/9/פארן']
  'Reuben': ['6/1/ראובן']
  'YHWH': ['2/1/יהוה', '7/4/יהוה', '11/1/יהוה', '12/3/יהוה', '13/3/יהוה', '21/12/יהוה', '23/7/יהוה']
  'Zebulun': ['18/3/זבולן']
  'abode': ['27/0/מענה']
  'abundance': ['17/14/רבבות']
  'all': ['3/3/כל', '12/9/כל']
  'arm': ['20/8/זרוע', '27/4/זרעת']
  'assemblage': ['4/5/קהלת']
  'be': ['7/15/תהיה', '24/5/יהי']
  'benediction': ['23/6/ברכת']
  'bless': ['1/3/ברך', '11/0/ברך', '13/2/מברכת', '20/2/ברוך', '24/2/ברוך']
  'bramble': ['16/5/סנה']
  'broaden': ['20/3/מרחיב']
  'call': ['19/2/יקראו']
  'cessation': ['17/11/אפסי']
  'command': ['4/1/צוה']
  'cover': ['12/7/חפף']
  'crouch': ['13/9/רבצת']
  'cub': ['22/3/גור']
  'delight': ['23/4/רצון']
  'dew': ['28/13/טל']
  'die': ['6/3/ימת']
  'droop': ['28/12/יערפו']
  'drought': ['29/10/חרב']
  'earth': ['16/1/ארץ', '17/12/ארץ', '28/7/ארץ']
  'eye': ['28/4/עין']
  'fire': ['2/15/אש']
  'firstborn': ['17/0/בכור']
  'forever': ['15/5/עולם', '27/5/עולם']
  'from': ['11/10/מן', '22/6/מן']
  'front': ['15/2/קדם', '27/2/קדם']
  'guard': ['9/18/ינצרו']
  'hack': ['21/6/מחקק']
  'head': ['5/4/ראשי', '21/9/ראשי']
  'hear': ['7/3/שמע']
  'heavens': ['13/6/שמים', '26/4/שמים']
  'hide': ['3/1/חבב', '19/12/טמוני']
  'hillock': ['15/4/גבעות']
  'holiness': ['2/12/קדש']
  'increase': ['28/8/דגן']
  'iron': ['25/0/ברזל']
  'king': ['5/2/מלך']
  'know': ['9/13/ידע']
  'lion': ['22/4/אריה']
  'live': ['6/0/יחי']
  'loved': ['12/2/ידיד']
  'lunation': ['14/5/ירחים']
  'magnificence': ['17/2/הדר']
  'make': ['21/13/עשה']
  'man': ['1/5/איש']
  'mountain': ['15/1/הררי', '19/1/הר']
  'not': ['9/3/לא', '9/7/לא', '9/12/לא']
  'number': ['6/6/מספר']
  'over': ['8/10/על', '10/9/על', '29/16/על']
  'people': ['3/2/עמים', '5/5/עם', '17/8/עמים', '19/0/עמים', '21/10/עם', '29/4/עם']
  'perfume': ['10/6/קטורה']
  'possession': ['4/4/מורשה']
  'powder': ['26/7/שחקים']
  'precept': ['4/0/תורה']
  'produce': ['14/4/גרש']
  'reside': ['12/4/ישכן', '12/13/שכן', '16/4/שכני', '20/6/שכן']
  'resources': ['19/8/שפע']
  'ride': ['26/3/רכב']
  'right': ['19/6/צדק']
  'sacrifice': ['19/5/זבחי']
  'sand': ['19/13/חול']
  'satiated': ['23/3/שבע']
  'say': ['8/1/אמר', '12/1/אמר', '13/1/אמר', '18/1/אמר', '20/1/אמר', '22/1/אמר', '23/1/אמר', '24/1/אמר']
  'scion': ['5/7/שבטי']
  'seas': ['19/9/ימים', '23/8/ים']
  'separate': ['16/10/נזיר', '28/3/בדד']
  'shield': ['29/7/מגן']
  'shine': ['2/7/הופיע']
  'smoothness': ['21/5/חלקת']
  'son': ['1/8/בני']
  'strew': ['3/7/תכו']
  'suck': ['19/10/יינקו']
  'sun': ['14/2/שמש']
  'that': ['9/14/כי', '19/7/כי', '21/3/כי']
  'there': ['19/3/שם', '21/4/שם']
  'thousand': ['17/17/אלפי']
  'to': ['28/6/אל']
  'tread': ['29/18/תדרך']
  'under': ['13/10/תחת']
  'waist': ['11/7/מתנים']
  'waters': ['8/11/מי']
  'which': ['1/2/אשר', '8/6/אשר']
  'who?': ['29/2/מי']
  'with': ['21/15/עם']
