beyond the tape: Deut 33:1
run_to done: log lines 4143 entities 319 n 4143
rows 356 | equal False | differences: [(314, 'DO1 DIVERGE', 'DO1 MATCH'), (315, 'DO2 DIVERGE', 'DO2 MATCH'), (318, 'DO5 DIVERGE', 'DO5 MATCH')]
---- DN1 ok True
  declared: (['song_witnesses_called_declared', 'song_crooked_generation_declared', 'song_nations_divided_lords_portion_declared', 'song_found_in_the_desert_declared', 'song_heights_honey_rock_declared', 'song_jeshurun_fat_kicked_declared', 'song_face_hidden_foolish_nation_declared', 'song_evils_heaped_declared', 'song_enemys_boast_declared', 'song_one_chasing_a_thousand_declared', 'song_vengeance_in_store_declared', 'song_i_am_he_declared', 'song_spoken_by_moses_and_hoshea', 'set_your_heart_no_empty_matter_declared', 'nebo_summons_die_as_aaron', 'meribah_trespass_not_go_there_declared'], True, 0, 0, [], 173, [(40, 12, 7)])
  computed: (['song_witnesses_called_declared', 'song_crooked_generation_declared', 'song_nations_divided_lords_portion_declared', 'song_found_in_the_desert_declared', 'song_heights_honey_rock_declared', 'song_jeshurun_fat_kicked_declared', 'song_face_hidden_foolish_nation_declared', 'song_evils_heaped_declared', 'song_enemys_boast_declared', 'song_one_chasing_a_thousand_declared', 'song_vengeance_in_store_declared', 'song_i_am_he_declared', 'song_spoken_by_moses_and_hoshea', 'set_your_heart_no_empty_matter_declared', 'nebo_summons_die_as_aaron', 'meribah_trespass_not_go_there_declared'], True, 0, 0, [], 173, [(40, 12, 7)])
---- DN5 ok True
  declared: (319, 127, 148, True, (14, 1, 1), 173, 1, True, 0, 75, ['covenant_return_charge'])
  computed: (319, 127, 148, True, (14, 1, 1), 173, 1, True, 0, 75, ['covenant_return_charge'])
---- DO1 ok False
  declared: (['moses_blessed_israel_before_his_death', 'blessing_prologue_law_and_king_declared', 'blessing_reuben_and_judah_declared', 'blessing_levi_declared', 'blessing_benjamin_declared', 'blessing_joseph_declared', 'blessing_zebulun_and_issachar_declared', 'blessing_gad_declared', 'blessing_dan_naphtali_asher_declared', 'blessing_rider_of_the_heaven_declared', 'blessing_israel_dwells_alone_declared'], True, 0, 0, [], 173, [(40, 12, 7)])
  computed: ([], True, 0, 0, [], 173, [])
---- DO2 ok False
  declared: (((1, ('Deut 33:1', 'israel_people')), (1, ('Deut 33:1', 'israel_people')), (1, ('Deut 33:1', 'israel_people')), (1, ('Deut 33:3', 'israel_people')), (1, ('Deut 33:3', 'israel_people')), (1, ('Deut 33:3', 'israel_people')), (1, ('Deut 33:6', 'reuben')), (1, ('Deut 33:6', 'judah')), (1, ('Deut 33:8', 'levi')), (1, ('Deut 33:8', 'levi')), (1, ('Deut 33:8', 'levi')), (1, ('Deut 33:8', 'levi')), (1, ('Deut 33:12', 'benjamin')), (1, ('Deut 33:13', 'joseph')), (1, ('Deut 33:13', 'joseph')), (1, ('Deut 33:13', 'joseph')), (1, ('Deut 33:18', 'zebulun')), (1, ('Deut 33:18', 'issachar')), (1, ('Deut 33:20', 'gad')), (1, ('Deut 33:20', 'gad')), (1, ('Deut 33:22', 'dan_son')), (1, ('Deut 33:22', 'naphtali')), (1, ('Deut 33:22', 'asher')), (1, ('Deut 33:22', 'asher')), (1, ('Deut 33:26', 'israel_people')), (1, ('Deut 33:26', 'israel_people')), (1, ('Deut 33:28', 'israel_people')), (1, ('Deut 33:28', 'israel_people'))), 0, 0, True, 'Deut 33:1', 'boot', 12)
  computed: (((0, None), (0, None), (0, None), (0, None), (0, None), (0, None), (0, None), (0, None), (0, None), (0, None), (0, None), (0, None), (0, None), (0, None), (0, None), (0, None), (0, None), (0, None), (0, None), (0, None), (0, None), (0, None), (0, None), (0, None), (0, None), (0, None), (0, None), (0, None)), 0, 0, True, 'Deut 33:1', 'boot', 12)
---- DO3 ok True
  declared: (29, 11, 29, 11, [], ['Deut 33:5', 'Deut 33:28'], 0, 0)
  computed: (29, 11, 29, 11, [], ['Deut 33:5', 'Deut 33:28'], 0, 0)
---- DO4 ok True
  declared: ((2, 5, 1, 1, 1, 1, 5, 2, 3, 1, 2, 22, 1, 1, 1, 2, 1, 1, 1, 1, 1, 3, 2, 3, 6, 1, 1, 3, 1, 1, 1, 1, 1, 1, 2, 1, 1, 1, 1, 1, 2, 1, 1, 1, 3, 2, 1), (5, 5, 3, 4), [], 1, True)
  computed: ((2, 5, 1, 1, 1, 1, 5, 2, 3, 1, 2, 22, 1, 1, 1, 2, 1, 1, 1, 1, 1, 3, 2, 3, 6, 1, 1, 3, 1, 1, 1, 1, 1, 1, 2, 1, 1, 1, 1, 1, 2, 1, 1, 1, 3, 2, 1), (5, 5, 3, 4), [], 1, True)
---- DO5 ok False
  declared: (319, 127, 148, True, (10, 1), 173, 1, True, 0, 75, ['covenant_return_charge'])
  computed: (319, 127, 148, False, (10, 1), 173, 1, True, 0, 75, ['covenant_return_charge'])
Deut 33 events in the log: 0 []
the last Deut 32 event index 4140 | the log tail kinds [('WRITE', None), ('WRITE', None), ('WRITE', None), ('EVENT', 'meribah_trespass_not_go_there_declared'), ('WRITE', None), ('WRITE', None)]
