==== A. THE KIN BY COMPUTATION (the closest three re-scored in order; shared tokens outside the stop list)
  33:1: [('Deut 4:44', 5, 5), ('Exod 3:11', 4, 5), ('Exod 3:13', 4, 4)]
  33:2: [('1Chr 11:2', 2, 3), ('1Kgs 1:42', 2, 2), ('1Kgs 22:19', 2, 3)]
  33:3: [('Deut 33:17', 2, 2), ('Ps 96:10', 2, 2)]
  33:4: [('Josh 17:4', 3, 2), ('Josh 21:2', 3, 2), ('1Chr 6:34', 2, 2)]
  33:5: [('Ezra 4:3', 4, 1), ('1Chr 11:10', 3, 3), ('1Kgs 4:1', 3, 3)]
  33:6: [('1Chr 21:5', 2, 1), ('1Chr 22:16', 2, 1), ('1Sam 27:7', 2, 2)]
  33:7: [('1Sam 15:1', 3, 3), ('1Sam 15:14', 3, 2), ('2Chr 15:2', 3, 3)]
  33:8: [('Exod 2:14', 3, 1), ('1Kgs 20:14', 2, 2), ('1Kgs 22:20', 2, 1)]
  33:9: [('1Kgs 5:20', 2, 2), ('2Chr 34:21', 2, 2), ('Gen 27:31', 2, 2)]
  33:10: [('1Chr 16:17', 2, 2), ('Ps 51:21', 2, 3), ('Ps 105:10', 2, 2)]
  33:11: []
  33:12: [('Deut 33:20', 2, 2), ('Esth 5:14', 2, 2), ('Exod 40:35', 2, 1)]
  33:13: [('Gen 49:25', 3, 3), ('1Kgs 20:42', 2, 3), ('1Sam 25:21', 2, 2)]
  33:14: []
  33:15: [('Hab 3:6', 3, 3), ('Deut 33:27', 2, 2)]
  33:16: [('Gen 49:26', 5, 5), ('Exod 1:6', 2, 2), ('Ezek 19:7', 2, 2)]
  33:17: [('Isa 9:20', 3, 1), ('Josh 17:8', 3, 2), ('1Chr 27:20', 2, 2)]
  33:18: [('Esth 5:14', 2, 2)]
  33:19: [('1Sam 10:8', 2, 2), ('Deut 2:1', 2, 2), ('Exod 24:16', 2, 2)]
  33:20: [('1Chr 21:11', 2, 1), ('1Chr 21:18', 2, 2), ('1Kgs 1:48', 2, 2)]
  33:21: [('1Chr 11:10', 3, 4), ('1Kgs 12:21', 3, 2), ('2Chr 11:1', 3, 3)]
  33:22: [('Gen 49:9', 2, 2), ('Nah 2:12', 2, 2)]
  33:23: [('1Kgs 18:43', 2, 1), ('Ezek 27:3', 2, 2), ('Gen 41:54', 2, 1)]
  33:24: [('1Kgs 1:48', 2, 3), ('1Kgs 10:9', 2, 2), ('1Sam 23:22', 2, 1)]
  33:25: [('2Chr 24:12', 2, 2), ('Jer 15:12', 2, 2)]
  33:26: [('Job 35:5', 2, 2), ('Job 38:37', 2, 1), ('Neh 2:12', 2, 2)]
  33:27: [('1Chr 29:10', 3, 2), ('1Chr 12:18', 2, 1), ('1Chr 15:12', 2, 1)]
  33:28: [('2Kgs 18:32', 3, 4), ('Isa 36:17', 3, 4), ('Ps 68:9', 3, 1)]
  33:29: [('1Kgs 1:20', 3, 3), ('1Sam 15:6', 3, 1), ('2Kgs 14:15', 3, 1)]
==== B. THE TWINS DIFFED (shared tokens in order / the longest run)
  33:1 vs Gen 49:28: shared 3 of 12/18; run ['וזאת']
  33:1 vs Ps 90:1: shared 2 of 12/11; run ['איש', 'האלהים']
  33:1 vs Josh 14:6: shared 4 of 12/29; run ['משה', 'איש', 'האלהים']
  33:2 vs Judg 5:4: shared 2 of 16/15; run ['יהוה']
  33:2 vs Judg 5:5: shared 1 of 16/10; run ['יהוה']
  33:2 vs Hab 3:3: shared 2 of 16/13; run ['מהר', 'פארן']
  33:2 vs Ps 68:8: shared 0 of 16/7; run []
  33:2 vs Deut 1:1: shared 1 of 16/22; run ['פארן']
  33:2 vs Num 10:12: shared 1 of 16/10; run ['פארן']
  33:3 vs Deut 7:8: shared 0 of 11/22; run []
  33:3 vs Deut 10:15: shared 0 of 11/14; run []
  33:3 vs Exod 24:7: shared 1 of 11/13; run ['כל']
  33:4 vs Deut 31:9: shared 1 of 7/19; run ['משה']
  33:4 vs Deut 4:44: shared 1 of 7/8; run ['משה']
  33:4 vs Deut 4:8: shared 0 of 7/16; run []
  33:5 vs Deut 32:15: shared 0 of 9/12; run []
  33:5 vs Deut 33:26: shared 0 of 9/8; run []
  33:5 vs Num 23:21: shared 1 of 9/14; run ['מלך']
  33:5 vs Exod 19:8: shared 0 of 9/17; run []
  33:5 vs Deut 17:15: shared 1 of 9/24; run ['מלך']
  33:6 vs Gen 49:3: shared 1 of 7/10; run ['ראובן']
  33:6 vs Gen 49:4: shared 0 of 7/12; run []
  33:6 vs Gen 35:22: shared 1 of 7/19; run ['ראובן']
  33:6 vs Num 26:7: shared 0 of 7/11; run []
  33:7 vs Gen 49:8: shared 1 of 16/11; run ['יהודה']
  33:7 vs Gen 49:10: shared 0 of 16/14; run []
  33:7 vs Num 2:3: shared 1 of 16/13; run ['יהודה']
  33:8 vs Exod 28:30: shared 1 of 13/26; run ['על']
  33:8 vs Num 27:21: shared 1 of 13/23; run ['על']
  33:8 vs Exod 17:7: shared 1 of 13/19; run ['על']
  33:8 vs Deut 6:16: shared 1 of 13/8; run ['במסה']
  33:8 vs Deut 9:22: shared 0 of 13/8; run []
  33:8 vs Num 20:13: shared 2 of 13/11; run ['מי', 'מריבה']
  33:8 vs Ps 95:8: shared 0 of 13/7; run []
  33:9 vs Exod 32:27: shared 1 of 18/27; run ['אחיו']
  33:9 vs Exod 32:29: shared 1 of 18/14; run ['כי']
  33:9 vs Num 25:11: shared 0 of 18/22; run []
  33:9 vs Deut 13:7: shared 1 of 18/27; run ['לא']
  33:9 vs Lev 21:11: shared 3 of 18/10; run ['לאביו', 'ולאמו', 'לא']
  33:10 vs Lev 10:11: shared 0 of 11/13; run []
  33:10 vs Deut 17:11: shared 1 of 11/20; run ['על']
  33:10 vs Exod 30:7: shared 0 of 11/11; run []
  33:10 vs Lev 1:9: shared 0 of 11/14; run []
  33:10 vs Mal 2:7: shared 0 of 11/13; run []
  33:11 vs Exod 32:29: shared 0 of 12/14; run []
  33:11 vs Deut 12:7: shared 1 of 12/15; run ['יהוה']
  33:11 vs Ps 37:25: shared 0 of 12/11; run []
  33:12 vs Gen 49:27: shared 0 of 14/9; run []
  33:12 vs Gen 35:18: shared 0 of 14/13; run []
  33:12 vs Deut 12:10: shared 1 of 14/17; run ['יהוה']
  33:12 vs Judg 1:21: shared 1 of 14/17; run ['היום']
  33:13 vs Gen 49:25: shared 3 of 11/16; run ['רבצת', 'תחת']
  33:13 vs Gen 27:28: shared 1 of 11/10; run ['מטל']
  33:13 vs Deut 8:7: shared 1 of 11/15; run ['יהוה']
  33:14 vs Gen 49:26: shared 0 of 6/16; run []
  33:15 vs Gen 49:26: shared 1 of 6/16; run ['עולם']
  33:15 vs Hab 3:6: shared 3 of 6/15; run ['גבעות', 'עולם']
  33:16 vs Gen 49:26: shared 5 of 12/16; run ['לראש', 'יוסף', 'ולקדקד', 'נזיר', 'אחיו']
  33:16 vs Exod 3:2: shared 0 of 12/16; run []
  33:16 vs Gen 49:25: shared 0 of 12/16; run []
  33:17 vs Num 23:22: shared 1 of 19/6; run ['לו']
  33:17 vs Num 24:8: shared 1 of 19/13; run ['לו']
  33:17 vs Gen 48:19: shared 0 of 19/22; run []
  33:17 vs Gen 48:20: shared 2 of 19/17; run ['אפרים']
  33:17 vs 1Kgs 22:11: shared 1 of 19/17; run ['לו']
  33:18 vs Gen 49:13: shared 1 of 7/10; run ['זבולן']
  33:18 vs Gen 49:14: shared 0 of 7/6; run []
  33:18 vs Gen 30:20: shared 0 of 7/19; run []
  33:19 vs Isa 60:5: shared 1 of 14/15; run ['כי']
  33:19 vs Ps 4:6: shared 2 of 14/6; run ['זבחי', 'צדק']
  33:19 vs Ps 51:21: shared 2 of 14/11; run ['זבחי', 'צדק']
  33:20 vs Gen 49:19: shared 1 of 11/6; run ['גד']
  33:20 vs Gen 49:9: shared 0 of 11/12; run []
  33:20 vs Num 24:9: shared 1 of 11/10; run ['ברוך']
  33:20 vs Num 32:1: shared 1 of 11/20; run ['גד']
  33:21 vs Num 32:33: shared 0 of 17/28; run []
  33:21 vs Deut 3:12: shared 0 of 17/18; run []
  33:21 vs Deut 34:6: shared 0 of 17/16; run []
  33:21 vs Num 32:29: shared 1 of 17/26; run ['יהוה']
  33:22 vs Gen 49:17: shared 1 of 8/14; run ['דן']
  33:22 vs Gen 49:9: shared 2 of 8/12; run ['גור', 'אריה']
  33:22 vs Josh 19:47: shared 1 of 8/27; run ['דן']
  33:22 vs Judg 18:29: shared 1 of 8/15; run ['דן']
  33:22 vs Deut 3:14: shared 1 of 8/23; run ['הבשן']
  33:23 vs Gen 49:21: shared 1 of 11/6; run ['נפתלי']
  33:23 vs Gen 30:8: shared 1 of 11/12; run ['נפתלי']
  33:23 vs Deut 3:17: shared 1 of 11/13; run ['ים']
  33:23 vs Josh 19:32: shared 1 of 11/8; run ['נפתלי']
  33:24 vs Gen 49:20: shared 0 of 11/7; run []
  33:24 vs Gen 30:13: shared 1 of 11/10; run ['אשר']
  33:24 vs Job 29:6: shared 0 of 11/8; run []
  33:25 vs Deut 8:9: shared 1 of 5/18; run ['ברזל']
  33:25 vs Deut 28:23: shared 1 of 5/10; run ['ברזל']
  33:26 vs Deut 32:15: shared 1 of 8/12; run ['ישרון']
  33:26 vs Ps 68:34: shared 0 of 8/9; run []
  33:26 vs Ps 68:5: shared 0 of 8/11; run []
  33:26 vs Isa 19:1: shared 1 of 8/18; run ['רכב']
  33:26 vs Exod 15:11: shared 0 of 8/12; run []
  33:27 vs Ps 90:1: shared 0 of 11/11; run []
  33:27 vs Deut 9:3: shared 0 of 11/22; run []
  33:27 vs Deut 7:20: shared 1 of 11/12; run ['מפניך']
  33:27 vs Deut 32:4: shared 0 of 11/14; run []
  33:28 vs Deut 32:2: shared 0 of 14/12; run []
  33:28 vs Gen 27:28: shared 1 of 14/10; run ['דגן']
  33:28 vs Gen 27:39: shared 0 of 14/13; run []
  33:28 vs Num 23:9: shared 0 of 14/13; run []
  33:28 vs Deut 7:13: shared 0 of 14/22; run []
  33:28 vs Jer 23:6: shared 0 of 14/12; run []
  33:29 vs Deut 32:13: shared 1 of 19/13; run ['על']
  33:29 vs Deut 4:7: shared 1 of 19/14; run ['מי']
  33:29 vs Exod 15:11: shared 1 of 19/12; run ['מי']
  33:29 vs Ps 144:15: shared 0 of 19/8; run []
  33:29 vs Ps 33:20: shared 0 of 19/6; run []
  33:29 vs Gen 15:1: shared 2 of 19/19; run ['מגן']
  33:29 vs Deut 28:7: shared 1 of 19/16; run ['איביך']
  33:29 vs Amos 4:13: shared 1 of 19/21; run ['על']
  33:29 vs Mic 1:3: shared 1 of 19/10; run ['על']
==== C. THE FORMULAS OVER THE TORAH AND THE BIBLE (phrase seats by consonants; the lists cut to fourteen, the counts whole)
  and this is the blessing (ve-zot ha-berakhah): Torah 1 ['Deut 33:1'] | Bible 1 ['Deut 33:1']
  the man of God (ish ha-elohim): Torah 1 ['Deut 33:1'] | Bible 60 ['1Chr 23:14', '1Kgs 12:22', '1Kgs 13:11', '1Kgs 13:12', '1Kgs 13:14', '1Kgs 13:21', '1Kgs 13:26', '1Kgs 13:29', '1Kgs 13:31', '1Kgs 13:4', '1Kgs 13:5', '1Kgs 13:6', '1Kgs 13:7', '1Kgs 13:8']
  before his death (lifnei moto): Torah 3 ['Deut 33:1', 'Gen 27:10', 'Gen 50:16'] | Bible 4 ['1Chr 22:5', 'Deut 33:1', 'Gen 27:10', 'Gen 50:16']
  came from Sinai (mi-sinai ba): Torah 1 ['Deut 33:2'] | Bible 1 ['Deut 33:2']
  from Mount Paran (me-har paran): Torah 1 ['Deut 33:2'] | Bible 2 ['Deut 33:2', 'Hab 3:3']
  myriads of holy ones (me-rivevot kodesh): Torah 1 ['Deut 33:2'] | Bible 1 ['Deut 33:2']
  a fiery law — the ketiv one word (eshdat): Torah 3 ['Deut 33:2', 'Deut 3:17', 'Deut 4:49'] | Bible 3 ['Deut 33:2', 'Deut 3:17', 'Deut 4:49']
  a fiery law — the qere two words (esh dat): Torah 0 [] | Bible 0 []
  lover of peoples (chovev ammim): Torah 1 ['Deut 33:3'] | Bible 1 ['Deut 33:3']
  His holy ones in Your hand (kedoshav be-yadekha): Torah 1 ['Deut 33:3'] | Bible 1 ['Deut 33:3']
  a law Moses commanded us (torah tzivvah lanu mosheh): Torah 1 ['Deut 33:4'] | Bible 1 ['Deut 33:4']
  the inheritance of the congregation of Jacob (morashah kehillat yaakov): Torah 1 ['Deut 33:4'] | Bible 1 ['Deut 33:4']
  a king in Jeshurun (bishurun melekh): Torah 1 ['Deut 33:5'] | Bible 1 ['Deut 33:5']
  the heads of the people (rashei am): Torah 2 ['Deut 33:21', 'Deut 33:5'] | Bible 4 ['Deut 33:21', 'Deut 33:5', 'Job 12:24', 'Judg 16:13']
  the tribes of Israel together (yachad shivtei yisrael): Torah 1 ['Deut 33:5'] | Bible 1 ['Deut 33:5']
  let Reuben live and not die (yechi reuven ve-al yamot): Torah 1 ['Deut 33:6'] | Bible 1 ['Deut 33:6']
  a help from his adversaries (ezer mi-tzarav): Torah 0 [] | Bible 0 []
  Your Thummim and Your Urim (tummekha ve-urekha): Torah 1 ['Deut 33:8'] | Bible 1 ['Deut 33:8']
  at Massah (be-massah): Torah 2 ['Deut 33:8', 'Deut 6:16'] | Bible 2 ['Deut 33:8', 'Deut 6:16']
  the waters of Meribah (mei merivah): Torah 2 ['Deut 33:8', 'Num 20:13'] | Bible 4 ['Deut 33:8', 'Num 20:13', 'Ps 106:32', 'Ps 81:8']
  they kept Your word (shamru imratekha): Torah 1 ['Deut 33:9'] | Bible 1 ['Deut 33:9']
  they shall teach Jacob Your ordinances (yoru mishpatekha le-yaakov): Torah 1 ['Deut 33:10'] | Bible 1 ['Deut 33:10']
  incense in Your nostrils (ketorah be-appekha): Torah 1 ['Deut 33:10'] | Bible 1 ['Deut 33:10']
  and whole burnt offering (ve-khalil): Torah 1 ['Deut 33:10'] | Bible 3 ['Deut 33:10', 'Ezek 28:12', 'Ps 51:21']
  the work of his hands (poal yadav): Torah 0 [] | Bible 0 []
  the beloved of the LORD (yedid yhwh): Torah 1 ['Deut 33:12'] | Bible 1 ['Deut 33:12']
  shall dwell in safety (yishkon la-vetach): Torah 1 ['Deut 33:12'] | Bible 3 ['Deut 33:12', 'Jer 23:6', 'Ps 16:9']
  between his shoulders (bein ketefav): Torah 0 [] | Bible 1 ['1Sam 17:6']
  the deep that couches beneath (tehom rovetzet tachat): Torah 1 ['Deut 33:13'] | Bible 1 ['Deut 33:13']
  the ancient mountains (harerei kedem): Torah 1 ['Deut 33:15'] | Bible 1 ['Deut 33:15']
  the everlasting hills (givot olam): Torah 1 ['Deut 33:15'] | Bible 2 ['Deut 33:15', 'Hab 3:6']
  Him that dwelt in the bush (shokhni seneh): Torah 1 ['Deut 33:16'] | Bible 1 ['Deut 33:16']
  the crown of the head (kodkod): Torah 1 ['Deut 33:20'] | Bible 4 ['Deut 33:20', 'Isa 3:17', 'Jer 2:16', 'Ps 68:22']
  separate from his brethren (nezir echav): Torah 2 ['Deut 33:16', 'Gen 49:26'] | Bible 2 ['Deut 33:16', 'Gen 49:26']
  the horns of a wild ox (karnei reem): Torah 0 [] | Bible 0 []
  the ten thousands of Ephraim (rivevot efrayim): Torah 1 ['Deut 33:17'] | Bible 1 ['Deut 33:17']
  the thousands of Manasseh (alfei menasheh): Torah 1 ['Deut 33:17'] | Bible 1 ['Deut 33:17']
  sacrifices of righteousness (zivchei tzedek): Torah 1 ['Deut 33:19'] | Bible 3 ['Deut 33:19', 'Ps 4:6', 'Ps 51:21']
  the abundance of the seas (shefa yammim): Torah 1 ['Deut 33:19'] | Bible 1 ['Deut 33:19']
  the hidden treasures of the sand (sefunei temunei chol): Torah 0 [] | Bible 0 []
  as a lioness (ke-lavi): Torah 2 ['Deut 33:20', 'Num 23:24'] | Bible 4 ['Deut 33:20', 'Hos 13:8', 'Isa 5:29', 'Num 23:24']
  the lawgiver's portion (chelkat mechokek): Torah 1 ['Deut 33:21'] | Bible 1 ['Deut 33:21']
  the righteousness of the LORD (tzidkat yhwh): Torah 1 ['Deut 33:21'] | Bible 1 ['Deut 33:21']
  a lion's whelp (gur aryeh): Torah 2 ['Deut 33:22', 'Gen 49:9'] | Bible 3 ['Deut 33:22', 'Gen 49:9', 'Nah 2:12']
  sated with favor (seva ratzon): Torah 1 ['Deut 33:23'] | Bible 1 ['Deut 33:23']
  the sea and the south (yam ve-darom): Torah 1 ['Deut 33:23'] | Bible 1 ['Deut 33:23']
  dips his foot in oil (tovel ba-shemen raglo): Torah 1 ['Deut 33:24'] | Bible 1 ['Deut 33:24']
  iron and brass (barzel u-nechoshet): Torah 1 ['Deut 33:25'] | Bible 2 ['2Chr 24:12', 'Deut 33:25']
  as your days (u-khe-yamekha): Torah 1 ['Deut 33:25'] | Bible 1 ['Deut 33:25']
  none like the God of Jeshurun (ein ka-el yeshurun): Torah 1 ['Deut 33:26'] | Bible 1 ['Deut 33:26']
  who rides upon the heaven (rokhev shamayim): Torah 1 ['Deut 33:26'] | Bible 1 ['Deut 33:26']
  the eternal God (elohei kedem): Torah 1 ['Deut 33:27'] | Bible 1 ['Deut 33:27']
  the everlasting arms (zeroot olam): Torah 1 ['Deut 33:27'] | Bible 1 ['Deut 33:27']
  destroy (hashmed): Torah 2 ['Deut 33:27', 'Deut 4:26'] | Bible 3 ['Deut 33:27', 'Deut 4:26', 'Isa 14:23']
  Israel dwells in safety (yisrael betach): Torah 1 ['Deut 33:28'] | Bible 3 ['2Kgs 18:5', 'Deut 33:28', 'Ps 115:9']
  the fountain of Jacob (ein yaakov): Torah 1 ['Deut 33:28'] | Bible 1 ['Deut 33:28']
  corn and wine (dagan ve-tirosh): Torah 1 ['Gen 27:28'] | Bible 1 ['Gen 27:28']
  drop down dew (yaarfu tal): Torah 1 ['Deut 33:28'] | Bible 1 ['Deut 33:28']
  happy are you, O Israel (ashrekha yisrael): Torah 1 ['Deut 33:29'] | Bible 1 ['Deut 33:29']
  who is like you (mi khamokha): Torah 1 ['Deut 33:29'] | Bible 4 ['Deut 33:29', 'Ps 35:10', 'Ps 71:19', 'Ps 89:9']
  a people saved by the LORD (am nosha ba-yhwh): Torah 1 ['Deut 33:29'] | Bible 1 ['Deut 33:29']
  the shield of your help (magen ezrekha): Torah 1 ['Deut 33:29'] | Bible 1 ['Deut 33:29']
  the sword of your excellency (cherev gaavatekha): Torah 1 ['Deut 33:29'] | Bible 1 ['Deut 33:29']
  tread upon their high places (al bamotemo tidrokh): Torah 1 ['Deut 33:29'] | Bible 1 ['Deut 33:29']
  Jeshurun (yeshurun, any prefix): Torah 2 ['Deut 32:15', 'Deut 33:26'] | Bible 2 ['Deut 32:15', 'Deut 33:26']
  the dew (tal): Torah 1 ['Deut 33:28'] | Bible 13 ['1Kgs 17:1', '2Sam 1:21', 'Deut 33:28', 'Isa 18:4', 'Isa 26:19', 'Job 38:28', 'Judg 6:37', 'Judg 6:38', 'Judg 6:39', 'Judg 6:40', 'Prov 3:20', 'Ps 110:3', 'Song 5:2']
  Bashan (ha-bashan): Torah 12 ['Deut 1:4', 'Deut 29:6', 'Deut 33:22', 'Deut 3:1', 'Deut 3:10', 'Deut 3:11', 'Deut 3:13', 'Deut 3:14', 'Deut 3:3', 'Deut 4:47', 'Num 21:33', 'Num 32:33'] | Bible 24 ['1Chr 5:11', '1Kgs 4:19', 'Amos 4:1', 'Deut 1:4', 'Deut 29:6', 'Deut 33:22', 'Deut 3:1', 'Deut 3:10', 'Deut 3:11', 'Deut 3:13', 'Deut 3:14', 'Deut 3:3', 'Deut 4:47', 'Isa 2:13']
  the LORD your God (yhwh elohekha): Torah 192 ['Deut 10:12', 'Deut 10:20', 'Deut 10:22', 'Deut 10:9', 'Deut 11:1', 'Deut 11:12', 'Deut 11:29', 'Deut 12:15', 'Deut 12:18', 'Deut 12:20', 'Deut 12:21', 'Deut 12:27', 'Deut 12:28', 'Deut 12:29'] | Bible 236 ['1Chr 11:2', '1Chr 22:11', '1Chr 22:12', '1Kgs 10:9', '1Kgs 13:21', '1Kgs 13:6', '1Kgs 17:12', '1Kgs 18:10', '1Kgs 2:3', '1Sam 12:19', '1Sam 13:13', '1Sam 25:29', '2Chr 16:7', '2Chr 9:8']
  single tokens (the chapter) — "God" (el / eloah / elohim forms): [(33, 1, 'האלהים'), (33, 26, 'כאל'), (33, 27, 'אלהי'), (33, 28, 'אל')] | the Name bare / with lamed / with bet: [(33, 2, 'יהוה'), (33, 7, 'יהוה'), (33, 11, 'יהוה'), (33, 12, 'יהוה'), (33, 13, 'יהוה'), (33, 21, 'יהוה'), (33, 23, 'יהוה'), (33, 29, 'ביהוה')]
  the tribes' names (every token carrying one): [(33, 6, 'ראובן'), (33, 7, 'ליהודה'), (33, 7, 'יהודה'), (33, 8, 'וללוי'), (33, 12, 'לבנימן'), (33, 13, 'וליוסף'), (33, 13, 'ממגד'), (33, 14, 'וממגד'), (33, 14, 'וממגד'), (33, 15, 'וממגד'), (33, 16, 'וממגד'), (33, 16, 'יוסף'), (33, 17, 'אפרים'), (33, 17, 'מנשה'), (33, 18, 'ולזבולן'), (33, 18, 'זבולן'), (33, 18, 'ויששכר'), (33, 20, 'ולגד'), (33, 20, 'גד'), (33, 22, 'ולדן'), (33, 22, 'דן'), (33, 23, 'ולנפתלי'), (33, 23, 'נפתלי'), (33, 24, 'ולאשר')] | "Jeshurun" / "Bashan" / "Sinai" / "Seir" / "Paran" / "Massah" / "Meribah" seats: [(33, 2, 'מסיני'), (33, 2, 'משעיר'), (33, 2, 'פארן'), (33, 5, 'בישרון'), (33, 8, 'במסה'), (33, 8, 'מריבה'), (33, 22, 'הבשן'), (33, 26, 'ישרון')]
  "not" (lo / ve-lo) count: 3 at [(33, 9)] | "al" (the vetitive not): [(33, 6, 'ואל'), (33, 7, 'ואל'), (33, 28, 'אל')] | "for/when" (ki) count: 3 | "if" (im) seats: [] | "lest" (pen) seats: [] | "saying" seats: []
  "he said" (amar / vayomer) seats — the blessing's own frame per tribe: [(33, 2, 'ויאמר'), (33, 7, 'ויאמר'), (33, 8, 'אמר'), (33, 12, 'אמר'), (33, 13, 'אמר'), (33, 18, 'אמר'), (33, 20, 'אמר'), (33, 22, 'אמר'), (33, 23, 'אמר'), (33, 24, 'אמר'), (33, 27, 'ויאמר')]
  EVERY VERSE'S TOKENS (the DB's plain forms — the formulas' spellings read from here):
  33:1 (12): ['וזאת', 'הברכה', 'אשר', 'ברך', 'משה', 'איש', 'האלהים', 'את', 'בני', 'ישראל', 'לפני', 'מותו']
  33:2 (16): ['ויאמר', 'יהוה', 'מסיני', 'בא', 'וזרח', 'משעיר', 'למו', 'הופיע', 'מהר', 'פארן', 'ואתה', 'מרבבת', 'קדש', 'מימינו', 'אשדת', 'למו']
  33:3 (11): ['אף', 'חבב', 'עמים', 'כל', 'קדשיו', 'בידך', 'והם', 'תכו', 'לרגלך', 'ישא', 'מדברתיך']
  33:4 (7): ['תורה', 'צוה', 'לנו', 'משה', 'מורשה', 'קהלת', 'יעקב']
  33:5 (9): ['ויהי', 'בישרון', 'מלך', 'בהתאסף', 'ראשי', 'עם', 'יחד', 'שבטי', 'ישראל']
  33:6 (7): ['יחי', 'ראובן', 'ואל', 'ימת', 'ויהי', 'מתיו', 'מספר']
  33:7 (16): ['וזאת', 'ליהודה', 'ויאמר', 'שמע', 'יהוה', 'קול', 'יהודה', 'ואל', 'עמו', 'תביאנו', 'ידיו', 'רב', 'לו', 'ועזר', 'מצריו', 'תהיה']
  33:8 (13): ['וללוי', 'אמר', 'תמיך', 'ואוריך', 'לאיש', 'חסידך', 'אשר', 'נסיתו', 'במסה', 'תריבהו', 'על', 'מי', 'מריבה']
  33:9 (18): ['האמר', 'לאביו', 'ולאמו', 'לא', 'ראיתיו', 'ואת', 'אחיו', 'לא', 'הכיר', 'ואת', 'בנו', 'לא', 'ידע', 'כי', 'שמרו', 'אמרתך', 'ובריתך', 'ינצרו']
  33:10 (11): ['יורו', 'משפטיך', 'ליעקב', 'ותורתך', 'לישראל', 'ישימו', 'קטורה', 'באפך', 'וכליל', 'על', 'מזבחך']
  33:11 (12): ['ברך', 'יהוה', 'חילו', 'ופעל', 'ידיו', 'תרצה', 'מחץ', 'מתנים', 'קמיו', 'ומשנאיו', 'מן', 'יקומון']
  33:12 (14): ['לבנימן', 'אמר', 'ידיד', 'יהוה', 'ישכן', 'לבטח', 'עליו', 'חפף', 'עליו', 'כל', 'היום', 'ובין', 'כתיפיו', 'שכן']
  33:13 (11): ['וליוסף', 'אמר', 'מברכת', 'יהוה', 'ארצו', 'ממגד', 'שמים', 'מטל', 'ומתהום', 'רבצת', 'תחת']
  33:14 (6): ['וממגד', 'תבואת', 'שמש', 'וממגד', 'גרש', 'ירחים']
  33:15 (6): ['ומראש', 'הררי', 'קדם', 'וממגד', 'גבעות', 'עולם']
  33:16 (12): ['וממגד', 'ארץ', 'ומלאה', 'ורצון', 'שכני', 'סנה', 'תבואתה', 'לראש', 'יוסף', 'ולקדקד', 'נזיר', 'אחיו']
  33:17 (19): ['בכור', 'שורו', 'הדר', 'לו', 'וקרני', 'ראם', 'קרניו', 'בהם', 'עמים', 'ינגח', 'יחדו', 'אפסי', 'ארץ', 'והם', 'רבבות', 'אפרים', 'והם', 'אלפי', 'מנשה']
  33:18 (7): ['ולזבולן', 'אמר', 'שמח', 'זבולן', 'בצאתך', 'ויששכר', 'באהליך']
  33:19 (14): ['עמים', 'הר', 'יקראו', 'שם', 'יזבחו', 'זבחי', 'צדק', 'כי', 'שפע', 'ימים', 'יינקו', 'ושפוני', 'טמוני', 'חול']
  33:20 (11): ['ולגד', 'אמר', 'ברוך', 'מרחיב', 'גד', 'כלביא', 'שכן', 'וטרף', 'זרוע', 'אף', 'קדקד']
  33:21 (17): ['וירא', 'ראשית', 'לו', 'כי', 'שם', 'חלקת', 'מחקק', 'ספון', 'ויתא', 'ראשי', 'עם', 'צדקת', 'יהוה', 'עשה', 'ומשפטיו', 'עם', 'ישראל']
  33:22 (8): ['ולדן', 'אמר', 'דן', 'גור', 'אריה', 'יזנק', 'מן', 'הבשן']
  33:23 (11): ['ולנפתלי', 'אמר', 'נפתלי', 'שבע', 'רצון', 'ומלא', 'ברכת', 'יהוה', 'ים', 'ודרום', 'ירשה']
  33:24 (11): ['ולאשר', 'אמר', 'ברוך', 'מבנים', 'אשר', 'יהי', 'רצוי', 'אחיו', 'וטבל', 'בשמן', 'רגלו']
  33:25 (5): ['ברזל', 'ונחשת', 'מנעליך', 'וכימיך', 'דבאך']
  33:26 (8): ['אין', 'כאל', 'ישרון', 'רכב', 'שמים', 'בעזרך', 'ובגאותו', 'שחקים']
  33:27 (11): ['מענה', 'אלהי', 'קדם', 'ומתחת', 'זרעת', 'עולם', 'ויגרש', 'מפניך', 'אויב', 'ויאמר', 'השמד']
  33:28 (14): ['וישכן', 'ישראל', 'בטח', 'בדד', 'עין', 'יעקב', 'אל', 'ארץ', 'דגן', 'ותירוש', 'אף', 'שמיו', 'יערפו', 'טל']
  33:29 (19): ['אשריך', 'ישראל', 'מי', 'כמוך', 'עם', 'נושע', 'ביהוה', 'מגן', 'עזרך', 'ואשר', 'חרב', 'גאותך', 'ויכחשו', 'איביך', 'לך', 'ואתה', 'על', 'במותימו', 'תדרך']
==== D. ONKELOS OVER THE BOOK (the plain Aramaic of every export row through NFKC; EXPORT verse numbers)
  the Shekhinah: 1 [(31, 17)]
  the Memra (the Word): 91 [(1, 5), (1, 6), (1, 9), (1, 16), (1, 26), (1, 28), (1, 32), (1, 34), (1, 37), (1, 43), (2, 2), (2, 4), (2, 7), (2, 17), (2, 26), (3, 18), (3, 21), (3, 22), (3, 23), (4, 24), (4, 30), (4, 33), (4, 36), (4, 37)]
  the Torah — oraita: 25 [(1, 5), (4, 8), (4, 44), (17, 11), (17, 18), (17, 19), (27, 3), (27, 8), (27, 26), (28, 58), (28, 61), (29, 20), (29, 28), (30, 10), (31, 9), (31, 11), (31, 12), (31, 24), (31, 26), (32, 6), (32, 10), (32, 46), (33, 2), (33, 4)]
  the world — alma (the age / the world to come): 5 [(32, 7), (32, 12), (32, 40), (33, 6), (33, 27)]
  the world to come — atid (that is to come): 2 [(32, 12), (32, 35)]
  Sinai: 3 [(25, 9), (28, 23), (33, 2)]
  Seir: 10 [(1, 2), (1, 44), (2, 1), (2, 4), (2, 5), (2, 8), (2, 12), (2, 22), (2, 29), (33, 2)]
  Paran: 2 [(1, 1), (33, 2)]
  the fire — eshata (the fiery law): 0 []
  the tribes — shivtaya: 22 [(1, 13), (1, 15), (1, 23), (3, 12), (3, 13), (3, 16), (4, 43), (5, 20), (10, 8), (12, 5), (12, 14), (16, 18), (18, 1), (18, 5), (29, 7), (29, 9), (29, 17), (29, 20), (31, 28), (33, 3), (33, 5), (33, 19)]
  the king — malka: 34 [(1, 4), (2, 24), (2, 26), (2, 30), (3, 1), (3, 2), (3, 3), (3, 4), (3, 6), (3, 8), (3, 10), (3, 11), (3, 13), (3, 21), (4, 46), (4, 47), (7, 8), (7, 24), (10, 17), (11, 3), (13, 7), (17, 14), (17, 15), (17, 18)]
  the second death (Reuben: not die the second death): 0 []
  the trial — nisita (Massah): 13 [(1, 25), (3, 14), (4, 34), (6, 16), (7, 19), (8, 2), (8, 16), (13, 4), (16, 1), (28, 56), (29, 2), (33, 8), (33, 9)]
  the strife — matzuta (Meribah): 2 [(32, 51), (33, 8)]
  the offering — korban: 1 [(33, 11)]
  the altar — madbecha: 6 [(12, 27), (16, 21), (26, 4), (27, 5), (27, 6), (33, 10)]
  the sanctuary — mikdesha (Benjamin's land): 3 [(3, 25), (23, 19), (33, 19)]
  the Mighty One — takifa: 22 [(4, 34), (4, 38), (5, 15), (6, 21), (7, 1), (7, 8), (8, 15), (9, 1), (9, 26), (11, 2), (11, 23), (26, 8), (28, 23), (31, 6), (32, 4), (32, 13), (32, 14), (32, 15), (32, 18), (32, 27), (32, 30), (32, 37)]
  the enemies — baalei devava: 22 [(1, 42), (6, 19), (12, 10), (20, 1), (20, 3), (20, 4), (21, 10), (23, 10), (23, 15), (25, 19), (28, 7), (28, 31), (28, 48), (28, 68), (30, 7), (32, 27), (32, 31), (32, 41), (32, 42), (33, 7), (33, 11), (33, 18)]
  the dew — tala: 42 [(1, 19), (2, 1), (9, 28), (10, 6), (10, 7), (10, 8), (13, 6), (13, 10), (14, 6), (14, 7), (14, 18), (14, 24), (16, 13), (16, 16), (17, 6), (17, 7), (17, 12), (18, 20), (19, 6), (21, 1), (21, 22), (21, 23), (22, 22), (22, 25)]
  Matnan (Bashan): 14 [(1, 4), (3, 1), (3, 3), (3, 4), (3, 10), (3, 11), (3, 13), (3, 14), (4, 43), (4, 47), (10, 9), (18, 2), (29, 6), (33, 22)]
  Gennesar (Naphtali's sea): 0 []
  the sea of Tiberias?: 0 []
  the necks — tzavarei (the high places): 2 [(28, 48), (33, 29)]
  the burial — kevurta (the lawgiver's portion): 0 []
  Moses (in Onkelos on the chapter): 37 [(1, 1), (1, 3), (1, 5), (4, 41), (4, 44), (4, 45), (4, 46), (5, 1), (27, 1), (27, 9), (27, 11), (28, 69), (29, 1), (31, 1), (31, 7), (31, 9), (31, 10), (31, 14), (31, 16), (31, 22), (31, 24), (31, 25), (31, 30), (32, 44)]
  the priesthood / the Urim: 28 [(1, 5), (4, 8), (4, 17), (4, 44), (17, 11), (17, 18), (17, 19), (27, 3), (27, 8), (27, 26), (28, 58), (28, 61), (29, 20), (29, 28), (30, 10), (30, 20), (31, 9), (31, 11), (31, 12), (31, 24), (31, 26), (32, 6), (32, 10), (32, 46)]
  the sanhedrin / the elders — saba: 54 [(3, 4), (3, 8), (5, 20), (7, 3), (7, 25), (9, 9), (9, 21), (10, 17), (15, 17), (19, 12), (20, 7), (21, 2), (21, 3), (21, 4), (21, 6), (21, 11), (21, 19), (21, 20), (22, 6), (22, 7), (22, 13), (22, 14), (22, 15), (22, 16)]
  EVERY VERSE'S ARAMAIC (Onkelos on the chapter):
  33:1 HE 12 ARM 12: ודא ברכתא די בריך משה נביא דיי ית בני ישראל קדם מותיה
  33:2 HE 16 ARM 23: ואמר יי מסיני אתגלי וזהור יקריה משעיר אתחזי לנא אתגלי בגברתיה מטורא דפארן ועמיה רבבת קדישין כתב ימיניה מגו אשתא אוריתא יהב לנא
  33:3 HE 11 ARM 17: אף חביבנון לשבטיא כל קדישוהי בית ישראל בגבורא אפקנון ממצרים ואנון מדברין תחות עננך נטלין על מימרך
  33:4 HE 7 ARM 8: אוריתא יהב לנא משה מסרה ירתא לכנשת יעקב
  33:5 HE 9 ARM 9: והוה בישראל מלכא באתכנשות רישי עמא כחדא שבטיא דישראל
  33:6 HE 7 ARM 12: יחי ראובן לחיי עלמא ומותא תנינא לא ימות ויקבלון בנוהי אחסנתהון במנינהון
  33:7 HE 16 ARM 23: ודא ליהודה ואמר קבל יי צלותיה דיהודה במפקיה לאגחא קרבא ולעמיה תתיבניה לשלם ידוהי יעבדן ליה פרענותא מסנאוהי וסעיד מבעלי דבבוהי הוי ליה
  33:8 HE 13 ARM 20: וללוי אמר תמיא ואוריא אלבשתא לגבר דאשתכח חסידא קדמך די נסיתוהי בנסתא והוה שלים בחנתוהי על מי מצותא ואשתכח מהימן
  33:9 HE 18 ARM 22: דעל אבוהי ועל אמיה לא רחם כד חבו מן דינא ואפי אחוהי ובנוהי לא נסיב ארי נטרו מטרת מימרך וקימך לא אשניו
  33:10 HE 11 ARM 15: כשרין אלין דילפון דיניך ליעקב ואוריתך לישראל ישוון קטורת בוסמין קדמך וגמיר לרעוא על מדבחך
  33:11 HE 12 ARM 14: ברך יי נכסוהי וקרבן ידוהי תקבל ברעוא תבר חרצא דסנאוהי ודבעלי דבבוהי דלא יקומון
  33:12 HE 14 ARM 15: לבנימן אמר רחימא דיי ישרי לרחצן עלוהי יהי מגן עלוהי כל יומא ובארעיה תשרי שכנתא
  33:13 HE 11 ARM 19: וליוסף אמר מברכא מן קדם יי ארעיה עבדא מגדנין מטלא דשמיא מלעלא וממבועי עינון ותהומין דנגדן ממעמקי ארעא מלרע
  33:14 HE 6 ARM 10: ועבדא מגדנין ועללן מיבול שמשא ועבדא מגדנין מריש ירח בירח
  33:15 HE 6 ARM 7: ומריש טוריא בכיריא ומטוב רמן דלא פסקן
  33:16 HE 12 ARM 21: ומטוב ארעא ומלאה רעי ליה דשכנתיה בשמיא ועל משה אתגלי באסנא יתין כל אלין לרישא דיוסף ולגניא ס"א ולגברא פרישא דאחוהי
  33:17 HE 19 ARM 26: רבא דבנוהי זיוא ליה וגבורן דאתעבידא ליה מקדם תקפא ורומא דיליה בגברתיה עממיא יקטל כחדא עד סיפי ארעא ואנון רבותא דבית אפרים ואנון אלפיא דבית מנשה
  33:18 HE 7 ARM 16: ולזבולן אמר חדי זבולן במפקך לאגחא קרבא על בעלי דבבך ויששכר במהכך למעבד זמני מועדיא בירושלם
  33:19 HE 14 ARM 20: שבטיא דישראל לטור בית מקדשא יתכנשון תמן יכסון נכסת קודשין לרעוא ארי נכסי עממיא ייכלון וסימא דמטמרא בחלא מתגליא להון
  33:20 HE 11 ARM 11: ולגד אמר בריך אפתי לגד כליתא שרי ויקטול שלטונין עם מלכין
  33:21 HE 17 ARM 23: ואתקבל בקדמתא דיליה ארי תמן באחסנתיה משה ספרא רבא דישראל קביר והוא נפק ועל בריש עמא זכון קדם יי עבד ודינוהי עם ישראל
  33:22 HE 8 ARM 13: ולדן אמר דן תקיף כגור אריון ארעיה שתיא מן נחליא דנגדן מן מתנן
  33:23 HE 11 ARM 15: ולנפתלי אמר נפתלי שבע רעוא ומלי ברכן מן קדם יי מערב ים גנוסר ודרומא ירת
  33:24 HE 11 ARM 12: ולאשר אמר בריך מברכת בניא אשר יהי רעוא לאחוהי ויתרבי בתפנוקי מלכין
  33:25 HE 5 ARM 7: תקיף כפרזלא ונחשא מותבך וכיומי עולמתך תקפך
  33:26 HE 8 ARM 10: לית אלה כאלהא דישראל דשכנתיה בשמיא בסעדך ותקפיה בשמי שמיא
  33:27 HE 11 ARM 12: מדור אלהא די מלקדמין במימריה מתעבד עלמא ותריך מקדמך סנאה ואמר שצי
  33:28 HE 14 ARM 18: ושרא ישראל לרחצן בלחודוהי כעין ברכתא דברכנון יעקב אבוהון לארעא עבדא עבור וחמר אף שמיא דעלויהון ישמשנון בטלא
  33:29 HE 19 ARM 24: טובך ישראל לית דכותך עמא דפרקניה מן קדם יי תקיף בסעדך ודמן קדמוהי נצחן גברותך ויכדבון סנאך לך ואת על פריקת צוארי מלכיהון תדרך
==== E. THE FRAMES, THE REGISTER AND THE PARSER
  imperatives: [(33, 7, 'שמע'), (33, 11, 'ברך'), (33, 11, 'מחץ'), (33, 18, 'שמח'), (33, 23, 'ירשה'), (33, 27, 'השמד')] | jussives / cohortatives (the morph codes with j): [(33, 6, 'יחי', 'HVqj3ms'), (33, 6, 'ימת', 'HVqj3ms'), (33, 6, 'ויהי', 'HC/Vqj3ms')] | infinitive absolutes: []
  the morph codes at 33:2 and 33:7 (the narrative frames) and 33:6 (Reuben): [('ויאמר', 'HC/Vqw3ms'), ('יהוה', 'HNp'), ('מסיני', 'HR/Np')] [('וזאת', 'HC/Pdxfs'), ('ליהודה', 'HR/Np'), ('ויאמר', 'HC/Vqw3ms'), ('שמע', 'HVqv2ms')] [('יחי', 'HVqj3ms'), ('ראובן', 'HNp'), ('ואל', 'HC/Tn'), ('ימת', 'HVqj3ms'), ('ויהי', 'HC/Vqj3ms'), ('מתיו', 'HNcmpc/Sp3ms')]
  chapter 33: the Name bare / with lamed / with bet / "your God" pairs: 7 0 1 []
  the register on Deut 33 — receipts: [] | footers: [] | headers: []
  the parser's hits: {(33, 23): ([], [], ['שבע*'])} | 33:23 "sated with favor" (the mark): ['ולנפתלי', 'אמר', 'נפתלי', 'שבע*', 'רצון', 'ומלא'] | 33:2 "myriads of holy ones": ['למו', 'הופיע', 'מהר', 'פארן', 'ואתה'] | 33:17 "the ten thousands of Ephraim, the thousands of Manasseh": ['והם', 'רבבות', 'אפרים', 'והם', 'אלפי', 'מנשה'] | 33:6 "let his men be a number": ['ימת', 'ויהי', 'מתיו', 'מספר']
==== F. THE PRIOR READS (computed from the ledgers)
  spine rows read before: 18 [(342, 1), (343, 6), (343, 9), (345, 2), (346, 2), (347, 3), (351, 1), (352, 8), (352, 9), (352, 10), (352, 17), (355, 6), (355, 9), (355, 27), (356, 5)] | distinct rows 15 | the ledgers: ['deu_06_vaetchanan_2026-09-17.md', 'deu_09_ekev_2026-09-19.md', 'deu_15_reeh_2026-09-22.md', 'deu_17_18_shoftim_2026-09-24.md', 'deu_19_21_shoftim_ki_teitzei_2026-09-24.md', 'deu_22_25_ki_teitzei_2026-09-25.md', 'deu_26_28_ki_tavo_2026-09-26.md', 'deu_29_31_nitzavim_vayelech_2026-09-27.md', 'deu_32_haazinu_2026-09-27.md', 'gen_22_covenant_bow_2026-08-25.md', 'gen_32_hagar_angel_2026-08-25.md']
  outside rows read before: {(31, 6): ['deu_06_vaetchanan_2026-09-17.md'], (42, 9): ['deu_11_ekev_reeh_2026-09-20.md'], (48, 9): ['deu_11_ekev_reeh_2026-09-20.md', 'deu_29_31_nitzavim_vayelech_2026-09-27.md'], (314, 1): ['deu_32_haazinu_2026-09-27.md'], (329, 3): ['deu_32_haazinu_2026-09-27.md']} | fresh: []
  ledgers with an Onkelos row of Deut 33-34 or the Prophets (never read ahead — expected none): []
  the kin ledgers' Onkelos row counts: [('deu_10_ekev_2026-09-19.md', 22), ('deu_26_28_ki_tavo_2026-09-26.md', 26), ('deu_32_haazinu_2026-09-27.md', 52), ('exo_28_priest_garments_2026-09-01.md', 9), ('exo_32_golden_calf_2026-09-01.md', 8), ('num_01_census_command_2026-09-09.md', 19), ('num_01_levites_exempt_2026-09-09.md', 8), ('num_01_tribe_counts_2026-09-09.md', 27), ('num_02_camp_east_south_2026-09-09.md', 16), ('num_02_camp_west_north_2026-09-09.md', 18), ('num_25_peor_pinchas_2026-09-11.md', 19), ('num_27_zelophehad_joshua_2026-09-09.md', 23), ('num_32_gad_reuben_2026-09-12.md', 42)] | the Genesis-era ledgers on Jacob's blessing and Joseph's sons (their lines naming Genesis 48-49, no Onkelos rows — a table form): [('gen_66_second_descent_2026-08-28.md', 1), ('gen_71_crossed_hands_2026-08-28.md', 24), ('gen_72_testament_twelve_2026-08-28.md', 36)]
  the store mismatches: [(33, 2, 18, 16), (33, 9, 19, 18)] | token counts: {33: 336} | distinct glosses: {33: 263} | "?" glosses: []
  the store's tokens at 33:2 and 33:9 against the DB's (the mismatched verses): [('ויאמר', 'and-say'), ('יהוה', 'YHWH'), ('מסיני', 'from-Sinai'), ('בא', 'come/bring'), ('וזרח', 'and-irradiate'), ('משעיר', 'from-Seir'), ('למו', 'to-them/their'), ('הופיע', 'shine'), ('מהר', 'from-mountain'), ('פארן', 'Paran'), ('ואתה', 'and-arrive'), ('מרבבת', 'from-abundance'), ('קדש', 'holiness'), ('מימינו', 'from-right-hand-him/its'), ('אשדת', 'fire-law'), ('אש', 'fire'), ('דת', 'royal-edict'), ('למו', 'to-them/their')] ['ויאמר', 'יהוה', 'מסיני', 'בא', 'וזרח', 'משעיר', 'למו', 'הופיע', 'מהר', 'פארן', 'ואתה', 'מרבבת', 'קדש', 'מימינו', 'אשדת', 'למו'] [('האמר', 'the-say'), ('לאביו', 'to-father-him/its'), ('ולאמו', 'and-to-mother-him/its'), ('לא', 'not'), ('ראיתיו', 'see-him/its'), ('ואת', 'and-obj-marker·et'), ('אחיו', 'brother-him/its'), ('לא', 'not'), ('הכיר', 'scrutinize'), ('ואת', 'and-obj-marker·et'), ('בנו', 'son-him/its'), ('בניו', 'son-him/its'), ('לא', 'not'), ('ידע', 'know'), ('כי', 'that'), ('שמרו', 'keep/guard'), ('אמרתך', 'something-said-you/your'), ('ובריתך', 'and-covenant-you/your'), ('ינצרו', 'guard')] ['האמר', 'לאביו', 'ולאמו', 'לא', 'ראיתיו', 'ואת', 'אחיו', 'לא', 'הכיר', 'ואת', 'בנו', 'לא', 'ידע', 'כי', 'שמרו', 'אמרתך', 'ובריתך', 'ינצרו']
THE LEAN MEASURE PRINTED
