PASS  declared-reading gate — declared scope complete: 176 of 176 read (era format, components not stated) (deu_33_ve_zot_2026-09-29.md)
PASS  text layer — TEXT LAYER GREEN: 29 steps, 7 scenarios — deu_33_ve_zot
PASS  freeze flip — draft -> frozen
PASS  frozen run — final state: WORLD=[] (+0 presupposed) | REGISTRY={} | TESTS=0 PASS | LEDGER days=[] | FLAGS=[]
PASS  frozen scenarios — ALL SCENARIOS GREEN
PASS  regression 250/250
PASS  render py — wrote logic/py_units/deu_33_ve_zot.py (397 lines) — ran GREEN
PASS  py self-proof — ALL ASSERTIONS GREEN — rendering matches the frozen unit's machine truth
PASS  render html (undated) — UNIT_deu_33_ve_zot.html
PASS  index_units — indexed 309 units · 7992 steps · 3471 scenarios · 0 warnings
PASS  coverage index — wrote UNIT_INDEX.html (250 units)
PASS  ALL_UNITS insert — before lev_13 banner; header count 250
PASS  ALL_UNITS corpus proof — 250/250 green

=== RITUAL SUMMARY ===
  + declared-reading gate
  + text layer
  + freeze flip
  + frozen run
  + frozen scenarios
  + regression 250/250
  + render py
  + py self-proof
  + render html (undated)
  + index_units
  + coverage index
  + ALL_UNITS insert
  + ALL_UNITS corpus proof

RITUAL COMPLETE for deu_33_ve_zot (250 frozen units).
Manual next: watchlist (logic/middot_scan/), state-doc update, owner commit word.
