guard: 42 expectations checked, every one a literal from the answer sheet [honest-pairing guard satisfied]

THE CONSECRATION, SUBSTITUTION, AND DEVOTION MACHINE COMPILES — the two substitution verbs, "beast for beast," "it and its substitute" at the vow and the tithe, the fifth censused five times, the partitive "from all that he has," the ordinal tenth under the rod; three calls into sister engines: the Jubilee engine's tithe naming and the Passover engine's firstling donkey.
THE TOKENS (printed before they are asserted): {33: 336}
THE INK (printed before it is asserted): PARSE {(33, 23): ([], [], ['שבע*'])}, NUMV [], ORDV [], STARV [(33, 23)], TOKN {33: 336}
THE NEGATIONS AND THE NAME (printed before they are asserted): {(33, 9): ['לא', 'לא', 'לא']} 7
THE CLOCK (printed before it is asserted): {'counter': (40, 12, 7), 'marker': None, 'marker_verse': None, 'marker_at': None, 'days_walked': 0, 'the_day_by': "19b's marker at Deut 31:1 (the number's verse 31:2) — the_death_date_of_moses on the calendar's keys", 'clock_data': ['the_death_date_of_moses']}
THE SCANS (printed before they are asserted): holes {'israel_people': [], 'reuben': [], 'judah': [], 'levi': [], 'benjamin': [], 'joseph': [], 'zebulun': [], 'issachar': [], 'gad': [], 'dan_son': [], 'naphtali': [], 'asher': []}; the kin counts {'barred_from_the_land': 2, 'gathered_to_his_people': 5, 'go_up_to_nebo_see_the_land_commanded': 1, 'die_in_the_mountain_gathered_to_your_people_commanded': 1, 'as_aaron_died_in_hor_and_was_gathered': 1, 'see_the_land_from_afar_not_go_there': 1, 'heaven_and_earth_witness': 5, 'blessing_and_curse_set': 2, 'blessings_for_hearing': 3, 'blessed_with_dew_and_fat': 1, 'blessed_the_people': 2, 'counted': 22, 'hand_opening_commanded': 1, 'equal_portions_commanded': 1, 'levites_portion_given': 1, 'inheritance_barred': 2, 'book_of_the_law_beside_the_ark_commanded': 1, 'descended_on_the_mountain': 1, 'doctrine_as_rain_and_dew_likened': 1, 'heavens_good_treasure_opened': 1, 'high_court_at_the_place_commanded': 1, 'high_places_banned': 3, 'incense_continual': 2, 'kings_smitten': 3, 'land_possessed': 6, 'lords_portion_his_people_jacob': 1, 'nations_dispossessed_as_sihon_and_og_promised': 1, 'oral_law_unwritten': 3, 'presence_dwells': 1, 'shield_promised': 1, 'six_tribes_on_ebal_for_the_curse': 1, 'six_tribes_on_gerizim_to_bless': 1, 'substituted_for_the_firstborn': 1, 'torah_through_moses': 1, 'work_of_the_hand_blessed': 2, 'storehouses_blessed': 1, 'firstling_sanctification_commanded': 1, 'grave_marked': 1, 'judah_sent_ahead': 1, 'portion_added': 1, 'levite_forsaking_barred': 2, 'levites_loud_voice_commanded': 1, 'the_lord_alone_led_no_foreign_god': 1, 'song_sung': 1, 'no_share_in_the_world_to_come': 3, 'slain_by_sword': 2, 'priestly_dues_granted': 1}; the reuses {}; the entities {'barred_from_the_land': ['aaron', 'moses'], 'gathered_to_his_people': ['aaron', 'abraham', 'isaac', 'ishmael', 'jacob'], 'go_up_to_nebo_see_the_land_commanded': ['moses'], 'die_in_the_mountain_gathered_to_your_people_commanded': ['moses'], 'as_aaron_died_in_hor_and_was_gathered': ['moses'], 'see_the_land_from_afar_not_go_there': ['moses'], 'heaven_and_earth_witness': ['israel_people'], 'blessing_and_curse_set': ['israel_people'], 'garments_transferred_and_aaron_died': [], 'invested_office': ['aaron-and-sons', 'eleazar_son_of_aaron', 'pinchas', 'the-firstborn', 'the_levites', 'yehoshua'], 'demoted': ['reuben'], 'scepter_held': ['judah'], 'birthright_transferred': ['jacob', 'joseph'], 'scattered_in_israel': ['levi', 'simeon'], 'younger_set_first': ['ephraim'], 'concubine_lain_with': ['reuben']}
THE TWINS DIFFED (printed before they are asserted): {'33:16 vs Gen 49:26': 5, '33:13 vs Gen 49:25': 3, '33:15 vs Hab 3:6': 3, '33:2 vs Hab 3:3': 2, '33:1 vs Josh 14:6': 4, '33:1 vs 4:44': 5, '33:1 vs Gen 27:10': 3, '33:8 vs Num 20:13': 2, '33:8 vs Exod 17:7': 1, '33:9 vs Lev 21:11': 3, '33:5 vs 32:15': 0, '33:28 vs 32:2': 0, '33:12 vs Gen 49:27': 0, '33:6 vs Gen 49:4': 0, '33:6 vs Gen 49:3': 1, '33:7 vs Gen 49:8': 1, '33:24 vs Gen 49:20': 0, '33:21 vs Num 32:33': 0, '33:22 vs Gen 49:9': 2, '33:17 vs Gen 48:20': 2, '33:17 vs Num 27:20': 0, '33:29 vs Gen 15:1': 2, '33:28 vs Num 23:9': 0, '33:28 vs Gen 27:28': 1, '33:26 vs 4:35': 1, '33:29 vs 32:13': 1, '33:19 vs Ps 4:6': 2, '33:4 vs 31:9': 1, '33:16 vs Exod 3:2': 0, '33:27 vs 7:2': 0, '33:23 vs Gen 49:21': 1, '33:20 vs Gen 49:19': 1, '33:18 vs Gen 49:13': 1, '33:10 vs 21:5': 0, '33:10 vs 17:8': 0, '33:8 vs Exod 28:30': 1, '33:8 vs 6:16': 1, '33:12 vs 12:5': 1, '33:21 vs 15:7': 2, '33:24 vs 8:8': 0, '33:25 vs 8:9': 1, '33:27 vs Exod 24:5': 0, '33:27 vs Exod 24:11': 0}
THE CALLEES' FACTS (printed before they are asserted — 117):
  FACT SC_DEATH = {'the_command': 'Deut 32:50 — die in the mount and be gathered (a STATUS on moses)', 'the_event': "Deut 34:5 — the tape's event AHEAD (sitting 22's)",
  FACT SC_RB = [{'verses': 'Deut 32:1', 'told': 'give ear, O heavens, and I will speak; and let the earth hear the words of my mouth', 'grade': 'SUPPLIED', 'why': "S
  FACT SC_AARON = {'the_tape': 'Numbers 20:28 — garments_transferred_and_aaron_died at (40, 5, 1), aged 123 (chukat.edom_and_hor by CALL)', 'the_retelling': 'Numbers 33
  FACT SC_NEBO = "die in the mount where you go up, and be gathered to your people (32:50) — the death commanded, the death itself 34:5's event ahead (the three gifts'
  FACT SC_TABLE = 'the readback table (32:1-52) — 52 rows one per verse, SHORTENED 8, SUPPLIED 16, VARIANT 5, VERBATIM 23; every row graded against its kin'
  FACT CR_SONG = "when they eat and are sated and grow fat and turn (31:20) — satiety before rebellion, 8:12-14's kin (good_land — the growth's list (8:12-13) — ), the
  FACT CR_SPOKE = "Moses spoke the words of this song in the ears of all the assembly, to their end (31:30) — the song's frame opened, 32:44's closing frame ahead with 
  FACT CR_AHEAD = {'the_text': "Deut 32:1-43 — sitting 20's reading and its compile", 'the_closing_frame': "Deut 32:44 — 'and Moses came and spoke all the words of this
  FACT CR_DEATH = "THE SEVENTH OF ADAR OF THE FORTIETH YEAR — the year the ink's (Exodus 7:7's eighty at the exodus + the forty years = the hundred and twentieth), the 
  FACT CR_GIFTS = "THREE GIFTS BY THREE MERITS — the well by Miriam's, the pillar of cloud by Aaron's, the manna by Moses': Miriam died, the well ceased and returned by
  FACT GR_GRAVE = 'reubens_nebo_gads_field'
  FACT GR_EAST = 'by_moses_word_not_by_lot_held_before_assignment'
  FACT GR_CEASED = (40, 5, 15)
  FACT GR_DOUBLED = "the doubled condition — R. Meir: every condition not doubled like Gad and Reuben's is none; R. Chanina ben Gamliel: the doubling was needed there for
  FACT GR_CHARGE = "our little ones, our wives, our cattle and all our beasts (32:26) — Moses' order held; the retellings 'your wives, your little ones, your cattle' (De
  FACT JO_SEVENTY = 70
  FACT JO_SIXTY_SIX = 66
  FACT JO_KEYS = []
  FACT FA_FIRSTBORN = ['Gen 49:3', 'Deut 21:17']
  FACT FA_COUCH = 5
  FACT FA_ALIGN = (20, 9)
  FACT CK_SENT = "barred from the land — Moses and Aaron; Aaron's closed at 20:28, Moses' at Deut 34 (20:12)"
  FACT CK_SEATS = 'Meribah at 6 seats — Exod 17:7 the first, Num 20:13 the second (computed)'
  FACT CK_KISS = 'Miriam too by the kiss — "there" / "there" with Deut 34:5 (Bava Batra 17a)'
  FACT CK_DATES = 'Aaron (40, 5, 1) by the ink, aged 123; Miriam the tenth of Nisan by the shelf; Moses the seventh of Adar (33:38-39; Seder Olam 10:2)'
  FACT CK_SUCC = 'the garments to Eleazar and the office with them — Exod 29:29-30 run at Mount Hor (20:26-28)'
  FACT ES_SINAI = True
  FACT ES_TREASURE = 4
  FACT ES_TRIALS = 6
  FACT ES_BIRTH = (12, 7)
  FACT ER_CALF = 4
  FACT ER_MIL = 'students_travel_a_fortiori'
  FACT ST_THERE = "there Aaron died (10:6) — the tape's garments_transferred_and_aaron_died (Num 20:28, date (40, 5, 1), age 123 — CK.edom_and_hor by CALL) by kind: the
  FACT ST_BURIED = "and he was buried there (10:6) — the Torah's one seat; Numbers 20:28-29 and 33:38-39 tell the death, the mourning and the age, never the burial: the 
  FACT ST_WALK = "walk after His attributes (Sotah 14a:3-4) — 'after the LORD you shall walk' resolved as clothing the naked, visiting the sick, comforting mourners, B
  FACT ST_PLACE = {'name': 'the place of the death', 'verses': 'Deut 10:6; Num 20:22-29, 33:30-39', 'the_tape': "Mount Hor — journeyed_to_mount_hor (Num 20:22, M['hor_a
  FACT IS_INCENSE = [1, 1, 1, 2]
  FACT IS_SHEKEL = ['Exod 30:12']
  FACT IS_RANSOM = ['Deut 21:8', 'Exod 21:30', 'Exod 29:33', 'Exod 30:12', 'Num 35:31', 'Num 35:32']
  FACT BK_MOST_HIGH = "'knows the knowledge of the Most High' = fixes the moment of God's anger (one 58,888th of an hour) — Berakhot 7a; Avodah Zarah 4b"
  FACT BK_STAR = 'r_akiva_bar_koziba'
  FACT OS_MTN = "the mountain of Abarim (27:12) — Nebo and Pisgah its other names (34:1 one mountain): Deuteronomy 3:27's Pisgah the retelling of this command, READ B
  FACT OS_DEBIT = 'the debit (27:12) — see the land from Abarim: commanded on Moses, OPEN to Deuteronomy 34:1-4; 3:27 reads it back with Pisgah'
  FACT OS_HAND = "the hand laid (27:18, 23) — one hand commanded, two laid (the Sifrei 141): invested_office on Joshua, the ordination's form"
  FACT OS_HONOR = 'of your honor (27:20) — not all of it: the sun and the moon (Bava Batra 75a:8) — DATA'
  FACT OS_ROUTE = "the route (2:8) — Elath and Ezion-geber, the way of Moab's wilderness: the itinerary's stations by CALL; 21:4's Red Sea way the same road"
  FACT OS_FRAME = {'words_of_1_1': 22, 'places': ['the wilderness', 'the Arabah', 'Suph', 'Paran', 'Tophel', 'Laban', 'Hazeroth', 'Di-zahab']}
  FACT RW_ONE = "one witness for any iniquity (19:15) — the general rule from the particular (I3): in capital cases, money, offerings and lashes one witness stands no
  FACT RW_SAYING = {'onkelos': "'the priests shall say' — the subjectless verb given its speaker", 'the_holy_spirit': "'and the blood shall be atoned' — announced, not s
  FACT CP_GRADES = "the distinguished judge and the three grades (17:8) — 'too hard' the court's distinguished one; counsel, law, verdict (the Sifrei 152:1-4; opening_sp
  FACT CP_YAVNEH = "the court at Yavneh and the priests (17:9-10) — Yavneh included by 'come', its death withheld; the priests a duty not a condition (the Sifrei 153:1-3
  FACT CP_JUDGE = "the judge of those days (17:9) — a judge fit and established in your days, the details of judgment his answer (the Sifrei 153:4-5): the litigant who 
  FACT FJ_TIMES = "the three times (16:16) — all the males appear three times at the place (the Sifrei 143:1-2; calendar.pilgrimage('able_male') owes the three appearin
  FACT FJ_WHO = "who appears (16:16) — all obligated except the twelve exempt, the minor by the father's shoulders (Shammai) or hand (Hillel) — Mishnah Chagigah 1:1 r
  FACT FJ_INTERCAL = {'the_rows': {'position': 'after_month_12', 'length': 30}, 'the_threshold': 16, 'the_grounds': ['spring_grain', 'tree_fruit', 'season'], 'exercised_by
  FACT GL_GROWTH = "the growth's list (8:12-13) — 6:10-11's gift made the growth (HI by CALL — the readback row VARIANT): houses built, herds and flocks, silver and gold
  FACT GL_SPECIES = {'the_one_verse': ['Deut 8:8'], 'three_or_more': [('Deut 8:8', 7), ('Hab 3:17', 3), ('Hag 2:19', 4), ('Jer 41:8', 3), ('Joel 1:12', 3), ('Num 20:5', 3
  FACT GL_R = []
  FACT BC_DRINKS = "drinks by the rain of heaven (11:11) — the one seat; THE SOURCE OF RAIN A DISPUTE on the shelf (R. Eliezer the ocean sweetened in the clouds; R. Yeho
  FACT BC_RAIN = {'mention_from': "the last festival day of Sukkot — the eighth day of assembly (R. Yehoshua; Mishnah Ta'anit 1:1-2 through Ta'anit 2a:1-3; R. Eliezer 
  FACT RL_NEEDY = {'the_blessings_arm': "'there shall be no needy among you' when you do His will (114:1)", 'the_default': "'the needy shall never cease' when you do no
  FACT RL_LEND = {'28_12_the_twin': "'lend' for 'pledge' — 6 in order", '28_44_the_reversal': True, 'the_runs_case': 'Judges 1:7 Adoni-bezek'}
  FACT RL_BLESS = {'only_in_the_land': '114:2', 'the_conquest_first': "114:3 — 25:19's clause"}
  FACT RL_HAND = "the needy's ranks (15:7) — 'among you', 'one of your brothers', 'one of your gates', 'in your land': not others, the hungrier, the father's brother, 
  FACT PP_RB = 'the readback table (22:1-25:19) — 96 rows one per verse, EXPANDED 26, SHORTENED 1, SUPPLIED 39, TURNED 8, VARIANT 20, VERBATIM 2; every row graded ag
  FACT PP_OLIVES = "the named tree not forgotten; the olive of two seahs; R. Meir's beating-rod"
  FACT BM_TOTAL = '603550 = the twelve summed'
  FACT BM_HOUSES = '7500 + 8600 + 6200 = 22300'
  FACT BM_AARON = True
  FACT NS_COND = 'six: lain with, hidden, secreted, defiled, no witness, not seized'
  FACT NS_FACE = 'when_they_do_his_will'
  FACT KO_DONKEY = 'exempt — a priest or a Levite (the son and the donkey)'
  FACT KO_24 = '24 — twelve in the sanctuary, twelve in the borders (Sifrei 119:1-2; Chullin 133b; Bava Kamma 110b); a generalization, a detail and a covenant of sal
  FACT KO_TITHE = 'levite'
  FACT VE_NAME = ('חשן משפט', 'חשן המשפט')
  FACT VE_SHOULDERS = 2
  FACT PR_ADDR = {'sons_of_aaron': 'bound', 'daughters_of_aaron': 'free', 'chalalim': 'excluded', 'blemished_and_minors': 'included'}
  FACT PR_AGE = {'minor': 'unfit_even_whole', 'valid_from': 'two_hairs', 'admitted_at': 'twenty'}
  FACT ZE_PLEA = "no son and no son's line — the daughters claim; a son's daughter would have barred them"
  FACT ZE_COUNSEL = 'the counsel — the mercies of the Place are on males and females alike'
  FACT ZE_REACH = 'this_generation'
  FACT S2_COUNTS = "twelve at both seats, the parser's"
  FACT S2_LOT = 'the place by lot — Joshua 14-19 the run'
  FACT S2_13 = 'twelve_now_thirteen_to_come'
  FACT BR_LAND = "the land of Canaan (34:2) read as a title claim (Sanhedrin 91a:6) — the tape's answer canaan's status since Genesis 9:25"
  FACT BR_SIDES = OrderedDict({'south': {'verses': [3, 4, 5], 'points': [(3, 'צן', '6790', ['Deut 32:51', 'Josh 15:1', 'Josh 15:3', 'Num 13:21', 'Num 20:1', 'Num 27:14'
  FACT PN_TRIBES = "in one of your tribes (12:14) — [1] the chapter's one number verse against 12:5's 'from all your tribes': the ground from one tribe, the money from a
  FACT PN_NAME = "the Name pronounced only there (12:5) — the priestly blessing's Name as written in the Temple, by its substitute in the provinces (Mishnah Sotah 7:6;
  FACT PN_ENTRY = ['a king (17:14-15)', 'Amalek cut off (25:17-19)', 'the chosen House (12:10-11)']
  FACT OH_KNOW = "know this day (4:39) — the creed's second seat: Rahab's and Solomon's words outside the Torah; the seventh son's (Gittin 57b)"
  FACT OH_FORM = "no form seen (4:15) — the guard's reason: the voice without a form (4:12 read back)"
  FACT OH_CREED = ['Deut 4:35', 'Deut 4:39']
  FACT OH_CHAIN = {'this_chapter': 'Deut 4:26', 'the_chain': ['Deut 4:26', 'Deut 30:19', 'Deut 31:28', 'Deut 32:1']}
  FACT OH_FRAME = {'deut_4_44_45': 'the_second_speech_s_head', 'write': None}
  FACT SN_CHOSE = "chose you (7:6-7) — the choice of the people after 4:37's choice of the fathers' seed (OH by CALL); 'set his love' the captive's and Shechem's word"
  FACT SN_FEW = "the fewest (7:7) — 'not because you were more': the humblest, on the shelf (Chullin 89a); Onkelos 'the smallest': a DATA row, no write"
  FACT HI_HEAR = "hear, O Israel (6:4) — the creed's call: Jacob's sons' answer the first saying (Pesachim 56a); the four seats all this book's"
  FACT HI_ONE = "the LORD is one (6:4) — the two seats of the pair (6:4, Zechariah 14:9); the numeral the parser's [1]; the large letters a parked hypothesis"
  FACT HI_TERMS = {'heart': 'with both inclinations — the good and the evil', 'soul': 'even if he takes your soul', 'might': 'with all your money; whatever measure he m
  FACT MD_SUK = None
  FACT MD_RH = None
  FACT OF_PLACE = 'anywhere_courtyard'
  FACT OF_FAT = None
  FACT FE_EAGLE = "a nation from the end of the earth as the eagle flies (28:49-50) — the eagle's three seats in the book; a tongue not understood: THE WRITE eagle_nati
  FACT FE_MEASURE = 'the corner, the first fruits, the appearing, the acts of kindness and the study of Torah — the five things without measure'
  FACT FE_SIX = {'28:63': "the parser's [6] is the verb 'rejoiced' — the numeral's consonants; the Aramaic 'rejoiced' settles it; 30:9's twin ahead"}
  FACT FE_FIRST = "when you come into the land and dwell in it (26:1) — the first fruits' duty after the possession and the settling (the Sifrei 297:1-3; the entry's th
  FACT SH_NAME = 'Hoshea to Joshua at 13:16 — the new name at 8 seats before it, the old at Deut 32:44 (the same man)'
  FACT JR_DATE = "Aaron died on (40, 5, 1) (33:38) — the tape's marker at 20:28, built from this verse; the ordinal reader's year and month"
  FACT JR_NOWRITE = "no write for 33:38-40 — the death and the hearing are the tape's 20:28 and 21:1 lines, checkpointed, not rewritten"
  FACT MI_KINGS = "five kings — Evi, Rekem, Zur, Hur, Reba (31:8; the parser's [5]); Joshua 13:21 retells them as the princes of Sihon: a RUN_CITATION; one party on the
  FACT MI_BALAAM = "Balaam killed with the sword (31:8) — come for his wages (Sanhedrin 106a:16); the four court modes recorded (106b:1) — BK's row by CALL"
  FACT MI_LINEAGE = 'joseph_and_jethro_both'
  FACT MA_THREE = 3
  FACT MA_LOT = 'abrahams_house'
  FACT PS_SEVEN = {'commanded': 'courts', 'the_LORD': 'blasphemy', 'God': 'idolatry', 'on_the_man': 'bloodshed', 'saying': 'unions', 'of_every_tree': 'not_robbery', 'su
  FACT PS_LIST = ['courts', 'blasphemy', 'idolatry', 'unions', 'bloodshed', 'robbery', 'limb_from_the_living']
THE EXAM ROWS (printed before they are asserted — the lean exam file's cases): 15 ['Avot 1:1', 'Avot 3:6', 'Avot 5:6', 'Bava Kamma 4:3', 'Berakhot 4:3', 'Eduyot 8:6', 'Keritot 2:1', 'Menachot 8:3', 'Rosh Hashanah 2:8', 'Rosh Hashanah 2:9', 'Sanhedrin 10:1', 'Shekalim 1:1', 'Sotah 7:5', 'Avodah Zarah 9:4', 'Eduyot 1:1']
THE NARRATIVE (printed before it is asserted): (28, 0, 12, (12, 7), 0, 0, 0, 0, [(12, 7)]) {'israel_people': ['blessing_given_before_moses_death', 'the_lord_came_from_sinai_seir_paran_declared', 'fiery_law_from_his_right_hand_declared', 'lover_of_the_peoples_holy_ones_in_his_hand_declared', 'law_commanded_the_inheritance_of_jacob_declared', 'king_in_jeshurun_when_the_heads_gathered_declared', 'none_like_the_god_of_jeshurun_rider_of_the_heaven_declared', 'eternal_god_dwelling_everlasting_arms_enemy_driven_out_declared', 'israel_dwells_in_safety_alone_fountain_of_jacob_declared', 'happy_are_you_israel_shield_and_sword_high_places_trodden_declared'], 'reuben': ['reuben_to_live_and_not_die_blessed'], 'judah': ['judahs_voice_heard_brought_to_his_people_blessed'], 'levi': ['levi_thummim_and_urim_proved_at_massah_blessed', 'levi_father_and_mother_unseen_covenant_kept', 'levi_teaches_jacob_incense_and_whole_offering', 'levi_substance_blessed_loins_of_his_foes_smitten'], 'benjamin': ['benjamin_beloved_dwells_in_safety_between_his_shoulders_blessed'], 'joseph': ['joseph_land_blessed_with_the_precious_things', 'joseph_the_bush_dweller_favor_on_the_crown_separate_from_his_brethren', 'joseph_firstling_ox_horns_ephraim_myriads_manasseh_thousands'], 'zebulun': ['zebulun_going_out_issachar_in_tents_blessed'], 'issachar': ['peoples_called_to_the_mountain_sacrifices_of_righteousness'], 'gad': ['gad_enlarged_lioness_first_part_lawgivers_portion_blessed', 'gad_came_with_the_heads_righteousness_of_the_lord_executed'], 'dan_son': ['dan_lions_whelp_leaps_from_bashan_blessed'], 'naphtali': ['naphtali_sated_with_favor_sea_and_south_blessed'], 'asher': ['asher_blessed_above_sons_foot_dipped_in_oil', 'iron_and_brass_bars_strength_as_your_days_blessed']} []

PASS  [MOVE]  Deut 33:1-2; THE LINE moses_blessed_israel_before_his_death (an ACT — the frame); THE WRITE blessing_given_before_moses_death; obey_horeb, song_charge_nebo, family by CALL; MISHNAH BERAKHOT 4:3 — the exam row — and_this_is_the_blessing_which_moses_the_man_of_god_blessed_the_children_of_israel_before_his_death
        ->  blessing_given_before_moses_death [status]  the blessing given before Moses' death — the STATUS the line moses_blessed_israel_before_his_death writes on Israel: 'AND THIS IS THE BLESSING WHICH MOSES THE MAN OF GOD BLESSED THE CHILDREN OF ISRAEL BEFORE HIS DEATH' (33:1) — 4:44's frame five in order; 'the man of God' once in the Torah (Onkelos the prophet of the LORD; Joshua 14:6 and Psalm 90:1 the Prophets' and the Writings' seats cited never read); 'before his death' Isaac's and Jacob's words (Genesis 27:10, 50:16 — family and joseph by reference); 342:1 THE HARD WORDS FIRST, 342:2-7 the blessing after the rebuke (the three parts of the blessing a DATA row); at Moses' last day (40, 12, 7), no marker — the death 34:5 AHEAD (song_charge_nebo's DATA moses_death_ahead by CALL); Berakhot 4:3 the eighteen blessings the case at 343:3
PASS  [MOVE]  Deut 33:1-2; THE WRITE the_lord_came_from_sinai_seir_paran_declared; exodus_story, pre_sinai, firstfruits_ebal_curses, opening_speech by CALL; TOSEFTA AVODAH ZARAH 9:4 and MISHNAH SOTAH 7:5 — the exam rows — the_lord_came_from_sinai_and_rose_from_seir_unto_them_he_shone_from_mount_paran
        ->  the_lord_came_from_sinai_seir_paran_declared [status]  the LORD came from Sinai, Seir and Paran declared — the STATUS the line moses_blessed_israel_before_his_death writes on Israel: 'and he said: THE LORD CAME FROM SINAI, AND ROSE FROM SEIR UNTO THEM; HE SHONE FROM MOUNT PARAN' (33:2) — Onkelos 'revealed from Sinai, the splendor of His glory appeared from Seir, revealed in His might from Mount Paran'; 343:1-7 THE THREE PARTS OF A PRAYER and THE TORAH OFFERED TO THE NATIONS AND REFUSED (Esau's sons for 'you shall not murder', Ammon and Moab for 'you shall not commit adultery', Ishmael's for 'you shall not steal' — Tosefta Avodah Zarah 9:4 the seven commandments the case; pre_sinai's noahide by CALL); Sinai the tape's descended_on_the_mountain (exodus_story by CALL — a RUN CITATION); Seir and Paran the tape's stations (opening_speech by reference); Sotah 7:5 the Torah on Ebal's stones in seventy tongues the case at 343:5 (firstfruits_ebal_curses by CALL); Habakkuk 3:3 the Prophets' twin cited never read
PASS  [MOVE]  Deut 33:1-2; THE WRITE fiery_law_from_his_right_hand_declared; the ketiv and the qere; exodus_story by CALL; Tosefta Chagigah 2:6 owed — he_came_from_the_myriads_of_holy_ones_at_his_right_hand_a_fiery_law_unto_them
        ->  fiery_law_from_his_right_hand_declared [status]  the fiery law from His right hand declared — the STATUS the line moses_blessed_israel_before_his_death writes on Israel: 'He came from the myriads of holy ones; AT HIS RIGHT HAND A FIERY LAW UNTO THEM' (33:2) — THE KETIV AND THE QERE: the fiery law written as one word and read as two, both tokens in the store, the display patched by reference at the reading's tail; the ketiv Ashdoth's word (3:17, 4:49) a homograph for the word scans, FALSE by the spine's reading; Onkelos 'the writing of His right hand from the midst of fire, the Torah He gave us'; 343:9-15 the four directions and the four winds (314:1's eagle's four winds the outside row — ONKELOS AND THE SIFREI ONE TEACHING); Tosefta Chagigah 2:6 the translator's parallel OWED; Exodus 20:19 on the tape a RUN CITATION
PASS  [MOVE]  Deut 33:3-5; THE LINE blessing_prologue_law_and_king_declared; THE WRITE lover_of_the_peoples_holy_ones_in_his_hand_declared; seven_nations by CALL; MISHNAH BAVA KAMMA 4:3 — the exam row — he_loves_the_peoples_all_his_holy_ones_are_in_your_hand_they_sat_down_at_your_feet_receiving_of_your_words
        ->  lover_of_the_peoples_holy_ones_in_his_hand_declared [status]  the lover of the peoples, His holy ones in His hand declared — the STATUS the line blessing_prologue_law_and_king_declared writes on Israel: 'yea, HE LOVES THE PEOPLES, ALL HIS HOLY ONES ARE IN YOUR HAND; and they sat down at Your feet, receiving of Your words' (33:3) — Onkelos 'He loved the tribes, brought them out of Egypt with might, led under Your cloud, journeying by Your Memra' (the peoples THE TRIBES); 344:1-7 the love of Israel; MISHNAH BAVA KAMMA 4:3 THE CASE at 344:4 — the ox of an Israelite that gored a gentile's exempt, a gentile's that gored an Israelite's the full damage (the property rule the Sifrei sets beside the nations' refusal; Exodus 21:35-36 compiled — the goring rows by reference; the parameter the_goring_ox_of_a_gentile); 'they sat at Your feet' the store's 'strew' patched
PASS  [MOVE]  Deut 33:3-5; THE WRITE law_commanded_the_inheritance_of_jacob_declared; THE DATA ROW the_two_torahs; covenant_return_charge, zelophehad by CALL; MISHNAH AVOT 1:1 and TOSEFTA EDUYOT 1:1 — the exam rows — moses_commanded_us_a_law_the_inheritance_of_the_congregation_of_jacob
        ->  law_commanded_the_inheritance_of_jacob_declared [status]  the law commanded, the inheritance of Jacob declared — the STATUS the line blessing_prologue_law_and_king_declared writes on Israel: 'MOSES COMMANDED US A LAW, AN INHERITANCE OF THE CONGREGATION OF JACOB' (33:4) — once in the Bible, the Torah in the third person inside Moses' blessing; 345:1-3 the Torah the inheritance of all, not of the priests alone (48:9 the outside row reread — all equal in the Torah); Onkelos 'the Torah Moses handed over to us, an inheritance' — THE HANDING-OVER: MISHNAH AVOT 1:1 THE CASE (Moses received and handed to Joshua, Joshua to the elders, the elders to the prophets, the prophets to the men of the Great Assembly — the parameter the_chain_of_transmission; the commission entries on yehoshua's ledger RUN CITATIONS by CALL to zelophehad, covenant_return_charge and opening_speech); 351:2's TWO TORAHS the compile's own frame; TOSEFTA EDUYOT 1:1 THE CASE at 48:9 — the sages at Yavneh, Hillel and Shammai on the dough's portion (the parameter the_challah_measure); torah_through_moses 1 and oral_law_unwritten 3 UNMOVED
PASS  [MOVE]  Deut 33:3-5; THE WRITE king_in_jeshurun_when_the_heads_gathered_declared; THE POINTER ROW 33:5 (20b's owed row paid); song_charge_nebo, hear_o_israel by CALL; MISHNAH AVOT 3:6 — the exam row — there_was_a_king_in_jeshurun_when_the_heads_of_the_people_gathered_the_tribes_of_israel_together
        ->  king_in_jeshurun_when_the_heads_gathered_declared [status]  the king in Jeshurun when the heads gathered declared — the STATUS the line blessing_prologue_law_and_king_declared writes on Israel: 'AND THERE WAS A KING IN JESHURUN, when the heads of the people were gathered, the tribes of Israel together' (33:5) — the narrative form; the king Moses or the LORD (346:1's two readings a DATA note); 'Jeshurun' Onkelos ISRAEL (32:15's rule, the third of three seats); 346:2 THE SHEKHINAH AMONG TEN — MISHNAH AVOT 3:6 THE CASE (the parameter the_shekhinah_among_ten): the reread row, 20b's pointer at 32:3 PAID HERE — the readback's POINTER ROW 33:5, grade R; 'the heads of the people' 33:5 and 33:21 alone in the Torah (Ezra 4:3 the Writings' seat cited never read); hear_o_israel's creed by reference
PASS  [MOVE]  Deut 33:6-7; THE LINE blessing_reuben_and_judah_declared; THE WRITE reuben_to_live_and_not_die_blessed on reuben; family, bamidbar, second_census by CALL; MISHNAH SANHEDRIN 10:1 — the exam row — let_reuben_live_and_not_die_and_let_his_men_be_a_number
        ->  reuben_to_live_and_not_die_blessed [status]  Reuben to live and not die blessed — the STATUS the line blessing_reuben_and_judah_declared writes on Reuben (the son's own ledger — Genesis 49:4's demoted the entry before it): 'LET REUBEN LIVE, AND NOT DIE, and let his men be a number' (33:6) — the three jussives (the morph codes read); Onkelos 'let Reuben live in eternal life and not die the second death, and let his sons receive their inheritance by their number' — THE WORLD TO COME, the fourth seat of the world in the book; 347:1-5 Reuben's repentance at Bilhah (Genesis 35:22 on the tape — concubine_lain_with and demoted the ledger's own entries), 31:6 the outside row reread (the repentance told at chapter 6), 329:3 reread (death and life in one at 32:39); MISHNAH SANHEDRIN 10:1 THE CASE at 347:2 — all Israel has a share in the world to come, the deniers of the resurrection from the Torah excepted (the parameter the_world_to_come_share; Sanhedrin 91b-92a and Shabbat 55 OWED; no_share_in_the_world_to_come 3 UNMOVED); 'a number' Reuben's count — counted 22 on the world (bamidbar and second_census by reference), the parser silent on the noun
PASS  [MOVE]  Deut 33:6-7; THE WRITE judahs_voice_heard_brought_to_his_people_blessed on judah; THE DATA ROW simeon_under_judah; family, erection, balak, midian by CALL — hear_lord_the_voice_of_judah_and_bring_him_to_his_people
        ->  judahs_voice_heard_brought_to_his_people_blessed [status]  Judah's voice heard and Judah brought to his people blessed — the STATUS the line blessing_reuben_and_judah_declared writes on Judah (the son's own ledger — Genesis 49:10's scepter_held the entry before it): 'and this for Judah, and he said: HEAR, LORD, THE VOICE OF JUDAH, AND BRING HIM IN UNTO HIS PEOPLE; his hands shall contend for him, and You shall be a help against his adversaries' (33:7) — the frame's second 'and he said' with the Name its object; Onkelos 'receive the prayer of Judah when he goes out to war, and bring him back to his people in peace'; 348:1-9 JUDAH'S CONFESSION AT TAMAR the cause of Reuben's (Genesis 38:26 on the tape), Moses' prayer for Judah, FOR SIMEON — the tribe named nowhere in the chapter, prayed for under Judah's verse (348:5-7; 349:1's reason: Simeon and Levi's one cup at Shechem, Levi repaid at the calf and lent at Shittim, Simeon borrowed again at Zimri — erection, balak and midian by CALL: the DATA row simeon_under_judah, NO WRITE on simeon), for David and the kings of his house by the four clauses; the tribes' bones brought up from Egypt (R. Yehuda and R. Meir a dispute); 348:9's marker misprinted, the row seated by its words; 'contend' the store's 'many/great' patched
PASS  [DATA]  Deut 33:6-7; the clause's close — David's house (348:7-9); no write — his_hands_shall_contend_for_him_and_you_shall_be_a_help_against_his_adversaries
        ->  accepted           [heaven]  accepted for him — the offering's acceptance state
PASS  [MOVE]  Deut 33:8-11; THE LINE blessing_levi_declared; THE WRITE levi_thummim_and_urim_proved_at_massah_blessed on levi; vestments, exodus_story, chukat, hear_o_israel by CALL — your_thummim_and_your_urim_be_with_your_pious_man_whom_you_proved_at_massah_and_strove_with_at_the_waters_of_meribah
        ->  levi_thummim_and_urim_proved_at_massah_blessed [status]  Levi's Thummim and Urim, proved at Massah, blessed — the STATUS the line blessing_levi_declared writes on Levi (the son's own ledger): 'YOUR THUMMIM AND YOUR URIM BE WITH YOUR PIOUS MAN, whom You proved at Massah, with whom You strove at the waters of Meribah' (33:8) — ONCE in this order, the Thummim before the Urim (Exodus 28:30's breastplate of judgment — vestments by reference, the Urim's one Torah seat of wearing); Onkelos 'clothed with the Thummim and the Urim, tried at the trial and whole in his testing at the waters of strife, found faithful'; 349:1-5 the Urim's wearer, the pious man of the gifts, whole in the trials, the false charge at Meribah; MASSAH AND MERIBAH RUN CITATIONS — Exodus 17:7 and Numbers 20:13 the tape's own entries (exodus_story.trials, chukat.meribah by CALL — six Meribah seats, 33:8 among them; barred_from_the_land 2 on Moses and Aaron UNMOVED); 6:16's 'at Massah' the kin inside the book (hear_o_israel by reference)
PASS  [MOVE]  Deut 33:8-11; THE WRITE levi_father_and_mother_unseen_covenant_kept on levi; the calf's sword a RUN CITATION; erection, priesthood, shelach by CALL — who_said_of_his_father_and_his_mother_i_have_not_seen_him_nor_acknowledged_his_brethren_nor_knew_his_sons_for_they_kept_your_word_and_observed_your_covenant
        ->  levi_father_and_mother_unseen_covenant_kept [status]  Levi's father and mother unseen, the covenant kept — the STATUS the line blessing_levi_declared writes on Levi (the son's own ledger): 'WHO SAID OF HIS FATHER AND OF HIS MOTHER: I HAVE NOT SEEN HIM; neither did he acknowledge his brethren, nor knew he his own children; for they have observed Your word and keep Your covenant' (33:9) — THE CALF'S SWORD, Exodus 32:26-29 on the tape (erection.calf by CALL; slain_by_sword 2 on the three thousand a RUN CITATION); 350:1-3 the unseen father the Israelite mother's father — the sword on the maternal kin; the word kept in Egypt, the covenant in the desert or at the spies; Onkelos 'had no mercy on his father and mother when they sinned from the judgment, kept the watch of Your Memra'; THE KETIV AND THE QERE — 'his son' written, 'his sons' read, both tokens in the store, patched by reference at the reading's tail; Leviticus 21:11's high priest 'to his father and to his mother' one phrase (priesthood by reference)
PASS  [MOVE]  Deut 33:8-11; THE WRITE levi_teaches_jacob_incense_and_whole_offering on levi; THE DATA ROW the_two_torahs; refuge_war_family, courts_prophet, incense_shekel, offerings by CALL — they_shall_teach_jacob_your_ordinances_and_israel_your_law_they_shall_put_incense_in_your_nostrils_and_whole_offering_on_your_altar
        ->  levi_teaches_jacob_incense_and_whole_offering [status]  Levi teaches Jacob, the incense and the whole offering — the STATUS the line blessing_levi_declared writes on Levi (the son's own ledger): 'THEY SHALL TEACH JACOB YOUR ORDINANCES, AND ISRAEL YOUR LAW; they shall put incense before You, and whole burnt offering upon Your altar' (33:10) — 351:1 EVERY RULING FROM THE LEVITES' MOUTH (21:5 by CALL to refuge_war_family; 17:8-11 to courts_prophet's high court — the priests a duty not a condition; the three controversies and the three plagues); 351:2 THE TWO TORAHS, oral and written, and Agnitus's question (the DATA row the_two_torahs; oral_law_unwritten 3 UNMOVED); 351:3-4 the incense within and the priest's meal offering or the burnt offering's limbs (incense_shekel's incense — incense_continual 2 on the golden altar; offerings by CALL); 'whole offering' the word's one seat in the book, the store's 'and-complete' patched; Onkelos 'the incense of spices, the offering of his hands'
PASS  [MOVE]  Deut 33:8-11; THE WRITE levi_substance_blessed_loins_of_his_foes_smitten on levi; korach, incense_shekel by CALL; MISHNAH SHEKALIM 1:1 — the exam row — bless_lord_his_substance_and_accept_the_work_of_his_hands_smite_the_loins_of_those_who_rise_against_him_that_they_rise_not_again
        ->  levi_substance_blessed_loins_of_his_foes_smitten [status]  Levi's substance blessed, the loins of his foes smitten — the STATUS the line blessing_levi_declared writes on Levi (the son's own ledger — Genesis 49:7's scattered_in_israel the entry before, the scattering turned to teaching): 'BLESS, LORD, HIS SUBSTANCE, and accept the work of his hands; smite through the loins of those who rise up against him, and of those who hate him, that they rise not again' (33:11) — the imperatives bless and smite (the chapter's second and third); 352:1-4 the priests rich, Israel made acceptable, KORAH AND UZZIAH the risers (korach by CALL — the earth opened, put_to_death on korach the tape's entry; Uzziah's leprosy the Writings' seat cited never read); the Levites' portion the tape's (levites_portion_given 1, inheritance_barred 2, priestly_dues_granted 1 UNMOVED — korach.the_gifts by CALL); MISHNAH SHEKALIM 1:1 THE CASE at 352:14 — the first of Adar's proclamation of the shekels and the mixed kinds, the fifteenth's graves marked (the parameter the_first_of_adar_proclamations; incense_shekel's shekel by CALL)
PASS  [MOVE]  Deut 33:12; THE LINE blessing_benjamin_declared; THE WRITE benjamin_beloved_dwells_in_safety_between_his_shoulders_blessed on benjamin; THE PARAMETER the_sanctuarys_tribe OPEN; place_name, courts_prophet by CALL; MISHNAH EDUYOT 8:6 — the exam row — the_beloved_of_the_lord_shall_dwell_in_safety_by_him
        ->  benjamin_beloved_dwells_in_safety_between_his_shoulders_blessed [status]  Benjamin the beloved dwells in safety between His shoulders blessed — the STATUS the line blessing_benjamin_declared writes on Benjamin (the son's own ledger — benjamin_withheld, five_hands, cup_found the tape's entries; Genesis 49:27's wolf shares no word): 'Of Benjamin he said: THE BELOVED OF THE LORD SHALL DWELL IN SAFETY BY HIM; He covers him all the day, and He dwells between his shoulders' (33:12) — 'the beloved of the LORD' once in the Bible; Onkelos 'in his land THE SHEKHINAH SHALL DWELL' (the sanctuary in Benjamin's portion — ONKELOS AND THE SIFREI ONE TEACHING); 352:5-17 THE TWELVE ROWS SEATED HERE FROM LEVI'S PISKA by the seat rule — the six called beloved, the first house, the last and the one built for the future seen by Abraham, Isaac and Jacob, 'between' as ruined or standing, the ox's shoulders and the sanctuary higher than the world with 17:8 (courts_prophet by CALL — high_court_at_the_place_commanded 1); THE SANCTUARY'S TRIBE DISPUTED at 352:10 (Rabbi and R. Meir: Benjamin with the strip into Judah and the Chamber of Hewn Stone; R. Yehuda: Judah) — an OPEN PARAMETER the_sanctuarys_tribe (place_name's in_one_of_your_tribes by CALL; Zevachim 118b OWED; presence_dwells 1 UNMOVED); Rachel's grave (grave_marked 1 — Genesis 35:20 the tape's); Jericho's fat to Jethro's sons 440 years (a DATA note); Benjamin's four merits; MISHNAH EDUYOT 8:6 THE CASE at 352:8 — they offer though there is no Temple (the parameter sacrifices_without_a_temple); Tosefta Sotah 11:11 the translator's parallel OWED; the export's English printing 33:12 as another chapter's verse, read whole by the Hebrew
PASS  [MOVE]  Deut 33:12; the twelve rows seated from Levi's piska (the seat rule by row); family, joseph, mamre by CALL; no write — he_covers_him_all_the_day_and_he_dwells_between_his_shoulders
        ->  accepted           [heaven]  accepted for him — the offering's acceptance state
PASS  [MOVE]  Deut 33:13-17; THE LINE blessing_joseph_declared; THE WRITE joseph_land_blessed_with_the_precious_things on joseph; joseph, blessing_and_curse by CALL — blessed_of_the_lord_be_his_land_for_the_precious_things_of_heaven_for_the_dew_and_for_the_deep_that_couches_beneath
        ->  joseph_land_blessed_with_the_precious_things [status]  Joseph's land blessed with the precious things — the STATUS the line blessing_joseph_declared writes on Joseph (the son's own ledger — birthright_transferred, portion_added the entries before): 'Of Joseph he said: BLESSED OF THE LORD BE HIS LAND; FOR THE PRECIOUS THINGS OF HEAVEN, FOR THE DEW, and for the deep that couches beneath, and for the precious things of the fruits of the sun, and for the precious things of the yield of the moons, and for the tops of the ancient mountains, and for the precious things of the everlasting hills' (33:13-15) — Genesis 49:25's 'the deep that couches beneath' five in order: JOSEPH'S BLESSING IS JACOB'S (joseph by CALL); 353:1-3 the land blessed above all, the dew and the springs; 33:14 shares no two tokens with any verse of the Bible (Habakkuk 3:6's everlasting hills cited never read); Onkelos 'from the beginning of month to month', 'hills that cease not'; 353:4-5 the sun and the moon, the mountains before the sanctuary's, the fathers and mothers hills; 'the precious things' Gad's letters — a homograph for the tribe scans, FALSE
PASS  [DATA]  Deut 33:13-17; the catalogue inside the line; Habakkuk 3:6 cited never read; no write — for_the_precious_things_of_the_fruits_of_the_sun_and_of_the_yield_of_the_moons_the_top_of_the_ancient_mountains_and_the_everlasting_hills
        ->  accepted           [heaven]  accepted for him — the offering's acceptance state
PASS  [MOVE]  Deut 33:13-17; THE WRITE joseph_the_bush_dweller_favor_on_the_crown_separate_from_his_brethren on joseph; the bush a RUN CITATION; the nazirite's homograph FALSE; exodus_story, naso by CALL — the_precious_things_of_the_earth_and_its_fulness_and_the_favor_of_him_that_dwelt_in_the_bush_on_the_head_of_joseph_and_on_the_crown_of_him_separate_from_his_brethren
        ->  joseph_the_bush_dweller_favor_on_the_crown_separate_from_his_brethren [status]  the bush dweller's favor on the crown of him separate from his brethren — the STATUS the line blessing_joseph_declared writes on Joseph (the son's own ledger): 'and for the precious things of the earth and the fulness thereof, AND THE GOOD WILL OF HIM THAT DWELT IN THE BUSH; LET THE BLESSING COME UPON THE HEAD OF JOSEPH, and upon the crown of the head of him that is separate from his brethren' (33:16) — Genesis 49:26's line TAKEN WHOLE by Moses, five in order; THE BUSH — Exodus 3:2-4 on the tape (exodus_story by CALL, appeared_in_the_bush the kind — a RUN CITATION); 353:6-8 the bush word for word with Onkelos ('revealed to Moses'), first to Egypt and first to return; THE NAZIRITE'S HOMOGRAPH named at 353:8 — 'separate' the crown's word, FALSE for the nazirite's law (naso by reference); the export's own variant marker inside the Aramaic row; the store's 'and-from-distinguished-thing' four times patched by gloss
PASS  [MOVE]  Deut 33:13-17; THE WRITE joseph_firstling_ox_horns_ephraim_myriads_manasseh_thousands on joseph; the crossed hands a RUN CITATION; the goring FALSE; balak, zelophehad, opening_speech, joseph by CALL — his_firstling_bullock_majesty_is_his_and_his_horns_the_horns_of_the_wild_ox_the_ten_thousands_of_ephraim_and_the_thousands_of_manasseh
        ->  joseph_firstling_ox_horns_ephraim_myriads_manasseh_thousands [status]  Joseph's firstling ox and horns, Ephraim's myriads and Manasseh's thousands — the STATUS the line blessing_joseph_declared writes on Joseph (the son's own ledger — the crossed hands on ephraim and manasseh the sons' entries): 'HIS FIRSTLING BULLOCK, MAJESTY IS HIS, AND HIS HORNS ARE THE HORNS OF THE WILD OX; with them he shall gore the peoples all of them, even the ends of the earth; and they are the ten thousands of Ephraim, and they are the thousands of Manasseh' (33:17) — Numbers 23:22 and 24:8's wild ox (balak by reference); THE GORING a homograph — the ox's strength, not the goring ox's law (FALSE); 353:9-13 Moses' majesty and Joshua's splendor by Numbers 27:20 (zelophehad and opening_speech by CALL — invested_office on yehoshua), the thirty-one kings and the villas in the land (kings_smitten 3 UNMOVED — the conquest's kings Joshua's book, cited never read), the seventy kings and the 135,000 — the shelf's numbers DATA, no number line; EPHRAIM BEFORE MANASSEH — Genesis 48:19's crossed hands on the tape (younger_set_first, adopted_as_sons — joseph by CALL, a RUN CITATION); the myriads and thousands construct plurals unread by the parser; I1 at 353:13
PASS  [MOVE]  Deut 33:18-19; THE LINE blessing_zebulun_and_issachar_declared; THE WRITE zebulun_going_out_issachar_in_tents_blessed on zebulun; festivals_judges, moadim by CALL; MISHNAH ROSH HASHANAH 2:8-9 — the exam rows — rejoice_zebulun_in_your_going_out_and_issachar_in_your_tents
        ->  zebulun_going_out_issachar_in_tents_blessed [status]  Zebulun in his going out and Issachar in his tents blessed — the STATUS the line blessing_zebulun_and_issachar_declared writes on Zebulun (the son's own ledger): 'Of Zebulun he said: REJOICE, ZEBULUN, IN YOUR GOING OUT, AND ISSACHAR, IN YOUR TENTS' (33:18) — the imperative rejoice, the chapter's fourth; Onkelos ZEBULUN TO WAR, ISSACHAR 'TO MAKE THE TIMES OF THE FESTIVALS IN JERUSALEM' — Jerusalem named by the translator, the court that fixes the months: MISHNAH ROSH HASHANAH 2:8-9 THE CASES (the new moon's witnesses accepted by Rabban Gamliel against R. Yochanan ben Nuri and R. Dosa; R. Yehoshua ordered to come with his staff on his reckoned Yom Kippur and coming — the parameter the_new_moons_witnesses; festivals_judges' DATA the_intercalation and moadim by CALL; the registry's festival_dates unmoved, no clock word); 354:1-4 one of the five before Pharaoh, the broker, Issachar's Torah and the house fit for his portion; Genesis 49:13-15 shares the names alone
PASS  [MOVE]  Deut 33:18-19; THE WRITE peoples_called_to_the_mountain_sacrifices_of_righteousness on issachar; offerings, place_name by CALL; MISHNAH KERITOT 2:1 — the exam row — they_shall_call_peoples_to_the_mountain_there_they_shall_offer_sacrifices_of_righteousness
        ->  peoples_called_to_the_mountain_sacrifices_of_righteousness [status]  the peoples called to the mountain, the sacrifices of righteousness — the STATUS the line blessing_zebulun_and_issachar_declared writes on Issachar (the pair's second ledger — Issachar named inside Zebulun's frame, his tents the Torah's, the mountain's callers the pair): 'THEY SHALL CALL PEOPLES UNTO THE MOUNTAIN; THERE SHALL THEY OFFER SACRIFICES OF RIGHTEOUSNESS; for they shall suck the abundance of the seas, and the hidden treasures of the sand' (33:19) — 'sacrifices of righteousness' Psalm 4:6 and 51:21 cited never read; Onkelos 'the mountain of the sanctuary house' where the tribes gather, 'the wealth of the peoples'; 354:5-8 the nations converted at Jerusalem — MISHNAH KERITOT 2:1 THE CASE at 354:5 (the four lacking atonement, R. Eliezer ben Yaakov's convert until the blood is sprinkled — the parameter those_lacking_atonement; the compiled purities by reference); the sea and the kingdom, the Bay of Haifa and the chilazon, the three wares of the sand and Zebulun's complaint; the store's 'and-conceal' patched
PASS  [MOVE]  Deut 33:18-19; the reason clause; borders by CALL; no write — for_they_shall_suck_the_abundance_of_the_seas_and_the_hidden_treasures_of_the_sand
        ->  accepted           [heaven]  accepted for him — the offering's acceptance state
PASS  [MOVE]  Deut 33:20-21; THE LINE blessing_gad_declared; THE WRITE gad_enlarged_lioness_first_part_lawgivers_portion_blessed on gad; gad_reuben, balak by CALL; MISHNAH MENACHOT 8:3 — the exam row — blessed_be_he_that_enlarges_gad_he_dwells_as_a_lioness_and_tears_the_arm_yea_the_crown_of_the_head
        ->  gad_enlarged_lioness_first_part_lawgivers_portion_blessed [status]  Gad enlarged, the lioness, the first part and the lawgiver's portion blessed — the STATUS the line blessing_gad_declared writes on Gad (the son's own ledger): 'Of Gad he said: BLESSED BE HE THAT ENLARGES GAD; HE DWELLS AS A LIONESS, and tears the arm, yea, the crown of the head. And he chose a first part for himself, for there a portion of a ruler was reserved' (33:20-21) — Onkelos 'slays rulers with kings'; 355:1-5 one of the five before Pharaoh, the border east (gad_reuben's the_condition and the_grant by CALL — the land east the tape's, land_possessed 6 UNMOVED), the frontier's lion, the arm past and the crown to come, first in and first to return; MISHNAH MENACHOT 8:3 THE CASE at 355:20 — Tekoa the first for oil, Regev beyond the Jordan the second (the parameter the_oil_of_tekoa); THE LAWGIVER'S PORTION IS MOSES' GRAVE — Onkelos 'for there in his inheritance MOSES THE GREAT SCRIBE OF ISRAEL IS BURIED' and 355:6 (Nebo in Reuben's by Numbers 32:38, the body borne four mil on the Shekhinah's wings, THE TWILIGHT CREATIONS with the tongs — MISHNAH AVOT 5:6 THE CASE, the parameter the_twilight_creations; Tosefta Eruvin 8:23 the translator's parallel OWED; Tosefta Sotah 4:4 found beside it on 34:6, LEFT for the death's sitting): THE POINTER 33:21 -> 34:6 FORWARD (gad_reuben's DATA moses_grave by CALL — Sotah 13b), the burial the tape's event AHEAD, never read here; 'reserved' the store's 'hide-by-covering' patched
PASS  [MOVE]  Deut 33:20-21; MOSES' GRAVE — THE POINTER 33:21 FORWARD to 34:6; THE DATA ROW moses_grave_ahead; gad_reuben, second_tablets, song_charge_nebo by CALL; MISHNAH AVOT 5:6 — the exam row; no write — he_chose_a_first_part_for_himself_for_there_a_portion_of_a_ruler_was_reserved
        ->  accepted           [heaven]  accepted for him — the offering's acceptance state
PASS  [MOVE]  Deut 33:20-21; THE WRITE gad_came_with_the_heads_righteousness_of_the_lord_executed on gad; Moses' righteousness the poor law 15:7; release_firstborn, persons_poor_court by CALL — he_came_with_the_heads_of_the_people_he_executed_the_righteousness_of_the_lord_and_his_ordinances_with_israel
        ->  gad_came_with_the_heads_righteousness_of_the_lord_executed [status]  Gad came with the heads of the people, the righteousness of the LORD executed — the STATUS the line blessing_gad_declared writes on Gad (the son's own ledger): 'AND THERE CAME THE HEADS OF THE PEOPLE, HE EXECUTED THE RIGHTEOUSNESS OF THE LORD, AND HIS ORDINANCES WITH ISRAEL' (33:21) — 355:7-10 the Torah's marks, Moses at the head of every circle, MOSES' RIGHTEOUSNESS THE POOR LAW of 15:7 (355:9 — release_firstborn by CALL: hand_opening_commanded 1 on Israel the compiled 15:7, its DATA the_needy_condition and lend_not_borrow the callee's rows), righteousness under the throne; 'the heads of the people' 33:5's phrase again (1 Chronicles 11:10 cited never read); Numbers 32:33's portion shares nothing — Onkelos alone joins them, the kin by the translator's teaching, no transfer of our own
PASS  [MOVE]  Deut 33:22-25; THE LINE blessing_dan_naphtali_asher_declared; THE WRITE dan_lions_whelp_leaps_from_bashan_blessed on dan_son; family, journeys by CALL — dan_is_a_lions_whelp_that_leaps_forth_from_bashan
        ->  dan_lions_whelp_leaps_from_bashan_blessed [status]  Dan the lion's whelp that leaps from Bashan blessed — the STATUS the line blessing_dan_naphtali_asher_declared writes on Dan (the entity dan_son — the son's own ledger): 'Of Dan he said: DAN IS A LION'S WHELP, THAT LEAPS FORTH FROM BASHAN' (33:22) — Judah's word given to Dan (Genesis 49:9 by reference); Onkelos 'drinks from the rivers that flow from Matnan' — Bashan's Aramaic name, fourteen seats; 355:11-13 the brook split in two, the sea and the fish and ships; the display's 'Daniel' for Dan found already by gloss
PASS  [MOVE]  Deut 33:22-25; THE WRITE naphtali_sated_with_favor_sea_and_south_blessed on naphtali; THE DATA ROW the_false_seven; borders by CALL — naphtali_sated_with_favor_and_full_of_the_blessing_of_the_lord_possess_the_sea_and_the_south
        ->  naphtali_sated_with_favor_sea_and_south_blessed [status]  Naphtali sated with favor, the sea and the south, blessed — the STATUS the line blessing_dan_naphtali_asher_declared writes on Naphtali (the son's own ledger): 'Of Naphtali he said: O NAPHTALI, SATISFIED WITH FAVOR, AND FULL WITH THE BLESSING OF THE LORD, possess the sea and the south' (33:23) — THE PARSER'S FALSE SEVEN: 'sated' carries seven's consonants, MARKED by the parser's own list and counted as nothing (the DATA row the_false_seven, no guard); 'sated with favor' once in the Bible; Onkelos GENNESAR for the sea; 355:14-17 Gennesar or the court of Tiberias, the lake of Sofne; the imperative possess — the chapter's fifth
PASS  [MOVE]  Deut 33:22-25; THE WRITE asher_blessed_above_sons_foot_dipped_in_oil on asher; good_land by CALL — blessed_be_asher_above_sons_let_him_be_the_favored_of_his_brethren_and_let_him_dip_his_foot_in_oil
        ->  asher_blessed_above_sons_foot_dipped_in_oil [status]  Asher blessed above sons, his foot dipped in oil — the STATUS the line blessing_dan_naphtali_asher_declared writes on Asher (the son's own ledger): 'Of Asher he said: BLESSED BE ASHER ABOVE SONS; LET HIM BE THE FAVORED OF HIS BRETHREN, and let him dip his foot in oil' (33:24) — Genesis 49:20's bread shares nothing (the ink); Onkelos 'the delicacies of kings' for the oil; 355:18-24 Asher's sons, favored by his brethren, the oil of his portion (good_land's DATA the_seven_species_seat by reference — 8:8's oil); 42:9 the outside row reread — the lands' surplus at 11:14
PASS  [MOVE]  Deut 33:22-25; THE WRITE iron_and_brass_bars_strength_as_your_days_blessed on asher; good_land, firstfruits_ebal_curses by CALL — iron_and_brass_shall_be_your_bars_and_as_your_days_so_shall_your_strength_be
        ->  iron_and_brass_bars_strength_as_your_days_blessed [status]  iron and brass bars, strength as your days, blessed — the STATUS the line blessing_dan_naphtali_asher_declared writes on Asher (the son's own ledger — the verse Asher's by its seat): 'IRON AND BRASS SHALL BE YOUR BARS; AND AS YOUR DAYS, SO SHALL YOUR STRENGTH BE' (33:25) — 'as your days' once in the Bible; Onkelos 'strong as iron and brass' (the adjective; the Mighty One's noun nowhere in the chapter); 355:25-26 the land's iron and brass (8:9's hills of brass by reference — good_land) and the days of the world; the store's 'bolt' and 'quiet' patched 'your-bars', 'your-strength'
PASS  [MOVE]  Deut 33:26-27; THE LINE blessing_rider_of_the_heaven_declared; THE WRITE none_like_the_god_of_jeshurun_rider_of_the_heaven_declared; obey_horeb, hear_o_israel by CALL — there_is_none_like_the_god_of_jeshurun_who_rides_upon_the_heaven_as_your_help_and_in_his_excellency_on_the_skies
        ->  none_like_the_god_of_jeshurun_rider_of_the_heaven_declared [status]  none like the God of Jeshurun, the rider of the heaven, declared — the STATUS the line blessing_rider_of_the_heaven_declared writes on Israel: 'THERE IS NONE LIKE THE GOD OF JESHURUN, WHO RIDES UPON THE HEAVEN AS YOUR HELP, and in His excellency on the skies' (33:26) — Jeshurun Onkelos's ISRAEL again; 'none like' the creed's kin (obey_horeb's DATA the_creed — 4:35, 4:39 by CALL, a REFERENCE); the four winds again — 355:27-30 the rider of the heavens, 355:27 citing 33:26 and 33:29 both, seated at 33:26 (the reread row the seat of 20b's pointer at 32:15 — 33:5 and 33:26 the Jeshurun seats); the third part of the prayer opens — praise again (343:1's frame)
PASS  [MOVE]  Deut 33:26-27; THE WRITE eternal_god_dwelling_everlasting_arms_enemy_driven_out_declared; THE PARAMETER the_three_scrolls_in_the_court; covenant_return_charge by CALL — the_eternal_god_is_a_dwelling_place_and_underneath_are_the_everlasting_arms
        ->  eternal_god_dwelling_everlasting_arms_enemy_driven_out_declared [status]  the eternal God a dwelling place, the everlasting arms, the enemy driven out declared — the STATUS the line blessing_rider_of_the_heaven_declared writes on Israel: 'THE ETERNAL GOD IS A DWELLING PLACE, AND UNDERNEATH ARE THE EVERLASTING ARMS; and He thrust out the enemy from before you, and said: destroy' (33:27) — Onkelos 'the dwelling of God is from the beginning; BY HIS MEMRA THE WORLD WAS MADE' (a DATA note); 356:1 THE THREE SCROLLS IN THE COURT — the text fixed two against one (the parameter and DATA row the_three_scrolls_in_the_court; the Jerusalem Talmud Taanit 4:2 OWED), the young men and the nobles of Exodus 24:5 and 24:11 on the tape RUN CITATIONS; 356:2 the eternal arms; 356:3 THE TWO CLAUSES TWO FATES — the Girgashites who fled and the seven nations destroyed (seven_nations by CALL — nations_dispossessed_as_sihon_and_og_promised 1, kings_smitten 3 UNMOVED; the Jerusalem Talmud Sheviit 6:1 OWED); 'destroy' 4:26's word; 'and He said' the frame's third with the LORD its subject
PASS  [MOVE]  Deut 33:26-27; the two clauses two fates (356:3); seven_nations, obey_horeb by CALL; no write — he_drove_out_the_enemy_from_before_you_and_said_destroy
        ->  accepted           [heaven]  accepted for him — the offering's acceptance state
PASS  [MOVE]  Deut 33:28-29; THE LINE blessing_israel_dwells_alone_declared; THE WRITE israel_dwells_in_safety_alone_fountain_of_jacob_declared; THE POINTER ROW 33:28 (20b's owed row paid); balak, family, blessing_and_curse by CALL — israel_dwells_in_safety_the_fountain_of_jacob_alone_in_a_land_of_corn_and_wine_yea_his_heavens_drop_down_dew
        ->  israel_dwells_in_safety_alone_fountain_of_jacob_declared [status]  Israel dwells in safety alone, the fountain of Jacob, declared — the STATUS the line blessing_israel_dwells_alone_declared writes on Israel: 'AND ISRAEL DWELLS IN SAFETY, THE FOUNTAIN OF JACOB ALONE, in a land of corn and wine; yea, his heavens drop down dew' (33:28) — THREE 'ALONES' at 356:5 (Jeremiah 15:17; Numbers 23:9 balak by reference — 'a people that dwells alone'; 33:28): the reread row, 20b's pointer at 32:12 PAID HERE — the readback's POINTER ROW 33:28, grade R; 356:4 'safety is security' with 352:6 (ONKELOS AND THE SIFREI ONE TEACHING); THE FOUNTAIN OF JACOB — Onkelos 'the blessing with which Jacob their father blessed them' and 356:6-7: Genesis 27:28's dew and corn THE KIN ONKELOS NAMES (blessed_with_dew_and_fat 1 on jacob — family by CALL, a RUN CITATION); 'a land of corn and wine' 2 Kings 18:32 and Isaiah 36:17 four in order, cited never read; 356:8 the dew — 32:2's four rains the reread (doctrine_as_rain_and_dew_likened 1 20b's; 11:14's rain by reference — blessing_and_curse; heavens_good_treasure_opened 1 28:12's); the store's 'eye' patched 'the-fountain-of', 'increase' 'corn'
PASS  [MOVE]  Deut 33:28-29; THE WRITE happy_are_you_israel_shield_and_sword_high_places_trodden_declared; mamre by CALL; the chapter's close — happy_are_you_o_israel_who_is_like_you_a_people_saved_by_the_lord_the_shield_of_your_help_and_the_sword_of_your_excellency
        ->  happy_are_you_israel_shield_and_sword_high_places_trodden_declared [status]  happy are you, Israel — the shield and the sword, the high places trodden — declared — the STATUS the line blessing_israel_dwells_alone_declared writes on Israel: 'HAPPY ARE YOU, O ISRAEL, WHO IS LIKE UNTO YOU, A PEOPLE SAVED BY THE LORD, the shield of your help, and that is the sword of your excellency; and your enemies shall dwindle away before you, and you shall tread upon their high places' (33:29) — 'happy are you' once in the Torah, the four happinesses (356:9-13); 'the shield of your help' Genesis 15:1's shield (shield_promised 1 on abraham — mamre by reference, a REFERENCE by the ink's word); 'saved by the LORD' the Name with bet — the eighth Name; the enemies' dwindling a future inside a blessing (Onkelos 'shall deny themselves before you'); 'tread upon their high places' 32:13's high places the twin by sense (the spellings differ), THE NECKS OF THEIR KINGS — Onkelos and 356:14 one teaching, Joshua 10:24 the Prophets' seat cited never read (the conquest's tape OWED — FORWARD; kings_smitten 3 UNMOVED); high_places_banned 3 the compiled 12:2 by reference — the treading a homograph of the ban, FALSE; the store's 'happiness-you/your' patched 'happy-are-you'; THE CHAPTER'S CLOSE — the unit deu_33_ve_zot closes here
PASS  [MOVE]  Deut 33:28-29; the necks of the kings FORWARD to Joshua's tape; the ban's homograph FALSE; place_name, song_charge_nebo by CALL; no write — your_enemies_shall_dwindle_away_before_you_and_you_shall_tread_upon_their_high_places
        ->  accepted           [heaven]  accepted for him — the offering's acceptance state
PASS  [DATA]  Deut 33:1-29 (the readback table); RB — the readback table, twenty-nine rows — the_table
        ->  accepted           [heaven]  accepted for him — the offering's acceptance state
PASS  [DATA]  Deut 33:1-29 (the readback table); RB — the eleven lines' first verses — the_supplied_rows
        ->  accepted           [heaven]  accepted for him — the offering's acceptance state
PASS  [DATA]  Deut 33:1-29 (the readback table); RB — the T1 rows against the tape's lines (the blessing's pasts) — the_reference_rows
        ->  accepted           [heaven]  accepted for him — the offering's acceptance state
PASS  [DATA]  Deut 33:1-29 (the readback table); RB — none in the chapter; the pointers ahead owed; the two pointer rows paid — the_receipts
        ->  accepted           [heaven]  accepted for him — the offering's acceptance state
PASS  [DATA]  Deut 33:1-29 (the readback table); RB — no state row; the pointer rows 33:5 and 33:28 — the_state_and_the_pointers
        ->  accepted           [heaven]  accepted for him — the offering's acceptance state
PASS  [DATA]  Deut 33:1-29 (the readback table); RB — the reading's kin asserts read again — the_twin_diffed
        ->  accepted           [heaven]  accepted for him — the offering's acceptance state
PASS  [DATA]  Deut 33:1-29 (the readback table); RB — the blessing's pasts retold as reference rows, its futures statuses; no marker — no_retrograde_row
        ->  accepted           [heaven]  accepted for him — the offering's acceptance state

MATRIX: 42/42 cells match the answer sheet
FRACTIONS: pure ink 0/42 (0%) · named moves 33/42 (79%) · data 9/42 (21%) · hypotheses 0/42 (the H class, counted apart — never as compiled)
LEDGER OPS this span writes: heaven x14, status x28
THE INK: the number verses {}, the ordinals {} (the starred tokens at [(33, 23)]); the negations {'33:9': 3}; the Name 7 bare tokens; the tokens {33: 336}
THE READBACK — THE FORMS ON FILE, NO NEW FORM: 29 rows — {'SUPPLIED': 11, 'SHORTENED': 4, 'VERBATIM': 12, 'VARIANT': 2}; on the tape 11, in the kin's cells by CALL 29 (every cell found True); the SUPPLIED rows ['Deut 33:1', 'Deut 33:3', 'Deut 33:6', 'Deut 33:8', 'Deut 33:12', 'Deut 33:13', 'Deut 33:18', 'Deut 33:20', 'Deut 33:22', 'Deut 33:26', 'Deut 33:28']; the rows with writes [('Deut 33:1', 'blessing_given_before_moses_death'), ('Deut 33:2', 'the_lord_came_from_sinai_seir_paran_declared'), ('Deut 33:3', 'lover_of_the_peoples_holy_ones_in_his_hand_declared'), ('Deut 33:4', 'law_commanded_the_inheritance_of_jacob_declared'), ('Deut 33:5', 'king_in_jeshurun_when_the_heads_gathered_declared'), ('Deut 33:6', 'reuben_to_live_and_not_die_blessed'), ('Deut 33:7', 'judahs_voice_heard_brought_to_his_people_blessed'), ('Deut 33:8', 'levi_thummim_and_urim_proved_at_massah_blessed'), ('Deut 33:9', 'levi_father_and_mother_unseen_covenant_kept'), ('Deut 33:10', 'levi_teaches_jacob_incense_and_whole_offering'), ('Deut 33:11', 'levi_substance_blessed_loins_of_his_foes_smitten'), ('Deut 33:12', 'benjamin_beloved_dwells_in_safety_between_his_shoulders_blessed'), ('Deut 33:13', 'joseph_land_blessed_with_the_precious_things'), ('Deut 33:16', 'joseph_the_bush_dweller_favor_on_the_crown_separate_from_his_brethren'), ('Deut 33:17', 'joseph_firstling_ox_horns_ephraim_myriads_manasseh_thousands'), ('Deut 33:18', 'zebulun_going_out_issachar_in_tents_blessed'), ('Deut 33:19', 'peoples_called_to_the_mountain_sacrifices_of_righteousness'), ('Deut 33:20', 'gad_enlarged_lioness_first_part_lawgivers_portion_blessed'), ('Deut 33:21', 'gad_came_with_the_heads_righteousness_of_the_lord_executed'), ('Deut 33:22', 'dan_lions_whelp_leaps_from_bashan_blessed'), ('Deut 33:23', 'naphtali_sated_with_favor_sea_and_south_blessed'), ('Deut 33:24', 'asher_blessed_above_sons_foot_dipped_in_oil'), ('Deut 33:25', 'iron_and_brass_bars_strength_as_your_days_blessed'), ('Deut 33:26', 'none_like_the_god_of_jeshurun_rider_of_the_heaven_declared'), ('Deut 33:27', 'eternal_god_dwelling_everlasting_arms_enemy_driven_out_declared'), ('Deut 33:28', 'israel_dwells_in_safety_alone_fountain_of_jacob_declared'), ('Deut 33:29', 'happy_are_you_israel_shield_and_sword_high_places_trodden_declared')]; the pointer rows ['Deut 33:5', 'Deut 33:28']; the state rows []; the OPEN rows []; the holes 0
THE COUNTER AND THE PARAMETERS: {'counter': (40, 12, 7), 'marker': None, 'marker_verse': None, 'marker_at': None, 'days_walked': 0, 'the_day_by': "19b's marker at Deut 31:1 (the number's verse 31:2) — the_death_date_of_moses on the calendar's keys", 'clock_data': ['the_death_date_of_moses']}; the parameters 16 (in the registry 0, in DATA 16); DATA rows 32
THE SCANS on the one database: the twenty-eight on their ledgers {'israel_people': [], 'reuben': [], 'judah': [], 'levi': [], 'benjamin': [], 'joseph': [], 'zebulun': [], 'issachar': [], 'gad': [], 'dan_son': [], 'naphtali': [], 'asher': []}; the kin counts {'barred_from_the_land': 2, 'gathered_to_his_people': 5, 'go_up_to_nebo_see_the_land_commanded': 1, 'die_in_the_mountain_gathered_to_your_people_commanded': 1, 'as_aaron_died_in_hor_and_was_gathered': 1, 'see_the_land_from_afar_not_go_there': 1, 'heaven_and_earth_witness': 5, 'blessing_and_curse_set': 2, 'blessings_for_hearing': 3, 'blessed_with_dew_and_fat': 1, 'blessed_the_people': 2, 'counted': 22, 'hand_opening_commanded': 1, 'equal_portions_commanded': 1, 'levites_portion_given': 1, 'inheritance_barred': 2, 'book_of_the_law_beside_the_ark_commanded': 1, 'descended_on_the_mountain': 1, 'doctrine_as_rain_and_dew_likened': 1, 'heavens_good_treasure_opened': 1, 'high_court_at_the_place_commanded': 1, 'high_places_banned': 3, 'incense_continual': 2, 'kings_smitten': 3, 'land_possessed': 6, 'lords_portion_his_people_jacob': 1, 'nations_dispossessed_as_sihon_and_og_promised': 1, 'oral_law_unwritten': 3, 'presence_dwells': 1, 'shield_promised': 1, 'six_tribes_on_ebal_for_the_curse': 1, 'six_tribes_on_gerizim_to_bless': 1, 'substituted_for_the_firstborn': 1, 'torah_through_moses': 1, 'work_of_the_hand_blessed': 2, 'storehouses_blessed': 1, 'firstling_sanctification_commanded': 1, 'grave_marked': 1, 'judah_sent_ahead': 1, 'portion_added': 1, 'levite_forsaking_barred': 2, 'levites_loud_voice_commanded': 1, 'the_lord_alone_led_no_foreign_god': 1, 'song_sung': 1, 'no_share_in_the_world_to_come': 3, 'slain_by_sword': 2, 'priestly_dues_granted': 1}; the reuses {}; the entities {'barred_from_the_land': ['aaron', 'moses'], 'gathered_to_his_people': 5, 'go_up_to_nebo_see_the_land_commanded': ['moses'], 'die_in_the_mountain_gathered_to_your_people_commanded': ['moses'], 'as_aaron_died_in_hor_and_was_gathered': ['moses'], 'see_the_land_from_afar_not_go_there': ['moses'], 'heaven_and_earth_witness': ['israel_people'], 'blessing_and_curse_set': ['israel_people'], 'garments_transferred_and_aaron_died': [], 'invested_office': 6, 'demoted': ['reuben'], 'scepter_held': ['judah'], 'birthright_transferred': ['jacob', 'joseph'], 'scattered_in_israel': ['levi', 'simeon'], 'younger_set_first': ['ephraim'], 'concubine_lain_with': ['reuben']}
THE CALLEES (the facts printed and asserted from the print): 117 facts — OH_CHAIN {'this_chapter': 'Deut 4:26', 'the_chain; SC_DEATH {'the_command': 'Deut 32:50 — ; GL_SPECIES {'the_one_verse': ['Deut 8:8']; ES_TREASURE 4; CP_GRADES the distinguished judge and th; RL_NEEDY {'the_blessings_arm': "'there ; CK_DATES Aaron (40, 5, 1) by the ink, a; OS_MTN the mountain of Abarim (27:12); JR_NOWRITE no write for 33:38-40 — the de; SH_NAME Hoshea to Joshua at 13:16 — th; HI_ONE the LORD is one (6:4) — the tw; FE_EAGLE a nation from the end of the e; FJ_WHO who appears (16:16) — all obli; GR_GRAVE reubens_nebo_gads_field; BR_LAND the land of Canaan (34:2) read
THE EXAM (lean): the fifteen Mishnah and Tosefta rows ['Avot 1:1', 'Avot 3:6', 'Avot 5:6', 'Bava Kamma 4:3', 'Berakhot 4:3', 'Eduyot 8:6', 'Keritot 2:1', 'Menachot 8:3', 'Rosh Hashanah 2:8', 'Rosh Hashanah 2:9', 'Sanhedrin 10:1', 'Shekalim 1:1', 'Sotah 7:5', 'Avodah Zarah 9:4', 'Eduyot 1:1']; segments read 0
THE NARRATIVE: (28, 0, 12, (12, 7), 0, 0, 0, 0, [(12, 7)]) (the twenty-eight on twelve ledgers — {'israel_people': ['blessing_given_before_moses_death', 'the_lord_came_from_sinai_seir_paran_declared', 'fiery_law_from_his_right_hand_declared', 'lover_of_the_peoples_holy_ones_in_his_hand_declared', 'law_commanded_the_inheritance_of_jacob_declared', 'king_in_jeshurun_when_the_heads_gathered_declared', 'none_like_the_god_of_jeshurun_rider_of_the_heaven_declared', 'eternal_god_dwelling_everlasting_arms_enemy_driven_out_declared', 'israel_dwells_in_safety_alone_fountain_of_jacob_declared', 'happy_are_you_israel_shield_and_sword_high_places_trodden_declared'], 'reuben': ['reuben_to_live_and_not_die_blessed'], 'judah': ['judahs_voice_heard_brought_to_his_people_blessed'], 'levi': ['levi_thummim_and_urim_proved_at_massah_blessed', 'levi_father_and_mother_unseen_covenant_kept', 'levi_teaches_jacob_incense_and_whole_offering', 'levi_substance_blessed_loins_of_his_foes_smitten'], 'benjamin': ['benjamin_beloved_dwells_in_safety_between_his_shoulders_blessed'], 'joseph': ['joseph_land_blessed_with_the_precious_things', 'joseph_the_bush_dweller_favor_on_the_crown_separate_from_his_brethren', 'joseph_firstling_ox_horns_ephraim_myriads_manasseh_thousands'], 'zebulun': ['zebulun_going_out_issachar_in_tents_blessed'], 'issachar': ['peoples_called_to_the_mountain_sacrifices_of_righteousness'], 'gad': ['gad_enlarged_lioness_first_part_lawgivers_portion_blessed', 'gad_came_with_the_heads_righteousness_of_the_lord_executed'], 'dan_son': ['dan_lions_whelp_leaps_from_bashan_blessed'], 'naphtali': ['naphtali_sated_with_favor_sea_and_south_blessed'], 'asher': ['asher_blessed_above_sons_foot_dipped_in_oil', 'iron_and_brass_bars_strength_as_your_days_blessed']})
THE PARAMETER ROWS: the_readback = 29 rows, 0 holes, 0 open rows; the_counter_and_the_parameters = {'counter': (40, 12, 7), 'marker': None, 'marker_verse': None, 'marker_at': None, 'days_walked': 0, 'the_day_by': "19b's marker at Deut 31:1 (the number's verse 31:2) — the_death_date_of_moses on the calendar's keys", 'clock_data': ['the_death_date_of_moses']}; the_twin_diffed = {'33:16 vs Gen 49:26': 5, '33:13 vs Gen 49:25': 3, '33:15 vs Hab 3:6': 3, '33:2 vs Hab 3:3': 2, '33:1 vs Josh 14:6': 4, '33:1 vs 4:44': 5, '33:1 vs Gen 27:10': 3, '33:8 vs Num 20:13': 2, '33:8 vs Exod 17:7': 1, '33:9 vs Lev 21:11': 3, '33:5 vs 32:15': 0, '33:28 vs 32:2': 0, '33:12 vs Gen 49:27': 0, '33:6 vs Gen 49:4': 0, '33:6 vs Gen 49:3': 1, '33:7 vs Gen 49:8': 1, '33:24 vs Gen 49:20': 0, '33:21 vs Num 32:33': 0, '33:22 vs Gen 49:9': 2, '33:17 vs Gen 48:20': 2, '33:17 vs Num 27:20': 0, '33:29 vs Gen 15:1': 2, '33:28 vs Num 23:9': 0, '33:28 vs Gen 27:28': 1, '33:26 vs 4:35': 1, '33:29 vs 32:13': 1, '33:19 vs Ps 4:6': 2, '33:4 vs 31:9': 1, '33:16 vs Exod 3:2': 0, '33:27 vs 7:2': 0, '33:23 vs Gen 49:21': 1, '33:20 vs Gen 49:19': 1, '33:18 vs Gen 49:13': 1, '33:10 vs 21:5': 0, '33:10 vs 17:8': 0, '33:8 vs Exod 28:30': 1, '33:8 vs 6:16': 1, '33:12 vs 12:5': 1, '33:21 vs 15:7': 2, '33:24 vs 8:8': 0, '33:25 vs 8:9': 1, '33:27 vs Exod 24:5': 0, '33:27 vs Exod 24:11': 0}; the_parsers_hits = {'the_numbers': {}, 'the_ordinals': {}, 'the_starred': {'33:23': 1}}; the_receipts = [] (the other settings recorded in DATA — 32 rows)

THE COMPILE OF CHAPTER 33 (LEAN): the answer sheet REPRODUCED — 42/42
