  'adult-him/its': 1 families, 1 tokens: [('מתיו', 1)]
  'aid-you/your': 1 families, 1 tokens: [('עזרך', 1)]
  'altar-you/your': 1 families, 1 tokens: [('מזבחך', 1)]
  'and-Urim-you/your': 1 families, 1 tokens: [('ואוריך', 1)]
  'and-act': 1 families, 1 tokens: [('ופעל', 1)]
  'and-aid': 1 families, 1 tokens: [('ועזר', 1)]
  'and-arrive': 2 families, 2 tokens: [('ואתה', 1), ('ויתא', 1)]
  'and-be': 22 families, 544 tokens: [('ויהי', 194), ('והיה', 157), ('ויהיו', 45), ('והיו', 42), ('והיתה', 31), ('ותהי', 18)]
  'and-be-untrue': 3 families, 4 tokens: [('וכחש', 2), ('ויכחשו', 1), ('ותכחש', 1)]
  'and-between': 1 families, 54 tokens: [('ובין', 54)]
  'and-complete': 5 families, 5 tokens: [('ויתם', 1), ('ויתמו', 1), ('וכליל', 1), ('ותם', 1), ('ותתם', 1)]
  'and-conceal': 1 families, 1 tokens: [('ושפוני', 1)]
  'and-copper': 1 families, 5 tokens: [('ונחשת', 5)]
  'and-covenant-you/your': 1 families, 1 tokens: [('ובריתך', 1)]
  'and-delight': 1 families, 1 tokens: [('ורצון', 1)]
  'and-dip': 4 families, 10 tokens: [('וטבל', 7), ('וטבלתם', 1), ('ויטבל', 1), ('ויטבלו', 1)]
  'and-do-not': 1 families, 17 tokens: [('ואל', 17)]
  'and-drive-out-from-a-possession': 4 families, 8 tokens: [('וגרושה', 3), ('ויגרש', 3), ('וגרשה', 1), ('וגרשתי', 1)]
  'and-from-deep': 1 families, 1 tokens: [('ומתהום', 1)]
  'and-from-distinguished-thing': 1 families, 4 tokens: [('וממגד', 4)]
  'and-from-head': 1 families, 1 tokens: [('ומראש', 1)]
  'and-from-under': 1 families, 1 tokens: [('ומתחת', 1)]
  'and-full': 1 families, 1 tokens: [('ומלא', 1)]
  'and-fulness-her/its': 1 families, 1 tokens: [('ומלאה', 1)]
  'and-hate-him/its': 1 families, 1 tokens: [('ומשנאיו', 1)]
  'and-horn': 1 families, 1 tokens: [('וקרני', 1)]
  'and-in-arrogance-him/its': 1 families, 1 tokens: [('ובגאותו', 1)]
  'and-irradiate': 2 families, 2 tokens: [('וזרח', 1), ('ויזרח', 1)]
  'and-like-day-you/your': 1 families, 1 tokens: [('וכימיך', 1)]
  'and-must': 2 families, 3 tokens: [('ותירש', 2), ('ותירוש', 1)]
  'and-pluck-off': 3 families, 5 tokens: [('ונשל', 3), ('וגזול', 1), ('וטרף', 1)]
  'and-precept-you/your': 1 families, 1 tokens: [('ותורתך', 1)]
  'and-reside': 3 families, 8 tokens: [('וישכן', 5), ('ושכנתי', 2), ('וישכנו', 1)]
  'and-south': 1 families, 1 tokens: [('ודרום', 1)]
  'and-to-Asher': 1 families, 1 tokens: [('ולאשר', 1)]
  'and-to-Daniel': 1 families, 1 tokens: [('ולדן', 1)]
  'and-to-Gad': 1 families, 1 tokens: [('ולגד', 1)]
  'and-to-Joseph': 1 families, 2 tokens: [('וליוסף', 2)]
  'and-to-Levi': 1 families, 1 tokens: [('וללוי', 1)]
  'and-to-Naphtali': 1 families, 1 tokens: [('ולנפתלי', 1)]
  'and-to-Zebulun': 1 families, 1 tokens: [('ולזבולן', 1)]
  'and-to-crown-of-the-head': 1 families, 2 tokens: [('ולקדקד', 2)]
  'and-to-mother-him/its': 1 families, 3 tokens: [('ולאמו', 3)]
  'arise-him/its': 2 families, 4 tokens: [('יקימנו', 3), ('קמיו', 1)]
  'arise-suffix': 2 families, 2 tokens: [('יקומון', 1), ('קומה', 1)]
  'arrogance-you/your': 2 families, 2 tokens: [('גאונך', 1), ('גאותך', 1)]
  'be-open': 2 families, 4 tokens: [('מושיע', 3), ('נושע', 1)]
  'be-pleased-with': 4 families, 10 tokens: [('ירצה', 4), ('ירצו', 3), ('תרצה', 2), ('רצוי', 1)]
  'bolt-you/your': 1 families, 1 tokens: [('מנעליך', 1)]
  'brighten-up': 1 families, 1 tokens: [('שמח', 1)]
  'butt-with-the-horns': 2 families, 5 tokens: [('יגח', 4), ('ינגח', 1)]
  'come/bring': 40 families, 267 tokens: [('בא', 59), ('יבא', 32), ('באו', 22), ('הביאו', 13), ('תבוא', 13), ('יבאו', 11)]
  'come/bring-him/its': 7 families, 12 tokens: [('אביאנו', 4), ('באו', 2), ('יביאנו', 2), ('הביאו', 1), ('הביאתיו', 1), ('יבאהו', 1)]
  'come/bring-suffix': 3 families, 3 tokens: [('הביאה', 1), ('יביאון', 1), ('תבואתה', 1)]
  'crown-of-the-head': 1 families, 1 tokens: [('קדקד', 1)]
  'dash-asunder': 3 families, 3 tokens: [('ימחץ', 1), ('מחץ', 1), ('מחצתי', 1)]
  'death-him/its': 1 families, 3 tokens: [('מותו', 3)]
  'draw-together-the-feet': 1 families, 1 tokens: [('יזנק', 1)]
  'elevation-them/their': 2 families, 2 tokens: [('במותימו', 1), ('במתם', 1)]
  'fire-law': 1 families, 1 tokens: [('אשדת', 1)]
  'flow-as-water': 4 families, 6 tokens: [('יורו', 2), ('ירה', 2), ('יירה', 1), ('יריתי', 1)]
  'foot-him/its': 2 families, 16 tokens: [('רגלו', 8), ('רגליו', 8)]
  'force-him/its': 1 families, 3 tokens: [('חילו', 3)]
  'from-abundance': 2 families, 4 tokens: [('מרב', 3), ('מרבבת', 1)]
  'from-distinguished-thing': 1 families, 1 tokens: [('ממגד', 1)]
  'from-narrow-him/its': 1 families, 1 tokens: [('מצריו', 1)]
  'from-right-hand-him/its': 1 families, 1 tokens: [('מימינו', 1)]
  'from-son': 3 families, 54 tokens: [('מבן', 42), ('מבני', 11), ('מבנים', 1)]
  'from-word-you/your': 1 families, 1 tokens: [('מדברתיך', 1)]
  'hand-him/its': 3 families, 77 tokens: [('ידו', 61), ('ידיו', 12), ('ידתיו', 4)]
  'happiness-you/your': 1 families, 1 tokens: [('אשריך', 1)]
  'heavens-him/its': 1 families, 1 tokens: [('שמיו', 1)]
  'hide-by-covering': 1 families, 1 tokens: [('ספון', 1)]
  'horn-him/its': 2 families, 10 tokens: [('קרנתיו', 9), ('קרניו', 1)]
  'in-aid-you/your': 1 families, 1 tokens: [('בעזרך', 1)]
  'in-bring-forth-you/your': 2 families, 4 tokens: [('בצאתך', 3), ('בהוציאך', 1)]
  'in-gather-for-any-purpose': 1 families, 1 tokens: [('בהתאסף', 1)]
  'in-nose-you/your': 1 families, 1 tokens: [('באפך', 1)]
  'in-tent-you/your': 1 families, 1 tokens: [('באהליך', 1)]
  'judgment-you/your': 1 families, 1 tokens: [('משפטיך', 1)]
  'keep/guard': 11 families, 59 tokens: [('תשמרו', 15), ('השמר', 14), ('שמר', 7), ('תשמר', 7), ('שמרי', 4), ('השמרו', 3)]
  'kind-you/your': 1 families, 1 tokens: [('חסידך', 1)]
  'lift/carry': 18 families, 78 tokens: [('ישא', 16), ('תשא', 14), ('נשא', 8), ('ישאו', 7), ('שא', 7), ('נשאתי', 4)]
  'like-roar': 1 families, 2 tokens: [('כלביא', 2)]
  'like-strength': 1 families, 1 tokens: [('כאל', 1)]
  'many/great': 4 families, 53 tokens: [('רב', 23), ('רבים', 20), ('רבה', 6), ('רבות', 4)]
  'over-him/its': 1 families, 151 tokens: [('עליו', 151)]
  'perfections-you/your': 1 families, 1 tokens: [('תמיך', 1)]
  'possess/inherit-suffix': 2 families, 2 tokens: [('ירשה', 1), ('תירשון', 1)]
  'put/set': 13 families, 41 tokens: [('שם', 10), ('תשים', 6), ('ישים', 4), ('שים', 4), ('שמתי', 4), ('שימו', 3)]
  'quiet-you/your': 1 families, 1 tokens: [('דבאך', 1)]
  'royal-edict': 1 families, 1 tokens: [('דת', 1)]
  'sacred-him/its': 1 families, 1 tokens: [('קדשיו', 1)]
  'see-him/its': 4 families, 6 tokens: [('אראנו', 2), ('ראיתיו', 2), ('הראתו', 1), ('תראנו', 1)]
  'shoulder-him/its': 2 families, 2 tokens: [('כתיפיו', 1), ('כתפיו', 1)]
  'slaughter-an-animal': 9 families, 20 tokens: [('תזבח', 5), ('יזבחו', 3), ('תזבחו', 3), ('זבח', 2), ('נזבח', 2), ('נזבחה', 2)]
  'something-said-you/your': 1 families, 1 tokens: [('אמרתך', 1)]
  'son-him/its': 2 families, 112 tokens: [('בניו', 71), ('בנו', 41)]
  'test-him/its': 3 families, 3 tokens: [('אנסנו', 1), ('נסהו', 1), ('נסיתו', 1)]
  'the-benediction': 2 families, 9 tokens: [('הברכה', 8), ('הברכות', 1)]
  'the-say': 1 families, 2 tokens: [('האמר', 2)]
  'there-is-not': 1 families, 76 tokens: [('אין', 76)]
  'to-Benjamin': 1 families, 2 tokens: [('לבנימן', 2)]
  'to-Judah': 1 families, 3 tokens: [('ליהודה', 3)]
  'to-face': 2 families, 238 tokens: [('לפני', 235), ('לפנים', 3)]
  'to-father-him/its': 2 families, 11 tokens: [('לאביו', 9), ('לאבתיו', 2)]
  'to-foot-you/your': 1 families, 1 tokens: [('לרגלך', 1)]
  'to-head': 1 families, 5 tokens: [('לראש', 5)]
  'to-man': 3 families, 25 tokens: [('לאיש', 23), ('לאנשי', 1), ('לאנשים', 1)]
  'to-place-of-refuge': 1 families, 4 tokens: [('לבטח', 4)]
  'to-them/their': 7 families, 280 tokens: [('להם', 164), ('אלהם', 84), ('אליהם', 17), ('להן', 6), ('למו', 6), ('אליהן', 2)]
  'toss-him/its': 1 families, 1 tokens: [('תריבהו', 1)]
  'voice/sound': 2 families, 31 tokens: [('קול', 28), ('קלת', 3)]
  'wild-bull': 1 families, 3 tokens: [('ראם', 3)]
  'abode': 1 families, 1 tokens: [('מענה', 1)]
  'abundance': 4 families, 7 tokens: [('רבבה', 3), ('רבבות', 2), ('מסת', 1), ('רב', 1)]
  'arm': 3 families, 3 tokens: [('זרוע', 1), ('זרעי', 1), ('זרעת', 1)]
  'assemblage': 2 families, 7 tokens: [('קהל', 6), ('קהלת', 1)]
  'benediction': 2 families, 13 tokens: [('ברכת', 8), ('ברכה', 5)]
  'bramble': 1 families, 1 tokens: [('סנה', 1)]
  'broaden': 3 families, 4 tokens: [('ירחיב', 2), ('הרחיב', 1), ('מרחיב', 1)]
  'call': 11 families, 52 tokens: [('קרא', 22), ('יקרא', 10), ('יקראו', 6), ('תקראו', 3), ('נקרא', 2), ('קראה', 2)]
  'cessation': 2 families, 4 tokens: [('אפס', 3), ('אפסי', 1)]
  'cover': 7 families, 26 tokens: [('מסך', 13), ('כפר', 4), ('תחוס', 4), ('תחס', 2), ('חפף', 1), ('כסות', 1)]
  'crouch': 3 families, 8 tokens: [('רבץ', 4), ('רבצת', 3), ('רבצים', 1)]
  'cub': 1 families, 2 tokens: [('גור', 2)]
  'delight': 1 families, 1 tokens: [('רצון', 1)]
  'droop': 2 families, 2 tokens: [('יערף', 1), ('יערפו', 1)]
  'drought': 2 families, 19 tokens: [('חרב', 17), ('חרבה', 2)]
  'hack': 2 families, 2 tokens: [('מגדף', 1), ('מחקק', 1)]
  'hide': 7 families, 7 tokens: [('אסתיר', 1), ('אסתירה', 1), ('אסתר', 1), ('הסתר', 1), ('חבב', 1), ('טמוני', 1)]
  'hillock': 2 families, 2 tokens: [('גבעות', 1), ('גבעת', 1)]
  'increase': 2 families, 4 tokens: [('דגן', 3), ('רבה', 1)]
  'lunation': 2 families, 3 tokens: [('ירחים', 2), ('ירח', 1)]
  'magnificence': 1 families, 2 tokens: [('הדר', 2)]
  'perfume': 4 families, 5 tokens: [('רקח', 2), ('ירקח', 1), ('קטורה', 1), ('רוקח', 1)]
  'possession': 2 families, 3 tokens: [('מורשה', 2), ('משק', 1)]
  'powder': 3 families, 7 tokens: [('מלח', 4), ('פיח', 2), ('שחקים', 1)]
  'precept': 2 families, 22 tokens: [('תורת', 17), ('תורה', 5)]
  'produce': 2 families, 2 tokens: [('גרש', 1), ('תנובת', 1)]
  'resources': 1 families, 1 tokens: [('שפע', 1)]
  'right': 1 families, 9 tokens: [('צדק', 9)]
  'satiated': 1 families, 1 tokens: [('שבע', 1)]
  'scion': 2 families, 18 tokens: [('שבט', 12), ('שבטי', 6)]
  'separate': 4 families, 7 tokens: [('נזיר', 3), ('בדד', 2), ('אצלת', 1), ('פרש', 1)]
  'shine': 2 families, 2 tokens: [('הופיע', 1), ('שמנת', 1)]
  'smoothness': 2 families, 12 tokens: [('חלק', 9), ('חלקת', 3)]
  'strew': 1 families, 1 tokens: [('תכו', 1)]
  'suck': 5 families, 6 tokens: [('מינקת', 2), ('היניקה', 1), ('יונק', 1), ('יינקו', 1), ('מיניקות', 1)]
  'waist': 1 families, 1 tokens: [('מתנים', 1)]
  'reside': 3 families, 16 tokens: [('שכן', 9), ('ישכן', 6), ('שכני', 1)]
  'seas': 2 families, 27 tokens: [('ים', 24), ('ימים', 3)]
  'front': 2 families, 12 tokens: [('נגד', 7), ('קדם', 5)]
  'head': 3 families, 76 tokens: [('ראש', 57), ('ראשי', 16), ('ראשים', 3)]
  'make': 22 families, 461 tokens: [('עשה', 116), ('תעשה', 97), ('יעשה', 51), ('תעשו', 49), ('עשו', 46), ('אעשה', 21)]
  'live': 9 families, 21 tokens: [('יחיה', 6), ('תחיה', 5), ('חי', 4), ('החיו', 1), ('החייתי', 1), ('חיו', 1)]
  'die': 23 families, 162 tokens: [('יומת', 33), ('מות', 31), ('ימות', 20), ('מת', 20), ('יומתו', 9), ('ימתו', 9)]
  'ride': 3 families, 4 tokens: [('רכב', 2), ('ירכב', 1), ('רכבת', 1)]
  'say': 15 families, 164 tokens: [('אמר', 84), ('תאמר', 16), ('יאמר', 15), ('אמרתי', 11), ('יאמרו', 7), ('אמרה', 6)]
  'holiness': 3 families, 104 tokens: [('קדש', 84), ('קדשים', 18), ('קדשי', 2)]
  'guard': 4 families, 4 tokens: [('ינצרו', 1), ('משמר', 1), ('נצר', 1), ('תטר', 1)]
  'know': 20 families, 106 tokens: [('ידע', 21), ('ידעתי', 21), ('ידעת', 15), ('ידעו', 9), ('תדע', 8), ('ידעתם', 6)]
  'thousand': 3 families, 107 tokens: [('אלף', 79), ('אלפים', 23), ('אלפי', 5)]
  'mountain': 4 families, 32 tokens: [('הר', 28), ('הרים', 2), ('הרי', 1), ('הררי', 1)]
  'eye': 9 families, 41 tokens: [('עין', 17), ('עינים', 6), ('עיני', 5), ('עינת', 3), ('ענות', 3), ('תענה', 3)]
  'bless': 9 families, 40 tokens: [('ברוך', 17), ('ברך', 13), ('יברך', 3), ('ברכת', 2), ('ברכתי', 1), ('מברך', 1)]
  'who?': 1 families, 46 tokens: [('מי', 46)]
candidates 167 | the chapter's glosses ALREADY rewritten by the earlier walks' by-gloss overrides: 18
candidates already in by_gloss (excluded from GL): []
sitting 20 by-gloss rows walked from its marker: 117 | its last row: "fright": "terror"
by_gloss total 1341 | by_ref total 2175 | the last Deut.32 by_ref line:   "Deut.32.48:4": "in-the-selfsame"   # בעצם | Deut.33 by_ref rows present: 0
the "?" seats in the chapter: []
the candidates' seats in the chapter (gloss: verse/idx/token):
  'adult-him/its': ['6/5/מתיו']
  'aid-you/your': ['29/8/עזרך']
  'altar-you/your': ['10/10/מזבחך']
  'and-Urim-you/your': ['8/3/ואוריך']
  'and-act': ['11/3/ופעל']
  'and-aid': ['7/13/ועזר']
  'and-arrive': ['2/10/ואתה', '21/8/ויתא']
  'and-be': ['5/0/ויהי', '6/4/ויהי']
  'and-be-untrue': ['29/12/ויכחשו']
  'and-between': ['12/11/ובין']
  'and-complete': ['10/8/וכליל']
  'and-conceal': ['19/11/ושפוני']
  'and-copper': ['25/1/ונחשת']
  'and-covenant-you/your': ['9/17/ובריתך']
  'and-delight': ['16/3/ורצון']
  'and-dip': ['24/8/וטבל']
  'and-do-not': ['6/2/ואל']
  'and-drive-out-from-a-possession': ['27/6/ויגרש']
  'and-from-deep': ['13/8/ומתהום']
  'and-from-distinguished-thing': ['14/0/וממגד', '14/3/וממגד', '15/3/וממגד', '16/0/וממגד']
  'and-from-head': ['15/0/ומראש']
  'and-from-under': ['27/3/ומתחת']
  'and-full': ['23/5/ומלא']
  'and-fulness-her/its': ['16/2/ומלאה']
  'and-hate-him/its': ['11/9/ומשנאיו']
  'and-horn': ['17/4/וקרני']
  'and-in-arrogance-him/its': ['26/6/ובגאותו']
  'and-irradiate': ['2/4/וזרח']
  'and-like-day-you/your': ['25/3/וכימיך']
  'and-must': ['28/9/ותירוש']
  'and-pluck-off': ['20/7/וטרף']
  'and-precept-you/your': ['10/3/ותורתך']
  'and-reside': ['28/0/וישכן']
  'and-south': ['23/9/ודרום']
  'and-to-Asher': ['24/0/ולאשר']
  'and-to-Daniel': ['22/0/ולדן']
  'and-to-Gad': ['20/0/ולגד']
  'and-to-Joseph': ['13/0/וליוסף']
  'and-to-Levi': ['8/0/וללוי']
  'and-to-Naphtali': ['23/0/ולנפתלי']
  'and-to-Zebulun': ['18/0/ולזבולן']
  'and-to-crown-of-the-head': ['16/9/ולקדקד']
  'and-to-mother-him/its': ['9/2/ולאמו']
  'arise-him/its': ['11/8/קמיו']
  'arise-suffix': ['11/11/יקומון']
  'arrogance-you/your': ['29/11/גאותך']
  'be-open': ['29/5/נושע']
  'be-pleased-with': ['11/5/תרצה', '24/6/רצוי']
  'bolt-you/your': ['25/2/מנעליך']
  'brighten-up': ['18/2/שמח']
  'butt-with-the-horns': ['17/9/ינגח']
  'come/bring': ['2/3/בא']
  'come/bring-him/its': ['7/9/תביאנו']
  'come/bring-suffix': ['16/6/תבואתה']
  'crown-of-the-head': ['20/10/קדקד']
  'dash-asunder': ['11/6/מחץ']
  'death-him/its': ['1/11/מותו']
  'draw-together-the-feet': ['22/5/יזנק']
  'elevation-them/their': ['29/17/במותימו']
  'fire-law': ['2/14/אשדת']
  'flow-as-water': ['10/0/יורו']
  'foot-him/its': ['24/10/רגלו']
  'force-him/its': ['11/2/חילו']
  'from-abundance': ['2/11/מרבבת']
  'from-distinguished-thing': ['13/5/ממגד']
  'from-narrow-him/its': ['7/14/מצריו']
  'from-right-hand-him/its': ['2/13/מימינו']
  'from-son': ['24/3/מבנים']
  'from-word-you/your': ['3/10/מדברתיך']
  'hand-him/its': ['7/10/ידיו', '11/4/ידיו']
  'happiness-you/your': ['29/0/אשריך']
  'heavens-him/its': ['28/11/שמיו']
  'hide-by-covering': ['21/7/ספון']
  'horn-him/its': ['17/6/קרניו']
  'in-aid-you/your': ['26/5/בעזרך']
  'in-bring-forth-you/your': ['18/4/בצאתך']
  'in-gather-for-any-purpose': ['5/3/בהתאסף']
  'in-nose-you/your': ['10/7/באפך']
  'in-tent-you/your': ['18/6/באהליך']
  'judgment-you/your': ['10/1/משפטיך']
  'keep/guard': ['9/15/שמרו']
  'kind-you/your': ['8/5/חסידך']
  'lift/carry': ['3/9/ישא']
  'like-roar': ['20/5/כלביא']
  'like-strength': ['26/1/כאל']
  'many/great': ['7/11/רב']
  'over-him/its': ['12/6/עליו', '12/8/עליו']
  'perfections-you/your': ['8/2/תמיך']
  'possess/inherit-suffix': ['23/10/ירשה']
  'put/set': ['10/5/ישימו']
  'quiet-you/your': ['25/4/דבאך']
  'royal-edict': ['2/16/דת']
  'sacred-him/its': ['3/4/קדשיו']
  'see-him/its': ['9/4/ראיתיו']
  'shoulder-him/its': ['12/12/כתיפיו']
  'slaughter-an-animal': ['19/4/יזבחו']
  'something-said-you/your': ['9/16/אמרתך']
  'son-him/its': ['9/10/בנו', '9/11/בניו']
  'test-him/its': ['8/7/נסיתו']
  'the-benediction': ['1/1/הברכה']
  'the-say': ['9/0/האמר']
  'there-is-not': ['26/0/אין']
  'to-Benjamin': ['12/0/לבנימן']
  'to-Judah': ['7/1/ליהודה']
  'to-face': ['1/10/לפני']
  'to-father-him/its': ['9/1/לאביו']
  'to-foot-you/your': ['3/8/לרגלך']
  'to-head': ['16/7/לראש']
  'to-man': ['8/4/לאיש']
  'to-place-of-refuge': ['12/5/לבטח']
  'to-them/their': ['2/6/למו', '2/17/למו']
  'toss-him/its': ['8/9/תריבהו']
  'voice/sound': ['7/5/קול']
  'wild-bull': ['17/5/ראם']
  'abode': ['27/0/מענה']
  'abundance': ['17/14/רבבות']
  'arm': ['20/8/זרוע', '27/4/זרעת']
  'assemblage': ['4/5/קהלת']
  'benediction': ['23/6/ברכת']
  'bramble': ['16/5/סנה']
  'broaden': ['20/3/מרחיב']
  'call': ['19/2/יקראו']
  'cessation': ['17/11/אפסי']
  'cover': ['12/7/חפף']
  'crouch': ['13/9/רבצת']
  'cub': ['22/3/גור']
  'delight': ['23/4/רצון']
  'droop': ['28/12/יערפו']
  'drought': ['29/10/חרב']
  'hack': ['21/6/מחקק']
  'hide': ['3/1/חבב', '19/12/טמוני']
  'hillock': ['15/4/גבעות']
  'increase': ['28/8/דגן']
  'lunation': ['14/5/ירחים']
  'magnificence': ['17/2/הדר']
  'perfume': ['10/6/קטורה']
  'possession': ['4/4/מורשה']
  'powder': ['26/7/שחקים']
  'precept': ['4/0/תורה']
  'produce': ['14/4/גרש']
  'resources': ['19/8/שפע']
  'right': ['19/6/צדק']
  'satiated': ['23/3/שבע']
  'scion': ['5/7/שבטי']
  'separate': ['16/10/נזיר', '28/3/בדד']
  'shine': ['2/7/הופיע']
  'smoothness': ['21/5/חלקת']
  'strew': ['3/7/תכו']
  'suck': ['19/10/יינקו']
  'waist': ['11/7/מתנים']
  'reside': ['12/4/ישכן', '12/13/שכן', '16/4/שכני', '20/6/שכן']
  'seas': ['19/9/ימים', '23/8/ים']
  'front': ['15/2/קדם', '27/2/קדם']
  'head': ['5/4/ראשי', '21/9/ראשי']
  'make': ['21/13/עשה']
  'live': ['6/0/יחי']
  'die': ['6/3/ימת']
  'ride': ['26/3/רכב']
  'say': ['8/1/אמר', '12/1/אמר', '13/1/אמר', '18/1/אמר', '20/1/אמר', '22/1/אמר', '23/1/אמר', '24/1/אמר']
  'holiness': ['2/12/קדש']
  'guard': ['9/18/ינצרו']
  'know': ['9/13/ידע']
  'thousand': ['17/17/אלפי']
  'mountain': ['15/1/הררי', '19/1/הר']
  'eye': ['28/4/עין']
  'bless': ['1/3/ברך', '11/0/ברך', '13/2/מברכת', '20/2/ברוך', '24/2/ברוך']
  'who?': ['29/2/מי']
