PASS  declared-reading gate — declared scope complete: 59 of 59 read (era format, components not stated) (deu_34_moses_death_2026-09-30.md)
PASS  text layer — TEXT LAYER GREEN: 12 steps, 7 scenarios — deu_34_moses_death
PASS  freeze flip — draft -> frozen
PASS  frozen run — final state: WORLD=[] (+0 presupposed) | REGISTRY={} | TESTS=0 PASS | LEDGER days=[] | FLAGS=[]
PASS  frozen scenarios — ALL SCENARIOS GREEN
PASS  regression 251/251
PASS  render py — wrote logic/py_units/deu_34_moses_death.py (213 lines) — ran GREEN
PASS  py self-proof — ALL ASSERTIONS GREEN — rendering matches the frozen unit's machine truth
PASS  render html (undated) — UNIT_deu_34_moses_death.html
PASS  index_units — indexed 309 units · 7992 steps · 3471 scenarios · 0 warnings
PASS  coverage index — wrote UNIT_INDEX.html (251 units)
PASS  ALL_UNITS insert — before lev_13 banner; header count 251
PASS  ALL_UNITS corpus proof — 251/251 green

=== RITUAL SUMMARY ===
  + declared-reading gate
  + text layer
  + freeze flip
  + frozen run
  + frozen scenarios
  + regression 251/251
  + render py
  + py self-proof
  + render html (undated)
  + index_units
  + coverage index
  + ALL_UNITS insert
  + ALL_UNITS corpus proof

RITUAL COMPLETE for deu_34_moses_death (251 frozen units).
Manual next: watchlist (logic/middot_scan/), state-doc update, owner commit word.
