by_gloss total 1412 | by_ref total 2295 | Deut.34 by_ref rows present: 0 | Deut.33 by_ref rows: 120
the last Deut.33 by_ref line:   "Deut.33.24:1": "he-said"   # אמר
sitting 21 by-gloss rows walked from its marker: 71 | its last row: "waist": "the-loins-of"
tokens 176 verses 12
glosses ALREADY rewritten by gloss: 16
not yet by gloss: simple 46 | complex 58
the "?" seats: [(6, 6, 'בית')]
the "and-?" seats: []
the by-gloss REWRITES already in force at the chapter (gloss -> new): {'?': '', 'Daniel': 'Dan', 'Non': 'Nun', 'abrupt': 'opposite', 'and-Jehoshua': 'and-Joshua', 'and-inter': 'and-bury', 'and-there-suffix': 'and-there', 'earth-him/its': 'his-land', 'flit': 'flee', 'in-eye-you/your': 'in-your-eyes', 'in-gorge': 'in-the-valley', 'like-as/which': 'as', 'prop': 'lay', 'the-seas': 'the-sea', 'the-strong': 'the-mighty', 'to-say': 'saying'}
---- COMPLEX (gloss: seats) ----
  'and-Manasseh': ['2/6/ומנשה']
  'and-Moses': ['7/0/ומשה']
  'and-complete': ['8/9/ויתמו']
  'and-die': ['5/0/וימת']
  'and-go-up': ['1/0/ויעל']
  'and-hear': ['9/12/וישמעו']
  'and-make': ['9/16/ויעשו']
  'and-not': ['6/8/ולא', '7/9/ולא', '10/0/ולא']
  'and-obj-marker·et': ['2/0/ואת', '2/3/ואת', '2/7/ואת', '3/0/ואת', '3/2/ואת']
  'and-say': ['4/0/ויאמר']
  'and-see-him/its': ['1/13/ויראהו']
  'and-the-miracle': ['11/2/והמופתים']
  'and-to-Jacob': ['4/9/וליעקב']
  'and-to-all': ['11/10/ולכל', '11/12/ולכל', '12/0/ולכל', '12/3/ולכל']
  'and-twenty': ['7/3/ועשרים']
  'and-weep': ['8/0/ויבכו']
  'be-weak': ['7/7/כהתה']
  'eye-him/its': ['7/8/עינו']
  'freshness-him/its': ['7/11/לחה']
  'from-desert': ['1/2/מערבת']
  'hand-him/its': ['9/10/ידיו']
  'in-Israel': ['10/4/בישראל']
  'in-death-him/its': ['7/5/במתו']
  'in-desert': ['8/5/בערבת']
  'in-earth': ['5/5/בארץ', '6/3/בארץ', '11/7/בארץ']
  'know-him/its': ['10/7/ידעו']
  'like-Moses': ['10/5/כמשה']
  'obj-marker·et': ['1/15/את', '1/18/את', '6/11/את', '8/3/את', '9/9/את', '9/20/את']
  'obj-marker·et-him/its': ['6/1/אתו']
  'over-him/its': ['9/11/עליו']
  'pass-over': ['4/17/תעבר']
  'see-you/your': ['4/13/הראיתיך']
  'send-him/its': ['11/4/שלחו']
  'sepulture-him/its': ['6/12/קברתו']
  'servant-him/its': ['11/11/עבדיו']
  'set-her/its': ['4/12/אתננה']
  'still/again': ['10/3/עוד']
  'the-Gilead': ['1/19/הגלעד']
  'the-Pisgah': ['1/8/הפסגה']
  'the-circle': ['3/3/הככר']
  'the-day': ['6/14/היום']
  'the-earth': ['1/17/הארץ', '4/4/הארץ']
  'the-fear': ['12/4/המורא']
  'the-great': ['12/5/הגדול']
  'the-hand': ['12/1/היד']
  'the-hinder': ['2/13/האחרון']
  'the-palm-tree': ['3/7/התמרים']
  'the-signs': ['11/1/האתות']
  'the-south': ['3/1/הנגב']
  'the-this': ['6/15/הזה']
  'to-Abraham': ['4/7/לאברהם']
  'to-Isaac': ['4/8/ליצחק']
  'to-Pharaoh': ['11/9/לפרעה']
  'to-all': ['11/0/לכל']
  'to-eye': ['12/9/לעיני']
  'to-him/its': ['4/2/אליו', '9/13/אליו']
  'to-make': ['11/6/לעשות']
  'to-seed-you/your': ['4/11/לזרעך']
---- SIMPLE (gloss: seats) ----
  'Bethpeor': ['6/7/פעור']
  'Egypt': ['11/8/מצרים']
  'Ephraim': ['2/5/אפרים']
  'Israel': ['8/2/ישראל', '9/15/ישראל', '12/11/ישראל']
  'Jericho': ['1/12/ירחו', '3/5/ירחו']
  'Judah': ['2/10/יהודה']
  'Moab': ['1/3/מואב', '5/6/מואב', '6/4/מואב', '8/6/מואב']
  'Moses': ['1/1/משה', '5/2/משה', '8/4/משה', '8/13/משה', '9/8/משה', '9/21/משה', '12/8/משה']
  'Naphtali': ['2/2/נפתלי']
  'Nebo': ['1/6/נבו']
  'YHWH': ['1/14/יהוה', '4/1/יהוה', '5/4/יהוה', '5/9/יהוה', '9/19/יהוה', '10/8/יהוה', '11/5/יהוה']
  'Zoar': ['3/9/צער']
  'all': ['1/16/כל', '2/1/כל', '2/8/כל', '12/10/כל']
  'arise': ['10/1/קם']
  'city': ['3/6/עיר']
  'command': ['9/18/צוה']
  'day': ['8/8/יום', '8/10/ימי']
  'earth': ['2/4/ארץ', '2/9/ארץ']
  'face': ['1/11/פני', '10/9/פנים', '10/11/פנים']
  'full': ['9/3/מלא']
  'head': ['1/7/ראש']
  'hundred': ['7/2/מאה']
  'know': ['6/9/ידע']
  'lamentation': ['8/12/אבל']
  'make': ['12/7/עשה']
  'man': ['6/10/איש']
  'mountain': ['1/5/הר']
  'mouth': ['5/8/פי']
  'not': ['4/16/לא', '7/6/לא']
  'over': ['1/10/על', '5/7/על']
  'prophet': ['10/2/נביא']
  'servant': ['5/3/עבד']
  'son': ['7/1/בן', '8/1/בני', '9/1/בן', '9/14/בני']
  'spirit': ['9/4/רוח']
  'split': ['3/4/בקעת']
  'swear': ['4/6/נשבעתי']
  'that': ['9/6/כי']
  'there': ['5/1/שם']
  'thirty': ['8/7/שלשים']
  'this': ['4/3/זאת']
  'to': ['1/4/אל', '10/10/אל']
  'until': ['1/20/עד', '2/11/עד', '3/8/עד', '6/13/עד']
  'weeping': ['8/11/בכי']
  'which': ['1/9/אשר', '4/5/אשר', '10/6/אשר', '11/3/אשר', '12/6/אשר']
  'wisdom': ['9/5/חכמה']
  'years': ['7/4/שנה']
