=== chain 05:39:12
=== chain start 05:39:12 ROOT=/Users/Shared/TorahSim
=== seat deu_34_moses_death 05:39:12
deu_34_moses_death: seated 6 operators on 6 steps [1, 4, 5, 7, 9, 10]; scenarios 7 in the anchor form
=== verify_text deu_34_moses_death 05:39:12
exit 0 TEXT LAYER GREEN: 12 steps, 7 scenarios — deu_34_moses_death
=== ritual deu_34_moses_death 05:39:12
exit 0 Manual next: watchlist (logic/middot_scan/), state-doc update, owner commit word.
ALL_DONE
verify_text deu_34_moses_death: TEXT LAYER GREEN: 12 steps, 7 scenarios — deu_34_moses_death
=== fold 05:39:50
=== CHECK AFTER THE BAKE
CORPUS TRUTH GREEN — one world, 251 units, 1809 facts, 341 demands (191 open), hash 8b8fff1fa28953af
27:assert len(W["units"]) == 251
32:assert len(W["standing"]) == 2377
37:assert corpus_world._state_hash(W) == '8b8fff1fa28953af'
=== build_world 05:41:21
exit 0 |   ALL GREEN — the one database agrees with the fold
=== journal_gate 05:42:23
exit 0 | GATE GREEN — the replay is the audit, the running world is the instrument
=== register_gate 06:06:20
exit 0 | THE REGISTER GATE: GREEN
=== large_letter 06:06:22
exit 0 | 6/6
=== home_gate 06:06:23
exit 0 | THE HOME-PATH GATE: GREEN — 0 tracked text files carry a username or a home path
ALL GREEN 06:06:26
