==== A0. THE TWO DIVISIONS — the export's chapter 34 against the DB's
  DB verses 12 | export verses HE 12 EN 12 | per-chapter export lengths vs DB, chapters 1-34: [(5, 30, 33)]
  the alignment cost 5 | export verses mapped to MORE THAN ONE DB verse: {}
  the offset per export verse (DB minus export, the first DB verse of each): Counter({0: 12}) | the runs: [(1, 1, 1)]
  the shared export verse against its DB verses (tokens, negations): []
==== A. THE SHELF BY POSITION — the Sifrei on Deuteronomy around chapter 34
  piskaot 357 357 rows 2357 2357
  heads 335-357 (HE first citation | rows | EN first quote; the export ends at 357):
   335 head (32, 46) | HE rows  2 EN rows  2 | 'Then God said:Take to heart all of the matters with which I '
   336 head (32, 47) | HE rows  2 EN rows  2 | 'Indeed, this is no empty matter 203Heb: davar reiq; i.e., “a'
   337 head (32, 48) | HE rows  1 EN rows  1 | 'And HASHEM spoke to Moses in the very midst of the day'
   338 head (32, 49) | HE rows  3 EN rows  3 | 'Ascend these heights of Abarim'
   339 head (32, 50) | HE rows  3 EN rows  3 | 'Then die upon the mountain which you have ascended'
   340 head (32, 51) | HE rows  2 EN rows  2 | 'Insofar as you violated Me'
   341 head (32, 52) | HE rows  1 EN rows  1 | 'For only from afar shall you see the Land, but you shall not'
   342 head (33, 1) | HE rows  7 EN rows  7 | 'And this is the blessing that Moses . . . bestowed . . . bef'
   343 head (33, 2) | HE rows 15 EN rows 15 | 'And he said: HASHEM has come from Sinai, He arose to them fr'
   344 head (33, 3) | HE rows  7 EN rows  7 | 'He indeed loves the peoples'
   345 head (33, 4) | HE rows  3 EN rows  3 | 'Moses charged us with Torah'
   346 head (33, 5) | HE rows  2 EN rows  2 | 'Now, He44In the context of the verse, the pronoun seems to r'
   347 head (33, 6) | HE rows  5 EN rows  5 | 'Together are the tribes of Israel'
   348 head (33, 7) | HE rows  9 EN rows  9 | 'Long live Reuben! May he not die! (Dt.33:6)And this is for J'
   349 head (33, 8) | HE rows  5 EN rows  5 | 'And regarding Levi, he said'
   350 head (33, 9) | HE rows  3 EN rows  3 | 'Who says of his father and his mother—I don’t see him'
   351 head (33, 10) | HE rows  4 EN rows  4 | 'They will teach70Hebrew: yoru (“instruct'
   352 head (33, 11) | HE rows 17 EN rows 17 | 'Bless, HASHEM, his bounty'
   353 head (33, 13) | HE rows 13 EN rows 13 | 'And of Joseph he said: His land is blessed by HASHEM'
   354 head (33, 18) | HE rows  8 EN rows  8 | 'And to Zebulon, he said'
   355 head (33, 20) | HE rows 30 EN rows 30 | 'And of Gad, he said:'
   356 head (33, 27) | HE rows 14 EN rows 14 | 'The Primordial God is a refuge'
   357 head (34, 1) | HE rows 44 EN rows 44 | 'And Moses ascended'
  heads whose chapter is 34 : [(357, (34, 1))] | heads by chapter 1-34: [(1, 24), (3, 4), (6, 6), (11, 21), (12, 20), (13, 14), (14, 14), (15, 16), (16, 19), (17, 16), (18, 16), (19, 10), (20, 14), (21, 17), (22, 22), (23, 22), (24, 16), (25, 10), (26, 4), (31, 1), (32, 36), (33, 15), (34, 1)]
  HE rows citing Deut 34 (the export's verse → the DB's): 13 [(305, 5, 6, [6]), (341, 1, 4, [4]), (357, 1, 1, [1]), (357, 8, 2, [2]), (357, 19, 3, [3]), (357, 26, 4, [4]), (357, 28, 5, [5]), (357, 31, 6, [6]), (357, 33, 7, [7]), (357, 36, 8, [8]), (357, 38, 9, [9]), (357, 40, 10, [10]), (357, 42, 11, [11])]
  EN rows citing Deut 34 : 66 [(305, 5, 6, [6]), (341, 1, 4, [4]), (341, 1, 4, [4]), (357, 1, 1, [1]), (357, 2, 1, [1]), (357, 3, 1, [1]), (357, 3, 1, [1]), (357, 4, 1, [1]), (357, 5, 1, [1]), (357, 6, 1, [1]), (357, 7, 1, [1]), (357, 8, 2, [2]), (357, 9, 2, [2]), (357, 10, 2, [2]), (357, 11, 2, [2]), (357, 11, 2, [2]), (357, 12, 2, [2]), (357, 13, 2, [2]), (357, 15, 2, [2]), (357, 16, 2, [2]), (357, 16, 2, [2]), (357, 17, 2, [2]), (357, 18, 2, [2]), (357, 19, 3, [3]), (357, 20, 3, [3]), (357, 20, 3, [3]), (357, 21, 3, [3]), (357, 21, 3, [3]), (357, 22, 3, [3]), (357, 24, 3, [3]), (357, 26, 4, [4]), (357, 27, 4, [4]), (357, 27, 4, [4]), (357, 27, 4, [4]), (357, 28, 5, [5]), (357, 28, 5, [5]), (357, 28, 5, [5]), (357, 28, 5, [5]), (357, 28, 5, [5]), (357, 29, 5, [5]), (357, 30, 5, [5]), (357, 31, 6, [6]), (357, 32, 6, [6]), (357, 32, 6, [6]), (357, 32, 6, [6]), (357, 33, 7, [7]), (357, 33, 7, [7]), (357, 34, 7, [7]), (357, 35, 7, [7]), (357, 35, 7, [7]), (357, 36, 8, [8]), (357, 36, 8, [8]), (357, 36, 8, [8]), (357, 37, 8, [8]), (357, 37, 8, [8]), (357, 38, 9, [9]), (357, 38, 9, [9]), (357, 39, 9, [9]), (357, 39, 9, [9]), (357, 40, 10, [10]), (357, 41, 10, [10]), (357, 43, 11, [11]), (357, 43, 11, [11]), (357, 44, 11, [11]), (357, 44, 12, [12]), (357, 44, 12, [12])]
  EN "ibid 34:n" candidates: 0
  the union of rows (both files): 43 [(305, 5), (341, 1), (357, 1), (357, 2), (357, 3), (357, 4), (357, 5), (357, 6), (357, 7), (357, 8), (357, 9), (357, 10), (357, 11), (357, 12), (357, 13), (357, 15), (357, 16), (357, 17), (357, 18), (357, 19), (357, 20), (357, 21), (357, 22), (357, 24), (357, 26), (357, 27), (357, 28), (357, 29), (357, 30), (357, 31), (357, 32), (357, 33), (357, 34), (357, 35), (357, 36), (357, 37), (357, 38), (357, 39), (357, 40), (357, 41), (357, 42), (357, 43), (357, 44)]
  the rows OUTSIDE the spine piskaot (the union less the on-chapter piskaot 357 - 357 ): 2 [(305, 5), (341, 1)] | in-spine rows of the union: 41
  outside rows file bytes 5831
==== B. ONKELOS chapter 34 and the DB (the dump per DB verse; a shared export row printed at its first DB verse)
  the store's chapter 34 verses 12 | verses whose store token count differs from the DB: []
  token count chapter 34 : 176
  onkelos dump bytes 13908
==== C. THE PARSER on every verse of chapter 34
  34:7   N [120]                    O []             marked []
  34:8   N [30]                     O []             marked []
  number-word tokens present per verse (the bare check against the parser): {'34:7': ['מאה'], '34:8': ['שלשים']}
  34:1 tokens: ['ויעל', 'משה', 'מערבת', 'מואב', 'אל', 'הר', 'נבו', 'ראש', 'הפסגה', 'אשר', 'על', 'פני', 'ירחו', 'ויראהו', 'יהוה', 'את', 'כל', 'הארץ', 'את', 'הגלעד', 'עד', 'דן']
  34:7 tokens: ['ומשה', 'בן', 'מאה', 'ועשרים', 'שנה', 'במתו', 'לא', 'כהתה', 'עינו', 'ולא', 'נס', 'לחה']
  34:8 tokens: ['ויבכו', 'בני', 'ישראל', 'את', 'משה', 'בערבת', 'מואב', 'שלשים', 'יום', 'ויתמו', 'ימי', 'בכי', 'אבל', 'משה']
  34:12 tokens: ['ולכל', 'היד', 'החזקה', 'ולכל', 'המורא', 'הגדול', 'אשר', 'עשה', 'משה', 'לעיני', 'כל', 'ישראל']
==== D. CASE TOKENS, FRAMES, REGISTER, NAMES
  case tokens (כי "when/for" / אם "if" / ואם / או "or" / פן "lest"): {'34:9': ['כי']}
  divine frames (ויאמר/וידבר + יהוה): ['34:4']
  לאמר "saying" seats: ['34:4']
  narrative-form verbs (V.w) per verse: {1: ['ויעל', 'ויראהו'], 4: ['ויאמר'], 5: ['וימת'], 6: ['ויקבר'], 8: ['ויבכו', 'ויתמו'], 9: ['וישמעו', 'ויעשו']}
  first-person verb forms (1cs / 1cp) per verse: {4: [('נשבעתי', 'HVNp1cs'), ('אתננה', 'HVqi1cs/Sp3fs'), ('הראיתיך', 'HVhp1cs/Sp2ms')]}
  imperatives (Vq.v / Vp.v / Vh.v) per verse: {}
  prohibitions לא + imperfect (the ten's form) per verse: {4: [('תעבר', 'HVqi2ms')], 6: [], 7: [], 10: []}
  name tokens (Np): {1: ['משה', 'מואב', 'נבו', 'הפסגה', 'ירחו', 'יהוה', 'הגלעד', 'דן'], 2: ['נפתלי', 'אפרים', 'ומנשה', 'יהודה'], 3: ['ירחו', 'צער'], 4: ['יהוה', 'נשבעתי', 'לאברהם', 'ליצחק', 'וליעקב'], 5: ['משה', 'יהוה', 'מואב', 'יהוה'], 6: ['מואב', 'בית', 'פעור'], 7: ['ומשה'], 8: ['ישראל', 'משה', 'מואב', 'משה'], 9: ['ויהושע', 'נון', 'משה', 'ישראל', 'יהוה', 'משה'], 10: ['בישראל', 'כמשה', 'יהוה'], 11: ['יהוה', 'מצרים', 'לפרעה'], 12: ['משה', 'ישראל']}
  second-person plural vs singular (2mp / 2ms tokens per verse): {1: (0, 0), 2: (0, 0), 3: (0, 0), 4: (0, 4), 5: (0, 0), 6: (0, 0), 7: (0, 0), 8: (0, 0), 9: (0, 0), 10: (0, 0), 11: (0, 0), 12: (0, 0)}
==== E. THE REGISTER GATE on Deut 34
  dispositions naming Deut 34: ['  Deut 34:9:']
  REGISTER_INDEX lines on Deut 34:
       Deut 34:9   NONE          declared  | [] | why: Deuteronomy is not on the tape (the book not read) — the seat waits for its reading and compile
==== F. THE PRIOR READS
  ledgers with an Onkelos Deut 34 row: []
  prior Sifrei Devarim rows anywhere (strict form), those among the outside rows: [('deu_05_vaetchanan_2026-09-16.md', 357, 40), ('deu_09_ekev_2026-09-19.md', 357, 44), ('deu_29_31_nitzavim_vayelech_2026-09-27.md', 305, 5), ('deu_29_31_nitzavim_vayelech_2026-09-27.md', 357, 28), ('deu_32_haazinu_2026-09-27.md', 341, 1), ('deu_32_haazinu_2026-09-27.md', 357, 27)] | all prior rows count 2555
  ledgers NAMING a verse of Deut 34: 18
    ('deu_11_ekev_reeh_2026-09-20.md', 1, ['Deuteronomy 34:6'])
    ('gen_11_sentences_exile_2026-08-25.md', 1, ['Deuteronomy 34:6'])
    ('gen_73_coffin_in_egypt_2026-08-28.md', 1, ['Deuteronomy 34:8'])
    ('num_06_nazir_2026-09-09.md', 2, ['Deut 34:6'])
    ('num_12_miriam_2026-09-10.md', 1, ['Deut 34:1'])
    ('num_19_21_chukat_exam_2026-09-11.md', 1, ['Deut 34:5'])
    ('num_19_parah_2026-09-11.md', 1, ['Deut 34:8'])
    ('num_20_meribah_edom_aaron_2026-09-11.md', 4, ['Deut 34:8'])
    ('num_21_snakes_conquest_2026-09-11.md', 3, ['Deut 34:7', 'Deut 34:8'])
    ('num_22_balak_bilam_call_2026-09-11.md', 3, ['Deut 34:1', 'Deuteronomy 34:1'])
    ('num_23_oracles_1_2_2026-09-11.md', 3, ['Deut 34:6', 'Deuteronomy 34:6'])
    ('num_24_oracles_3_4_2026-09-11.md', 1, ['Deut 34:6'])
    ('num_27_zelophehad_joshua_2026-09-09.md', 3, ['Deut 34:4', 'Deut 34:7', 'Deut 34:9'])
    ('num_32_gad_reuben_2026-09-12.md', 5, ['Deuteronomy 34:1', 'Deuteronomy 34:4', 'Deuteronomy 34:6'])
    ('num_32_gad_reuben_exam_2026-09-12.md', 1, ['Deuteronomy 34:1'])
    ('num_33_journeys_2026-09-12.md', 7, ['Deuteronomy 34:1', 'Deuteronomy 34:7', 'Deuteronomy 34:8'])
    ('num_33_journeys_exam_2026-09-12.md', 4, ['Deuteronomy 34:5', 'Deuteronomy 34:7'])
    ('num_34_borders_2026-09-12.md', 4, ['Deuteronomy 34:1', 'Deuteronomy 34:1-3', 'Deuteronomy 34:4'])
  ledgers with an Onkelos Gen 12 / Gen 13 / Gen 15 / Gen 50 / Exod 4 / Exod 7 / Exod 24 / Exod 33 / Num 11 / Num 12 / Num 20 / Num 27 / Num 33 / Deut 1 / Deut 3 / Deut 18 / Deut 31 / Deut 32 / Deut 33 row (the kin's reading — the commission Numbers 27:12-23 for 34:1-4 and 34:9; Aaron's death Numbers 20 for 34:5-8; the mountains of Abarim Numbers 33:47-48 for Nebo and the plains of Moab; Moses' plea 3:23-29 and Pisgah for 34:1; go up to Nebo 32:48-52 for 34:1 and 34:5; the hundred and twenty years and Joshua's charge 31 for 34:7 and 34:9; the land sworn to the fathers Genesis 12:7, 13:15, 15:18 for 34:4; Jacob's and Joseph's deaths and the thirty days Genesis 50 for 34:8; face to face Exodus 33:11 and mouth to mouth Numbers 12:6-8 for 34:10; the prophet like Moses 18:15; Joshua the minister Exodus 24:13 and Numbers 11:28; the signs and wonders Exodus 4-7 and 4:34, 7:19, 29:2 for 34:11-12; the man of God and the lawgiver's portion 33:1 and 33:21 for the grave): ['deu_01_03_devarim_2026-09-15.md', 'deu_17_18_shoftim_2026-09-24.md', 'deu_29_31_nitzavim_vayelech_2026-09-27.md', 'deu_32_haazinu_2026-09-27.md', 'deu_33_ve_zot_2026-09-29.md', 'erection_docket_2026-09-06.md', 'exo_24_covenant_ascent_2026-09-01.md', 'exo_33_presence_2026-09-01.md', 'num_11_complaint_quail_2026-09-10.md', 'num_12_miriam_2026-09-10.md', 'num_20_meribah_edom_aaron_2026-09-11.md', 'num_27_zelophehad_joshua_2026-09-09.md', 'num_33_journeys_2026-09-12.md'] | ledgers with an Onkelos row of the Prophets (never read ahead — expected none): []
==== G. THE DRAFTS
  deu_33_ve_zot: refs 33:1-29; steps (33, 1)..(33, 29) n=29; draft False; operators True; depends_on ['    - "deu_32_song_aftermath"\n    - "gen_48_50_blessings_death"\n']; scenarios 36; binary_trees True; step E True; comment lines 34
  deu_34_moses_death: refs 34:1-12; steps (34, 1)..(34, 12) n=12; draft True; operators False; depends_on ['    - "deu_33_ve_zot"\n']; scenarios 19; binary_trees True; step E False; comment lines 16
    the step verses: [1, 2, 3, 4, 5, 6, 7, 8, 9, 10, 11, 12] | covers DB 12 ? True
  the units' claim prefixes present anywhere? {'DV34': 0, 'DV34A': 0, 'DV34B': 0, 'DV33': 2, 'DV35': 0}
  existing manifests deu_34*: [] | ledgers deu_*: ['deu_01_03_devarim_2026-09-15.md', 'deu_01_03_devarim_exam_2026-09-15.md', 'deu_04_vaetchanan_2026-09-16.md', 'deu_04_vaetchanan_exam_2026-09-16.md', 'deu_05_vaetchanan_2026-09-16.md', 'deu_05_vaetchanan_exam_2026-09-16.md', 'deu_06_vaetchanan_2026-09-17.md', 'deu_06_vaetchanan_exam_2026-09-17.md', 'deu_07_vaetchanan_ekev_2026-09-17.md', 'deu_07_vaetchanan_ekev_exam_2026-09-18.md', 'deu_08_ekev_2026-09-18.md', 'deu_08_ekev_exam_2026-09-19.md', 'deu_09_ekev_2026-09-19.md', 'deu_09_ekev_exam_2026-09-19.md', 'deu_10_ekev_2026-09-19.md', 'deu_10_ekev_exam_2026-09-20.md', 'deu_11_ekev_reeh_2026-09-20.md', 'deu_11_ekev_reeh_exam_2026-09-20.md', 'deu_12_reeh_2026-09-20.md', 'deu_12_reeh_exam_2026-09-20.md', 'deu_13_reeh_2026-09-21.md', 'deu_13_reeh_exam_2026-09-21.md', 'deu_14_reeh_2026-09-21.md', 'deu_14_reeh_exam_2026-09-21.md', 'deu_15_reeh_2026-09-22.md', 'deu_15_reeh_exam_2026-09-23.md', 'deu_16_reeh_shoftim_2026-09-23.md', 'deu_16_reeh_shoftim_exam_2026-09-23.md', 'deu_17_18_shoftim_2026-09-24.md', 'deu_17_18_shoftim_exam_2026-09-24.md', 'deu_19_21_shoftim_ki_teitzei_2026-09-24.md', 'deu_19_21_shoftim_ki_teitzei_exam_2026-09-25.md', 'deu_22_25_ki_teitzei_2026-09-25.md', 'deu_22_25_ki_teitzei_exam_2026-09-26.md', 'deu_26_28_ki_tavo_2026-09-26.md', 'deu_26_28_ki_tavo_exam_2026-09-26.md', 'deu_29_31_nitzavim_vayelech_2026-09-27.md', 'deu_29_31_nitzavim_vayelech_exam_2026-09-27.md', 'deu_32_haazinu_2026-09-27.md', 'deu_32_haazinu_exam_2026-09-28.md', 'deu_33_ve_zot_2026-09-29.md', 'deu_33_ve_zot_exam_2026-09-29.md']
  unit count and standing (CORPUS_TRUTH literals): []
==== H. THE STORE'S GLOSSES on chapter 34
  gloss Counter (the 50 commonest): [('Moses', 7), ('YHWH', 7), ('obj-marker·et', 6), ('which', 5), ('and-obj-marker·et', 5), ('Moab', 4), ('all', 4), ('until', 4), ('son', 4), ('and-to-all', 4), ('face', 3), ('in-earth', 3), ('and-not', 3), ('Israel', 3), ('to', 2), ('over', 2), ('Jericho', 2), ('the-earth', 2), ('earth', 2), ('to-him/its', 2), ('not', 2), ('day', 2), ('and-go-up', 1), ('from-desert', 1), ('mountain', 1), ('Nebo', 1), ('head', 1), ('the-Pisgah', 1), ('and-see-him/its', 1), ('the-Gilead', 1), ('Daniel', 1), ('Naphtali', 1), ('Ephraim', 1), ('and-Manasseh', 1), ('Judah', 1), ('the-seas', 1), ('the-hinder', 1), ('the-south', 1), ('the-circle', 1), ('split', 1), ('city', 1), ('the-palm-tree', 1), ('Zoar', 1), ('and-say', 1), ('this', 1), ('swear', 1), ('to-Abraham', 1), ('to-Isaac', 1), ('and-to-Jacob', 1), ('to-say', 1)]
  gloss file bytes 5103
  overrides already for Deut.34: [] | by_ref last Deut.33 line: ['  "Deut.33.24:1": "he-said"   # אמר']
==== I. THE SPINE ON THE CHAPTER — the Sifrei piskaot whose head is in chapter 34 (the spine on the chapter a twenty-sixth time — THE DEATH OF MOSES: 357 on 34:1, the last piska of the export, nothing after it), whole
  SPINE (computed from the heads): [357] | contiguous? True | the heads by verse: [(357, 1)] | the heads before and after (a missing neighbour is the export's end): {356: (33, 27), 358: 'NO PISKA — the export ends'}
  rows per piska (HE, EN): {357: (44, 44)} | total HE rows 44 | HE == EN everywhere? True
  spine file bytes 42152 | bytes per piska HE+EN: {357: 29588}
  prior reads among the spine rows (any ledger): [('deu_05_vaetchanan_2026-09-16.md', 357, 40), ('deu_09_ekev_2026-09-19.md', 357, 44), ('deu_29_31_nitzavim_vayelech_2026-09-27.md', 357, 28), ('deu_32_haazinu_2026-09-27.md', 357, 27)]
  the spine rows citing a verse of chapter 34 in the Hebrew (p, r, the export verses): [(357, 1, [1]), (357, 8, [2]), (357, 19, [3]), (357, 26, [4]), (357, 28, [5]), (357, 31, [6]), (357, 33, [7]), (357, 36, [8]), (357, 38, [9]), (357, 40, [10]), (357, 42, [11])]
  the spine rows' own Hebrew citations (book, chapter, verse) by row: [(357, 1, [('דברים', 34, 1)]), (357, 5, [('ירמיה', 22, 6)]), (357, 7, [('שופטים', 18, 30)]), (357, 8, [('דברים', 34, 2)]), (357, 9, [('שופטים', 4, 6)]), (357, 11, [('במדבר', 13, 8)]), (357, 14, [('שופטים', 6, 15)]), (357, 19, [('דברים', 34, 3)]), (357, 20, [('במדבר', 13, 22)]), (357, 24, [('תהלים', 92, 13), ('איוב', 36, 16)]), (357, 26, [('דברים', 34, 4)]), (357, 27, [('דברים', 32, 52)]), (357, 28, [('דברים', 34, 5), ('דברים', 31, 24), ('ירמיה', 36, 18), ('בראשית', 49, 31), ('שמות', 34, 28)]), (357, 29, [('עמוס', 3, 7)]), (357, 30, [('משלי', 17, 11), ('איוב', 36, 14)]), (357, 31, [('דברים', 34, 6)]), (357, 32, [('במדבר', 12, 3)]), (357, 33, [('דברים', 34, 7)]), (357, 36, [('דברים', 34, 8)]), (357, 37, [('במדבר', 6, 4)]), (357, 38, [('דברים', 34, 9)]), (357, 39, [('יהושע', 4, 14)]), (357, 40, [('דברים', 34, 10), ('במדבר', 24, 16), ('דברים', 5, 28), ('במדבר', 24, 4)]), (357, 41, [('שמות', 33, 18), ('שמות', 33, 20), ('שמות', 33, 23)]), (357, 42, [('דברים', 34, 11)]), (357, 44, [('דברים', 9, 17)])]
  the spine rows' English citations by row: [(357, 1, ['Dt.34:1']), (357, 2, ['Dt.34:1']), (357, 3, ['Dt.34:1', 'Dt.34:1']), (357, 4, ['Dt.34:1']), (357, 5, ['Dt.34:1', 'Jer.22:6']), (357, 6, ['Dt.34:1']), (357, 7, ['Dt.34:1', 'Jud.18:30']), (357, 8, ['Dt.34:2']), (357, 9, ['Dt.34:2', 'Jud.4:6']), (357, 10, ['Dt.34:2']), (357, 11, ['Dt.34:2', 'Dt.34:2', 'Nu.13:8']), (357, 12, ['Dt.34:2']), (357, 13, ['Dt.34:2']), (357, 14, ['Jud.6:15']), (357, 15, ['Dt.34:2']), (357, 16, ['Dt.34:2', 'Dt.34:2']), (357, 17, ['Dt.34:2']), (357, 18, ['Dt.34:2']), (357, 19, ['Dt.34:3']), (357, 20, ['Dt.34:3', 'Dt.34:3', 'Nu.13:22']), (357, 21, ['Dt.34:3', 'Dt.34:3']), (357, 22, ['Dt.34:3']), (357, 24, ['Dt.34:3', 'Ps.92:13', 'Job36:16']), (357, 26, ['Dt.34:4']), (357, 27, ['Dt.34:4', 'Dt.34:4', 'Dt.32:52', 'Dt.32:52', 'Dt.34:4']), (357, 28, ['Dt.34:5', 'Dt.34:5', 'Dt.31:9', 'Jer.36:18', 'Dt.34:5', 'Dt.34:5', 'Gn.49:31', 'Dt.34:5', 'Ex.34:28']), (357, 29, ['Dt.34:5', 'Am.3:7']), (357, 30, ['Dt.34:5', 'Prov.17:11', 'Job36:14']), (357, 31, ['Dt.34:6']), (357, 32, ['Dt.34:6', 'Dt.34:6', 'Nu.12:3', 'Dt.34:6']), (357, 33, ['Dt.34:7', 'Ex.6:18', 'Ex.6:16', 'Ex.6:20', 'Gn.50:22', 'Josh.24:29', 'Dt.34:7']), (357, 34, ['Dt.34:7']), (357, 35, ['Dt.34:7', 'Dt.34:7']), (357, 36, ['Dt.34:8', 'Dt.34:8', 'Dt.34:8']), (357, 37, ['Dt.34:8', 'Dt.34:8', 'Nu.6:4']), (357, 38, ['Dt.34:9', 'Dt.34:9']), (357, 39, ['Dt.34:9', 'Dt.34:9', 'Josh.4:14', 'Josh.4:14']), (357, 40, ['Dt.34:10', 'Ex.3:3', 'Nu.24:16', 'Nu.24:16', 'Dt.5:28', 'Nu.24:4']), (357, 41, ['Dt.34:10', 'Ex.33:18', 'Ex.33:20', 'Ex.33:23']), (357, 43, ['Dt.34:11', 'Dt.34:11']), (357, 44, ['Dt.34:11', 'Dt.34:12', 'Dt.9:17', 'Dt.34:12'])]
  the spine rows with NO citation in either file: [(357, 23), (357, 25)]
  THE PORTION EDGE: Vezot Habrachah is 33:1-34:12 — chapter 34 the unit, CHAPTER NUMBERS, THE LAST CHAPTER OF THE BOOK (357 on 34:1 its piska, the export's last; no piska after it) — THE SPINE IN FORCE: the Sifrei's heads on chapter 34 by verse, and the verses without a head: [1] [2, 3, 4, 5, 6, 7, 8, 9, 10, 11, 12]
