  'and-complete': 5 families, 5 tokens: [('ויתם', 1), ('ויתמו', 1), ('וכליל', 1), ('ותם', 1), ('ותתם', 1)]
  'and-die': 12 families, 88 tokens: [('וימת', 41), ('ומת', 22), ('ומתו', 9), ('ותמת', 5), ('וימתו', 4), ('והומת', 1)]
  'and-go-up': 18 families, 71 tokens: [('ויעל', 26), ('ויעלו', 14), ('ותעל', 5), ('והעלה', 3), ('ונעלה', 3), ('ועלית', 3)]
  'and-hear': 12 families, 65 tokens: [('וישמע', 33), ('ושמע', 7), ('ושמעת', 7), ('וישמעו', 6), ('ושמעו', 4), ('ונשמע', 2)]
  'and-make': 14 families, 275 tokens: [('ויעש', 82), ('ועשית', 70), ('ויעשו', 39), ('ועשה', 32), ('ועשיתם', 22), ('ועשו', 13)]
  'and-say': 14 families, 898 tokens: [('ויאמר', 632), ('ויאמרו', 88), ('ותאמר', 58), ('ואמרת', 40), ('ואמר', 39), ('ואמרו', 12)]
  'and-see-him/its': 4 families, 8 tokens: [('וראהו', 5), ('ואראנו', 1), ('ויראהו', 1), ('ותראהו', 1)]
  'and-the-miracle': 3 families, 4 tokens: [('והמפתים', 2), ('והמופת', 1), ('והמופתים', 1)]
  'and-weep': 5 families, 20 tokens: [('ויבך', 10), ('ויבכו', 6), ('ותבכו', 2), ('ובכתה', 1), ('ותבך', 1)]
  'be-weak': 1 families, 1 tokens: [('כהתה', 1)]
  'eye-him/its': 3 families, 17 tokens: [('עיניו', 11), ('עינו', 5), ('יעננו', 1)]
  'freshness-him/its': 1 families, 1 tokens: [('לחה', 1)]
  'from-desert': 1 families, 1 tokens: [('מערבת', 1)]
  'in-desert': 4 families, 13 tokens: [('בערבת', 8), ('בערבה', 3), ('בחרבה', 1), ('בערבות', 1)]
  'in-death-him/its': 1 families, 2 tokens: [('במתו', 2)]
  'know-him/its': 3 families, 3 tokens: [('ידעו', 1), ('ידעתו', 1), ('ידעתיו', 1)]
  'pass-over': 19 families, 81 tokens: [('עבר', 15), ('עברים', 13), ('תעבר', 9), ('יעבר', 8), ('אעברה', 5), ('נעבר', 4)]
  'see-you/your': 5 families, 5 tokens: [('אראך', 1), ('הראיתיך', 1), ('הראך', 1), ('הראתך', 1), ('ראתך', 1)]
  'send-him/its': 3 families, 8 tokens: [('ישלחנו', 3), ('תשלחנו', 3), ('שלחו', 2)]
  'sepulture-him/its': 1 families, 1 tokens: [('קברתו', 1)]
  'set-her/its': 5 families, 15 tokens: [('אתננה', 8), ('נתתיה', 4), ('הוסדה', 1), ('יתננה', 1), ('תתננה', 1)]
  'still/again': 2 families, 73 tokens: [('עוד', 71), ('עד', 2)]
  'the-circle': 1 families, 7 tokens: [('הככר', 7)]
  'the-earth': 3 families, 367 tokens: [('הארץ', 364), ('הארצת', 2), ('הארצות', 1)]
  'the-fear': 3 families, 3 tokens: [('הירא', 1), ('המורא', 1), ('הנוראת', 1)]
  'the-hinder': 2 families, 7 tokens: [('האחרון', 6), ('האחרת', 1)]
  'the-palm-tree': 1 families, 1 tokens: [('התמרים', 1)]
  'the-this': 2 families, 279 tokens: [('הזה', 195), ('הזאת', 84)]
  'to-eye': 3 families, 24 tokens: [('לעיני', 20), ('לעינים', 2), ('לענות', 2)]
  'to-seed-you/your': 1 families, 7 tokens: [('לזרעך', 7)]
  'servant-him/its': 2 families, 29 tokens: [('עבדיו', 23), ('עבדו', 6)]
  'hand-him/its': 3 families, 77 tokens: [('ידו', 61), ('ידיו', 12), ('ידתיו', 4)]
  'over-him/its': 1 families, 151 tokens: [('עליו', 151)]
  'to-him/its': 2 families, 466 tokens: [('לו', 343), ('אליו', 123)]
  'and-twenty': 1 families, 18 tokens: [('ועשרים', 18)]
  'and-not': 1 families, 358 tokens: [('ולא', 358)]
  'in-earth': 2 families, 160 tokens: [('בארץ', 158), ('בארצת', 2)]
  'to-make': 3 families, 76 tokens: [('לעשות', 66), ('לעשת', 9), ('לעשה', 1)]
  'like-Moses': 1 families, 1 tokens: [('כמשה', 1)]
  'and-Moses': 1 families, 13 tokens: [('ומשה', 13)]
  'and-Manasseh': 1 families, 2 tokens: [('ומנשה', 2)]
  'and-to-Jacob': 1 families, 11 tokens: [('וליעקב', 11)]
  'and-to-all': 1 families, 23 tokens: [('ולכל', 23)]
  'to-all': 1 families, 82 tokens: [('לכל', 82)]
  'the-day': 3 families, 159 tokens: [('היום', 135), ('הימים', 23), ('הימם', 1)]
  'the-great': 6 families, 39 tokens: [('הגדל', 18), ('הגדול', 8), ('הגדלה', 6), ('הגדלים', 3), ('הגדלת', 3), ('הגדולה', 1)]
  'the-hand': 2 families, 4 tokens: [('היד', 3), ('הידת', 1)]
  'the-signs': 4 families, 12 tokens: [('האתת', 4), ('האת', 3), ('האתות', 3), ('האות', 2)]
  'the-south': 1 families, 5 tokens: [('הנגב', 5)]
  'the-Gilead': 1 families, 13 tokens: [('הגלעד', 13)]
  'the-Pisgah': 1 families, 6 tokens: [('הפסגה', 6)]
  'in-Israel': 1 families, 22 tokens: [('בישראל', 22)]
  'to-Abraham': 1 families, 26 tokens: [('לאברהם', 26)]
  'to-Isaac': 1 families, 18 tokens: [('ליצחק', 18)]
  'to-Pharaoh': 1 families, 24 tokens: [('לפרעה', 24)]
  'split': 4 families, 4 tokens: [('בקעה', 1), ('בקעת', 1), ('נפלגה', 1), ('פצוע', 1)]
  'lamentation': 3 families, 7 tokens: [('אבל', 4), ('אוי', 2), ('מספד', 1)]
  'weeping': 1 families, 1 tokens: [('בכי', 1)]
  'arise': 22 families, 63 tokens: [('יקום', 15), ('קום', 12), ('הקים', 5), ('תקים', 4), ('יקומו', 3), ('קומו', 3)]
  'command': 9 families, 148 tokens: [('צוה', 112), ('מצוה', 13), ('צויתי', 9), ('צו', 7), ('יצוה', 3), ('אצוה', 1)]
  'swear': 10 families, 51 tokens: [('נשבע', 27), ('נשבעתי', 11), ('נשבעת', 3), ('תשבע', 3), ('השבע', 2), ('אשבע', 1)]
  'know': 20 families, 106 tokens: [('ידע', 21), ('ידעתי', 21), ('ידעת', 15), ('ידעו', 9), ('תדע', 8), ('ידעתם', 6)]
  'make': 22 families, 461 tokens: [('עשה', 116), ('תעשה', 97), ('יעשה', 51), ('תעשו', 49), ('עשו', 46), ('אעשה', 21)]
  'mouth': 2 families, 55 tokens: [('פי', 51), ('פה', 4)]
  'full': 4 families, 29 tokens: [('מלאים', 13), ('מלאה', 12), ('מלא', 2), ('מלאת', 2)]
  'servant': 3 families, 50 tokens: [('עבד', 24), ('עבדים', 16), ('עבדי', 10)]
  'head': 3 families, 76 tokens: [('ראש', 57), ('ראשי', 16), ('ראשים', 3)]
  'face': 2 families, 107 tokens: [('פני', 94), ('פנים', 13)]
  'that': 1 families, 952 tokens: [('כי', 952)]
  'day': 5 families, 257 tokens: [('ימים', 119), ('יום', 85), ('ימי', 49), ('יומים', 3), ('ימות', 1)]
  'son': 3 families, 949 tokens: [('בני', 584), ('בן', 322), ('בנים', 43)]
  'until': 1 families, 265 tokens: [('עד', 265)]
  'over': 2 families, 995 tokens: [('על', 987), ('עלי', 8)]
  'there': 1 families, 134 tokens: [('שם', 134)]
  'city': 3 families, 46 tokens: [('עיר', 22), ('ערי', 13), ('ערים', 11)]
  'Bethpeor': 1 families, 3 tokens: [('פעור', 3)]
  'years': 6 families, 294 tokens: [('שנה', 209), ('שנים', 49), ('שני', 17), ('שנת', 15), ('שנתים', 3), ('שנות', 1)]
  'thirty': 1 families, 43 tokens: [('שלשים', 43)]
  'hundred': 4 families, 140 tokens: [('מאות', 107), ('מאה', 15), ('מאת', 15), ('מאתים', 3)]
  'man': 3 families, 338 tokens: [('איש', 287), ('אנשי', 27), ('אנשים', 24)]
  'all': 1 families, 967 tokens: [('כל', 967)]
  'earth': 1 families, 131 tokens: [('ארץ', 131)]
  'spirit': 1 families, 20 tokens: [('רוח', 20)]
  'wisdom': 2 families, 6 tokens: [('חכמה', 5), ('חכמת', 1)]
  'prophet': 2 families, 6 tokens: [('נביא', 5), ('נביאים', 1)]
  'this': 3 families, 162 tokens: [('זה', 89), ('זאת', 71), ('זו', 2)]
  'not': 3 families, 950 tokens: [('לא', 947), ('לוא', 2), ('אל', 1)]
  'which': 1 families, 1650 tokens: [('אשר', 1650)]
  'to': 1 families, 1149 tokens: [('אל', 1149)]
candidates 89 | the chapter's glosses ALREADY rewritten by the earlier walks' by-gloss overrides: 16
candidates already in by_gloss (excluded from GL): []
sitting 21 by-gloss rows walked from its marker: 71 | its last row: "waist": "the-loins-of"
by_gloss total 1412 | by_ref total 2295 | the last Deut.33 by_ref line:   "Deut.33.24:1": "he-said"   # אמר | Deut.34 by_ref rows present: 0
the "?" seats in the chapter: [(6, 6, 'בית')]
the candidates' seats in the chapter (gloss: verse/idx/token):
  'and-complete': ['8/9/ויתמו']
  'and-die': ['5/0/וימת']
  'and-go-up': ['1/0/ויעל']
  'and-hear': ['9/12/וישמעו']
  'and-make': ['9/16/ויעשו']
  'and-say': ['4/0/ויאמר']
  'and-see-him/its': ['1/13/ויראהו']
  'and-the-miracle': ['11/2/והמופתים']
  'and-weep': ['8/0/ויבכו']
  'be-weak': ['7/7/כהתה']
  'eye-him/its': ['7/8/עינו']
  'freshness-him/its': ['7/11/לחה']
  'from-desert': ['1/2/מערבת']
  'in-desert': ['8/5/בערבת']
  'in-death-him/its': ['7/5/במתו']
  'know-him/its': ['10/7/ידעו']
  'pass-over': ['4/17/תעבר']
  'see-you/your': ['4/13/הראיתיך']
  'send-him/its': ['11/4/שלחו']
  'sepulture-him/its': ['6/12/קברתו']
  'set-her/its': ['4/12/אתננה']
  'still/again': ['10/3/עוד']
  'the-circle': ['3/3/הככר']
  'the-earth': ['1/17/הארץ', '4/4/הארץ']
  'the-fear': ['12/4/המורא']
  'the-hinder': ['2/13/האחרון']
  'the-palm-tree': ['3/7/התמרים']
  'the-this': ['6/15/הזה']
  'to-eye': ['12/9/לעיני']
  'to-seed-you/your': ['4/11/לזרעך']
  'servant-him/its': ['11/11/עבדיו']
  'hand-him/its': ['9/10/ידיו']
  'over-him/its': ['9/11/עליו']
  'to-him/its': ['4/2/אליו', '9/13/אליו']
  'and-twenty': ['7/3/ועשרים']
  'and-not': ['6/8/ולא', '7/9/ולא', '10/0/ולא']
  'in-earth': ['5/5/בארץ', '6/3/בארץ', '11/7/בארץ']
  'to-make': ['11/6/לעשות']
  'like-Moses': ['10/5/כמשה']
  'and-Moses': ['7/0/ומשה']
  'and-Manasseh': ['2/6/ומנשה']
  'and-to-Jacob': ['4/9/וליעקב']
  'and-to-all': ['11/10/ולכל', '11/12/ולכל', '12/0/ולכל', '12/3/ולכל']
  'to-all': ['11/0/לכל']
  'the-day': ['6/14/היום']
  'the-great': ['12/5/הגדול']
  'the-hand': ['12/1/היד']
  'the-signs': ['11/1/האתות']
  'the-south': ['3/1/הנגב']
  'the-Gilead': ['1/19/הגלעד']
  'the-Pisgah': ['1/8/הפסגה']
  'in-Israel': ['10/4/בישראל']
  'to-Abraham': ['4/7/לאברהם']
  'to-Isaac': ['4/8/ליצחק']
  'to-Pharaoh': ['11/9/לפרעה']
  'split': ['3/4/בקעת']
  'lamentation': ['8/12/אבל']
  'weeping': ['8/11/בכי']
  'arise': ['10/1/קם']
  'command': ['9/18/צוה']
  'swear': ['4/6/נשבעתי']
  'know': ['6/9/ידע']
  'make': ['12/7/עשה']
  'mouth': ['5/8/פי']
  'full': ['9/3/מלא']
  'servant': ['5/3/עבד']
  'head': ['1/7/ראש']
  'face': ['1/11/פני', '10/9/פנים', '10/11/פנים']
  'that': ['9/6/כי']
  'day': ['8/8/יום', '8/10/ימי']
  'son': ['7/1/בן', '8/1/בני', '9/1/בן', '9/14/בני']
  'until': ['1/20/עד', '2/11/עד', '3/8/עד', '6/13/עד']
  'over': ['1/10/על', '5/7/על']
  'there': ['5/1/שם']
  'city': ['3/6/עיר']
  'Bethpeor': ['6/7/פעור']
  'years': ['7/4/שנה']
  'thirty': ['8/7/שלשים']
  'hundred': ['7/2/מאה']
  'man': ['6/10/איש']
  'all': ['1/16/כל', '2/1/כל', '2/8/כל', '12/10/כל']
  'earth': ['2/4/ארץ', '2/9/ארץ']
  'spirit': ['9/4/רוח']
  'wisdom': ['9/5/חכמה']
  'prophet': ['10/2/נביא']
  'this': ['4/3/זאת']
  'not': ['4/16/לא', '7/6/לא']
  'which': ['1/9/אשר', '4/5/אשר', '10/6/אשר', '11/3/אשר', '12/6/אשר']
  'to': ['1/4/אל', '10/10/אל']
