guard: 23 expectations checked, every one a literal from the answer sheet [honest-pairing guard satisfied]

THE CONSECRATION, SUBSTITUTION, AND DEVOTION MACHINE COMPILES — the two substitution verbs, "beast for beast," "it and its substitute" at the vow and the tithe, the fifth censused five times, the partitive "from all that he has," the ordinal tenth under the rod; three calls into sister engines: the Jubilee engine's tithe naming and the Passover engine's firstling donkey.
THE TOKENS (printed before they are asserted): {34: 176}
THE INK (printed before it is asserted): PARSE {(34, 7): ([120], [], []), (34, 8): ([30], [], [])}, NUMV [(34, 7), (34, 8)], ORDV [], STARV [], TOKN {34: 176}
THE NEGATIONS AND THE NAME (printed before they are asserted): {(34, 4): ['לא'], (34, 6): ['ולא'], (34, 7): ['לא', 'ולא'], (34, 10): ['ולא']} 7
THE CLOCK (printed before it is asserted): {'counter': (40, 12, 7), 'marker': None, 'marker_verse': None, 'marker_at': None, 'days_walked': 0, 'the_day_by': "19b's marker at Deut 31:1 (the number's verse 31:2) — the_death_date_of_moses on the calendar's keys; the thirty days of weeping a DURATION, no timer (the design's ruling)", 'clock_data': ['the_death_date_of_moses']}
THE SCANS (printed before they are asserted): holes {'moses': [], 'israel_people': [], 'yehoshua': []}; the kin counts {'go_up_to_nebo_see_the_land_commanded': 1, 'die_in_the_mountain_gathered_to_your_people_commanded': 1, 'as_aaron_died_in_hor_and_was_gathered': 1, 'see_the_land_from_afar_not_go_there': 1, 'barred_from_the_land': 2, 'gathered_to_his_people': 5, 'mourned_thirty_days': 1, 'garments_transferred': 1, 'invested_office': 6, 'joshua_commissioned_to_bring_israel_in': 1, 'joshua_charged_to_bring_israel_in': 1, 'lord_with_joshua_promised': 1, 'moses_to_sleep_with_the_fathers': 1, 'corruption_after_moses_death_foretold': 1, 'prophet_like_moses_promised': 1, 'face_radiant': 1, 'signs_in_hand': 1, 'manna_provided': 1, 'well_given': 1, 'camp_moves_by_the_cloud': 2, 'bones_oath': 1, 'buried': 9, 'wept': 12, 'blessing_given_before_moses_death': 1}; the reuses {'see_the_land_from_afar_not_go_there': 1, 'gathered_to_his_people': 5, 'mourned_thirty_days': 1}; the entities {'go_up_to_nebo_see_the_land_commanded': ['moses'], 'die_in_the_mountain_gathered_to_your_people_commanded': ['moses'], 'as_aaron_died_in_hor_and_was_gathered': ['moses'], 'see_the_land_from_afar_not_go_there': ['moses'], 'barred_from_the_land': ['aaron', 'moses'], 'gathered_to_his_people': ['aaron', 'abraham', 'isaac', 'ishmael', 'jacob'], 'mourned_thirty_days': ['israel_people'], 'garments_transferred': ['aaron'], 'invested_office': ['aaron-and-sons', 'eleazar_son_of_aaron', 'pinchas', 'the-firstborn', 'the_levites', 'yehoshua'], 'garments_transferred_and_aaron_died': [], 'blessing_given_before_moses_death': ['israel_people'], 'prophet_like_moses_promised': ['israel_people'], 'face_radiant': ['moses'], 'bones_oath': ['israel_people']}
THE TWINS DIFFED (printed before they are asserted): {'34:4 vs Exod 33:1': 10, '34:4 vs 6:10': 7, '34:4 vs 3:27': 3, '34:4 vs 32:52': 2, '34:1 vs 32:49': 8, '34:1 vs 3:27': 3, '34:1 vs Num 27:12': 4, '34:5 vs Num 33:38': 3, '34:5 vs 32:50': 0, '34:5 vs Josh 1:1': 4, '34:5 vs Num 20:28': 3, '34:6 vs 3:29': 3, '34:6 vs 33:21': 0, '34:6 vs Gen 50:13': 2, '34:7 vs 31:2': 5, '34:7 vs Gen 6:3': 3, '34:7 vs Num 33:39': 4, '34:7 vs Exod 34:29': 2, '34:8 vs Num 20:29': 4, '34:8 vs Num 6:4': 1, '34:8 vs Num 36:13': 4, '34:9 vs Num 27:23': 6, '34:9 vs Num 27:18': 5, '34:9 vs 31:23': 6, '34:9 vs 31:7': 3, '34:9 vs Exod 28:3': 3, '34:9 vs Exod 12:28': 7, '34:10 vs Exod 33:11': 4, '34:10 vs Num 12:8': 2, '34:10 vs 18:15': 2, '34:10 vs 18:18': 2, '34:11 vs Exod 7:3': 2, '34:11 vs 29:1': 9, '34:12 vs Exod 14:31': 3, '34:12 vs 9:17': 0, '34:12 vs 31:7': 4, '34:12 vs 4:34': 2, '34:2 vs 11:24': 3, '34:3 vs 2Chr 28:15': 3, '34:1 vs Gen 14:14': 3}
THE CALLEES' FACTS (printed before they are asserted — 112):
  FACT SC_DEATH = {'the_command': 'Deut 32:50 — die in the mount and be gathered (a STATUS on moses)', 'the_event': "Deut 34:5 — the tape's event AHEAD (sitting 22's)",
  FACT SC_RB = [{'verses': 'Deut 32:1', 'told': 'give ear, O heavens, and I will speak; and let the earth hear the words of my mouth', 'grade': 'SUPPLIED', 'why': "S
  FACT SC_AARON = {'the_tape': 'Numbers 20:28 — garments_transferred_and_aaron_died at (40, 5, 1), aged 123 (chukat.edom_and_hor by CALL)', 'the_retelling': 'Numbers 33
  FACT SC_GOUP = "go up into this mountain of Abarim, Mount Nebo, and behold the land of Canaan (32:49) — Numbers 27:12's commission retold by the LORD's own mouth (op
  FACT SC_NEBO = "die in the mount where you go up, and be gathered to your people (32:50) — the death commanded, the death itself 34:5's event ahead (the three gifts'
  FACT SC_ASAARON = "as Aaron your brother died in Mount Hor and was gathered to his people (32:50) — Aaron's death the receipt: the tape's Numbers 20:28 (chukat — Aaron 
  FACT SC_DENIAL = "you shall see the land before you, but there you shall not go (32:52) — the seeing granted, the entering denied (the commission's debit by CALL to op
  FACT SC_TABLE = 'the readback table (32:1-52) — 52 rows one per verse, SHORTENED 8, SUPPLIED 16, VARIANT 5, VERBATIM 23; every row graded against its kin'
  FACT CR_120 = "a hundred and twenty years old this day (31:2) — the parser's [120]; the year the ink's (Exodus 7:7's eighty + forty), the day the answer sheet's (To
  FACT CR_CALLED = "Moses called Joshua in the sight of all Israel (31:7) — the public charge after 3:21-22's private one (opening_speech — your eyes have seen), 31:7 an
  FACT CR_COMM = "He commissioned Joshua: be strong and of good courage (31:23) — the LORD's own charge in the Tent, the verb of Numbers 27:19 and 27:23 (opening_speec
  FACT CR_BRING = "you shall bring the children of Israel into the land I swore (31:23) — 31:7's charge made 'bring', 10:11's forward charge (second_tablets — the charg
  FACT CR_SLEEP = "you shall sleep with your fathers (31:16) — the death's second announcement in the fathers' phrase, Jacob's testament the kin (family — burial_owed):
  FACT CR_AFTER = "after my death you will corrupt and turn, evil will befall you (31:29) — the exile case's head foretold in Moses' mouth (obey_horeb — the case head (
  FACT CR_DEATH = "THE SEVENTH OF ADAR OF THE FORTIETH YEAR — the year the ink's (Exodus 7:7's eighty at the exodus + the forty years = the hundred and twentieth), the 
  FACT CR_GIFTS = "THREE GIFTS BY THREE MERITS — the well by Miriam's, the pillar of cloud by Aaron's, the manna by Moses': Miriam died, the well ceased and returned by
  FACT BL_GRAVE = {'the_verse': 'Deut 33:21', 'the_teaching': "Onkelos 33:21 — 'for there in his inheritance Moses the great scribe of Israel is buried'; the Sifrei 355
  FACT BL_CHAIN = 'Moses received the Torah from Sinai and handed it to Joshua, Joshua to the elders, the elders to the prophets, the prophets to the men of the Great A
  FACT BL_AHEAD = {'forward': ["Deut 34:6 — Moses' grave in Gad's portion (33:21; Onkelos and 355:6) — the death's sitting's", "Deut 34:1-4 — the commission's debit on 
  FACT BL_LAW = 'Moses commanded us a law, the inheritance of the congregation of Jacob (33:4) — once in the Bible; the handing-over (Avot 1:1\'s chain a parameter; t
  FACT BL_PORTION = "he chose a first part, for there a portion of a ruler was reserved (33:21) — MOSES' GRAVE in Gad's portion (Onkelos and 355:6; Reuben's Nebo, Gad's f
  FACT GR_GRAVE = 'reubens_nebo_gads_field'
  FACT GR_CEASED = (40, 5, 15)
  FACT GR_CITY = "Nebo Reuben's (32:37-38) — Moses died in Reuben's portion (Sotah 13b:20); Onkelos 'Nebo, the burial place of Moses' at 32:3; the Sifrei 106:1's Gad t
  FACT CK_DATES = 'Aaron (40, 5, 1) by the ink, aged 123; Miriam the tenth of Nisan by the shelf; Moses the seventh of Adar (33:38-39; Seder Olam 10:2)'
  FACT CK_SUCC = 'the garments to Eleazar and the office with them — Exod 29:29-30 run at Mount Hor (20:26-28)'
  FACT CK_THIRTY = "thirty days' weeping by all the house of Israel — a timer due (40, 6, 1) (20:29; Deut 34:8 Moses' thirty)"
  FACT CK_AGE = 'Aaron 123 at his death (33:39 — [123])'
  FACT CK_WELL = "the well gone at Miriam's death, returned by Moses' and Aaron's merit (Taanit 9a; Seder Olam 10:2)"
  FACT CK_KISS = 'Miriam too by the kiss — "there" / "there" with Deut 34:5 (Bava Batra 17a)'
  FACT CK_BURIAL = "buried near the death — the woman's bier not set down in the street (Moed Katan 28a)"
  FACT CK_SENT = "barred from the land — Moses and Aaron; Aaron's closed at 20:28, Moses' at Deut 34 (20:12)"
  FACT CK_THERE = 'benefit from a corpse forbidden — "there" / "there" with the eglah arufah (Avodah Zarah 29b; Sanhedrin 47b)'
  FACT CK_WELLD = 'miriams_gone_at_her_death_returned'
  FACT CK_MOURNED = 'the_men_and_the_women'
  FACT CK_MANNA = 'light_absorbed_in_the_limbs'
  FACT JR_DATE = "Aaron died on (40, 5, 1) (33:38) — the tape's marker at 20:28, built from this verse; the ordinal reader's year and month"
  FACT JR_MOUTH = "by the mouth of the LORD at the death (33:38) — the kiss (Bava Batra 17a:3); the chukat runner's row death_by_the_kiss by CALL"
  FACT JR_ADAR = "Moses' seventh of Adar — computed backward from the tenth of Nisan (Kiddushin 38a:5-6); born and died the same day, a hundred and twenty exact (38a:7
  FACT JR_ANALOGY = "the fortieth year / the fortieth year — Deuteronomy 1:3's bare date counted from the exodus by the verbal analogy with 33:38 (Rosh Hashanah 2b:11, ta
  FACT JR_NOWRITE = "no write for 33:38-40 — the death and the hearing are the tape's 20:28 and 21:1 lines, checkpointed, not rewritten"
  FACT JR_DDATE = (40, 5, 1)
  FACT JR_AGE = 123
  FACT ST_WALK = "walk after His attributes (Sotah 14a:3-4) — 'after the LORD you shall walk' resolved as clothing the naked, visiting the sick, comforting mourners, B
  FACT ST_BURIED = "and he was buried there (10:6) — the Torah's one seat; Numbers 20:28-29 and 33:38-39 tell the death, the mourning and the age, never the burial: the 
  FACT ST_PLACE = "the place of the death — Moserah in the retelling (10:6), Mount Hor on the tape (Num 20:28, 33:38): an OPEN row inside the burial line's field; the r
  FACT ST_FRAG = "the fragments in the ark (10:2, 10:5) — 'and you shall put them in the ark' told only here (34:1 never gives it; 40:20 places the whole tablets alone
  FACT ST_R105 = "the receipt 10:5 — 'as the LORD commanded me' (4:5 the pair, the form's two Bible seats): the register's NONE reclassed ACT (the retrograde line's so
  FACT ST_ATTR = {'the_row': "Sotah 14a:3-4 — 'after the LORD your God you shall walk' (13:5): walk after His attributes — He clothed the naked (Genesis 3:21), visited
  FACT ST_CHARGE = {'31_7': "Moses to Joshua — 'for you shall go with this people into the land which the LORD swore to their fathers to give them' (seven tokens shared 
  FACT ZE_RUN = "given in the sixth book by the mouth of the LORD — the holding owed at 27:7 closed off the Torah (the readback's item)"
  FACT ZE_EXEC = 'married the sons of their uncles; the inheritance remained on the tribe of their father'
  FACT ZE_REACH = 'this_generation'
  FACT OS_MTN = "the mountain of Abarim (27:12) — Nebo and Pisgah its other names (34:1 one mountain): Deuteronomy 3:27's Pisgah the retelling of this command, READ B
  FACT OS_HAND = "the hand laid (27:18, 23) — one hand commanded, two laid (the Sifrei 141): invested_office on Joshua, the ordination's form"
  FACT OS_RECEIPT = "the receipt (27:22-23) — 'as the LORD commanded him': the commission's debit closed by its run, the register seat Num 27:22 CLOSE"
  FACT OS_DEBIT = 'the debit (27:12) — see the land from Abarim: commanded on Moses, OPEN to Deuteronomy 34:1-4; 3:27 reads it back with Pisgah'
  FACT OS_PISGAH = "Pisgah (3:27) — 27:12's command read back with Pisgah for Abarim and the four directions in the third order: TURNED; the debit OPEN read"
  FACT OS_PEOR = "Beth-peor (3:29) — the last camp by CALL (22:1; 36:13; Deuteronomy 34:1); 4:46 and 34:6 the valley's other seats: EXPANDED"
  FACT OS_CMDJ = "command Joshua (3:28) — the commission read back (Kiddushin 29a:14 — a galvanization for generations); 'he shall cause them to inherit' the effect's 
  FACT OS_REFUSAL = "the refusal (3:26) — 'let it suffice you' the singular's one seat, measure for measure for Korach's (Sotah 13b:13); 'did not hear' 1:45's phrase; the
  FACT OS_COMM = {'mountain_names': ['Abarim (27:12; 33:47-48; Deut 32:49)', 'Nebo (Deut 32:49; 34:1)', 'Pisgah (Deut 3:27; 34:1)'], 'hands': (['ידך'], ['ידיו']), 'uri
  FACT BH_GIFTS = 'the well, the cloud, the manna — three gifts by three shepherds'
  FACT BH_FELL = 'by rank — the righteous at their doors, the average outside the camp, the wicked far off'
  FACT BH_DIBBUR = 'harsh speech (dibbur)'
  FACT BH_DEAD = 'the leper among the four as dead'
  FACT BH_MEASURE = "an hour at the Nile, seven days' halt — measure for measure"
  FACT BH_SPIRIT = "set apart — Moses' spirit undiminished"
  FACT BH_CLOUDS = 7
  FACT NS_TERM = '30 days'
  FACT NS_DAYS = 30
  FACT CP_MIDST = "from your midst, of your brothers (18:15, 18:18) — not from outside the land, not from others, for you and not for the nations, Jeremiah resolved (th
  FACT CP_WORDS = "My words in his mouth (18:18) — not face to face, no interpreter, first things first (the Sifrei 176:3-5; balak's word-in-the-mouth by CALL): a param
  FACT CP_TEST = "the test by the event (18:21-22) — Jeremiah against Hananiah, the word graded by its coming to pass, presumptuously not in error (the Sifrei 178:2): 
  FACT CP_ORDER = {'not_face_to_face': "My words in his mouth — the Holy Spirit; Moses' mouth to mouth the contrast", 'no_interpreter': 'he speaks to them himself', 'fi
  FACT CP_SUCC = 'the son stands in his place — for the king and for every provider of Israel'
  FACT ER_FACE = (6, 5)
  FACT ER_AVOT = 'moses_joshua_elders_prophets_great_assembly'
  FACT ER_BREAK = 'yishar_kochakha'
  FACT ER_RADIANCE = (3, 3)
  FACT ER_FRAG = 'both_in_the_ark'
  FACT ER_3DEATHS = {'sword': 'witnesses_and_warning', 'plague': 'witnesses_no_warning', 'dropsy': 'neither'}
  FACT ER_PLAGUE = (5, 31)
  FACT ES_SIGNS = 3
  FACT ES_BELIEVED = [(4, 31), (14, 31)]
  FACT ES_TEN = 10
  FACT ES_SEA = 10
  FACT ES_BONES = 'moses_merited_the_bones_of_joseph'
  FACT ES_BIRTH = (12, 7)
  FACT JO_OATH = 'Gen 47:31'
  FACT JO_CMD = 'law_joseph_47_29'
  FACT JO_CLOSED = 'Gen 50:13'
  FACT JO_BONES = 'Exod 13:19'
  FACT JO_WITHYOU = 'when_you_go_up'
  FACT JO_BOTH = ('esau', 'jacob')
  FACT JO_GATHERED = 'law_joseph_35_29'
  FACT FA_GATHERED = ['Gen 25:8', 'Gen 25:17', 'Gen 35:29', 'Gen 49:33', 'Gen 49:29']
  FACT FA_BURIED = (8, False)
  FACT FA_CMD = True
  FACT FA_POSS = 'burial_is_the_first_act'
  FACT MA_THREE = 3
  FACT MA_SEED = 'Gen 25:16'
  FACT MA_PROMISE = 'buried_in_peace'
  FACT HI_RECEIPT = "the receipt (6:25) — 'as he commanded us' without the Name: a run citation of the charge (5:31), VERBATIM in kind; the gate's finder blind, the point
  FACT HI_OATH = {'deut_6_13': "'by his name you shall swear' — a POSITIVE clause: the true oath commanded", 'the_prohibition': 'the third word — the vain oath and the
  FACT HI_NONAME = {'deut_6_25': "'as he commanded us' — k/834 + 6680 with the suffix, NO Name", 'ezra_4_3': 'the one other Bible seat', 'the_finder': "BLIND — register_
  FACT OH_PEOR = "Baal-peor seen (4:3) — Numbers 25:3-9 READ BACK, SHORTENED: the yoking, the slaying and the plague's count in one clause (BK by CALL)"
  FACT OH_CHAIN = {'this_chapter': 'Deut 4:26', 'the_chain': ['Deut 4:26', 'Deut 30:19', 'Deut 31:28', 'Deut 32:1']}
  FACT OH_FRAME = {'deut_4_44_45': 'the_second_speech_s_head', 'write': None}
  FACT SH_NAME = 'Hoshea to Joshua at 13:16 — the new name at 8 seats before it, the old at Deut 32:44 (the same man)'
  FACT SH_EQUAL = 'equal — Caleb first at 13:6, Joshua at 13:8 (Tosefta Keritot 4:7)'
  FACT SH_CEASED = (40, 5, 15)
THE EXAM ROWS (printed before they are asserted — the lean exam file's cases): 6 ['Avot 1:1', 'Nazir 1:3', 'Sanhedrin 10:1', 'Sotah 1:7', 'Sotah 1:9', 'Sotah 4:4']
THE NARRATIVE (printed before it is asserted): (15, 0, 3, (12, 7), 0, 0, 0, 0, [(12, 7)]) {'moses': ['moses_went_up_to_nebo_as_commanded', 'the_whole_land_shown_to_moses_gilead_to_zoar', 'land_sworn_to_the_fathers_shown_at_the_end_declared', 'see_the_land_from_afar_not_go_there', 'moses_died_by_the_mouth_of_the_lord', 'gathered_to_his_people', 'buried_by_the_lord_grave_unknown', 'died_at_a_hundred_and_twenty_eye_undimmed'], 'israel_people': ['three_gifts_merits_withdrawn_at_the_third_death', 'mourned_thirty_days', 'days_of_weeping_for_moses_ended', 'israel_hearkened_to_joshua_as_the_lord_commanded_moses', 'no_prophet_like_moses_face_to_face_declared', 'signs_mighty_hand_great_terror_in_the_sight_of_all_israel_declared'], 'yehoshua': ['spirit_of_wisdom_by_the_hands_laid']} []

PASS  [MOVE]  Deut 34:1-3; THE LINE moses_went_up_to_nebo_and_saw_the_land (an ACT — the ascent); THE WRITE moses_went_up_to_nebo_as_commanded on moses; 32:49's summons a RUN CITATION; song_charge_nebo, opening_speech, gad_reuben by CALL — and_moses_went_up_from_the_plains_of_moab_to_mount_nebo_the_top_of_pisgah_over_against_jericho
        ->  moses_went_up_to_nebo_as_commanded [status]  Moses went up to Nebo as commanded — the STATUS the line moses_went_up_to_nebo_and_saw_the_land writes on Moses: 'AND MOSES WENT UP FROM THE PLAINS OF MOAB TO MOUNT NEBO, THE TOP OF PISGAH, OVER AGAINST JERICHO' (34:1) — 32:49's command obeyed word for word (eight shared, 'over against Jericho' four in order; 'Mount Nebo' and 'over against Jericho' these two seats alone): go_up_to_nebo_see_the_land_commanded on moses the tape's own line — song_charge_nebo.the_summons_to_nebo by CALL, a RUN CITATION; 3:27's Pisgah refused then granted (opening_speech.the_plea pisgah by CALL); 'and Moses went up' Sinai's four ascents (Exodus 19:20, 24:9, 13, 15 — exodus_story by reference) and this last; 357:1 AN ASCENT AND NOT A DESCENT — the ascent to die; Onkelos 'the head of the height' (3:27's word); Reuben's Nebo (Numbers 32:38 — gad_reuben by CALL)
PASS  [MOVE]  Deut 34:1-3; THE WRITE the_whole_land_shown_to_moses_gilead_to_zoar on moses; THE DATA ROW the_land_shown_as_the_future; mamre, gad_reuben by CALL; MISHNAH SANHEDRIN 10:1 — the exam row — the_lord_showed_him_all_the_land_gilead_to_dan_naphtali_ephraim_and_manasseh_judah_to_the_hinder_sea
        ->  the_whole_land_shown_to_moses_gilead_to_zoar [status]  the whole land shown to Moses, Gilead to Zoar — the STATUS the line moses_went_up_to_nebo_and_saw_the_land writes on Moses: 'AND THE LORD SHOWED HIM ALL THE LAND, Gilead as far as Dan, and all Naphtali, and the land of Ephraim and Manasseh, and all the land of Judah as far as the hinder sea, and the South, and the Plain, the valley of Jericho, the city of palms, as far as Zoar' (34:1-3) — 357:1-25 THE LAND SHOWN AS THE FUTURE: each land settled and overrun with its judge or king (Samson, Barak, Joshua, Gideon, David — the Prophets' and the Writings' seats cited never read); 'the hinder sea' read 'the last day' — the world to its end and the resurrection (Sanhedrin 10:1 the case — the parameter the_world_to_come_share); Machpelah, Solomon's vessels, Gog, Eden and Gehenna: the DATA row the_land_shown_as_the_future; the tribes' portions the tape's (gad_reuben by CALL); Onkelos 'the western sea', 'the city of palms'; Dan the border (Genesis 14:14's 'as far as Dan' — the store's Daniel patched); 'the valley of Jericho' once in the Bible
PASS  [MOVE]  Deut 34:1-3; the catalogue inside the line — the last of the land shown; family by CALL; the Writings' seats cited never read; no write — the_south_and_the_plain_the_valley_of_jericho_the_city_of_palms_to_zoar
        ->  accepted           [heaven]  accepted for him — the offering's acceptance state
PASS  [MOVE]  Deut 34:4; THE LINE oath_land_shown_not_crossed_declared (a SPEECH of the LORD); THE WRITE land_sworn_to_the_fathers_shown_at_the_end_declared on moses; EXODUS 33:1's line taken whole — a RUN CITATION; erection, hear_o_israel, mamre by CALL; THE DATA ROW the_oath_is_exodus_33_1 — this_is_the_land_which_i_swore_to_abraham_to_isaac_and_to_jacob_saying_to_your_seed_i_will_give_it
        ->  land_sworn_to_the_fathers_shown_at_the_end_declared [status]  the land sworn to the fathers shown at the end declared — the STATUS the line oath_land_shown_not_crossed_declared writes on Moses: 'AND THE LORD SAID TO HIM: THIS IS THE LAND WHICH I SWORE TO ABRAHAM, TO ISAAC AND TO JACOB, SAYING: TO YOUR SEED I WILL GIVE IT; I have caused you to see it with your eyes, but you shall not cross over there' (34:4) — EXODUS 33:1's LINE TAKEN WHOLE (nine tokens in order: the LORD's own words after the calf said again at the end — erection by CALL, a RUN CITATION; 'to your seed I will give it' these two seats alone in the Bible); the three fathers 6:10's and 30:20's (hear_o_israel, covenant_return_charge by reference); the promise's roots Genesis 12:7, 15:18, 26:3, 28:13 (mamre, family, joseph by reference); 357:26 the oath shown at the end; the commission's debit (Numbers 27:12-13 — opening_speech.the_commission the_debit by CALL) PAID by the seeing; Onkelos 'which I SWORE … to your SONS I will give it'; the one frame 'and the LORD said to him' (34:4 — the chapter's one 'he said'; 'saying' once)
PASS  [MOVE]  Deut 34:4; THE REUSE see_the_land_from_afar_not_go_there at 34:4 on moses (a heaven entry); THE POINTER ROW 34:4 (the song's owed pointer PAID); the two denials by I2 (341:1, 357:27); song_charge_nebo, opening_speech by CALL — i_have_caused_you_to_see_it_with_your_eyes_but_you_shall_not_cross_over_there
        ->  see_the_land_from_afar_not_go_there [heaven]  see the land from afar, not go there — the HEAVEN entry the line meribah_trespass_not_go_there_declared writes on Moses: 'FOR YOU SHALL SEE THE LAND BEFORE YOU, BUT THERE YOU SHALL NOT GO, into the land which I give to the children of Israel' (32:52) — ONCE in this form; 34:4's 'there you shall not cross' the kin AHEAD (341:1 and 357:27 set 32:52's 'go' against 34:4's 'cross' — THE FOUR DENIALS: not as king nor commoner, not alive nor dead; 34:4 cited never read — READ THEN COMPILE PER PORTION, a pointer row OWED to the next sitting); the seeing granted and the entering denied — the sentence's positive arm with its bar; 3:27's Pisgah the retelling READ BACK by opening_speech; THE CHAPTER'S CLOSE
PASS  [MOVE]  Deut 34:5-6; THE LINE moses_died_and_was_buried (an ACT); THE WRITES moses_died_by_the_mouth_of_the_lord on moses, three_gifts_merits_withdrawn_at_the_third_death on israel_people; THE REUSE gathered_to_his_people on moses; THE POINTER ROW 34:5; song_charge_nebo, chukat, journeys, beha, covenant_return_charge by CALL; THE DATA ROWS the_death_in_aarons_words, who_wrote_and_moses_died_there, the_three_gifts_third_event — moses_the_servant_of_the_lord_died_there_in_the_land_of_moab_by_the_mouth_of_the_lord
        ->  moses_died_by_the_mouth_of_the_lord [status]  Moses died by the mouth of the LORD — the STATUS the line moses_died_and_was_buried writes on Moses: 'AND MOSES THE SERVANT OF THE LORD DIED THERE IN THE LAND OF MOAB BY THE MOUTH OF THE LORD' (34:5) — THE DEATH IN AARON'S WORDS: 'by the mouth of the LORD' Numbers 33:38's (journeys.aarons_death_retold by_the_mouth_kiss by CALL — the death by the kiss, Miriam's too: chukat.meribah death_by_the_kiss), 'when he died' 33:39's, 'thirty days' 20:29's — each twice in the Bible, Aaron's and Moses'; 32:50's 'die in the mountain … as Aaron your brother died' EXECUTED WITHOUT A SHARED TOKEN — the twin by sense (the Sifrei 357:28-30): THE SONG'S OWED POINTER 32:50 -> 34:5 PAID, gathered_to_his_people REUSED on moses (Aaron's word — Numbers 20:24, 20:26; chukat.edom_and_hor by CALL), the readback's POINTER ROW 34:5 grade R; 'the servant of the LORD' once in the Torah, nineteen in the Bible (Joshua 1:1 the Prophets' first verse — cited never read); WHO WROTE 'AND MOSES DIED THERE' — 357:28 a DISPUTE row (Joshua from here; Rabbi Meir: Moses at dictation, in tears — Bava Batra 15a, Menachot 30a OWED): the DATA row who_wrote_and_moses_died_there, no verdict of ours; the soul taken gently by the Place Himself — the trustee's parable (E26, 357:30), the angel of death refused (305:5 — covenant_return_charge by reference); Onkelos 'BY THE MEMRA OF THE LORD' — the death by the Word
        ->  gathered_to_his_people [status]  gathered to his people — the STATUS the death notice writes: 'and he expired and was gathered to his people' — the formula at Abraham (25:8), Ishmael (25:17), Isaac (35:29), and Jacob (49:33; 49:29 'I am being gathered' in his own mouth), each followed by a burial by sons; 'he expired' at the four patriarchal deaths and the flood (7:21); the sons' burial-duty opens at the gathering
        ->  three_gifts_merits_withdrawn_at_the_third_death [status]  the three gifts' merits withdrawn at the third death — the STATUS the line moses_died_and_was_buried writes on Israel: 'and Moses the servant of the LORD died there IN THE LAND OF MOAB BY THE MOUTH OF THE LORD' (34:5) — THE THREE GIFTS' THIRD EVENT (owed since Numbers 20 — the well by Miriam's merit, the cloud by Aaron's, the manna by Moses' — Taanit 9a in beha.taberah_and_quail three_gifts by CALL; chukat's DATA well_by_merit; covenant_return_charge's DATA the_three_gifts_and_their_merits; song_charge_nebo's DATA moses_death_ahead): the well returned by Moses' and Aaron's merit at Miriam's death and the cloud by Moses' at Aaron's, both RUN CITATIONS by CALL (chukat.meribah, beha); at the third death the last merit is withdrawn — the manna stands on the store gathered the seventh of Adar to the sixteenth of Nisan (Kiddushin 38a OWED; Joshua 5:12 the Prophets' seat cited never read): THE LEAN FORM — the third event a STATUS by this chapter's daemon, a standing daemon over the three deaths OWED to the full process (COMPILE_DEBT's line 17); the DATA row the_three_gifts_third_event carries the three merits and the two prior events' kinds
PASS  [MOVE]  Deut 34:5-6; THE WRITE buried_by_the_lord_grave_unknown on moses; THE POINTER ROW 34:6 (the blessing's owed pointer PAID); blessing_of_moses, gad_reuben, second_tablets, joseph, opening_speech, obey_horeb by CALL; TOSEFTA SOTAH 4:4, MISHNAH SOTAH 1:9 and 1:7 — the exam rows — he_buried_him_in_the_valley_in_the_land_of_moab_over_against_beth_peor
        ->  buried_by_the_lord_grave_unknown [status]  buried by the LORD, the grave unknown — the STATUS the line moses_died_and_was_buried writes on Moses: 'AND HE BURIED HIM IN THE VALLEY IN THE LAND OF MOAB OVER AGAINST BETH-PEOR; AND NO MAN KNOWS HIS GRAVE TO THIS DAY' (34:6) — THE GRAVE IN GAD'S PORTION PAID: Onkelos 33:21 ('there in his inheritance Moses the great scribe of Israel is buried') and 355:6 meet 357:31 (died in Reuben's inheritance, buried in Gad's field — Numbers 32:38's Nebo) and TOSEFTA SOTAH 4:4 (the four mil in the body of the Shekhinah — the parameter the_four_mil; Moses merited Joseph's bones — Sotah 1:9 the case, the parameter joseph_bones_merited; measure for measure — Sotah 1:7, the Holy One attended his — the parameter the_burial_by_the_place): THE BLESSING'S OWED POINTER 33:21 -> 34:6 PAID — the readback's POINTER ROW 34:6 grade R (gad_reuben's DATA moses_grave and blessing_of_moses' DATA moses_grave_ahead by CALL; Sotah 13b OWED); the burial by the LORD Himself — second_tablets.the_stations_and_the_death walk_after_his_attributes by CALL (Sotah 14a's burying the dead the callee's own row); no man knows the grave — not even Moses (357:32, 'the man' Numbers 12:3), Caesar's two detachments; 'the valley' 3:29's and 4:46's word, 'over against Beth-peor' three seats (opening_speech.the_plea beth_peor, obey_horeb by CALL); Onkelos's valley, 'his grave' (10:6 Aaron's word); the store's one blank gloss at Beth-peor written at the reading
PASS  [MOVE]  Deut 34:5-6; the grave unknown — the burial's own status, no second write; 357:32's two detachments; beha, family, joseph by CALL — no_man_knows_his_grave_to_this_day
        ->  accepted           [heaven]  accepted for him — the offering's acceptance state
PASS  [MOVE]  Deut 34:7-8; THE LINE moses_hundred_and_twenty_israel_wept_thirty_days (an ACT); THE WRITE died_at_a_hundred_and_twenty_eye_undimmed on moses; THE PARSER'S 120 a DATA row (no second marker); covenant_return_charge, journeys, exodus_story, erection by CALL — moses_was_a_hundred_and_twenty_years_old_when_he_died_his_eye_not_dim_nor_his_natural_force_abated
        ->  died_at_a_hundred_and_twenty_eye_undimmed [status]  died at a hundred and twenty, the eye undimmed — the STATUS the line moses_hundred_and_twenty_israel_wept_thirty_days writes on Moses: 'AND MOSES WAS A HUNDRED AND TWENTY YEARS OLD WHEN HE DIED; HIS EYE WAS NOT DIM, NOR HIS NATURAL FORCE ABATED' (34:7) — THE PARSER'S 120: 31:2's number restated on the marker's day ('I am a hundred and twenty years old this day' — covenant_return_charge.the_charge_and_the_crossing by CALL; the_death_date_of_moses the calendar's parameter, 19b's — the seventh of Adar), NO SECOND MARKER — the parser's hit a DATA row, no count in the world; Genesis 6:3's hundred and twenty; the four who lived a hundred and twenty and the six pairs (357:33 — the ages of Kohath, Amram and Joseph the tape's own); the eyes of the dead dim and Moses' not (357:34), the freshness that wells even now — a 'do not read' (357:35, no code); Onkelos 'the splendor of the glory of his face did not change' — the natural force rendered the shining face of Exodus 34:29 (face_radiant 1 on moses — erection.tablets radiance by CALL); 'when he died' Numbers 33:39's (Aaron's — journeys by CALL)
PASS  [MOVE]  Deut 34:7-8; THE REUSE mourned_thirty_days at 34:8 on israel_people WITHOUT A DUE — the thirty days a DURATION; THE PARSER'S 30 a DATA row; THE DATA ROW the_thirty_days_a_duration; chukat by CALL — the_children_of_israel_wept_for_moses_in_the_plains_of_moab_thirty_days
        ->  mourned_thirty_days [timer]  mourned thirty days — the TIMER the weeping sets on Israel, due the death's day + 30: 'and they wept for Aaron thirty days, all the house of Israel' (Num 20:29 — [30] by the parser; Deut 34:8's thirty for Moses); FIRES at (40, 6, 1) on the walk to the journey from Mount Hor (21:4)
PASS  [MOVE]  Deut 34:7-8; THE WRITE days_of_weeping_for_moses_ended on israel_people; THE PARAMETER the_nazirites_term; naso, family by CALL; MISHNAH NAZIR 1:3 — the exam row — the_days_of_weeping_in_the_mourning_for_moses_were_ended
        ->  days_of_weeping_for_moses_ended [status]  the days of weeping for Moses ended — the STATUS the line moses_hundred_and_twenty_israel_wept_thirty_days writes on Israel: 'AND THE CHILDREN OF ISRAEL WEPT FOR MOSES IN THE PLAINS OF MOAB THIRTY DAYS; AND THE DAYS OF WEEPING IN THE MOURNING FOR MOSES WERE ENDED' (34:8) — THE PARSER'S 30: Aaron's thirty (Numbers 20:29 — 'thirty days' the two seats of the Bible; aaron_mourned_thirty_days the tape's kind, mourned_thirty_days on israel_people — chukat.edom_and_hor thirty_days by CALL): mourned_thirty_days REUSED at its own forward seat on israel_people WITHOUT A DUE — THE THIRTY DAYS A DURATION, not a marker (the design's ruling: no timer set, the counter unmoved at (40, 12, 7); the tradition's arithmetic Adar 7 to Nisan 7 and the manna to the sixteenth of Nisan a DATA row the_thirty_days_a_duration — the next book's tape walks the counter, cited never read); 357:36-37 the weeping one, the days two, the mourning three; THE NAZIRITE'S TERM FROM THIS VERSE by the verbal analogy 'days'/'the days' (I2 — Numbers 6:4; Nazir 1:3 the case): THE PARAMETER the_nazirites_term — naso's DATA nazir_default_days (30) the callee's own row by CALL, the last chapter of the Torah supplying a datum to the sixth of Numbers (the code/data law's exhibit); 'in the plains of Moab' Numbers' own footer (26:63, 36:13 — by reference); Onkelos 'thirty days' (2:14's word)
PASS  [MOVE]  Deut 34:9; THE LINE joshua_full_of_the_spirit_israel_hearkened (an ACT); THE WRITE spirit_of_wisdom_by_the_hands_laid on yehoshua; the commission Numbers 27:18-23 a RUN CITATION; zelophehad, opening_speech, covenant_return_charge, shelach, beha by CALL — joshua_the_son_of_nun_was_full_of_the_spirit_of_wisdom_for_moses_had_laid_his_hands_upon_him
        ->  spirit_of_wisdom_by_the_hands_laid [status]  the spirit of wisdom by the hands laid — the STATUS the line joshua_full_of_the_spirit_israel_hearkened writes on Joshua (the ledger yehoshua — invested_office, joshua_commissioned_to_bring_israel_in, joshua_charged_to_bring_israel_in the entries before): 'AND JOSHUA THE SON OF NUN WAS FULL OF THE SPIRIT OF WISDOM, FOR MOSES HAD LAID HIS HANDS UPON HIM' (34:9) — THE COMMISSION'S RECEIPT: Numbers 27:18-23 on the tape (six shared with 27:23 — 'his hands upon him'; one hand commanded, two laid — opening_speech.the_commission the_hand_laid by CALL; zelophehad by CALL; a RUN CITATION), 31:7 and 31:23 (covenant_return_charge.the_tent_and_the_commission by CALL); 'the spirit of wisdom' Exodus 28:3's and Isaiah 11:2's three seats (the Prophets' seat cited never read); Onkelos 'filled with a spirit of wisdom because Moses had rested his hands on him' — semakh one seat in the book; 357:38 Joshua's wisdom; Hoshea's new name (shelach.spies joshua_name by CALL); 'for' (ki) the chapter's one
PASS  [MOVE]  Deut 34:9; THE WRITE israel_hearkened_to_joshua_as_the_lord_commanded_moses on israel_people; THE RECEIPT ROW 34:9 — the register's seat re-declared from the gate's print; THE PARAMETER the_chain_of_transmission; blessing_of_moses, second_tablets, hear_o_israel, covenant_return_charge by CALL; MISHNAH AVOT 1:1 — the exam row — the_children_of_israel_hearkened_to_him_and_did_as_the_lord_commanded_moses
        ->  israel_hearkened_to_joshua_as_the_lord_commanded_moses [status]  Israel hearkened to Joshua as the LORD commanded Moses — the STATUS the line joshua_full_of_the_spirit_israel_hearkened writes on Israel: 'AND THE CHILDREN OF ISRAEL HEARKENED TO HIM, AND DID AS THE LORD COMMANDED MOSES' (34:9) — THE REGISTER'S ONE SEAT in the chapter: 'as the LORD commanded Moses' the tabernacle's receipt formula (thirty-eight Torah seats, this the last; Exodus 12:28, 12:50 by reference), declared class NONE at Numbers' close for a book unread — RE-DECLARED at this compile to the class the register gate computes (the referent BEHIND on the tape: the commission's own line, invested_office on yehoshua; the pointer's form — 10:5's and 20:17's precedent): the DATA row the_receipt_re_declared; 357:39 no greater obedience, the awe at Joshua 4:14 (cited never read); Onkelos 'THE CHILDREN OF ISRAEL RECEIVED FROM HIM' — Avot 1:1's chain in the translator's own verb (kabbalah's): THE PARAMETER the_chain_of_transmission (Moses received the Torah from Sinai and handed it to Joshua — blessing_of_moses' DATA by CALL; Avot 1:1 the case); the readback row 34:9 THE RECEIPT ROW
PASS  [MOVE]  Deut 34:10-12; THE LINE no_prophet_like_moses_declared (an ACT — the epilogue); THE WRITE no_prophet_like_moses_face_to_face_declared on israel_people; THE PARAMETER the_prophets_bound; courts_prophet, erection, beha by CALL — there_arose_not_a_prophet_since_in_israel_like_moses_whom_the_lord_knew_face_to_face
        ->  no_prophet_like_moses_face_to_face_declared [status]  no prophet like Moses, face to face, declared — the STATUS the line no_prophet_like_moses_declared writes on Israel: 'AND THERE AROSE NOT A PROPHET SINCE IN ISRAEL LIKE MOSES, WHOM THE LORD KNEW FACE TO FACE' (34:10) — 18:15's and 18:18's prophet LIKE Moses promised and none arisen (prophet_like_moses_promised 1 on israel_people — courts_prophet.the_prophet by CALL): THE PARAMETER the_prophets_bound (18:15's 'like me' bounded by 357:40's three differences — the king's cook E26; Balaam among the nations, Numbers 24:4, 24:16 on the tape; 5:28's 'stand here by Me'); 'face to face' Exodus 33:11's (erection.presence pillar_face by CALL — the tent of meeting; Genesis 32:31, Judges 6:22, Ezekiel 20:35 the five seats) and Numbers 12:8's 'mouth to mouth' the twin by sense (beha.miriam dibbur by CALL); 357:41 the face refused in this world and shown at death — the dead see (Exodus 33:18-23 on the tape); Onkelos 'to whom the LORD was revealed face to face'; 'not' the chapter's fifth; 'in Israel' the one prefixed seat
PASS  [MOVE]  Deut 34:10-12; the signs and the wonders RUN CITATIONS of the tape's own Egypt lines; exodus_story by CALL; no write — all_the_signs_and_wonders_the_lord_sent_him_to_do_in_the_land_of_egypt_to_pharaoh_his_servants_and_his_land
        ->  accepted           [heaven]  accepted for him — the offering's acceptance state
PASS  [MOVE]  Deut 34:10-12; THE WRITE signs_mighty_hand_great_terror_in_the_sight_of_all_israel_declared on israel_people; THE TABLETS BROKEN the Sifrei's last row (357:44); THE BOOK'S EDGE — THE DATA ROW the_books_edge; exodus_story, second_tablets, erection, covenant_return_charge by CALL — the_mighty_hand_and_the_great_terror_which_moses_wrought_in_the_sight_of_all_israel
        ->  signs_mighty_hand_great_terror_in_the_sight_of_all_israel_declared [status]  the signs, the mighty hand and the great terror in the sight of all Israel declared — the STATUS the line no_prophet_like_moses_declared writes on Israel: 'all the signs and the wonders which the LORD sent him to do in the land of Egypt, to Pharaoh, his servants and his land; AND THE MIGHTY HAND AND THE GREAT TERROR WHICH MOSES WROUGHT IN THE SIGHT OF ALL ISRAEL' (34:11-12) — the signs Exodus 7:3's (exodus_story.signs and plagues by CALL — RUN CITATIONS of the tape's own lines; signs_in_hand 1 on moses), 'to Pharaoh and to all his servants' 29:1's pair (covenant_return_charge by reference), the mighty hand the firstborn's plague and the great terror the sea (357:42-43 — exodus_story.sea by CALL; Exodus 14:31's 'the great hand' three shared), 'the mighty hand' with the article once, 'the great terror' once; 357:44 Rabbi Elazar's Sinai, the wilderness and THE TABLETS BROKEN 'before your eyes' (9:17 — second_tablets.the_tablets_and_the_ark and erection.tablets breaking_ratified by CALL; the shelf's last teaching approves the breaking — Shabbat 87a OWED): THE EXPORT'S LAST ROW, the Sifrei ends with the book; Onkelos 'the great vision' for the terror; 'in the sight of all Israel' 31:7's pair; THE BOOK'S EDGE — the unit deu_34_moses_death's twelve steps close, the Torah's tape ends; the next line the Prophets' (Joshua 1:1 — never read): the DATA row the_books_edge
PASS  [DATA]  Deut 34:1-12 (the readback table); RB — the readback table, twelve rows — the_table
        ->  accepted           [heaven]  accepted for him — the offering's acceptance state
PASS  [DATA]  Deut 34:1-12 (the readback table); RB — the six lines' first verses — the_supplied_rows
        ->  accepted           [heaven]  accepted for him — the offering's acceptance state
PASS  [DATA]  Deut 34:1-12 (the readback table); RB — the T1 rows against the tape's lines (the chapter's pasts) — the_reference_rows
        ->  accepted           [heaven]  accepted for him — the offering's acceptance state
PASS  [DATA]  Deut 34:1-12 (the readback table); RB — the one receipt at 34:9 by the finder's own count; the register's seat re-declared; the three pointer rows paid — the_receipts
        ->  accepted           [heaven]  accepted for him — the offering's acceptance state
PASS  [DATA]  Deut 34:1-12 (the readback table); RB — no state row; the pointer rows 34:4, 34:5, 34:6 — the_state_and_the_pointers
        ->  accepted           [heaven]  accepted for him — the offering's acceptance state
PASS  [DATA]  Deut 34:1-12 (the readback table); RB — the reading's kin asserts read again — the_twin_diffed
        ->  accepted           [heaven]  accepted for him — the offering's acceptance state
PASS  [DATA]  Deut 34:1-12 (the readback table); RB — the chapter's pasts retold as reference rows, its acts the lines at Moses' last day; no marker; the thirty days a duration — no_retrograde_row
        ->  accepted           [heaven]  accepted for him — the offering's acceptance state

MATRIX: 23/23 cells match the answer sheet
FRACTIONS: pure ink 0/23 (0%) · named moves 16/23 (70%) · data 7/23 (30%) · hypotheses 0/23 (the H class, counted apart — never as compiled)
LEDGER OPS this span writes: heaven x11, status x13, timer x1
THE INK: the number verses {'34:7': [120], '34:8': [30]}, the ordinals {} (the starred tokens at []); the negations {'34:4': 1, '34:6': 1, '34:7': 2, '34:10': 1}; the Name 7 bare tokens; the tokens {34: 176}
THE READBACK — THE FORMS ON FILE, NO NEW FORM: 12 rows — {'SUPPLIED': 6, 'VERBATIM': 2, 'VARIANT': 2, 'SHORTENED': 1, 'TURNED': 1}; on the tape 8, in the kin's cells by CALL 12 (every cell found True); the SUPPLIED rows ['Deut 34:1', 'Deut 34:4', 'Deut 34:5', 'Deut 34:7', 'Deut 34:9', 'Deut 34:10']; the rows with writes [('Deut 34:1', 'moses_went_up_to_nebo_as_commanded'), ('Deut 34:2', 'the_whole_land_shown_to_moses_gilead_to_zoar'), ('Deut 34:4', 'land_sworn_to_the_fathers_shown_at_the_end_declared'), ('Deut 34:5', 'moses_died_by_the_mouth_of_the_lord'), ('Deut 34:6', 'buried_by_the_lord_grave_unknown'), ('Deut 34:7', 'died_at_a_hundred_and_twenty_eye_undimmed'), ('Deut 34:8', 'days_of_weeping_for_moses_ended'), ('Deut 34:9', 'spirit_of_wisdom_by_the_hands_laid'), ('Deut 34:10', 'no_prophet_like_moses_face_to_face_declared'), ('Deut 34:12', 'signs_mighty_hand_great_terror_in_the_sight_of_all_israel_declared')]; the pointer rows ['Deut 34:4', 'Deut 34:5', 'Deut 34:6']; the state rows []; the OPEN rows []; the holes 0
THE COUNTER AND THE PARAMETERS: {'counter': (40, 12, 7), 'marker': None, 'marker_verse': None, 'marker_at': None, 'days_walked': 0, 'the_day_by': "19b's marker at Deut 31:1 (the number's verse 31:2) — the_death_date_of_moses on the calendar's keys; the thirty days of weeping a DURATION, no timer (the design's ruling)", 'clock_data': ['the_death_date_of_moses']}; the parameters 9 (in the registry 1, in DATA 9); DATA rows 30
THE SCANS on the one database: the twelve on their ledgers {'moses': [], 'israel_people': [], 'yehoshua': []}; the kin counts {'go_up_to_nebo_see_the_land_commanded': 1, 'die_in_the_mountain_gathered_to_your_people_commanded': 1, 'as_aaron_died_in_hor_and_was_gathered': 1, 'see_the_land_from_afar_not_go_there': 1, 'barred_from_the_land': 2, 'gathered_to_his_people': 5, 'mourned_thirty_days': 1, 'garments_transferred': 1, 'invested_office': 6, 'joshua_commissioned_to_bring_israel_in': 1, 'joshua_charged_to_bring_israel_in': 1, 'lord_with_joshua_promised': 1, 'moses_to_sleep_with_the_fathers': 1, 'corruption_after_moses_death_foretold': 1, 'prophet_like_moses_promised': 1, 'face_radiant': 1, 'signs_in_hand': 1, 'manna_provided': 1, 'well_given': 1, 'camp_moves_by_the_cloud': 2, 'bones_oath': 1, 'buried': 9, 'wept': 12, 'blessing_given_before_moses_death': 1}; the reuses {'see_the_land_from_afar_not_go_there': 1, 'gathered_to_his_people': 5, 'mourned_thirty_days': 1}; the entities {'go_up_to_nebo_see_the_land_commanded': ['moses'], 'die_in_the_mountain_gathered_to_your_people_commanded': ['moses'], 'as_aaron_died_in_hor_and_was_gathered': ['moses'], 'see_the_land_from_afar_not_go_there': ['moses'], 'barred_from_the_land': ['aaron', 'moses'], 'gathered_to_his_people': 5, 'mourned_thirty_days': ['israel_people'], 'garments_transferred': ['aaron'], 'invested_office': 6, 'garments_transferred_and_aaron_died': [], 'blessing_given_before_moses_death': ['israel_people'], 'prophet_like_moses_promised': ['israel_people'], 'face_radiant': ['moses'], 'bones_oath': ['israel_people']}
THE CALLEES (the facts printed and asserted from the print): 112 facts — SC_GOUP go up into this mountain of Ab; SC_DEATH {'the_command': 'Deut 32:50 — ; CR_120 a hundred and twenty years old; CR_GIFTS THREE GIFTS BY THREE MERITS — ; BL_GRAVE {'the_verse': 'Deut 33:21', 't; BL_CHAIN Moses received the Torah from ; GR_GRAVE reubens_nebo_gads_field; CK_DATES Aaron (40, 5, 1) by the ink, a; CK_THIRTY thirty days' weeping by all th; JR_MOUTH by the mouth of the LORD at th; ST_WALK walk after His attributes (Sot; ZE_RUN given in the sixth book by the; OS_HAND the hand laid (27:18, 23) — on; BH_GIFTS the well, the cloud, the manna; NS_DAYS 30; CP_MIDST from your midst, of your broth; ER_BREAK yishar_kochakha; ES_SEA 10; JO_OATH Gen 47:31; SH_NAME Hoshea to Joshua at 13:16 — th
THE EXAM (lean): the five Mishnah rows and the one Tosefta row ['Avot 1:1', 'Nazir 1:3', 'Sanhedrin 10:1', 'Sotah 1:7', 'Sotah 1:9', 'Sotah 4:4']; segments read 0
THE NARRATIVE: (15, 0, 3, (12, 7), 0, 0, 0, 0, [(12, 7)]) (the twelve on three ledgers — {'moses': ['moses_went_up_to_nebo_as_commanded', 'the_whole_land_shown_to_moses_gilead_to_zoar', 'land_sworn_to_the_fathers_shown_at_the_end_declared', 'see_the_land_from_afar_not_go_there', 'moses_died_by_the_mouth_of_the_lord', 'gathered_to_his_people', 'buried_by_the_lord_grave_unknown', 'died_at_a_hundred_and_twenty_eye_undimmed'], 'israel_people': ['three_gifts_merits_withdrawn_at_the_third_death', 'mourned_thirty_days', 'days_of_weeping_for_moses_ended', 'israel_hearkened_to_joshua_as_the_lord_commanded_moses', 'no_prophet_like_moses_face_to_face_declared', 'signs_mighty_hand_great_terror_in_the_sight_of_all_israel_declared'], 'yehoshua': ['spirit_of_wisdom_by_the_hands_laid']})
THE PARAMETER ROWS: the_readback = 12 rows, 0 holes, 0 open rows; the_counter_and_the_parameters = {'counter': (40, 12, 7), 'marker': None, 'marker_verse': None, 'marker_at': None, 'days_walked': 0, 'the_day_by': "19b's marker at Deut 31:1 (the number's verse 31:2) — the_death_date_of_moses on the calendar's keys; the thirty days of weeping a DURATION, no timer (the design's ruling)", 'clock_data': ['the_death_date_of_moses']}; the_twin_diffed = {'34:4 vs Exod 33:1': 10, '34:4 vs 6:10': 7, '34:4 vs 3:27': 3, '34:4 vs 32:52': 2, '34:1 vs 32:49': 8, '34:1 vs 3:27': 3, '34:1 vs Num 27:12': 4, '34:5 vs Num 33:38': 3, '34:5 vs 32:50': 0, '34:5 vs Josh 1:1': 4, '34:5 vs Num 20:28': 3, '34:6 vs 3:29': 3, '34:6 vs 33:21': 0, '34:6 vs Gen 50:13': 2, '34:7 vs 31:2': 5, '34:7 vs Gen 6:3': 3, '34:7 vs Num 33:39': 4, '34:7 vs Exod 34:29': 2, '34:8 vs Num 20:29': 4, '34:8 vs Num 6:4': 1, '34:8 vs Num 36:13': 4, '34:9 vs Num 27:23': 6, '34:9 vs Num 27:18': 5, '34:9 vs 31:23': 6, '34:9 vs 31:7': 3, '34:9 vs Exod 28:3': 3, '34:9 vs Exod 12:28': 7, '34:10 vs Exod 33:11': 4, '34:10 vs Num 12:8': 2, '34:10 vs 18:15': 2, '34:10 vs 18:18': 2, '34:11 vs Exod 7:3': 2, '34:11 vs 29:1': 9, '34:12 vs Exod 14:31': 3, '34:12 vs 9:17': 0, '34:12 vs 31:7': 4, '34:12 vs 4:34': 2, '34:2 vs 11:24': 3, '34:3 vs 2Chr 28:15': 3, '34:1 vs Gen 14:14': 3}; the_parsers_hits = {'the_numbers': {'34:7': [120], '34:8': [30]}, 'the_ordinals': {}, 'the_starred': {}}; the_receipts = ['Deut 34:9'] (the other settings recorded in DATA — 30 rows)

THE COMPILE OF CHAPTER 34 (LEAN): the answer sheet REPRODUCED — 23/23
