
THE CONSECRATION, SUBSTITUTION, AND DEVOTION MACHINE COMPILES — the two substitution verbs, "beast for beast," "it and its substitute" at the vow and the tithe, the fifth censused five times, the partitive "from all that he has," the ordinal tenth under the rod; three calls into sister engines: the Jubilee engine's tithe naming and the Passover engine's firstling donkey.
THE TOKENS (printed before they are asserted): {34: 176}
THE INK (printed before it is asserted): PARSE {(34, 7): ([120], [], []), (34, 8): ([30], [], [])}, NUMV [(34, 7), (34, 8)], ORDV [], STARV [], TOKN {34: 176}
THE NEGATIONS AND THE NAME (printed before they are asserted): {(34, 4): ['לא'], (34, 6): ['ולא'], (34, 7): ['לא', 'ולא'], (34, 10): ['ולא']} 7
THE CLOCK (printed before it is asserted): {'counter': (40, 12, 7), 'marker': None, 'marker_verse': None, 'marker_at': None, 'days_walked': 0, 'the_day_by': "19b's marker at Deut 31:1 (the number's verse 31:2) — the_death_date_of_moses on the calendar's keys; the thirty days of weeping a DURATION, no timer (the design's ruling)", 'clock_data': ['the_death_date_of_moses']}
THE SCANS (printed before they are asserted): holes {'moses': [], 'israel_people': [], 'yehoshua': []}; the kin counts {'go_up_to_nebo_see_the_land_commanded': 1, 'die_in_the_mountain_gathered_to_your_people_commanded': 1, 'as_aaron_died_in_hor_and_was_gathered': 1, 'see_the_land_from_afar_not_go_there': 1, 'barred_from_the_land': 2, 'gathered_to_his_people': 5, 'mourned_thirty_days': 1, 'garments_transferred': 1, 'invested_office': 6, 'joshua_commissioned_to_bring_israel_in': 1, 'joshua_charged_to_bring_israel_in': 1, 'lord_with_joshua_promised': 1, 'moses_to_sleep_with_the_fathers': 1, 'corruption_after_moses_death_foretold': 1, 'prophet_like_moses_promised': 1, 'face_radiant': 1, 'signs_in_hand': 1, 'manna_provided': 1, 'well_given': 1, 'camp_moves_by_the_cloud': 2, 'bones_oath': 1, 'buried': 9, 'wept': 12, 'blessing_given_before_moses_death': 1}; the reuses {'see_the_land_from_afar_not_go_there': 1, 'gathered_to_his_people': 5, 'mourned_thirty_days': 1}; the entities {'go_up_to_nebo_see_the_land_commanded': ['moses'], 'die_in_the_mountain_gathered_to_your_people_commanded': ['moses'], 'as_aaron_died_in_hor_and_was_gathered': ['moses'], 'see_the_land_from_afar_not_go_there': ['moses'], 'barred_from_the_land': ['aaron', 'moses'], 'gathered_to_his_people': ['aaron', 'abraham', 'isaac', 'ishmael', 'jacob'], 'mourned_thirty_days': ['israel_people'], 'garments_transferred': ['aaron'], 'invested_office': ['aaron-and-sons', 'eleazar_son_of_aaron', 'pinchas', 'the-firstborn', 'the_levites', 'yehoshua'], 'garments_transferred_and_aaron_died': [], 'blessing_given_before_moses_death': ['israel_people'], 'prophet_like_moses_promised': ['israel_people'], 'face_radiant': ['moses'], 'bones_oath': ['israel_people']}
THE TWINS DIFFED (printed before they are asserted): {'34:4 vs Exod 33:1': 10, '34:4 vs 6:10': 7, '34:4 vs 3:27': 3, '34:4 vs 32:52': 2, '34:1 vs 32:49': 8, '34:1 vs 3:27': 3, '34:1 vs Num 27:12': 4, '34:5 vs Num 33:38': 3, '34:5 vs 32:50': 0, '34:5 vs Josh 1:1': 4, '34:5 vs Num 20:28': 3, '34:6 vs 3:29': 3, '34:6 vs 33:21': 0, '34:6 vs Gen 50:13': 2, '34:7 vs 31:2': 5, '34:7 vs Gen 6:3': 3, '34:7 vs Num 33:39': 4, '34:7 vs Exod 34:29': 2, '34:8 vs Num 20:29': 4, '34:8 vs Num 6:4': 1, '34:8 vs Num 36:13': 4, '34:9 vs Num 27:23': 6, '34:9 vs Num 27:18': 5, '34:9 vs 31:23': 6, '34:9 vs 31:7': 3, '34:9 vs Exod 28:3': 3, '34:9 vs Exod 12:28': 7, '34:10 vs Exod 33:11': 4, '34:10 vs Num 12:8': 2, '34:10 vs 18:15': 2, '34:10 vs 18:18': 2, '34:11 vs Exod 7:3': 2, '34:11 vs 29:1': 9, '34:12 vs Exod 14:31': 3, '34:12 vs 9:17': 0, '34:12 vs 31:7': 4, '34:12 vs 4:34': 2, '34:2 vs 11:24': 3, '34:3 vs 2Chr 28:15': 3, '34:1 vs Gen 14:14': 3}
THE CALLEES' FACTS (printed before they are asserted — 112):
  FACT SC_DEATH = {'the_command': 'Deut 32:50 — die in the mount and be gathered (a STATUS on moses)', 'the_event': "Deut 34:5 — the tape's event AHEAD (sitting 22's)",
  FACT SC_RB = [{'verses': 'Deut 32:1', 'told': 'give ear, O heavens, and I will speak; and let the earth hear the words of my mouth', 'grade': 'SUPPLIED', 'why': "S
  FACT SC_AARON = {'the_tape': 'Numbers 20:28 — garments_transferred_and_aaron_died at (40, 5, 1), aged 123 (chukat.edom_and_hor by CALL)', 'the_retelling': 'Numbers 33
  FACT SC_GOUP = "go up into this mountain of Abarim, Mount Nebo, and behold the land of Canaan (32:49) — Numbers 27:12's commission retold by the LORD's own mouth (op
  FACT SC_NEBO = "die in the mount where you go up, and be gathered to your people (32:50) — the death commanded, the death itself 34:5's event ahead (the three gifts'
  FACT SC_ASAARON = "as Aaron your brother died in Mount Hor and was gathered to his people (32:50) — Aaron's death the receipt: the tape's Numbers 20:28 (chukat — Aaron 
  FACT SC_DENIAL = "you shall see the land before you, but there you shall not go (32:52) — the seeing granted, the entering denied (the commission's debit by CALL to op
  FACT SC_TABLE = 'the readback table (32:1-52) — 52 rows one per verse, SHORTENED 8, SUPPLIED 16, VARIANT 5, VERBATIM 23; every row graded against its kin'
  FACT CR_120 = "a hundred and twenty years old this day (31:2) — the parser's [120]; the year the ink's (Exodus 7:7's eighty + forty), the day the answer sheet's (To
  FACT CR_CALLED = "Moses called Joshua in the sight of all Israel (31:7) — the public charge after 3:21-22's private one (opening_speech — your eyes have seen), 31:7 an
  FACT CR_COMM = "He commissioned Joshua: be strong and of good courage (31:23) — the LORD's own charge in the Tent, the verb of Numbers 27:19 and 27:23 (opening_speec
  FACT CR_BRING = "you shall bring the children of Israel into the land I swore (31:23) — 31:7's charge made 'bring', 10:11's forward charge (second_tablets — the charg
  FACT CR_SLEEP = "you shall sleep with your fathers (31:16) — the death's second announcement in the fathers' phrase, Jacob's testament the kin (family — burial_owed):
  FACT CR_AFTER = "after my death you will corrupt and turn, evil will befall you (31:29) — the exile case's head foretold in Moses' mouth (obey_horeb — the case head (
  FACT CR_DEATH = "THE SEVENTH OF ADAR OF THE FORTIETH YEAR — the year the ink's (Exodus 7:7's eighty at the exodus + the forty years = the hundred and twentieth), the 
  FACT CR_GIFTS = "THREE GIFTS BY THREE MERITS — the well by Miriam's, the pillar of cloud by Aaron's, the manna by Moses': Miriam died, the well ceased and returned by
  FACT BL_GRAVE = {'the_verse': 'Deut 33:21', 'the_teaching': "Onkelos 33:21 — 'for there in his inheritance Moses the great scribe of Israel is buried'; the Sifrei 355
  FACT BL_CHAIN = 'Moses received the Torah from Sinai and handed it to Joshua, Joshua to the elders, the elders to the prophets, the prophets to the men of the Great A
  FACT BL_AHEAD = {'forward': ["Deut 34:6 — Moses' grave in Gad's portion (33:21; Onkelos and 355:6) — the death's sitting's", "Deut 34:1-4 — the commission's debit on 
  FACT BL_LAW = 'Moses commanded us a law, the inheritance of the congregation of Jacob (33:4) — once in the Bible; the handing-over (Avot 1:1\'s chain a parameter; t
  FACT BL_PORTION = "he chose a first part, for there a portion of a ruler was reserved (33:21) — MOSES' GRAVE in Gad's portion (Onkelos and 355:6; Reuben's Nebo, Gad's f
  FACT GR_GRAVE = 'reubens_nebo_gads_field'
  FACT GR_CEASED = (40, 5, 15)
  FACT GR_CITY = "Nebo Reuben's (32:37-38) — Moses died in Reuben's portion (Sotah 13b:20); Onkelos 'Nebo, the burial place of Moses' at 32:3; the Sifrei 106:1's Gad t
  FACT CK_DATES = 'Aaron (40, 5, 1) by the ink, aged 123; Miriam the tenth of Nisan by the shelf; Moses the seventh of Adar (33:38-39; Seder Olam 10:2)'
  FACT CK_SUCC = 'the garments to Eleazar and the office with them — Exod 29:29-30 run at Mount Hor (20:26-28)'
  FACT CK_THIRTY = "thirty days' weeping by all the house of Israel — a timer due (40, 6, 1) (20:29; Deut 34:8 Moses' thirty)"
  FACT CK_AGE = 'Aaron 123 at his death (33:39 — [123])'
  FACT CK_WELL = "the well gone at Miriam's death, returned by Moses' and Aaron's merit (Taanit 9a; Seder Olam 10:2)"
  FACT CK_KISS = 'Miriam too by the kiss — "there" / "there" with Deut 34:5 (Bava Batra 17a)'
  FACT CK_BURIAL = "buried near the death — the woman's bier not set down in the street (Moed Katan 28a)"
  FACT CK_SENT = "barred from the land — Moses and Aaron; Aaron's closed at 20:28, Moses' at Deut 34 (20:12)"
  FACT CK_THERE = 'benefit from a corpse forbidden — "there" / "there" with the eglah arufah (Avodah Zarah 29b; Sanhedrin 47b)'
  FACT CK_WELLD = 'miriams_gone_at_her_death_returned'
  FACT CK_MOURNED = 'the_men_and_the_women'
  FACT CK_MANNA = 'light_absorbed_in_the_limbs'
  FACT JR_DATE = "Aaron died on (40, 5, 1) (33:38) — the tape's marker at 20:28, built from this verse; the ordinal reader's year and month"
  FACT JR_MOUTH = "by the mouth of the LORD at the death (33:38) — the kiss (Bava Batra 17a:3); the chukat runner's row death_by_the_kiss by CALL"
  FACT JR_ADAR = "Moses' seventh of Adar — computed backward from the tenth of Nisan (Kiddushin 38a:5-6); born and died the same day, a hundred and twenty exact (38a:7
  FACT JR_ANALOGY = "the fortieth year / the fortieth year — Deuteronomy 1:3's bare date counted from the exodus by the verbal analogy with 33:38 (Rosh Hashanah 2b:11, ta
  FACT JR_NOWRITE = "no write for 33:38-40 — the death and the hearing are the tape's 20:28 and 21:1 lines, checkpointed, not rewritten"
  FACT JR_DDATE = (40, 5, 1)
  FACT JR_AGE = 123
  FACT ST_WALK = "walk after His attributes (Sotah 14a:3-4) — 'after the LORD you shall walk' resolved as clothing the naked, visiting the sick, comforting mourners, B
  FACT ST_BURIED = "and he was buried there (10:6) — the Torah's one seat; Numbers 20:28-29 and 33:38-39 tell the death, the mourning and the age, never the burial: the 
  FACT ST_PLACE = "the place of the death — Moserah in the retelling (10:6), Mount Hor on the tape (Num 20:28, 33:38): an OPEN row inside the burial line's field; the r
  FACT ST_FRAG = "the fragments in the ark (10:2, 10:5) — 'and you shall put them in the ark' told only here (34:1 never gives it; 40:20 places the whole tablets alone
  FACT ST_R105 = "the receipt 10:5 — 'as the LORD commanded me' (4:5 the pair, the form's two Bible seats): the register's NONE reclassed ACT (the retrograde line's so
  FACT ST_ATTR = {'the_row': "Sotah 14a:3-4 — 'after the LORD your God you shall walk' (13:5): walk after His attributes — He clothed the naked (Genesis 3:21), visited
  FACT ST_CHARGE = {'31_7': "Moses to Joshua — 'for you shall go with this people into the land which the LORD swore to their fathers to give them' (seven tokens shared 
  FACT ZE_RUN = "given in the sixth book by the mouth of the LORD — the holding owed at 27:7 closed off the Torah (the readback's item)"
  FACT ZE_EXEC = 'married the sons of their uncles; the inheritance remained on the tribe of their father'
  FACT ZE_REACH = 'this_generation'
  FACT OS_MTN = "the mountain of Abarim (27:12) — Nebo and Pisgah its other names (34:1 one mountain): Deuteronomy 3:27's Pisgah the retelling of this command, READ B
  FACT OS_HAND = "the hand laid (27:18, 23) — one hand commanded, two laid (the Sifrei 141): invested_office on Joshua, the ordination's form"
  FACT OS_RECEIPT = "the receipt (27:22-23) — 'as the LORD commanded him': the commission's debit closed by its run, the register seat Num 27:22 CLOSE"
  FACT OS_DEBIT = 'the debit (27:12) — see the land from Abarim: commanded on Moses, OPEN to Deuteronomy 34:1-4; 3:27 reads it back with Pisgah'
  FACT OS_PISGAH = "Pisgah (3:27) — 27:12's command read back with Pisgah for Abarim and the four directions in the third order: TURNED; the debit OPEN read"
  FACT OS_PEOR = "Beth-peor (3:29) — the last camp by CALL (22:1; 36:13; Deuteronomy 34:1); 4:46 and 34:6 the valley's other seats: EXPANDED"
  FACT OS_CMDJ = "command Joshua (3:28) — the commission read back (Kiddushin 29a:14 — a galvanization for generations); 'he shall cause them to inherit' the effect's 
  FACT OS_REFUSAL = "the refusal (3:26) — 'let it suffice you' the singular's one seat, measure for measure for Korach's (Sotah 13b:13); 'did not hear' 1:45's phrase; the
  FACT OS_COMM = {'mountain_names': ['Abarim (27:12; 33:47-48; Deut 32:49)', 'Nebo (Deut 32:49; 34:1)', 'Pisgah (Deut 3:27; 34:1)'], 'hands': (['ידך'], ['ידיו']), 'uri
  FACT BH_GIFTS = 'the well, the cloud, the manna — three gifts by three shepherds'
  FACT BH_FELL = 'by rank — the righteous at their doors, the average outside the camp, the wicked far off'
  FACT BH_DIBBUR = 'harsh speech (dibbur)'
  FACT BH_DEAD = 'the leper among the four as dead'
  FACT BH_MEASURE = "an hour at the Nile, seven days' halt — measure for measure"
  FACT BH_SPIRIT = "set apart — Moses' spirit undiminished"
  FACT BH_CLOUDS = 7
  FACT NS_TERM = '30 days'
  FACT NS_DAYS = 30
  FACT CP_MIDST = "from your midst, of your brothers (18:15, 18:18) — not from outside the land, not from others, for you and not for the nations, Jeremiah resolved (th
  FACT CP_WORDS = "My words in his mouth (18:18) — not face to face, no interpreter, first things first (the Sifrei 176:3-5; balak's word-in-the-mouth by CALL): a param
  FACT CP_TEST = "the test by the event (18:21-22) — Jeremiah against Hananiah, the word graded by its coming to pass, presumptuously not in error (the Sifrei 178:2): 
  FACT CP_ORDER = {'not_face_to_face': "My words in his mouth — the Holy Spirit; Moses' mouth to mouth the contrast", 'no_interpreter': 'he speaks to them himself', 'fi
  FACT CP_SUCC = 'the son stands in his place — for the king and for every provider of Israel'
  FACT ER_FACE = (6, 5)
  FACT ER_AVOT = 'moses_joshua_elders_prophets_great_assembly'
  FACT ER_BREAK = 'yishar_kochakha'
  FACT ER_RADIANCE = (3, 3)
  FACT ER_FRAG = 'both_in_the_ark'
  FACT ER_3DEATHS = {'sword': 'witnesses_and_warning', 'plague': 'witnesses_no_warning', 'dropsy': 'neither'}
  FACT ER_PLAGUE = (5, 31)
  FACT ES_SIGNS = 3
  FACT ES_BELIEVED = [(4, 31), (14, 31)]
  FACT ES_TEN = 10
  FACT ES_SEA = 10
  FACT ES_BONES = 'moses_merited_the_bones_of_joseph'
  FACT ES_BIRTH = (12, 7)
  FACT JO_OATH = 'Gen 47:31'
  FACT JO_CMD = 'law_joseph_47_29'
  FACT JO_CLOSED = 'Gen 50:13'
  FACT JO_BONES = 'Exod 13:19'
  FACT JO_WITHYOU = 'when_you_go_up'
  FACT JO_BOTH = ('esau', 'jacob')
  FACT JO_GATHERED = 'law_joseph_35_29'
  FACT FA_GATHERED = ['Gen 25:8', 'Gen 25:17', 'Gen 35:29', 'Gen 49:33', 'Gen 49:29']
  FACT FA_BURIED = (8, False)
  FACT FA_CMD = True
  FACT FA_POSS = 'burial_is_the_first_act'
  FACT MA_THREE = 3
  FACT MA_SEED = 'Gen 25:16'
  FACT MA_PROMISE = 'buried_in_peace'
  FACT HI_RECEIPT = "the receipt (6:25) — 'as he commanded us' without the Name: a run citation of the charge (5:31), VERBATIM in kind; the gate's finder blind, the point
  FACT HI_OATH = {'deut_6_13': "'by his name you shall swear' — a POSITIVE clause: the true oath commanded", 'the_prohibition': 'the third word — the vain oath and the
  FACT HI_NONAME = {'deut_6_25': "'as he commanded us' — k/834 + 6680 with the suffix, NO Name", 'ezra_4_3': 'the one other Bible seat', 'the_finder': "BLIND — register_
  FACT OH_PEOR = "Baal-peor seen (4:3) — Numbers 25:3-9 READ BACK, SHORTENED: the yoking, the slaying and the plague's count in one clause (BK by CALL)"
  FACT OH_CHAIN = {'this_chapter': 'Deut 4:26', 'the_chain': ['Deut 4:26', 'Deut 30:19', 'Deut 31:28', 'Deut 32:1']}
  FACT OH_FRAME = {'deut_4_44_45': 'the_second_speech_s_head', 'write': None}
  FACT SH_NAME = 'Hoshea to Joshua at 13:16 — the new name at 8 seats before it, the old at Deut 32:44 (the same man)'
  FACT SH_EQUAL = 'equal — Caleb first at 13:6, Joshua at 13:8 (Tosefta Keritot 4:7)'
  FACT SH_CEASED = (40, 5, 15)
THE EXAM ROWS (printed before they are asserted — the lean exam file's cases): 6 ['Avot 1:1', 'Nazir 1:3', 'Sanhedrin 10:1', 'Sotah 1:7', 'Sotah 1:9', 'Sotah 4:4']
THE NARRATIVE (printed before it is asserted): (15, 0, 3, (12, 7), 0, 0, 0, 0, [(12, 7)]) {'moses': ['moses_went_up_to_nebo_as_commanded', 'the_whole_land_shown_to_moses_gilead_to_zoar', 'land_sworn_to_the_fathers_shown_at_the_end_declared', 'see_the_land_from_afar_not_go_there', 'moses_died_by_the_mouth_of_the_lord', 'gathered_to_his_people', 'buried_by_the_lord_grave_unknown', 'died_at_a_hundred_and_twenty_eye_undimmed'], 'israel_people': ['three_gifts_merits_withdrawn_at_the_third_death', 'mourned_thirty_days', 'days_of_weeping_for_moses_ended', 'israel_hearkened_to_joshua_as_the_lord_commanded_moses', 'no_prophet_like_moses_face_to_face_declared', 'signs_mighty_hand_great_terror_in_the_sight_of_all_israel_declared'], 'yehoshua': ['spirit_of_wisdom_by_the_hands_laid']} []
fastcheck: part1 fails 0, part2 fails 0, part3 fails 0, part4 fails 0, part5 fails 0, part6 fails 0
