WRITTEN: register_dispositions.yaml receipts Deut 34:9 — class NONE -> NONE (the gate's print — kept as the gate holds it, the stale why removed); receipts 53
dependency rc 1
DEPENDENCY GATE: 2 failure(s)
  FAIL LIVE EDGE sequence -> moses_death has NO ENTRY on file — the file understates the code: file it with its link (rule 9)
  FAIL POINTER Deut 34:9 AS_WHEN in moses_death ("כאשר צוה יהוה"): NO DISPOSITION
daemon rc 0
index: World/step9/DAEMON_INDEX.md regenerated (84 daemons, 620 functions)
DAEMON GATE: every daemon declared and its watches verified; every kind and effect registered; every compiled function dispositioned; every WRAPPED verified; every OWED on the worklist [gate satisfied]
  TOTAL submits 2972; HISTORY 1358; case rows 1491; statute 117; act/speech-on-tractate 6
recording: 3416 records written
  blessing_of_moses  worlds 1  total  11  HISTORY  11  case   0  statute  0  act/speech-on-tractate   0  unregistered 0
  moses_death        worlds 1  total   6  HISTORY   6  case   0  statute  0  act/speech-on-tractate   0  unregistered 0
PLACEMENT LITERAL: {'markers': {'text_constrained': 108, 'reading_placed': 50}, 'events': {'text_constrained': 110, 'page_order': 1287, 'reading_placed': 59}}
tape written into /Users/Shared/TorahSim/World/step9/cold_run_sequence.py: 1856 lines
  CENSUS tuple (scanned, history, on tape, case, source-off, register-off, deduped, re-based, closes, markers, F, P, R, kinds, subjects): (2520, 1319, 1456, 1185, 6, 10, 9, 0, 71, 173, 132, 15, 26, 1001, 275)
patched: RUN (writes +15 read), PREVIOUS_RUN (no declared delta), NEWEST_RUNNER, PLACEMENT (read {'markers': {'text_constrained': 108, 'reading_placed': 50}, 'events': {'text_constrained': 110, 'page_
tape rc 1
  CHECKPOINT C1 the flood 150 days (7:24, 8:3) vs 7:11->8:4 [OPEN-4] DIVERGE
  CHECKPOINT C3a 430 years in Egypt (Exod 12:40) vs exodus-descent [OPEN-3] DIVERGE
  CHECKPOINT C3d-85 THE JOIN: the covenant placed at Abraham's 85 (bereshit_rabbah_46_2) + Exod 12:40's 430 against the exodus marker, creation year 2449 DIVERGE
  CHECKPOINT C3c-literal the descent-literal setting against the bound DIVERGE  within [0, 350]
  CHECKPOINT C4 Shem 100 at Arpachshad, 2 years after the flood (11:10) vs 5:32 DIVERGE
  CHECKPOINT C10 Methuselah 7 days before the flood (Sanhedrin 108b:5) DIVERGE
  CHECKPOINT CS0 the ark = born + 3 months (2:2) vs the sixth of Sivan (Sotah 12b:16-17) DIVERGE
  CHECKPOINT CS1 the exodus day's weekday by the creation count vs Shabbat 87b:2 (Thursday = 5) DIVERGE
  CHECKPOINT CS4 the manna's first morning (16 Iyar) a Sunday by the shelf (Shabbat 87b:5) vs the creation count DIVERGE
  CHECKPOINT CD8 the Sifrei's THIRTEEN utterances "to Moses and to Aaron" (58:1 — thirteen exclusions of Aaron read at 7:89) against the frame census of the LORD speaking to Moses and to Aaron, Exodus-Numbers (computed; 
  CHECKPOINT CE3 the month of flesh (11:20) FIRED against the Hazeroth marker (2, 3, 22) — the machine's thirty days from the twenty-third against the tradition's inclusive count with a full Iyar (Taanit 29a:3-5): DIVERG
  CHECKPOINT CE8 the LORD going down: the Sifrei's "ten descents are written" (93:1) against the ink's ELEVEN tokens (sitting 3's measurement, the row descents) — DIVERGE expected, OPEN DIVERGE
  CHECKPOINT CF2 the forty days' timer (13:3-25) FIRED against the return marker (2, 5, 9) — the machine's forty from the twenty-ninth against the baraita's Ninth of Av (Taanit 29a:5): DIVERGE by one expected, the inclus
  CHECKPOINT CF6 the ink's "these ten times" (14:22; Pirkei Avot 5:4) against the ledger's tested_the_lord count on Israel at the decree — the exodus story's six murmurings and this sitting's tenth; the calf and the quai
  CHECKPOINT CK4 KORACH'S DEATH-MODE — 26:10 adds "and Korach" among the swallowed (declared True) against 16:32's "every person who belonged to Korach" (Korach named there: False — the name קרח, "Korach", absent from th
  CHECKPOINT CM5 MIRIAM'S DAY — the tape's buried on the arrival's day (40, 1, 1) against the shelf's tenth of Nisan (Seder Olam Rabbah 10:2; the row miriam_death_day): DIVERGE by nine days expected, OPEN — the ink gives
  CHECKPOINT CP8 JOCHEBED'S ROW — the named row "born to Levi in Egypt" as of Num 26:57-62 (26:59's subjectless "bore her"); the Joseph runner's seventy cell by CALL names her the missing one; CJ3b's verdict DIVERGE unch
  CHECKPOINT CA8 THE COMMISSION AND THE PLEA — invested_office on yehoshua ONE (27:22-23) with the commission debit on Moses ONE CLOSED (closed_by beginning "Num 27:22"); see_the_land_from_abarim on Moses ONE OPEN; plea_
  CHECKPOINT DA6 THE STIFF NECK — no effect naming stiff / neck / nape on israel_people (the state in the first telling, Exodus 32:9 — no entry, no write; the runner's own word list, run on the running world; THE DEUTERO
  CHECKPOINT DG7 THE REGISTER AND THE EDGES — NO register seat at Deut 15 (the reading's finder: no receipt, no header, no footer, no count line; 15:2's "this is the word of" and 15:6's "as He spoke" each outside the for
  CHECKPOINT DN2 THE WRITES — the forty-two NEW ONE each on their subjects with their lines' first verses (36 on israel_people, 1 on yehoshua — 32:44, 5 on moses — 32:48, 32:48, 32:48, 32:51, 32:51); THE THREE REUSES' en
  CHECKPOINT DN4 THE KIN AND THE REUSES — the sixty-two references' counts as the recon and the callees read them (barred_from_the_land 2 — Moses' and Aaron's, gathered_to_his_people 5 — Aaron's the fifth, became_the_lor
  CHECKPOINT DO4 THE KIN AND THE READBACK'S GROUND — the forty-seven references' counts as the recon and the callees read them (barred_from_the_land 2 — Moses' and Aaron's, gathered_to_his_people 5, counted 22, hand_open
  CHECKPOINT DP1 THE LINES — six events on the tape AFTER the tape's last Deuteronomy 33 line, in the ink's order (34:1, 34:4, 34:5, 34:7, 34:9, 34:10), no dated field; ALL on MOSES' LAST DAY (40, 12, 7) — 19b's ONE MARK
checkpoint_check: 361 rows, 21 miss, 0 raised — the tape stepped to its end in 174s
tape chain rc 0
scan census rc 0
