==== A. THE KIN BY COMPUTATION (the closest three re-scored in order; shared tokens outside the stop list)
  34:1: [('Deut 32:49', 5, 8), ('Exod 19:20', 4, 2), ('Num 21:20', 4, 5)]
  34:2: [('1Chr 9:3', 3, 2), ('2Chr 15:8', 3, 2), ('Joel 2:20', 3, 4)]
  34:3: [('2Chr 28:15', 3, 3), ('Dan 11:15', 2, 1), ('Judg 3:13', 2, 2)]
  34:4: [('Exod 33:1', 7, 10), ('Gen 50:24', 4, 6), ('Judg 6:13', 4, 5)]
  34:5: [('1Chr 1:46', 2, 2), ('1Chr 6:34', 2, 2), ('2Chr 1:3', 2, 4)]
  34:6: [('1Sam 17:25', 3, 1), ('2Kgs 6:32', 3, 3), ('2Kgs 7:9', 3, 3)]
  34:7: [('Deut 31:2', 4, 5), ('Num 33:39', 4, 4), ('1Kgs 22:42', 3, 3)]
  34:8: [('Num 26:63', 5, 4), ('Num 36:13', 5, 4), ('Deut 28:69', 4, 3)]
  34:9: [('Exod 12:28', 5, 7), ('Exod 12:50', 5, 7), ('Exod 39:32', 5, 6)]
  34:10: [('1Chr 19:10', 2, 1), ('1Kgs 22:7', 2, 2), ('2Chr 18:6', 2, 2)]
  34:11: [('Deut 29:1', 5, 9), ('Deut 11:3', 4, 5), ('Deut 7:18', 3, 4)]
  34:12: [('Deut 29:1', 4, 2), ('2Chr 6:32', 3, 1), ('2Kgs 18:4', 3, 4)]
==== B. THE TWINS DIFFED (shared tokens in order / the longest run)
  34:1 vs Deut 32:49: shared 8 of 22/24; run ['אשר', 'על', 'פני', 'ירחו']
  34:1 vs Deut 3:27: shared 3 of 22/17; run ['ראש', 'הפסגה']
  34:1 vs Num 27:12: shared 4 of 22/16; run ['אל', 'הר']
  34:1 vs Num 33:47: shared 1 of 22/8; run ['נבו']
  34:1 vs Deut 3:17: shared 1 of 22/13; run ['הפסגה']
  34:1 vs Num 22:1: shared 2 of 22/9; run ['מואב']
  34:1 vs Deut 34:8: shared 2 of 22/14; run ['משה']
  34:1 vs Deut 32:52: shared 2 of 22/15; run ['אל']
  34:2 vs Deut 11:24: shared 3 of 14/21; run ['הים', 'האחרון']
  34:2 vs Num 34:6: shared 1 of 14/12; run ['הים']
  34:2 vs Josh 1:4: shared 3 of 14/18; run ['כל', 'ארץ']
  34:2 vs Deut 3:13: shared 2 of 14/19; run ['כל']
  34:3 vs Gen 13:10: shared 2 of 10/25; run ['ואת']
  34:3 vs Gen 19:22: shared 1 of 10/17; run ['עד']
  34:3 vs Judg 1:16: shared 1 of 10/19; run ['התמרים']
  34:3 vs 2Chr 28:15: shared 3 of 10/29; run ['ירחו', 'עיר', 'התמרים']
  34:3 vs Judg 3:13: shared 2 of 10/14; run ['עיר', 'התמרים']
  34:4 vs Gen 12:7: shared 2 of 18/16; run ['ויאמר']
  34:4 vs Gen 13:15: shared 3 of 18/12; run ['הארץ', 'אשר']
  34:4 vs Gen 15:18: shared 3 of 18/20; run ['לאמר', 'לזרעך']
  34:4 vs Gen 26:3: shared 3 of 18/21; run ['אשר', 'נשבעתי', 'לאברהם']
  34:4 vs Gen 28:13: shared 5 of 18/20; run ['הארץ', 'אשר']
  34:4 vs Exod 33:1: shared 10 of 18/23; run ['הארץ', 'אשר', 'נשבעתי', 'לאברהם', 'ליצחק', 'וליעקב', 'לאמר', 'לזרעך', 'אתננה']
  34:4 vs Deut 32:52: shared 2 of 18/15; run ['הארץ', 'אשר']
  34:4 vs Deut 3:27: shared 3 of 18/17; run ['לא', 'תעבר']
  34:4 vs Deut 1:35: shared 3 of 18/15; run ['אשר', 'נשבעתי']
  34:4 vs Num 27:12: shared 4 of 18/16; run ['ויאמר', 'יהוה']
  34:4 vs Deut 6:10: shared 7 of 18/21; run ['לאברהם', 'ליצחק', 'וליעקב']
  34:4 vs Deut 30:20: shared 5 of 18/25; run ['לאברהם', 'ליצחק', 'וליעקב']
  34:4 vs Num 20:12: shared 4 of 18/25; run ['ויאמר', 'יהוה']
  34:5 vs Num 20:28: shared 3 of 10/21; run ['וימת']
  34:5 vs Num 33:38: shared 3 of 10/22; run ['על', 'פי', 'יהוה']
  34:5 vs Deut 32:50: shared 0 of 10/18; run []
  34:5 vs Josh 1:1: shared 4 of 10/15; run ['משה', 'עבד', 'יהוה']
  34:5 vs Josh 1:2: shared 1 of 10/21; run ['משה']
  34:5 vs Num 12:7: shared 1 of 10/8; run ['משה']
  34:5 vs Deut 10:6: shared 1 of 10/16; run ['שם']
  34:5 vs Num 3:16: shared 4 of 10/8; run ['על', 'פי', 'יהוה']
  34:5 vs Num 3:39: shared 4 of 10/19; run ['על', 'פי', 'יהוה']
  34:6 vs Deut 3:29: shared 3 of 16/5; run ['מול', 'בית', 'פעור']
  34:6 vs Deut 4:46: shared 3 of 16/20; run ['מול', 'בית', 'פעור']
  34:6 vs Num 23:28: shared 1 of 16/10; run ['את']
  34:6 vs Num 25:3: shared 1 of 16/8; run ['פעור']
  34:6 vs Gen 35:19: shared 1 of 16/8; run ['בית']
  34:6 vs Gen 50:13: shared 2 of 16/23; run ['אתו']
  34:6 vs Josh 13:20: shared 1 of 16/6; run ['פעור']
  34:6 vs Deut 33:21: shared 0 of 16/17; run []
  34:7 vs Deut 31:2: shared 5 of 12/21; run ['בן', 'מאה', 'ועשרים', 'שנה']
  34:7 vs Gen 6:3: shared 3 of 12/15; run ['מאה', 'ועשרים', 'שנה']
  34:7 vs Gen 27:1: shared 0 of 12/18; run []
  34:7 vs Gen 48:10: shared 1 of 12/14; run ['לא']
  34:7 vs 1Sam 3:2: shared 1 of 12/12; run ['לא']
  34:7 vs Gen 25:8: shared 0 of 12/10; run []
  34:7 vs Num 33:39: shared 4 of 12/9; run ['שנה', 'במתו']
  34:7 vs Exod 7:7: shared 3 of 12/12; run ['ומשה', 'בן']
  34:8 vs Num 20:29: shared 4 of 14/14; run ['שלשים', 'יום']
  34:8 vs Gen 50:3: shared 2 of 14/14; run ['ויבכו']
  34:8 vs Gen 50:10: shared 1 of 14/18; run ['אבל']
  34:8 vs Deut 21:13: shared 1 of 14/22; run ['את']
  34:8 vs Gen 27:41: shared 3 of 14/20; run ['את']
  34:8 vs Gen 50:4: shared 1 of 14/19; run ['ימי']
  34:9 vs Num 27:18: shared 5 of 22/18; run ['בן', 'נון']
  34:9 vs Num 27:20: shared 3 of 22/9; run ['בני', 'ישראל']
  34:9 vs Num 27:23: shared 6 of 22/10; run ['את', 'ידיו', 'עליו']
  34:9 vs Deut 31:7: shared 3 of 22/27; run ['כי']
  34:9 vs Deut 31:23: shared 6 of 22/22; run ['בן', 'נון']
  34:9 vs Exod 31:3: shared 1 of 22/9; run ['רוח']
  34:9 vs Exod 28:3: shared 3 of 22/17; run ['רוח', 'חכמה']
  34:9 vs Exod 35:31: shared 1 of 22/9; run ['רוח']
  34:9 vs Isa 11:2: shared 3 of 22/14; run ['רוח', 'חכמה']
  34:9 vs Josh 1:17: shared 3 of 22/17; run ['משה']
  34:9 vs Deut 1:38: shared 5 of 22/15; run ['בן', 'נון']
  34:10 vs Deut 18:15: shared 2 of 12/10; run ['נביא']
  34:10 vs Deut 18:18: shared 2 of 12/15; run ['נביא']
  34:10 vs Exod 33:11: shared 4 of 12/24; run ['פנים', 'אל', 'פנים']
  34:10 vs Num 12:8: shared 2 of 12/17; run ['ולא']
  34:10 vs Deut 5:4: shared 1 of 12/8; run ['יהוה']
  34:10 vs Gen 32:31: shared 3 of 12/13; run ['פנים', 'אל', 'פנים']
  34:10 vs Exod 33:17: shared 1 of 12/17; run ['אשר']
  34:10 vs Judg 6:22: shared 4 of 12/20; run ['יהוה', 'פנים', 'אל', 'פנים']
  34:10 vs Ezek 20:35: shared 3 of 12/11; run ['פנים', 'אל', 'פנים']
  34:10 vs Num 12:6: shared 1 of 12/14; run ['יהוה']
  34:11 vs Deut 4:34: shared 2 of 14/27; run ['אשר']
  34:11 vs Deut 6:22: shared 1 of 14/11; run ['יהוה']
  34:11 vs Deut 7:19: shared 2 of 14/25; run ['לכל']
  34:11 vs Deut 26:8: shared 1 of 14/11; run ['יהוה']
  34:11 vs Deut 29:2: shared 1 of 14/9; run ['אשר']
  34:11 vs Exod 7:3: shared 2 of 14/12; run ['בארץ', 'מצרים']
  34:11 vs Exod 4:21: shared 1 of 14/24; run ['אשר']
  34:11 vs Exod 10:1: shared 2 of 14/20; run ['יהוה']
  34:11 vs Exod 11:10: shared 1 of 14/20; run ['יהוה']
  34:11 vs Ps 78:43: shared 1 of 14/7; run ['אשר']
  34:11 vs Ps 105:27: shared 1 of 14/7; run ['בארץ']
  34:11 vs Neh 9:10: shared 2 of 14/19; run ['עבדיו']
  34:11 vs Jer 32:20: shared 3 of 14/16; run ['בארץ', 'מצרים']
  34:12 vs Deut 4:34: shared 2 of 12/27; run ['אשר', 'עשה']
  34:12 vs Deut 26:8: shared 0 of 12/11; run []
  34:12 vs Deut 5:15: shared 0 of 12/23; run []
  34:12 vs Deut 7:19: shared 2 of 12/25; run ['החזקה']
  34:12 vs Deut 9:17: shared 0 of 12/9; run []
  34:12 vs Deut 3:24: shared 2 of 12/21; run ['החזקה']
  34:12 vs Exod 6:1: shared 1 of 12/17; run ['אשר']
  34:12 vs Exod 32:11: shared 1 of 12/20; run ['אשר']
  34:12 vs Deut 11:2: shared 1 of 12/23; run ['החזקה']
  34:12 vs Josh 4:24: shared 1 of 12/18; run ['כל']
  34:12 vs Deut 34:11: shared 2 of 12/14; run ['ולכל']
  34:12 vs Exod 14:31: shared 3 of 12/17; run ['אשר', 'עשה']
==== C. THE FORMULAS OVER THE TORAH AND THE BIBLE (phrase seats by consonants; the lists cut to fourteen, the counts whole)
  and Moses went up (va-yaal mosheh): Torah 5 ['Deut 34:1', 'Exod 19:20', 'Exod 24:13', 'Exod 24:15', 'Exod 24:9'] | Bible 5 ['Deut 34:1', 'Exod 19:20', 'Exod 24:13', 'Exod 24:15', 'Exod 24:9']
  from the plains of Moab (me-arvot moav): Torah 1 ['Deut 34:1'] | Bible 1 ['Deut 34:1']
  in the plains of Moab (be-arvot moav): Torah 8 ['Deut 34:8', 'Num 26:3', 'Num 26:63', 'Num 33:48', 'Num 33:49', 'Num 33:50', 'Num 35:1', 'Num 36:13'] | Bible 8 ['Deut 34:8', 'Num 26:3', 'Num 26:63', 'Num 33:48', 'Num 33:49', 'Num 33:50', 'Num 35:1', 'Num 36:13']
  Mount Nebo (har nevo): Torah 2 ['Deut 32:49', 'Deut 34:1'] | Bible 2 ['Deut 32:49', 'Deut 34:1']
  the top of Pisgah (rosh ha-pisgah): Torah 4 ['Deut 34:1', 'Deut 3:27', 'Num 21:20', 'Num 23:14'] | Bible 4 ['Deut 34:1', 'Deut 3:27', 'Num 21:20', 'Num 23:14']
  over against Jericho (al penei yerecho): Torah 2 ['Deut 32:49', 'Deut 34:1'] | Bible 2 ['Deut 32:49', 'Deut 34:1']
  and the LORD showed him (va-yarehu yhwh): Torah 1 ['Deut 34:1'] | Bible 1 ['Deut 34:1']
  all the land (et kol ha-aretz): Torah 4 ['Deut 19:8', 'Deut 34:1', 'Gen 13:15', 'Num 14:21'] | Bible 13 ['Deut 19:8', 'Deut 34:1', 'Gen 13:15', 'Jer 51:25', 'Josh 10:40', 'Josh 11:16', 'Josh 11:23', 'Josh 21:43', 'Josh 2:24', 'Josh 2:3', 'Josh 9:24', 'Num 14:21', 'Ps 72:19']
  as far as Dan (ad dan): Torah 2 ['Deut 34:1', 'Gen 14:14'] | Bible 3 ['1Kgs 12:30', 'Deut 34:1', 'Gen 14:14']
  all Naphtali (et kol naftali): Torah 1 ['Deut 34:2'] | Bible 1 ['Deut 34:2']
  the land of Ephraim and Manasseh (eretz efrayim u-menasheh): Torah 1 ['Deut 34:2'] | Bible 1 ['Deut 34:2']
  all the land of Judah (kol eretz yehudah): Torah 1 ['Deut 34:2'] | Bible 1 ['Deut 34:2']
  the hinder sea (ha-yam ha-acharon): Torah 2 ['Deut 11:24', 'Deut 34:2'] | Bible 4 ['Deut 11:24', 'Deut 34:2', 'Joel 2:20', 'Zech 14:8']
  the south (ha-negev): Torah 5 ['Deut 34:3', 'Gen 20:1', 'Gen 24:62', 'Num 13:29', 'Num 21:1'] | Bible 25 ['1Sam 20:41', 'Dan 11:11', 'Dan 11:14', 'Dan 11:15', 'Dan 11:25', 'Dan 11:40', 'Dan 11:5', 'Dan 11:6', 'Dan 11:9', 'Dan 8:9', 'Deut 34:3', 'Ezek 21:3', 'Gen 20:1', 'Gen 24:62']
  the plain (ha-kikkar): Torah 7 ['Deut 34:3', 'Exod 38:27', 'Gen 13:12', 'Gen 19:17', 'Gen 19:25', 'Gen 19:28', 'Gen 19:29'] | Bible 11 ['2Chr 25:9', '2Sam 18:23', 'Deut 34:3', 'Exod 38:27', 'Gen 13:12', 'Gen 19:17', 'Gen 19:25', 'Gen 19:28', 'Gen 19:29', 'Neh 12:28', 'Neh 3:22']
  the valley of Jericho (bikat yerecho): Torah 1 ['Deut 34:3'] | Bible 1 ['Deut 34:3']
  the city of palm trees (ir ha-temarim): Torah 1 ['Deut 34:3'] | Bible 3 ['2Chr 28:15', 'Deut 34:3', 'Judg 3:13']
  as far as Zoar (ad tzoar): Torah 1 ['Deut 34:3'] | Bible 2 ['Deut 34:3', 'Isa 15:5']
  this is the land (zot ha-aretz): Torah 3 ['Deut 34:4', 'Num 34:13', 'Num 34:2'] | Bible 5 ['Deut 34:4', 'Ezek 48:29', 'Josh 13:2', 'Num 34:13', 'Num 34:2']
  which I swore (asher nishbati): Torah 10 ['Deut 10:11', 'Deut 1:35', 'Deut 31:20', 'Deut 31:21', 'Deut 31:23', 'Deut 34:4', 'Exod 33:1', 'Gen 26:3', 'Num 14:23', 'Num 32:11'] | Bible 15 ['Deut 10:11', 'Deut 1:35', 'Deut 31:20', 'Deut 31:21', 'Deut 31:23', 'Deut 34:4', 'Exod 33:1', 'Gen 26:3', 'Isa 54:9', 'Jer 11:5', 'Josh 1:6', 'Judg 2:1', 'Num 14:23', 'Num 32:11']
  to Abraham, to Isaac and to Jacob (le-avraham le-yitzchak u-le-yaakov): Torah 11 ['Deut 1:8', 'Deut 29:12', 'Deut 30:20', 'Deut 34:4', 'Deut 6:10', 'Deut 9:27', 'Deut 9:5', 'Exod 33:1', 'Exod 6:8', 'Gen 50:24', 'Num 32:11'] | Bible 11 ['Deut 1:8', 'Deut 29:12', 'Deut 30:20', 'Deut 34:4', 'Deut 6:10', 'Deut 9:27', 'Deut 9:5', 'Exod 33:1', 'Exod 6:8', 'Gen 50:24', 'Num 32:11']
  to your seed I will give it (le-zarakha etnenah): Torah 2 ['Deut 34:4', 'Exod 33:1'] | Bible 2 ['Deut 34:4', 'Exod 33:1']
  I have caused you to see (hereitikha): Torah 1 ['Deut 34:4'] | Bible 1 ['Deut 34:4']
  with your eyes (be-einekha): Torah 18 ['Deut 34:4', 'Deut 3:27', 'Exod 33:13', 'Exod 33:16', 'Exod 34:9', 'Gen 16:6', 'Gen 18:3', 'Gen 19:19', 'Gen 20:15', 'Gen 21:12', 'Gen 30:27', 'Gen 32:6', 'Gen 33:10', 'Gen 47:29'] | Bible 64 ['1Chr 17:17', '1Chr 19:3', '1Kgs 21:2', '1Sam 14:36', '1Sam 14:40', '1Sam 15:17', '1Sam 1:18', '1Sam 1:23', '1Sam 20:29', '1Sam 20:3', '1Sam 24:5', '1Sam 25:8', '1Sam 26:21', '1Sam 27:5']
  you shall not cross over there (ve-shammah lo taavor): Torah 1 ['Deut 34:4'] | Bible 1 ['Deut 34:4']
  there you shall not come (ve-shammah lo tavo): Torah 0 [] | Bible 0 []
  and Moses died there (va-yamot sham mosheh): Torah 1 ['Deut 34:5'] | Bible 1 ['Deut 34:5']
  the servant of the LORD (eved yhwh): Torah 1 ['Deut 34:5'] | Bible 19 ['2Chr 1:3', '2Chr 24:6', '2Kgs 18:12', 'Deut 34:5', 'Josh 11:12', 'Josh 12:6', 'Josh 13:8', 'Josh 14:7', 'Josh 18:7', 'Josh 1:1', 'Josh 1:13', 'Josh 1:15', 'Josh 22:2', 'Josh 22:4']
  in the land of Moab (be-eretz moav): Torah 5 ['Deut 1:5', 'Deut 28:69', 'Deut 32:49', 'Deut 34:5', 'Deut 34:6'] | Bible 5 ['Deut 1:5', 'Deut 28:69', 'Deut 32:49', 'Deut 34:5', 'Deut 34:6']
  by the mouth of the LORD (al pi yhwh): Torah 18 ['Deut 34:5', 'Exod 17:1', 'Lev 24:12', 'Num 10:13', 'Num 13:3', 'Num 33:2', 'Num 33:38', 'Num 36:5', 'Num 3:16', 'Num 3:39', 'Num 3:51', 'Num 4:37', 'Num 4:41', 'Num 4:45'] | Bible 21 ['2Kgs 24:3', 'Deut 34:5', 'Exod 17:1', 'Josh 19:50', 'Josh 22:9', 'Lev 24:12', 'Num 10:13', 'Num 13:3', 'Num 33:2', 'Num 33:38', 'Num 36:5', 'Num 3:16', 'Num 3:39', 'Num 3:51']
  and He buried him (va-yikbor oto): Torah 1 ['Deut 34:6'] | Bible 2 ['2Kgs 21:26', 'Deut 34:6']
  in the valley (ba-gai): Torah 1 ['Deut 34:6'] | Bible 3 ['2Chr 33:6', '2Kgs 23:10', 'Deut 34:6']
  over against Beth-peor (mul beit peor): Torah 3 ['Deut 34:6', 'Deut 3:29', 'Deut 4:46'] | Bible 3 ['Deut 34:6', 'Deut 3:29', 'Deut 4:46']
  no man knows (ve-lo yada ish): Torah 1 ['Deut 34:6'] | Bible 1 ['Deut 34:6']
  his grave (kevurato): Torah 1 ['Deut 34:6'] | Bible 1 ['Deut 34:6']
  to this day (ad ha-yom ha-zeh): Torah 12 ['Deut 10:8', 'Deut 11:4', 'Deut 29:3', 'Deut 2:22', 'Deut 34:6', 'Deut 3:14', 'Exod 10:6', 'Gen 26:33', 'Gen 32:33', 'Gen 47:26', 'Gen 48:15', 'Num 22:30'] | Bible 75 ['1Chr 13:11', '1Chr 17:5', '1Chr 4:41', '1Chr 4:43', '1Chr 5:26', '1Kgs 10:12', '1Kgs 12:19', '1Kgs 8:8', '1Kgs 9:13', '1Kgs 9:21', '1Sam 12:2', '1Sam 27:6', '1Sam 29:3', '1Sam 29:6']
  a hundred and twenty years old (ben meah ve-esrim shanah): Torah 2 ['Deut 31:2', 'Deut 34:7'] | Bible 2 ['Deut 31:2', 'Deut 34:7']
  a hundred and twenty (meah ve-esrim): Torah 3 ['Deut 31:2', 'Deut 34:7', 'Gen 6:3'] | Bible 14 ['1Chr 12:38', '1Chr 15:5', '1Kgs 10:10', '1Kgs 8:63', '1Kgs 9:14', '2Chr 28:6', '2Chr 3:4', '2Chr 7:5', '2Chr 9:9', 'Deut 31:2', 'Deut 34:7', 'Gen 6:3', 'Judg 8:10', 'Neh 7:31']
  when he died (be-moto): Torah 2 ['Deut 34:7', 'Num 33:39'] | Bible 2 ['Deut 34:7', 'Num 33:39']
  his eye was not dim (lo khahatah eino): Torah 1 ['Deut 34:7'] | Bible 1 ['Deut 34:7']
  nor his natural force abated (ve-lo nas lechoh): Torah 1 ['Deut 34:7'] | Bible 1 ['Deut 34:7']
  and the children of Israel wept (va-yivku venei yisrael): Torah 1 ['Deut 34:8'] | Bible 1 ['Deut 34:8']
  thirty days (sheloshim yom): Torah 2 ['Deut 34:8', 'Num 20:29'] | Bible 2 ['Deut 34:8', 'Num 20:29']
  the days of weeping (yemei vekhi): Torah 1 ['Deut 34:8'] | Bible 1 ['Deut 34:8']
  the mourning for Moses (evel mosheh): Torah 1 ['Deut 34:8'] | Bible 1 ['Deut 34:8']
  Joshua the son of Nun (yehoshua bin nun): Torah 7 ['Deut 34:9', 'Num 14:30', 'Num 14:38', 'Num 14:6', 'Num 26:65', 'Num 32:12', 'Num 34:17'] | Bible 9 ['Deut 34:9', 'Josh 14:1', 'Josh 19:51', 'Num 14:30', 'Num 14:38', 'Num 14:6', 'Num 26:65', 'Num 32:12', 'Num 34:17']
  full of the spirit of wisdom (male ruach chokhmah): Torah 1 ['Deut 34:9'] | Bible 1 ['Deut 34:9']
  the spirit of wisdom (ruach chokhmah): Torah 2 ['Deut 34:9', 'Exod 28:3'] | Bible 3 ['Deut 34:9', 'Exod 28:3', 'Isa 11:2']
  laid his hands upon him (samakh et yadav alav): Torah 1 ['Deut 34:9'] | Bible 1 ['Deut 34:9']
  they hearkened to him (va-yishmeu elav): Torah 1 ['Deut 34:9'] | Bible 4 ['1Chr 29:23', '1Sam 31:11', 'Deut 34:9', 'Ezek 19:4']
  as the LORD commanded Moses (kaasher tzivvah yhwh et mosheh): Torah 38 ['Deut 34:9', 'Exod 12:28', 'Exod 12:50', 'Exod 39:1', 'Exod 39:21', 'Exod 39:26', 'Exod 39:29', 'Exod 39:31', 'Exod 39:5', 'Exod 39:7', 'Exod 40:19', 'Exod 40:21', 'Exod 40:23', 'Exod 40:25'] | Bible 41 ['Deut 34:9', 'Exod 12:28', 'Exod 12:50', 'Exod 39:1', 'Exod 39:21', 'Exod 39:26', 'Exod 39:29', 'Exod 39:31', 'Exod 39:5', 'Exod 39:7', 'Exod 40:19', 'Exod 40:21', 'Exod 40:23', 'Exod 40:25']
  there arose not a prophet (ve-lo kam navi): Torah 1 ['Deut 34:10'] | Bible 1 ['Deut 34:10']
  like Moses (ke-mosheh): Torah 1 ['Deut 34:10'] | Bible 1 ['Deut 34:10']
  face to face (panim el panim): Torah 3 ['Deut 34:10', 'Exod 33:11', 'Gen 32:31'] | Bible 5 ['Deut 34:10', 'Exod 33:11', 'Ezek 20:35', 'Gen 32:31', 'Judg 6:22']
  whom the LORD knew (asher yedao yhwh): Torah 1 ['Deut 34:10'] | Bible 1 ['Deut 34:10']
  the signs and the wonders (ha-otot ve-ha-moftim): Torah 0 [] | Bible 0 []
  which the LORD sent him (asher shelacho yhwh): Torah 1 ['Deut 34:11'] | Bible 4 ['Deut 34:11', 'Jer 19:14', 'Jer 28:9', 'Jer 43:1']
  in the land of Egypt (be-eretz mitzrayim): Torah 36 ['Deut 10:19', 'Deut 15:15', 'Deut 24:22', 'Deut 29:1', 'Deut 29:15', 'Deut 34:11', 'Deut 5:15', 'Exod 11:3', 'Exod 11:5', 'Exod 11:9', 'Exod 12:1', 'Exod 12:12', 'Exod 12:13', 'Exod 12:29'] | Bible 58 ['Amos 3:9', 'Deut 10:19', 'Deut 15:15', 'Deut 24:22', 'Deut 29:1', 'Deut 29:15', 'Deut 34:11', 'Deut 5:15', 'Exod 11:3', 'Exod 11:5', 'Exod 11:9', 'Exod 12:1', 'Exod 12:12', 'Exod 12:13']
  to Pharaoh and to all his servants (le-faroh u-le-khol avadav): Torah 2 ['Deut 29:1', 'Deut 34:11'] | Bible 2 ['Deut 29:1', 'Deut 34:11']
  and to all his land (u-le-khol artzo): Torah 3 ['Deut 11:3', 'Deut 29:1', 'Deut 34:11'] | Bible 3 ['Deut 11:3', 'Deut 29:1', 'Deut 34:11']
  the mighty hand (ha-yad ha-chazakah): Torah 1 ['Deut 34:12'] | Bible 1 ['Deut 34:12']
  the great terror (ha-mora ha-gadol): Torah 1 ['Deut 34:12'] | Bible 1 ['Deut 34:12']
  which Moses did (asher asah mosheh): Torah 1 ['Deut 34:12'] | Bible 4 ['1Chr 21:29', '2Chr 1:3', '2Kgs 18:4', 'Deut 34:12']
  in the sight of all Israel (le-einei kol yisrael): Torah 2 ['Deut 31:7', 'Deut 34:12'] | Bible 5 ['1Chr 28:8', '1Chr 29:25', '2Sam 16:22', 'Deut 31:7', 'Deut 34:12']
  before your eyes (le-einekhem): Torah 3 ['Deut 1:30', 'Deut 29:1', 'Deut 9:17'] | Bible 8 ['1Sam 12:16', 'Deut 1:30', 'Deut 29:1', 'Deut 9:17', 'Jer 16:9', 'Jer 29:21', 'Jer 51:24', 'Zeph 3:20']
  Moab (moav, any prefix): Torah 43 ['Deut 1:5', 'Deut 28:69', 'Deut 2:18', 'Deut 2:8', 'Deut 2:9', 'Deut 32:49', 'Deut 34:1', 'Deut 34:5', 'Deut 34:6', 'Deut 34:8', 'Exod 15:15', 'Gen 19:37', 'Gen 36:35', 'Num 21:11'] | Bible 148 ['1Chr 11:22', '1Chr 18:2', '1Chr 1:46', '1Chr 8:8', '1Kgs 11:33', '1Kgs 11:7', '1Sam 12:9', '1Sam 22:3', '1Sam 22:4', '2Chr 20:1', '2Chr 20:22', '2Kgs 13:20', '2Kgs 1:1', '2Kgs 23:13']
  Nebo (nevo): Torah 4 ['Deut 32:49', 'Deut 34:1', 'Num 32:38', 'Num 33:47'] | Bible 13 ['1Chr 5:8', 'Deut 32:49', 'Deut 34:1', 'Ezra 10:43', 'Ezra 2:29', 'Isa 15:2', 'Isa 46:1', 'Jer 39:3', 'Jer 48:1', 'Jer 48:22', 'Neh 7:33', 'Num 32:38', 'Num 33:47']
  Pisgah (ha-pisgah): Torah 6 ['Deut 34:1', 'Deut 3:17', 'Deut 3:27', 'Deut 4:49', 'Num 21:20', 'Num 23:14'] | Bible 8 ['Deut 34:1', 'Deut 3:17', 'Deut 3:27', 'Deut 4:49', 'Josh 12:3', 'Josh 13:20', 'Num 21:20', 'Num 23:14']
  Zoar (tzoar): Torah 4 ['Deut 34:3', 'Gen 13:10', 'Gen 14:2', 'Gen 14:8'] | Bible 5 ['Deut 34:3', 'Gen 13:10', 'Gen 14:2', 'Gen 14:8', 'Isa 15:5']
  Beth-peor (beit peor): Torah 3 ['Deut 34:6', 'Deut 3:29', 'Deut 4:46'] | Bible 3 ['Deut 34:6', 'Deut 3:29', 'Deut 4:46']
  a prophet (navi): Torah 5 ['Deut 13:2', 'Deut 18:15', 'Deut 18:18', 'Deut 34:10', 'Gen 20:7'] | Bible 28 ['1Kgs 13:18', '1Kgs 18:22', '1Kgs 20:13', '1Kgs 22:7', '1Sam 9:7', '2Chr 18:6', '2Chr 25:15', '2Chr 28:9', '2Kgs 3:11', '2Kgs 5:8', 'Amos 7:14', 'Deut 13:2', 'Deut 18:15', 'Deut 18:18']
  the LORD your God (yhwh elohekha): Torah 192 ['Deut 10:12', 'Deut 10:20', 'Deut 10:22', 'Deut 10:9', 'Deut 11:1', 'Deut 11:12', 'Deut 11:29', 'Deut 12:15', 'Deut 12:18', 'Deut 12:20', 'Deut 12:21', 'Deut 12:27', 'Deut 12:28', 'Deut 12:29'] | Bible 236 ['1Chr 11:2', '1Chr 22:11', '1Chr 22:12', '1Kgs 10:9', '1Kgs 13:21', '1Kgs 13:6', '1Kgs 17:12', '1Kgs 18:10', '1Kgs 2:3', '1Sam 12:19', '1Sam 13:13', '1Sam 25:29', '2Chr 16:7', '2Chr 9:8']
  single tokens (the chapter) — "God" (el / eloah / elohim forms): [(34, 1, 'אל'), (34, 10, 'אל')] | the Name bare / with lamed / with bet: [(34, 1, 'יהוה'), (34, 4, 'יהוה'), (34, 5, 'יהוה'), (34, 5, 'יהוה'), (34, 9, 'יהוה'), (34, 10, 'יהוה'), (34, 11, 'יהוה')]
  the names (every token carrying one): [(34, 1, 'משה'), (34, 1, 'מואב'), (34, 1, 'נבו'), (34, 1, 'הפסגה'), (34, 1, 'ירחו'), (34, 1, 'הגלעד'), (34, 1, 'דן'), (34, 2, 'נפתלי'), (34, 2, 'אפרים'), (34, 2, 'ומנשה'), (34, 2, 'יהודה'), (34, 3, 'ירחו'), (34, 3, 'צער'), (34, 4, 'לאברהם'), (34, 4, 'ליצחק'), (34, 4, 'וליעקב'), (34, 5, 'משה'), (34, 5, 'מואב'), (34, 6, 'מואב'), (34, 6, 'פעור'), (34, 7, 'ומשה'), (34, 8, 'ישראל'), (34, 8, 'משה'), (34, 8, 'מואב'), (34, 8, 'משה'), (34, 9, 'ויהושע'), (34, 9, 'נון'), (34, 9, 'משה'), (34, 9, 'ישראל'), (34, 9, 'משה'), (34, 10, 'בישראל'), (34, 11, 'מצרים'), (34, 11, 'לפרעה'), (34, 12, 'משה'), (34, 12, 'ישראל'), (34, 10, 'כמשה')]
  "not" (lo / ve-lo) count: 5 at [(34, 4), (34, 6), (34, 7), (34, 10)] | "al" (the vetitive not): [(34, 1, 'אל'), (34, 10, 'אל')] | "for/when" (ki) count: 1 | "if" (im) seats: [] | "lest" (pen) seats: [] | "saying" seats: [(34, 4)]
  "he said" (amar / vayomer) seats — the one frame: [(34, 4, 'ויאמר')] | "there / there-ward" (sham / shammah): [(34, 4, 'ושמה'), (34, 5, 'שם')] | "all" (kol) count: 9 | "as far as" (ad) count: 4
  EVERY VERSE'S TOKENS (the DB's plain forms — the formulas' spellings read from here):
  34:1 (22): ['ויעל', 'משה', 'מערבת', 'מואב', 'אל', 'הר', 'נבו', 'ראש', 'הפסגה', 'אשר', 'על', 'פני', 'ירחו', 'ויראהו', 'יהוה', 'את', 'כל', 'הארץ', 'את', 'הגלעד', 'עד', 'דן']
  34:2 (14): ['ואת', 'כל', 'נפתלי', 'ואת', 'ארץ', 'אפרים', 'ומנשה', 'ואת', 'כל', 'ארץ', 'יהודה', 'עד', 'הים', 'האחרון']
  34:3 (10): ['ואת', 'הנגב', 'ואת', 'הככר', 'בקעת', 'ירחו', 'עיר', 'התמרים', 'עד', 'צער']
  34:4 (18): ['ויאמר', 'יהוה', 'אליו', 'זאת', 'הארץ', 'אשר', 'נשבעתי', 'לאברהם', 'ליצחק', 'וליעקב', 'לאמר', 'לזרעך', 'אתננה', 'הראיתיך', 'בעיניך', 'ושמה', 'לא', 'תעבר']
  34:5 (10): ['וימת', 'שם', 'משה', 'עבד', 'יהוה', 'בארץ', 'מואב', 'על', 'פי', 'יהוה']
  34:6 (16): ['ויקבר', 'אתו', 'בגי', 'בארץ', 'מואב', 'מול', 'בית', 'פעור', 'ולא', 'ידע', 'איש', 'את', 'קברתו', 'עד', 'היום', 'הזה']
  34:7 (12): ['ומשה', 'בן', 'מאה', 'ועשרים', 'שנה', 'במתו', 'לא', 'כהתה', 'עינו', 'ולא', 'נס', 'לחה']
  34:8 (14): ['ויבכו', 'בני', 'ישראל', 'את', 'משה', 'בערבת', 'מואב', 'שלשים', 'יום', 'ויתמו', 'ימי', 'בכי', 'אבל', 'משה']
  34:9 (22): ['ויהושע', 'בן', 'נון', 'מלא', 'רוח', 'חכמה', 'כי', 'סמך', 'משה', 'את', 'ידיו', 'עליו', 'וישמעו', 'אליו', 'בני', 'ישראל', 'ויעשו', 'כאשר', 'צוה', 'יהוה', 'את', 'משה']
  34:10 (12): ['ולא', 'קם', 'נביא', 'עוד', 'בישראל', 'כמשה', 'אשר', 'ידעו', 'יהוה', 'פנים', 'אל', 'פנים']
  34:11 (14): ['לכל', 'האתות', 'והמופתים', 'אשר', 'שלחו', 'יהוה', 'לעשות', 'בארץ', 'מצרים', 'לפרעה', 'ולכל', 'עבדיו', 'ולכל', 'ארצו']
  34:12 (12): ['ולכל', 'היד', 'החזקה', 'ולכל', 'המורא', 'הגדול', 'אשר', 'עשה', 'משה', 'לעיני', 'כל', 'ישראל']
==== D. ONKELOS OVER THE BOOK (the plain Aramaic of every export row through NFKC; EXPORT verse numbers)
  the Shekhinah: 1 [(31, 17)]
  the Memra (the Word): 91 [(1, 5), (1, 6), (1, 9), (1, 16), (1, 26), (1, 28), (1, 32), (1, 34), (1, 37), (1, 43), (2, 2), (2, 4), (2, 7), (2, 17), (2, 26), (3, 18), (3, 21), (3, 22), (3, 23), (4, 24), (4, 30), (4, 33), (4, 36), (4, 37)]
  the Torah — oraita: 25 [(1, 5), (4, 8), (4, 44), (17, 11), (17, 18), (17, 19), (27, 3), (27, 8), (27, 26), (28, 58), (28, 61), (29, 20), (29, 28), (30, 10), (31, 9), (31, 11), (31, 12), (31, 24), (31, 26), (32, 6), (32, 10), (32, 46), (33, 2), (33, 4)]
  the world — alma: 5 [(32, 7), (32, 12), (32, 40), (33, 6), (33, 27)]
  the prophet / prophecy — nevi: 11 [(13, 2), (13, 4), (13, 6), (14, 21), (18, 15), (18, 18), (18, 20), (18, 22), (23, 25), (33, 1), (34, 10)]
  the servant — avda: 189 [(1, 1), (1, 14), (1, 18), (1, 30), (2, 7), (2, 9), (2, 12), (2, 19), (2, 22), (2, 24), (2, 29), (3, 2), (3, 6), (3, 21), (3, 24), (4, 1), (4, 3), (4, 5), (4, 6), (4, 13), (4, 14), (4, 16), (4, 23), (4, 25)]
  the burial — kevur: 0 []
  the grave — kevurta / kivra: 4 [(9, 22), (10, 6), (21, 23), (34, 6)]
  Moses (in Onkelos): 37 [(1, 1), (1, 3), (1, 5), (4, 41), (4, 44), (4, 45), (4, 46), (5, 1), (27, 1), (27, 9), (27, 11), (28, 69), (29, 1), (31, 1), (31, 7), (31, 9), (31, 10), (31, 14), (31, 16), (31, 22), (31, 24), (31, 25), (31, 30), (32, 44)]
  Peor: 4 [(3, 29), (4, 3), (4, 46), (34, 6)]
  the valley — cheilta: 3 [(3, 29), (4, 46), (34, 6)]
  the sea — yama: 33 [(1, 7), (1, 40), (2, 1), (3, 17), (4, 23), (4, 31), (4, 49), (5, 3), (5, 23), (7, 8), (7, 9), (7, 12), (8, 18), (9, 9), (9, 11), (9, 15), (10, 8), (11, 4), (11, 24), (14, 5), (28, 69), (29, 8), (29, 11), (29, 13)]
  the west / the hinder — maarva: 4 [(3, 27), (11, 24), (33, 23), (34, 2)]
  the south — daroma: 4 [(1, 7), (3, 27), (33, 23), (34, 3)]
  Zoar: 1 [(34, 3)]
  the plain — meishra: 16 [(1, 1), (1, 7), (1, 33), (2, 8), (3, 10), (3, 17), (4, 43), (4, 49), (11, 30), (17, 12), (19, 13), (22, 22), (25, 6), (34, 1), (34, 3), (34, 8)]
  Jericho: 0 []
  the palms — dikla: 1 [(34, 3)]
  the oath — kayem: 0 []
  the seed — bnei / zar: 6 [(11, 10), (14, 22), (22, 9), (28, 38), (29, 17), (29, 22)]
  the face — apin: 54 [(1, 17), (1, 27), (2, 25), (3, 14), (4, 20), (4, 37), (5, 6), (5, 15), (6, 12), (6, 15), (6, 21), (6, 23), (7, 6), (7, 8), (7, 19), (8, 3), (8, 14), (8, 15), (9, 12), (9, 26), (9, 28), (9, 29), (10, 8), (10, 17)]
  wisdom — chokhma: 2 [(4, 6), (34, 9)]
  laid hands — semakh: 1 [(34, 9)]
  the signs — atin: 12 [(1, 19), (1, 20), (1, 25), (4, 34), (6, 22), (7, 19), (12, 9), (18, 18), (21, 1), (26, 8), (29, 2), (34, 11)]
  the wonders — mofetin: 9 [(4, 34), (6, 22), (7, 19), (13, 2), (13, 3), (26, 8), (28, 46), (29, 2), (34, 11)]
  the mighty hand — yeda takifta: 22 [(4, 34), (4, 38), (5, 15), (6, 21), (7, 1), (7, 8), (8, 15), (9, 1), (9, 26), (11, 2), (11, 23), (26, 8), (28, 23), (31, 6), (32, 4), (32, 13), (32, 14), (32, 15), (32, 18), (32, 27), (32, 30), (32, 37)]
  the terror / the sight — chezvana: 15 [(4, 5), (4, 9), (4, 28), (4, 34), (10, 21), (11, 2), (21, 11), (26, 8), (28, 10), (28, 34), (28, 67), (29, 21), (32, 39), (32, 41), (34, 12)]
  the weeping — bekha: 80 [(1, 31), (1, 45), (2, 6), (2, 7), (2, 28), (4, 7), (4, 26), (4, 29), (4, 41), (5, 30), (6, 5), (6, 22), (7, 4), (7, 7), (7, 15), (8, 19), (9, 8), (10, 12), (10, 15), (10, 16), (11, 13), (11, 14), (11, 16), (11, 17)]
  the mourning — evla: 3 [(8, 4), (26, 14), (34, 8)]
  the hundred — meah: 8 [(10, 4), (16, 4), (22, 19), (23, 8), (24, 4), (26, 5), (31, 2), (34, 7)]
  the thirty — telatin: 2 [(2, 14), (34, 8)]
  the glory — yekar: 9 [(2, 11), (5, 16), (5, 21), (15, 9), (24, 15), (25, 8), (30, 4), (33, 2), (34, 7)]
  the second death: 0 []
  the eye — eina: 46 [(1, 23), (1, 30), (3, 21), (3, 27), (4, 3), (4, 6), (4, 9), (4, 19), (4, 34), (6, 8), (6, 22), (7, 16), (7, 19), (8, 7), (9, 17), (10, 21), (11, 7), (11, 12), (11, 18), (13, 9), (14, 1), (15, 9), (15, 18), (16, 19)]
  the splendor — ziv: 3 [(1, 33), (33, 17), (34, 7)]
  Israel: 70 [(1, 1), (1, 3), (1, 38), (2, 12), (3, 18), (4, 1), (4, 44), (4, 45), (4, 46), (5, 1), (6, 3), (6, 4), (9, 1), (10, 6), (10, 12), (11, 6), (13, 12), (15, 12), (17, 4), (17, 12), (17, 20), (18, 1), (18, 6), (19, 13)]
  the whole earth — kol ara: 202 [(1, 5), (1, 7), (1, 8), (1, 21), (1, 22), (1, 25), (1, 27), (1, 35), (1, 36), (2, 5), (2, 9), (2, 12), (2, 19), (2, 20), (2, 24), (2, 27), (2, 29), (2, 31), (2, 37), (3, 2), (3, 8), (3, 12), (3, 13), (3, 18)]
  Egypt — mitzrayim: 49 [(1, 27), (1, 30), (4, 20), (4, 34), (4, 37), (4, 45), (4, 46), (5, 6), (5, 15), (6, 12), (6, 21), (6, 22), (7, 8), (7, 15), (7, 18), (8, 14), (9, 7), (9, 12), (9, 26), (10, 19), (10, 22), (11, 3), (11, 4), (11, 10)]
  Pharaoh: 7 [(6, 21), (6, 22), (7, 8), (7, 18), (11, 3), (29, 1), (34, 11)]
  EVERY VERSE'S ARAMAIC (Onkelos on the chapter):
  34:1 HE 22 ARM 21: וסלק משה ממישרא דמואב לטורא דנבו ריש רמתא די על אפי ירחו ואחזייה יי ית כל ארעא ית גלעד עד דן
  34:2 HE 14 ARM 14: וית כל נפתלי וית ארעא דאפרים ומנשה וית כל ארעא דיהודה עד ימא מערבא
  34:3 HE 10 ARM 10: וית דרומא וית מישרא בקעתא דירחו קרתא דדקליא עד צער
  34:4 HE 18 ARM 18: ואמר יי ליה דא ארעא די קימית לאברהם ליצחק וליעקב למימר לבניך אתננה אחזיתך בעיניך ולתמן לא תעבר
  34:5 HE 10 ARM 10: ומית תמן משה עבדא דיי בארעא דמואב על מימרא דיי
  34:6 HE 16 ARM 16: וקבר יתיה בחילתא בארעא דמואב לקבל בית פעור ולא ידע אנש ית קברתיה עד יומא הדין
  34:7 HE 12 ARM 15: ומשה בר מאה ועשרין שנין כד מית לא כהת עינוהי ולא שנא זיו יקרא דאפוהי
  34:8 HE 14 ARM 14: ובכו בני ישראל ית משה במישריא דמואב תלתין יומין ושלימו יומי בכיתא אבלא דמשה
  34:9 HE 22 ARM 23: ויהושע בר נון מלי רוח חכמתא ארי סמך משה ית ידוהי עלוהי וקבילו מניה בני ישראל ועבדו כמא די פקיד יי ית משה
  34:10 HE 12 ARM 12: ולא קם נביא עוד בישראל כמשה די אתגלי ליה יי אפין באפין
  34:11 HE 14 ARM 14: לכל אתיא ומופתיא די שלחיה יי למעבד בארעא דמצרים לפרעה ולכל עבדוהי ולכל ארעיה
  34:12 HE 12 ARM 12: ולכל ידא תקפתא ולכל חזונא רבא די עבד משה לעיני כל ישראל
==== E. THE FRAMES, THE REGISTER AND THE PARSER
  imperatives: [] | jussives / cohortatives (the morph codes with j): [] | infinitive absolutes: []
  the morph codes at 34:4 (the frame and the oath), 34:5 (the death), 34:9 (Joshua): [('ויאמר', 'HC/Vqw3ms'), ('יהוה', 'HNp'), ('אליו', 'HR/Sp3ms'), ('זאת', 'HPdxfs'), ('הארץ', 'HTd/Ncbsa'), ('אשר', 'HTr'), ('נשבעתי', 'HVNp1cs'), ('לאברהם', 'HR/Np')] [('וימת', 'HC/Vqw3ms'), ('שם', 'HD'), ('משה', 'HNp'), ('עבד', 'HNcmsc'), ('יהוה', 'HNp')] [('ויהושע', 'HC/Np'), ('בן', 'HNcmsc'), ('נון', 'HNp'), ('מלא', 'HAamsa'), ('רוח', 'HNcbsc'), ('חכמה', 'HNcfsa'), ('כי', 'HC'), ('סמך', 'HVqp3ms'), ('משה', 'HNp')]
  chapter 34: the Name bare / with lamed / with bet / "your God" pairs: 7 0 0 []
  the register on Deut 34 — receipts: [('Deut', 34, 9)] | footers: [] | headers: []
  the register disposition of 34:9 (the dispositions file):   Deut 34:9: |     class: NONE |     why: Deuteronomy is not on the tape (the book not read) — the seat waits for its reading and compile | footers: |   Deut 1:1: |     why: 'THE DEUTERONOMY WALK 1b (2026-09-15) | the block (Num 36:13, Deut 1:1] holds no law — by the ink (the footer of Numbers and the words of Deuteronomy adjoin) and by the tape (no daemon given_at inside it; law_opening_speech given_at Deu
  the parser's hits: {(34, 7): ([120], [], []), (34, 8): ([30], [], [])} | 34:7 "a hundred and twenty years": ['ומשה', 'בן', 'מאה', 'ועשרים', 'שנה', 'במתו'] | 34:8 "thirty days": ['בערבת', 'מואב', 'שלשים', 'יום', 'ויתמו'] | 31:2 "a hundred and twenty years old this day": [120] | Numbers 20:29 "thirty days" for Aaron: [30]
==== F. THE PRIOR READS (computed from the ledgers)
  spine rows read before: 4 [(357, 27), (357, 28), (357, 40), (357, 44)] | distinct rows 4 | the ledgers: ['deu_05_vaetchanan_2026-09-16.md', 'deu_09_ekev_2026-09-19.md', 'deu_29_31_nitzavim_vayelech_2026-09-27.md', 'deu_32_haazinu_2026-09-27.md']
  outside rows read before: {(305, 5): ['deu_29_31_nitzavim_vayelech_2026-09-27.md'], (341, 1): ['deu_32_haazinu_2026-09-27.md']} | fresh: []
  ledgers with an Onkelos row of Deut 34 or the Prophets (never read ahead — expected none): []
  the kin ledgers' Onkelos row counts: [('deu_01_03_devarim_2026-09-15.md', 29), ('deu_17_18_shoftim_2026-09-24.md', 22), ('deu_29_31_nitzavim_vayelech_2026-09-27.md', 30), ('deu_32_haazinu_2026-09-27.md', 52), ('deu_33_ve_zot_2026-09-29.md', 29), ('erection_docket_2026-09-06.md', 1), ('exo_24_covenant_ascent_2026-09-01.md', 10), ('exo_33_presence_2026-09-01.md', 6), ('num_11_complaint_quail_2026-09-10.md', 35), ('num_12_miriam_2026-09-10.md', 16), ('num_20_meribah_edom_aaron_2026-09-11.md', 29), ('num_27_zelophehad_joshua_2026-09-09.md', 23), ('num_33_journeys_2026-09-12.md', 56)] | the Genesis-era ledgers on the oath to the fathers and the deaths (their lines naming Genesis 12, 13, 15, 50 — a table form): [('gen_04_lights_calendar_2026-07-30.md', 1), ('gen_05_swarms_blessing_2026-07-30.md', 1), ('gen_09_helper_woman_first_speech_2026-08-24.md', 1), ('gen_26_shem_ledger_2026-08-25.md', 1), ('gen_27_the_call_2026-08-25.md', 2), ('gen_28_egypt_descent_2026-08-25.md', 2), ('gen_29_separation_promise_2026-08-25.md', 2), ('gen_31_covenant_pieces_2026-08-25.md', 2), ('gen_66_second_descent_2026-08-28.md', 1), ('gen_69_descent_seventy_2026-08-28.md', 1), ('gen_73_coffin_in_egypt_2026-08-28.md', 29)]
  the ledgers naming a verse of Deut 34 (the pointers to be paid — the dump's F list) and the verse each names: [('deu_11_ekev_reeh_2026-09-20.md', ['Deuteronomy 34:6']), ('gen_11_sentences_exile_2026-08-25.md', ['Deuteronomy 34:6']), ('gen_73_coffin_in_egypt_2026-08-28.md', ['Deuteronomy 34:8']), ('num_06_nazir_2026-09-09.md', ['Deut 34:6']), ('num_12_miriam_2026-09-10.md', ['Deut 34:1']), ('num_19_21_chukat_exam_2026-09-11.md', ['Deut 34:5']), ('num_19_parah_2026-09-11.md', ['Deut 34:8']), ('num_20_meribah_edom_aaron_2026-09-11.md', ['Deut 34:8']), ('num_21_snakes_conquest_2026-09-11.md', ['Deut 34:7', 'Deut 34:8']), ('num_22_balak_bilam_call_2026-09-11.md', ['Deut 34:1', 'Deuteronomy 34:1']), ('num_23_oracles_1_2_2026-09-11.md', ['Deut 34:6', 'Deuteronomy 34:6']), ('num_24_oracles_3_4_2026-09-11.md', ['Deut 34:6']), ('num_27_zelophehad_joshua_2026-09-09.md', ['Deut 34:4', 'Deut 34:7', 'Deut 34:9']), ('num_32_gad_reuben_2026-09-12.md', ['Deuteronomy 34:1', 'Deuteronomy 34:4', 'Deuteronomy 34:6']), ('num_32_gad_reuben_exam_2026-09-12.md', ['Deuteronomy 34:1']), ('num_33_journeys_2026-09-12.md', ['Deuteronomy 34:1', 'Deuteronomy 34:7', 'Deuteronomy 34:8']), ('num_33_journeys_exam_2026-09-12.md', ['Deuteronomy 34:5', 'Deuteronomy 34:7']), ('num_34_borders_2026-09-12.md', ['Deuteronomy 34:1', 'Deuteronomy 34:4'])]
  the store mismatches: [] | token counts: {34: 176} | distinct glosses: {34: 120} | "?" glosses: [(34, 6, 'בית')]
  the store's glosses at 34:1-3 (the display patch's candidates — Dan glossed as Daniel, the plain as the circle, the hinder sea, the valley as split, the palm tree): [(1, [('ויעל', 'and-go-up'), ('משה', 'Moses'), ('מערבת', 'from-desert'), ('מואב', 'Moab'), ('אל', 'to'), ('הר', 'mountain'), ('נבו', 'Nebo'), ('ראש', 'head'), ('הפסגה', 'the-Pisgah'), ('אשר', 'which'), ('על', 'over'), ('פני', 'face'), ('ירחו', 'Jericho'), ('ויראהו', 'and-see-him/its'), ('יהוה', 'YHWH'), ('את', 'obj-marker·et'), ('כל', 'all'), ('הארץ', 'the-earth'), ('את', 'obj-marker·et'), ('הגלעד', 'the-Gilead'), ('עד', 'until'), ('דן', 'Daniel')]), (2, [('ואת', 'and-obj-marker·et'), ('כל', 'all'), ('נפתלי', 'Naphtali'), ('ואת', 'and-obj-marker·et'), ('ארץ', 'earth'), ('אפרים', 'Ephraim'), ('ומנשה', 'and-Manasseh'), ('ואת', 'and-obj-marker·et'), ('כל', 'all'), ('ארץ', 'earth'), ('יהודה', 'Judah'), ('עד', 'until'), ('הים', 'the-seas'), ('האחרון', 'the-hinder')]), (3, [('ואת', 'and-obj-marker·et'), ('הנגב', 'the-south'), ('ואת', 'and-obj-marker·et'), ('הככר', 'the-circle'), ('בקעת', 'split'), ('ירחו', 'Jericho'), ('עיר', 'city'), ('התמרים', 'the-palm-tree'), ('עד', 'until'), ('צער', 'Zoar')])]
  the Tosefta row of the testing shelf read at this sitting (the export Tosefta_Sotah 4:4 — bytes HE / EN, the first words): [(2893, 'משה זכה בעצמות אף הוא לא נתעסק בו אלא המקום ב"ה שנא\' (דברים '), (4650, 'Moses merited the bones [of Joseph]; so too, none other than')]
THE LEAN MEASURE PRINTED
