israel_people rows in the one database: 603 | all distinct rows: 1983 | chapter 34 present: 5 ['days_of_weeping_for_moses_ended', 'israel_hearkened_to_joshua_as_the_lord_commanded_moses', 'no_prophet_like_moses_face_to_face_declared', 'signs_mighty_hand_great_terror_in_the_sight_of_all_israel_declared', 'three_gifts_merits_withdrawn_at_the_third_death'] ...
==== A. THE RUNNERS' HOLE SCANS (ledger_scan on israel_people by a WORDS pattern) ====
 TRIPS  blessing_and_curse RAIN_WORDS     hits 11, excluded 0, survivors ['blessing_and_curse_set', 'doctrine_as_rain_and_dew_likened', 'gerizim_ebal_ceremony_owed', 'heavens_good_treasure_opened', 'heavens_shut_for_turning', 'rain_in_its_season', 'rain_turned_to_dust', 'six_tribes_on_ebal_for_the_curse', 'six_tribes_on_gerizim_to_bless', 'the_lord_came_from_sinai_seir_paran_declared', 'yoke_of_the_commandments_accepted']
 TRIPS  courts_prophet     HOLE_WORDS     hits 37, excluded 0, survivors ['abominations_learning_barred', 'augur_barred', 'blemished_offering_barred', 'charmer_barred', 'diviner_barred', 'equal_portions_commanded', 'false_prophet_fear_barred', 'false_word_test_declared', 'familiar_spirit_barred', 'first_fleece_owed', 'foreign_king_barred', 'ghost_consulting_barred', 'heart_lifting_barred', 'high_court_at_the_place_commanded', 'horses_multiplying_barred', 'idolater_inquiry_required', 'king_from_the_brothers_commanded', 'law_copy_commanded', 'levite_service_at_the_place_permitted', 'necromancer_barred', 'one_witness_barred', 'passing_through_fire_barred', 'priests_standing_chosen', 'prophet_hearkening_commanded', 'prophet_like_moses_promised', 'return_to_egypt_barred', 'sentence_binding_commanded', 'shoulder_cheeks_maw_owed', 'silver_and_gold_multiplying_barred', 'soothsayer_barred', 'sorcerer_barred', 'turning_from_the_word_barred', 'two_witnesses_required', 'wholeness_commanded', 'witnesses_hand_first_commanded', 'wives_multiplying_barred', 'word_required_of_the_hearer']
 TRIPS  festivals_judges   HOLE_WORDS     hits 15, excluded 0, survivors ['asherah_beside_the_altar_barred', 'booths_at_the_place_commanded', 'empty_appearance_barred', 'flesh_till_morning_barred', 'judges_and_officers_commanded', 'judgment_wresting_barred', 'justice_pursuit_commanded', 'leaven_with_the_passover_barred', 'passover_at_the_place_commanded', 'passover_in_the_gates_barred', 'person_respecting_barred', 'pillar_barred', 'seventh_day_assembly_commanded', 'three_pilgrimages_commanded', 'weeks_at_the_place_commanded']
 ok     firstfruits_ebal_curses HOLE_WORDS     hits 0, excluded 0, survivors []
 TRIPS  food_tithe         FOOD_WORDS     hits 5, excluded 0, survivors ['abomination_eating_barred', 'carcass_eating_barred', 'cuttings_for_the_dead_barred', 'poor_tithe_owed', 'second_tithe_owed']
 TRIPS  not_righteousness  STIFF_WORDS    hits 4, excluded 0, survivors ['elders_hands_washed_commanded', 'heifer_neck_broken_commanded', 'iron_yoke_on_neck', 'stiffening_barred']
 TRIPS  persons_poor_court HOLE_WORDS     hits 81, excluded 0, survivors ['adulterers_death_commanded', 'amalek_forgetting_barred', 'amalek_memory_blotting_commanded', 'amalek_remembrance_commanded', 'ammon_moab_barred_forever', 'ammon_moab_peace_barred', 'betrothed_girl_city_field_declared', 'bill_of_divorce_commanded', 'brother_degradation_barred', 'camp_evil_thing_guarded', 'camp_holiness_required', 'camp_latrine_commanded', 'court_justification_commanded', 'cross_dressing_barred', 'crushed_barred_from_assembly', 'cult_prostitution_barred', 'diverse_measures_barred', 'diverse_weights_barred', 'divorced_wife_remarriage_permitted', 'edom_egypt_third_generation_admitted', 'escaped_slave_return_barred', 'fallen_beast_raising_commanded', 'fathers_for_sons_death_barred', 'fathers_wife_barred', 'fathers_wife_lier_cursed', 'first_husband_retaking_barred', 'firstborn_on_dead_name_commanded', 'forbidden_union_offspring_barred', 'forgotten_sheaf_commanded', 'hand_cutting_pity_barred', 'harlots_hire_dogs_price_barred', 'hiding_from_lost_thing_barred', 'hireling_oppression_barred', 'hireling_wage_same_day_commanded', 'house_bloodguilt_barred', 'house_of_unshod_named', 'interest_to_brother_barred', 'interest_to_foreigner_permitted', 'kidnapper_death_commanded', 'laborer_eating_permitted', 'laborer_vessel_barred', 'land_caused_to_sin_barred', 'lashes_by_number_commanded', 'lashes_forty_cap_declared', 'leprosy_priests_teaching_commanded', 'levirate_marriage_commanded', 'lips_utterance_binding', 'lost_thing_return_commanded', 'millstone_pledge_barred', 'miriam_remembrance_commanded', 'mother_bird_sending_commanded', 'newlywed_year_exemption_commanded', 'nocturnal_unclean_exit_commanded', 'olive_second_beating_barred', 'ox_ass_flock_taken', 'ox_ass_plowing_barred', 'ox_muzzling_barred', 'parapet_commanded', 'pledge_entry_barred', 'poor_mans_pledge_return_commanded', 'rapist_divorce_barred', 'rapist_fifty_commanded', 'refusal_at_gate_declared', 'righteousness_before_the_lord', 'shoe_loosening_rite_declared', 'sickle_swinging_barred', 'slander_fine_commanded', 'slanderer_divorce_barred', 'slave_oppression_barred', 'stranger_orphan_justice_commanded', 'tassels_commanded', 'unchaste_bride_stoning_commanded', 'vineyard_gleaning_barred', 'vineyard_mixed_seed_barred', 'vow_delay_barred', 'vow_refraining_permitted', 'whole_just_weight_commanded', 'widow_outsider_marriage_barred', 'widows_garment_pledge_barred', 'wife_seizing_hand_cut_commanded', 'wool_linen_barred']
 TRIPS  place_name         PLACE_WORDS    hits 10, excluded 0, survivors ['foreign_rite_inquiry_barred', 'high_court_at_the_place_commanded', 'holy_things_in_the_gates_barred', 'levite_forsaking_barred', 'name_erasure_barred', 'passover_at_the_place_commanded', 'place_chosen_required', 'profane_slaughter_permitted', 'rejoicing_before_the_lord_commanded', 'weeks_at_the_place_commanded']
 TRIPS  refuge_war_family  HOLE_WORDS     hits 45, excluded 0, survivors ['abominations_teaching_barred', 'captains_appointed_commanded', 'captive_mourning_month_commanded', 'captive_release_commanded', 'captive_sale_barred', 'captive_wife_permitted', 'corpse_overnight_barred', 'elders_declaration_commanded', 'elders_hands_washed_commanded', 'far_cities_scope_declared', 'fearful_exemption_commanded', 'firstborn_double_portion_commanded', 'firstborn_right_transfer_barred', 'fruit_tree_cutting_barred', 'hanging_after_death_commanded', 'heifer_neck_broken_commanded', 'innocent_blood_atoned', 'innocent_blood_purge_commanded', 'land_defilement_barred', 'land_divided_in_three_commanded', 'landmark_removal_barred', 'manslayer_flight_permitted', 'murderer_extradition_commanded', 'murderer_pity_barred', 'nothing_alive_left_commanded', 'officers_exemptions_commanded', 'peace_call_commanded', 'plotting_witness_talion_commanded', 'priest_war_speech_commanded', 'priests_approach_commanded', 'rebellious_son_seized_commanded', 'rebellious_son_stoning_commanded', 'same_day_burial_commanded', 'siege_males_smitten_commanded', 'siege_works_permitted', 'slain_found_measuring_commanded', 'spoil_permitted', 'talion_pity_barred', 'three_cities_separated_commanded', 'three_more_cities_conditioned', 'tribute_service_commanded', 'two_or_three_witnesses_required', 'war_fear_barred', 'way_prepared_commanded', 'witnesses_inquiry_commanded']
 TRIPS  release_firstborn  HOLE_WORDS     hits 10, excluded 0, survivors ['base_thought_barred', 'debt_release_owed', 'empty_sending_barred', 'exaction_barred', 'firstling_sanctification_commanded', 'firstling_work_and_shearing_barred', 'furnishing_commanded', 'hand_opening_commanded', 'hand_shutting_barred', 'work_of_the_hand_blessed']
 TRIPS  second_tablets     LAW_WORDS      hits 12, excluded 0, survivors ['bribe_barred', 'bribe_for_blood_taker_cursed', 'cleaving_commanded', 'devoted_thing_cleaving_barred', 'elders_hands_washed_commanded', 'fear_of_heaven_asked', 'heart_circumcision_commanded', 'heifer_neck_broken_commanded', 'iron_yoke_on_neck', 'love_owed', 'pestilence_cleaving', 'stiffening_barred']
 TRIPS  seducers           SEDUCER_WORDS  hits 5, excluded 0, survivors ['condemned_city_inquiry_required', 'devoted_thing_cleaving_barred', 'false_prophet_fear_barred', 'false_prophet_hearing_barred', 'tested_by_the_lord']
==== B. THE PROBES' AND THE TAPE'S SUBSTRING SCANS (every quoted pattern handed to a ledger/effect scan in readback_probes.py, census_probes.py, register_census.py and cold_run_sequence.py; the values of the new rows searched for each) ====
 TRIPS? readback_probes.py     line 229   entity None           pattern 'commanded'                              -> new rows matched ['israel_hearkened_to_joshua_as_the_lord_commanded_moses']
 TRIPS? readback_probes.py     line 240   entity None           pattern 'commanded'                              -> new rows matched ['israel_hearkened_to_joshua_as_the_lord_commanded_moses']
 TRIPS? readback_probes.py     line 799   entity None           pattern 'hanged'                                 -> new rows matched [('moses', 'died_at_a_hundred_and_twenty_eye_undimmed')]
 TRIPS? readback_probes.py     line 799   entity None           pattern 'buried'                                 -> new rows matched [('moses', 'buried_by_the_lord_grave_unknown')]
 readback_probes.py: 164 scan seats read, 4 name a new row
 census_probes.py: 0 scan seats read, 0 name a new row
 register_census.py: 0 scan seats read, 0 name a new row
 TRIPS? cold_run_sequence.py   line 3137  entity None           pattern 'israel'                                 -> new rows matched ['israel_hearkened_to_joshua_as_the_lord_commanded_moses', 'signs_mighty_hand_great_terror_in_the_sight_of_all_israel_declared']
 TRIPS? cold_run_sequence.py   line 3138  entity None           pattern 'moses'                                  -> new rows matched ['days_of_weeping_for_moses_ended', 'israel_hearkened_to_joshua_as_the_lord_commanded_moses', 'no_prophet_like_moses_face_to_face_declared']
 TRIPS? cold_run_sequence.py   line 3152  entity None           pattern 'israel'                                 -> new rows matched ['israel_hearkened_to_joshua_as_the_lord_commanded_moses', 'signs_mighty_hand_great_terror_in_the_sight_of_all_israel_declared']
 TRIPS? cold_run_sequence.py   line 3162  entity None           pattern 'israel'                                 -> new rows matched ['israel_hearkened_to_joshua_as_the_lord_commanded_moses', 'signs_mighty_hand_great_terror_in_the_sight_of_all_israel_declared']
 TRIPS? cold_run_sequence.py   line 3164  entity None           pattern 'joshua'                                 -> new rows matched ['israel_hearkened_to_joshua_as_the_lord_commanded_moses']
 TRIPS? cold_run_sequence.py   line 3183  entity None           pattern 'israel'                                 -> new rows matched ['israel_hearkened_to_joshua_as_the_lord_commanded_moses', 'signs_mighty_hand_great_terror_in_the_sight_of_all_israel_declared']
 TRIPS? cold_run_sequence.py   line 3184  entity None           pattern 'israel'                                 -> new rows matched ['israel_hearkened_to_joshua_as_the_lord_commanded_moses', 'signs_mighty_hand_great_terror_in_the_sight_of_all_israel_declared']
 TRIPS? cold_run_sequence.py   line 3198  entity None           pattern 'israel'                                 -> new rows matched ['israel_hearkened_to_joshua_as_the_lord_commanded_moses', 'signs_mighty_hand_great_terror_in_the_sight_of_all_israel_declared']
 TRIPS? cold_run_sequence.py   line 3200  entity None           pattern 'israel'                                 -> new rows matched ['israel_hearkened_to_joshua_as_the_lord_commanded_moses', 'signs_mighty_hand_great_terror_in_the_sight_of_all_israel_declared']
 TRIPS? cold_run_sequence.py   line 3213  entity None           pattern 'israel'                                 -> new rows matched ['israel_hearkened_to_joshua_as_the_lord_commanded_moses', 'signs_mighty_hand_great_terror_in_the_sight_of_all_israel_declared']
 TRIPS? cold_run_sequence.py   line 3223  entity None           pattern 'joshua'                                 -> new rows matched ['israel_hearkened_to_joshua_as_the_lord_commanded_moses']
 TRIPS? cold_run_sequence.py   line 3233  entity None           pattern 'israel'                                 -> new rows matched ['israel_hearkened_to_joshua_as_the_lord_commanded_moses', 'signs_mighty_hand_great_terror_in_the_sight_of_all_israel_declared']
 TRIPS? cold_run_sequence.py   line 3240  entity None           pattern 'israel'                                 -> new rows matched ['israel_hearkened_to_joshua_as_the_lord_commanded_moses', 'signs_mighty_hand_great_terror_in_the_sight_of_all_israel_declared']
 TRIPS? cold_run_sequence.py   line 3263  entity None           pattern 'israel'                                 -> new rows matched ['israel_hearkened_to_joshua_as_the_lord_commanded_moses', 'signs_mighty_hand_great_terror_in_the_sight_of_all_israel_declared']
 TRIPS? cold_run_sequence.py   line 3263  entity None           pattern 'israel'                                 -> new rows matched ['israel_hearkened_to_joshua_as_the_lord_commanded_moses', 'signs_mighty_hand_great_terror_in_the_sight_of_all_israel_declared']
 TRIPS? cold_run_sequence.py   line 3263  entity None           pattern 'israel'                                 -> new rows matched ['israel_hearkened_to_joshua_as_the_lord_commanded_moses', 'signs_mighty_hand_great_terror_in_the_sight_of_all_israel_declared']
 TRIPS? cold_run_sequence.py   line 3263  entity None           pattern 'israel'                                 -> new rows matched ['israel_hearkened_to_joshua_as_the_lord_commanded_moses', 'signs_mighty_hand_great_terror_in_the_sight_of_all_israel_declared']
 TRIPS? cold_run_sequence.py   line 3263  entity None           pattern 'israel'                                 -> new rows matched ['israel_hearkened_to_joshua_as_the_lord_commanded_moses', 'signs_mighty_hand_great_terror_in_the_sight_of_all_israel_declared']
 TRIPS? cold_run_sequence.py   line 3263  entity None           pattern 'israel'                                 -> new rows matched ['israel_hearkened_to_joshua_as_the_lord_commanded_moses', 'signs_mighty_hand_great_terror_in_the_sight_of_all_israel_declared']
 TRIPS? cold_run_sequence.py   line 3272  entity None           pattern 'joshua'                                 -> new rows matched ['israel_hearkened_to_joshua_as_the_lord_commanded_moses']
 TRIPS? cold_run_sequence.py   line 3272  entity None           pattern 'moses'                                  -> new rows matched ['days_of_weeping_for_moses_ended', 'israel_hearkened_to_joshua_as_the_lord_commanded_moses', 'no_prophet_like_moses_face_to_face_declared']
 TRIPS? cold_run_sequence.py   line 3272  entity None           pattern 'moses'                                  -> new rows matched ['days_of_weeping_for_moses_ended', 'israel_hearkened_to_joshua_as_the_lord_commanded_moses', 'no_prophet_like_moses_face_to_face_declared']
 TRIPS? cold_run_sequence.py   line 3272  entity None           pattern 'moses'                                  -> new rows matched ['days_of_weeping_for_moses_ended', 'israel_hearkened_to_joshua_as_the_lord_commanded_moses', 'no_prophet_like_moses_face_to_face_declared']
 TRIPS? cold_run_sequence.py   line 3273  entity None           pattern 'joshua'                                 -> new rows matched ['israel_hearkened_to_joshua_as_the_lord_commanded_moses']
 TRIPS? cold_run_sequence.py   line 3274  entity None           pattern 'israel'                                 -> new rows matched ['israel_hearkened_to_joshua_as_the_lord_commanded_moses', 'signs_mighty_hand_great_terror_in_the_sight_of_all_israel_declared']
 TRIPS? cold_run_sequence.py   line 3274  entity None           pattern 'israel'                                 -> new rows matched ['israel_hearkened_to_joshua_as_the_lord_commanded_moses', 'signs_mighty_hand_great_terror_in_the_sight_of_all_israel_declared']
 TRIPS? cold_run_sequence.py   line 3286  entity None           pattern 'israel'                                 -> new rows matched ['israel_hearkened_to_joshua_as_the_lord_commanded_moses', 'signs_mighty_hand_great_terror_in_the_sight_of_all_israel_declared']
 TRIPS? cold_run_sequence.py   line 3293  entity None           pattern 'israel'                                 -> new rows matched ['israel_hearkened_to_joshua_as_the_lord_commanded_moses', 'signs_mighty_hand_great_terror_in_the_sight_of_all_israel_declared']
 TRIPS? cold_run_sequence.py   line 3293  entity None           pattern 'moses'                                  -> new rows matched ['days_of_weeping_for_moses_ended', 'israel_hearkened_to_joshua_as_the_lord_commanded_moses', 'no_prophet_like_moses_face_to_face_declared']
 TRIPS? cold_run_sequence.py   line 3295  entity None           pattern 'israel'                                 -> new rows matched ['israel_hearkened_to_joshua_as_the_lord_commanded_moses', 'signs_mighty_hand_great_terror_in_the_sight_of_all_israel_declared']
 TRIPS? cold_run_sequence.py   line 3295  entity None           pattern 'israel'                                 -> new rows matched ['israel_hearkened_to_joshua_as_the_lord_commanded_moses', 'signs_mighty_hand_great_terror_in_the_sight_of_all_israel_declared']
 TRIPS? cold_run_sequence.py   line 3295  entity None           pattern 'moses'                                  -> new rows matched ['days_of_weeping_for_moses_ended', 'israel_hearkened_to_joshua_as_the_lord_commanded_moses', 'no_prophet_like_moses_face_to_face_declared']
 TRIPS? cold_run_sequence.py   line 3295  entity None           pattern 'israel'                                 -> new rows matched ['israel_hearkened_to_joshua_as_the_lord_commanded_moses', 'signs_mighty_hand_great_terror_in_the_sight_of_all_israel_declared']
 TRIPS? cold_run_sequence.py   line 3295  entity None           pattern 'israel'                                 -> new rows matched ['israel_hearkened_to_joshua_as_the_lord_commanded_moses', 'signs_mighty_hand_great_terror_in_the_sight_of_all_israel_declared']
 TRIPS? cold_run_sequence.py   line 3297  entity None           pattern 'israel'                                 -> new rows matched ['israel_hearkened_to_joshua_as_the_lord_commanded_moses', 'signs_mighty_hand_great_terror_in_the_sight_of_all_israel_declared']
 TRIPS? cold_run_sequence.py   line 3297  entity None           pattern 'israel'                                 -> new rows matched ['israel_hearkened_to_joshua_as_the_lord_commanded_moses', 'signs_mighty_hand_great_terror_in_the_sight_of_all_israel_declared']
 TRIPS? cold_run_sequence.py   line 3299  entity None           pattern 'israel'                                 -> new rows matched ['israel_hearkened_to_joshua_as_the_lord_commanded_moses', 'signs_mighty_hand_great_terror_in_the_sight_of_all_israel_declared']
 TRIPS? cold_run_sequence.py   line 3299  entity None           pattern 'israel'                                 -> new rows matched ['israel_hearkened_to_joshua_as_the_lord_commanded_moses', 'signs_mighty_hand_great_terror_in_the_sight_of_all_israel_declared']
 TRIPS? cold_run_sequence.py   line 3310  entity None           pattern 'israel'                                 -> new rows matched ['israel_hearkened_to_joshua_as_the_lord_commanded_moses', 'signs_mighty_hand_great_terror_in_the_sight_of_all_israel_declared']
 TRIPS? cold_run_sequence.py   line 3310  entity None           pattern 'israel'                                 -> new rows matched ['israel_hearkened_to_joshua_as_the_lord_commanded_moses', 'signs_mighty_hand_great_terror_in_the_sight_of_all_israel_declared']
 TRIPS? cold_run_sequence.py   line 3315  entity None           pattern 'israel'                                 -> new rows matched ['israel_hearkened_to_joshua_as_the_lord_commanded_moses', 'signs_mighty_hand_great_terror_in_the_sight_of_all_israel_declared']
 TRIPS? cold_run_sequence.py   line 3315  entity None           pattern 'israel'                                 -> new rows matched ['israel_hearkened_to_joshua_as_the_lord_commanded_moses', 'signs_mighty_hand_great_terror_in_the_sight_of_all_israel_declared']
 TRIPS? cold_run_sequence.py   line 3317  entity None           pattern 'moses'                                  -> new rows matched ['days_of_weeping_for_moses_ended', 'israel_hearkened_to_joshua_as_the_lord_commanded_moses', 'no_prophet_like_moses_face_to_face_declared']
 TRIPS? cold_run_sequence.py   line 3324  entity None           pattern 'israel'                                 -> new rows matched ['israel_hearkened_to_joshua_as_the_lord_commanded_moses', 'signs_mighty_hand_great_terror_in_the_sight_of_all_israel_declared']
 TRIPS? cold_run_sequence.py   line 3324  entity None           pattern 'moses'                                  -> new rows matched ['days_of_weeping_for_moses_ended', 'israel_hearkened_to_joshua_as_the_lord_commanded_moses', 'no_prophet_like_moses_face_to_face_declared']
 TRIPS? cold_run_sequence.py   line 3332  entity None           pattern 'israel'                                 -> new rows matched ['israel_hearkened_to_joshua_as_the_lord_commanded_moses', 'signs_mighty_hand_great_terror_in_the_sight_of_all_israel_declared']
 TRIPS? cold_run_sequence.py   line 3334  entity None           pattern 'israel'                                 -> new rows matched ['israel_hearkened_to_joshua_as_the_lord_commanded_moses', 'signs_mighty_hand_great_terror_in_the_sight_of_all_israel_declared']
 TRIPS? cold_run_sequence.py   line 3340  entity None           pattern 'israel'                                 -> new rows matched ['israel_hearkened_to_joshua_as_the_lord_commanded_moses', 'signs_mighty_hand_great_terror_in_the_sight_of_all_israel_declared']
 TRIPS? cold_run_sequence.py   line 3340  entity None           pattern 'israel'                                 -> new rows matched ['israel_hearkened_to_joshua_as_the_lord_commanded_moses', 'signs_mighty_hand_great_terror_in_the_sight_of_all_israel_declared']
 TRIPS? cold_run_sequence.py   line 3346  entity None           pattern 'moses'                                  -> new rows matched ['days_of_weeping_for_moses_ended', 'israel_hearkened_to_joshua_as_the_lord_commanded_moses', 'no_prophet_like_moses_face_to_face_declared']
 TRIPS? cold_run_sequence.py   line 3356  entity None           pattern 'israel'                                 -> new rows matched ['israel_hearkened_to_joshua_as_the_lord_commanded_moses', 'signs_mighty_hand_great_terror_in_the_sight_of_all_israel_declared']
 TRIPS? cold_run_sequence.py   line 3358  entity None           pattern 'israel'                                 -> new rows matched ['israel_hearkened_to_joshua_as_the_lord_commanded_moses', 'signs_mighty_hand_great_terror_in_the_sight_of_all_israel_declared']
 TRIPS? cold_run_sequence.py   line 3358  entity None           pattern 'israel'                                 -> new rows matched ['israel_hearkened_to_joshua_as_the_lord_commanded_moses', 'signs_mighty_hand_great_terror_in_the_sight_of_all_israel_declared']
 TRIPS? cold_run_sequence.py   line 3358  entity None           pattern 'israel'                                 -> new rows matched ['israel_hearkened_to_joshua_as_the_lord_commanded_moses', 'signs_mighty_hand_great_terror_in_the_sight_of_all_israel_declared']
 TRIPS? cold_run_sequence.py   line 3364  entity None           pattern 'israel'                                 -> new rows matched ['israel_hearkened_to_joshua_as_the_lord_commanded_moses', 'signs_mighty_hand_great_terror_in_the_sight_of_all_israel_declared']
 TRIPS? cold_run_sequence.py   line 3364  entity None           pattern 'israel'                                 -> new rows matched ['israel_hearkened_to_joshua_as_the_lord_commanded_moses', 'signs_mighty_hand_great_terror_in_the_sight_of_all_israel_declared']
 TRIPS? cold_run_sequence.py   line 3364  entity None           pattern 'israel'                                 -> new rows matched ['israel_hearkened_to_joshua_as_the_lord_commanded_moses', 'signs_mighty_hand_great_terror_in_the_sight_of_all_israel_declared']
 TRIPS? cold_run_sequence.py   line 3365  entity None           pattern 'israel'                                 -> new rows matched ['israel_hearkened_to_joshua_as_the_lord_commanded_moses', 'signs_mighty_hand_great_terror_in_the_sight_of_all_israel_declared']
 TRIPS? cold_run_sequence.py   line 3368  entity None           pattern 'israel'                                 -> new rows matched ['israel_hearkened_to_joshua_as_the_lord_commanded_moses', 'signs_mighty_hand_great_terror_in_the_sight_of_all_israel_declared']
 TRIPS? cold_run_sequence.py   line 3368  entity None           pattern 'israel'                                 -> new rows matched ['israel_hearkened_to_joshua_as_the_lord_commanded_moses', 'signs_mighty_hand_great_terror_in_the_sight_of_all_israel_declared']
 TRIPS? cold_run_sequence.py   line 3370  entity None           pattern 'israel'                                 -> new rows matched ['israel_hearkened_to_joshua_as_the_lord_commanded_moses', 'signs_mighty_hand_great_terror_in_the_sight_of_all_israel_declared']
 TRIPS? cold_run_sequence.py   line 3380  entity None           pattern 'israel'                                 -> new rows matched ['israel_hearkened_to_joshua_as_the_lord_commanded_moses', 'signs_mighty_hand_great_terror_in_the_sight_of_all_israel_declared']
 TRIPS? cold_run_sequence.py   line 3382  entity None           pattern 'israel'                                 -> new rows matched ['israel_hearkened_to_joshua_as_the_lord_commanded_moses', 'signs_mighty_hand_great_terror_in_the_sight_of_all_israel_declared']
 TRIPS? cold_run_sequence.py   line 3389  entity None           pattern 'israel'                                 -> new rows matched ['israel_hearkened_to_joshua_as_the_lord_commanded_moses', 'signs_mighty_hand_great_terror_in_the_sight_of_all_israel_declared']
 TRIPS? cold_run_sequence.py   line 3391  entity None           pattern 'israel'                                 -> new rows matched ['israel_hearkened_to_joshua_as_the_lord_commanded_moses', 'signs_mighty_hand_great_terror_in_the_sight_of_all_israel_declared']
 TRIPS? cold_run_sequence.py   line 3393  entity None           pattern 'israel'                                 -> new rows matched ['israel_hearkened_to_joshua_as_the_lord_commanded_moses', 'signs_mighty_hand_great_terror_in_the_sight_of_all_israel_declared']
 TRIPS? cold_run_sequence.py   line 3414  entity None           pattern 'israel'                                 -> new rows matched ['israel_hearkened_to_joshua_as_the_lord_commanded_moses', 'signs_mighty_hand_great_terror_in_the_sight_of_all_israel_declared']
 TRIPS? cold_run_sequence.py   line 3428  entity None           pattern 'israel'                                 -> new rows matched ['israel_hearkened_to_joshua_as_the_lord_commanded_moses', 'signs_mighty_hand_great_terror_in_the_sight_of_all_israel_declared']
 TRIPS? cold_run_sequence.py   line 3429  entity None           pattern 'israel'                                 -> new rows matched ['israel_hearkened_to_joshua_as_the_lord_commanded_moses', 'signs_mighty_hand_great_terror_in_the_sight_of_all_israel_declared']
 TRIPS? cold_run_sequence.py   line 3444  entity None           pattern 'israel'                                 -> new rows matched ['israel_hearkened_to_joshua_as_the_lord_commanded_moses', 'signs_mighty_hand_great_terror_in_the_sight_of_all_israel_declared']
 TRIPS? cold_run_sequence.py   line 3445  entity None           pattern 'israel'                                 -> new rows matched ['israel_hearkened_to_joshua_as_the_lord_commanded_moses', 'signs_mighty_hand_great_terror_in_the_sight_of_all_israel_declared']
 TRIPS? cold_run_sequence.py   line 3455  entity None           pattern 'israel'                                 -> new rows matched ['israel_hearkened_to_joshua_as_the_lord_commanded_moses', 'signs_mighty_hand_great_terror_in_the_sight_of_all_israel_declared']
 TRIPS? cold_run_sequence.py   line 3455  entity None           pattern 'israel'                                 -> new rows matched ['israel_hearkened_to_joshua_as_the_lord_commanded_moses', 'signs_mighty_hand_great_terror_in_the_sight_of_all_israel_declared']
 TRIPS? cold_run_sequence.py   line 3455  entity None           pattern 'israel'                                 -> new rows matched ['israel_hearkened_to_joshua_as_the_lord_commanded_moses', 'signs_mighty_hand_great_terror_in_the_sight_of_all_israel_declared']
 TRIPS? cold_run_sequence.py   line 3456  entity None           pattern 'israel'                                 -> new rows matched ['israel_hearkened_to_joshua_as_the_lord_commanded_moses', 'signs_mighty_hand_great_terror_in_the_sight_of_all_israel_declared']
 TRIPS? cold_run_sequence.py   line 3462  entity None           pattern 'israel'                                 -> new rows matched ['israel_hearkened_to_joshua_as_the_lord_commanded_moses', 'signs_mighty_hand_great_terror_in_the_sight_of_all_israel_declared']
 TRIPS? cold_run_sequence.py   line 3464  entity None           pattern 'israel'                                 -> new rows matched ['israel_hearkened_to_joshua_as_the_lord_commanded_moses', 'signs_mighty_hand_great_terror_in_the_sight_of_all_israel_declared']
 TRIPS? cold_run_sequence.py   line 3464  entity None           pattern 'israel'                                 -> new rows matched ['israel_hearkened_to_joshua_as_the_lord_commanded_moses', 'signs_mighty_hand_great_terror_in_the_sight_of_all_israel_declared']
 TRIPS? cold_run_sequence.py   line 3465  entity None           pattern 'israel'                                 -> new rows matched ['israel_hearkened_to_joshua_as_the_lord_commanded_moses', 'signs_mighty_hand_great_terror_in_the_sight_of_all_israel_declared']
 TRIPS? cold_run_sequence.py   line 3480  entity None           pattern 'israel'                                 -> new rows matched ['israel_hearkened_to_joshua_as_the_lord_commanded_moses', 'signs_mighty_hand_great_terror_in_the_sight_of_all_israel_declared']
 TRIPS? cold_run_sequence.py   line 3480  entity None           pattern 'israel'                                 -> new rows matched ['israel_hearkened_to_joshua_as_the_lord_commanded_moses', 'signs_mighty_hand_great_terror_in_the_sight_of_all_israel_declared']
 TRIPS? cold_run_sequence.py   line 3480  entity None           pattern 'israel'                                 -> new rows matched ['israel_hearkened_to_joshua_as_the_lord_commanded_moses', 'signs_mighty_hand_great_terror_in_the_sight_of_all_israel_declared']
 TRIPS? cold_run_sequence.py   line 3482  entity None           pattern 'israel'                                 -> new rows matched ['israel_hearkened_to_joshua_as_the_lord_commanded_moses', 'signs_mighty_hand_great_terror_in_the_sight_of_all_israel_declared']
 TRIPS? cold_run_sequence.py   line 3488  entity None           pattern 'israel'                                 -> new rows matched ['israel_hearkened_to_joshua_as_the_lord_commanded_moses', 'signs_mighty_hand_great_terror_in_the_sight_of_all_israel_declared']
 TRIPS? cold_run_sequence.py   line 3493  entity None           pattern 'israel'                                 -> new rows matched ['israel_hearkened_to_joshua_as_the_lord_commanded_moses', 'signs_mighty_hand_great_terror_in_the_sight_of_all_israel_declared']
 TRIPS? cold_run_sequence.py   line 3493  entity None           pattern 'israel'                                 -> new rows matched ['israel_hearkened_to_joshua_as_the_lord_commanded_moses', 'signs_mighty_hand_great_terror_in_the_sight_of_all_israel_declared']
 TRIPS? cold_run_sequence.py   line 3506  entity None           pattern 'israel'                                 -> new rows matched ['israel_hearkened_to_joshua_as_the_lord_commanded_moses', 'signs_mighty_hand_great_terror_in_the_sight_of_all_israel_declared']
 TRIPS? cold_run_sequence.py   line 3506  entity None           pattern 'israel'                                 -> new rows matched ['israel_hearkened_to_joshua_as_the_lord_commanded_moses', 'signs_mighty_hand_great_terror_in_the_sight_of_all_israel_declared']
 TRIPS? cold_run_sequence.py   line 3506  entity None           pattern 'israel'                                 -> new rows matched ['israel_hearkened_to_joshua_as_the_lord_commanded_moses', 'signs_mighty_hand_great_terror_in_the_sight_of_all_israel_declared']
 TRIPS? cold_run_sequence.py   line 3507  entity None           pattern 'israel'                                 -> new rows matched ['israel_hearkened_to_joshua_as_the_lord_commanded_moses', 'signs_mighty_hand_great_terror_in_the_sight_of_all_israel_declared']
 TRIPS? cold_run_sequence.py   line 3507  entity None           pattern 'israel'                                 -> new rows matched ['israel_hearkened_to_joshua_as_the_lord_commanded_moses', 'signs_mighty_hand_great_terror_in_the_sight_of_all_israel_declared']
 TRIPS? cold_run_sequence.py   line 3508  entity None           pattern 'israel'                                 -> new rows matched ['israel_hearkened_to_joshua_as_the_lord_commanded_moses', 'signs_mighty_hand_great_terror_in_the_sight_of_all_israel_declared']
 TRIPS? cold_run_sequence.py   line 3514  entity None           pattern 'israel'                                 -> new rows matched ['israel_hearkened_to_joshua_as_the_lord_commanded_moses', 'signs_mighty_hand_great_terror_in_the_sight_of_all_israel_declared']
 TRIPS? cold_run_sequence.py   line 3515  entity None           pattern 'israel'                                 -> new rows matched ['israel_hearkened_to_joshua_as_the_lord_commanded_moses', 'signs_mighty_hand_great_terror_in_the_sight_of_all_israel_declared']
 TRIPS? cold_run_sequence.py   line 3517  entity None           pattern 'israel'                                 -> new rows matched ['israel_hearkened_to_joshua_as_the_lord_commanded_moses', 'signs_mighty_hand_great_terror_in_the_sight_of_all_israel_declared']
 TRIPS? cold_run_sequence.py   line 3517  entity None           pattern 'israel'                                 -> new rows matched ['israel_hearkened_to_joshua_as_the_lord_commanded_moses', 'signs_mighty_hand_great_terror_in_the_sight_of_all_israel_declared']
 TRIPS? cold_run_sequence.py   line 3517  entity None           pattern 'israel'                                 -> new rows matched ['israel_hearkened_to_joshua_as_the_lord_commanded_moses', 'signs_mighty_hand_great_terror_in_the_sight_of_all_israel_declared']
 TRIPS? cold_run_sequence.py   line 3519  entity None           pattern 'israel'                                 -> new rows matched ['israel_hearkened_to_joshua_as_the_lord_commanded_moses', 'signs_mighty_hand_great_terror_in_the_sight_of_all_israel_declared']
 TRIPS? cold_run_sequence.py   line 3519  entity None           pattern 'israel'                                 -> new rows matched ['israel_hearkened_to_joshua_as_the_lord_commanded_moses', 'signs_mighty_hand_great_terror_in_the_sight_of_all_israel_declared']
 TRIPS? cold_run_sequence.py   line 3532  entity None           pattern 'israel'                                 -> new rows matched ['israel_hearkened_to_joshua_as_the_lord_commanded_moses', 'signs_mighty_hand_great_terror_in_the_sight_of_all_israel_declared']
 TRIPS? cold_run_sequence.py   line 3532  entity None           pattern 'israel'                                 -> new rows matched ['israel_hearkened_to_joshua_as_the_lord_commanded_moses', 'signs_mighty_hand_great_terror_in_the_sight_of_all_israel_declared']
 TRIPS? cold_run_sequence.py   line 3532  entity None           pattern 'israel'                                 -> new rows matched ['israel_hearkened_to_joshua_as_the_lord_commanded_moses', 'signs_mighty_hand_great_terror_in_the_sight_of_all_israel_declared']
 TRIPS? cold_run_sequence.py   line 3533  entity None           pattern 'israel'                                 -> new rows matched ['israel_hearkened_to_joshua_as_the_lord_commanded_moses', 'signs_mighty_hand_great_terror_in_the_sight_of_all_israel_declared']
 TRIPS? cold_run_sequence.py   line 3533  entity None           pattern 'israel'                                 -> new rows matched ['israel_hearkened_to_joshua_as_the_lord_commanded_moses', 'signs_mighty_hand_great_terror_in_the_sight_of_all_israel_declared']
 TRIPS? cold_run_sequence.py   line 3534  entity None           pattern 'israel'                                 -> new rows matched ['israel_hearkened_to_joshua_as_the_lord_commanded_moses', 'signs_mighty_hand_great_terror_in_the_sight_of_all_israel_declared']
 TRIPS? cold_run_sequence.py   line 3540  entity None           pattern 'israel'                                 -> new rows matched ['israel_hearkened_to_joshua_as_the_lord_commanded_moses', 'signs_mighty_hand_great_terror_in_the_sight_of_all_israel_declared']
 TRIPS? cold_run_sequence.py   line 3541  entity None           pattern 'israel'                                 -> new rows matched ['israel_hearkened_to_joshua_as_the_lord_commanded_moses', 'signs_mighty_hand_great_terror_in_the_sight_of_all_israel_declared']
 TRIPS? cold_run_sequence.py   line 3544  entity None           pattern 'israel'                                 -> new rows matched ['israel_hearkened_to_joshua_as_the_lord_commanded_moses', 'signs_mighty_hand_great_terror_in_the_sight_of_all_israel_declared']
 TRIPS? cold_run_sequence.py   line 3545  entity None           pattern 'israel'                                 -> new rows matched ['israel_hearkened_to_joshua_as_the_lord_commanded_moses', 'signs_mighty_hand_great_terror_in_the_sight_of_all_israel_declared']
 TRIPS? cold_run_sequence.py   line 3545  entity None           pattern 'israel'                                 -> new rows matched ['israel_hearkened_to_joshua_as_the_lord_commanded_moses', 'signs_mighty_hand_great_terror_in_the_sight_of_all_israel_declared']
 TRIPS? cold_run_sequence.py   line 3545  entity None           pattern 'israel'                                 -> new rows matched ['israel_hearkened_to_joshua_as_the_lord_commanded_moses', 'signs_mighty_hand_great_terror_in_the_sight_of_all_israel_declared']
 TRIPS? cold_run_sequence.py   line 3560  entity None           pattern 'israel'                                 -> new rows matched ['israel_hearkened_to_joshua_as_the_lord_commanded_moses', 'signs_mighty_hand_great_terror_in_the_sight_of_all_israel_declared']
 TRIPS? cold_run_sequence.py   line 3560  entity None           pattern 'israel'                                 -> new rows matched ['israel_hearkened_to_joshua_as_the_lord_commanded_moses', 'signs_mighty_hand_great_terror_in_the_sight_of_all_israel_declared']
 TRIPS? cold_run_sequence.py   line 3560  entity None           pattern 'israel'                                 -> new rows matched ['israel_hearkened_to_joshua_as_the_lord_commanded_moses', 'signs_mighty_hand_great_terror_in_the_sight_of_all_israel_declared']
 TRIPS? cold_run_sequence.py   line 3561  entity None           pattern 'israel'                                 -> new rows matched ['israel_hearkened_to_joshua_as_the_lord_commanded_moses', 'signs_mighty_hand_great_terror_in_the_sight_of_all_israel_declared']
 TRIPS? cold_run_sequence.py   line 3561  entity None           pattern 'israel'                                 -> new rows matched ['israel_hearkened_to_joshua_as_the_lord_commanded_moses', 'signs_mighty_hand_great_terror_in_the_sight_of_all_israel_declared']
 TRIPS? cold_run_sequence.py   line 3562  entity None           pattern 'israel'                                 -> new rows matched ['israel_hearkened_to_joshua_as_the_lord_commanded_moses', 'signs_mighty_hand_great_terror_in_the_sight_of_all_israel_declared']
 TRIPS? cold_run_sequence.py   line 3562  entity None           pattern 'israel'                                 -> new rows matched ['israel_hearkened_to_joshua_as_the_lord_commanded_moses', 'signs_mighty_hand_great_terror_in_the_sight_of_all_israel_declared']
 TRIPS? cold_run_sequence.py   line 3563  entity None           pattern 'israel'                                 -> new rows matched ['israel_hearkened_to_joshua_as_the_lord_commanded_moses', 'signs_mighty_hand_great_terror_in_the_sight_of_all_israel_declared']
 TRIPS? cold_run_sequence.py   line 3569  entity None           pattern 'israel'                                 -> new rows matched ['israel_hearkened_to_joshua_as_the_lord_commanded_moses', 'signs_mighty_hand_great_terror_in_the_sight_of_all_israel_declared']
 TRIPS? cold_run_sequence.py   line 3570  entity None           pattern 'israel'                                 -> new rows matched ['israel_hearkened_to_joshua_as_the_lord_commanded_moses', 'signs_mighty_hand_great_terror_in_the_sight_of_all_israel_declared']
 TRIPS? cold_run_sequence.py   line 3572  entity None           pattern 'israel'                                 -> new rows matched ['israel_hearkened_to_joshua_as_the_lord_commanded_moses', 'signs_mighty_hand_great_terror_in_the_sight_of_all_israel_declared']
 TRIPS? cold_run_sequence.py   line 3573  entity None           pattern 'israel'                                 -> new rows matched ['israel_hearkened_to_joshua_as_the_lord_commanded_moses', 'signs_mighty_hand_great_terror_in_the_sight_of_all_israel_declared']
 TRIPS? cold_run_sequence.py   line 3588  entity None           pattern 'israel'                                 -> new rows matched ['israel_hearkened_to_joshua_as_the_lord_commanded_moses', 'signs_mighty_hand_great_terror_in_the_sight_of_all_israel_declared']
 TRIPS? cold_run_sequence.py   line 3588  entity None           pattern 'israel'                                 -> new rows matched ['israel_hearkened_to_joshua_as_the_lord_commanded_moses', 'signs_mighty_hand_great_terror_in_the_sight_of_all_israel_declared']
 TRIPS? cold_run_sequence.py   line 3588  entity None           pattern 'israel'                                 -> new rows matched ['israel_hearkened_to_joshua_as_the_lord_commanded_moses', 'signs_mighty_hand_great_terror_in_the_sight_of_all_israel_declared']
 TRIPS? cold_run_sequence.py   line 3589  entity None           pattern 'israel'                                 -> new rows matched ['israel_hearkened_to_joshua_as_the_lord_commanded_moses', 'signs_mighty_hand_great_terror_in_the_sight_of_all_israel_declared']
 TRIPS? cold_run_sequence.py   line 3589  entity None           pattern 'israel'                                 -> new rows matched ['israel_hearkened_to_joshua_as_the_lord_commanded_moses', 'signs_mighty_hand_great_terror_in_the_sight_of_all_israel_declared']
 TRIPS? cold_run_sequence.py   line 3590  entity None           pattern 'israel'                                 -> new rows matched ['israel_hearkened_to_joshua_as_the_lord_commanded_moses', 'signs_mighty_hand_great_terror_in_the_sight_of_all_israel_declared']
 TRIPS? cold_run_sequence.py   line 3597  entity None           pattern 'israel'                                 -> new rows matched ['israel_hearkened_to_joshua_as_the_lord_commanded_moses', 'signs_mighty_hand_great_terror_in_the_sight_of_all_israel_declared']
 TRIPS? cold_run_sequence.py   line 3598  entity None           pattern 'israel'                                 -> new rows matched ['israel_hearkened_to_joshua_as_the_lord_commanded_moses', 'signs_mighty_hand_great_terror_in_the_sight_of_all_israel_declared']
 TRIPS? cold_run_sequence.py   line 3607  entity None           pattern 'israel'                                 -> new rows matched ['israel_hearkened_to_joshua_as_the_lord_commanded_moses', 'signs_mighty_hand_great_terror_in_the_sight_of_all_israel_declared']
 TRIPS? cold_run_sequence.py   line 3607  entity None           pattern 'israel'                                 -> new rows matched ['israel_hearkened_to_joshua_as_the_lord_commanded_moses', 'signs_mighty_hand_great_terror_in_the_sight_of_all_israel_declared']
 TRIPS? cold_run_sequence.py   line 3607  entity None           pattern 'israel'                                 -> new rows matched ['israel_hearkened_to_joshua_as_the_lord_commanded_moses', 'signs_mighty_hand_great_terror_in_the_sight_of_all_israel_declared']
 TRIPS? cold_run_sequence.py   line 3608  entity None           pattern 'israel'                                 -> new rows matched ['israel_hearkened_to_joshua_as_the_lord_commanded_moses', 'signs_mighty_hand_great_terror_in_the_sight_of_all_israel_declared']
 TRIPS? cold_run_sequence.py   line 3608  entity None           pattern 'israel'                                 -> new rows matched ['israel_hearkened_to_joshua_as_the_lord_commanded_moses', 'signs_mighty_hand_great_terror_in_the_sight_of_all_israel_declared']
 TRIPS? cold_run_sequence.py   line 3615  entity None           pattern 'israel'                                 -> new rows matched ['israel_hearkened_to_joshua_as_the_lord_commanded_moses', 'signs_mighty_hand_great_terror_in_the_sight_of_all_israel_declared']
 TRIPS? cold_run_sequence.py   line 3616  entity None           pattern 'israel'                                 -> new rows matched ['israel_hearkened_to_joshua_as_the_lord_commanded_moses', 'signs_mighty_hand_great_terror_in_the_sight_of_all_israel_declared']
 TRIPS? cold_run_sequence.py   line 3625  entity None           pattern 'israel'                                 -> new rows matched ['israel_hearkened_to_joshua_as_the_lord_commanded_moses', 'signs_mighty_hand_great_terror_in_the_sight_of_all_israel_declared']
 TRIPS? cold_run_sequence.py   line 3625  entity None           pattern 'israel'                                 -> new rows matched ['israel_hearkened_to_joshua_as_the_lord_commanded_moses', 'signs_mighty_hand_great_terror_in_the_sight_of_all_israel_declared']
 TRIPS? cold_run_sequence.py   line 3625  entity None           pattern 'israel'                                 -> new rows matched ['israel_hearkened_to_joshua_as_the_lord_commanded_moses', 'signs_mighty_hand_great_terror_in_the_sight_of_all_israel_declared']
 TRIPS? cold_run_sequence.py   line 3626  entity None           pattern 'israel'                                 -> new rows matched ['israel_hearkened_to_joshua_as_the_lord_commanded_moses', 'signs_mighty_hand_great_terror_in_the_sight_of_all_israel_declared']
 TRIPS? cold_run_sequence.py   line 3626  entity None           pattern 'israel'                                 -> new rows matched ['israel_hearkened_to_joshua_as_the_lord_commanded_moses', 'signs_mighty_hand_great_terror_in_the_sight_of_all_israel_declared']
 TRIPS? cold_run_sequence.py   line 3633  entity None           pattern 'israel'                                 -> new rows matched ['israel_hearkened_to_joshua_as_the_lord_commanded_moses', 'signs_mighty_hand_great_terror_in_the_sight_of_all_israel_declared']
 TRIPS? cold_run_sequence.py   line 3643  entity None           pattern 'israel'                                 -> new rows matched ['israel_hearkened_to_joshua_as_the_lord_commanded_moses', 'signs_mighty_hand_great_terror_in_the_sight_of_all_israel_declared']
 TRIPS? cold_run_sequence.py   line 3643  entity None           pattern 'israel'                                 -> new rows matched ['israel_hearkened_to_joshua_as_the_lord_commanded_moses', 'signs_mighty_hand_great_terror_in_the_sight_of_all_israel_declared']
 TRIPS? cold_run_sequence.py   line 3643  entity None           pattern 'israel'                                 -> new rows matched ['israel_hearkened_to_joshua_as_the_lord_commanded_moses', 'signs_mighty_hand_great_terror_in_the_sight_of_all_israel_declared']
 TRIPS? cold_run_sequence.py   line 3644  entity None           pattern 'israel'                                 -> new rows matched ['israel_hearkened_to_joshua_as_the_lord_commanded_moses', 'signs_mighty_hand_great_terror_in_the_sight_of_all_israel_declared']
 TRIPS? cold_run_sequence.py   line 3644  entity None           pattern 'israel'                                 -> new rows matched ['israel_hearkened_to_joshua_as_the_lord_commanded_moses', 'signs_mighty_hand_great_terror_in_the_sight_of_all_israel_declared']
 TRIPS? cold_run_sequence.py   line 3651  entity None           pattern 'israel'                                 -> new rows matched ['israel_hearkened_to_joshua_as_the_lord_commanded_moses', 'signs_mighty_hand_great_terror_in_the_sight_of_all_israel_declared']
 TRIPS? cold_run_sequence.py   line 3661  entity None           pattern 'israel'                                 -> new rows matched ['israel_hearkened_to_joshua_as_the_lord_commanded_moses', 'signs_mighty_hand_great_terror_in_the_sight_of_all_israel_declared']
 TRIPS? cold_run_sequence.py   line 3661  entity None           pattern 'israel'                                 -> new rows matched ['israel_hearkened_to_joshua_as_the_lord_commanded_moses', 'signs_mighty_hand_great_terror_in_the_sight_of_all_israel_declared']
 TRIPS? cold_run_sequence.py   line 3661  entity None           pattern 'israel'                                 -> new rows matched ['israel_hearkened_to_joshua_as_the_lord_commanded_moses', 'signs_mighty_hand_great_terror_in_the_sight_of_all_israel_declared']
 TRIPS? cold_run_sequence.py   line 3662  entity None           pattern 'israel'                                 -> new rows matched ['israel_hearkened_to_joshua_as_the_lord_commanded_moses', 'signs_mighty_hand_great_terror_in_the_sight_of_all_israel_declared']
 TRIPS? cold_run_sequence.py   line 3663  entity None           pattern 'israel'                                 -> new rows matched ['israel_hearkened_to_joshua_as_the_lord_commanded_moses', 'signs_mighty_hand_great_terror_in_the_sight_of_all_israel_declared']
 TRIPS? cold_run_sequence.py   line 3663  entity None           pattern 'israel'                                 -> new rows matched ['israel_hearkened_to_joshua_as_the_lord_commanded_moses', 'signs_mighty_hand_great_terror_in_the_sight_of_all_israel_declared']
 TRIPS? cold_run_sequence.py   line 3670  entity None           pattern 'israel'                                 -> new rows matched ['israel_hearkened_to_joshua_as_the_lord_commanded_moses', 'signs_mighty_hand_great_terror_in_the_sight_of_all_israel_declared']
 TRIPS? cold_run_sequence.py   line 3671  entity None           pattern 'israel'                                 -> new rows matched ['israel_hearkened_to_joshua_as_the_lord_commanded_moses', 'signs_mighty_hand_great_terror_in_the_sight_of_all_israel_declared']
 TRIPS? cold_run_sequence.py   line 3684  entity None           pattern 'israel'                                 -> new rows matched ['israel_hearkened_to_joshua_as_the_lord_commanded_moses', 'signs_mighty_hand_great_terror_in_the_sight_of_all_israel_declared']
 cold_run_sequence.py: 266 scan seats read, 159 name a new row
 checkpoint_check.py: 0 scan seats read, 0 name a new row
==== B2. THE TAPE'S NAMED-PATTERN SCANS (re.search(cold_run_X.NAME_WORDS, …) in cold_run_sequence.py — the pattern read from the runner's own source; a THIRD form the census had not covered: THE DEUTERONOMY WALK 16b, read at the tape's first run 9/10 — CU7 and DA6) ====
 ok     cold_run_sequence.py line 3393  good_land              STATE_WORDS    pattern '\\b(garment|garments|clothing|clothes|cloth|shoe|sh' -> new rows matched []
 ok     cold_run_sequence.py line 3414  not_righteousness      STIFF_WORDS    pattern '\\b(stiff|stiff-necked|neck|nape)\\b'             -> new rows matched []
 named-pattern seats read 2, 0 name a new row
==== C. THE NEW ROWS' VALUES NAMING OTHER CHAPTERS' EFFECT NAMES (a value that spells an earlier effect's name trips that effect's substring scans) ====
  israel_hearkened_to_joshua_as_the_lord_commanded_moses -> ['commanded']
SCAN CENSUS DONE — runner scans tripping: 11
