==== A. THE SHELF BY POSITION — the Sifrei on Deuteronomy around chapter 4
  piskaot 357 357 rows 2357 2357 | row-count mismatches: []
  heads 24-36 (HE first citation | EN first quote | rows):
    24 head (1, 27) | HE rows  4 EN rows  4 | EN first quote 'And you murmured in your tents,saying: it is because of HASH'
    25 head (1, 28) | HE rows  8 EN rows  8 | EN first quote 'What will befall us up there?Our brothers have weakened our '
    26 head (3, 23) | HE rows 10 EN rows 10 | EN first quote 'And I besought (‘etkhanan) HASHEM at that time, saying:'
    27 head None | HE rows  7 EN rows  7 | EN first quote 'You began to show Your servant Your greatness'
    28 head (3, 25) | HE rows  3 EN rows  3 | EN first quote 'May I, please, cross over and see'
    29 head (3, 26) | HE rows  9 EN rows  9 | EN first quote 'And HASHEM was furious (yit`aber) with me'
    30 head (3, 29) | HE rows  2 EN rows  2 | EN first quote 'And we stayed at the valley near Beth Peor'
    31 head (6, 4) | HE rows 10 EN rows 10 | EN first quote 'Listen, Israel!HASHEM is our God, HASHEM is One!'
    32 head (6, 5) | HE rows 21 EN rows 21 | EN first quote 'And you shall love HASHEM, your God'
    33 head (6, 6) | HE rows  4 EN rows  4 | EN first quote 'And may these words which I command you this day be upon you'
    34 head (6, 7) | HE rows 10 EN rows 10 | EN first quote 'And drill them (shinantem)85The root, sh-n-n, is etymologica'
    35 head (6, 8) | HE rows 12 EN rows 12 | EN first quote 'And bind them'
    36 head (6, 9) | HE rows 10 EN rows 10 | EN first quote 'And inscribe them (ketavtam)'
  heads whose chapter is 4 : []
  heads by chapter (the count of piskaot heading in each chapter 1-8): [(32, 36), (1, 24), (22, 22), (23, 22), (11, 21), (12, 20), (16, 19), (21, 17)]
  HE rows citing Deut 4 : 7 [(30, 2, 1), (37, 9, 48), (48, 2, 9), (49, 2, 24), (148, 8, 19), (306, 1, 26), (323, 1, 44)]
  EN rows citing Deut 4 : 8 [(30, 2, 1), (37, 9, 48), (48, 2, 9), (49, 2, 24), (148, 8, 19), (301, 21, 34), (306, 1, 26), (323, 1, 44)]
  EN "ibid 4:n" candidates: 0
  the union of rows (both files): 8 [(30, 2), (37, 9), (48, 2), (49, 2), (148, 8), (301, 21), (306, 1), (323, 1)]
  outside rows file bytes 19367
==== B. ONKELOS chapter 4 and the DB
  VC Deut 1-6: {1: 46, 2: 37, 3: 29, 4: 49, 5: 33, 6: 25} | Onkelos export chapter 4 verses EN 49 HE 49
  verses whose store token count differs from the DB: []
  token count chapter 4 : 813
  onkelos dump bytes 67361
==== C. THE PARSER on every verse of chapter 4
  4:13  N [10, 2]                  O []             marked ['שני^']
  4:41  N [3]                      O []             marked []
  4:42  N [1]                      O []             marked []
  4:47  N [2]                      O []             marked ['שני^']
  number-word tokens present per verse (the bare check against the parser — any verse carrying a numeral consonant form):
   {'4:13': ['עשרת', 'שני'], '4:31': ['נשבע'], '4:41': ['שלש'], '4:42': ['אחת'], '4:47': ['שני']}
  4:13 tokens: ['ויגד', 'לכם', 'את', 'בריתו', 'אשר', 'צוה', 'אתכם', 'לעשות', 'עשרת', 'הדברים', 'ויכתבם', 'על', 'שני^', 'לחות', 'אבנים']
  4:41 tokens: ['אז', 'יבדיל', 'משה', 'שלש', 'ערים', 'בעבר', 'הירדן', 'מזרחה', 'שמש']
  4:47 tokens: ['ויירשו', 'את', 'ארצו', 'ואת', 'ארץ', 'עוג', 'מלך', 'הבשן', 'שני^', 'מלכי', 'האמרי', 'אשר', 'בעבר', 'הירדן', 'מזרח', 'שמש']
  4:46 tokens: ['בעבר', 'הירדן', 'בגיא', 'מול', 'בית', 'פעור', 'בארץ', 'סיחן', 'מלך', 'האמרי', 'אשר', 'יושב', 'בחשבון', 'אשר', 'הכה', 'משה', 'ובני', 'ישראל', 'בצאתם', 'ממצרים']
  4:3 tokens: ['עיניכם', 'הראת', 'את', 'אשר', 'עשה', 'יהוה', 'בבעל', 'פעור', 'כי', 'כל', 'האיש', 'אשר', 'הלך', 'אחרי', 'בעל', 'פעור', 'השמידו', 'יהוה', 'אלהיך', 'מקרבך']
  4:10 tokens: ['יום', 'אשר', 'עמדת', 'לפני', 'יהוה', 'אלהיך', 'בחרב', 'באמר', 'יהוה', 'אלי', 'הקהל', 'לי', 'את', 'העם', 'ואשמעם', 'את', 'דברי', 'אשר', 'ילמדון', 'ליראה', 'אתי', 'כל', 'הימים', 'אשר', 'הם', 'חיים', 'על', 'האדמה', 'ואת', 'בניהם', 'ילמדון']
  4:32 tokens: ['כי', 'שאל', 'נא', 'לימים', 'ראשנים', 'אשר', 'היו', 'לפניך', 'למן', 'היום', 'אשר', 'ברא', 'אלהים', 'אדם', 'על', 'הארץ', 'ולמקצה', 'השמים', 'ועד', 'קצה', 'השמים', 'הנהיה', 'כדבר', 'הגדול', 'הזה', 'או', 'הנשמע', 'כמהו']
  4:34 tokens: ['או', 'הנסה', 'אלהים', 'לבוא', 'לקחת', 'לו', 'גוי', 'מקרב', 'גוי', 'במסת', 'באתת', 'ובמופתים', 'ובמלחמה', 'וביד', 'חזקה', 'ובזרוע', 'נטויה', 'ובמוראים', 'גדלים', 'ככל', 'אשר', 'עשה', 'לכם', 'יהוה', 'אלהיכם', 'במצרים', 'לעיניך']
  4:45 tokens: ['אלה', 'העדת', 'והחקים', 'והמשפטים', 'אשר', 'דבר', 'משה', 'אל', 'בני', 'ישראל', 'בצאתם', 'ממצרים']
  4:44 tokens: ['וזאת', 'התורה', 'אשר', 'שם', 'משה', 'לפני', 'בני', 'ישראל']
==== D. CASE TOKENS, FRAMES, REGISTER, NAMES
  case tokens (כי "when/for" / אם "if" / ואם / או "or" / פן "lest"): {'4:3': ['כי'], '4:6': ['כי'], '4:7': ['כי'], '4:9': ['פן'], '4:15': ['כי'], '4:16': ['פן', 'או'], '4:22': ['כי'], '4:23': ['פן'], '4:24': ['כי'], '4:25': ['כי'], '4:26': ['כי', 'כי'], '4:29': ['כי'], '4:31': ['כי'], '4:32': ['כי', 'או'], '4:34': ['או'], '4:35': ['כי'], '4:37': ['כי'], '4:39': ['כי']}
  divine frames (ויאמר/וידבר + יהוה): ['4:12']
  לאמר "saying" seats: []
  narrative-form verbs (V.w) per verse: {11: ['ותקרבון', 'ותעמדון'], 12: ['וידבר'], 13: ['ויגד', 'ויכתבם'], 20: ['ויוצא'], 21: ['וישבע'], 33: ['ויחי'], 37: ['ויבחר', 'ויוצאך'], 47: ['ויירשו']}
  first-person verb forms (morph ...1cs / 1cp) per verse: {5: [('למדתי', 'HVpp1cs'), ('צוני', 'HVpp3ms/Sp1cs')], 7: [('קראנו', 'HVqc/Sp1cp')], 21: [('עברי', 'HVqc/Sp1cs')], 26: [('העידתי', 'HVhp1cs')]}
  imperatives (Vq.v / Vp.v / Vh.v — the register of command) per verse: {}
  name tokens (Np): {1: ['ישראל', 'יהוה'], 2: ['יהוה'], 3: ['יהוה', 'בבעל', 'פעור', 'בעל', 'פעור', 'יהוה'], 4: ['ביהוה'], 5: ['יהוה'], 7: ['כיהוה'], 10: ['יהוה', 'בחרב', 'יהוה'], 12: ['יהוה'], 14: ['יהוה'], 15: ['יהוה', 'בחרב'], 19: ['יהוה'], 20: ['יהוה', 'ממצרים'], 21: ['ויהוה', 'הירדן', 'יהוה'], 22: ['הירדן'], 23: ['יהוה', 'יהוה'], 24: ['יהוה'], 25: ['יהוה'], 26: ['הירדן'], 27: ['יהוה', 'יהוה'], 29: ['יהוה'], 30: ['יהוה'], 31: ['יהוה', 'נשבע'], 32: ['הנהיה', 'הנשמע'], 34: ['יהוה', 'במצרים'], 35: ['יהוה'], 37: ['ממצרים'], 39: ['יהוה'], 40: ['יהוה'], 41: ['משה', 'הירדן'], 43: ['בצר', 'ראמת', 'בגלעד', 'גולן', 'בבשן'], 44: ['משה', 'ישראל'], 45: ['משה', 'ישראל', 'ממצרים'], 46: ['הירדן', 'בית', 'פעור', 'סיחן', 'בחשבון', 'משה', 'ישראל', 'ממצרים'], 47: ['עוג', 'הבשן', 'הירדן'], 48: ['מערער', 'ארנן', 'שיאן', 'חרמון'], 49: ['הירדן', 'הפסגה']}
  second-person plural vs singular — the verse's "you" number (2mp / 2ms tokens counted per verse): {1: (6, 1), 2: (5, 0), 3: (1, 2), 4: (3, 0), 5: (2, 1), 6: (4, 0), 7: (0, 0), 8: (1, 0), 9: (1, 10), 10: (0, 3), 11: (2, 0), 12: (3, 0), 13: (2, 0), 14: (3, 0), 15: (4, 0), 16: (3, 0), 17: (0, 0), 18: (0, 0), 19: (0, 7), 20: (2, 0), 21: (1, 2), 22: (2, 0), 23: (7, 2), 24: (0, 1), 25: (4, 2), 26: (5, 0), 27: (3, 0), 28: (1, 0), 29: (1, 5), 30: (0, 5), 31: (0, 4), 32: (0, 2), 33: (0, 2), 34: (2, 1), 35: (0, 2), 36: (0, 4), 37: (0, 2), 38: (0, 4), 39: (0, 3), 40: (0, 8), 41: (0, 0), 42: (0, 0), 43: (0, 0), 44: (0, 0), 45: (0, 0), 46: (0, 0), 47: (0, 0), 48: (0, 0), 49: (0, 0)}
==== E. THE REGISTER GATE on Deut 4
  dispositions naming Deut 4: ['  Deut 4:5:', "    why: 'THE DEUTERONOMY WALK 1b (2026-09-15) | the block (Num 36:13, Deut 1:1] holds no law — by the ink (the footer of Numbers and the words of Deuteronomy adjoin) and by the tape (no daemon given_at inside it; law_opening_speech given_at Deut 1:16 sits in the NEXT block, (Deut 1:1, Deut 4:45], which turned DAEMONS at this compile); the EMPTY class stands, declared'"]
  REGISTER_INDEX lines on Deut 4 (and the blocks whose edge names chapter 4):
       Deut 4:5    NONE          declared  | [] | why: Deuteronomy is not on the tape (the book not read) — the seat waits for its reading and compile
       Deut 4:45   DAEMONS       green    FOOTER testimonies stamp none block (Deut 1:1, Deut 4:45] daemons 1 {'boot': 1} | law_opening_speech@Deut 1:16
==== F. THE PRIOR READS
  ledgers with an Onkelos Deut 4 row: []
  prior Sifrei Devarim rows anywhere (strict form), those among the outside rows: [('deu_01_03_devarim_2026-09-15.md', 30, 2), ('deu_01_03_devarim_2026-09-15.md', 37, 9)] | all prior rows count 205
  ledgers NAMING a verse of Deut 4: 20
    ('deu_01_03_devarim_exam_2026-09-15.md', 6, ['Deuteronomy 4:4', 'Deuteronomy 4:41', 'Deuteronomy 4:41-43', 'Deuteronomy 4:42', 'Deuteronomy 4:43'])
    ('gen_11_sentences_exile_2026-08-25.md', 1, ['Deuteronomy 4:41'])
    ('gen_31_covenant_pieces_2026-08-25.md', 1, ['Deuteronomy 4:34'])
    ('gen_62_potifar_house_2026-08-28.md', 1, ['Deuteronomy 4:19'])
    ('num_01_tribe_counts_2026-09-09.md', 1, ['Deut 4:15'])
    ('num_03_aaron_levi_replace_2026-09-09.md', 2, ['Deut 4:15'])
    ('num_10_trumpets_depart_2026-09-10.md', 1, ['Deut 4:22'])
    ('num_12_miriam_2026-09-10.md', 3, ['Deut 4:12', 'Deut 4:12-25'])
    ('num_13_15_shelach_exam_2026-09-10.md', 1, ['Deut 4:25'])
    ('num_15_offerings_laws_2026-09-10.md', 1, ['Deut 4:15'])
    ('num_20_meribah_edom_aaron_2026-09-11.md', 3, ['Deut 4:34'])
    ('num_21_snakes_conquest_2026-09-11.md', 2, ['Deut 4:47'])
    ('num_22_25_balak_exam_2026-09-11.md', 1, ['Deut 4:4'])
    ('num_26_second_census_2026-09-11.md', 1, ['Deuteronomy 4:42'])
    ('num_28_29_musafim_exam_2026-09-11.md', 1, ['Deut 4:39'])
    ('num_32_gad_reuben_exam_2026-09-12.md', 1, ['Deuteronomy 4:9'])
    ('num_35_refuge_cities_2026-09-13.md', 6, ['Deuteronomy 4:41-43', 'Deuteronomy 4:42', 'Deuteronomy 4:43'])
    ('num_35_refuge_cities_exam_2026-09-13.md', 8, ['Deuteronomy 4:41', 'Deuteronomy 4:42', 'Deuteronomy 4:43'])
    ('num_36_heiresses_2026-09-09.md', 1, ['Deut 4:4'])
    ('pre_sinai_docket_2026-09-06.md', 1, ['Deut 4:32'])
==== G. THE DRAFTS
  deu_04_obey_horeb: refs 4:1-40; steps (4, 1)..(4, 40) n=40; draft True; operators False; depends_on ['    - "deu_03_moses_barred"\n    - "exo_20_decalogue_altar"\n']; scenarios 47; has binary_trees True; step E False
  deu_04_refuge_east: refs 4:41-49; steps (4, 41)..(4, 49) n=9; draft True; operators False; depends_on ['    - "deu_04_obey_horeb"\n    - "num_35_refuge_cities"\n']; scenarios 16; has binary_trees True; step E False
  deu_05_decalogue: refs 5:1-33; steps (5, 1)..(5, 33) n=33; draft True; operators False; depends_on ['    - "deu_04_refuge_east"\n    - "exo_20_decalogue_altar"\n']; scenarios 40; has binary_trees True; step E False
  VC Deut 4: 49 | the two drafts cover 49 of 49
  the units' claim prefixes present anywhere? {'DV04A': 0, 'DV04B': 0, 'DV03B': 2}
  existing manifests deu_04*: [] | ledgers deu_*: ['deu_01_03_devarim_2026-09-15.md', 'deu_01_03_devarim_exam_2026-09-15.md']
  unit count and standing (CORPUS_TRUTH literals): []
==== H. THE STORE'S GLOSSES on chapter 4
  gloss Counter (the 50 commonest): [('which', 41), ('YHWH', 26), ('obj-marker·et', 25), ('all', 16), ('that', 15), ('God-you/your', 11), ('obj-marker·et-you/your (pl)', 9), ('the-earth', 9), ('the-day', 9), ('?', 8), ('to-you/your (pl)', 8), ('and-obj-marker·et', 8), ('over', 7), ('the-this', 7), ('to-him/its', 7), ('the-heavens', 7), ('the-Jordan', 7), ('God', 6), ('not', 6), ('and-not', 6), ('you', 6), ('to-you/your', 6), ('in-earth', 6), ('to', 5), ('see', 5), ('there-suffix', 5), ('and-make', 5), ('he/it', 5), ('nation', 5), ('structure', 5), ('Israel', 4), ('hear', 4), ('set', 4), ('the-word/thing', 4), ('command', 4), ('God-you/your (pl)', 4), ('and-keep/guard', 4), ('the-great', 4), ('great', 4), ('day', 4), ('from-midst', 4), ('the-fire', 4), ('pass-over', 4), ('something-portioned--out', 4), ('from-Egypt', 4), ('son', 4), ('Moses', 4), ('to-make', 3), ('and-possess/inherit', 3), ('enactment', 3)]
  gloss file bytes 25226
  overrides already for Deut.4: [] | by_ref last Deut line: ['  "Deut.3.29:3": "Beth"   # בית']
