==== A. THE RETELLINGS DIFFED
  Deut 4:3 (20) vs Num 25:3 (8): [replace: 'עיניכם הראת את אשר עשה' -> 'ויצמד ישראל לבעל פעור ויחר אף'] =יהוה [replace: 'בבעל פעור כי כל האיש אשר הלך אחרי בעל פעור השמידו יהוה אלהיך מקרבך' -> 'בישראל']
  Deut 4:3 (20) vs Num 25:5 (11): [replace: 'עיניכם הראת את אשר עשה יהוה בבעל' -> 'ויאמר משה אל שפטי ישראל הרגו איש אנשיו הנצמדים לבעל'] =פעור [delete: 'כי כל האיש אשר הלך אחרי בעל פעור השמידו יהוה אלהיך מקרבך' -> '']
  Deut 4:11 (13) vs Exod 19:17 (11): [replace: 'ותקרבון ותעמדון תחת' -> 'ויוצא משה את העם לקראת האלהים מן המחנה ויתיצבו בתחתית'] =ההר [delete: 'וההר בער באש עד לב השמים חשך ענן וערפל' -> '']
  Deut 4:11 (13) vs Exod 19:18 (18): [replace: 'ותקרבון ותעמדון תחת' -> 'והר סיני עשן כלו מפני אשר ירד עליו יהוה באש ויעל עשנו כעשן הכבשן ויחרד כל'] =ההר [replace: 'וההר בער באש עד לב השמים חשך ענן וערפל' -> 'מאד']
  Deut 4:11 (13) vs Deut 5:22 (24): [replace: 'ותקרבון ותעמדון תחת ההר וההר בער באש עד לב השמים חשך ענן וערפל' -> 'את הדברים האלה דבר יהוה אל כל קהלכם בהר מתוך האש הענן והערפל קול גדול ולא יסף ויכתבם על שני לחת אבנים ויתנם אלי']
  Deut 4:12 (14) vs Deut 5:4 (8): [replace: 'וידבר' -> 'פנים בפנים דבר'] =יהוה [replace: 'אליכם' -> 'עמכם בהר'] =מתוך האש [delete: 'קול דברים אתם שמעים ותמונה אינכם ראים זולתי קול' -> '']
  Deut 4:12 (14) vs Deut 5:24 (23): [replace: 'וידבר' -> 'ותאמרו הן הראנו'] =יהוה [replace: 'אליכם' -> 'אלהינו את כבדו ואת גדלו ואת קלו שמענו'] =מתוך האש [replace: 'קול דברים אתם שמעים ותמונה אינכם ראים זולתי קול' -> 'היום הזה ראינו כי ידבר אלהים את האדם וחי']
  Deut 4:13 (15) vs Exod 34:28 (22): [replace: 'ויגד לכם' -> 'ויהי שם עם יהוה ארבעים יום וארבעים לילה לחם לא אכל ומים לא שתה ויכתב על הלחת'] =את [replace: 'בריתו אשר צוה אתכם לעשות' -> 'דברי הברית'] =עשרת הדברים [delete: 'ויכתבם על שני לחות אבנים' -> '']
  Deut 4:13 (15) vs Exod 31:18 (16): [replace: 'ויגד לכם את בריתו אשר צוה אתכם לעשות עשרת הדברים ויכתבם על' -> 'ויתן אל משה ככלתו לדבר אתו בהר סיני'] =שני [replace: 'לחות אבנים' -> 'לחת העדת לחת אבן כתבים באצבע אלהים']
  Deut 4:13 (15) vs Deut 5:22 (24): [delete: 'ויגד לכם' -> ''] =את [delete: 'בריתו אשר צוה אתכם לעשות עשרת' -> ''] =הדברים [insert: '' -> 'האלה דבר יהוה אל כל קהלכם בהר מתוך האש הענן והערפל קול גדול ולא יסף'] =ויכתבם על שני [replace: 'לחות' -> 'לחת'] =אבנים [insert: '' -> 'ויתנם אלי']
  Deut 4:10 (31) vs Exod 19:9 (26): [replace: 'יום אשר עמדת לפני' -> 'ויאמר'] =יהוה [replace: 'אלהיך בחרב באמר יהוה אלי הקהל לי את' -> 'אל משה הנה אנכי בא אליך בעב הענן בעבור ישמע'] =העם [replace: 'ואשמעם' -> 'בדברי עמך וגם בך יאמינו לעולם ויגד משה'] =את דברי [replace: 'אשר ילמדון ליראה אתי כל הימים אשר הם חיים על האדמה ואת בניהם ילמדון' -> 'העם אל יהוה']
  Deut 4:15 (15) vs Deut 4:12 (14): [replace: 'ונשמרתם מאד לנפשתיכם כי לא ראיתם כל תמונה ביום דבר' -> 'וידבר'] =יהוה אליכם [delete: 'בחרב' -> ''] =מתוך האש [insert: '' -> 'קול דברים אתם שמעים ותמונה אינכם ראים זולתי קול']
  Deut 4:16 (12) vs Exod 20:4 (16): [replace: 'פן תשחתון ועשיתם לכם' -> 'לא תעשה לך'] =פסל [replace: 'תמונת כל סמל תבנית זכר או נקבה' -> 'וכל תמונה אשר בשמים ממעל ואשר בארץ מתחת ואשר במים מתחת לארץ']
  Deut 4:16 (12) vs Deut 5:8 (16): [replace: 'פן תשחתון ועשיתם לכם' -> 'לא תעשה לך'] =פסל [delete: 'תמונת' -> ''] =כל [replace: 'סמל תבנית זכר או נקבה' -> 'תמונה אשר בשמים ממעל ואשר בארץ מתחת ואשר במים מתחת לארץ']
  Deut 4:19 (28) vs Deut 17:3 (16): [replace: 'ופן תשא עיניך השמימה וראית את השמש ואת הירח ואת הכוכבים כל' -> 'וילך ויעבד אלהים אחרים וישתחו להם ולשמש או לירח או לכל'] =צבא השמים [delete: 'ונדחת והשתחוית להם ועבדתם' -> ''] =אשר [replace: 'חלק יהוה אלהיך אתם לכל העמים תחת כל השמים' -> 'לא צויתי']
  Deut 4:21 (21) vs Deut 3:26 (19): [replace: 'ויהוה התאנף' -> 'ויתעבר יהוה'] =בי [replace: 'על דבריכם וישבע לבלתי עברי את הירדן ולבלתי בא' -> 'למענכם ולא שמע אלי ויאמר יהוה אלי רב לך'] =אל [replace: 'הארץ הטובה אשר יהוה אלהיך נתן לך נחלה' -> 'תוסף דבר אלי עוד בדבר הזה']
  Deut 4:21 (21) vs Deut 1:37 (11): [replace: 'ויהוה' -> 'גם בי'] =התאנף [delete: 'בי על דבריכם וישבע לבלתי עברי את הירדן ולבלתי בא אל הארץ הטובה אשר' -> ''] =יהוה [replace: 'אלהיך נתן לך נחלה' -> 'בגללכם לאמר גם אתה לא תבא שם']
  Deut 4:21 (21) vs Num 20:12 (25): [replace: 'ויהוה התאנף' -> 'ויאמר יהוה אל משה ואל אהרן יען לא האמנתם'] =בי [replace: 'על דבריכם וישבע לבלתי עברי' -> 'להקדישני לעיני בני ישראל לכן לא תביאו'] =את [replace: 'הירדן ולבלתי בא' -> 'הקהל הזה'] =אל הארץ [delete: 'הטובה' -> ''] =אשר [replace: 'יהוה אלהיך נתן לך נחלה' -> 'נתתי להם']
  Deut 4:22 (16) vs Deut 3:27 (17): [insert: '' -> 'עלה ראש הפסגה ושא עיניך ימה וצפנה ותימנה ומזרחה וראה בעיניך'] =כי [replace: 'אנכי מת בארץ הזאת אינני עבר' -> 'לא תעבר'] =את הירדן [replace: 'ואתם עברים וירשתם את הארץ הטובה הזאת' -> 'הזה']
  Deut 4:24 (8) vs Deut 9:3 (22): [insert: '' -> 'וידעת היום'] =כי יהוה אלהיך [insert: '' -> 'הוא העבר לפניך'] =אש אכלה הוא [replace: 'אל קנא' -> 'ישמידם והוא יכניעם לפניך והורשתם והאבדתם מהר כאשר דבר יהוה לך']
  Deut 4:24 (8) vs Exod 20:5 (21): [insert: '' -> 'לא תשתחוה להם ולא תעבדם'] =כי [insert: '' -> 'אנכי'] =יהוה אלהיך [delete: 'אש אכלה הוא' -> ''] =אל קנא [insert: '' -> 'פקד עון אבת על בנים על שלשים ועל רבעים לשנאי']
  Deut 4:26 (27) vs Deut 30:19 (19): =העידתי בכם היום את השמים ואת הארץ [replace: 'כי אבד תאבדון מהר מעל הארץ אשר אתם עברים את הירדן שמה לרשתה לא תאריכן ימים עליה כי השמד תשמדון' -> 'החיים והמות נתתי לפניך הברכה והקללה ובחרת בחיים למען תחיה אתה וזרעך']
  Deut 4:26 (27) vs Deut 31:28 (18): [replace: 'העידתי בכם היום' -> 'הקהילו אלי את כל זקני שבטיכם ושטריכם ואדברה באזניהם את הדברים האלה ואעידה בם'] =את השמים ואת הארץ [delete: 'כי אבד תאבדון מהר מעל הארץ אשר אתם עברים את הירדן שמה לרשתה לא תאריכן ימים עליה כי השמד תשמדון' -> '']
  Deut 4:27 (13) vs Deut 28:64 (20): [replace: 'והפיץ' -> 'והפיצך'] =יהוה [replace: 'אתכם בעמים ונשארתם מתי מספר בגוים' -> 'בכל העמים מקצה הארץ ועד קצה הארץ ועבדת שם אלהים אחרים'] =אשר [replace: 'ינהג יהוה אתכם שמה' -> 'לא ידעת אתה ואבתיך עץ ואבן']
  Deut 4:28 (17) vs Deut 28:36 (21): [replace: 'ועבדתם' -> 'יולך יהוה אתך ואת מלכך אשר תקים עליך אל גוי אשר לא ידעת אתה ואבתיך ועבדת'] =שם אלהים [replace: 'מעשה ידי אדם' -> 'אחרים'] =עץ ואבן [delete: 'אשר לא יראון ולא ישמעון ולא יאכלון ולא יריחן' -> '']
  Deut 4:28 (17) vs Ps 115:5 (8): [replace: 'ועבדתם שם אלהים מעשה ידי אדם עץ ואבן אשר לא יראון' -> 'פה להם'] =ולא [replace: 'ישמעון' -> 'ידברו עינים להם'] =ולא [replace: 'יאכלון ולא יריחן' -> 'יראו']
  Deut 4:29 (12) vs Deut 30:10 (21): [replace: 'ובקשתם משם את' -> 'כי תשמע בקול'] =יהוה אלהיך [replace: 'ומצאת' -> 'לשמר מצותיו וחקתיו הכתובה בספר התורה הזה'] =כי [replace: 'תדרשנו' -> 'תשוב אל יהוה אלהיך'] =בכל לבבך ובכל נפשך
  Deut 4:30 (14) vs Deut 30:2 (17): [delete: 'בצר לך ומצאוך כל הדברים האלה באחרית הימים' -> ''] =ושבת עד יהוה אלהיך ושמעת בקלו [insert: '' -> 'ככל אשר אנכי מצוך היום אתה ובניך בכל לבבך ובכל נפשך']
  Deut 4:31 (17) vs Exod 34:6 (15): [replace: 'כי' -> 'ויעבר יהוה על פניו ויקרא יהוה יהוה'] =אל רחום [replace: 'יהוה אלהיך לא ירפך ולא ישחיתך ולא ישכח את ברית אבתיך אשר נשבע להם' -> 'וחנון ארך אפים ורב חסד ואמת']
  Deut 4:33 (11) vs Deut 5:26 (14): [replace: 'השמע עם' -> 'כי מי כל בשר אשר שמע'] =קול אלהים [insert: '' -> 'חיים'] =מדבר מתוך האש [replace: 'כאשר שמעת אתה' -> 'כמנו'] =ויחי
  Deut 4:34 (27) vs Deut 26:8 (11): [replace: 'או הנסה אלהים לבוא לקחת לו גוי מקרב גוי במסת באתת ובמופתים ובמלחמה וביד' -> 'ויוצאנו יהוה ממצרים ביד'] =חזקה [replace: 'ובזרוע' -> 'ובזרע'] =נטויה [replace: 'ובמוראים גדלים ככל אשר עשה לכם יהוה אלהיכם במצרים לעיניך' -> 'ובמרא גדל ובאתות ובמפתים']
  Deut 4:34 (27) vs Deut 7:19 (25): [replace: 'או הנסה אלהים לבוא לקחת לו גוי מקרב גוי במסת באתת ובמופתים ובמלחמה וביד חזקה ובזרוע נטויה ובמוראים גדלים ככל' -> 'המסת הגדלת'] =אשר [replace: 'עשה לכם' -> 'ראו עיניך והאתת והמפתים והיד החזקה והזרע הנטויה אשר הוצאך'] =יהוה [replace: 'אלהיכם במצרים לעיניך' -> 'אלהיך כן יעשה יהוה אלהיך לכל העמים אשר אתה ירא מפניהם']
  Deut 4:35 (10) vs Deut 4:39 (16): [replace: 'אתה הראת לדעת' -> 'וידעת היום והשבת אל לבבך'] =כי יהוה הוא האלהים [insert: '' -> 'בשמים ממעל ועל הארץ מתחת'] =אין עוד [delete: 'מלבדו' -> '']
  Deut 4:36 (16) vs Exod 20:22 (16): [insert: '' -> 'ויאמר יהוה אל משה כה תאמר אל בני ישראל אתם ראיתם כי'] =מן השמים [replace: 'השמיעך את קלו ליסרך ועל הארץ הראך את אשו הגדולה ודבריו שמעת מתוך האש' -> 'דברתי עמכם']
  Deut 4:37 (13) vs Deut 10:15 (14): [replace: 'ותחת כי אהב את אבתיך' -> 'רק באבתיך חשק יהוה לאהבה אותם'] =ויבחר [replace: 'בזרעו אחריו ויוצאך בפניו בכחו הגדל ממצרים' -> 'בזרעם אחריהם בכם מכל העמים כיום הזה']
  Deut 4:38 (14) vs Deut 9:1 (17): [replace: 'להוריש' -> 'שמע ישראל אתה עבר היום את הירדן לבא לרשת'] =גוים גדלים ועצמים ממך [replace: 'מפניך להביאך לתת לך את ארצם נחלה כיום הזה' -> 'ערים גדלת ובצרת בשמים']
  Deut 4:41 (9) vs Num 35:14 (15): [replace: 'אז יבדיל משה' -> 'את'] =שלש [replace: 'ערים בעבר הירדן מזרחה שמש' -> 'הערים תתנו מעבר לירדן ואת שלש הערים תתנו בארץ כנען ערי מקלט תהיינה']
  Deut 4:42 (22) vs Deut 19:4 (19): [replace: 'לנס' -> 'וזה דבר הרצח אשר ינוס'] =שמה [replace: 'רוצח' -> 'וחי'] =אשר [replace: 'ירצח' -> 'יכה'] =את רעהו בבלי דעת והוא לא שנא לו [replace: 'מתמול שלשום ונס אל אחת מן הערים האל וחי' -> 'מתמל שלשם']
  Deut 4:42 (22) vs Num 35:11 (13): [replace: 'לנס' -> 'והקריתם לכם ערים ערי מקלט תהיינה לכם ונס'] =שמה [replace: 'רוצח אשר ירצח את רעהו בבלי דעת והוא לא שנא לו מתמול שלשום ונס אל אחת מן הערים האל וחי' -> 'רצח מכה נפש בשגגה']
  Deut 4:43 (14) vs Josh 20:8 (21): [insert: '' -> 'ומעבר לירדן יריחו מזרחה נתנו'] =את בצר במדבר [replace: 'בארץ המישר לראובני' -> 'במישר ממטה ראובן'] =ואת ראמת בגלעד [replace: 'לגדי' -> 'ממטה גד'] =ואת [replace: 'גולן' -> 'גלון'] =בבשן [replace: 'למנשי' -> 'ממטה מנשה']
  Deut 4:43 (14) vs Josh 21:36 (10): [insert: '' -> 'וממטה ראובן'] =את בצר [delete: 'במדבר בארץ המישר לראובני' -> ''] =ואת [replace: 'ראמת בגלעד לגדי' -> 'מגרשה'] =ואת [replace: 'גולן בבשן למנשי' -> 'יהצה ואת מגרשה']
  Deut 4:44 (8) vs Deut 1:5 (11): [replace: 'וזאת' -> 'בעבר הירדן בארץ מואב הואיל משה באר את'] =התורה [replace: 'אשר שם משה לפני בני ישראל' -> 'הזאת לאמר']
  Deut 4:45 (12) vs Deut 6:20 (14): [replace: 'אלה' -> 'כי ישאלך בנך מחר לאמר מה'] =העדת והחקים והמשפטים אשר [replace: 'דבר משה אל בני ישראל בצאתם ממצרים' -> 'צוה יהוה אלהינו אתכם']
  Deut 4:45 (12) vs Deut 1:1 (22): =אלה [replace: 'העדת והחקים והמשפטים' -> 'הדברים'] =אשר דבר משה אל [replace: 'בני' -> 'כל'] =ישראל [replace: 'בצאתם ממצרים' -> 'בעבר הירדן במדבר בערבה מול סוף בין פארן ובין תפל ולבן וחצרת ודי זהב']
  Deut 4:46 (20) vs Deut 3:29 (5): [replace: 'בעבר הירדן' -> 'ונשב'] =בגיא מול בית פעור [delete: 'בארץ סיחן מלך האמרי אשר יושב בחשבון אשר הכה משה ובני ישראל בצאתם ממצרים' -> '']
  Deut 4:46 (20) vs Deut 1:4 (17): [replace: 'בעבר הירדן בגיא מול בית פעור בארץ' -> 'אחרי הכתו את'] =סיחן מלך האמרי אשר יושב בחשבון [insert: '' -> 'ואת עוג מלך הבשן'] =אשר [replace: 'הכה משה ובני ישראל בצאתם ממצרים' -> 'יושב בעשתרת באדרעי']
  Deut 4:46 (20) vs Num 21:26 (19): [replace: 'בעבר הירדן בגיא מול בית פעור בארץ' -> 'כי חשבון עיר'] =סיחן מלך האמרי [replace: 'אשר יושב בחשבון אשר הכה משה ובני ישראל בצאתם ממצרים' -> 'הוא והוא נלחם במלך מואב הראשון ויקח את כל ארצו מידו עד ארנן']
  Deut 4:47 (16) vs Deut 3:8 (17): [replace: 'ויירשו' -> 'ונקח בעת ההוא'] =את [replace: 'ארצו ואת ארץ עוג מלך הבשן' -> 'הארץ מיד'] =שני מלכי האמרי אשר בעבר הירדן [replace: 'מזרח שמש' -> 'מנחל ארנן עד הר חרמון']
  Deut 4:47 (16) vs Num 21:35 (15): [insert: '' -> 'ויכו אתו ואת בניו ואת כל עמו עד בלתי השאיר לו שריד'] =ויירשו את ארצו [delete: 'ואת ארץ עוג מלך הבשן שני מלכי האמרי אשר בעבר הירדן מזרח שמש' -> '']
  Deut 4:48 (11) vs Deut 3:12 (18): [insert: '' -> 'ואת הארץ הזאת ירשנו בעת ההוא'] =מערער אשר על [delete: 'שפת' -> ''] =נחל ארנן [replace: 'ועד' -> 'וחצי'] =הר [replace: 'שיאן הוא חרמון' -> 'הגלעד ועריו נתתי לראובני ולגדי']
  Deut 4:48 (11) vs Deut 3:9 (8): [replace: 'מערער אשר על שפת נחל ארנן ועד הר שיאן הוא חרמון' -> 'צידנים יקראו לחרמון שרין והאמרי יקראו לו שניר']
  Deut 4:48 (11) vs Deut 2:36 (23): =מערער אשר על שפת נחל ארנן [insert: '' -> 'והעיר אשר בנחל'] =ועד [replace: 'הר שיאן הוא חרמון' -> 'הגלעד לא היתה קריה אשר שגבה ממנו את הכל נתן יהוה אלהינו לפנינו']
  Deut 4:49 (11) vs Deut 3:17 (13): [replace: 'וכל הערבה עבר הירדן מזרחה' -> 'והערבה והירדן וגבל מכנרת'] =ועד ים הערבה [insert: '' -> 'ים המלח'] =תחת אשדת הפסגה [insert: '' -> 'מזרחה']
  Deut 4:49 (11) vs Josh 12:3 (18): [replace: 'וכל הערבה עבר הירדן' -> 'והערבה עד ים כנרות'] =מזרחה ועד ים הערבה [insert: '' -> 'ים המלח מזרחה דרך בית הישמות ומתימן'] =תחת [replace: 'אשדת' -> 'אשדות'] =הפסגה
==== B. THE PHRASE CENSUSES over the whole DB (Torah where marked)
  "and now Israel": ['Deut 10:12', 'Deut 4:1']
  "hear O Israel" (שמע ישראל): ['Deut 20:3', 'Deut 5:1', 'Deut 6:4', 'Deut 9:1']
  "the statutes and the judgments" (החקים והמשפטים): ['Deut 12:1', 'Deut 6:1', 'Lev 26:46']
  "statutes and judgments" bare (חקים ומשפטים): ['Deut 4:14', 'Deut 4:5', 'Deut 4:8', 'Mal 3:22']
  "and to the judgments" (ואל המשפטים): ['Deut 4:1']
  "which I teach you" (אשר אנכי מלמד אתכם): ['Deut 4:1']
  the teach-root piel (למד) Torah seats: ['Deut 11:19', 'Deut 14:23', 'Deut 17:19', 'Deut 18:9', 'Deut 20:18', 'Deut 31:12', 'Deut 31:13', 'Deut 31:19', 'Deut 31:22', 'Deut 4:1', 'Deut 4:10', 'Deut 4:14', 'Deut 4:5', 'Deut 5:1', 'Deut 5:31', 'Deut 6:1']
  "you shall not add" (לא תספו / לא תסף): ['1Sam 12:25', 'Deut 13:1', 'Deut 4:2', 'Exod 10:28', 'Exod 11:6', 'Gen 4:12', 'Num 16:26', 'Ps 104:29']
  the add-word with the subtract-word in one verse: ['Deut 13:1', 'Deut 4:2']
  "Baal-peor" (בעל פעור): ['Deut 4:3', 'Hos 9:10']
  "in Baal-peor" (בבעל פעור): ['Deut 4:3']
  "Beth-peor" (בית פעור): ['Deut 34:6', 'Deut 3:29', 'Deut 4:46']
  "Peor" bare token seats: ['Deut 34:6', 'Deut 3:29', 'Deut 4:3', 'Deut 4:46', 'Hos 9:10', 'Josh 13:20', 'Josh 22:17', 'Num 25:18', 'Num 25:3', 'Num 25:5', 'Num 31:16', 'Ps 106:28']
  "the cleaving" (הדבקים) and the cleave-root: (['1Kgs 22:34', '2Chr 18:33', 'Deut 4:4'], ['Deut 4:4'])
  "alive all of you this day" (חיים כלכם היום): ['Deut 4:4']
  "as the LORD my God commanded me" (כאשר צוני יהוה אלהי): ['Deut 4:5']
  "as the LORD my God commanded me" shorter (כאשר צוני יהוה): ['Deut 10:5', 'Deut 4:5']
  "commanded me" (צוני) seats: ['1Sam 21:3', '2Sam 14:19', 'Deut 10:5', 'Deut 4:5', 'Ezek 37:10']
  "your wisdom and your understanding" (חכמתכם ובינתכם): ['Deut 4:6']
  "a wise and understanding people" (עם חכם ונבון): ['Deut 4:6']
  "wise and understanding" (חכם ונבון): ['1Kgs 3:12', 'Deut 4:6']
  "this great nation" (הגוי הגדול הזה): ['Deut 4:6']
  "great nation" (גוי גדול): ['Deut 4:7', 'Deut 4:8']
  "for who is a great nation" (כי מי גוי גדול): ['Deut 4:7']
  "God near" (אלהים קרבים): ['Deut 4:7']
  "righteous statutes" (חקים ומשפטים צדיקם): ['Deut 4:8']
  "like all this Torah" (ככל התורה הזאת): ['Deut 4:8']
  "only take heed to yourself" (רק השמר לך): ['Deut 4:9']
  "take heed to yourself" (השמר לך): ['Deut 12:13', 'Deut 12:19', 'Deut 12:30', 'Deut 15:9', 'Deut 4:9', 'Deut 6:12', 'Deut 8:11', 'Exod 10:28', 'Exod 34:12', 'Gen 24:6', 'Gen 31:24', 'Gen 31:29']
  "take heed to yourselves" (השמרו לכם): ['Deut 11:16', 'Deut 4:23', 'Exod 19:12']
  "and keep your soul diligently" (ושמר נפשך מאד): ['Deut 4:9']
  "lest you forget" (פן תשכח / פן תשכחו): ['1Sam 1:11', '2Kgs 17:38', 'Deut 25:19', 'Deut 31:21', 'Deut 4:23', 'Deut 4:9', 'Deut 6:12', 'Deut 8:11', 'Deut 8:19', 'Deut 9:7', 'Jer 20:11', 'Jer 23:40', 'Jer 50:5', 'Job 11:16', 'Prov 3:1', 'Prov 4:5', 'Ps 10:12', 'Ps 137:5', 'Ps 44:25', 'Ps 74:19', 'Ps 74:23']
  "forget" root seats in Deut: ['Deut 24:19', 'Deut 25:19', 'Deut 26:13', 'Deut 31:21', 'Deut 32:18', 'Deut 4:23', 'Deut 4:31', 'Deut 4:9', 'Deut 6:12', 'Deut 8:11', 'Deut 8:14', 'Deut 8:19', 'Deut 9:7']
  "which your eyes saw" (אשר ראו עיניך): ['Deut 10:21', 'Deut 29:2', 'Deut 4:9', 'Deut 7:19', 'Prov 25:7']
  "your sons and your sons' sons" (לבניך ולבני בניך): ['Deut 4:9']
  "sons and sons' sons" (בנים ובני בנים): ['1Chr 8:40', 'Deut 4:25']
  "the day you stood" (יום אשר עמדת): ['Deut 4:10']
  "before the LORD your God at Horeb" (לפני יהוה אלהיך בחרב): ['Deut 4:10']
  Horeb (חרב, בחרב, מחרב) Torah seats: ['Deut 13:16', 'Deut 18:16', 'Deut 1:19', 'Deut 1:2', 'Deut 1:6', 'Deut 20:13', 'Deut 28:69', 'Deut 32:25', 'Deut 33:29', 'Deut 4:10', 'Deut 4:15', 'Deut 5:2', 'Exod 17:13', 'Exod 17:6', 'Exod 18:4', 'Exod 22:23', 'Exod 5:21', 'Exod 5:3', 'Gen 31:26', 'Gen 31:40', 'Gen 34:26', 'Lev 26:25', 'Lev 26:33', 'Lev 26:36', 'Lev 26:37', 'Num 14:3', 'Num 14:43', 'Num 19:16', 'Num 20:18', 'Num 21:24', 'Num 22:29', 'Num 31:8']
  Horeb seats whole Bible: ['1Chr 21:12', '1Chr 21:30', '1Chr 21:5', '1Kgs 19:1', '1Kgs 19:10', '1Kgs 19:14', '1Kgs 19:17', '1Kgs 19:8', '1Kgs 1:51', '1Kgs 2:32', '1Kgs 2:8', '1Kgs 3:24', '1Kgs 8:9', '1Sam 13:19', '1Sam 13:22', '1Sam 14:20', '1Sam 15:8', '1Sam 17:45', '1Sam 17:47', '1Sam 21:10', '1Sam 21:9', '1Sam 22:10', '1Sam 22:19', '2Chr 20:9', '2Chr 21:4', '2Chr 23:14', '2Chr 23:21', '2Chr 29:9', '2Chr 32:21', '2Chr 36:17', '2Chr 5:10', '2Kgs 10:25', '2Kgs 11:15', '2Kgs 11:20', '2Kgs 19:37', '2Kgs 19:7', '2Kgs 3:26', '2Kgs 8:12', '2Sam 12:10', '2Sam 12:9', '2Sam 15:14', '2Sam 1:12', '2Sam 20:10', '2Sam 20:8', '2Sam 24:9', '2Sam 2:26', '2Sam 3:29', 'Amos 1:11', 'Amos 4:10', 'Amos 7:11', 'Amos 7:17', 'Amos 7:9', 'Amos 9:1', 'Amos 9:10', 'Dan 11:33', 'Deut 13:16', 'Deut 18:16', 'Deut 1:19', 'Deut 1:2', 'Deut 1:6', 'Deut 20:13', 'Deut 28:69', 'Deut 32:25', 'Deut 33:29', 'Deut 4:10', 'Deut 4:15', 'Deut 5:2', 'Esth 9:5', 'Exod 17:13', 'Exod 17:6', 'Exod 18:4', 'Exod 22:23', 'Exod 5:21', 'Exod 5:3', 'Ezek 11:10', 'Ezek 11:8', 'Ezek 12:16', 'Ezek 14:17', 'Ezek 14:21', 'Ezek 17:21', 'Ezek 21:14', 'Ezek 21:16', 'Ezek 21:17', 'Ezek 21:19', 'Ezek 21:20', 'Ezek 21:24', 'Ezek 21:25', 'Ezek 21:33', 'Ezek 23:10', 'Ezek 23:25', 'Ezek 24:21', 'Ezek 25:13', 'Ezek 26:11', 'Ezek 26:6', 'Ezek 26:8', 'Ezek 28:23', 'Ezek 29:10', 'Ezek 29:8', 'Ezek 30:17', 'Ezek 30:21', 'Ezek 30:4', 'Ezek 30:5', 'Ezek 30:6', 'Ezek 31:17', 'Ezek 31:18', 'Ezek 32:11', 'Ezek 32:20', 'Ezek 32:21', 'Ezek 32:22', 'Ezek 32:23', 'Ezek 32:24', 'Ezek 32:25', 'Ezek 32:26', 'Ezek 32:28', 'Ezek 32:29', 'Ezek 32:30', 'Ezek 32:31', 'Ezek 32:32', 'Ezek 33:2', 'Ezek 33:27', 'Ezek 33:4', 'Ezek 33:6', 'Ezek 35:5', 'Ezek 35:8', 'Ezek 38:21', 'Ezek 38:8', 'Ezek 39:23', 'Ezek 5:1', 'Ezek 5:12', 'Ezek 5:2', 'Ezek 6:11', 'Ezek 6:12', 'Ezek 6:3', 'Ezek 6:8', 'Ezek 7:15', 'Ezra 9:7', 'Gen 31:26', 'Gen 31:40', 'Gen 34:26', 'Hag 1:11', 'Hag 1:4', 'Hag 1:9', 'Hag 2:22', 'Hos 11:6', 'Hos 14:1', 'Hos 7:16', 'Isa 13:15', 'Isa 14:19', 'Isa 1:20', 'Isa 21:15', 'Isa 22:2', 'Isa 25:4', 'Isa 25:5', 'Isa 2:4', 'Isa 31:8', 'Isa 34:6', 'Isa 37:38', 'Isa 37:7', 'Isa 3:25', 'Isa 4:6', 'Isa 60:12', 'Isa 61:4', 'Jer 11:22', 'Jer 12:12', 'Jer 14:12', 'Jer 14:13', 'Jer 14:15', 'Jer 14:18', 'Jer 18:21', 'Jer 19:7', 'Jer 20:4', 'Jer 21:7', 'Jer 21:9', 'Jer 25:29', 'Jer 26:23', 'Jer 27:13', 'Jer 27:8', 'Jer 29:18', 'Jer 31:2', 'Jer 32:36', 'Jer 33:10', 'Jer 34:4', 'Jer 38:2', 'Jer 41:2', 'Jer 42:17', 'Jer 42:22', 'Jer 44:12', 'Jer 44:13', 'Jer 44:27', 'Jer 44:28', 'Jer 46:10', 'Jer 46:14', 'Jer 46:16', 'Jer 47:6', 'Jer 48:2', 'Jer 4:10', 'Jer 50:16', 'Jer 50:21', 'Jer 50:35', 'Jer 50:36', 'Jer 50:37', 'Jer 50:38', 'Jer 51:50', 'Jer 5:17', 'Jer 6:25', 'Job 15:22', 'Job 19:29', 'Job 1:15', 'Job 1:17', 'Job 27:14', 'Job 30:30', 'Job 39:22', 'Job 41:18', 'Job 5:15', 'Job 5:20', 'Josh 10:11', 'Josh 10:28', 'Josh 10:30', 'Josh 10:32', 'Josh 10:35', 'Josh 10:37', 'Josh 10:39', 'Josh 11:10', 'Josh 11:11', 'Josh 11:12', 'Josh 11:14', 'Josh 13:22', 'Josh 19:47', 'Josh 6:21', 'Josh 8:24', 'Judg 18:27', 'Judg 1:25', 'Judg 1:8', 'Judg 20:15', 'Judg 20:17', 'Judg 20:2', 'Judg 20:25', 'Judg 20:35', 'Judg 20:37', 'Judg 20:46', 'Judg 20:48', 'Judg 21:10', 'Judg 3:16', 'Judg 4:15', 'Judg 4:16', 'Judg 6:37', 'Judg 6:39', 'Judg 6:40', 'Judg 7:14', 'Judg 7:20', 'Judg 7:22', 'Judg 8:10', 'Lam 1:20', 'Lam 2:21', 'Lam 4:9', 'Lam 5:9', 'Lev 26:25', 'Lev 26:33', 'Lev 26:36', 'Lev 26:37', 'Mal 3:22', 'Mic 4:3', 'Mic 5:5', 'Nah 2:14', 'Nah 3:15', 'Nah 3:3', 'Num 14:3', 'Num 14:43', 'Num 19:16', 'Num 20:18', 'Num 21:24', 'Num 22:29', 'Num 31:8', 'Prov 12:18', 'Ps 106:19', 'Ps 144:10', 'Ps 22:21', 'Ps 37:14', 'Ps 57:5', 'Ps 63:11', 'Ps 78:64', 'Song 3:8', 'Zech 11:17', 'Zech 13:7', 'Zeph 2:14']
  "assemble to me the people" (הקהל לי את העם): ['Deut 4:10']
  "assemble" hiphil imperative (הקהל) seats: ['1Chr 13:4', '1Chr 29:1', '1Chr 29:10', '1Chr 29:20', '1Sam 17:47', '2Chr 1:3', '2Chr 20:14', '2Chr 23:3', '2Chr 28:14', '2Chr 29:28', '2Chr 29:31', '2Chr 29:32', '2Chr 30:2', '2Chr 30:23', '2Chr 30:25', '2Chr 30:4', 'Deut 10:4', 'Deut 18:16', 'Deut 31:12', 'Deut 4:10', 'Deut 9:10', 'Exod 16:3', 'Ezra 10:12', 'Ezra 10:14', 'Ezra 2:64', 'Judg 21:8', 'Lev 16:33', 'Lev 4:13', 'Lev 4:14', 'Lev 4:21', 'Lev 8:3', 'Neh 5:13', 'Neh 7:66', 'Neh 8:17', 'Neh 8:2', 'Num 10:7', 'Num 15:15', 'Num 16:33', 'Num 17:12', 'Num 19:20', 'Num 20:10', 'Num 20:12', 'Num 20:6', 'Num 22:4']
  "to fear me all the days" (ליראה אתי כל הימים): ['Deut 4:10']
  "and they shall teach their sons" (ואת בניהם ילמדון): ['Deut 4:10']
  "and you came near and stood" (ותקרבון ותעמדון): ['Deut 4:11']
  "under the mountain" (תחת ההר): ['Deut 4:11', 'Exod 24:4', 'Exod 32:19']
  "burning with fire" (בער באש): ['Deut 4:11', 'Deut 5:23', 'Deut 9:15', 'Exod 3:2']
  "to the heart of heaven" (עד לב השמים): ['Deut 4:11']
  "darkness cloud and thick darkness" (חשך ענן וערפל): ['Deut 4:11']
  "cloud and thick darkness" (ענן וערפל): ['Deut 4:11', 'Ezek 34:12', 'Joel 2:2', 'Ps 97:2', 'Zeph 1:15']
  "from the midst of the fire" (מתוך האש): ['Deut 10:4', 'Deut 4:12', 'Deut 4:15', 'Deut 4:33', 'Deut 4:36', 'Deut 5:22', 'Deut 5:24', 'Deut 5:26', 'Deut 5:4', 'Deut 9:10', 'Ezek 1:4']
  "from the midst of the fire" Deut seats: ['Deut 10:4', 'Deut 4:12', 'Deut 4:15', 'Deut 4:33', 'Deut 4:36', 'Deut 5:22', 'Deut 5:24', 'Deut 5:26', 'Deut 5:4', 'Deut 9:10']
  "a voice of words" (קול דברים): ['Deut 4:12']
  "form" (תמונה / תמונת / ותמונה) seats: ['Deut 4:12', 'Deut 4:15', 'Deut 4:16', 'Deut 4:23', 'Deut 4:25', 'Deut 5:8', 'Exod 20:4', 'Job 4:16']
  "form" lemma 8544 seats: ['Deut 4:12', 'Deut 4:15', 'Deut 4:16', 'Deut 4:23', 'Deut 4:25', 'Deut 5:8', 'Exod 20:4', 'Job 4:16', 'Num 12:8', 'Ps 17:15']
  "save a voice" (זולתי קול): ['Deut 4:12']
  "his covenant" (בריתו) Torah seats: ['Deut 17:2', 'Deut 4:13', 'Deut 8:18', 'Exod 2:24']
  "the ten words" (עשרת הדברים): ['Deut 10:4', 'Deut 4:13', 'Exod 34:28']
  "two tables of stone" (שני לחות אבנים): ['Deut 4:13']
  "tables of stone" (לחות אבנים / לחת אבנים / לחת האבנים): ['1Kgs 7:36', '1Kgs 8:9', 'Deut 10:2', 'Deut 10:3', 'Deut 10:4', 'Deut 10:5', 'Deut 4:13', 'Deut 5:22', 'Deut 9:11', 'Deut 9:15', 'Deut 9:17', 'Exod 24:12', 'Exod 27:8', 'Exod 31:18', 'Exod 32:15', 'Exod 32:16', 'Exod 32:19', 'Exod 34:1', 'Exod 34:28', 'Exod 34:29', 'Exod 34:4', 'Exod 38:7']
  "tables" plene (לחות) seats: ['1Kgs 8:9', 'Deut 4:13', 'Deut 9:11']
  "tables" defective (לחת) seats: ['Deut 10:3', 'Deut 5:22', 'Deut 9:11', 'Deut 9:15', 'Exod 24:12', 'Exod 27:8', 'Exod 31:18', 'Exod 32:15', 'Exod 34:1', 'Exod 34:29', 'Exod 34:4', 'Exod 38:7']
  "and me the LORD commanded at that time" (ואתי צוה יהוה בעת ההוא): ['Deut 4:14']
  "at that time" (בעת ההוא) Deut seats: ['Deut 10:1', 'Deut 10:8', 'Deut 1:16', 'Deut 1:18', 'Deut 1:9', 'Deut 2:34', 'Deut 3:12', 'Deut 3:18', 'Deut 3:21', 'Deut 3:23', 'Deut 3:4', 'Deut 3:8', 'Deut 4:14', 'Deut 5:5', 'Deut 9:20']
  "to teach you statutes" (ללמד אתכם חקים): ['Deut 4:14']
  "and you shall take heed to your souls" (ונשמרתם מאד לנפשתיכם): ['Deut 4:15', 'Josh 23:11']
  "for your souls" (לנפשתיכם) seats: ['Deut 4:15', 'Gen 9:5', 'Josh 23:11']
  "lest you corrupt" (פן תשחתון): ['Deut 4:16']
  "a graven image" (פסל) seats: ['2Chr 33:7', '2Kgs 21:7', 'Deut 10:1', 'Deut 27:15', 'Deut 4:16', 'Deut 4:23', 'Deut 4:25', 'Deut 5:8', 'Exod 20:4', 'Exod 34:1', 'Hab 2:18', 'Isa 40:20', 'Isa 44:10', 'Isa 44:15', 'Isa 44:9', 'Judg 17:3', 'Judg 17:4', 'Judg 18:14', 'Judg 18:18', 'Judg 18:31', 'Lev 26:1', 'Nah 1:14', 'Ps 97:7']
  "graven image, the form of any" (פסל תמונת כל): ['Deut 4:16', 'Deut 4:23', 'Deut 4:25']
  "figure" (סמל) seats: ['Deut 4:16', 'Ezek 8:3', 'Ezek 8:5']
  "likeness" (תבנית) seats: ['1Chr 28:11', 'Deut 4:16', 'Deut 4:17', 'Deut 4:18', 'Exod 25:9', 'Ezek 10:8', 'Ezek 8:10', 'Ezek 8:3', 'Josh 22:28', 'Ps 144:12']
  "likeness" in chapter 4 count: 5
  "male or female" (זכר או נקבה): ['Deut 4:16', 'Lev 3:6']
  "bird of wing" (צפור כנף): ['Deut 4:17']
  "that creeps on the ground" (רמש באדמה): ['Deut 4:18']
  "fish" (דגה) seats: ['Deut 4:18']
  "in the waters under the earth" (במים מתחת לארץ): ['Deut 4:18', 'Deut 5:8', 'Exod 20:4']
  "lift your eyes heavenward" (תשא עיניך השמימה): ['Deut 4:19']
  "the sun and the moon and the stars" (השמש ואת הירח ואת הכוכבים): ['Deut 4:19']
  "all the host of heaven" (כל צבא השמים): ['Deut 4:19', 'Isa 34:4']
  "and be drawn away" (ונדחת) seats: ['Deut 30:17', 'Deut 4:19']
  "apportioned" (חלק) qal 3ms seats: [('2Chr 23:18', 'חלק', 'HVqp3ms'), ('2Chr 28:21', 'חלק', 'HVqp3ms'), ('Deut 4:19', 'חלק', 'HVqp3ms'), ('Deut 29:25', 'חלק', 'HVqp3ms'), ('Job 39:17', 'חלק', 'HVqp3ms')]
  "to all the peoples under the whole heaven" (לכל העמים תחת כל השמים): ['Deut 4:19']
  "under the whole heaven" (תחת כל השמים): ['Dan 9:12', 'Deut 2:25', 'Deut 4:19', 'Gen 7:19', 'Job 28:24', 'Job 37:3', 'Job 41:3']
  "the iron furnace" (מכור הברזל / כור הברזל): ['1Kgs 8:51', 'Deut 4:20', 'Ezek 22:18', 'Ezek 22:20', 'Ezek 22:22', 'Jer 11:4']
  "a people of inheritance" (לעם נחלה / עם נחלה): ['Deut 4:20']
  "as this day" (כיום הזה) Deut seats: ['Deut 10:15', 'Deut 29:27', 'Deut 2:30', 'Deut 4:20', 'Deut 4:38', 'Deut 8:18']
  "was angry with me" (התאנף בי): ['Deut 4:21']
  "was angry" hitpael root 599 seats: ['1Kgs 11:9', '1Kgs 8:46', '2Chr 6:36', '2Kgs 17:18', 'Deut 1:37', 'Deut 4:21', 'Deut 9:20', 'Deut 9:8', 'Ezra 9:14', 'Isa 12:1', 'Ps 2:12', 'Ps 60:3', 'Ps 79:5', 'Ps 85:6']
  "for your sakes" (בגללכם) / "on your account" (על דבריכם) seats: (['Deut 1:37', 'Mic 3:12'], ['Deut 4:21'])
  "and swore that I should not cross" (וישבע לבלתי עברי): ['Deut 4:21']
  "the good land" (הארץ הטובה): ['1Chr 28:8', 'Deut 1:35', 'Deut 3:25', 'Deut 4:21', 'Deut 4:22', 'Deut 9:6', 'Josh 23:16']
  "the good land" Deut seats: ['Deut 1:35', 'Deut 3:25', 'Deut 4:21', 'Deut 4:22', 'Deut 9:6']
  "for I die in this land" (כי אנכי מת בארץ הזאת): ['Deut 4:22']
  "I am not crossing the Jordan" (אינני עבר את הירדן): ['Deut 4:22']
  "the covenant of the LORD your God" (ברית יהוה אלהיכם): ['Deut 31:26', 'Deut 4:23', 'Josh 23:16', 'Josh 3:3']
  "a consuming fire" (אש אכלה): ['Deut 4:24', 'Deut 9:3', 'Joel 1:19', 'Joel 2:5']
  "a jealous God" (אל קנא): ['Deut 4:24', 'Deut 5:9', 'Deut 6:15', 'Exod 20:5', 'Exod 34:14']
  "when you beget sons" (כי תוליד בנים): ['Deut 4:25']
  "grown old" (ונושנתם) and the root: (['Deut 4:25'], ['1Kgs 19:5', '1Sam 26:12', 'Deut 4:25', 'Eccl 5:11', 'Ezek 34:25', 'Gen 2:21', 'Gen 41:5', 'Isa 5:27', 'Jer 51:39', 'Jer 51:57', 'Job 3:13', 'Judg 16:19', 'Lev 13:11', 'Lev 26:10', 'Prov 4:16', 'Ps 121:4', 'Ps 13:4', 'Ps 3:6', 'Ps 44:24', 'Ps 4:9', 'Song 7:10'])
  "do evil in the eyes of the LORD" (ועשיתם הרע בעיני יהוה): ['1Kgs 11:6', '1Kgs 14:22', '1Kgs 15:26', '1Kgs 15:34', '1Kgs 16:19', '1Kgs 16:25', '1Kgs 16:30', '1Kgs 21:20', '1Kgs 21:25', '1Kgs 22:53', '1Sam 15:19', '2Chr 21:6', '2Chr 22:4', '2Chr 29:6', '2Chr 33:2', '2Chr 33:22', '2Chr 33:6', '2Chr 36:12', '2Chr 36:5', '2Chr 36:9', '2Kgs 13:11', '2Kgs 13:2', '2Kgs 14:24', '2Kgs 15:18', '2Kgs 15:24', '2Kgs 15:28', '2Kgs 15:9', '2Kgs 17:17', '2Kgs 17:2', '2Kgs 21:16', '2Kgs 21:2', '2Kgs 21:20', '2Kgs 21:6', '2Kgs 23:32', '2Kgs 23:37', '2Kgs 24:19', '2Kgs 24:9', '2Kgs 3:2', '2Kgs 8:18', '2Kgs 8:27', 'Deut 17:2', 'Deut 31:29', 'Deut 4:25', 'Deut 9:18', 'Jer 52:2', 'Judg 10:6', 'Judg 13:1', 'Judg 2:11', 'Judg 3:12', 'Judg 3:7', 'Judg 4:1', 'Judg 6:1', 'Num 32:13']
  "to provoke him" (להכעיסו): ['1Kgs 16:7', '2Chr 33:6', '2Kgs 17:17', 'Deut 31:29', 'Deut 4:25', 'Deut 9:18']
  "I call to witness" (העידתי): ['Deut 30:19', 'Deut 4:26', 'Jer 42:19']
  "heaven and earth" as witnesses (את השמים ואת הארץ) Deut: ['Deut 30:19', 'Deut 31:28', 'Deut 4:26']
  "you shall surely perish quickly" (אבד תאבדון מהר): ['Deut 4:26']
  "perish" doubled (אבד תאבדון): ['Deut 12:2', 'Deut 30:18', 'Deut 4:26', 'Deut 8:19']
  "you shall not prolong days" (לא תאריכן ימים): ['Deut 30:18', 'Deut 4:26']
  "prolong days" family (תאריך / תאריכו / תאריכן ימים): ['Deut 11:9', 'Deut 17:20', 'Deut 30:18', 'Deut 32:47', 'Deut 4:26', 'Deut 4:40', 'Deut 5:16', 'Eccl 8:13', 'Ezek 29:10', 'Ezek 29:4', 'Ezek 29:5', 'Isa 53:10', 'Isa 57:4', 'Prov 19:11', 'Prov 28:16', 'Prov 28:2']
  "you shall be utterly destroyed" (השמד תשמדון): ['Deut 4:26']
  "scatter you among the peoples" (והפיץ יהוה אתכם בעמים): ['Deut 4:27']
  "few in number" (מתי מספר): ['1Chr 16:19', 'Deut 4:27', 'Gen 34:30', 'Jer 44:28', 'Ps 105:12']
  "whither the LORD shall lead you" (אשר ינהג יהוה אתכם שמה): ['Deut 4:27']
  "the work of men's hands, wood and stone" (מעשה ידי אדם עץ ואבן): ['2Kgs 19:18', 'Deut 4:28', 'Isa 37:19']
  "wood and stone" (עץ ואבן): ['2Kgs 19:18', 'Deut 28:36', 'Deut 28:64', 'Deut 29:16', 'Deut 4:28', 'Ezek 20:32', 'Isa 37:19']
  "see nor hear nor eat nor smell": ['Deut 4:28']
  "seek the LORD" (ובקשתם משם את יהוה): ['Deut 4:29']
  "with all your heart and with all your soul" (בכל לבבך ובכל נפשך): ['Deut 10:12', 'Deut 26:16', 'Deut 30:10', 'Deut 30:2', 'Deut 30:6', 'Deut 4:29', 'Deut 6:5']
  "in distress to you" (בצר לך): ['Deut 4:30']
  "in the end of days" (באחרית הימים): ['Dan 10:14', 'Deut 31:29', 'Deut 4:30', 'Ezek 38:16', 'Gen 49:1', 'Hos 3:5', 'Isa 2:2', 'Jer 23:20', 'Jer 30:24', 'Jer 48:47', 'Jer 49:39', 'Mic 4:1', 'Num 24:14']
  "return to the LORD your God" (ושבת עד יהוה אלהיך): ['Deut 30:2', 'Deut 4:30']
  "and hearken to his voice" (ושמעת בקלו): ['Deut 30:2', 'Deut 4:30']
  "a merciful God" (אל רחום): ['Deut 4:31', 'Exod 34:6', 'Ps 86:15']
  "will not fail you" (לא ירפך): ['1Chr 28:20', 'Deut 31:6', 'Deut 31:8', 'Deut 4:31']
  "the covenant of your fathers" (ברית אבתיך): ['Deut 4:31']
  "ask now of the former days" (שאל נא לימים ראשנים): ['Deut 4:32']
  "former days" (ימים ראשנים / לימים ראשנים): ['Deut 4:32']
  "since the day God created man" (למן היום אשר ברא אלהים אדם): ['Deut 4:32']
  "create" root 1254 a Torah seats: ['Deut 4:32', 'Exod 34:10', 'Gen 1:1', 'Gen 1:21', 'Gen 1:27', 'Gen 2:3', 'Gen 2:4', 'Gen 5:1', 'Gen 5:2', 'Gen 6:7', 'Num 16:30']
  "from the end of heaven to the end of heaven" (ולמקצה השמים ועד קצה השמים): ['Deut 4:32']
  "has it been heard like it" (הנשמע כמהו): ['Deut 4:32']
  "has a people heard the voice of God" (השמע עם קול אלהים): ['Deut 4:33']
  "voice of God speaking from the midst of the fire" (קול אלהים מדבר מתוך האש): ['Deut 4:33']
  "and lived" (ויחי) seats: ['1Kgs 17:22', '2Chr 25:25', '2Kgs 13:21', '2Kgs 14:17', '2Kgs 20:7', 'Deut 4:33', 'Deut 5:26', 'Gen 11:11', 'Gen 11:13', 'Gen 11:15', 'Gen 11:16', 'Gen 11:17', 'Gen 11:18', 'Gen 11:19', 'Gen 11:20', 'Gen 11:21', 'Gen 11:22', 'Gen 11:23', 'Gen 11:24', 'Gen 11:25', 'Gen 11:26', 'Gen 47:28', 'Gen 50:22', 'Gen 5:10', 'Gen 5:12', 'Gen 5:13', 'Gen 5:15', 'Gen 5:16', 'Gen 5:18', 'Gen 5:19', 'Gen 5:21', 'Gen 5:25', 'Gen 5:26', 'Gen 5:28', 'Gen 5:3', 'Gen 5:30', 'Gen 5:6', 'Gen 5:7', 'Gen 5:9', 'Gen 9:28', 'Isa 38:21', 'Isa 38:9', 'Job 42:16', 'Judg 15:19', 'Ps 49:10', 'Ps 69:33', 'Ps 72:15']
  "has God assayed" (הנסה אלהים): ['Deut 4:34']
  "a nation from the midst of a nation" (גוי מקרב גוי): ['Deut 4:34']
  "by trials" (במסת) seats: ['Deut 16:10', 'Deut 4:34', 'Deut 7:19']
  "trials" lemma 4531 b: [('Deut 4:34', 'במסת', 'HR/Ncfpa'), ('Deut 7:19', 'המסת', 'HTd/Ncfpa'), ('Deut 29:2', 'המסות', 'HTd/Ncfpa'), ('Ps 95:8', 'מסה', 'HNp')]
  "signs and wonders" (באתת ובמופתים): ['Deut 4:34']
  "signs and wonders" any form (אתת ומופתים / באתות ובמופתים / האתת והמפתים): ['1Kgs 13:3', '1Kgs 13:5', '2Chr 32:24', '2Chr 32:31', 'Deut 13:2', 'Deut 13:3', 'Deut 28:46', 'Deut 34:11', 'Deut 4:34', 'Exod 11:9', 'Exod 7:3', 'Exod 7:9', 'Ezek 12:11', 'Ezek 12:6', 'Ezek 24:24', 'Ezek 24:27', 'Isa 20:3', 'Isa 8:18', 'Jer 32:21', 'Joel 3:3', 'Ps 71:7', 'Ps 78:43', 'Zech 3:8']
  "a mighty hand and an outstretched arm" (וביד חזקה ובזרוע נטויה): ['Deut 4:34']
  "mighty hand" (ביד חזקה / וביד חזקה): ['1Sam 14:52', '2Chr 25:3', '2Kgs 14:5', 'Dan 9:15', 'Deut 26:8', 'Deut 4:34', 'Deut 5:15', 'Deut 6:21', 'Deut 7:8', 'Deut 9:26', 'Exod 13:9', 'Exod 32:11', 'Exod 3:19', 'Exod 6:1', 'Ezek 20:33', 'Ezek 20:34', 'Ezek 26:17', 'Ezek 3:14', 'Jer 21:5', 'Jer 32:21', 'Josh 4:24', 'Num 20:20', 'Ps 136:12']
  "mighty hand" exact (יד חזקה): ['Dan 9:15', 'Deut 26:8', 'Deut 4:34', 'Deut 5:15', 'Deut 6:21', 'Deut 7:8', 'Deut 9:26', 'Exod 13:9', 'Exod 32:11', 'Exod 3:19', 'Exod 6:1', 'Ezek 20:33', 'Ezek 20:34', 'Jer 32:21', 'Num 20:20', 'Ps 136:12']
  "outstretched arm" (זרוע נטויה / ובזרוע נטויה / בזרע נטויה): ['2Kgs 17:36', 'Deut 26:8', 'Deut 4:34', 'Deut 5:15', 'Exod 6:6', 'Ezek 20:33', 'Ezek 20:34', 'Ps 136:12']
  "great terrors" (ובמוראים גדלים / ובמורא גדל / ובמורא גדול): ['Deut 4:34', 'Jer 32:21']
  "terror" lemma 4172 a seats: ['Deut 11:25', 'Deut 26:8', 'Deut 34:12', 'Deut 4:34', 'Gen 9:2', 'Isa 8:12', 'Isa 8:13', 'Jer 32:21', 'Mal 1:6', 'Mal 2:5', 'Ps 76:12']
  "you were shown" (הראת) Deut seats and morphs: [('Deut 3:21', 'הראת', 'HTd/Vqrfpa'), ('Deut 4:3', 'הראת', 'HTd/Vqrfpa'), ('Deut 4:35', 'הראת', 'HVHp2ms'), ('Deut 11:7', 'הראת', 'HTd/Vqrfpa')]
  "the LORD he is God" (יהוה הוא האלהים): ['1Kgs 18:39', '1Kgs 8:60', '2Chr 33:13', 'Deut 4:35', 'Deut 4:39']
  "there is none else" (אין עוד): ['1Kgs 8:60', '2Kgs 4:6', 'Deut 4:35', 'Deut 4:39', 'Jer 48:2', 'Ps 74:9']
  "there is none beside him" (אין עוד מלבדו): ['Deut 4:35']
  "besides him" (מלבדו) seats: ['Deut 4:35']
  "out of heaven he made you hear his voice" (מן השמים השמיעך את קלו): ['Deut 4:36']
  "to instruct you" (ליסרך): ['Deut 4:36']
  "his great fire" (אשו הגדולה): ['Deut 4:36']
  "because he loved your fathers" (ותחת כי אהב את אבתיך): ['Deut 4:37']
  "and chose his seed after him" (ויבחר בזרעו אחריו): ['Deut 4:37']
  "in his presence" (בפניו) seats: ['Deut 25:9', 'Deut 4:37', 'Hos 5:5', 'Hos 7:10', 'Prov 21:29']
  "with his great power" (בכחו הגדל): ['Deut 4:37']
  "to drive out nations greater and mightier than you" (להוריש גוים גדלים ועצמים ממך): ['Deut 4:38', 'Deut 9:1']
  "greater and mightier" (גדלים ועצמים): ['Deut 11:23', 'Deut 4:38', 'Deut 9:1']
  "know this day and lay it to your heart" (וידעת היום והשבת אל לבבך): ['Deut 4:39']
  "lay to heart" (והשבת אל לבבך / השיב אל לב): ['Deut 30:1', 'Deut 4:39']
  "in heaven above and on the earth beneath" (בשמים ממעל ועל הארץ מתחת): ['1Kgs 8:23', 'Deut 4:39', 'Josh 2:11']
  "his statutes and his commandments" (חקיו ואת מצותיו): ['Deut 4:40']
  "that it may go well with you" (אשר ייטב לך): ['Deut 4:40', 'Deut 6:3', 'Ruth 3:1']
  "go well with you" (ייטב לך): ['Deut 12:25', 'Deut 12:28', 'Deut 22:7', 'Deut 4:40', 'Deut 5:16', 'Deut 6:18', 'Deut 6:3', 'Gen 40:14', 'Ruth 3:1']
  "prolong days on the ground" (תאריך ימים על האדמה): ['Deut 4:40']
  "all the days" (כל הימים) closing Deut seats: ['Deut 11:1', 'Deut 12:1', 'Deut 14:23', 'Deut 18:5', 'Deut 19:9', 'Deut 28:29', 'Deut 28:33', 'Deut 31:13', 'Deut 4:10', 'Deut 4:40', 'Deut 5:29', 'Deut 6:24']
  "then Moses set apart" (אז יבדיל משה): ['Deut 4:41']
  "then" + imperfect (אז + yiqtol) Torah seats: אז ישיר / אז יבדיל / אז יאמר: [('Deut 4:41 יבדיל', 'אז', 'HD'), ('Deut 29:19 יעשן', 'אז', 'HD'), ('Exod 15:1 ישיר', 'אז', 'HD'), ('Lev 26:34 תרצה', 'אז', 'HD'), ('Lev 26:34 תשבת', 'אז', 'HD'), ('Num 21:17 ישיר', 'אז', 'HD')]
  "set apart" hiphil root 914 Torah seats: ['Deut 10:8', 'Deut 19:2', 'Deut 19:7', 'Deut 29:20', 'Deut 4:41', 'Exod 26:33', 'Gen 1:14', 'Gen 1:18', 'Gen 1:4', 'Gen 1:6', 'Gen 1:7', 'Lev 10:10', 'Lev 11:47', 'Lev 1:17', 'Lev 20:24', 'Lev 20:25', 'Lev 20:26', 'Lev 5:8', 'Num 16:21', 'Num 16:9', 'Num 8:14']
  "three cities" (שלש ערים): ['Amos 4:8', 'Deut 19:7', 'Deut 19:9', 'Deut 4:41']
  "beyond the Jordan toward the sunrise" (בעבר הירדן מזרחה שמש): ['Deut 4:41']
  "toward the sunrise" (מזרחה שמש / מזרח שמש): ['Deut 4:41', 'Deut 4:47']
  "that the manslayer might flee there" (לנס שמה רוצח): ['Deut 4:42']
  "manslayer" (רוצח / רצח / הרצח) seats: ['Deut 19:3', 'Deut 19:4', 'Deut 19:6', 'Deut 4:42', 'Jer 7:9', 'Job 24:14', 'Josh 20:3', 'Josh 20:5', 'Josh 20:6', 'Josh 21:13', 'Josh 21:21', 'Josh 21:27', 'Josh 21:32', 'Josh 21:38', 'Num 35:11', 'Num 35:12', 'Num 35:16', 'Num 35:17', 'Num 35:18', 'Num 35:19', 'Num 35:21', 'Num 35:25', 'Num 35:26', 'Num 35:27', 'Num 35:28', 'Num 35:30', 'Num 35:31', 'Num 35:6']
  "unawares" (בבלי דעת): ['Deut 19:4', 'Deut 4:42', 'Job 35:16', 'Josh 20:3', 'Josh 20:5']
  "and he hated him not in time past" (והוא לא שנא לו מתמול שלשום): ['Deut 4:42']
  "in time past" (מתמול שלשום / מתמל שלשם): ['Deut 19:4', 'Deut 19:6', 'Deut 4:42', 'Exod 21:29', 'Josh 20:5', 'Josh 3:4', 'Ruth 2:11']
  "and flee to one of these cities and live" (ונס אל אחת מן הערים האל וחי): ['Deut 4:42']
  "and live" (וחי) seats: ['1Sam 20:3', '1Sam 25:26', '2Kgs 2:2', '2Kgs 2:4', '2Kgs 2:6', '2Kgs 4:30', '2Sam 11:11', '2Sam 12:22', '2Sam 15:21', 'Amos 8:14', 'Deut 19:4', 'Deut 19:5', 'Deut 4:42', 'Deut 5:24', 'Exod 33:20', 'Ezek 18:13', 'Ezek 18:24', 'Ezek 20:11', 'Ezek 20:13', 'Ezek 20:21', 'Ezek 47:9', 'Gen 3:22', 'Jer 38:2', 'Lev 18:5', 'Lev 25:35', 'Lev 25:36', 'Neh 6:11', 'Num 21:8', 'Num 21:9']
  "these" (האל) the short demonstrative Torah seats: ['Deut 10:17', 'Deut 19:11', 'Deut 4:42', 'Deut 7:22', 'Deut 7:9', 'Gen 19:25', 'Gen 19:8', 'Gen 26:3', 'Gen 26:4', 'Gen 31:13', 'Gen 46:3', 'Lev 18:27']
  Bezer (בצר) seats: ['1Chr 6:63', '1Chr 7:37', '2Chr 15:4', '2Sam 22:7', 'Deut 4:30', 'Deut 4:43', 'Hos 5:15', 'Isa 25:4', 'Isa 26:16', 'Job 22:24', 'Job 36:19', 'Job 7:11', 'Josh 20:8', 'Josh 21:36', 'Ps 106:44', 'Ps 107:13', 'Ps 107:19', 'Ps 107:28', 'Ps 107:6', 'Ps 18:7', 'Ps 4:2', 'Ps 66:14']
  Ramoth (ראמת / ראמות) seats: ['1Chr 6:58', '1Chr 6:65', '1Kgs 22:12', '1Kgs 22:15', '1Kgs 22:29', '1Kgs 22:3', '1Kgs 22:4', '1Kgs 22:6', '2Chr 18:11', '2Chr 18:14', '2Chr 18:28', '2Chr 18:3', '2Chr 18:5', '2Kgs 9:1', '2Kgs 9:4', 'Deut 4:43', 'Job 28:18', 'Josh 13:26', 'Josh 19:21', 'Josh 19:8', 'Josh 20:8', 'Josh 21:38', 'Judg 15:17', 'Prov 24:7']
  Golan (גולן / גלון) seats: ['1Chr 6:56', 'Deut 4:43', 'Josh 20:8', 'Josh 21:27']
  "in the wilderness in the table-land" (במדבר בארץ המישר): ['Deut 4:43']
  "the table-land" (המישר) seats: ['1Kgs 6:35', 'Deut 3:10', 'Deut 4:43', 'Jer 21:13', 'Jer 48:21', 'Jer 48:8', 'Josh 13:16', 'Josh 13:21', 'Josh 13:9', 'Prov 11:24', 'Ps 45:7']
  "to the Reubenites" (לראובני) / Gadites (לגדי) / Manassites (למנשי): (['1Chr 11:42', '1Chr 27:16', '1Chr 5:26', '1Chr 5:6', 'Deut 29:7', 'Deut 3:12', 'Deut 4:43', 'Josh 12:6', 'Josh 22:1'], ['Deut 4:43'], ['Deut 4:43'])
  "and this is the Torah" (וזאת התורה): ['Deut 4:44']
  "which Moses set" (אשר שם משה): ['Deut 4:44']
  "before the children of Israel" (לפני בני ישראל): ['Deut 4:44']
  "these are the testimonies" (אלה העדת): ['Deut 4:45']
  "the testimonies and the statutes and the judgments" (העדת והחקים והמשפטים): ['Deut 4:45', 'Deut 6:20']
  "testimonies" (העדת / עדת / העדות / עדתיו / ועדתיו) seats: ['1Kgs 8:5', '2Chr 23:11', '2Chr 24:6', '2Chr 5:6', '2Kgs 11:12', 'Dan 3:27', 'Dan 4:28', 'Deut 4:45', 'Deut 6:17', 'Deut 6:20', 'Exod 12:3', 'Exod 12:47', 'Exod 12:6', 'Exod 16:1', 'Exod 16:10', 'Exod 16:2', 'Exod 16:34', 'Exod 16:9', 'Exod 17:1', 'Exod 25:16', 'Exod 25:21', 'Exod 25:22', 'Exod 26:33', 'Exod 26:34', 'Exod 27:21', 'Exod 30:26', 'Exod 30:36', 'Exod 30:6', 'Exod 31:18', 'Exod 32:15', 'Exod 34:29', 'Exod 35:1', 'Exod 35:20', 'Exod 35:4', 'Exod 38:21', 'Exod 39:35', 'Exod 40:20', 'Exod 40:21', 'Exod 40:3', 'Exod 40:5', 'Job 15:34', 'Josh 18:1', 'Josh 22:12', 'Josh 22:16', 'Josh 22:18', 'Josh 22:20', 'Josh 4:16', 'Judg 14:8', 'Lev 16:13', 'Lev 16:5', 'Lev 19:2', 'Lev 24:3', 'Lev 4:13', 'Num 10:11', 'Num 13:26', 'Num 14:5', 'Num 14:7', 'Num 15:25', 'Num 15:26', 'Num 17:19', 'Num 17:22', 'Num 17:23', 'Num 17:25', 'Num 17:6', 'Num 18:2', 'Num 1:2', 'Num 1:50', 'Num 1:53', 'Num 25:6', 'Num 26:2', 'Num 27:17', 'Num 27:20', 'Num 31:12', 'Num 32:4', 'Num 4:5', 'Num 7:89', 'Num 8:20', 'Num 8:9', 'Num 9:15', 'Ps 106:17', 'Ps 119:2', 'Ps 119:88', 'Ps 122:4', 'Ps 19:8', 'Ps 22:17', 'Ps 25:10', 'Ps 60:1', 'Ps 68:31', 'Ps 78:5', 'Ps 80:1', 'Ps 81:6', 'Ps 99:7']
  "testimonies" lemma 5713 b seats: ['Deut 4:45', 'Deut 6:17', 'Deut 6:20', 'Ps 119:119', 'Ps 119:125', 'Ps 119:138', 'Ps 119:146', 'Ps 119:152', 'Ps 119:167', 'Ps 119:168', 'Ps 119:2', 'Ps 119:22', 'Ps 119:24', 'Ps 119:46', 'Ps 119:59', 'Ps 119:79', 'Ps 119:95', 'Ps 132:12', 'Ps 25:10', 'Ps 78:56', 'Ps 93:5', 'Ps 99:7']
  "when they came out of Egypt" (בצאתם ממצרים): ['2Chr 5:10', 'Deut 4:45', 'Deut 4:46', 'Josh 5:4', 'Josh 5:5']
  "in the valley opposite Beth-peor" (בגיא מול בית פעור): ['Deut 3:29', 'Deut 4:46']
  "Sihon king of the Amorites who dwelt in Heshbon" (סיחן מלך האמרי אשר יושב בחשבון): ['Deut 1:4', 'Deut 4:46']
  "who dwelt in Heshbon" (יושב בחשבון / היושב בחשבון): ['Deut 1:4', 'Deut 3:2', 'Deut 4:46', 'Josh 12:2', 'Num 21:34']
  "whom Moses smote" (אשר הכה משה): ['Deut 4:46', 'Josh 13:21']
  "Og king of Bashan" (עוג מלך הבשן): ['Deut 1:4', 'Deut 3:1', 'Deut 3:11', 'Deut 3:3', 'Deut 4:47', 'Josh 12:4', 'Josh 13:30', 'Neh 9:22', 'Num 21:33', 'Num 32:33']
  "the two kings of the Amorites" (שני מלכי האמרי): ['Deut 3:8', 'Deut 4:47', 'Josh 24:12']
  "two kings" (שני מלכי / שני המלכים): ['2Kgs 10:4', 'Deut 3:8', 'Deut 4:47', 'Josh 24:12', 'Judg 8:12']
  "from Aroer which is on the bank of the valley of Arnon" (מערער אשר על שפת נחל ארנן): ['Deut 2:36', 'Deut 4:48']
  "Aroer" seats: ['1Chr 5:8', '1Sam 30:28', '2Kgs 10:33', 'Deut 2:36', 'Deut 3:12', 'Deut 4:48', 'Isa 17:2', 'Jer 48:19', 'Jer 51:58', 'Josh 13:25', 'Num 32:34']
  "Mount Sion" (הר שיאן): ['Deut 4:48']
  Sion (שיאן) / Sirion (שרין) / Senir (שניר) seats: (['Deut 4:48'], ['1Sam 17:38', 'Dan 3:25', 'Deut 3:9'], ['1Chr 5:23', 'Deut 3:9', 'Song 4:8'])
  Hermon seats: ['1Chr 5:23', 'Deut 3:8', 'Deut 4:48', 'Josh 11:17', 'Josh 11:3', 'Josh 12:1', 'Josh 12:5', 'Josh 13:11', 'Josh 13:5', 'Judg 3:3', 'Ps 133:3', 'Ps 89:13', 'Song 4:8']
  "all the Arabah beyond the Jordan eastward" (וכל הערבה עבר הירדן מזרחה): ['Deut 4:49']
  "the sea of the Arabah" (ים הערבה): ['2Kgs 14:25', 'Deut 3:17', 'Deut 4:49', 'Josh 12:3', 'Josh 3:16']
  "the slopes of Pisgah" (אשדת הפסגה): ['Deut 3:17', 'Deut 4:49']
  "slopes" (אשדת / האשדות / אשדות) seats: ['Deut 33:2', 'Deut 3:17', 'Deut 4:49', 'Josh 12:3', 'Josh 13:20']
  Pisgah seats: ['Deut 34:1', 'Deut 3:17', 'Deut 3:27', 'Deut 4:49', 'Josh 12:3', 'Josh 13:20', 'Num 21:20', 'Num 23:14']
==== C. THE NUMBER VERSES' NEIGHBORS and the rule classes
  4:13 verse_words ['ויגד', 'לכם', 'את', 'בריתו', 'אשר', 'צוה', 'אתכם', 'לעשות', 'עשרת', 'הדברים', 'ויכתבם', 'על', 'שני^', 'לחות', 'אבנים'] | numbers [10, 2] | ordinals []
  4:41 verse_words ['אז', 'יבדיל', 'משה', 'שלש', 'ערים', 'בעבר', 'הירדן', 'מזרחה', 'שמש'] | numbers [3] | ordinals []
  4:42 verse_words ['לנס', 'שמה', 'רוצח', 'אשר', 'ירצח', 'את', 'רעהו', 'בבלי', 'דעת', 'והוא', 'לא', 'שנא', 'לו', 'מתמול', 'שלשום', 'ונס', 'אל', 'אחת', 'מן', 'הערים', 'האל', 'וחי'] | numbers [1] | ordinals []
  4:47 verse_words ['ויירשו', 'את', 'ארצו', 'ואת', 'ארץ', 'עוג', 'מלך', 'הבשן', 'שני^', 'מלכי', 'האמרי', 'אשר', 'בעבר', 'הירדן', 'מזרח', 'שמש'] | numbers [2] | ordinals []
  "the ten words" (עשרת הדברים) parser at each seat: {'Deut 10:4': [10], 'Deut 4:13': [10, 2], 'Exod 34:28': [40, 40, 10]}
  "three cities" parser at each seat: {'Amos 4:8': [5, 1], 'Deut 19:7': [3], 'Deut 19:9': [3], 'Deut 4:41': [3]}
  "one of the cities" (אחת מן הערים / אחת הערים) seats and parser: {'Deut 19:11': [1], 'Deut 19:5': [1], 'Deut 4:42': [1]}
  "former days" (ראשנים) ordinal reader — the adjective plural (7223) seats in Torah: ['Deut 10:1', 'Deut 10:10', 'Deut 10:2', 'Deut 10:3', 'Deut 10:4', 'Deut 13:10', 'Deut 16:4', 'Deut 17:7', 'Deut 19:14', 'Deut 24:4', 'Deut 4:32', 'Deut 9:18', 'Exod 12:15', 'Exod 12:16', 'Exod 12:18', 'Exod 12:2', 'Exod 34:1', 'Exod 34:4', 'Exod 40:17', 'Exod 40:2', 'Exod 4:8', 'Gen 13:4', 'Gen 25:25', 'Gen 26:1', 'Gen 28:19', 'Gen 32:18', 'Gen 33:2', 'Gen 38:28', 'Gen 40:13', 'Gen 41:20']
==== D. THE REGISTER — the second-person number by verse (2mp count, 2ms count, the switch points)
  per verse: {1: (6, 1), 2: (5, 0), 3: (1, 2), 4: (3, 0), 5: (2, 1), 6: (4, 0), 7: (0, 0), 8: (1, 0), 9: (1, 10), 10: (0, 3), 11: (2, 0), 12: (3, 0), 13: (2, 0), 14: (3, 0), 15: (4, 0), 16: (3, 0), 17: (0, 0), 18: (0, 0), 19: (0, 7), 20: (2, 0), 21: (1, 2), 22: (2, 0), 23: (7, 2), 24: (0, 1), 25: (4, 2), 26: (5, 0), 27: (3, 0), 28: (1, 0), 29: (1, 5), 30: (0, 5), 31: (0, 4), 32: (0, 2), 33: (0, 2), 34: (2, 1), 35: (0, 2), 36: (0, 4), 37: (0, 2), 38: (0, 4), 39: (0, 3), 40: (0, 8), 41: (0, 0), 42: (0, 0), 43: (0, 0), 44: (0, 0), 45: (0, 0), 46: (0, 0), 47: (0, 0), 48: (0, 0), 49: (0, 0)}
  verses with the singular only: [10, 19, 24, 30, 31, 32, 33, 35, 36, 37, 38, 39, 40]
  verses with the plural only: [2, 4, 6, 8, 11, 12, 13, 14, 15, 16, 20, 22, 26, 27, 28]
  verses with both: [1, 3, 5, 9, 21, 23, 25, 29, 34]
  verses with neither (the third person — the frame 41-49 and 7-8, 17-18): [7, 17, 18, 41, 42, 43, 44, 45, 46, 47, 48, 49]
  imperatives per verse (HV.v morph): {1: [('שמע', 'HVqv2ms')], 5: [('ראה', 'HVqv2ms')], 9: [('השמר', 'HVNv2ms')], 10: [('הקהל', 'HVhv2ms')], 23: [('השמרו', 'HVNv2mp')], 32: [('שאל', 'HVqv2ms')]}
  jussive/negated imperfect 2nd person with לא/פן (the prohibitions): {2: [('תספו', 'תספו', 'HVhi2mp'), ('תגרעו', 'תגרעו', 'HVqi2mp')], 9: [('תשכח', 'תשכח', 'HVqi2ms')], 16: [('תשחתון', 'תשחתון', 'HVhi2mp/Sn')], 19: [('תשא', 'תשא', 'HVqi2ms')], 23: [('תשכחו', 'תשכחו', 'HVqi2mp')], 26: [('תאריכן', 'תאריכן', 'HVhi2mp/Sn')]}
  the consecutive perfects 2nd person (ושמרתם / ועשיתם …) per verse: {1: ['ובאתם', 'וירשתם'], 6: ['ושמרתם', 'ועשיתם'], 9: ['והודעתם'], 15: ['ונשמרתם'], 16: ['ועשיתם'], 19: ['וראית', 'ונדחת', 'והשתחוית', 'ועבדתם'], 22: ['וירשתם'], 23: ['ועשיתם'], 25: ['ונושנתם', 'והשחתם', 'ועשיתם', 'ועשיתם'], 27: ['ונשארתם'], 28: ['ועבדתם'], 29: ['ובקשתם', 'ומצאת'], 30: ['ושבת', 'ושמעת'], 39: ['וידעת', 'והשבת'], 40: ['ושמרת']}
  "the LORD your God" singular (יהוה אלהיך) count in chapter: 11
  "the LORD your God" plural (יהוה אלהיכם) count: 3
  the divine name count in chapter 4: 29
  "God" (אלהים) bare in chapter 4 (the nations' gods vs God): {7: ['אלהים'], 28: ['אלהים'], 32: ['אלהים'], 33: ['אלהים'], 34: ['אלהים'], 35: ['האלהים'], 39: ['האלהים']}
  the third-person frame — verses naming Moses: [41, 44, 45, 46]
  the word "Torah" (התורה / תורה) Deut seats: ['Deut 17:11', 'Deut 17:18', 'Deut 17:19', 'Deut 1:5', 'Deut 27:26', 'Deut 27:3', 'Deut 27:8', 'Deut 28:58', 'Deut 28:61', 'Deut 29:20', 'Deut 29:28', 'Deut 30:10', 'Deut 31:11', 'Deut 31:12', 'Deut 31:24', 'Deut 31:26', 'Deut 31:9', 'Deut 32:46', 'Deut 33:4', 'Deut 4:44', 'Deut 4:8']
==== E. ONKELOS chapter 4 — the renderings' seats over the book (token → seats), the phrases
  וכען: 6 [(4, 1), (5, 22), (10, 12), (10, 22), (26, 10), (31, 19)]
  לקימיא: 1 [(4, 1)]
  ולדיניא: 1 [(4, 1)]
  מאלף: 2 [(4, 1), (8, 5)]
  תוספון: 3 [(4, 2), (13, 1), (17, 16)]
  תמנעון: 2 [(4, 2), (13, 1)]
  בדחלתא: 2 [(4, 4), (18, 13)]
  קימין: 8 [(4, 4), (4, 8), (4, 10), (4, 14), (5, 3), (12, 1), (29, 9), (31, 13)]
  דאלפית: 1 [(4, 5)]
  וסוכלתנותכון: 1 [(4, 6)]
  לחוד: 19 [(2, 28), (2, 35), (2, 37), (3, 11), (3, 19), (4, 6), (4, 9), (10, 15), (12, 15), (12, 16), (12, 23), (12, 26), (15, 4), (15, 5), (15, 23), (17, 16), (20, 14), (20, 16), (20, 20)]
  לקבלא: 5 [(4, 7), (10, 17), (17, 12), (23, 6), (30, 20)]
  צלותיה: 2 [(4, 7), (33, 7)]
  בעדן: 1 [(4, 7)]
  עקתיה: 1 [(4, 7)]
  מצלין: 1 [(4, 7)]
  קשיטין: 1 [(4, 8)]
  אוריתא: 20 [(1, 5), (4, 8), (4, 44), (17, 11), (17, 18), (17, 19), (27, 3), (27, 8), (27, 26), (28, 58), (29, 28), (31, 9), (31, 11), (31, 12), (31, 24), (32, 6), (32, 10), (32, 46), (33, 2), (33, 4)]
  אסתמר: 8 [(4, 9), (6, 12), (8, 11), (12, 13), (12, 19), (12, 30), (15, 9), (24, 8)]
  דילמא: 24 [(4, 9), (4, 16), (4, 23), (6, 12), (6, 15), (7, 17), (7, 22), (7, 25), (8, 11), (8, 12), (9, 28), (11, 16), (12, 13), (12, 19), (12, 30), (15, 9), (19, 6), (20, 5), (20, 6), (20, 7), (22, 9), (25, 3), (29, 17), (32, 27)]
  תנשי: 4 [(4, 9), (6, 12), (8, 19), (9, 7)]
  יעדון: 1 [(4, 9)]
  כנוש: 2 [(4, 10), (31, 12)]
  ילפון: 3 [(4, 10), (20, 18), (24, 8)]
  למדחל: 8 [(4, 10), (5, 26), (6, 24), (10, 12), (14, 23), (17, 19), (28, 58), (31, 13)]
  בשפולי: 1 [(4, 11)]
  צית: 3 [(1, 28), (4, 11), (9, 1)]
  ואמיטתא: 2 [(4, 11), (5, 19)]
  ומליל: 7 [(2, 17), (4, 12), (27, 9), (31, 1), (31, 30), (32, 44), (32, 48)]
  ודמות: 1 [(4, 12)]
  אלהן: 9 [(1, 36), (4, 12), (5, 3), (10, 12), (12, 5), (12, 14), (12, 18), (16, 6), (32, 30)]
  וחוי: 1 [(4, 13)]
  קימיה: 4 [(4, 13), (8, 18), (17, 2), (28, 54)]
  לוחי: 8 [(4, 13), (5, 19), (9, 9), (9, 10), (9, 11), (9, 15), (10, 1), (10, 3)]
  ותסתמרון: 2 [(2, 4), (4, 15)]
  תחבלון: 2 [(4, 16), (31, 29)]
  צלם: 5 [(4, 16), (4, 23), (4, 25), (5, 8), (27, 15)]
  צורא: 1 [(4, 16)]
  באור: 1 [(4, 17)]
  רקיע: 1 [(4, 17)]
  רחשא: 2 [(4, 18), (14, 19)]
  נוני: 1 [(4, 18)]
  תזקוף: 1 [(4, 19)]
  סיהרא: 1 [(4, 19)]
  חילי: 3 [(4, 19), (8, 17), (17, 3)]
  ותטעי: 2 [(4, 19), (30, 17)]
  ותסגוד: 4 [(4, 19), (8, 19), (26, 10), (30, 17)]
  ותפלחנון: 3 [(4, 19), (8, 19), (30, 17)]
  זמין: 1 [(4, 19)]
  קריב: 4 [(4, 7), (4, 20), (30, 14), (32, 35)]
  לדחלתיה: 3 [(4, 20), (11, 22), (30, 20)]
  מכורא: 1 [(4, 20)]
  דפרזלא: 2 [(3, 11), (4, 20)]
  אחסנא: 10 [(4, 20), (4, 21), (4, 38), (15, 4), (19, 10), (20, 16), (21, 23), (24, 4), (25, 19), (26, 1)]
  רגז: 7 [(1, 37), (3, 26), (4, 21), (9, 8), (9, 19), (9, 20), (29, 27)]
  וקיים: 1 [(4, 21)]
  מאית: 1 [(4, 22)]
  קימא: 19 [(4, 23), (4, 31), (5, 3), (5, 23), (7, 8), (7, 9), (7, 12), (9, 9), (9, 11), (9, 15), (10, 8), (28, 69), (29, 8), (29, 13), (29, 20), (29, 24), (31, 9), (31, 25), (31, 26)]
  גזר: 8 [(4, 23), (5, 2), (5, 3), (9, 9), (28, 69), (29, 11), (29, 13), (29, 24)]
  מימריה: 10 [(3, 22), (4, 24), (4, 36), (5, 21), (9, 3), (11, 1), (20, 1), (23, 15), (31, 3), (31, 8)]
  אשא: 2 [(4, 24), (9, 3)]
  אכלא: 2 [(4, 24), (9, 3)]
  ותתעתקון: 1 [(4, 25)]
  ותחבלון: 1 [(4, 25)]
  דביש: 13 [(4, 25), (9, 18), (13, 6), (17, 2), (17, 7), (17, 12), (19, 19), (21, 21), (22, 21), (22, 22), (22, 24), (24, 7), (31, 29)]
  לארגזא: 3 [(4, 25), (9, 18), (31, 29)]
  אסהדית: 3 [(4, 26), (8, 19), (30, 19)]
  מיבד: 3 [(4, 26), (8, 19), (30, 18)]
  בפריע: 8 [(4, 26), (7, 4), (7, 22), (9, 3), (9, 12), (9, 16), (11, 17), (28, 20)]
  תורכון: 4 [(4, 26), (12, 6), (30, 18), (32, 47)]
  אשתצאה: 1 [(4, 26)]
  ויבדר: 1 [(4, 27)]
  דמנין: 1 [(4, 27)]
  ידבר: 1 [(4, 27)]
  לעממיא: 3 [(4, 28), (28, 36), (28, 64)]
  פלחי: 3 [(4, 28), (28, 36), (28, 64)]
  טעותא: 3 [(4, 28), (28, 36), (28, 64)]
  מריחין: 1 [(4, 28)]
  ותתבעון: 1 [(4, 29)]
  ותשכח: 1 [(4, 29)]
  ייעוק: 1 [(4, 30)]
  בסוף: 2 [(4, 30), (31, 29)]
  ותתוב: 5 [(4, 30), (4, 39), (23, 14), (30, 1), (30, 2)]
  ותקבל: 6 [(4, 30), (6, 3), (12, 28), (27, 10), (30, 2), (30, 8)]
  למימריה: 4 [(4, 30), (9, 23), (30, 2), (30, 20)]
  רחמנא: 1 [(4, 31)]
  ישבקנך: 3 [(4, 31), (31, 6), (31, 8)]
  יחבלנך: 1 [(4, 31)]
  יתנשי: 1 [(4, 31)]
  קדמאי: 3 [(4, 32), (10, 2), (19, 14)]
  ולמסיפי: 1 [(4, 32)]
  סיפי: 5 [(4, 32), (13, 8), (28, 64), (32, 22), (33, 17)]
  ההוה: 1 [(4, 32)]
  האשתמע: 1 [(4, 32)]
  ויתקים: 5 [(4, 33), (4, 42), (5, 21), (19, 4), (19, 5)]
  נסין: 3 [(4, 34), (7, 19), (16, 1)]
  לאתגלאה: 1 [(4, 34)]
  למפרק: 2 [(4, 34), (20, 4)]
  בחזונין: 0 []
  אתחזיתא: 1 [(4, 35)]
  למדע: 4 [(4, 35), (8, 2), (13, 4), (29, 3)]
  בר: 26 [(1, 36), (1, 38), (3, 5), (3, 14), (4, 35), (5, 7), (11, 6), (13, 7), (15, 3), (15, 12), (15, 13), (15, 18), (18, 8), (21, 16), (21, 17), (21, 18), (23, 5), (25, 2), (28, 38), (28, 69), (31, 2), (31, 23), (32, 39), (32, 44)]
  מניה: 14 [(4, 2), (4, 35), (13, 1), (13, 9), (18, 15), (18, 19), (18, 22), (20, 19), (22, 3), (22, 8), (22, 19), (26, 14), (28, 31), (34, 9)]
  לאלפותך: 1 [(4, 36)]
  וחלף: 1 [(4, 37)]
  רחים: 1 [(4, 37)]
  ואתרעי: 3 [(4, 37), (7, 7), (10, 15)]
  במימריה: 3 [(4, 37), (26, 17), (33, 27)]
  לתרכא: 2 [(4, 38), (12, 29)]
  לאעלותך: 2 [(4, 38), (29, 11)]
  דשכנתיה: 3 [(4, 39), (33, 16), (33, 26)]
  ושליט: 2 [(3, 24), (4, 39)]
  ותוריך: 1 [(22, 7)]
  בכן: 2 [(4, 41), (29, 19)]
  יפרש: 2 [(4, 41), (21, 17)]
  תלת: 6 [(4, 41), (14, 28), (16, 16), (19, 2), (19, 7), (19, 9)]
  קרוין: 10 [(1, 28), (3, 4), (3, 5), (4, 41), (6, 10), (9, 1), (19, 2), (19, 7), (19, 9), (32, 13)]
  למעירוק: 2 [(4, 42), (19, 3)]
  קטולא: 4 [(4, 42), (19, 3), (19, 4), (19, 6)]
  מנדעי: 1 [(4, 42)]
  מאתמלי: 2 [(4, 42), (19, 4)]
  ומדקמוהי: 3 [(4, 42), (19, 4), (19, 6)]
  ויערוק: 2 [(4, 42), (19, 11)]
  לשבטא: 4 [(1, 23), (3, 12), (4, 43), (29, 7)]
  סדר: 1 [(4, 44)]
  סהדותא: 3 [(4, 45), (5, 17), (6, 20)]
  במפקהון: 2 [(4, 45), (4, 46)]
  בחילתא: 3 [(3, 29), (4, 46), (34, 6)]
  מחא: 4 [(2, 15), (4, 46), (25, 3), (28, 61)]
  ויריתו: 1 [(4, 47)]
  דמתנן: 8 [(1, 4), (3, 1), (3, 3), (3, 10), (3, 11), (3, 13), (4, 47), (29, 6)]
  תרין: 14 [(1, 23), (3, 8), (4, 13), (4, 47), (5, 19), (9, 10), (9, 11), (10, 1), (10, 3), (15, 18), (17, 6), (19, 15), (19, 17), (32, 41)]
  כיף: 3 [(2, 36), (2, 37), (4, 48)]
  מישרא: 5 [(2, 8), (3, 10), (4, 43), (4, 49), (34, 3)]
  משפך: 2 [(3, 17), (4, 49)]
  מרמתא: 2 [(3, 17), (4, 49)]
---- phrases
  'בדחלתא דיי': 2 [(4, 4), (18, 13)]
  'לדחלתא דיי': 2 [(4, 30), (30, 2)]
  'דחלתא דיי': 12 [(1, 36), (4, 4), (4, 29), (4, 30), (8, 11), (8, 14), (8, 19), (13, 5), (13, 11), (18, 13), (29, 17), (30, 2)]
  'מימרא דיי': 24 [(1, 26), (1, 32), (1, 43), (2, 7), (4, 33), (5, 5), (5, 22), (5, 23), (8, 3), (8, 20), (9, 23), (13, 19), (15, 5), (18, 16), (26, 14), (27, 10), (28, 1), (28, 2), (28, 15), (28, 45), (28, 62), (30, 8), (30, 10), (34, 5)]
  'קל מימרא': 4 [(4, 33), (5, 22), (5, 23), (18, 16)]
  'קל מימריה': 2 [(4, 36), (5, 21)]
  'לקבלא צלותיה': 1 [(4, 7)]
  'בעדן עקתיה': 1 [(4, 7)]
  'מן קדם יי': 14 [(1, 37), (2, 15), (3, 26), (4, 21), (9, 8), (9, 20), (12, 7), (14, 26), (17, 12), (25, 18), (32, 27), (33, 13), (33, 23), (33, 29)]
  'קדם יי': 101 [(1, 34), (1, 37), (1, 41), (1, 45), (2, 15), (3, 23), (3, 26), (4, 10), (4, 21), (4, 25), (5, 14), (5, 25), (6, 2), (6, 16), (6, 18), (6, 25), (7, 6), (9, 7), (9, 8), (9, 16), (9, 18), (9, 20), (9, 22), (9, 24)]
  'ארי יי אלהך מימריה': 2 [(4, 24), (20, 1)]
  'אשא אכלא': 2 [(4, 24), (9, 3)]
  'לית עוד': 2 [(4, 35), (4, 39)]
  'בר מניה': 1 [(4, 35)]
  'דשכנתיה בשמיא': 3 [(4, 39), (33, 16), (33, 26)]
  'ושליט על ארעא': 1 [(4, 39)]
  'מלעלא': 4 [(3, 24), (4, 39), (5, 8), (33, 13)]
  'מלרע': 4 [(4, 18), (4, 39), (5, 8), (33, 13)]
  'עממיא פלחי טעותא': 3 [(4, 28), (28, 36), (28, 64)]
  'לעממיא פלחי טעותא': 3 [(4, 28), (28, 36), (28, 64)]
  'באור רקיע שמיא': 1 [(4, 17)]
  'כל חילי שמיא': 2 [(4, 19), (17, 3)]
  'לאתגלאה': 1 [(4, 34)]
  'למפרק ליה עם': 1 [(4, 34)]
  'בפריע': 8 [(4, 26), (7, 4), (7, 22), (9, 3), (9, 12), (9, 16), (11, 17), (28, 20)]
  'סדר משה': 1 [(4, 44)]
  'סהדותא וקימיא ודיניא': 2 [(4, 45), (6, 20)]
  'קימיא ודיניא': 6 [(4, 5), (4, 45), (5, 28), (6, 1), (6, 20), (12, 1)]
  'קימין ודינין': 2 [(4, 8), (4, 14)]
  'תלת קרוין': 4 [(4, 41), (19, 2), (19, 7), (19, 9)]
  'בלא מנדעי': 2 [(4, 42), (19, 4)]
  'מאתמלי ומדקמוהי': 2 [(4, 42), (19, 4)]
  'תרין מלכי': 3 [(3, 8), (3, 21), (4, 47)]
  'ימא דמישרא': 2 [(3, 17), (4, 49)]
  'משפך מרמתא': 2 [(3, 17), (4, 49)]
  'מכורא דפרזלא': 1 [(4, 20)]
==== F. THE ENGLISH ONKELOS — the bracketed insertions per verse (the translation's supplied words)
  4:4: ['the fear of']
  4:6: ['them', 'displays']
  4:7: ['to receive its prayers in time of tribulation', 'is', 'pray before']
  4:10: ['before']
  4:11: ['at the base of', 'height']
  4:17: ['or', 'or', 'the air of the expanse of']
  4:18: ['or', 'or']
  4:20: ['for Himself', 'drew you near to His service']
  4:24: ['His word']
  4:25: ['before', 'before']
  4:28: ['a nation who serves']
  4:29: ['the fear of', 'Him', 'before']
  4:30: ['the fear of', 'His word']
  4:33: ['ever', 'the word of']
  4:34: ['miracles that He performed to become revealed,']
  4:35: ['power']
  4:36: ['the word of']
  4:37: ['by His word']
  4:38: ['and']
  4:39: ['Whose Shechinah is', 'Ruler']
  4:42: ['or']
  4:43: ['of the tribe', 'of the tribe', 'of the tribe']
  4:44: ['in order']
  4:47: ['Masnan']
==== G. THE STORE GLOSS FAMILIES for the candidate rewrites (every form of the gloss over the whole store)
  gloss 'goad': 5 forms, 7 tokens: [('ילמדו', 2), ('תלמד', 2), ('ילמד', 1), ('למדתי', 1), ('מלמד', 1)]
  gloss 'goad-suffix': 1 forms, 2 tokens: [('ילמדון', 2)]
  gloss 'to-goad': 1 forms, 2 tokens: [('ללמד', 2)]
  gloss 'the-enactment': 1 forms, 15 tokens: [('החקים', 15)]
  gloss 'enactment': 3 forms, 10 tokens: [('חק', 6), ('חקים', 3), ('חקי', 1)]
  gloss 'enactment-him/its': 1 forms, 4 tokens: [('חקיו', 4)]
  gloss 'the-judgment': 2 forms, 15 tokens: [('המשפטים', 9), ('המשפט', 6)]
  gloss 'and-judgment': 2 forms, 6 tokens: [('ומשפט', 3), ('ומשפטים', 3)]
  gloss 'scrape-off': 4 forms, 10 tokens: [('יגרע', 4), ('תגרעו', 3), ('נגרע', 2), ('תגרע', 1)]
  gloss 'the-see': 3 forms, 6 tokens: [('הראת', 3), ('הנראה', 2), ('הראים', 1)]
  gloss 'desolate-him/its': 1 forms, 2 tokens: [('השמידו', 2)]
  gloss 'the-adhering': 1 forms, 1 tokens: [('הדבקים', 1)]
  gloss 'leanness': 1 forms, 39 tokens: [('רק', 39)]
  gloss 'mislay': 5 forms, 11 tokens: [('תשכח', 7), ('ישכח', 1), ('שכח', 1), ('שכחתי', 1), ('תשכחו', 1)]
  gloss 'living-being-you/your': 1 forms, 18 tokens: [('נפשך', 18)]
  gloss 'and-know-them/their': 1 forms, 1 tokens: [('והודעתם', 1)]
  gloss 'convoke': 2 forms, 5 tokens: [('הקהל', 3), ('הקהילו', 2)]
  gloss 'and-hear-them/their': 1 forms, 1 tokens: [('ואשמעם', 1)]
  gloss 'and-bring-near-suffix': 1 forms, 3 tokens: [('ותקרבון', 3)]
  gloss 'and-stand-suffix': 1 forms, 1 tokens: [('ותעמדון', 1)]
  gloss 'kindle': 6 forms, 11 tokens: [('בער', 4), ('בערתי', 2), ('יבער', 2), ('בערה', 1), ('תבער', 1), ('תבערו', 1)]
  gloss 'and-gloom': 1 forms, 1 tokens: [('וערפל', 1)]
  gloss 'and-something-portioned--out': 2 forms, 2 tokens: [('ותמונה', 1), ('ותמנת', 1)]
  gloss 'something-portioned--out': 2 forms, 6 tokens: [('תמונה', 3), ('תמונת', 3)]
  gloss 'scattering': 1 forms, 2 tokens: [('זולתי', 2)]
  gloss 'and-grave-them/their': 2 forms, 4 tokens: [('ויכתבם', 2), ('וכתבתם', 2)]
  gloss 'meaning-to-glisten': 3 forms, 21 tokens: [('לחת', 15), ('לוחת', 4), ('לחות', 2)]
  gloss 'in-time': 1 forms, 20 tokens: [('בעת', 20)]
  gloss 'the-he/it': 2 forms, 122 tokens (large): [('ההוא', 121), ('ההיא', 1)]
  gloss 'decay-suffix': 1 forms, 2 tokens: [('תשחתון', 2)]
  gloss 'idol': 2 forms, 7 tokens: [('פסל', 6), ('פסילי', 1)]
  gloss 'likeness': 1 forms, 1 tokens: [('סמל', 1)]
  gloss 'structure': 1 forms, 7 tokens: [('תבנית', 7)]
  gloss 'little-bird': 2 forms, 6 tokens: [('צפור', 4), ('צפרים', 2)]
  gloss 'creep': 3 forms, 6 tokens: [('רומש', 2), ('רמש', 2), ('תרמש', 2)]
  gloss 'the-heavens-suffix': 1 forms, 6 tokens: [('השמימה', 6)]
  gloss 'and-push-off': 3 forms, 4 tokens: [('ונדחת', 2), ('וידיחו', 1), ('ונדחה', 1)]
  gloss 'and-depress': 8 forms, 39 tokens: [('וישתחו', 15), ('וישתחוו', 12), ('והשתחוית', 4), ('והשתחוו', 2), ('והשתחויתם', 2), ('ותשתחוין', 2), ('ואשתחוה', 1), ('ונשתחוה', 1)]
  gloss 'be-smooth': 6 forms, 11 tokens: [('המלט', 3), ('חלק', 2), ('יחלק', 2), ('תחלק', 2), ('אחלק', 1), ('אמלטה', 1)]
  gloss 'from-pot': 1 forms, 1 tokens: [('מכור', 1)]
  gloss 'breathe-hard': 1 forms, 3 tokens: [('התאנף', 3)]
  gloss 'to-failure-of': 1 forms, 18 tokens: [('לבלתי', 18)]
  gloss 'and-to-failure-of': 1 forms, 2 tokens: [('ולבלתי', 2)]
  gloss 'strength': 2 forms, 33 tokens: [('אל', 32), ('אילי', 1)]
  gloss 'jealous': 1 forms, 6 tokens: [('קנא', 6)]
  gloss 'bear-young': 17 forms, 71 tokens (large): [('ילדה', 23), ('ילד', 18), ('תלד', 5), ('הוליד', 4), ('ילדו', 4), ('יולד', 3)]
  gloss 'and-be-slack': 2 forms, 3 tokens: [('ויישן', 2), ('ונושנתם', 1)]
  gloss 'and-decay': 4 forms, 4 tokens: [('והשחתם', 1), ('ושחת', 1), ('ושחתם', 1), ('ותשחת', 1)]
  gloss 'to-trouble-him/its': 1 forms, 3 tokens: [('להכעיסו', 3)]
  gloss 'duplicate': 5 forms, 8 tokens: [('העד', 3), ('העידתי', 2), ('העדתה', 1), ('העדתי', 1), ('מעיד', 1)]
  gloss 'wander-away': 7 forms, 15 tokens: [('אבד', 8), ('אבדנו', 2), ('אבדה', 1), ('אבדת', 1), ('מאביד', 1), ('תאבד', 1), ('תאבדו', 1)]
  gloss 'wander-away-suffix': 1 forms, 5 tokens: [('תאבדון', 5)]
  gloss 'hurrying': 1 forms, 9 tokens: [('מהר', 9)]
  gloss 'be--long-suffix': 4 forms, 5 tokens: [('תאריכן', 2), ('יאריכן', 1), ('יארכון', 1), ('יארכן', 1)]
  gloss 'desolate': 4 forms, 6 tokens: [('השמד', 2), ('השמיד', 2), ('ישמיד', 1), ('תשמידו', 1)]
  gloss 'desolate-suffix': 1 forms, 1 tokens: [('תשמדון', 1)]
  gloss 'and-dash-in-pieces': 4 forms, 5 tokens: [('ויפץ', 2), ('והפיץ', 1), ('ויפצו', 1), ('ורצח', 1)]
  gloss 'and-swell-up': 4 forms, 5 tokens: [('ונשארתם', 2), ('והדרת', 1), ('וישאר', 1), ('וישארו', 1)]
  gloss 'adult': 2 forms, 4 tokens: [('מתי', 2), ('מתם', 2)]
  gloss 'number': 1 forms, 10 tokens: [('מספר', 10)]
  gloss 'drive-forth': 2 forms, 2 tokens: [('ינהג', 1), ('נהג', 1)]
  gloss 'blow-suffix': 1 forms, 1 tokens: [('יריחן', 1)]
  gloss 'and-search-out': 2 forms, 5 tokens: [('ויבקש', 3), ('ובקשתם', 2)]
  gloss 'tread-him/its': 3 forms, 3 tokens: [('אדרשנו', 1), ('ידרשנו', 1), ('תדרשנו', 1)]
  gloss 'in-narrow': 1 forms, 1 tokens: [('בצר', 1)]
  gloss 'in-last': 1 forms, 4 tokens: [('באחרית', 4)]
  gloss 'slacken-you/your': 1 forms, 3 tokens: [('ירפך', 3)]
  gloss 'decay-you/your': 2 forms, 2 tokens: [('השחיתך', 1), ('ישחיתך', 1)]
  gloss 'inquire': 5 forms, 9 tokens: [('שאל', 5), ('ישאל', 1), ('שאול', 1), ('שאלת', 1), ('תשאל', 1)]
  gloss 'first': 4 forms, 8 tokens: [('ראשנה', 3), ('ראשנים', 3), ('ראשון', 1), ('ראשונה', 1)]
  gloss 'to-from': 1 forms, 3 tokens: [('למן', 3)]
  gloss 'and-to-from-extremity': 1 forms, 1 tokens: [('ולמקצה', 1)]
  gloss 'extremity': 3 forms, 8 tokens: [('קצה', 6), ('אצילי', 1), ('קץ', 1)]
  gloss 'the-be': 2 forms, 2 tokens: [('הנגשים', 1), ('הנהיה', 1)]
  gloss "form-of-the-prefix-'k-'-him/its": 1 forms, 9 tokens: [('כמהו', 9)]
  gloss 'the-hear': 3 forms, 4 tokens: [('השמע', 2), ('הנשמע', 1), ('השמעים', 1)]
  gloss 'the-test': 1 forms, 1 tokens: [('הנסה', 1)]
  gloss 'in-testing': 1 forms, 1 tokens: [('במסת', 1)]
  gloss 'in-signs': 1 forms, 2 tokens: [('באתת', 2)]
  gloss 'and-in-miracle': 2 forms, 2 tokens: [('ובמופתים', 1), ('ובמפתים', 1)]
  gloss 'and-in-fear': 2 forms, 2 tokens: [('ובמוראים', 1), ('ובמרא', 1)]
  gloss 'to-chastise-you/your': 1 forms, 1 tokens: [('ליסרך', 1)]
  gloss 'have-affection-for': 5 forms, 11 tokens: [('אהב', 5), ('אהבת', 2), ('אהבתי', 2), ('אהבים', 1), ('אהובה', 1)]
  gloss 'and-try': 2 forms, 6 tokens: [('ויבחר', 5), ('ובחרת', 1)]
  gloss 'in-vigor-him/its': 1 forms, 1 tokens: [('בכחו', 1)]
  gloss 'and-powerful': 4 forms, 8 tokens: [('ועצום', 3), ('ועצמים', 3), ('וחזק', 1), ('ועצומים', 1)]
  gloss 'from-upper-part': 1 forms, 7 tokens: [('ממעל', 7)]
  gloss 'be--make-well': 7 forms, 23 tokens: [('ייטב', 10), ('היטב', 6), ('היטיבו', 2), ('תיטיב', 2), ('איטיב', 1), ('היטיב', 1), ('ייטיב', 1)]
  gloss 'be--long': 5 forms, 6 tokens: [('תאריכו', 2), ('ארכו', 1), ('יאריך', 1), ('יאריכו', 1), ('תאריך', 1)]
  gloss 'at-that-time': 1 forms, 15 tokens: [('אז', 15)]
  gloss 'divide': 7 forms, 12 tokens: [('יבדיל', 3), ('הבדיל', 2), ('הבדלתי', 2), ('תבדיל', 2), ('בדד', 1), ('הבדלו', 1), ('מבדיל', 1)]
  gloss 'in-region-across': 1 forms, 11 tokens: [('בעבר', 11)]
  gloss 'sunrise-suffix': 1 forms, 9 tokens: [('מזרחה', 9)]
  gloss 'sunrise': 1 forms, 1 tokens: [('מזרח', 1)]
  gloss 'to-flit': 2 forms, 6 tokens: [('לנוס', 4), ('לנס', 2)]
  gloss 'and-flit': 5 forms, 12 tokens: [('וינס', 5), ('ונס', 3), ('וינסו', 2), ('ונסו', 1), ('ונסתם', 1)]
  gloss 'dash-in-pieces': 6 forms, 14 tokens: [('רצח', 7), ('ירצח', 2), ('תרצח', 2), ('נפוץ', 1), ('נפצו', 1), ('רוצח', 1)]
  gloss 'associate-him/its': 1 forms, 28 tokens: [('רעהו', 28)]
  gloss 'in-failure': 1 forms, 2 tokens: [('בבלי', 2)]
  gloss 'from-ago': 2 forms, 6 tokens: [('מתמול', 4), ('מתמל', 2)]
  gloss 'trebly': 2 forms, 10 tokens: [('שלשם', 7), ('שלשום', 3)]
  gloss 'in-pasture': 1 forms, 60 tokens: [('במדבר', 60)]
  gloss 'the-level': 1 forms, 2 tokens: [('המישר', 2)]
  gloss 'to-Reubenite': 1 forms, 3 tokens: [('לראובני', 3)]
  gloss 'to-Gadite': 1 forms, 1 tokens: [('לגדי', 1)]
  gloss 'to-Menashshite': 1 forms, 1 tokens: [('למנשי', 1)]
  gloss 'the-precept': 2 forms, 27 tokens: [('התורה', 26), ('התורת', 1)]
  gloss 'put/set': 13 forms, 41 tokens: [('שם', 10), ('תשים', 6), ('ישים', 4), ('שים', 4), ('שמתי', 4), ('שימו', 3), ('תשימו', 3), ('שמו', 2), ('אשים', 1), ('אשימה', 1), ('ישום', 1), ('ישימו', 1), ('שום', 1)]
  gloss 'the-testimony': 2 forms, 36 tokens: [('העדת', 28), ('העדות', 8)]
  gloss 'in-bring-forth-them/their': 1 forms, 3 tokens: [('בצאתם', 3)]
  gloss 'in-gorge': 2 forms, 3 tokens: [('בגיא', 2), ('בגי', 1)]
  gloss 'abrupt': 1 forms, 15 tokens: [('מול', 15)]
  gloss '?': 28 forms, 350 tokens (large): [('אני', 152), ('אנכי', 127), ('בית', 17), ('באר', 8), ('בעל', 7), ('לחי', 3)]
  gloss 'in-?': 13 forms, 18 tokens: [('בבאר', 3), ('בפדן', 3), ('בעיי', 2), ('בבני', 1), ('בבעל', 1), ('בחצצן', 1), ('בחר', 1), ('בעלמן', 1), ('בעציון', 1), ('בעשתרת', 1), ('בקברת', 1), ('בקרית', 1), ('ברמן', 1)]
  gloss 'Bethpeor': 1 forms, 3 tokens: [('פעור', 3)]
  gloss 'Baal-peor': 1 forms, 4 tokens: [('פעור', 4)]
  gloss 'the-Emorite': 1 forms, 31 tokens: [('האמרי', 31)]
  gloss 'strike': 11 forms, 30 tokens: [('הכה', 7), ('מכה', 7), ('יכה', 4), ('הכות', 3), ('הכית', 2), ('תכה', 2), ('הכו', 1), ('מכים', 1), ('נכה', 1), ('נכו', 1), ('נכתה', 1)]
  gloss 'lip': 3 forms, 21 tokens: [('שפת', 16), ('שפה', 3), ('שפתים', 2)]
  gloss 'stream': 4 forms, 25 tokens: [('נחל', 15), ('נהר', 4), ('שבלים', 4), ('נחלי', 2)]
  gloss 'Sion': 1 forms, 1 tokens: [('שיאן', 1)]
  gloss 'the-desert': 1 forms, 4 tokens: [('הערבה', 4)]
  gloss 'region-across': 1 forms, 5 tokens: [('עבר', 5)]
  gloss 'seas': 2 forms, 27 tokens: [('ים', 24), ('ימים', 3)]
  gloss 'ravine': 1 forms, 2 tokens: [('אשדת', 2)]
  gloss 'the-Pisgah': 1 forms, 6 tokens: [('הפסגה', 6)]
  gloss 'the-ground': 1 forms, 64 tokens: [('האדמה', 64)]
  gloss 'obj-marker·et-them/their': 5 forms, 231 tokens (large): [('אתם', 183), ('אותם', 39), ('אתהן', 5), ('אתהם', 3), ('אתנה', 1)]
  gloss 'and-under': 1 forms, 3 tokens: [('ותחת', 3)]
  gloss 'hind-part': 2 forms, 96 tokens: [('אחרי', 75), ('אחר', 21)]
  gloss 'hind-part-him/its': 1 forms, 11 tokens: [('אחריו', 11)]
  gloss 'hind-part-you/your': 1 forms, 15 tokens: [('אחריך', 15)]
  gloss 'the-word/thing': 2 forms, 107 tokens: [('הדבר', 63), ('הדברים', 44)]
  gloss 'word/thing-you/your (pl)': 1 forms, 5 tokens: [('דבריכם', 5)]
  gloss 'in-heavens': 1 forms, 9 tokens: [('בשמים', 9)]
  gloss 'from-nearest-part': 1 forms, 18 tokens: [('מקרב', 18)]
  gloss 'from-nearest-part-you/your': 1 forms, 12 tokens: [('מקרבך', 12)]
  gloss 'in-nearest-part': 1 forms, 14 tokens: [('בקרב', 14)]
  gloss 'from-midst': 1 forms, 32 tokens: [('מתוך', 32)]
  gloss 'set': 19 forms, 300 tokens (large): [('נתן', 109), ('נתתי', 44), ('יתן', 42), ('תתן', 31), ('אתן', 21), ('תתנו', 20)]
  gloss 'the-day': 3 forms, 159 tokens (large): [('היום', 135), ('הימים', 23), ('הימם', 1)]
  gloss 'the-fire': 1 forms, 28 tokens: [('האש', 28)]
  gloss 'fire-him/its': 1 forms, 1 tokens: [('אשו', 1)]
  gloss 'and-make': 14 forms, 275 tokens (large): [('ויעש', 82), ('ועשית', 70), ('ויעשו', 39), ('ועשה', 32), ('ועשיתם', 22), ('ועשו', 13)]
  gloss 'to-make': 3 forms, 76 tokens: [('לעשות', 66), ('לעשת', 9), ('לעשה', 1)]
  gloss 'to-make-you/your (pl)': 1 forms, 1 tokens: [('לעשתכם', 1)]
  gloss 'make': 22 forms, 461 tokens (large): [('עשה', 116), ('תעשה', 97), ('יעשה', 51), ('תעשו', 49), ('עשו', 46), ('אעשה', 21)]
  by_gloss keys already present among the candidates: ['leanness', 'scattering', 'breathe-hard', 'adult', 'to-flit', 'and-flit', 'the-level', 'the-precept', 'in-gorge', 'abrupt', 'ravine', 'the-desert']
  by_ref keys for Deut.4: []
  by_ref total, by_gloss total: (333, 235)
