==== A. THE LEFTOVER HEBREW SEATS
  "you shall not add to the word" (לא תספו על הדבר): ['Deut 4:2']
  "you shall not add" 2mp (לא תספו): ['Deut 4:2']
  "you shall not add" 2ms (לא תסף): ['Deut 13:1', 'Exod 11:6', 'Gen 4:12']
  "and you shall not diminish" (ולא תגרעו / ולא תגרע): ['Deut 13:1', 'Deut 4:2']
  "diminish" root 1639 seats: ['Deut 13:1', 'Deut 4:2', 'Eccl 3:14', 'Exod 21:10', 'Exod 5:11', 'Exod 5:19', 'Exod 5:8', 'Ezek 16:27', 'Ezek 5:11', 'Isa 15:2', 'Jer 26:2', 'Jer 48:37', 'Job 15:4', 'Job 15:8', 'Job 36:27', 'Job 36:7', 'Lev 27:18', 'Num 27:4', 'Num 36:3', 'Num 36:4', 'Num 9:7']
  13:1 words: ['את', 'כל', 'הדבר', 'אשר', 'אנכי', 'מצוה', 'אתכם', 'אתו', 'תשמרו', 'לעשות', 'לא', 'תסף', 'עליו', 'ולא', 'תגרע', 'ממנו']
  Horeb by lemma 2722 (all seats): ['1Kgs 19:8', '1Kgs 8:9', '2Chr 5:10', 'Deut 18:16', 'Deut 1:19', 'Deut 1:2', 'Deut 1:6', 'Deut 28:69', 'Deut 4:10', 'Deut 4:15', 'Deut 5:2', 'Deut 9:8', 'Exod 17:6', 'Exod 33:6', 'Exod 3:1', 'Mal 3:22', 'Ps 106:19']
  Horeb by lemma 2722 Torah: ['Deut 18:16', 'Deut 1:19', 'Deut 1:2', 'Deut 1:6', 'Deut 28:69', 'Deut 4:10', 'Deut 4:15', 'Deut 5:2', 'Deut 9:8', 'Exod 17:6', 'Exod 33:6', 'Exod 3:1']
  4:10 the two ילמדון morphs: [('ילמדון', 'HVqi3mp/Sn'), ('ילמדון', 'HVpi3mp/Sn')]
  "and the LORD spoke to you" (וידבר יהוה אליכם): ['Deut 4:12']
  "and the LORD spoke to" + you-plural anywhere (דבר יהוה אליכם): ['Deut 10:4', 'Deut 4:15']
  "the LORD spoke to you at Horeb" (דבר יהוה אליכם בחרב): ['Deut 4:15']
  "face to face" (פנים בפנים): ['Deut 5:4']
  the divine name by form in chapter 4: Counter({'יהוה': 26, 'ביהוה': 1, 'כיהוה': 1, 'ויהוה': 1})
  "the LORD your God" singular seats in ch 4: [3, 10, 19, 21, 23, 24, 25, 29, 30, 31, 40]
  "the LORD your God" plural seats in ch 4: [2, 23, 34]
  "the LORD our God" (יהוה אלהינו) in ch 4: []
  "the LORD my God" (יהוה אלהי) in ch 4: [1, 5]
  "the LORD the God of your fathers" (יהוה אלהי אבתיכם) Deut: ['Deut 4:1']
  "so that you may live" (למען תחיו): ['Amos 5:14', 'Deut 4:1', 'Jer 35:7']
  "and come in and possess the land" (ובאתם וירשתם את הארץ): ['Deut 11:8', 'Deut 4:1', 'Deut 8:1']
  "to keep the commandments of the LORD your God" (לשמר את מצות יהוה אלהיכם): ['Deut 4:2']
  "your eyes have seen" (עיניכם הראת): ['Deut 11:7', 'Deut 4:3']
  "your eyes that see" (עיניך הראת): ['Deut 3:21']
  "destroyed him from your midst" (השמידו יהוה אלהיך מקרבך): ['Deut 4:3']
  "from your midst" (מקרבך) Deut seats: ['Deut 13:14', 'Deut 13:6', 'Deut 17:7', 'Deut 18:15', 'Deut 19:19', 'Deut 21:21', 'Deut 21:9', 'Deut 22:21', 'Deut 22:24', 'Deut 24:7', 'Deut 4:3']
  "who cling" (הדבקים) + the adjective 1695 seats: ['2Chr 3:12', 'Deut 4:4', 'Prov 18:24']
  "you who cling to the LORD" (ואתם הדבקים ביהוה): ['Deut 4:4']
  "see I have taught you" (ראה למדתי אתכם): ['Deut 4:5']
  "in the midst of the land" (בקרב הארץ): ['Deut 4:5', 'Exod 8:18', 'Gen 45:6', 'Gen 48:16', 'Isa 19:24', 'Isa 24:13', 'Isa 5:8', 'Isa 6:12', 'Isa 7:22', 'Ps 74:12']
  "to which you go to possess it" (אשר אתם באים שמה לרשתה): ['Deut 4:5']
  "to which you cross to possess it" (אשר אתם עברים שמה לרשתה): ['Deut 11:11', 'Deut 11:8', 'Deut 4:14', 'Deut 6:1']
  "keep and do" (ושמרתם ועשיתם): ['Deut 4:6', 'Deut 7:12']
  "in the eyes of the peoples" (לעיני העמים): ['Deut 4:6']
  "wise" + "understanding" adjectives (חכם / ונבון) Torah: (['Deut 32:6', 'Deut 4:6', 'Exod 31:6', 'Exod 35:10', 'Exod 36:1', 'Exod 36:2', 'Exod 36:8'], ['Deut 4:6', 'Gen 41:33', 'Gen 41:39'])
  "which I set before you this day" (אשר אנכי נתן לפניכם היום): ['Deut 11:32', 'Deut 4:8']
  "which I set before you" (אשר אנכי נתן לפניכם / לפניך): ['Deut 11:26', 'Deut 11:32', 'Deut 4:8']
  "all the days of your life" (כל ימי חייך): ['Deut 16:3', 'Deut 4:9', 'Deut 6:2', 'Gen 3:14', 'Gen 3:17', 'Josh 1:5', 'Ps 128:5']
  "and you shall make them known" (והודעתם): ['Deut 4:9', 'Josh 4:22']
  "hear my words" (ואשמעם את דברי): ['Deut 4:10']
  "the heart of heaven" (לב השמים): ['Deut 4:11']
  "thick darkness" (ערפל / וערפל / הערפל / בערפל) seats: ['1Kgs 8:12', '2Chr 6:1', '2Sam 22:10', 'Deut 4:11', 'Deut 5:22', 'Exod 20:21', 'Ezek 34:12', 'Isa 60:2', 'Job 22:13', 'Job 38:9', 'Joel 2:2', 'Ps 18:10', 'Ps 97:2', 'Zeph 1:15']
  "the fire, the cloud and the thick darkness" (האש הענן והערפל): ['Deut 5:22']
  "no form" (כל תמונה): ['Deut 4:15', 'Deut 5:8']
  "you saw no form" (לא ראיתם כל תמונה): ['Deut 4:15']
  "his covenant which he commanded you" (בריתו אשר צוה אתכם): ['Deut 4:13']
  "and wrote them on" (ויכתבם על): ['Deut 4:13', 'Deut 5:22']
  "stones" (אבנים) after tablets: ['Deut 4:13']
  "to teach you" (ללמד אתכם): ['Deut 4:14', 'Deut 6:1']
  "in the land into which you cross" (בארץ אשר אתם עברים שמה): ['Deut 4:14', 'Deut 6:1']
  "for you saw no form" (כי לא ראיתם כל תמונה): ['Deut 4:15']
  "on the day the LORD spoke to you" (ביום דבר יהוה אליכם): ['Deut 4:15']
  "make for yourselves a graven image" (ועשיתם לכם פסל): ['Deut 4:16', 'Deut 4:23']
  "the likeness of any beast" (תבנית כל בהמה): ['Deut 4:17']
  "beast that is on the earth" (בהמה אשר בארץ): ['Deut 4:17']
  "that flies in the heavens" (אשר תעוף בשמים): ['Deut 4:17']
  "which the LORD your God has apportioned" (אשר חלק יהוה אלהיך): ['Deut 4:19']
  "and the LORD has taken you" (ואתכם לקח יהוה): ['Deut 4:20']
  "brought you out" hiphil of יצא with you-pl (ויוצא אתכם): ['Deut 4:20']
  "to be for him a people" (להיות לו לעם): ['Deut 14:2', 'Deut 26:18', 'Deut 4:20', 'Deut 7:6']
  "and the LORD was angry with me on your account" (ויהוה התאנף בי על דבריכם): ['Deut 4:21']
  "on your account" (על דבריכם): ['Deut 4:21']
  "that I should not cross the Jordan" (לבלתי עברי את הירדן): ['Deut 4:21']
  "and not come into the good land" (ולבלתי בא אל הארץ הטובה): ['Deut 4:21']
  "gives you as an inheritance" (נתן לך נחלה): ['Deut 15:4', 'Deut 19:10', 'Deut 20:16', 'Deut 21:23', 'Deut 24:4', 'Deut 25:19', 'Deut 26:1', 'Deut 4:21']
  "for I am to die" (כי אנכי מת): ['Deut 4:22']
  "but you are crossing" (ואתם עברים): ['Deut 4:22']
  "lest you forget the covenant" (פן תשכחו את ברית): ['Deut 4:23']
  "which he cut with you" (אשר כרת עמכם): ['Deut 4:23']
  "which the LORD your God commanded you" (אשר צוך יהוה אלהיך): ['1Kgs 13:21', 'Deut 13:6', 'Deut 4:23']
  "the LORD your God is a consuming fire" (יהוה אלהיך אש אכלה): ['Deut 4:24']
  "he is a jealous God" (הוא אל קנא): ['Deut 4:24']
  "and grow old in the land" (ונושנתם בארץ): ['Deut 4:25']
  "and act corruptly" (והשחתם): ['Deut 4:25']
  "the evil in the eyes of the LORD your God" (הרע בעיני יהוה אלהיך): ['Deut 17:2', 'Deut 4:25']
  "I call heaven and earth to witness against you this day" (העידתי בכם היום את השמים ואת הארץ): ['Deut 30:19', 'Deut 4:26']
  "from off the land" (מעל הארץ): ['Deut 11:17', 'Deut 4:26']
  "you shall not prolong days upon it" (לא תאריכן ימים עליה): ['Deut 4:26']
  "among the peoples" (בעמים) Deut: ['Deut 4:27']
  "and you shall remain" (ונשארתם): ['Deut 28:62', 'Deut 4:27']
  "among the nations" (בגוים) Deut: ['Deut 15:6', 'Deut 4:27']
  "lead" root 5090 a seats Torah: ['Deut 28:37', 'Deut 4:27', 'Exod 10:13', 'Exod 14:25', 'Exod 3:1', 'Gen 31:18', 'Gen 31:26']
  "and you shall serve there gods" (ועבדתם שם אלהים): ['Deut 4:28']
  "the work of the hands of man" (מעשה ידי אדם): ['2Kgs 19:18', 'Deut 4:28', 'Isa 37:19', 'Ps 115:4', 'Ps 135:15']
  "and you shall seek from there" (ובקשתם משם): ['Deut 4:29']
  "and you shall find" (ומצאת): ['1Sam 10:2', 'Deut 4:29', 'Neh 9:8']
  "when you seek him" (כי תדרשנו): ['Deut 4:29']
  "with all your heart" (בכל לבבך): ['Deut 10:12', 'Deut 26:16', 'Deut 30:10', 'Deut 30:2', 'Deut 30:6', 'Deut 4:29', 'Deut 6:5']
  "and all these things find you" (ומצאוך כל הדברים האלה): ['Deut 4:30']
  "in the end of days" Torah: ['Deut 31:29', 'Deut 4:30', 'Gen 49:1', 'Num 24:14']
  "he will not fail you nor destroy you" (לא ירפך ולא ישחיתך): ['Deut 4:31']
  "nor forget the covenant of your fathers" (ולא ישכח את ברית אבתיך): ['Deut 4:31']
  "which he swore to them" (אשר נשבע להם): ['Deut 4:31', 'Num 14:16']
  "which were before you" (אשר היו לפניך): ['1Kgs 14:9', 'Deut 4:32', 'Jer 34:5']
  "from the day" (למן היום): ['2Sam 19:25', 'Deut 4:32', 'Deut 9:7', 'Exod 9:18', 'Hag 2:18', 'Jer 32:31', 'Jer 7:25']
  "created" (ברא) qal seats Torah: [('Deut 4:32', 'ברא', 'HVqp3ms'), ('Exod 34:10', 'נבראו', 'HVNp3cp'), ('Gen 1:1', 'ברא', 'HVqp3ms'), ('Gen 1:21', 'ויברא', 'HC/Vqw3ms'), ('Gen 1:27', 'ויברא', 'HC/Vqw3ms'), ('Gen 1:27', 'ברא', 'HVqp3ms'), ('Gen 1:27', 'ברא', 'HVqp3ms'), ('Gen 2:3', 'ברא', 'HVqp3ms'), ('Gen 2:4', 'בהבראם', 'HR/VNc/Sp3mp'), ('Gen 5:1', 'ברא', 'HVqc'), ('Gen 5:2', 'בראם', 'HVqp3ms/Sp3mp'), ('Gen 5:2', 'הבראם', 'HVNc/Sp3mp'), ('Gen 6:7', 'בראתי', 'HVqp1cs'), ('Num 16:30', 'יברא', 'HVqi3ms')]
  "man upon the earth" (אדם על הארץ): ['Deut 4:32']
  "from one end of heaven" (ולמקצה השמים): ['Deut 4:32']
  "has there been" (הנהיה): ['Deut 4:32']
  "this great thing" (כדבר הגדול הזה): ['Deut 4:32']
  "the great thing" (הדבר הגדול הזה): ['1Sam 12:16', '2Kgs 8:13']
  "or has been heard" (או הנשמע): ['Deut 4:32']
  "has a people heard" (השמע עם): ['Deut 4:33']
  "as you heard" (כאשר שמעת אתה): ['Deut 4:33']
  "and lived" 2421 qal wayyiqtol 3ms seats Deut: [('Deut 4:1', 'תחיו', 'HVqi2mp'), ('Deut 4:33', 'ויחי', 'HC/Vqw3ms'), ('Deut 5:26', 'ויחי', 'HC/Vqw3ms'), ('Deut 5:33', 'תחיון', 'HVqi2mp/Sn'), ('Deut 6:24', 'לחיתנו', 'HR/Vpc/Sp1cp'), ('Deut 8:1', 'תחיון', 'HVqi2mp/Sn'), ('Deut 8:3', 'יחיה', 'HVqi3ms'), ('Deut 8:3', 'יחיה', 'HVqi3ms'), ('Deut 16:20', 'תחיה', 'HVqi2ms'), ('Deut 20:16', 'תחיה', 'HVpi2ms'), ('Deut 30:16', 'וחיית', 'HC/Vqq2ms'), ('Deut 30:19', 'תחיה', 'HVqi2ms'), ('Deut 32:39', 'ואחיה', 'HC/Vpi1cs'), ('Deut 33:6', 'יחי', 'HVqj3ms')]
  "to go and take for himself a nation" (לבוא לקחת לו גוי): ['Deut 4:34']
  "by trials by signs and by wonders" (במסת באתת ובמופתים): ['Deut 4:34']
  "and by war" (ובמלחמה): ['Deut 4:34', 'Hos 1:7', 'Job 5:20']
  "and by great terrors" (ובמוראים גדלים): ['Deut 4:34']
  "according to all that the LORD your God did for you" (ככל אשר עשה לכם יהוה אלהיכם): ['Deut 4:34']
  "in Egypt before your eyes" (במצרים לעיניך): ['Deut 4:34']
  "you were shown to know" (אתה הראת לדעת): ['Deut 4:35']
  "the LORD he is God" Torah: ['Deut 4:35', 'Deut 4:39']
  "from heaven he made you hear" (מן השמים השמיעך): ['Deut 4:36']
  "his voice to instruct you" (את קלו ליסרך): ['Deut 4:36']
  "and on earth he showed you" (ועל הארץ הראך): ['Deut 4:36']
  "his great fire" (את אשו הגדולה): ['Deut 4:36']
  "and his words you heard" (ודבריו שמעת): ['Deut 4:36']
  "and because he loved" (ותחת כי אהב): ['Deut 4:37']
  "your fathers" (אבתיך) Deut count: 12
  "his seed after him" (בזרעו אחריו): ['Deut 4:37']
  "his seed after him" any form (זרעו אחריו / זרעך אחריך / זרעם אחריהם): ['1Chr 17:11', '2Sam 7:12', 'Deut 10:15', 'Deut 4:37', 'Gen 17:10', 'Gen 17:7', 'Gen 17:9', 'Gen 48:4']
  "and brought you out with his presence" (ויוצאך בפניו): ['Deut 4:37']
  "with his great power from Egypt" (בכחו הגדל ממצרים): ['Deut 4:37']
  "to dispossess nations" (להוריש גוים): ['Deut 4:38']
  "from before you" (מפניך) Deut count: 13
  "to bring you in" (להביאך): ['Deut 4:38']
  "to give you their land as an inheritance" (לתת לך את ארצם נחלה): ['Deut 4:38']
  "their land" (ארצם) Deut: ['Deut 19:1', 'Deut 29:7', 'Deut 4:38', 'Deut 9:5']
  "and you shall know this day" (וידעת היום): ['Deut 4:39', 'Deut 9:3']
  "and lay it to your heart" (והשבת אל לבבך): ['Deut 30:1', 'Deut 4:39']
  "in heaven above" (בשמים ממעל): ['1Kgs 8:23', 'Deut 4:39', 'Deut 5:8', 'Exod 20:4', 'Josh 2:11']
  "on the earth beneath" (ועל הארץ מתחת / על הארץ מתחת): ['1Kgs 8:23', 'Deut 4:39', 'Josh 2:11']
  "and you shall keep his statutes" (ושמרת את חקיו): ['Deut 4:40']
  "which I command you this day" (אשר אנכי מצוך היום): ['Deut 10:13', 'Deut 11:8', 'Deut 13:19', 'Deut 15:5', 'Deut 19:9', 'Deut 27:10', 'Deut 28:1', 'Deut 28:13', 'Deut 28:15', 'Deut 30:11', 'Deut 30:16', 'Deut 30:2', 'Deut 30:8', 'Deut 4:40', 'Deut 6:6', 'Deut 7:11', 'Deut 8:1', 'Deut 8:11', 'Exod 34:11']
  "which I command you this day" Deut count: 18
  "and your sons after you" (ולבניך אחריך): ['Deut 12:25', 'Deut 12:28', 'Deut 4:40']
  "that you may prolong days" (ולמען תאריך ימים): ['Deut 4:40']
  "on the ground which the LORD your God gives you" (על האדמה אשר יהוה אלהיך נתן לך): ['Deut 25:15', 'Deut 4:40', 'Deut 5:16', 'Exod 20:12']
  "all the days" (כל הימים) at the verse end in ch 4: [40]
  "then" (אז) Torah seats: ['Deut 29:19', 'Deut 4:41', 'Exod 12:44', 'Exod 15:1', 'Exod 15:15', 'Exod 4:26', 'Gen 12:6', 'Gen 13:7', 'Gen 24:41', 'Gen 49:4', 'Gen 4:26', 'Lev 26:34', 'Lev 26:41', 'Num 21:17']
  "in the region beyond the Jordan" (בעבר הירדן) Deut count: 9
  "toward the sunrise" both forms Bible: ['2Kgs 10:33', 'Deut 4:41', 'Deut 4:47', 'Isa 41:25', 'Isa 45:6', 'Josh 13:5', 'Josh 19:12', 'Josh 19:27', 'Josh 19:34', 'Josh 1:15', 'Judg 11:18', 'Judg 20:43', 'Mal 1:11', 'Ps 113:3', 'Ps 50:1']
  "to flee there" (לנס שמה): ['Deut 4:42', 'Num 35:6']
  "who slays his neighbor" (ירצח את רעהו): ['Deut 4:42']
  "his neighbor" (רעהו) Deut: ['Deut 15:2', 'Deut 19:4', 'Deut 19:5', 'Deut 22:24', 'Deut 22:26', 'Deut 27:17', 'Deut 27:24', 'Deut 4:42']
  "without knowledge" (בבלי דעת) Torah: ['Deut 19:4', 'Deut 4:42']
  "and he hated him not" (והוא לא שנא לו): ['Deut 19:4', 'Deut 4:42']
  "in the wilderness" (במדבר) Deut count: 9
  "the table-land" (המישר) Deut: ['Deut 3:10', 'Deut 4:43']
  "in Gilead" (בגלעד) Torah: ['Deut 4:43']
  "in Bashan" (בבשן) Torah: ['Deut 3:10', 'Deut 3:4', 'Deut 4:43']
  "and this is the Torah" + "which Moses" Bible: ['Deut 4:44']
  "which Moses set before" (אשר שם משה לפני): ['Deut 4:44']
  "set before" (שם לפני) — the verb with לפני: ['1Chr 13:10', '1Chr 16:37', '2Chr 1:5', 'Deut 12:7', 'Deut 14:26', 'Deut 18:7', 'Judg 20:26']
  "which Moses spoke to the children of Israel" (אשר דבר משה אל בני ישראל): ['Deut 4:45']
  "which Moses spoke" (אשר דבר משה): ['Deut 1:1', 'Deut 4:45']
  "the sons of Israel" (בני ישראל) in ch 4: [44, 45]
  "in the land of Sihon" (בארץ סיחן): ['Deut 4:46']
  "Sihon king of the Amorites" (סיחן מלך האמרי): ['Deut 1:4', 'Deut 4:46', 'Num 21:21', 'Num 21:26', 'Num 32:33']
  "Sihon" plene (סיחון) and defective (סיחן) seats: (['1Kgs 4:19', 'Deut 2:26', 'Deut 31:4', 'Jer 48:45', 'Josh 12:2', 'Josh 12:5', 'Josh 13:10', 'Josh 13:21', 'Josh 13:27', 'Josh 9:10', 'Judg 11:19', 'Judg 11:20', 'Judg 11:21', 'Neh 9:22', 'Num 21:27', 'Num 21:29', 'Ps 135:11', 'Ps 136:19'], ['Deut 1:4', 'Deut 29:6', 'Deut 2:24', 'Deut 2:30', 'Deut 2:31', 'Deut 2:32', 'Deut 3:2', 'Deut 3:6', 'Deut 4:46', 'Josh 2:10', 'Num 21:21', 'Num 21:23', 'Num 21:26', 'Num 21:28', 'Num 21:34', 'Num 32:33'])
  "and the children of Israel" (ובני ישראל) with Moses as subject (משה ובני ישראל): ['Deut 4:46', 'Exod 15:1', 'Num 26:4']
  "and they possessed his land" (ויירשו את ארצו): ['Deut 4:47', 'Num 21:35']
  "the land of Og" (ארץ עוג): ['Deut 4:47', 'Neh 9:22']
  "who were beyond the Jordan" (אשר בעבר הירדן): ['Deut 3:25', 'Deut 3:8', 'Deut 4:47', 'Gen 50:10', 'Gen 50:11', 'Josh 2:10', 'Josh 5:1', 'Josh 9:1', 'Josh 9:10', 'Judg 10:8']
  "on the bank of the valley of Arnon" (על שפת נחל ארנן): ['Deut 2:36', 'Deut 4:48']
  "the valley of Arnon" (נחל ארנן / נחל ארנון): ['2Kgs 10:33', 'Deut 2:24', 'Deut 2:36', 'Deut 3:12', 'Deut 3:16', 'Deut 4:48', 'Josh 12:2', 'Josh 13:16', 'Josh 13:9']
  "and unto Mount" (ועד הר): ['Deut 4:48']
  "which is Hermon" (הוא חרמון): ['Deut 4:48']
  "all the Arabah" (וכל הערבה / כל הערבה): ['Deut 4:49', 'Josh 12:1']
  "beyond the Jordan eastward" (עבר הירדן מזרחה): ['Deut 4:49', 'Josh 13:27']
  "under the slopes" (תחת אשדת): ['Deut 3:17', 'Deut 4:49']
  "the salt sea" (ים המלח) seats: ['Deut 3:17', 'Gen 14:3', 'Josh 12:3', 'Josh 15:2', 'Josh 15:5', 'Josh 18:19', 'Josh 3:16', 'Num 34:12', 'Num 34:3']
==== B. THE POINTED FORMS the rows will quote
  4:3 הראת → ['הָֽרֹאֹת']
  4:35 הראת → ['הָרְאֵתָ']
  4:13 לחות → ['לֻחוֹת']
  4:42 רוצח → ['רוֹצֵחַ']
  4:42 האל → ['הָאֵל']
  4:43 ראמת → ['רָאמֹת']
  4:43 גולן → ['גּוֹלָן']
  4:48 שיאן → ['שִׂיאֹן']
  4:49 אשדת → ['אַשְׁדֹּת']
  4:10 ילמדון → ['יִלְמְדוּן', 'יְלַמֵּדֽוּן']
  4:32 ראשנים → ['רִֽאשֹׁנִים']
  4:26 תאבדון → ['תֹּאבֵדוּן']
  4:16 תשחתון → ['תַּשְׁחִתוּן']
  4:45 העדת → ['הָֽעֵדֹת']
  4:32 הנהיה → ['הֲנִֽהְיָה']
  4:33 השמע → ['הֲשָׁמַֽע']
  4:34 הנסה → ['הֲנִסָּה']
  4:37 בפניו → ['בְּפָנָיו']
  4:20 מכור → ['מִכּוּר']
  4:27 מתי → ['מְתֵי']
==== C. ONKELOS FORMS WITH PREFIXES / the phrases not found bare
  ובחזונין: 1 [(4, 34)]
  בחזונין: 0 []
  רברבין: 7 [(4, 34), (4, 38), (6, 22), (7, 19), (9, 1), (11, 23), (27, 2)]
  למפרק: 2 [(4, 34), (20, 4)]
  לאתגלאה: 1 [(4, 34)]
  דשכנתיה: 3 [(4, 39), (33, 16), (33, 26)]
  ושליט: 2 [(3, 24), (4, 39)]
  סדר: 1 [(4, 44)]
  בשפולי: 1 [(4, 11)]
  צית: 3 [(1, 28), (4, 11), (9, 1)]
  זמין: 1 [(4, 19)]
  ותפלחנון: 3 [(4, 19), (8, 19), (30, 17)]
  אלהן: 9 [(1, 36), (4, 12), (5, 3), (10, 12), (12, 5), (12, 14), (12, 18), (16, 6), (32, 30)]
  אתחזיתא: 1 [(4, 35)]
  קשיטין: 1 [(4, 8)]
  בעדן: 1 [(4, 7)]
  דמנין: 1 [(4, 27)]
  מאית: 1 [(4, 22)]
  וקיים: 1 [(4, 21)]
  ויבדר: 1 [(4, 27)]
  מריחין: 1 [(4, 28)]
  ייעוק: 1 [(4, 30)]
  רחמנא: 1 [(4, 31)]
  קדמאי: 3 [(4, 32), (10, 2), (19, 14)]
  למדע: 4 [(4, 35), (8, 2), (13, 4), (29, 3)]
  לאלפותך: 1 [(4, 36)]
  וחלף: 1 [(4, 37)]
  רחים: 1 [(4, 37)]
  לתרכא: 2 [(4, 38), (12, 29)]
  בכן: 2 [(4, 41), (29, 19)]
  יפרש: 2 [(4, 41), (21, 17)]
  מנדעי: 1 [(4, 42)]
  ויריתו: 1 [(4, 47)]
  למעירוק: 2 [(4, 42), (19, 3)]
  ומדקמוהי: 3 [(4, 42), (19, 4), (19, 6)]
  מאתמלי: 2 [(4, 42), (19, 4)]
  'נסין די עבד יי': 1 [(4, 34)]
  'לאתגלאה למפרק ליה עם': 1 [(4, 34)]
  'דשכנתיה בשמיא מלעלא': 1 [(4, 39)]
  'ושליט על ארעא מלרע': 1 [(4, 39)]
  'אלהא דשכנתיה': 1 [(4, 39)]
  'ית קל מימריה': 2 [(4, 36), (5, 21)]
  'קל מימרא דיי ממלל': 1 [(4, 33)]
  'במימריה בחיליה רבא': 1 [(4, 37)]
  'בכן יפרש משה': 1 [(4, 41)]
  'לשבטא דראובן': 4 [(3, 12), (3, 16), (4, 43), (29, 7)]
  'לשבטא דגד': 4 [(3, 12), (3, 16), (4, 43), (29, 7)]
  'לשבטא דמנשה': 1 [(4, 43)]
  'די סדר משה': 1 [(4, 44)]
  'קריב יי לדחלתיה': 1 [(4, 20)]
  'ותפלחנון די זמין יי': 1 [(4, 19)]
  'ודמות ליתיכון חזן': 1 [(4, 12)]
  'לחוד עם חכים וסוכלתן': 1 [(4, 6)]
  'לקבלא צלותיה בעדן עקתיה': 1 [(4, 7)]
  'כל עדן דאנחנא מצלין קדמוהי': 1 [(4, 7)]
  'הרי אתון': 0 []
  'בדחלתא דיי אלהכון קימין': 1 [(4, 4)]
  'עד צית שמיא': 3 [(1, 28), (4, 11), (9, 1)]
  'ארי יי אלהך מימריה אשא אכלא': 1 [(4, 24)]
  'ותשתארון עם דמנין': 1 [(4, 27)]
  'ותתבעון מתמן דחלתא דיי': 1 [(4, 29)]
  'ותתוב לדחלתא דיי': 2 [(4, 30), (30, 2)]
  'ותקבל למימריה': 2 [(4, 30), (30, 2)]
  'קל מימרא דיי': 4 [(4, 33), (5, 22), (5, 23), (18, 16)]
  'לית עוד בר מניה': 1 [(4, 35)]
  'ואפקך במימריה': 1 [(4, 37)]
  'לית עוד': 2 [(4, 35), (4, 39)]
==== D. THE OVERRIDE FILE'S EXISTING VALUES for the shared keys
  by_gloss 'leanness': 'only'
  by_gloss 'scattering': 'except'
  by_gloss 'breathe-hard': 'was-angry'
  by_gloss 'adult': 'men'
  by_gloss 'to-flit': 'to-flee'
  by_gloss 'and-flit': 'and-flee'
  by_gloss 'the-level': 'the-tableland'
  by_gloss 'the-precept': 'the-Torah'
  by_gloss 'in-gorge': 'in-the-valley'
  by_gloss 'abrupt': 'opposite'
  by_gloss 'ravine': 'the-slopes-of'
  by_gloss 'the-desert': 'the-Arabah'
  by_gloss 'in-time': 'at-the-time'
  by_gloss 'hind-part': 'after'
  by_gloss 'in-pasture': 'in-the-wilderness'
  by_gloss 'sunrise-suffix': 'toward-the-sunrise'
  by_gloss 'strength': None
  by_gloss 'the-Emorite': None
  by_gloss 'safe': 'peace'
  by_gloss 'to-set': 'to-give'
  by_gloss 'from-with': 'from'
  by_gloss 'the-pasture': 'the-wilderness'
  by_gloss 'and-set': None
  by_gloss 'and-strike': None
  by_gloss 'the-see': None
  by_gloss 'and-bend': None
  by_gloss 'in-region-across': None
  by_gloss 'region-across': None
  by_gloss 'swell-up': None
  by_gloss 'and-swell-up': None
  by_gloss 'the-Jordan': None
  by_gloss 'something-portioned--out': None
  by_gloss 'meaning-to-glisten': None
  by_gloss 'the-testimony': None
  by_gloss 'the-ground': None
  by_ref keys count 333 | by_gloss keys count 235
  by_ref keys for Deut.3 (the last block) count 45 last five: ['Deut.3.24:14', 'Deut.3.25:7', 'Deut.3.27:5', 'Deut.3.28:12', 'Deut.3.29:3']
  anchors: circle-them count 1 | the last by_ref line of Deut.3: ['  "Deut.3.29:3": "Beth"   # בית'] | by_gloss section head lines: ['by_gloss:', 'by_ref:']
  the sitting-1 by_gloss comment line present: 1
