guard: 49 expectations checked, every one a literal from the answer sheet [honest-pairing guard satisfied]
guard: 13 expectations checked, every one a literal from the answer sheet [honest-pairing guard satisfied]
probes: all 7 fired  [zero-report law satisfied]


PASS  [MOVE]  Mishnah Shevuot 3:10-11 — the vain oath draws lashes
        ->  lashes             [body]  liable to lashes — the flogging entry on the court docket
PASS  [MOVE]  Shevuot 3:? class — the broken future oath
        ->  lashes             [body]  liable to lashes — the flogging entry on the court docket
PASS  [MOVE]  the one-utterance teaching (vain and false together)
        ->  — (no state change: classification, pending, or routed outside the span)
PASS  [MOVE]  remember over wine — the kiddush duty
        ->  sanctify_day       [heaven]  sanctify the day — the standing duty to declare the seventh day holy, discharged weekly over wine per the recorded move
PASS  [INK]  the household labor ban (the ink's own list)
        ->  labor_barred       [block]  labor barred — the seventh day's act ban on the whole household, the generic prohibition the 39 labors particularize
        ->  rest_required      [timer]  rest required — the recurring seventh-day stop on the household, the beasts, the stranger
PASS  [MOVE]  doing barred, causing not (Shabbat 120b)
        ->  — (no state change: classification, pending, or routed outside the span)
PASS  [MOVE]  the laden beast (Shabbat 153b)
        ->  labor_barred       [block]  labor barred — the seventh day's act ban on the whole household, the generic prohibition the 39 labors particularize
PASS  [MOVE]  Mishnah Sanhedrin 11:1 — the Decalogue's theft is of persons
        ->  put_to_death       [body]  put to death — the court docket opens a capital entry (mode per the compiled law)
PASS  [MOVE]  money theft routed to its own span
        ->  — (no state change: classification, pending, or routed outside the span)
PASS  [MOVE]  Mishnah Middot 3:4 — iron disqualifies the stone
        ->  disqualified       [block]  disqualified — the offering or rite is void; a block entry, no state advances
PASS  [MOVE]  Zevachim 54a — the build recipe
        ->  — (no state change: classification, pending, or routed outside the span)
PASS  [MOVE]  the ramp and the juxtaposition (Sanhedrin 7b)
        ->  — (no state change: classification, pending, or routed outside the span)
PASS  [INK]  THE SCENE on the world engine — the wrap (W1): the vain and the broken oath lashed, the day sanctified, the household barred twice (the deed, the laden beast) and causing free, the kidnapper who sold strangled and the one who did not sell unwritten
        ->  — (no state change: classification, pending, or routed outside the span)

WATCH COVERAGE (the wrap):
  WATCH law_decalogue          seen   8  fired   6  on: name_sworn_in_vain, person_stolen, sabbath_labor, sabbath_remembered
MATRIX: 13/13 cells match the answer sheet
FRACTIONS: pure ink 2/13 (15%) · named moves 11/13 (85%)
LEDGER OPS this span writes: block x3, body x3, heaven x1, timer x1

THE DECALOGUE'S LAW LAYER COMPILES — the third span under the effects law.
guard: 52 expectations checked, every one a literal from the answer sheet [honest-pairing guard satisfied]
guard: 105 expectations checked, every one a literal from the answer sheet [honest-pairing guard satisfied]
probes: all 96 fired [zero-report law satisfied]
censuses: every literal above measured against the whole Tanakh index and asserted [tripwires armed]
alignment: the second seat {'matzah': 0.7, 'firstborn_a': 0.26, 'firstborn_b': 0.5, 'rest': 0.26, 'feasts': 0.23, 'appear': 0.69, 'leaven_fat': 0.5, 'firstfruits_kid': 1.0}; the erection command->execution 5/14 matched, 7 unrun (their runs in Lev 8: ['8:10', '8:11', '8:13', '8:6']); the making's dropped clauses picked up 13 of 24; the donation 4/9; the craftsmen 4/11
routing receipts: calendar CALLED — matzah 'seven days of unleavened bread = 14th evening to 21st evening (CALLED pesach)', rest 'every seventh day' / 'ox, donkey, slave, resident stranger', pilgrimage 'owes the three appearings' / 'exempt' / 'exempt', windows 'the slaughterer with leaven transgresses' / 'disqualified at morning off the altar', first fruits 'bring to the house (seven kinds — fetched list)', kid {'cook': 'barred', 'eat': 'barred', 'benefit': 'barred'}, sabbatical 'land released in year 7'; pesach — window '14th evening to 21st evening', purge 'midday of the 14th', donkey 'redeem with a lamb, else break the neck', human 'redeem (five sela — fetched constant)', leftover 'burn on the 16th'; offerings — herd olah 'wholly_to_fires', shelamim 'two_that_are_four'; moadim — two loaves 2 x 'two_tenths'; ordinances — 'no_covenant_with_them_or_their_gods', 'lest_they_make_you_sin', 'demolish_demolish_break_break', 'not_bow_not_serve_not_do', 'temple_services_for_any_idol', 'serves_sacrifices_incense_libation_bows_accepts_says'; sanctuary — dropped 24 ('use_clauses_and_the_pattern'), staves 'never_removed', testimony 'dropped_in_run', fragments 'both_in_the_ark', bread 'lifnei_tamid', lamps 7, veil 20, trigger 'willing_heart', teaching 'to_teach_in_his_heart'; vestments — ['tunic', 'robe', 'ephod', 'breastplate', 'turban', 'sash', 'caps'] / ['tunic', 'sash', 'robe', 'ephod', 'breastplate', 'turban', 'plate', 'caps'], ken asu 15, kekhol [(39, 32), (39, 42)], manifest 35; incense-shekel — laver run ['Exod 40:31'], loci ['Exod 28:43', 'Exod 30:20', 'Num 4:19'], first incense 'Exod 40:27', burner 'aarons_seed', oil run [9, 10, 11] / [(8, 10), (8, 11), (8, 12)], initiations {'golden_altar': 'Exod 40:27', 'olah_altar': 'Exod 40:29', 'table': 'Exod 40:23', 'lampstand': 'Exod 40:25'}; eighth day — 'first_of_nisan', crowns ['priesthood', 'service', 'fire', 'presence', 'blessing'], switch 'high_places_banned_service_by_priests', inaugurated by 'morning_tamid'; priesthood — {'rows': 2, 'per_row': 6, 'pinned_by': 'three_verses'}, {'flame': 'rises_on_its_own', 'western': 'always_burning_begin_from_it_end_at_it', 'found_out': ['Sifra_relight_from_the_outer_altar', 'Tamid_from_the_burning_lamps']}; tzav — 'a seven-day confinement timer; the template for the generations' [IMPORT, live calls]
answer sheet: 48 Mishnah rows verified by their own tokens (Avodah Zarah 3-4, Rosh Hashanah 1, Bekhorot 1, Chagigah 1 whole with the link and topic rows — the erection-and-covenant docket)
guard: 287 test rows, every expected value a literal from the answer sheet [honest-pairing guard satisfied]

OK  Exod 34 — the cutting verb at four seats                                                         [INK] 
     effects: covenant_cut
OK  "wonders not created" — with Isaiah alone                                                        [INK] 
     effects: covenant_cut
OK  the nations at seven seats in seven orders                                                       [INK] 
     effects: nations_driven_out
OK  CALLED ordinances.land(no_covenant)                                                              [IMPORT] 
     effects: covenant_barred
OK  THE DEMOLITION LIST GROWS 3-4-5                                                                  [INK] 
     effects: demolished
OK  CALLED ordinances.land(break_pillars) — the first seat                                           [IMPORT] 
     effects: demolished
OK  "his asherim" spelled "happy is he" — four seats                                                 [INK] 
     effects: demolished
OK  the pillar-word in Exodus at three seats                                                         [INK] 
     effects: demolished
OK  "another god" a hapax                                                                            [INK] 
     effects: stoned
OK  Sanhedrin 60b:12 — the punished bow's warning                                                    [MOVE] 
     effects: stoned
OK  CALLED ordinances.land(no_bow)                                                                   [IMPORT] 
     effects: stoned
OK  Mishnah Horayot 1:3 — the bower exempted is a partial error                                      [ANSWER-SHEET] 
     effects: bears_sin
OK  three whoring clauses in two verses                                                              [INK] 
     effects: intermarriage_barred
OK  "and you eat of his sacrifice" a hapax                                                           [INK] 
     effects: barred_from_it
OK  Avodah Zarah 8a:17 — the invitation is the eating                                                [MOVE] 
     effects: barred_from_it
OK  Mishnah Avodah Zarah 2:3 — the sacrifices of the dead                                            [ANSWER-SHEET] 
     effects: barred_from_it
OK  "of their daughters for your sons" — two Torah seats                                             [INK] 
     effects: intermarriage_barred
OK  Avodah Zarah 36b:9 — the ban's two channels                                                      [MOVE] 
     effects: intermarriage_barred
OK  Mishnah Kiddushin 3:12 — the child as she is                                                     [ANSWER-SHEET] 
     effects: intermarriage_barred
OK  "molten gods" — 34:17 and Lev 19:4 with the vav                                                  [INK] 
     effects: molten_image_barred
OK  Makkot 23a:4 / Pesachim 118a:12 — the inserted neighbor legislates                               [MOVE] 
     effects: molten_image_barred
OK  the second seat's verses with no first seat                                                      [INK] 
     effects: molten_image_barred, pilgrim_land_guarded
OK  Mishnah Avodah Zarah 4:4 — an Israelite's idol forbidden once worshipped                         [ANSWER-SHEET] 
     effects: molten_image_barred
OK  Mishnah Avodah Zarah 4:2 — the altar class                                                       [ANSWER-SHEET] 
     effects: barred_from_it
OK  Mishnah Avodah Zarah 3:5 — made objects, not the ground                                          [ANSWER-SHEET] 
     effects: demolished
OK  Rosh Hashanah 17b:7 — the covenant with the thirteen                                             [MOVE] 
     effects: covenant_cut
OK  the eight clause-pairs aligned                                                                   [INK] 
     effects: —
OK  34:26 == 23:19 token for token                                                                   [INK] 
     effects: restores, barred_from_it
OK  CALLED calendar.kid_in_milk x3                                                                   [IMPORT] 
     effects: barred_from_it
OK  CALLED calendar.first_fruits                                                                     [IMPORT] 
     effects: restores
OK  34:22 against 23:16 — the feasts' delta                                                          [INK] 
     effects: appearance_owed
OK  "weeks" whose consonants are "seven"                                                             [INK] 
     effects: appearance_owed
OK  Menachot 84b:4 — the two loaves of wheat                                                         [MOVE] 
     effects: accepted
OK  CALLED moadim.two_loaves — count and flour                                                       [IMPORT] 
     effects: accepted
OK  "the turn of the year" — three forms                                                             [INK] 
     effects: appearance_owed
OK  Sanhedrin 13a:1 — the equinox rule                                                               [MOVE] 
     effects: appearance_owed
OK  34:18 against 23:15 — the matzah delta                                                           [INK] 
     effects: purge_deadline
OK  "as I commanded you" written without the kaf at the second seat                                  [INK] 
     effects: purge_deadline
OK  CALLED calendar.matzah and pesach.leaven_machine                                                 [IMPORT] 
     effects: purge_deadline
OK  "they shall not appear before Me empty" at exactly two seats                                     [INK] 
     effects: appearance_gift_owed
OK  Bekhorot 51b:8 — the moved clause read where it stands                                           [MOVE] 
     effects: appearance_gift_owed
OK  Kiddushin 17a:7 — "empty" exported to the severance gift                                         [MOVE] 
     effects: appearance_gift_owed
OK  Mishnah Chagigah 1:2 — the two amounts (data)                                                    [DATA] 
     effects: appearance_gift_owed
OK  Chagigah 6a:14 — the chagigah before the Utterance                                               [MOVE] 
     effects: appearance_gift_owed
OK  34:20 against 13:13 — the firstborn delta                                                        [INK] 
     effects: redeem_or_break
OK  "peter chamor" defective, plene with the vav, plene bare                                         [INK] 
     effects: redeem_or_break
OK  Bekhorot 5b:7 — peter chamor twice                                                               [MOVE] 
     effects: redeem_or_break
OK  Mishnah Bekhorot 1:2 — exempt                                                                    [ANSWER-SHEET] 
     effects: exempt
OK  Bekhorot 6a:6 — the general and its particulars                                                  [INK] 
     effects: consecrated_firstborn
OK  "remember-the-male" at nine seats, eight of them "remember"                                      [INK] 
     effects: consecrated_firstborn
OK  "tifdeh" six seats, three per verse                                                              [INK] 
     effects: redeem_or_break
OK  Bekhorot 10b:27 — tifdeh tifdeh                                                                  [MOVE] 
     effects: redeem_or_break
OK  Kiddushin 29a:17 — tipadeh                                                                       [MOVE] 
     effects: redeem_or_break
OK  Kiddushin 29b:5 — the clause order                                                               [MOVE] 
     effects: redeem_or_break
OK  Mishnah Bekhorot 1:7 — redemption precedes breaking                                              [ANSWER-SHEET] 
     effects: redeem_or_break
OK  CALLED pesach.firstborn(donkey)                                                                  [IMPORT] 
     effects: redeem_or_break
OK  "break its neck" at two seats                                                                    [INK] 
     effects: redeem_or_break
OK  Mishnah Bekhorot 1:4 — the seh class                                                             [ANSWER-SHEET] 
     effects: redeem_or_break
OK  34:21 against 23:12 — the rest delta                                                             [INK] 
     effects: rest_required
OK  CALLED calendar.weekly_rest x2                                                                   [IMPORT] 
     effects: rest_required
OK  THE ADDED TOKENS READ THREE WAYS                                                                 [MOVE] 
     effects: land_release, rest_required
OK  Mishnah Sheviit 1:4 — both readings inside the row                                               [ANSWER-SHEET] 
     effects: land_release
OK  CALLED calendar.sabbatical x2                                                                    [IMPORT] 
     effects: land_release
OK  34:23 against 23:17 — the appearing delta                                                        [INK] 
     effects: appearance_owed
OK  CALLED calendar.pilgrimage x3                                                                    [IMPORT] 
     effects: appearance_owed
OK  "no man shall covet" a hapax form                                                                [INK] 
     effects: pilgrim_land_guarded
OK  Pesachim 8b:7 — the warranty                                                                     [MOVE] 
     effects: pilgrim_land_guarded
OK  34:25 against 23:18 — the leaven delta                                                           [INK] 
     effects: purge_deadline, disqualified
OK  CALLED calendar.offering_windows x2 and pesach.paschal_procedure                                 [IMPORT] 
     effects: purge_deadline, disqualified
OK  Pesachim 64a:5-6 — "My sacrifice" at two seats                                                   [MOVE] 
     effects: purge_deadline
OK  Mishnah Pesachim 5:4 — a negative                                                                [ANSWER-SHEET] 
     effects: purge_deadline
OK  Pesachim 70a:5 — the chagigah's overnight rule                                                   [MOVE] 
     effects: disqualified
OK  Pesachim 59b:8 — "to the morning"                                                                [MOVE] 
     effects: disqualified
OK  Pesachim 5a:16 — the purge before the slaughter                                                  [MOVE] 
     effects: purge_deadline
OK  THE HEADLINE — the second seat's delta                                                           [MOVE] 
     effects: —
OK  "hew for yourself" at two seats                                                                  [INK] 
     effects: tablets_delivered
OK  Nedarim 38a:3-4 — the chips and the writing his                                                  [MOVE] 
     effects: tablets_delivered
OK  Yevamot 62a:4 — the breaking ratified                                                            [MOVE] 
     effects: tablets_delivered
OK  CALLED sanctuary_build.ark(tablets_and_fragments)                                                [IMPORT] 
     effects: tablets_delivered
OK  "and no man shall go up" a hapax                                                                 [INK] 
     effects: barred_from_it
OK  Taanit 21b:4 — the graze ban bound to the Presence                                               [MOVE] 
     effects: barred_from_it
OK  "called on the name of the LORD" — the patriarchs' verb                                          [INK] 
     effects: attributes_proclaimed
OK  "the LORD, the LORD" — with Psalm 104 alone                                                      [INK] 
     effects: attributes_proclaimed
OK  the formula's clauses censused                                                                   [INK] 
     effects: attributes_proclaimed
OK  Rosh Hashanah 17b:5 — the order of prayer                                                        [MOVE] 
     effects: attributes_proclaimed
OK  Yoma 86a:5 — the tension resolved by repentance                                                  [MOVE] 
     effects: atoned_forgiven
OK  Yoma 86a:3 — His Name not cleared                                                                [MOVE] 
     effects: atoned_forgiven
OK  Bava Kamma 50b:1 — the dual anger                                                                [MOVE] 
     effects: attributes_proclaimed
OK  "fathers upon children" seven, "shall not be put to death" two                                   [INK] 
     effects: attributes_proclaimed
OK  Berakhot 7a:26 — when they hold their fathers' deeds                                             [MOVE] 
     effects: attributes_proclaimed
OK  Makkot 24a:30 — Ezekiel annulled it                                                              [MOVE] 
     effects: attributes_proclaimed
OK  Mishnah Yoma 4:2 — the confession's order                                                        [ANSWER-SHEET] 
     effects: confessed
OK  34:9 a hapax                                                                                     [INK] 
     effects: atoned_forgiven
OK  "by the mouth of these words" — with Genesis alone                                               [INK] 
     effects: oral_law_unwritten
OK  Gittin 60b:5 — THE MEDIUM LAW                                                                    [MOVE] 
     effects: oral_law_unwritten
OK  Gittin 60b:2 — mostly oral / mostly written                                                      [MOVE] 
     effects: oral_law_unwritten
OK  "the ten words" at three seats                                                                   [INK] 
     effects: tablets_delivered
OK  forty days at nine seats; bread and water at two                                                 [INK] 
     effects: tablets_delivered
OK  the radiance and the veil, three each                                                            [INK] 
     effects: face_radiant
OK  Beitzah 16a:6 — the gift that reveals itself                                                     [MOVE] 
     effects: face_radiant
OK  "Sinai" thirteen times in Exodus                                                                 [INK] 
     effects: —
OK  Megillah 31a:16 — the intermediate Sabbath reads this span                                       [DATA] 
     effects: —
OK  "when He finished" defective at seven seats                                                      [INK] 
     effects: tablets_delivered
OK  the tablets-word's written forms                                                                 [INK] 
     effects: tablets_delivered
OK  Eruvin 54a:19 — engraved                                                                         [MOVE] 
     effects: tablets_delivered
OK  the seventy elders at three seats                                                                [INK] 
     effects: entered_the_covenant
OK  Mishnah Rosh Hashanah 2:9 — the unnamed elders                                                   [ANSWER-SHEET] 
     effects: majority_decides
OK  "one voice" — with the Chronicler alone                                                          [INK] 
     effects: entered_the_covenant
OK  "the book of the covenant" at four seats                                                         [INK] 
     effects: oral_law_unwritten
OK  "the blood of the covenant" a Torah hapax                                                        [INK] 
     effects: entered_the_covenant
OK  "the youths" a hapax                                                                             [INK] 
     effects: accepted
OK  Onkelos — the firstborn                                                                          [MOVE] 
     effects: accepted
OK  CALLED shemini_day.eras(switch)                                                                  [IMPORT] 
     effects: invested_office
OK  CALLED offerings.dispatch(olah:herd)                                                             [IMPORT] 
     effects: accepted
OK  Zevachim 116a:12 — the pre-Sinai table corrected                                                 [MOVE] 
     effects: accepted
OK  Chagigah 6b:12 — the parse question                                                              [MOVE] 
     effects: accepted
OK  THE FRONT END'S PARSE — the etnachta on the burnt offerings                                      [INK] 
     effects: accepted
OK  Chagigah 6b:13 — for the pausing of the accents                                                  [MOVE] 
     effects: accepted
OK  Chagigah 6b:14 — TEIKU                                                                           [MOVE] 
     effects: accepted
OK  Chagigah 6b:11 — no flaying before the tent                                                      [MOVE] 
     effects: accepted
OK  Chagigah 6a:15 — the tamid or the appearance                                                     [MOVE] 
     effects: accepted
OK  Keritot 9a:9 — THE CONVERT'S RITE                                                                [MOVE] 
     effects: entered_the_covenant, immersed
OK  Mishnah Keritot 2:1 — the convert lacking atonement                                              [ANSWER-SHEET] 
     effects: entered_the_covenant
OK  Zevachim 97b:8 — the basins' vessel rule                                                         [MOVE] 
     effects: accepted
OK  "sapphire brick" a hapax                                                                         [INK] 
     effects: —
OK  Menachot 43b:13 — the blue chain                                                                 [MOVE] 
     effects: takes_four_species
OK  Yoma 15b:1 — the exposed altar                                                                   [MOVE] 
     effects: accepted
OK  Megillah 9a:16 — the elect for the youths                                                        [MOVE] 
     effects: —
OK  Onkelos 24:8 — to atone for the people                                                           [MOVE] 
     effects: entered_the_covenant, atoned_forgiven
OK  Berakhot 17a:12 — the meal transposed                                                            [MOVE] 
     effects: —
OK  "the torah and the commandment" — with Kings alone                                               [INK] 
     effects: tablets_delivered
OK  Berakhot 5a:3 — THE CANON CHANNEL                                                                [MOVE] 
     effects: oral_law_unwritten
OK  "whoever has a case" a hapax                                                                     [INK] 
     effects: majority_decides
OK  Bava Kamma 46b:5 — the burden of proof                                                           [MOVE] 
     effects: majority_decides
OK  24:16 — six days and the seventh day                                                             [INK] 
     effects: —
OK  Taanit 28b:9-10 — the seventeenth of Tammuz computed                                             [MOVE] 
     effects: tablets_delivered
OK  Mishnah Taanit 4:6 — the tablets broken                                                          [ANSWER-SHEET] 
     effects: tablets_delivered
OK  "under the mountain" at three seats                                                              [INK] 
     effects: —
OK  Yoma 4b:9 — within-within                                                                        [MOVE] 
     effects: —
OK  forty days and forty nights at nine seats                                                        [INK] 
     effects: —
OK  "a molten calf" at four seats                                                                    [INK] 
     effects: molten_image_barred
OK  Sanhedrin 63a:17 — they desired many gods                                                        [MOVE] 
     effects: molten_image_barred
OK  "a feast to the LORD" at five seats                                                              [INK] 
     effects: accepted
OK  CALLED ordinances.capital(idolater_row)                                                          [IMPORT] 
     effects: stoned
OK  Sanhedrin 63a:14 — the bowing likened                                                            [MOVE] 
     effects: stoned
OK  "to play" at four seats                                                                          [INK] 
     effects: —
OK  "turned quickly" three, "stiff-necked" six                                                       [INK] 
     effects: —
OK  Berakhot 32a:16 — Moses seized Him                                                               [MOVE] 
     effects: decree_relented
OK  Berakhot 32a:17 — the one-legged chair                                                           [MOVE] 
     effects: decree_relented
OK  "and Moses beseeched" at fourteen seats                                                          [INK] 
     effects: decree_relented
OK  Berakhot 32a:19 — THE VOW ANNULLED                                                               [MOVE] 
     effects: decree_relented
OK  Berakhot 32a:24 — the oath by the Name                                                           [MOVE] 
     effects: decree_relented
OK  "and the LORD relented" five; "of the evil" five                                                 [INK] 
     effects: decree_relented
OK  "both their sides" and "engraved" — two hapaxes                                                  [INK] 
     effects: tablets_delivered
OK  Shabbat 89a:6 — the sixth hour came                                                              [MOVE] 
     effects: —
OK  32:20 — the four verbs                                                                           [INK] 
     effects: ground_and_scattered, made_to_drink
OK  the sotah's drinking verb in Numbers 5                                                           [INK] 
     effects: made_to_drink
OK  Mishnah Avodah Zarah 3:3 — the two arms                                                          [ANSWER-SHEET] 
     effects: ground_and_scattered
OK  Avodah Zarah 44a:2 — the fourth verb decides                                                     [MOVE] 
     effects: made_to_drink
OK  "let loose" spelled like Pharaoh                                                                 [INK] 
     effects: —
OK  "whoever is for the LORD" a hapax; the sword on the thigh with the Song                          [INK] 
     effects: slain_by_sword
OK  Yoma 66b:15 — all the sons of Levi                                                               [MOVE] 
     effects: slain_by_sword
OK  Yoma 66b:14 — THE THREE DEATHS AS A VERDICT TABLE                                                [MOVE] 
     effects: slain_by_sword, plague_struck, made_to_drink
OK  "fill your hand" a hapax; CALLED incense_shekel.persons(fill_hand)                               [INK] 
     effects: invested_office
OK  "a great sin" at four seats                                                                      [INK] 
     effects: confessed
OK  Yoma 86b:14 — specify the sin                                                                    [MOVE] 
     effects: confessed
OK  Rosh Hashanah 16b:14 — THE THREE BOOKS                                                           [MOVE] 
     effects: blotted_from_the_book
OK  32:33 — him I will blot                                                                          [INK] 
     effects: blotted_from_the_book
OK  Sanhedrin 102a:15 — one twenty-fourth                                                            [MOVE] 
     effects: blotted_from_the_book
OK  "and the LORD plagued" five; the plague-noun thirty-one                                          [INK] 
     effects: plague_struck
OK  Mishnah Megillah 4:10 — the second read, not translated                                          [ANSWER-SHEET] 
     effects: —
OK  "ornaments" spelled "witnesses"                                                                  [INK] 
     effects: —
OK  "Horeb" plene at one seat                                                                        [INK] 
     effects: —
OK  "outside the camp" twenty-eight; "seeker of the LORD" once                                       [INK] 
     effects: —
OK  Berakhot 63b:6 — the twelve mil                                                                  [MOVE] 
     effects: —
OK  Sanhedrin 5b:9 — THE RULING-DISTANCE                                                             [MOVE] 
     effects: majority_decides
OK  Kiddushin 33b:15 — praise or discredit                                                           [MOVE] 
     effects: —
OK  the pillar six, face to face five                                                                [INK] 
     effects: —
OK  "did not depart" at nine seats                                                                   [INK] 
     effects: —
OK  Menachot 99b:19 — a blessing, not a commandment                                                  [MOVE] 
     effects: —
OK  Temurah 16a:6 — three hundred forgotten                                                          [MOVE] 
     effects: oral_law_unwritten
OK  Mishnah Avot 1:1 — the chain                                                                     [ANSWER-SHEET] 
     effects: oral_law_unwritten
OK  "by name" twice; favor six times                                                                 [INK] 
     effects: —
OK  four hapaxes of the vision protocol                                                              [INK] 
     effects: —
OK  Menachot 35b:8 — THE KNOT OF THE TEFILLIN                                                        [MOVE] 
     effects: —
OK  Yevamot 49b:7 — Manasseh                                                                         [MOVE] 
     effects: —
OK  Onkelos 33:11 — speech with speech                                                               [MOVE] 
     effects: —
OK  "I have called by name" / "the LORD has called by name"                                          [INK] 
     effects: appointed_by_name
OK  Berakhot 55a:10 — a good leader announced                                                        [MOVE] 
     effects: appointed_by_name
OK  CALLED sanctuary_build.offering(named_by_name / consent)                                         [IMPORT] 
     effects: appointed_by_name
OK  "the spirit of God" thirteen; the triple a hapax                                                 [INK] 
     effects: spirit_filled
OK  Berakhot 55a:14 — wisdom to the wise                                                             [MOVE] 
     effects: spirit_filled
OK  31:2-4 against 35:30-32 — the deltas                                                             [INK] 
     effects: appointed_by_name
OK  THE RUN ADDS THE TEACHING CLAUSE                                                                 [INK] 
     effects: appointed_by_name
OK  THE INVENTORY AT FIVE SEATS                                                                      [INK] 
     effects: —
OK  Menachot 50b:2 — only what is stated                                                             [MOVE] 
     effects: strange_offering_barred
OK  the craftsmen's alignment                                                                        [INK] 
     effects: —
OK  "the finger of God" at three seats                                                               [INK] 
     effects: tablets_delivered
OK  the donation's alignment                                                                         [INK] 
     effects: —
OK  25:4-5 == 35:6-7 token for token                                                                 [INK] 
     effects: given_by_the_heart
OK  the materials' first verses in the run                                                           [INK] 
     effects: given_by_the_heart
OK  "the spice" singular at three seats                                                              [INK] 
     effects: —
OK  CALLED sanctuary_build.offering(trigger / set_apart / halt)                                      [IMPORT] 
     effects: given_by_the_heart
OK  the heart-tokens twelve times                                                                    [INK] 
     effects: given_by_the_heart
OK  Shevuot 26b:15 — THE HEART BINDS                                                                 [MOVE] 
     effects: given_by_the_heart
OK  Chagigah 10a:8 — the vows' release rests on it                                                   [MOVE] 
     effects: given_by_the_heart
OK  Mishnah Chagigah 1:8 — mountains by a hair                                                       [ANSWER-SHEET] 
     effects: —
OK  the spinning verb at two seats                                                                   [INK] 
     effects: given_by_the_heart
OK  Shabbat 74b:6 — extra wisdom                                                                     [MOVE] 
     effects: given_by_the_heart
OK  "a wave-offering of gold" / "the gold of the wave-offering"                                      [INK] 
     effects: given_by_the_heart
OK  Yoma 75a:19 — princes or clouds                                                                  [MOVE] 
     effects: given_by_the_heart
OK  CALLED sanctuary_build.offering(dwells_in)                                                       [IMPORT] 
     effects: presence_dwells
OK  40:2 — the command dated                                                                         [INK] 
     effects: tabernacle_erected
OK  the command's verbs and inventory                                                                [INK] 
     effects: —
OK  "and you shall screen" — with Ruth alone                                                         [INK] 
     effects: veil_divides
OK  Menachot 62a:13 — on means beside                                                                [MOVE] 
     effects: bread_set_weekly
OK  Sukkah 7b:8 — a partition called covering                                                        [MOVE] 
     effects: veil_divides
OK  40:9-15 — thirteen verbs of anointing and dressing                                               [INK] 
     effects: anointed
OK  CALLED incense_shekel.oil(run_exod40 / run_lev8)                                                 [IMPORT] 
     effects: anointed
OK  40:12 matches 29:4                                                                               [INK] 
     effects: immersed
OK  CALLED vestments.investiture x2                                                                  [IMPORT] 
     effects: invested_office
OK  40:15 — the INTERNAL pointer                                                                     [INK] 
     effects: anointed
OK  "for an everlasting priesthood" a hapax                                                          [INK] 
     effects: invested_office
OK  40:16 — the global stamp                                                                         [INK] 
     effects: inspected_as_commanded
OK  THE SEVEN STAMPS                                                                                 [INK] 
     effects: inspected_as_commanded
OK  CALLED vestments.completion x3                                                                   [IMPORT] 
     effects: inspected_as_commanded
OK  every "as" in the chapter                                                                        [INK] 
     effects: inspected_as_commanded
OK  the command against the execution, block by block                                                [INK] 
     effects: —
OK  the whole                                                                                        [INK] 
     effects: —
OK  THE RUN DROPS ITS OWN LAST SEVEN COMMANDS                                                        [INK] 
     effects: anointed, invested_office
OK  and Leviticus picks them up                                                                      [INK] 
     effects: anointed, invested_office
OK  "in the second year" at five seats                                                               [INK] 
     effects: tabernacle_erected
OK  "was erected" passive beside "erected" active                                                    [INK] 
     effects: tabernacle_erected
OK  Tanchuma Buber Pekudei 8:1 — rose of itself                                                      [MOVE] 
     effects: tabernacle_erected
OK  the erection day at three seats in two books                                                     [INK] 
     effects: tabernacle_erected
OK  CALLED shemini_day.day(date)                                                                     [IMPORT] 
     effects: tabernacle_erected
OK  Rosh Hashanah 3a:5 — Nisan the year's head                                                       [MOVE] 
     effects: tabernacle_erected
OK  CALLED shemini_day.fire(ten_crowns) — two written here                                           [IMPORT] 
     effects: tabernacle_erected
OK  Shabbat 87b:6 — a Sunday (data)                                                                  [DATA] 
     effects: tabernacle_erected
OK  Menachot 99a:10 — raise, never lower                                                             [MOVE] 
     effects: tabernacle_erected
OK  40:19 "the tent" — one token, three laws                                                         [INK] 
     effects: —
OK  Mishnah Shabbat 2:3 — flax only                                                                  [ANSWER-SHEET] 
     effects: —
OK  THE MAKING'S DROPPED USE CLAUSES RUN HERE — thirteen                                             [INK] 
     effects: staves_fixed, veil_divides, bread_set_weekly, lamp_arranged
OK  the eleven not picked up — the measures                                                          [INK] 
     effects: —
OK  CALLED sanctuary_build.ark(staves / staves_prohibition)                                          [IMPORT] 
     effects: staves_fixed
OK  CALLED sanctuary_build.ark(testimony / tablets_and_fragments)                                    [IMPORT] 
     effects: tablets_delivered
OK  the direction-words differ between spec and run                                                  [INK] 
     effects: —
OK  CALLED sanctuary_build.veil x2 and ark(meeting_dropped)                                          [IMPORT] 
     effects: veil_divides
OK  "and Moses finished the work" — the creation's verb                                              [INK] 
     effects: work_completed
OK  CALLED incense_shekel.tamid(initiations)                                                         [IMPORT] 
     effects: bread_set_weekly, lamp_arranged, incense_continual, tamid_owed
OK  Mishnah Menachot 4:4 — the four initiations                                                      [ANSWER-SHEET] 
     effects: bread_set_weekly, lamp_arranged, incense_continual, tamid_owed
OK  "an arrangement of bread" a hapax                                                                [INK] 
     effects: bread_set_weekly
OK  CALLED sanctuary_build.table(continually) and priesthood.lamp_table x2                           [IMPORT] 
     effects: bread_set_weekly
OK  the table initiated at the first Sabbath (data)                                                  [DATA] 
     effects: bread_set_weekly
OK  the lamp-raising seven; "the lamps" four                                                         [INK] 
     effects: lamp_arranged
OK  CALLED sanctuary_build.menorah / lamp and priesthood.lamp_table                                  [IMPORT] 
     effects: lamp_arranged
OK  CALLED incense_shekel.incense_altar(first_incense)                                               [IMPORT] 
     effects: incense_continual
OK  "and he burned" — Moses at 40:27 and Lev 8, Aaron at Lev 9                                       [INK] 
     effects: incense_continual
OK  Zevachim 101b:14 — Moses a high priest                                                           [MOVE] 
     effects: incense_continual, tamid_owed
OK  CALLED incense_shekel.tamid x2 and shemini_day.order                                             [IMPORT] 
     effects: tamid_owed
OK  Lev 9:17 "besides the morning burnt offering" — two seats                                        [INK] 
     effects: tamid_owed
OK  CALLED incense_shekel.laver(run / between)                                                       [IMPORT] 
     effects: hands_feet_sanctified
OK  40:32 — 30:20's two loci word for word                                                           [INK] 
     effects: hands_feet_sanctified
OK  40:31 matches 30:19 with one token added: MOSES                                                  [INK] 
     effects: hands_feet_sanctified
OK  Zevachim 21b:12 — THE LAVER'S MINIMUM OF FOUR                                                    [MOVE] 
     effects: hands_feet_sanctified
OK  Zevachim 19b:9 — what binds the sons binds him                                                   [MOVE] 
     effects: hands_feet_sanctified
OK  Zevachim 22a:4 — the base's a-fortiori                                                           [MOVE] 
     effects: hands_feet_sanctified
OK  Zevachim 58b:16 — the laver drawn south                                                          [MOVE] 
     effects: hands_feet_sanctified
OK  the glory filling at seven seats in four books                                                   [INK] 
     effects: presence_dwells, glory_appeared
OK  "could not enter" — Moses and the priests                                                        [INK] 
     effects: barred_from_it
OK  Yoma 4b:9 — within-within                                                                        [MOVE] 
     effects: barred_from_it
OK  CALLED incense_shekel.tamid(dwell) and sanctuary_build.offering(dwells_in)                       [IMPORT] 
     effects: presence_dwells
OK  CALLED incense_shekel.tamid(meeting) and shemini_day.fire x2                                     [IMPORT] 
     effects: meeting_appointed
OK  "in all their journeys" six; the lifting's three forms                                           [INK] 
     effects: camp_moves_by_the_cloud
OK  fire by night seven, cloud by day eight                                                          [INK] 
     effects: camp_moves_by_the_cloud
OK  40:36-37 — the protocol                                                                          [INK] 
     effects: camp_moves_by_the_cloud
OK  the protocol against Numbers 9                                                                   [INK] 
     effects: camp_moves_by_the_cloud
OK  Rosh Hashanah 3a:5 — the first lifting                                                           [MOVE] 
     effects: camp_moves_by_the_cloud
OK  THE SCENE — the erection on the world engine                                                     [INK] 
     effects: released, tabernacle_erected, high_places_banned, tablets_delivered, staves_fixed, veil_divides, bread_set_weekly, lamp_arranged, incense_continual, tamid_owed, hands_feet_sanctified, work_completed, presence_dwells, barred_from_it, meeting_appointed, camp_moves_by_the_cloud
OK  CALLED shemini_day.SCENE                                                                         [IMPORT] 
     effects: released
OK  THE W6 SCENE — the craftsmen and the donation on the world engine                                [ANSWER-SHEET] 
     effects: appointed_by_name, spirit_filled, given_by_the_heart
OK  THE W7 SCENE — the Sinai narrative's laws on the world engine                                    [ANSWER-SHEET] 
     effects: majority_decides, entered_the_covenant, oral_law_unwritten, accepted, invested_office, atoned_forgiven, immersed, tablets_delivered, face_radiant, molten_image_barred, barred_from_it, stoned, slain_by_sword, plague_struck, made_to_drink, bears_sin, decree_relented, confessed, blotted_from_the_book, ground_and_scattered, attributes_proclaimed, covenant_cut, nations_driven_out, covenant_barred, demolished, intermarriage_barred
OK  THE HEADLINE (1) — the second seat                                                               [MOVE] 
     effects: —
OK  THE HEADLINE (2) — the unrun commands                                                            [INK] 
     effects: —
OK  THE HEADLINE (3) — the pickup                                                                    [INK] 
     effects: —
OK  the stamps counted                                                                               [INK] 
     effects: inspected_as_commanded
OK  the inventory at five seats                                                                      [INK] 
     effects: —

MATRIX: 287/287 cells match the answer sheet
FRACTIONS: pure ink 131/287 (45%) · recorded moves 93/287 (32%) · answer-sheet 23/287 · data 4/287 · imports 36/287 · hypotheses 0/287
LEDGER OPS this span writes: block x43, body x15, debit x11, destroy x9, heaven x60, status x92, timer x34, transfer x43
effects: every cell carries REGISTERED effects — TWENTY-TWO discovered in these verses' own verbs: entered_the_covenant, covenant_cut, appointed_by_name, spirit_filled, face_radiant, tabernacle_erected, camp_moves_by_the_cloud (STATUS), tablets_delivered, given_by_the_heart, nations_driven_out (TRANSFER), decree_relented, blotted_from_the_book, plague_struck, attributes_proclaimed, pilgrim_land_guarded (HEAVEN), made_to_drink, slain_by_sword (BODY), ground_and_scattered (DESTROY), intermarriage_barred, molten_image_barred, oral_law_unwritten (BLOCK), appearance_gift_owed (DEBIT) [effects law satisfied]
SCENE: (1, 1, 1, 1, 1, 1, 1, 2, 2, 1, 3, 1, 1, 1, 1, 1, 5, 360) — the installation released into the first of Nisan; the four initiations; the Presence dwells and the meeting appointed (promised at E2 and E4, fired here)
SCENE (W6, the craftsmen and the donation): (2, 2, 5, 8, 1)
SCENE (W7, the Sinai narrative's laws): (3, 4, 3, 1, 2, 2, 1, 2, 1, 2, 3, 1, 2, 1, 2, 1, 1, 1, 1, 1, 3, 1, 1, 1, 1, 2, 3, 3, 105, 32, 186, (1, 4, 17), (1, 7, 10))
WATCH COVERAGE (the erection; the craftsmen and the donation — W6; the Sinai narrative — W7):
  WATCH law_installation       seen  15  fired   2  on: installation_commanded, milluim_blood_sprinkled
  WATCH law_erection           seen  15  fired  13  on: bread_arranged, called_from_the_tent, cloud_lifted, could_not_enter, erected, glory_filled, hands_feet_washed, incense_burned, lamps_raised, tamid_offered, testimony_placed, veil_hung, work_finished
  WATCH law_erection           seen   8  fired   8  on: craftsman_called, offering_brought
  WATCH law_erection           seen  32  fired  30  on: ascent_barred, attributes_proclaimed_at_sinai, bowed_to_another_god, calf_destroyed, calf_made, case_brought_to_deputies, covenant_blood_thrown, covenant_cut_at_sinai, daughters_taken, elders_ascended, entered_the_land, levites_gathered, moses_ascended, moses_interceded, people_answered, sacrifice_of_inhabitant_eaten, tent_pitched_outside, youths_offered
THE COVENANT WRITTEN A SECOND TIME, THE BLOOD COVENANT, THE CALF AND THE PRESENCE, THE CRAFTSMEN AND THE DONATION, AND THE ERECTION COMPILED — the second seat's delta is where the tradition argues; the run drops its own last seven commands and Leviticus picks them up; the making's dropped use clauses run here; the laver's four from the run's added Moses; the cantillation answers the sugya's parse; eleven engines CALLED.
honest-pairing guard: 113 tests checked, every expectation a literal
probes: 90 ink runs verified in their verses (Exod 1-19)
answer sheet: 12 Mishnah rows and 47 shelf rows verified by their own tokens (Pesachim 10, Avot 5, Sotah 1 and 5, Rosh Hashanah 3, Eduyot 2, Sanhedrin 1; Sotah 11a-13b, Nedarim 31b-32a, Sanhedrin 111a/91a/18a/56b/67b, Shabbat 86b-88a, Zevachim 116a/102a, Arakhin 15a-b, Kiddushin 38a, Sotah 30b, Berakhot 9a-b, Megillah 9a, Pesachim 116a; the Mekhilta)
guard: 155 expectations checked, every one a literal from the answer sheet [honest-pairing guard satisfied]
guard: 66 expectations checked, every one a literal from the answer sheet [honest-pairing guard satisfied]
probes: all 36 token probes fired  [zero-report law satisfied]

probes: all 39 ink-token probes fired (4 imports receipted) [zero-report law satisfied]
censuses: the FIFTH at [13, 15, 19, 27, 31] — forms ['חמישתו', 'חמישית', 'חמשית', 'חמשתו', 'חמשיתו'] (plene at 13 and 15, defective at 19, 27, 31) · the substitute clause at [10, 33] (the vow and the tithe) · holy tokens in 11 verses
routing receipt: cold_run_yovel.tithe_naming() CALLED (3 namings); cold_run_pesach.firstborn(donkey) CALLED -> 'redeem with a lamb, else break the neck'
answer sheet: 20 Mishnah rows token-verified in their own ink
guard: 41 test rows, every expected value a literal from the answer sheet [honest-pairing guard satisfied]

OK  THE SCENE — Temurah, Arakhin 8, Bekhorot 9 and the Sifra on the world engine (the daemon's w [INK] 
     effects: consecrated, substitution, lashes, redemption_right, adds_fifth, redeem_or_break, most_holy, due_to_priest, put_to_death
OK  Temurah 7:1 — an animal vowed to the altar: holy (the altar class)                           [INK] 
     effects: consecrated
OK  Temurah 7:1-2 — an unfit animal consecrated: the upkeep class, valued by the priest          [INK] 
     effects: consecrated
OK  Temurah 7:2 — unspecified consecrations go to the upkeep                                     [MOVE] 
     effects: consecrated
OK  Temurah 1:1 — substitution attempted: it takes, and forty                                    [INK] 
     effects: substitution, consecrated, lashes
OK  Temurah 1:2 — good for bad, bad for good: takes                                              [INK] 
     effects: substitution
OK  Temurah 1:2 — herd for flock, sheep for goats, blemished for whole: takes                    [INK] 
     effects: substitution
OK  Temurah 1:2 — one for two, one for a hundred (R. Shimon: one for one)                        [MOVE] 
     effects: substitution
OK  Temurah 1:6 — birds and meal offerings make no substitute                                    [INK] 
     effects: —
OK  Temurah 1:6 / 2:1 — the community and partners make no substitute                            [MOVE] 
     effects: —
OK  Temurah 1:3 — limbs and embryos make no substitute                                           [MOVE] 
     effects: —
OK  Temurah 1:5 / 2:3 — a substitute makes no substitute                                         [MOVE] 
     effects: —
OK  Temurah 2:3 — holiness lands on a permanently blemished substitute                           [MOVE] 
     effects: consecrated
OK  Temurah 2:3 — the inadvertent like the deliberate in substitution                            [MOVE] 
     effects: substitution
OK  Temurah 5:5 — "this instead of that": a substitute                                           [INK] 
     effects: substitution
OK  Temurah 5:5 — "the exchange of that": a substitute                                           [INK] 
     effects: substitution
OK  Temurah 5:5 — "this desanctified on that": not a substitute                                  [ANSWER-SHEET] 
     effects: redemption_right
OK  Temurah 7:1 — altar-holy substitute; upkeep-holy do not                                      [INK] 
     effects: —
OK  Menachot 9:7 — the heir substitutes                                                          [MOVE] 
     effects: substitution
OK  Arakhin 8:1 — the owner redeeming adds a fifth (the unfit beast)                             [INK] 
     effects: adds_fifth, redemption_right
OK  Arakhin 8:1-3 — the owner redeems his house with a fifth                                     [INK] 
     effects: adds_fifth, redemption_right
OK  Arakhin 8:2-3 — another redeems: the valuation, no fifth                                     [INK] 
     effects: redemption_right
OK  the five fifths of the chapter (27:13, 15, 19, 27, 31)                                       [INK] 
     effects: adds_fifth
OK  Menachot 12:1 — birds, wood, frankincense, vessels: no redemption, only a beast is said      [INK] 
     effects: —
OK  Bekhorot 1:7 (via the Passover engine) — the firstling donkey: a lamb, else the neck         [IMPORT] 
     effects: redeem_or_break
OK  Arakhin 8:7 — the firstborn: sanctify it for value, not for the altar                        [MOVE] 
     effects: consecrated
OK  Temurah 5:1 — outwitting the firstborn: "what is in her womb, if male, an olah"              [MOVE] 
     effects: consecrated
OK  Arakhin 8:6 — every devoted thing most holy, not sold, not redeemed                          [INK] 
     effects: most_holy
OK  Arakhin 8:6 — unspecified devotion: to the priests (Sages) / the upkeep (R. Yehuda b. Beteir [INK] 
     effects: due_to_priest
OK  Arakhin 8:4 — devoted ALL he has: not devoted                                                [INK] 
     effects: —
OK  Arakhin 8:5 — devoted his son, daughter, Hebrew slave, purchased field: not devoted          [INK] 
     effects: —
OK  Arakhin 8:6 — the priests' devotions: no redemption, given to the priests                    [ANSWER-SHEET] 
     effects: due_to_priest
OK  Arakhin 8:7 — the firstborn may be devoted                                                   [ANSWER-SHEET] 
     effects: consecrated
OK  Bekhorot 9:7 — the pen, the small gate, the count, the tenth marked                          [INK] 
     effects: consecrated
OK  Bekhorot 9:7 — not marked, counted lying or standing: tithed                                 [INK] 
     effects: consecrated
OK  Bekhorot 9:7 — a hundred and took ten: not a tithe                                           [INK] 
     effects: —
OK  Temurah 3:5 — the tithe substituted: both holy, not redeemed                                 [INK] 
     effects: substitution, consecrated
OK  Bekhorot 9:1 — herd and flock not tithed together                                            [INK] 
     effects: —
OK  Bekhorot 9:1 — sheep and goats tithed together ("and flock" — all flock one)                 [INK] 
     effects: consecrated
OK  Bekhorot 9:8 (via the Jubilee engine) — the ninth called tenth: sanctified, eaten blemished  [IMPORT] 
     effects: consecrated
OK  Bekhorot 9:8 (via the Jubilee engine) — the eleventh called tenth: a peace offering          [IMPORT] 
     effects: consecrated

MATRIX: 41/41 cells match the answer sheet
FRACTIONS: pure ink 25/41 (60%) · recorded moves 10/41 (24%) · answer-sheet 3/41 · data 0/41 · imports 3/41 · hypotheses 0/41
computed, not graded: the impure beast of 27:27 redeemed at valuation plus a fifth or sold (INK); the devoted person put to death, not ransomed (INK 27:29); the land tithe holy (INK 27:30) and redeemed with a fifth (INK 27:31); not examined good or bad (INK 27:33) — valuation_plus_fifth_or_sold, put_to_death_not_ransomed, holy_to_the_LORD, plus_fifth, not_examined_good_or_bad
LEDGER OPS this span writes: body x3, debit x14, status x22, transfer x5
effects: every cell carries REGISTERED effects — consecrated (STATUS) discovered from 27:9's own "shall be holy"; most_holy shared with the meal offering; substitution, adds_fifth, put_to_death, due_to_priest, redemption_right, lashes, redeem_or_break from the registry [effects law satisfied]
  WATCH law_temurah            seen  29  fired  22  on: consecrated_redeemed, herd_tithed, substitute_declared, thing_consecrated, thing_devoted

THE CONSECRATION, SUBSTITUTION, AND DEVOTION MACHINE COMPILES — the two substitution verbs, "beast for beast," "it and its substitute" at the vow and the tithe, the fifth censused five times, the partitive "from all that he has," the ordinal tenth under the rod; three calls into sister engines: the Jubilee engine's tithe naming and the Passover engine's firstling donkey.
guard: 274 expectations checked, every one a literal from the answer sheet [honest-pairing guard satisfied]
guard: 27 expectations checked, every one a literal from the answer sheet [honest-pairing guard satisfied]
guard: 159 expectations checked, every one a literal from the answer sheet [honest-pairing guard satisfied]
probes: all 142 token probes fired  [zero-report law satisfied]

probes: all 46 token probes fired  [zero-report law satisfied]

guard: 55 expectations checked, every one a literal from the answer sheet [honest-pairing guard satisfied]
probes: all 39 token probes fired  [zero-report law satisfied]

probes: all 100 token probes fired  [zero-report law satisfied]

guard: 34 expectations checked, every one a literal from the answer sheet [honest-pairing guard satisfied]
probes: all 17 token probes fired  [zero-report law satisfied]

honest-pairing guard: 222 tests checked, every expectation a literal
probes: 387 ink runs verified in their verses (Gen 18-31)
answer sheet: 7 Mishnah rows verified in their own ink; shelf: 62 rows (Babylonian and Bereshit Rabbah) verified by token
honest-pairing guard: 206 tests checked, every expectation a literal
probes: 137 ink runs verified in their verses (Gen 2-16)
answer sheet: 10 Mishnah rows and 130 shelf rows verified by their own tokens (Sanhedrin 10:3, 4:5, Avot 5:2-3, Eduyot 2:10, Yevamot 6:6, Megillah 1:8; Sanhedrin 107b-109b, 37b, 70a, Nedarim 32a-b, Sotah 14a, Megillah 9b, 14a, Berakhot 40a, Kiddushin 30b, Bava Batra 100a, Yevamot 64a, Chullin 89a, Eruvin 53a, Pesachim 118a, 6b, Rosh Hashanah 11b, Shabbat 55b; Bereshit Rabbah 16-45)
guard: 172 expectations checked, every one a literal from the answer sheet [honest-pairing guard satisfied]
probes: all 86 token probes fired  [zero-report law satisfied]

probes: all 102 token probes fired  [zero-report law satisfied]

callees live: the spec (Exod 34:15-16) 1 / [('Exod', 34, 16)]; the priesthood clause 1; the judges 78600; the incense; the twenty-four; the hanging; the addressees; the tellers; the total; Isaac's clauses 6; Judah's lion 2; the ladder; the idolatry principle
guard: 51 expectations checked, every one a literal from the answer sheet [honest-pairing guard satisfied]
honest-pairing guard: 43 tests checked, every expectation a literal
probes: all 36 token probes fired  [zero-report law satisfied]
answer sheet: 11 Mishnah rows + 28 Mekhilta/Talmud rows read whole from the shelf, each verified by a token in its own ink
guard: 70 expectations checked, every one a literal from the answer sheet [honest-pairing guard satisfied]
honest-pairing guard: 282 tests checked, every expectation a literal
probes: 442 ink runs verified in their verses (Gen 32-50)
answer sheet: 10 Mishnah rows verified in their own ink; shelf: 99 rows (Babylonian and Bereshit Rabbah) verified by token
probes: all 35 token probes fired  [zero-report law satisfied]

guard: 53 expectations checked, every one a literal from the answer sheet [honest-pairing guard satisfied]
guard: 154 expectations checked, every one a literal from the answer sheet [honest-pairing guard satisfied]
probes: all 79 token probes fired  [zero-report law satisfied]

guard: 74 expectations checked, every one a literal from the answer sheet [honest-pairing guard satisfied]
guard: 147 expectations checked, every one a literal from the answer sheet [honest-pairing guard satisfied]
guard: 110 expectations checked, every one a literal from the answer sheet [honest-pairing guard satisfied]
probes: all 54 token probes fired  [zero-report law satisfied]

probes: all 55 token probes fired  [zero-report law satisfied]

probes: all 121 token probes fired  [zero-report law satisfied]

probes: all 111 token probes fired  [zero-report law satisfied]

guard: 56 expectations checked, every one a literal from the answer sheet [honest-pairing guard satisfied]
probes: all 123 token probes fired  [zero-report law satisfied]

probes: all 84 token probes fired  [zero-report law satisfied]

callees: mishpatim_3, mishpatim, lev24, shelach, naso, second_census, journeys, borders, zelophehad, gad_reuben, chukat, bamidbar, primeval, sanctions, priesthood CALLED — every value asserted at import
guard: 97 expectations checked, every one a literal from the answer sheet [honest-pairing guard satisfied]
probes: all 164 token probes fired  [zero-report law satisfied]

callees: exodus_story, shelach, chukat, gad_reuben, zelophehad, journeys, borders, second_census, bamidbar, balak, primeval, mamre, joseph, ordinances, holiness, erection, beha, refuge CALLED — every value asserted at import

PASS  [MOVE]  Deut 5:1 — hear_learn_keep_do
        ->  accepted           [heaven]  accepted for him — the offering's acceptance state
PASS  [MOVE]  Deut 5:2 — the_covenant_at_horeb
        ->  accepted           [heaven]  accepted for him — the offering's acceptance state
PASS  [DATA]  Deut 5:3 — not_with_our_fathers
        ->  accepted           [heaven]  accepted for him — the offering's acceptance state
PASS  [MOVE]  Deut 5:4 — face_in_face
        ->  accepted           [heaven]  accepted for him — the offering's acceptance state
PASS  [MOVE]  Deut 5:5 — i_stood_between
        ->  accepted           [heaven]  accepted for him — the offering's acceptance state
PASS  [MOVE]  Deut 5:7 — no_other_gods
        ->  accepted           [heaven]  accepted for him — the offering's acceptance state
PASS  [DATA]  Deut 5:8 — no_image
        ->  accepted           [heaven]  accepted for him — the offering's acceptance state
PASS  [MOVE]  Deut 5:9; Mishnah Sanhedrin 7:6 — bow_and_serve
        ->  put_to_death       [body]  put to death — the court docket opens a capital entry (mode per the compiled law)
PASS  [MOVE]  shelf: Sanhedrin 60b:3 — in_its_way
        ->  put_to_death       [body]  put to death — the court docket opens a capital entry (mode per the compiled law)
PASS  [MOVE]  shelf: Sanhedrin 60b:2 — the_embracer
        ->  exempt             [status]  exempt — no entry opens; the ledger stays clean
PASS  [MOVE]  Deut 5:9-10 — the_visiting
        ->  accepted           [heaven]  accepted for him — the offering's acceptance state
PASS  [DATA]  Deut 5:10 — the_ketiv
        ->  accepted           [heaven]  accepted for him — the offering's acceptance state
PASS  [DATA]  the write — the_write
        ->  other_gods_barred  [block]  other gods barred — the BLOCK the second word writes on Israel: 'you shall have no other gods before me; you shall not make for yourself a graven image, any form of what is in the heavens above or on the earth beneath or in the waters under the earth; you shall not bow down to them nor serve them, for I the LORD your God am a jealous God, visiting the iniquity of the fathers upon the sons to the third and the fourth generation of those who hate me, and doing mercy to thousands of those who love me and keep my commandments' (Deut 5:7-10; Exodus 20:3-6 the first copy — 5:8 'any form' for 'and any form', 5:9 'fathers' plene and 'and upon the third', 5:10 the written 'his' for 'my', computed at the reading) — THE CODE'S HOLE FILLED FROM THE RETELLING'S SEAT (no runner compiled the second word until THE DEUTERONOMY WALK 3b): the block written at the giving's own line (ten_words_declared, dated (1, 3, 7)), never at the retelling's; the answer sheet Mishnah Sanhedrin 7:6 with Sanhedrin 60b — the idolater STONED for worship in its way, for slaughter, incense, libation and BOWING even not in its way (the Temple's rites emptied to the Name, Exodus 22:19; bowing's death by the juxtaposition of Deuteronomy 17:3 to 17:5, its prohibition from 34:14), the hugger and kisser a prohibition without death; the visiting's arms (Berakhot 7a — when they hold their fathers' deeds; Makkot 24a:30 — revoked by Ezekiel 18:4) DATA; the images for study (Rosh Hashanah 24a-24b) and the no-image list of 4:16-19 (the obey_horeb runner's DATA row) the parameter table
PASS  [MOVE]  Deut 5:6 — the_first_word
        ->  accepted           [heaven]  accepted for him — the offering's acceptance state
PASS  [DATA]  Deut 5:7-10 — the_second_word_row
        ->  accepted           [heaven]  accepted for him — the offering's acceptance state
PASS  [MOVE]  Deut 5:11 — the_third_word
        ->  accepted           [heaven]  accepted for him — the offering's acceptance state
PASS  [MOVE]  Deut 5:12-15 — the_fourth_word
        ->  accepted           [heaven]  accepted for him — the offering's acceptance state
PASS  [MOVE]  Deut 5:12; Shevuot 20b — keep_and_remember
        ->  accepted           [heaven]  accepted for him — the offering's acceptance state
PASS  [MOVE]  Deut 5:14; Bava Kamma 54b — the_ox_and_the_ass
        ->  accepted           [heaven]  accepted for him — the offering's acceptance state
PASS  [MOVE]  Deut 5:14; Yevamot 48b — the_servants_rest
        ->  accepted           [heaven]  accepted for him — the offering's acceptance state
PASS  [MOVE]  Deut 5:15 — the_two_grounds
        ->  accepted           [heaven]  accepted for him — the offering's acceptance state
PASS  [MOVE]  Deut 5:12; Sanhedrin 56b — the_receipt_5_12
        ->  accepted           [heaven]  accepted for him — the offering's acceptance state
PASS  [MOVE]  Deut 5:16 — the_fifth_word
        ->  accepted           [heaven]  accepted for him — the offering's acceptance state
PASS  [MOVE]  Deut 5:17 — the_sixth_word
        ->  accepted           [heaven]  accepted for him — the offering's acceptance state
PASS  [MOVE]  Deut 5:18 — the_seventh_word
        ->  accepted           [heaven]  accepted for him — the offering's acceptance state
PASS  [MOVE]  Deut 5:19; Sanhedrin 86a — the_eighth_word
        ->  accepted           [heaven]  accepted for him — the offering's acceptance state
PASS  [MOVE]  Deut 5:20 — the_ninth_word
        ->  accepted           [heaven]  accepted for him — the offering's acceptance state
PASS  [DATA]  Deut 5:21 — the_tenth_word_row
        ->  accepted           [heaven]  accepted for him — the offering's acceptance state
PASS  [MOVE]  Deut 5:16; Bava Kamma 55a — the_reward_clause
        ->  accepted           [heaven]  accepted for him — the offering's acceptance state
PASS  [MOVE]  Deut 5:16; Sanhedrin 56b — the_receipt_5_16
        ->  accepted           [heaven]  accepted for him — the offering's acceptance state
PASS  [DATA]  Deut 5:6-21 — the_counts
        ->  accepted           [heaven]  accepted for him — the offering's acceptance state
PASS  [DATA]  Deut 5:21 — covet_and_desire
        ->  accepted           [heaven]  accepted for him — the offering's acceptance state
PASS  [DATA]  Deut 5:21 — the_wife_first
        ->  accepted           [heaven]  accepted for him — the offering's acceptance state
PASS  [MOVE]  shelf: Bava Metzia 5b:19-20 — the_coveter_who_pays
        ->  exempt             [status]  exempt — no entry opens; the ledger stays clean
PASS  [DATA]  the write — the_write
        ->  coveting_barred    [block]  coveting barred — the BLOCK the tenth word writes on Israel: 'and you shall not covet your neighbor's wife; and you shall not desire your neighbor's house, his field, or his servant or his maidservant, his ox or his ass, or anything that is your neighbor's' (Deut 5:21; Exodus 20:17 the first copy — 'you shall not covet your neighbor's house; you shall not covet your neighbor's wife …': the house first there, the wife first here, DESIRE for the second covet, 'his field' added — computed at the reading) — THE CODE'S HOLE FILLED FROM THE RETELLING'S SEAT (no runner compiled the tenth word until THE DEUTERONOMY WALK 3b): the block written at the giving's own line (ten_words_declared, dated (1, 3, 7)); the answer sheet Bava Metzia 5b:19-20 — Rav Acha of Difti: taking by force or deceit violates 'you shall not covet' EVEN WITH PAYMENT; most people read it as taking without payment, so the bailee who pays is not disqualified as a robber; the two verbs (covet in deed, desire in the heart — the Mekhilta's distinction, the first copy's spine, credited by name) DATA
PASS  [MOVE]  Deut 5:22 — added_no_more
        ->  accepted           [heaven]  accepted for him — the offering's acceptance state
PASS  [MOVE]  Deut 5:22 — the_tablets_given_to_me
        ->  accepted           [heaven]  accepted for him — the offering's acceptance state
PASS  [MOVE]  Deut 5:23 — you_came_near
        ->  accepted           [heaven]  accepted for him — the offering's acceptance state
PASS  [MOVE]  Deut 5:24-27 — the_request
        ->  accepted           [heaven]  accepted for him — the offering's acceptance state
PASS  [MOVE]  Deut 5:27; Shabbat 88a — hear_and_do
        ->  accepted           [heaven]  accepted for him — the offering's acceptance state
PASS  [DATA]  the write — the_write
        ->  torah_through_moses [status]  the Torah through Moses — the STATUS the request for a mediator writes on Israel: 'go you near and hear all that the LORD our God shall say, and you speak to us all that the LORD our God speaks to you, and we will hear and do' (Deut 5:27; 5:5 'I stood between the LORD and you at that time to declare to you the word of the LORD'; 5:31 'stand here with me and I will speak to you all the commandment … which you shall teach them'); Exodus 20:19's 'speak you with us and we will hear, but let not God speak with us lest we die' THE FIRST TELLING (no line on the tape — the second hole); the tradition's own reading: 'I am' and 'you shall have no other gods' heard from the Almighty's mouth, the rest through Moses (Makkot 24a:1 — 611 and 2 = 613); 'Moses received the Torah from Sinai and handed it on' (Mishnah Avot 1:1 — the vocabulary); dated (1, 3, 7) by the retrograde marker at Deut 5:23
PASS  [MOVE]  Deut 5:28 — the_lord_heard
        ->  accepted           [heaven]  accepted for him — the offering's acceptance state
PASS  [DATA]  Deut 5:28 — done_well
        ->  accepted           [heaven]  accepted for him — the offering's acceptance state
PASS  [MOVE]  Deut 5:29; Avodah Zarah 4b-5a — who_would_give
        ->  accepted           [heaven]  accepted for him — the offering's acceptance state
PASS  [MOVE]  Deut 5:30; Beitzah 5a-b — return_to_your_tents
        ->  returned_to_tents  [status]  returned to your tents — the STATUS the answer writes on Israel: 'go say to them: return to your tents' (Deut 5:30) — the separation of Exodus 19:15 ('be ready for the third day; do not come near a woman') RELEASED by an explicit word: Rav Yosef — a matter forbidden by a count needs a count to permit (Beitzah 5a:7-5b:3); 'his tent' is his wife (Moed Katan 7b:5, 15b:13); procreation repeated at Sinai (Sanhedrin 59b:3-4); Moses' own separation agreed by 'and you, stand here with me' (Shabbat 87a:4; Yevamot 62a:2); told only in the retelling, dated (1, 3, 7) inside Deut 5:23's stretch
PASS  [MOVE]  Deut 5:31 — stand_here_with_me
        ->  commanded          [debit]  commanded — the DEBIT a SPEC writes on its addressee: the census commanded (Num 1:2-3), the camp (2:2), the Levite count (3:15), the firstborn count (3:40), the redemption (3:46-48), the Kohathites' service (4:2-20) — each closed by its RUN ('as the LORD commanded Moses, and he counted them', 1:19; 'so they camped and so they journeyed', 2:34; 'and Moses counted them by the mouth of the LORD', 3:16; 3:42; 3:49-51): THE FIVE SPEC/RUN PAIRS OF THE PORTION AS FIVE OPEN-THEN-CLOSED DEBITS, the ink's own structure on the ledger (M-22's form)
PASS  [DATA]  Deut 5:32-33 — the_charge
        ->  accepted           [heaven]  accepted for him — the offering's acceptance state
PASS  [DATA]  Deut 5:1-33 — the_readback_table
        ->  accepted           [heaven]  accepted for him — the offering's acceptance state
PASS  [DATA]  Deut 5:12, 16, 32 — the_register_seats
        ->  accepted           [heaven]  accepted for him — the offering's acceptance state

WATCH COVERAGE (the wrap):
  WATCH law_covenant_at_horeb  seen  11  fired  11  on: horeb_covenant_case
MATRIX: 49/49 cells match the answer sheet
FRACTIONS: pure ink 0/49 (0%) · named moves 34/49 (69%) · data 15/49 (31%) · hypotheses 0/49 (the H class, counted apart — never as compiled)
LEDGER OPS this span writes: block x2, body x2, debit x1, heaven x40, status x4
THE INK: numbers [((5, 13), [6]), ((5, 22), [2])]; the one frame [(5, 28)]; the case tokens {'כי': 8, 'אם': 1}; the register singular-only [6, 7, 8, 9, 11, 12, 13, 14, 15, 16, 17, 18, 19, 20, 21, 27, 31], plural-only [4, 5, 22, 23, 24, 32, 33], both [1, 28, 30]; the ketiv at 5:10
THE LAWS' READBACK: 21 rows — {'VERBATIM': 5, 'VARIANT': 5, 'EXPANDED': 5, 'TURNED': 4, 'SUPPLIED': 2}; the law rows 16 (the cells named 15, NO CELL ['Deut 5:6']); the deltas: the frame (22, 24, 3, 16, 11, 3); the voice (24, 15, 3, 7, 16); the request (91, 18, 13, 1); hear and do (21, 13, 2); the answer (68, 6, 3, 5)
THE TWO COPIES: ((172, 620), (189, 708)) (tokens, letters) — Exodus 20:2-17 against Deuteronomy 5:6-21; per word [(6, 2, 9, 9), (7, 3, 7, 7), (8, 4, 16, 16), (9, 5, 21, 21), (10, 6, 6, 6), (11, 7, 17, 17), (12, 8, 5, 9), (13, 9, 6, 6), (14, 10, 18, 26), (15, 11, 26, 23), (16, 12, 15, 22), (17, 13, 2, 2), (18, 14, 2, 2), (19, 15, 2, 2), (20, 16, 5, 5), (21, 17, 15, 16)]
THE HOLES: the tape's first (2b) {'exod_20_1': 'no_line_on_the_tape', 'exod_31_18': 'no_line_on_the_tape'}; the second — Exodus 20:18-21 no line (this sitting); the code's — the second and the tenth words compiled here
THE CALLEES: the honor ['feed', 'give_drink', 'clothe', 'cover', 'bring_in', 'take_out']; the fear ['not_sit_in_his_place', 'not_speak_in_his_place', 'not_contradict_him']; the days (2, 3, 4, 7); we will do [(19, 8), (24, 3), (24, 7)]; Marah ('seven_of_the_sons_of_noah', 'courts', 'sabbath', 'honoring_father_and_mother')
THE SCENE on the bench: (1, 1, 1, 1, 1, 1, 1, 1, 1, 1, 1); the exempt and stoned arms (1, 1, 1, 1); the timers (set, fired, cancelled, pending) (0, 0, 0, 0); entities 11; closes 0
THE NARRATIVE: (3, 0, 2, (11, 1), 1, 0, 0, 2)
THE PARAMETER ROWS: the_readback = 21 rows; the_second_word = {'prohibitions': ['no other gods before me', 'no graven image nor any form', 'not bow down to them', 'not serve them'], 'liable_to_death': ['worship in its way', 'slaughter', 'incense', 'libation', 'bowing'], 'a_prohibition_without_death': ['hug', 'kiss', 'sweep', 'sprinkle', 'wash', 'anoint', 'dress', 'shoe', 'a vow or oath by its name'], 'mode': 'stoning', 'sanction_seat': 'Deut 17:2-7 (forward; a REFERENCE the ink makes — by juxtaposition, Sanhedrin 60b:11)'}; the_visiting = {'generations': 'the third and the fourth of those who hate me', 'mercy': 'thousands of those who love me', 'ketiv': "his commandments (written) / my commandments (read; Exodus 20:6's word)"}; the_no_image_list = ['a graven image', 'the form of any figure', 'the likeness of male or female', 'any beast on the earth', 'any winged bird that flies in the heavens', 'anything that creeps on the ground', 'any fish in the waters under the earth', 'the sun', 'the moon', 'the stars', 'all the host of heaven']; the_tenth_word = {'verbs': ['covet (the wife)', 'desire (the house, the field, the servants, the beasts, all)'], 'order': 'the wife first here, the house first in Exodus', 'added': 'his field', 'the_coveter_who_pays': 'transgresses — taking by force or deceit even with payment (Rav Acha of Difti); most people read it as taking without payment, so the bailee who pays is not disqualified (Bava Metzia 5b:19-20)'}; the_sabbath_grounds = {'exodus_20_11': 'the creation — six days he made the heavens and the earth, rested the seventh', 'deut_5_15': 'the exodus — you were a slave in Egypt and the LORD brought you out'}; the_ninth_word = {'exodus_20_16': 'a false witness', 'deut_5_20': 'a vain witness', 'onkelos': 'false at both'}; keep_and_remember = one_utterance; the_reward_clause = {'deut_5_16': 'that your days may be long AND THAT IT MAY GO WELL WITH YOU', 'exodus_20_12': 'that your days may be long'}; the_honor_by_call = {'honor': ['feed', 'give_drink', 'clothe', 'cover', 'bring_in', 'take_out'], 'fear': ['not_sit_in_his_place', 'not_speak_in_his_place', 'not_contradict_him'], 'order': 'mother_first_here_father_first_at_Sinai_both_equal', 'partners': ['God', 'father', 'mother'], 'woman': 'woman_bound_to_fear_when_able'}; the_receipts = {'Deut 5:12': 'CHAPTER', 'Deut 5:16': 'CHAPTER', 'Deut 5:32': 'CHAPTER'}; the_two_copies = {'exodus_20_2_17': (172, 620), 'deut_5_6_21': (189, 708), 'per_word': [(6, 2, 9, 9), (7, 3, 7, 7), (8, 4, 16, 16), (9, 5, 21, 21), (10, 6, 6, 6), (11, 7, 17, 17), (12, 8, 5, 9), (13, 9, 6, 6), (14, 10, 18, 26), (15, 11, 26, 23), (16, 12, 15, 22), (17, 13, 2, 2), (18, 14, 2, 2), (19, 15, 2, 2), (20, 16, 5, 5), (21, 17, 15, 16)]}; the_second_hole = {'exod_20_18': "in no runner's span", 'exod_20_19_21': "the ordinances' law cells, no narrative line", 'the_tape': 'runs from Exod 19:20 to 24:1'}; the_export_division = {'export': 30, 'db': 33, 'the_map': '1-16 = 1-16; 17 = 17-20; 18 = 21; 19-30 = 22-33'}; the_mediator = {'deut_5_5': 'I stood between the LORD and you', 'deut_5_27': 'you speak to us … and we will hear and do', 'deut_5_31': 'stand here with me and I will speak to you all the commandment'}; the_return_to_tents = the_separation_of_exodus_19_15_released; the_charge_to_teach = {'debit': 'teach_the_commandment', 'on': 'moses', 'closed_by': 'Deut 1:5 — the prior run (the book itself)'}; the_face_in_face = {'deut_5_4': 'face IN face (the one seat)', 'the_other_form': 'face TO face (five seats — Jacob, Moses at the tent 33:11, 34:10, Gideon, Ezekiel)'}; the_fathers_and_us = {'deut_5_3': 'not with our fathers did the LORD make this covenant, but with us, we who are all here alive this day', 'deut_29_13_14': 'not with you alone … but with him who stands here with us this day and with him who is not here'}; the_hear_and_do = {'deut_5_27': 'we will hear and do', 'exodus_24_7': 'we will do and hear', 'exodus_19_8_24_3': 'all that the LORD has spoken we will do'} (the other settings recorded in DATA)

THE COMPILE OF CHAPTER 5: the answer sheet REPRODUCED — 49/49
