==== A. THE TWO COPIES OF THE TEN WORDS DIFFED (Deuteronomy 5:6-21 against Exodus 20:2-17, the DB's division)
  Deut 5:6 (9) vs Exod 20:2 (9): =אנכי יהוה אלהיך אשר הוצאתיך מארץ מצרים מבית עבדים
  Deut 5:7 (7) vs Exod 20:3 (7): =לא יהיה לך אלהים אחרים על פני
  Deut 5:8 (16) vs Exod 20:4 (16): =לא תעשה לך פסל [replace: 'כל' -> 'וכל'] =תמונה אשר בשמים ממעל ואשר בארץ מתחת ואשר במים מתחת לארץ
  Deut 5:9 (21) vs Exod 20:5 (21): =לא תשתחוה להם ולא תעבדם כי אנכי יהוה אלהיך אל קנא פקד עון [replace: 'אבות' -> 'אבת'] =על בנים [replace: 'ועל' -> 'על'] =שלשים ועל רבעים לשנאי
  Deut 5:10 (6) vs Exod 20:6 (6): =ועשה חסד לאלפים לאהבי ולשמרי [replace: 'מצותו' -> 'מצותי']
  Deut 5:11 (17) vs Exod 20:7 (17): =לא תשא את שם יהוה אלהיך לשוא כי לא ינקה יהוה את אשר ישא את שמו לשוא
  Deut 5:12 (9) vs Exod 20:8 (5): [replace: 'שמור' -> 'זכור'] =את יום השבת לקדשו [delete: 'כאשר צוך יהוה אלהיך' -> '']
  Deut 5:13 (6) vs Exod 20:9 (6): =ששת ימים תעבד ועשית כל מלאכתך
  Deut 5:14 (26) vs Exod 20:10 (18): =ויום השביעי שבת ליהוה אלהיך לא תעשה כל מלאכה אתה ובנך ובתך [replace: 'ועבדך' -> 'עבדך'] =ואמתך [replace: 'ושורך וחמרך וכל בהמתך' -> 'ובהמתך'] =וגרך אשר בשעריך [delete: 'למען ינוח עבדך ואמתך כמוך' -> '']
  Deut 5:15 (23) vs Exod 20:11 (26): [delete: 'וזכרת' -> ''] =כי [replace: 'עבד היית בארץ מצרים ויצאך' -> 'ששת ימים עשה'] =יהוה [replace: 'אלהיך משם ביד חזקה ובזרע נטויה' -> 'את השמים ואת הארץ את הים ואת כל אשר בם וינח ביום השביעי'] =על כן [replace: 'צוך' -> 'ברך'] =יהוה [delete: 'אלהיך לעשות' -> ''] =את יום השבת [insert: '' -> 'ויקדשהו']
  Deut 5:16 (22) vs Exod 20:12 (15): =כבד את אביך ואת אמך [delete: 'כאשר צוך יהוה אלהיך' -> ''] =למען [replace: 'יאריכן' -> 'יארכון'] =ימיך [delete: 'ולמען ייטב לך' -> ''] =על האדמה אשר יהוה אלהיך נתן לך
  Deut 5:17 (2) vs Exod 20:13 (2): =לא תרצח
  Deut 5:18 (2) vs Exod 20:14 (2): [replace: 'ולא' -> 'לא'] =תנאף
  Deut 5:19 (2) vs Exod 20:15 (2): [replace: 'ולא' -> 'לא'] =תגנב
  Deut 5:20 (5) vs Exod 20:16 (5): [replace: 'ולא' -> 'לא'] =תענה ברעך עד [replace: 'שוא' -> 'שקר']
  Deut 5:21 (16) vs Exod 20:17 (15): [replace: 'ולא' -> 'לא תחמד בית רעך לא'] =תחמד אשת רעך [delete: 'ולא תתאוה בית רעך שדהו' -> ''] =ועבדו ואמתו [replace: 'שורו' -> 'ושורו'] =וחמרו וכל אשר לרעך
  the two copies' token and letter counts (consonants, no maqaf): Exodus 20:2-17 / Deuteronomy 5:6-21: ((172, 620), (189, 708))
  the ten's counts per word (DB verses; Exod / Deut tokens): [(6, 2, 9, 9), (7, 3, 7, 7), (8, 4, 16, 16), (9, 5, 21, 21), (10, 6, 6, 6), (11, 7, 17, 17), (12, 8, 5, 9), (13, 9, 6, 6), (14, 10, 18, 26), (15, 11, 26, 23), (16, 12, 15, 22), (17, 13, 2, 2), (18, 14, 2, 2), (19, 15, 2, 2), (20, 16, 5, 5), (21, 17, 15, 16)]
==== A2. THE FRAME AND THE REQUEST DIFFED
  Deut 5:1 (22) vs Deut 4:1 (24): [replace: 'ויקרא משה' -> 'ועתה ישראל שמע'] =אל [delete: 'כל ישראל ויאמר אלהם שמע ישראל את' -> ''] =החקים [replace: 'ואת' -> 'ואל'] =המשפטים אשר אנכי [replace: 'דבר באזניכם היום ולמדתם אתם ושמרתם לעשתם' -> 'מלמד אתכם לעשות למען תחיו ובאתם וירשתם את הארץ אשר יהוה אלהי אבתיכם נתן לכם']
  Deut 5:1 (22) vs Deut 6:1 (17): [replace: 'ויקרא משה אל כל ישראל ויאמר אלהם שמע ישראל את' -> 'וזאת המצוה'] =החקים [replace: 'ואת המשפטים' -> 'והמשפטים'] =אשר [replace: 'אנכי דבר באזניכם היום ולמדתם' -> 'צוה יהוה אלהיכם ללמד אתכם לעשות בארץ אשר'] =אתם [replace: 'ושמרתם לעשתם' -> 'עברים שמה לרשתה']
  Deut 5:1 (22) vs Deut 4:14 (17): [replace: 'ויקרא משה אל כל ישראל ויאמר אלהם שמע ישראל את החקים ואת המשפטים' -> 'ואתי צוה יהוה בעת ההוא ללמד אתכם חקים ומשפטים לעשתכם אתם בארץ'] =אשר [delete: 'אנכי דבר באזניכם היום ולמדתם' -> ''] =אתם [replace: 'ושמרתם לעשתם' -> 'עברים שמה לרשתה']
  Deut 5:2 (6) vs Deut 4:23 (20): [insert: '' -> 'השמרו לכם פן תשכחו את ברית'] =יהוה [replace: 'אלהינו' -> 'אלהיכם אשר'] =כרת [replace: 'עמנו ברית בחרב' -> 'עמכם ועשיתם לכם פסל תמונת כל אשר צוך יהוה אלהיך']
  Deut 5:2 (6) vs Deut 29:24 (16): [insert: '' -> 'ואמרו על אשר עזבו את ברית'] =יהוה [replace: 'אלהינו' -> 'אלהי אבתם אשר'] =כרת [replace: 'עמנו ברית בחרב' -> 'עמם בהוציאו אתם מארץ מצרים']
  Deut 5:3 (16) vs Deut 29:13 (11): [replace: 'לא את אבתינו' -> 'ולא אתכם לבדכם אנכי'] =כרת [delete: 'יהוה' -> ''] =את הברית הזאת [replace: 'כי אתנו אנחנו אלה פה היום כלנו חיים' -> 'ואת האלה הזאת']
  Deut 5:3 (16) vs Deut 29:14 (17): [replace: 'לא' -> 'כי'] =את [replace: 'אבתינו כרת' -> 'אשר ישנו פה עמנו עמד היום לפני'] =יהוה [replace: 'את הברית הזאת כי אתנו אנחנו אלה' -> 'אלהינו ואת אשר איננו'] =פה [insert: '' -> 'עמנו'] =היום [delete: 'כלנו חיים' -> '']
  Deut 5:4 (8) vs Deut 4:12 (14): [replace: 'פנים בפנים דבר' -> 'וידבר'] =יהוה [replace: 'עמכם בהר' -> 'אליכם'] =מתוך האש [insert: '' -> 'קול דברים אתם שמעים ותמונה אינכם ראים זולתי קול']
  Deut 5:4 (8) vs Exod 33:11 (24): [insert: '' -> 'ודבר יהוה אל משה'] =פנים [replace: 'בפנים דבר יהוה עמכם בהר' -> 'אל פנים כאשר ידבר איש אל רעהו ושב אל המחנה ומשרתו יהושע בן נון נער לא ימיש'] =מתוך [replace: 'האש' -> 'האהל']
  Deut 5:4 (8) vs Deut 34:10 (12): [insert: '' -> 'ולא קם נביא עוד בישראל כמשה אשר ידעו יהוה'] =פנים [replace: 'בפנים דבר יהוה עמכם בהר מתוך האש' -> 'אל פנים']
  Deut 5:5 (20) vs Exod 20:21 (10): [replace: 'אנכי עמד בין יהוה וביניכם בעת ההוא להגיד לכם את דבר יהוה כי יראתם מפני האש ולא עליתם בהר לאמר' -> 'ויעמד העם מרחק ומשה נגש אל הערפל אשר שם האלהים']
  Deut 5:5 (20) vs Exod 20:18 (18): [replace: 'אנכי עמד בין יהוה וביניכם בעת ההוא להגיד לכם' -> 'וכל העם ראים'] =את [replace: 'דבר יהוה כי יראתם מפני האש ולא עליתם בהר לאמר' -> 'הקולת ואת הלפידם ואת קול השפר ואת ההר עשן וירא העם וינעו ויעמדו מרחק']
  Deut 5:5 (20) vs Deut 4:11 (13): [replace: 'אנכי עמד בין יהוה וביניכם בעת ההוא להגיד לכם את דבר יהוה כי יראתם מפני האש ולא עליתם בהר לאמר' -> 'ותקרבון ותעמדון תחת ההר וההר בער באש עד לב השמים חשך ענן וערפל']
  Deut 5:9 (21) vs Exod 34:7 (22): [insert: '' -> 'נצר חסד לאלפים נשא עון ופשע וחטאה ונקה'] =לא [replace: 'תשתחוה להם ולא תעבדם כי אנכי יהוה אלהיך אל קנא' -> 'ינקה'] =פקד עון אבות על בנים ועל [insert: '' -> 'בני בנים על'] =שלשים ועל רבעים [delete: 'לשנאי' -> '']
  Deut 5:9 (21) vs Exod 34:14 (12): [insert: '' -> 'כי'] =לא תשתחוה [replace: 'להם ולא תעבדם' -> 'לאל אחר'] =כי [delete: 'אנכי' -> ''] =יהוה [replace: 'אלהיך' -> 'קנא שמו'] =אל קנא [replace: 'פקד עון אבות על בנים ועל שלשים ועל רבעים לשנאי' -> 'הוא']
  Deut 5:10 (6) vs Deut 7:9 (16): [replace: 'ועשה חסד לאלפים לאהבי' -> 'וידעת כי יהוה אלהיך הוא האלהים האל הנאמן שמר הברית והחסד לאהביו'] =ולשמרי מצותו [insert: '' -> 'לאלף דור']
  Deut 5:12 (9) vs Lev 19:3 (10): [replace: 'שמור את יום השבת לקדשו כאשר צוך' -> 'איש אמו ואביו תיראו ואת שבתתי תשמרו אני'] =יהוה [replace: 'אלהיך' -> 'אלהיכם']
  Deut 5:14 (26) vs Exod 23:12 (15): [replace: 'ויום' -> 'ששת ימים תעשה מעשיך וביום'] =השביעי [replace: 'שבת ליהוה אלהיך לא תעשה כל מלאכה אתה ובנך ובתך ועבדך ואמתך ושורך וחמרך וכל בהמתך וגרך אשר בשעריך' -> 'תשבת'] =למען ינוח [replace: 'עבדך ואמתך כמוך' -> 'שורך וחמרך וינפש בן אמתך והגר']
  Deut 5:14 (26) vs Exod 31:15 (17): [replace: 'ויום' -> 'ששת ימים יעשה מלאכה וביום'] =השביעי שבת [insert: '' -> 'שבתון קדש'] =ליהוה [delete: 'אלהיך לא תעשה' -> ''] =כל [insert: '' -> 'העשה'] =מלאכה [replace: 'אתה ובנך ובתך ועבדך ואמתך ושורך וחמרך וכל בהמתך וגרך אשר בשעריך למען ינוח עבדך ואמתך כמוך' -> 'ביום השבת מות יומת']
  Deut 5:15 (23) vs Deut 15:15 (17): =וזכרת כי עבד היית בארץ מצרים [replace: 'ויצאך' -> 'ויפדך'] =יהוה אלהיך [delete: 'משם ביד חזקה ובזרע נטויה' -> ''] =על כן [replace: 'צוך יהוה אלהיך לעשות' -> 'אנכי מצוך'] =את [replace: 'יום השבת' -> 'הדבר הזה היום']
  Deut 5:15 (23) vs Deut 24:18 (17): =וזכרת כי עבד היית [replace: 'בארץ מצרים ויצאך' -> 'במצרים ויפדך'] =יהוה אלהיך משם [delete: 'ביד חזקה ובזרע נטויה' -> ''] =על כן [replace: 'צוך יהוה אלהיך' -> 'אנכי מצוך'] =לעשות את [replace: 'יום השבת' -> 'הדבר הזה']
  Deut 5:15 (23) vs Deut 24:22 (14): =וזכרת כי עבד היית בארץ מצרים [delete: 'ויצאך יהוה אלהיך משם ביד חזקה ובזרע נטויה' -> ''] =על כן [replace: 'צוך יהוה אלהיך' -> 'אנכי מצוך'] =לעשות את [replace: 'יום השבת' -> 'הדבר הזה']
  Deut 5:15 (23) vs Deut 16:12 (10): =וזכרת כי עבד היית [replace: 'בארץ מצרים ויצאך יהוה אלהיך משם ביד חזקה ובזרע נטויה על כן צוך יהוה אלהיך לעשות' -> 'במצרים ושמרת ועשית'] =את [replace: 'יום השבת' -> 'החקים האלה']
  Deut 5:15 (23) vs Deut 4:34 (27): [replace: 'וזכרת כי עבד היית בארץ מצרים ויצאך' -> 'או הנסה אלהים לבוא לקחת לו גוי מקרב גוי במסת באתת ובמופתים ובמלחמה וביד חזקה ובזרוע נטויה ובמוראים גדלים ככל אשר עשה לכם'] =יהוה [replace: 'אלהיך משם ביד חזקה ובזרע נטויה על כן צוך יהוה אלהיך לעשות את יום השבת' -> 'אלהיכם במצרים לעיניך']
  Deut 5:16 (22) vs Deut 4:40 (26): [replace: 'כבד' -> 'ושמרת'] =את [replace: 'אביך' -> 'חקיו'] =ואת [replace: 'אמך כאשר צוך יהוה אלהיך למען יאריכן ימיך ולמען' -> 'מצותיו אשר אנכי מצוך היום אשר'] =ייטב לך [insert: '' -> 'ולבניך אחריך ולמען תאריך ימים'] =על האדמה אשר יהוה אלהיך נתן לך [insert: '' -> 'כל הימים']
  Deut 5:16 (22) vs Lev 19:3 (10): [replace: 'כבד את אביך' -> 'איש אמו ואביו תיראו'] =ואת [replace: 'אמך כאשר צוך' -> 'שבתתי תשמרו אני'] =יהוה [replace: 'אלהיך למען יאריכן ימיך ולמען ייטב לך על האדמה אשר יהוה אלהיך נתן לך' -> 'אלהיכם']
  Deut 5:20 (5) vs Exod 23:1 (12): [replace: 'ולא תענה ברעך' -> 'לא תשא שמע שוא אל תשת ידך עם רשע להית'] =עד [replace: 'שוא' -> 'חמס']
  Deut 5:22 (24) vs Deut 4:13 (15): [insert: '' -> 'ויגד לכם'] =את [insert: '' -> 'בריתו אשר צוה אתכם לעשות עשרת'] =הדברים [delete: 'האלה דבר יהוה אל כל קהלכם בהר מתוך האש הענן והערפל קול גדול ולא יסף' -> ''] =ויכתבם על שני [replace: 'לחת' -> 'לחות'] =אבנים [delete: 'ויתנם אלי' -> '']
  Deut 5:22 (24) vs Deut 9:10 (22): [insert: '' -> 'ויתן יהוה אלי'] =את [insert: '' -> 'שני לוחת האבנים כתבים באצבע אלהים ועליהם ככל'] =הדברים [replace: 'האלה' -> 'אשר'] =דבר יהוה [replace: 'אל כל קהלכם' -> 'עמכם'] =בהר מתוך האש [replace: 'הענן והערפל קול גדול ולא יסף ויכתבם על שני לחת אבנים ויתנם אלי' -> 'ביום הקהל']
  Deut 5:22 (24) vs Deut 10:4 (20): [insert: '' -> 'ויכתב על הלחת כמכתב הראשון'] =את [insert: '' -> 'עשרת'] =הדברים [replace: 'האלה' -> 'אשר'] =דבר יהוה [replace: 'אל כל קהלכם' -> 'אליכם'] =בהר מתוך האש [replace: 'הענן והערפל קול גדול ולא יסף ויכתבם על שני לחת אבנים' -> 'ביום הקהל'] =ויתנם [insert: '' -> 'יהוה'] =אלי
  Deut 5:22 (24) vs Deut 18:16 (26): [insert: '' -> 'ככל אשר שאלת מעם יהוה אלהיך בחרב ביום הקהל לאמר לא אסף לשמע'] =את [replace: 'הדברים האלה דבר' -> 'קול'] =יהוה [replace: 'אל כל קהלכם בהר מתוך' -> 'אלהי ואת'] =האש [replace: 'הענן והערפל קול גדול' -> 'הגדלה הזאת לא אראה עוד'] =ולא [replace: 'יסף ויכתבם על שני לחת אבנים ויתנם אלי' -> 'אמות']
  Deut 5:22 (24) vs Exod 31:18 (16): [replace: 'את הדברים האלה דבר יהוה' -> 'ויתן'] =אל [replace: 'כל קהלכם' -> 'משה ככלתו לדבר אתו'] =בהר [replace: 'מתוך האש הענן והערפל קול גדול ולא יסף ויכתבם על' -> 'סיני'] =שני לחת [replace: 'אבנים ויתנם אלי' -> 'העדת לחת אבן כתבים באצבע אלהים']
  Deut 5:22 (24) vs Exod 19:19 (11): [replace: 'את הדברים האלה דבר יהוה אל כל קהלכם בהר מתוך האש הענן והערפל' -> 'ויהי'] =קול [replace: 'גדול ולא יסף ויכתבם על שני לחת אבנים ויתנם אלי' -> 'השופר הולך וחזק מאד משה ידבר והאלהים יעננו בקול']
  Deut 5:22 (24) vs Exod 24:12 (19): [replace: 'את הדברים האלה דבר' -> 'ויאמר'] =יהוה אל [replace: 'כל קהלכם בהר מתוך האש הענן והערפל קול גדול ולא יסף ויכתבם על שני' -> 'משה עלה אלי ההרה והיה שם ואתנה לך את'] =לחת [replace: 'אבנים ויתנם אלי' -> 'האבן והתורה והמצוה אשר כתבתי להורתם']
  Deut 5:23 (15) vs Deut 4:11 (13): [replace: 'ויהי כשמעכם את הקול מתוך החשך' -> 'ותקרבון ותעמדון תחת ההר'] =וההר בער באש [replace: 'ותקרבון אלי כל ראשי שבטיכם וזקניכם' -> 'עד לב השמים חשך ענן וערפל']
  Deut 5:23 (15) vs Deut 1:22 (24): [delete: 'ויהי כשמעכם את הקול מתוך החשך וההר בער באש' -> ''] =ותקרבון אלי [replace: 'כל ראשי שבטיכם וזקניכם' -> 'כלכם ותאמרו נשלחה אנשים לפנינו ויחפרו לנו את הארץ וישבו אתנו דבר את הדרך אשר נעלה בה ואת הערים אשר נבא אליהן']
  Deut 5:23 (15) vs Exod 20:18 (18): [replace: 'ויהי כשמעכם' -> 'וכל העם ראים'] =את [replace: 'הקול מתוך החשך וההר בער באש ותקרבון אלי כל ראשי שבטיכם וזקניכם' -> 'הקולת ואת הלפידם ואת קול השפר ואת ההר עשן וירא העם וינעו ויעמדו מרחק']
  Deut 5:24 (23) vs Deut 4:33 (11): [replace: 'ותאמרו הן הראנו יהוה אלהינו את כבדו ואת גדלו ואת קלו שמענו' -> 'השמע עם קול אלהים מדבר'] =מתוך האש [replace: 'היום הזה ראינו כי ידבר אלהים את האדם וחי' -> 'כאשר שמעת אתה ויחי']
  Deut 5:24 (23) vs Deut 4:36 (16): [replace: 'ותאמרו הן הראנו יהוה אלהינו' -> 'מן השמים השמיעך'] =את [delete: 'כבדו ואת גדלו ואת' -> ''] =קלו [replace: 'שמענו' -> 'ליסרך ועל הארץ הראך את אשו הגדולה ודבריו שמעת'] =מתוך האש [delete: 'היום הזה ראינו כי ידבר אלהים את האדם וחי' -> '']
  Deut 5:25 (18) vs Exod 20:19 (13): [replace: 'ועתה למה' -> 'ויאמרו אל משה דבר אתה עמנו ונשמעה ואל ידבר עמנו אלהים פן'] =נמות [delete: 'כי תאכלנו האש הגדלה הזאת אם יספים אנחנו לשמע את קול יהוה אלהינו עוד ומתנו' -> '']
  Deut 5:25 (18) vs Deut 18:16 (26): [replace: 'ועתה למה נמות כי תאכלנו האש הגדלה הזאת אם יספים אנחנו' -> 'ככל אשר שאלת מעם יהוה אלהיך בחרב ביום הקהל לאמר לא אסף'] =לשמע את קול יהוה [replace: 'אלהינו' -> 'אלהי ואת האש הגדלה הזאת לא אראה'] =עוד [replace: 'ומתנו' -> 'ולא אמות']
  Deut 5:26 (14) vs Deut 4:33 (11): [replace: 'כי מי כל בשר אשר שמע' -> 'השמע עם'] =קול אלהים [delete: 'חיים' -> ''] =מדבר מתוך האש [replace: 'כמנו' -> 'כאשר שמעת אתה'] =ויחי
  Deut 5:27 (21) vs Exod 20:19 (13): [replace: 'קרב' -> 'ויאמרו אל משה דבר'] =אתה [replace: 'ושמע את כל אשר יאמר יהוה אלהינו ואת תדבר אלינו את כל אשר' -> 'עמנו ונשמעה ואל'] =ידבר [replace: 'יהוה אלהינו אליך ושמענו ועשינו' -> 'עמנו אלהים פן נמות']
  Deut 5:27 (21) vs Exod 24:7 (13): [replace: 'קרב אתה ושמע את' -> 'ויקח ספר הברית ויקרא באזני העם ויאמרו'] =כל אשר [replace: 'יאמר' -> 'דבר'] =יהוה [replace: 'אלהינו ואת תדבר אלינו את כל אשר ידבר יהוה אלהינו אליך ושמענו ועשינו' -> 'נעשה ונשמע']
  Deut 5:27 (21) vs Exod 24:3 (23): [replace: 'קרב אתה ושמע' -> 'ויבא משה ויספר לעם'] =את כל [insert: '' -> 'דברי יהוה ואת כל המשפטים ויען כל העם קול אחד ויאמרו כל הדברים'] =אשר [replace: 'יאמר' -> 'דבר'] =יהוה [replace: 'אלהינו ואת תדבר אלינו את כל אשר ידבר יהוה אלהינו אליך ושמענו ועשינו' -> 'נעשה']
  Deut 5:27 (21) vs Exod 19:8 (17): [replace: 'קרב אתה ושמע את' -> 'ויענו כל העם יחדו ויאמרו'] =כל אשר [replace: 'יאמר' -> 'דבר'] =יהוה [replace: 'אלהינו ואת תדבר אלינו' -> 'נעשה וישב משה'] =את [replace: 'כל אשר ידבר' -> 'דברי העם אל'] =יהוה [delete: 'אלהינו אליך ושמענו ועשינו' -> '']
  Deut 5:28 (23) vs Deut 18:17 (6): [delete: 'וישמע יהוה את קול דבריכם בדברכם אלי' -> ''] =ויאמר יהוה אלי [replace: 'שמעתי את קול דברי העם הזה' -> 'היטיבו'] =אשר דברו [delete: 'אליך היטיבו כל אשר דברו' -> '']
  Deut 5:28 (23) vs Deut 1:34 (8): =וישמע יהוה את קול דבריכם [replace: 'בדברכם אלי ויאמר יהוה אלי שמעתי את קול דברי העם הזה אשר דברו אליך היטיבו כל אשר דברו' -> 'ויקצף וישבע לאמר']
  Deut 5:29 (19) vs Deut 4:40 (26): [replace: 'מי יתן והיה לבבם זה להם ליראה אתי ולשמר' -> 'ושמרת'] =את [replace: 'כל מצותי' -> 'חקיו ואת מצותיו אשר אנכי מצוך היום אשר ייטב לך ולבניך אחריך ולמען תאריך ימים על האדמה אשר יהוה אלהיך נתן לך'] =כל הימים [delete: 'למען ייטב להם ולבניהם לעלם' -> '']
  Deut 5:29 (19) vs Deut 6:2 (23): [replace: 'מי יתן והיה לבבם זה להם ליראה אתי ולשמר' -> 'למען תירא את יהוה אלהיך לשמר'] =את כל [replace: 'מצותי' -> 'חקתיו ומצותיו אשר אנכי מצוך אתה ובנך ובן בנך'] =כל [replace: 'הימים למען ייטב להם ולבניהם לעלם' -> 'ימי חייך ולמען יארכן ימיך']
  Deut 5:29 (19) vs Deut 12:28 (23): [replace: 'מי יתן והיה לבבם זה להם ליראה אתי ולשמר' -> 'שמר ושמעת'] =את כל [replace: 'מצותי כל הימים' -> 'הדברים האלה אשר אנכי מצוך'] =למען ייטב [replace: 'להם ולבניהם לעלם' -> 'לך ולבניך אחריך עד עולם כי תעשה הטוב והישר בעיני יהוה אלהיך']
  Deut 5:29 (19) vs Deut 6:24 (18): [replace: 'מי יתן והיה לבבם זה להם ליראה אתי ולשמר' -> 'ויצונו יהוה לעשות'] =את כל [replace: 'מצותי' -> 'החקים האלה ליראה את יהוה אלהינו לטוב לנו'] =כל הימים [replace: 'למען ייטב להם ולבניהם לעלם' -> 'לחיתנו כהיום הזה']
  Deut 5:30 (6) vs Deut 1:40 (8): [replace: 'לך אמר להם שובו' -> 'ואתם פנו'] =לכם [replace: 'לאהליכם' -> 'וסעו המדברה דרך ים סוף']
  Deut 5:31 (20) vs Deut 4:14 (17): [replace: 'ואתה פה עמד עמדי ואדברה אליך את כל המצוה והחקים והמשפטים אשר תלמדם ועשו' -> 'ואתי צוה יהוה בעת ההוא ללמד אתכם חקים ומשפטים לעשתכם אתם'] =בארץ אשר [replace: 'אנכי נתן להם' -> 'אתם עברים שמה'] =לרשתה
  Deut 5:31 (20) vs Deut 6:1 (17): [replace: 'ואתה פה עמד עמדי ואדברה אליך את כל' -> 'וזאת'] =המצוה [replace: 'והחקים' -> 'החקים'] =והמשפטים אשר [replace: 'תלמדם ועשו' -> 'צוה יהוה אלהיכם ללמד אתכם לעשות'] =בארץ אשר [replace: 'אנכי נתן להם' -> 'אתם עברים שמה'] =לרשתה
  Deut 5:31 (20) vs Deut 12:1 (21): [replace: 'ואתה פה עמד עמדי ואדברה אליך את כל המצוה והחקים' -> 'אלה החקים'] =והמשפטים אשר [replace: 'תלמדם ועשו' -> 'תשמרון לעשות'] =בארץ אשר [delete: 'אנכי' -> ''] =נתן [replace: 'להם' -> 'יהוה אלהי אבתיך לך'] =לרשתה [insert: '' -> 'כל הימים אשר אתם חיים על האדמה']
  Deut 5:31 (20) vs Exod 24:12 (19): [replace: 'ואתה פה עמד עמדי ואדברה אליך' -> 'ויאמר יהוה אל משה עלה אלי ההרה והיה שם ואתנה לך'] =את [replace: 'כל המצוה והחקים והמשפטים' -> 'לחת האבן והתורה והמצוה'] =אשר [replace: 'תלמדם ועשו בארץ אשר אנכי נתן להם לרשתה' -> 'כתבתי להורתם']
  Deut 5:31 (20) vs Exod 24:2 (12): [replace: 'ואתה פה עמד עמדי ואדברה אליך את כל המצוה והחקים והמשפטים אשר תלמדם ועשו בארץ אשר אנכי נתן להם לרשתה' -> 'ונגש משה לבדו אל יהוה והם לא יגשו והעם לא יעלו עמו']
  Deut 5:32 (11) vs Deut 17:11 (20): [replace: 'ושמרתם לעשות כאשר צוה יהוה אלהיכם אתכם' -> 'על פי התורה אשר יורוך ועל המשפט אשר יאמרו לך תעשה'] =לא [replace: 'תסרו' -> 'תסור מן הדבר אשר יגידו לך'] =ימין ושמאל
  Deut 5:32 (11) vs Deut 17:20 (19): [replace: 'ושמרתם לעשות כאשר צוה יהוה אלהיכם אתכם לא תסרו' -> 'לבלתי רום לבבו מאחיו ולבלתי סור מן המצוה'] =ימין [replace: 'ושמאל' -> 'ושמאול למען יאריך ימים על ממלכתו הוא ובניו בקרב ישראל']
  Deut 5:32 (11) vs Deut 28:14 (16): [replace: 'ושמרתם לעשות כאשר צוה יהוה אלהיכם' -> 'ולא תסור מכל הדברים אשר אנכי מצוה'] =אתכם [replace: 'לא תסרו' -> 'היום'] =ימין [replace: 'ושמאל' -> 'ושמאול ללכת אחרי אלהים אחרים לעבדם']
  Deut 5:32 (11) vs Josh 1:7 (22): [replace: 'ושמרתם' -> 'רק חזק ואמץ מאד לשמר'] =לעשות [replace: 'כאשר צוה יהוה אלהיכם אתכם לא תסרו' -> 'ככל התורה אשר צוך משה עבדי אל תסור ממנו'] =ימין [replace: 'ושמאל' -> 'ושמאול למען תשכיל בכל אשר תלך']
  Deut 5:33 (17) vs Deut 4:40 (26): [replace: 'בכל הדרך' -> 'ושמרת את חקיו ואת מצותיו'] =אשר [replace: 'צוה' -> 'אנכי מצוך היום אשר ייטב לך ולבניך אחריך ולמען תאריך ימים על האדמה אשר'] =יהוה [replace: 'אלהיכם אתכם תלכו למען תחיון וטוב לכם והארכתם ימים בארץ אשר תירשון' -> 'אלהיך נתן לך כל הימים']
  Deut 5:33 (17) vs Deut 6:2 (23): [replace: 'בכל הדרך' -> 'למען תירא את יהוה אלהיך לשמר את כל חקתיו ומצותיו'] =אשר [replace: 'צוה יהוה אלהיכם אתכם תלכו למען תחיון וטוב לכם והארכתם ימים בארץ אשר תירשון' -> 'אנכי מצוך אתה ובנך ובן בנך כל ימי חייך ולמען יארכן ימיך']
  Deut 5:33 (17) vs Deut 8:6 (9): [replace: 'בכל הדרך אשר צוה' -> 'ושמרת את מצות'] =יהוה [replace: 'אלהיכם אתכם תלכו למען תחיון וטוב לכם והארכתם ימים בארץ אשר תירשון' -> 'אלהיך ללכת בדרכיו וליראה אתו']
  Deut 5:33 (17) vs Deut 11:22 (22): [replace: 'בכל הדרך' -> 'כי אם שמר תשמרון את כל המצוה הזאת'] =אשר [replace: 'צוה' -> 'אנכי מצוה אתכם לעשתה לאהבה את'] =יהוה אלהיכם [replace: 'אתכם תלכו למען תחיון וטוב לכם והארכתם ימים בארץ אשר תירשון' -> 'ללכת בכל דרכיו ולדבקה בו']
  Deut 5:33 (17) vs Deut 4:1 (24): [replace: 'בכל הדרך' -> 'ועתה ישראל שמע אל החקים ואל המשפטים'] =אשר [replace: 'צוה' -> 'אנכי מלמד אתכם לעשות למען תחיו ובאתם וירשתם את הארץ אשר'] =יהוה [replace: 'אלהיכם אתכם תלכו למען תחיון וטוב' -> 'אלהי אבתיכם נתן'] =לכם [delete: 'והארכתם ימים בארץ אשר תירשון' -> '']
==== B. THE PHRASE CENSUSES over the whole DB (Torah where marked)
  "and Moses called to all Israel" (ויקרא משה אל כל ישראל): ['Deut 29:1', 'Deut 5:1']
  "and Moses called" (ויקרא משה): ['Deut 29:1', 'Deut 31:7', 'Deut 5:1', 'Exod 12:21', 'Exod 36:2', 'Lev 10:4', 'Num 13:16']
  "hear O Israel" (שמע ישראל): ['Deut 20:3', 'Deut 5:1', 'Deut 6:4', 'Deut 9:1']
  "the statutes and the judgments" with article (החקים והמשפטים): ['Deut 12:1', 'Deut 6:1', 'Lev 26:46']
  "and the statutes and the judgments" (והחקים והמשפטים): ['2Chr 33:8', 'Deut 4:45', 'Deut 5:31', 'Deut 6:20']
  "which I speak in your ears this day" (אשר אנכי דבר באזניכם היום): ['Deut 5:1']
  "in your ears" (באזניכם) seats: ['Deut 5:1', 'Jer 26:11', 'Jer 26:15', 'Job 13:17']
  "and you shall learn them" (ולמדתם אתם): ['Deut 11:19', 'Deut 5:1']
  "and you shall learn" (ולמדתם) seats: ['Deut 11:19', 'Deut 5:1']
  "and keep to do them" (ושמרתם לעשתם): ['Deut 5:1']
  "keep to do" (ושמרתם לעשות / ושמרת לעשות): ['Deut 11:32', 'Deut 17:10', 'Deut 5:32', 'Deut 6:3']
  "the LORD our God" (יהוה אלהינו) Deut seats: ['Deut 1:19', 'Deut 1:20', 'Deut 1:25', 'Deut 1:41', 'Deut 1:6', 'Deut 29:14', 'Deut 29:17', 'Deut 2:29', 'Deut 2:33', 'Deut 2:36', 'Deut 2:37', 'Deut 3:3', 'Deut 5:2', 'Deut 5:24', 'Deut 5:25', 'Deut 5:27', 'Deut 6:20', 'Deut 6:24', 'Deut 6:25', 'Deut 6:4']
  "made a covenant with us" (כרת עמנו ברית): ['Deut 5:2']
  "cut a covenant" (כרת ברית / כרת ... ברית) Torah: ['Exod 34:10']
  "at Horeb" (בחרב) seats: ['1Kgs 19:1', '1Kgs 19:10', '1Kgs 19:14', '1Kgs 1:51', '1Kgs 2:32', '1Kgs 2:8', '1Kgs 8:9', '1Sam 17:45', '1Sam 17:47', '2Chr 21:4', '2Chr 23:14', '2Chr 23:21', '2Chr 29:9', '2Chr 32:21', '2Chr 36:17', '2Chr 5:10', '2Kgs 11:15', '2Kgs 11:20', '2Kgs 19:37', '2Kgs 19:7', '2Kgs 8:12', '2Sam 12:9', '2Sam 1:12', '2Sam 20:10', '2Sam 3:29', 'Amos 1:11', 'Amos 4:10', 'Amos 7:11', 'Amos 7:17', 'Amos 7:9', 'Amos 9:1', 'Amos 9:10', 'Dan 11:33', 'Deut 18:16', 'Deut 1:6', 'Deut 28:69', 'Deut 4:10', 'Deut 4:15', 'Deut 5:2', 'Exod 17:6', 'Exod 22:23', 'Exod 5:3', 'Ezek 11:10', 'Ezek 17:21', 'Ezek 23:10', 'Ezek 23:25', 'Ezek 24:21', 'Ezek 25:13', 'Ezek 26:11', 'Ezek 26:6', 'Ezek 26:8', 'Ezek 28:23', 'Ezek 30:17', 'Ezek 30:21', 'Ezek 30:5', 'Ezek 30:6', 'Ezek 32:22', 'Ezek 32:23', 'Ezek 32:24', 'Ezek 33:27', 'Ezek 39:23', 'Ezek 5:12', 'Ezek 5:2', 'Ezek 6:11', 'Ezek 6:12', 'Ezek 7:15', 'Ezra 9:7', 'Hag 2:22', 'Hos 14:1', 'Hos 7:16', 'Isa 13:15', 'Isa 31:8', 'Isa 37:38', 'Isa 37:7', 'Isa 3:25', 'Jer 11:22', 'Jer 14:12', 'Jer 14:15', 'Jer 19:7', 'Jer 20:4', 'Jer 21:9', 'Jer 26:23', 'Jer 27:13', 'Jer 27:8', 'Jer 29:18', 'Jer 32:36', 'Jer 34:4', 'Jer 38:2', 'Jer 41:2', 'Jer 42:17', 'Jer 42:22', 'Jer 44:12', 'Jer 44:13', 'Jer 44:27', 'Jer 5:17', 'Josh 10:11', 'Josh 11:10', 'Josh 13:22', 'Lam 2:21', 'Mal 3:22', 'Mic 5:5', 'Num 14:3', 'Num 14:43', 'Num 20:18', 'Num 31:8', 'Ps 106:19', 'Ps 78:64']
  "not with our fathers" (לא את אבתינו): ['Deut 5:3']
  "our fathers" (אבתינו) Torah seats: ['Deut 26:7', 'Deut 5:3', 'Gen 46:34', 'Num 20:15', 'Num 36:3', 'Num 36:4']
  "this covenant" (הברית הזאת): ['2Kgs 23:3', 'Deut 29:13', 'Deut 29:8', 'Deut 5:3', 'Jer 11:2', 'Jer 11:3', 'Jer 11:6', 'Jer 11:8']
  "but with us" (כי אתנו): ['Deut 5:3']
  "here this day" (פה היום): ['Deut 12:8', 'Deut 5:3']
  "all of us alive" (כלנו חיים): ['Deut 5:3']
  "face to face" (פנים בפנים): ['Deut 5:4']
  "face to face" (פנים אל פנים): ['Deut 34:10', 'Exod 33:11', 'Ezek 20:35', 'Gen 32:31', 'Judg 6:22']
  "the LORD spoke with you" (דבר יהוה עמכם): ['Deut 5:4', 'Deut 9:10']
  "in the mountain from the midst of the fire" (בהר מתוך האש): ['Deut 10:4', 'Deut 5:22', 'Deut 5:4', 'Deut 9:10']
  "from the midst of the fire" (מתוך האש) all seats: ['Deut 10:4', 'Deut 4:12', 'Deut 4:15', 'Deut 4:33', 'Deut 4:36', 'Deut 5:22', 'Deut 5:24', 'Deut 5:26', 'Deut 5:4', 'Deut 9:10', 'Ezek 1:4']
  "I stood between" (אנכי עמד בין): ['Deut 5:5']
  "stood between" (עמד בין) seats: ['1Chr 21:16', 'Deut 5:5', 'Zech 1:8']
  "at that time" (בעת ההוא) Deut seats: ['Deut 10:1', 'Deut 10:8', 'Deut 1:16', 'Deut 1:18', 'Deut 1:9', 'Deut 2:34', 'Deut 3:12', 'Deut 3:18', 'Deut 3:21', 'Deut 3:23', 'Deut 3:4', 'Deut 3:8', 'Deut 4:14', 'Deut 5:5', 'Deut 9:20']
  "to tell you" (להגיד לכם): ['Deut 5:5']
  "the word of the LORD" (דבר יהוה) Torah seats: ['Deut 10:4', 'Deut 10:9', 'Deut 1:21', 'Deut 27:3', 'Deut 2:1', 'Deut 31:3', 'Deut 4:15', 'Deut 5:22', 'Deut 5:4', 'Deut 5:5', 'Deut 6:19', 'Deut 6:3', 'Deut 9:10', 'Deut 9:3', 'Exod 16:23', 'Exod 19:8', 'Exod 24:3', 'Exod 24:7', 'Exod 34:32', 'Exod 4:30', 'Exod 6:28', 'Exod 7:13', 'Exod 7:22', 'Exod 8:11', 'Exod 8:15', 'Exod 9:12', 'Exod 9:20', 'Exod 9:21', 'Exod 9:35', 'Gen 15:1', 'Gen 15:4', 'Gen 24:51', 'Lev 10:11', 'Lev 10:3', 'Num 12:2', 'Num 15:22', 'Num 15:31', 'Num 17:5', 'Num 23:17', 'Num 27:23', 'Num 32:31', 'Num 3:1', 'Num 5:4']
  "for you were afraid" (כי יראתם): ['Deut 5:5']
  "from before the fire" (מפני האש): ['Deut 5:5', 'Mic 1:4']
  "you did not go up the mountain" (ולא עליתם בהר): ['Deut 5:5']
  "saying" (לאמר) seats in Deut 1-6: ['Deut 1:16', 'Deut 1:28', 'Deut 1:34', 'Deut 1:37', 'Deut 1:5', 'Deut 1:6', 'Deut 1:9', 'Deut 2:17', 'Deut 2:2', 'Deut 2:26', 'Deut 2:4', 'Deut 3:18', 'Deut 3:21', 'Deut 3:23', 'Deut 5:5', 'Deut 6:20']
  "I am the LORD your God who brought you out" (אנכי יהוה אלהיך אשר הוצאתיך): ['Deut 5:6', 'Exod 20:2']
  "I am the LORD your God" (אנכי יהוה אלהיך): ['Deut 5:6', 'Deut 5:9', 'Exod 20:2', 'Exod 20:5', 'Ps 81:11']
  "from the land of Egypt from the house of bondage" (מארץ מצרים מבית עבדים): ['Deut 13:11', 'Deut 5:6', 'Deut 6:12', 'Deut 8:14', 'Exod 20:2', 'Jer 34:13', 'Josh 24:17']
  "house of bondage" (מבית עבדים / בית עבדים): ['Deut 13:11', 'Deut 13:6', 'Deut 5:6', 'Deut 6:12', 'Deut 7:8', 'Deut 8:14', 'Exod 13:14', 'Exod 13:3', 'Exod 20:2', 'Jer 34:13', 'Josh 24:17', 'Judg 6:8']
  "other gods" (אלהים אחרים) Torah count and Deut count: (19, 17)
  "before me" (על פני) after "other gods": ['Deut 5:7', 'Exod 20:3']
  "a graven image" (פסל) seats Torah: ['Deut 10:1', 'Deut 27:15', 'Deut 4:16', 'Deut 4:23', 'Deut 4:25', 'Deut 5:8', 'Exod 20:4', 'Exod 34:1', 'Lev 26:1']
  "a graven image and any form" (פסל וכל תמונה): ['Exod 20:4']
  "a graven image any form" (פסל כל תמונה): ['Deut 5:8']
  "in heaven above" (בשמים ממעל): ['1Kgs 8:23', 'Deut 4:39', 'Deut 5:8', 'Exod 20:4', 'Josh 2:11']
  "in the earth beneath" (בארץ מתחת): ['Deut 5:8', 'Exod 20:4']
  "in the waters under the earth" (במים מתחת לארץ): ['Deut 4:18', 'Deut 5:8', 'Exod 20:4']
  "you shall not bow down to them nor serve them" (לא תשתחוה להם ולא תעבדם): ['Deut 5:9', 'Exod 20:5']
  "bow down" hishtaphel 2ms (תשתחוה) seats: ['Deut 5:9', 'Exod 20:5', 'Exod 23:24', 'Exod 34:14', 'Mic 5:12', 'Ps 81:10']
  "a jealous God" (אל קנא): ['Deut 4:24', 'Deut 5:9', 'Deut 6:15', 'Exod 20:5', 'Exod 34:14']
  "visiting the iniquity of fathers upon sons" (פקד עון אבות על בנים): ['Deut 5:9', 'Exod 34:7', 'Num 14:18']
  "upon the third and upon the fourth" (על שלשים ועל רבעים): ['Exod 20:5', 'Exod 34:7', 'Num 14:18']
  "third generation" token (שלשים as 8029) seats: ['Deut 5:9', 'Exod 20:5', 'Exod 34:7', 'Gen 50:23', 'Num 14:18']
  "fourth generation" (רבעים) seats: ['1Kgs 7:5', '2Kgs 10:30', 'Deut 5:9', 'Exod 20:5', 'Exod 34:7', 'Num 14:18']
  "to those who hate me" (לשנאי): ['Deut 5:9', 'Exod 20:5']
  "and doing kindness to thousands" (ועשה חסד לאלפים): ['Deut 5:10', 'Exod 20:6']
  "to thousands" (לאלפים) seats: ['Deut 5:10', 'Exod 20:6', 'Exod 34:7', 'Jer 32:18']
  "to those who love me and keep my commandments" (לאהבי ולשמרי מצותי / מצותו): (['Exod 20:6'], ['Deut 5:10'])
  "keep his commandments" (ולשמרי מצותו / שמרי מצותו): ['Deut 27:10', 'Deut 5:10', 'Deut 7:9', 'Deut 8:2', 'Num 15:31']
  5:10 the DB row with wtype (the written-and-read pair): [('ועשה', 'HC/Vqrmsa', '6213 a', None), ('חסד', 'HNcmsa', '2617 a', None), ('לאלפים', 'HR/Acbpa', '505', None), ('לאהבי', 'HR/Vqrmpc/Sp1cs', '157', None), ('ולשמרי', 'HC/R/Vqrmpc', '8104', None), ('מצותו', 'HNcfpc/Sp3ms', '4687', 'x-ketiv')]
  Exod 20:6 the DB row with wtype: [('ועשה', 'HC/Vqrmsa', '6213 a', None), ('חסד', 'HNcmsa', '2617 a', None), ('לאלפים', 'HR/Acbpa', '505', None), ('לאהבי', 'HR/Vqrmpc/Sp1cs', '157', None), ('ולשמרי', 'HC/R/Vqrmpc', '8104', None), ('מצותי', 'HNcfpc/Sp1cs', '4687', None)]
  wtype values in chapter 5: Counter({None: 471, 'x-ketiv': 1})
  wtype values over the whole DB: Counter({None: 304239, 'x-ketiv': 1268})
  "you shall not take the name of the LORD your God in vain" (לא תשא את שם יהוה אלהיך לשוא): ['Deut 5:11', 'Exod 20:7']
  "in vain" (לשוא) seats: ['Deut 5:11', 'Exod 20:7', 'Jer 18:15', 'Jer 2:30', 'Jer 46:11', 'Jer 4:30', 'Jer 6:29', 'Ps 139:20', 'Ps 24:4']
  "for the LORD will not hold guiltless" (כי לא ינקה יהוה): ['Deut 5:11', 'Exod 20:7']
  "will not hold guiltless" (לא ינקה): ['Deut 5:11', 'Exod 20:7', 'Exod 34:7', 'Nah 1:3', 'Num 14:18', 'Prov 11:21', 'Prov 16:5', 'Prov 17:5', 'Prov 19:5', 'Prov 19:9', 'Prov 28:20', 'Prov 6:29']
  "keep the sabbath day" (שמור את יום השבת): ['Deut 5:12']
  "remember the sabbath day" (זכור את יום השבת): ['Exod 20:8']
  "keep" infinitive absolute (שמור) seats and morphs: [('1Sam 9:24', 'שמור', 'HVqsmsa'), ('Deut 5:12', 'שמור', 'HVqa'), ('Deut 6:17', 'שמור', 'HVqa'), ('Deut 16:1', 'שמור', 'HVqa'), ('Eccl 5:12', 'שמור', 'HVqsmsa'), ('Eccl 8:2', 'שמור', 'HVqv2ms'), ('Eccl 12:13', 'שמור', 'HVqv2ms')]
  "remember" infinitive absolute (זכור) seats and morphs: [('Deut 24:9', 'זכור', 'HVqa'), ('Deut 25:17', 'זכור', 'HVqa'), ('Exod 13:3', 'זכור', 'HVqa'), ('Exod 20:8', 'זכור', 'HVqa'), ('Josh 1:13', 'זכור', 'HVqa'), ('Lam 3:20', 'זכור', 'HVqa'), ('Ps 103:14', 'זכור', 'HVqrmsa'), ('Ps 132:1', 'זכור', 'HVqv2ms')]
  "to sanctify it" (לקדשו): ['Deut 5:12', 'Exod 20:8', 'Exod 28:3', 'Exod 29:36', 'Lev 8:12', 'Ps 114:2']
  "AS THE LORD YOUR GOD COMMANDED YOU" (כאשר צוך יהוה אלהיך): ['Deut 20:17', 'Deut 5:12', 'Deut 5:16']
  "as the LORD commanded" 2ms receipt (כאשר צוך) all seats: ['Deut 20:17', 'Deut 5:12', 'Deut 5:16']
  "as the LORD your God commanded you" 2mp (כאשר צוה יהוה אלהיכם אתכם): ['Deut 5:32']
  "six days you shall labor" (ששת ימים תעבד): ['Deut 5:13', 'Exod 20:9', 'Exod 34:21']
  "and do all your work" (ועשית כל מלאכתך): ['Deut 5:13', 'Exod 20:9']
  "and the seventh day is a sabbath to the LORD your God" (ויום השביעי שבת ליהוה אלהיך): ['Deut 5:14', 'Exod 20:10']
  "you shall not do any work" (לא תעשה כל מלאכה): ['Deut 5:14', 'Exod 20:10']
  "you, your son and your daughter, your manservant and your maidservant" (אתה ובנך ובתך ועבדך ואמתך): ['Deut 12:18', 'Deut 16:11', 'Deut 16:14', 'Deut 5:14']
  "your ox and your ass" (ושורך וחמרך): ['Deut 5:14']
  "and all your cattle" (וכל בהמתך): ['Deut 5:14']
  "your ox and your ass and all your cattle" (ושורך וחמרך וכל בהמתך): ['Deut 5:14']
  "and your stranger who is within your gates" (וגרך אשר בשעריך): ['Deut 31:12', 'Deut 5:14', 'Exod 20:10']
  "that your manservant and maidservant may rest" (למען ינוח עבדך ואמתך): ['Deut 5:14']
  "may rest" (ינוח) seats: ['2Kgs 15:29', 'Deut 5:14', 'Eccl 7:9', 'Exod 23:12', 'Isa 23:12', 'Job 3:13', 'Prov 21:16', 'Ps 125:3']
  "like you" (כמוך) Torah seats: ['Deut 18:18', 'Deut 33:29', 'Deut 5:14', 'Gen 41:39', 'Gen 44:18', 'Lev 19:18', 'Lev 19:34']
  "and you shall remember that you were a slave" (וזכרת כי עבד היית): ['Deut 15:15', 'Deut 16:12', 'Deut 24:18', 'Deut 24:22', 'Deut 5:15']
  "a slave in the land of Egypt" (עבד היית בארץ מצרים): ['Deut 15:15', 'Deut 24:22', 'Deut 5:15']
  "a slave in Egypt" (עבד היית במצרים): ['Deut 16:12', 'Deut 24:18']
  "and the LORD your God brought you out from there" (ויצאך יהוה אלהיך משם): ['Deut 5:15']
  "brought you out" wayyiqtol 2ms suffix (ויצאך) seats: ['Deut 5:15']
  "with a mighty hand and an outstretched arm" (ביד חזקה ובזרע נטויה): ['Deut 26:8', 'Deut 5:15']
  "mighty hand and outstretched arm" all spellings: ['Deut 26:8', 'Deut 4:34', 'Deut 5:15', 'Ezek 20:33', 'Ezek 20:34', 'Ps 136:12']
  "therefore the LORD your God commanded you" (על כן צוך יהוה אלהיך): ['Deut 5:15']
  "therefore" (על כן) Deut seats: ['Deut 10:9', 'Deut 15:11', 'Deut 15:15', 'Deut 19:7', 'Deut 24:18', 'Deut 24:22', 'Deut 5:15']
  "to do the sabbath day" (לעשות את יום השבת): ['Deut 5:15']
  "to do the sabbath" (לעשות את השבת): ['Exod 31:16']
  "for in six days the LORD made" (כי ששת ימים עשה יהוה): ['Exod 20:11', 'Exod 31:17']
  "honor your father and your mother" (כבד את אביך ואת אמך): ['Deut 5:16', 'Exod 20:12']
  "honor" piel imperative (כבד as 3513) seats: [('1Sam 15:30', 'כבדני', 'HVpv2ms/Sp1cs'), ('Isa 24:15', 'כבדו', 'HVpv2mp'), ('Prov 3:9', 'כבד', 'HVpv2ms'), ('Ps 22:24', 'כבדוהו', 'HVpv2mp/Sp3ms')]
  "his father and his mother" family — "your father and your mother" (אביך ואת אמך / אביך ואמך): ['Deut 5:16', 'Exod 20:12', 'Josh 2:18', 'Prov 23:25', 'Ruth 2:11']
  "that your days may be long" (למען יאריכן ימיך): ['Deut 5:16']
  "that your days may be long" Exodus form (למען יארכון ימיך): ['Exod 20:12']
  "and that it may go well with you" (ולמען ייטב לך): ['Deut 5:16']
  "on the ground which the LORD your God gives you" (על האדמה אשר יהוה אלהיך נתן לך): ['Deut 25:15', 'Deut 4:40', 'Deut 5:16', 'Exod 20:12']
  "you shall not murder" (לא תרצח): ['Deut 5:17', 'Exod 20:13']
  "and you shall not murder" (ולא תרצח): ['Deut 5:17', 'Exod 20:13']
  "commit adultery" 2ms (תנאף) seats: ['Deut 5:18', 'Exod 20:14']
  "steal" 2ms (תגנב) seats: ['Deut 5:19', 'Exod 20:15']
  "you shall not steal" plural (לא תגנבו): ['Lev 19:11']
  "answer against your neighbor" (תענה ברעך): ['Deut 5:20', 'Exod 20:16']
  "a vain witness" (עד שוא): ['Deut 5:20']
  "a false witness" (עד שקר): ['Deut 19:18', 'Exod 20:16', 'Prov 14:5', 'Prov 25:18', 'Prov 6:19']
  "vain" (שוא) seats Torah: ['Deut 5:11', 'Deut 5:20', 'Exod 20:7', 'Exod 23:1']
  "covet" 2ms (תחמד) seats: ['Deut 5:21', 'Deut 7:25', 'Exod 20:17', 'Prov 6:25']
  "and you shall not covet" (ולא תחמד): ['Deut 5:21']
  "your neighbor's wife" (אשת רעך): ['Deut 5:21', 'Exod 20:17']
  "desire" hitpael 2ms (תתאוה) seats: ['Deut 5:21']
  "desire" root 183 seats: ['1Chr 11:17', '1Kgs 11:37', '2Sam 23:15', '2Sam 3:21', 'Amos 5:18', 'Deut 12:20', 'Deut 14:26', 'Deut 5:21', 'Eccl 6:2', 'Isa 26:9', 'Jer 17:16', 'Job 23:13', 'Mic 7:1', 'Num 11:34', 'Num 11:4', 'Prov 13:4', 'Prov 21:10', 'Prov 21:26', 'Prov 23:3', 'Prov 23:6', 'Prov 24:1', 'Ps 106:14', 'Ps 132:13', 'Ps 132:14', 'Ps 45:12']
  "your neighbor's house" (בית רעך): ['Deut 5:21', 'Exod 20:17']
  "his field" (שדהו) seats: ['Deut 5:21', 'Exod 22:4', 'Gen 23:9', 'Gen 47:20', 'Lev 27:17', 'Lev 27:18']
  "his manservant and his maidservant" (ועבדו ואמתו): ['Deut 5:21', 'Exod 20:17']
  "his ox and his ass" (שורו וחמרו): ['Deut 5:21']
  "and all that is your neighbor's" (וכל אשר לרעך): ['Deut 5:21', 'Exod 20:17']
  "your neighbor" (רעך) count in Deut 5: 4
  "these words the LORD spoke" (את הדברים האלה דבר יהוה): ['Deut 5:22']
  "these words" (הדברים האלה) Deut 4-6 seats: ['Deut 4:30', 'Deut 5:22', 'Deut 6:6']
  "to all your assembly" (אל כל קהלכם): ['Deut 5:22']
  "your assembly" (קהלכם) seats: ['Deut 5:22']
  "the fire, the cloud and the thick darkness" (האש הענן והערפל): ['Deut 5:22']
  "a great voice" (קול גדול): ['1Kgs 8:55', '2Sam 15:23', '2Sam 19:5', 'Deut 5:22', 'Ezek 11:13', 'Ezek 8:18', 'Ezek 9:1', 'Ezra 10:12', 'Jer 51:55']
  "and he added no more" (ולא יסף): ['1Sam 15:35', 'Deut 5:22', 'Gen 38:26', 'Judg 13:21']
  "added" qal perfect 3ms (יסף) seats and morphs: [('1Sam 15:35', 'יסף', 'HVqp3ms'), ('Deut 1:11', 'יסף', 'HVhj3ms'), ('Deut 5:22', 'יסף', 'HVqp3ms'), ('Exod 8:25', 'יסף', 'HVhj3ms'), ('Gen 30:24', 'יסף', 'HVhi3ms'), ('Gen 38:26', 'יסף', 'HVqp3ms'), ('Jer 45:3', 'יסף', 'HVqp3ms'), ('Judg 13:21', 'יסף', 'HVqp3ms'), ('Lev 5:24', 'יסף', 'HVhj3ms'), ('Lev 27:31', 'יסף', 'HVhi3ms'), ('Num 5:7', 'יסף', 'HVhi3ms'), ('Num 22:19', 'יסף', 'HVhi3ms'), ('Ps 115:14', 'יסף', 'HVhj3ms')]
  "and he wrote them on two tablets of stone" (ויכתבם על שני לחת אבנים): ['Deut 5:22']
  "two tablets of stone" (שני לחת אבנים / שני לחת האבנים): ['Deut 10:3', 'Deut 4:13', 'Deut 5:22', 'Deut 9:11', 'Exod 34:1', 'Exod 34:4']
  "and gave them to me" (ויתנם אלי): ['Deut 5:22']
  "the day of the assembly" (יום הקהל / ביום הקהל): ['1Chr 13:4', '1Chr 29:1', '1Chr 29:10', '1Chr 29:20', '1Sam 17:47', '2Chr 1:3', '2Chr 20:14', '2Chr 23:3', '2Chr 28:14', '2Chr 29:28', '2Chr 29:31', '2Chr 29:32', '2Chr 30:2', '2Chr 30:23', '2Chr 30:25', '2Chr 30:4', 'Deut 10:4', 'Deut 18:16', 'Deut 31:12', 'Deut 4:10', 'Deut 9:10', 'Exod 16:3', 'Ezra 10:12', 'Ezra 10:14', 'Ezra 2:64', 'Judg 21:8', 'Lev 16:33', 'Lev 4:13', 'Lev 4:14', 'Lev 4:21', 'Lev 8:3', 'Neh 5:13', 'Neh 7:66', 'Neh 8:17', 'Neh 8:2', 'Num 10:7', 'Num 15:15', 'Num 16:33', 'Num 17:12', 'Num 19:20', 'Num 20:10', 'Num 20:12', 'Num 20:6', 'Num 22:4']
  "when you heard the voice" (כשמעכם את הקול): ['Deut 5:23']
  "from the midst of the darkness" (מתוך החשך): ['Deut 5:23']
  "and the mountain burning with fire" (וההר בער באש): ['Deut 4:11', 'Deut 5:23', 'Deut 9:15']
  "burning with fire" (בער באש): ['Deut 4:11', 'Deut 5:23', 'Deut 9:15', 'Exod 3:2']
  "and you came near to me" (ותקרבון אלי): ['Deut 1:22', 'Deut 5:23']
  "and you came near" (ותקרבון) seats: ['Deut 1:22', 'Deut 4:11', 'Deut 5:23']
  "all the heads of your tribes and your elders" (כל ראשי שבטיכם וזקניכם): ['Deut 5:23']
  "the heads of your tribes" (ראשי שבטיכם): ['Deut 1:15', 'Deut 5:23']
  "and your elders" (וזקניכם): ['Deut 5:23']
  "and you said" 2mp wayyiqtol (ותאמרו) Deut seats: ['Deut 1:14', 'Deut 1:22', 'Deut 1:27', 'Deut 1:41', 'Deut 5:24']
  "behold the LORD our God has shown us" (הן הראנו יהוה אלהינו): ['Deut 5:24']
  "his glory and his greatness" (את כבדו ואת גדלו): ['Deut 5:24']
  "his greatness" (גדלו) seats: ['1Kgs 12:10', '1Kgs 12:8', '2Chr 10:10', '2Chr 10:8', 'Deut 11:2', 'Deut 5:24', 'Esth 10:2', 'Esth 5:11', 'Jer 5:27', 'Ps 150:2', 'Ps 34:4', 'Ps 92:6']
  "his voice we heard from the midst of the fire" (ואת קלו שמענו מתוך האש): ['Deut 5:24']
  "this day we have seen" (היום הזה ראינו): ['Deut 5:24']
  "that God speaks with man and he lives" (כי ידבר אלהים את האדם וחי): ['Deut 5:24']
  "and he lives" (וחי) seats: ['1Sam 20:3', '1Sam 25:26', '2Kgs 2:2', '2Kgs 2:4', '2Kgs 2:6', '2Kgs 4:30', '2Sam 11:11', '2Sam 12:22', '2Sam 15:21', 'Amos 8:14', 'Deut 19:4', 'Deut 19:5', 'Deut 4:42', 'Deut 5:24', 'Exod 33:20', 'Ezek 18:13', 'Ezek 18:24', 'Ezek 20:11', 'Ezek 20:13', 'Ezek 20:21', 'Ezek 47:9', 'Gen 3:22', 'Jer 38:2', 'Lev 18:5', 'Lev 25:35', 'Lev 25:36', 'Neh 6:11', 'Num 21:8', 'Num 21:9']
  "and now why should we die" (ועתה למה נמות): ['Deut 5:25']
  "why should we die" (למה נמות): ['Deut 5:25', 'Gen 47:19']
  "this great fire" (האש הגדלה הזאת): ['Deut 18:16', 'Deut 5:25']
  "the great fire" (האש הגדלה / האש הגדולה): ['Deut 18:16', 'Deut 5:25']
  "if we continue to hear" (אם יספים אנחנו לשמע): ['Deut 5:25']
  "continuing" participle (יספים) seats: ['Deut 5:25']
  "the voice of the LORD our God" (קול יהוה אלהינו): ['Deut 5:25']
  "and we shall die" (ומתנו) seats: ['1Kgs 17:12', '2Kgs 7:4', 'Deut 5:25']
  "for who of all flesh" (כי מי כל בשר): ['Deut 5:26']
  "all flesh" (כל בשר) Torah seats: ['Deut 5:26', 'Gen 6:12', 'Gen 6:13', 'Gen 6:17', 'Gen 7:21', 'Gen 9:11', 'Gen 9:15', 'Gen 9:17', 'Lev 17:14']
  "the voice of the living God" (קול אלהים חיים): ['Deut 5:26']
  "the living God" (אלהים חיים): ['1Sam 17:26', '1Sam 17:36', 'Deut 5:26', 'Jer 10:10', 'Jer 23:36']
  "speaking from the midst of the fire" (מדבר מתוך האש): ['Deut 4:33', 'Deut 5:26']
  "like us and lived" (כמנו ויחי): ['Deut 5:26']
  "go you near and hear" (קרב אתה ושמע): ['Deut 5:27']
  "go near" imperative (קרב) seats: [('2Sam 20:16', 'קרב', 'HVqv2ms'), ('Deut 5:27', 'קרב', 'HVqv2ms'), ('Isa 65:5', 'קרב', 'HVqv2ms'), ('Lev 9:7', 'קרב', 'HVqv2ms')]
  "all that the LORD our God says" (את כל אשר יאמר יהוה אלהינו): ['Deut 5:27']
  "and you speak to us" (ואת תדבר אלינו): ['Deut 5:27']
  "and we will hear and do" (ושמענו ועשינו): ['Deut 5:27']
  "we will do and we will hear" (נעשה ונשמע): ['Exod 24:7']
  "we will do" (נעשה) after "all that the LORD has spoken": ['Exod 19:8', 'Exod 24:3', 'Exod 24:7']
  "and the LORD heard the voice of your words" (וישמע יהוה את קול דבריכם): ['Deut 1:34', 'Deut 5:28']
  "the voice of your words" (קול דבריכם): ['Deut 1:34', 'Deut 5:28']
  "when you spoke to me" (בדברכם אלי): ['Deut 5:28']
  "and the LORD said to me" (ויאמר יהוה אלי) Deut seats: ['Deut 10:11', 'Deut 18:17', 'Deut 1:42', 'Deut 2:2', 'Deut 2:31', 'Deut 2:9', 'Deut 3:2', 'Deut 3:26', 'Deut 5:28', 'Deut 9:12', 'Deut 9:13']
  "I have heard the voice of the words of this people" (שמעתי את קול דברי העם הזה): ['Deut 5:28']
  "they have well said" (היטיבו כל אשר דברו): ['Deut 5:28']
  "they have done well" (היטיבו) seats: ['Deut 18:17', 'Deut 5:28', 'Hos 10:1', 'Jer 26:13', 'Jer 7:3', 'Ps 33:3']
  "who would give" (מי יתן) seats: ['2Sam 19:1', 'Deut 28:67', 'Deut 5:29', 'Exod 16:3', 'Jer 8:23', 'Job 11:5', 'Job 13:5', 'Job 14:13', 'Job 14:4', 'Job 19:23', 'Job 23:3', 'Job 31:31', 'Job 31:35', 'Job 6:8', 'Ps 14:7', 'Ps 53:7', 'Ps 55:7']
  "who would give that this their heart" (מי יתן והיה לבבם זה להם): ['Deut 5:29']
  "to fear me" (ליראה אתי): ['Deut 4:10', 'Deut 5:29']
  "to fear me all the days" (ליראה אתי כל הימים): ['Deut 4:10']
  "and to keep all my commandments" (ולשמר את כל מצותי): ['Deut 5:29']
  "all the days" (כל הימים) Deut seats: ['Deut 11:1', 'Deut 12:1', 'Deut 14:23', 'Deut 18:5', 'Deut 19:9', 'Deut 28:29', 'Deut 28:33', 'Deut 31:13', 'Deut 4:10', 'Deut 4:40', 'Deut 5:29', 'Deut 6:24']
  "that it may go well with them and their sons forever" (למען ייטב להם ולבניהם לעלם): ['Deut 5:29']
  "forever" (לעלם) Deut seats: ['Deut 23:7', 'Deut 32:40', 'Deut 5:29']
  "go say to them" (לך אמר להם): ['Deut 5:30']
  "return to your tents" (שובו לכם לאהליכם): ['Deut 5:30']
  "to your tents" (לאהליכם) seats: ['Deut 5:30', 'Josh 22:4']
  "and you, here stand with me" (ואתה פה עמד עמדי): ['Deut 5:31']
  "stand with me" (עמד עמדי): ['Deut 5:31']
  "with me" (עמדי) Torah seats: ['Deut 32:34', 'Deut 32:39', 'Deut 5:31', 'Exod 17:2', 'Exod 38:17', 'Gen 19:19', 'Gen 20:13', 'Gen 20:9', 'Gen 21:23', 'Gen 28:20', 'Gen 29:19', 'Gen 29:27', 'Gen 31:32', 'Gen 31:5', 'Gen 31:7', 'Gen 35:3', 'Gen 3:12', 'Gen 40:14', 'Gen 47:29', 'Lev 25:23']
  "and I will speak to you" (ואדברה אליך): ['2Sam 20:16', 'Deut 5:31']
  "all the commandment and the statutes and the judgments" (את כל המצוה והחקים והמשפטים): ['Deut 5:31']
  "the commandment, the statutes and the judgments" (המצוה החקים והמשפטים): ['Deut 6:1']
  "all the commandment" (כל המצוה) Deut seats: ['Deut 11:22', 'Deut 11:8', 'Deut 15:5', 'Deut 19:9', 'Deut 27:1', 'Deut 5:31', 'Deut 6:25', 'Deut 8:1']
  "which you shall teach them" (אשר תלמדם): ['Deut 5:31']
  "and they shall do in the land" (ועשו בארץ): ['Deut 5:31']
  "which I give them to possess it" (אשר אנכי נתן להם לרשתה): ['Deut 5:31']
  "and you shall observe to do as the LORD your God commanded you" (ושמרתם לעשות כאשר צוה יהוה אלהיכם אתכם): ['Deut 5:32']
  "you shall not turn aside right or left" (לא תסרו ימין ושמאל): ['Deut 5:32']
  "right or left" (ימין ושמאל): ['Deut 17:11', 'Deut 5:32']
  "turn aside" 2mp (תסרו) seats: ['Deut 5:32']
  "in all the way" (בכל הדרך): ['2Kgs 21:21', 'Deut 1:31', 'Deut 5:33', 'Jer 7:23', 'Josh 24:17', 'Josh 2:22']
  "which the LORD your God commanded you, you shall walk" (אשר צוה יהוה אלהיכם אתכם תלכו): ['Deut 5:33']
  "that you may live" (למען תחיון / תחיו): ['Amos 5:14', 'Deut 4:1', 'Deut 5:33', 'Deut 8:1', 'Exod 1:22', 'Jer 35:7']
  "and it be well with you" (וטוב לכם): ['Deut 5:33']
  "and prolong days" (והארכתם ימים): ['Deut 5:33']
  "in the land which you shall possess" (בארץ אשר תירשון): ['Deut 5:33']
  "shall possess" 2mp paragogic (תירשון) seats: ['Deut 5:33']
==== C. THE NUMBER VERSES' NEIGHBORS and the rule classes
  5:9 verse_words ['לא', 'תשתחוה', 'להם', 'ולא', 'תעבדם', 'כי', 'אנכי', 'יהוה', 'אלהיך', 'אל', 'קנא', 'פקד', 'עון', 'אבות', 'על', 'בנים', 'ועל', 'שלשים*', 'ועל', 'רבעים', 'לשנאי'] | numbers [] | ordinals []
  5:10 verse_words ['ועשה', 'חסד', 'לאלפים', 'לאהבי', 'ולשמרי', 'מצותו'] | numbers [] | ordinals []
  5:13 verse_words ['ששת', 'ימים', 'תעבד', 'ועשית', 'כל', 'מלאכתך'] | numbers [6] | ordinals []
  5:14 verse_words ['ויום', 'השביעי', 'שבת', 'ליהוה', 'אלהיך', 'לא', 'תעשה', 'כל', 'מלאכה', 'אתה', 'ובנך', 'ובתך', 'ועבדך', 'ואמתך', 'ושורך', 'וחמרך', 'וכל', 'בהמתך', 'וגרך', 'אשר', 'בשעריך', 'למען', 'ינוח', 'עבדך', 'ואמתך', 'כמוך'] | numbers [] | ordinals [7]
  5:22 verse_words ['את', 'הדברים', 'האלה', 'דבר', 'יהוה', 'אל', 'כל', 'קהלכם', 'בהר', 'מתוך', 'האש', 'הענן', 'והערפל', 'קול', 'גדול', 'ולא', 'יסף', 'ויכתבם', 'על', 'שני^', 'לחת', 'אבנים', 'ויתנם', 'אלי'] | numbers [2] | ordinals []
  Exod 20:5 verse_words ['לא', 'תשתחוה', 'להם', 'ולא', 'תעבדם', 'כי', 'אנכי', 'יהוה', 'אלהיך', 'אל', 'קנא', 'פקד', 'עון', 'אבת'] … | numbers [] | ordinals []
  Exod 20:6 verse_words ['ועשה', 'חסד', 'לאלפים', 'לאהבי', 'ולשמרי', 'מצותי'] … | numbers [] | ordinals []
  Exod 20:9 verse_words ['ששת', 'ימים', 'תעבד', 'ועשית', 'כל', 'מלאכתך'] … | numbers [6] | ordinals []
  Exod 20:10 verse_words ['ויום', 'השביעי', 'שבת', 'ליהוה', 'אלהיך', 'לא', 'תעשה', 'כל', 'מלאכה', 'אתה', 'ובנך', 'ובתך', 'עבדך', 'ואמתך'] … | numbers [] | ordinals [7]
  Exod 20:11 verse_words ['כי', 'ששת', 'ימים', 'עשה', 'יהוה', 'את', 'השמים', 'ואת', 'הארץ', 'את', 'הים', 'ואת', 'כל', 'אשר'] … | numbers [6] | ordinals [7]
  Exod 34:7 verse_words ['נצר', 'חסד', 'לאלפים', 'נשא', 'עון', 'ופשע', 'וחטאה', 'ונקה', 'לא', 'ינקה', 'פקד', 'עון', 'אבות', 'על'] … | numbers [] | ordinals []
  Deut 7:9 verse_words ['וידעת', 'כי', 'יהוה', 'אלהיך', 'הוא', 'האלהים', 'האל', 'הנאמן', 'שמר', 'הברית', 'והחסד', 'לאהביו', 'ולשמרי', 'מצותו'] … | numbers [1000] | ordinals []
  Deut 9:10 verse_words ['ויתן', 'יהוה', 'אלי', 'את', 'שני^', 'לוחת', 'האבנים', 'כתבים', 'באצבע', 'אלהים', 'ועליהם', 'ככל', 'הדברים', 'אשר'] … | numbers [2] | ordinals []
  Deut 10:4 verse_words ['ויכתב', 'על', 'הלחת', 'כמכתב', 'הראשון', 'את', 'עשרת', 'הדברים', 'אשר', 'דבר', 'יהוה', 'אליכם', 'בהר', 'מתוך'] … | numbers [10] | ordinals [1]
  Exod 31:18 verse_words ['ויתן', 'אל', 'משה', 'ככלתו', 'לדבר', 'אתו', 'בהר', 'סיני', 'שני^', 'לחת', 'העדת', 'לחת', 'אבן', 'כתבים'] … | numbers [2] | ordinals []
  Deut 4:13 verse_words ['ויגד', 'לכם', 'את', 'בריתו', 'אשר', 'צוה', 'אתכם', 'לעשות', 'עשרת', 'הדברים', 'ויכתבם', 'על', 'שני^', 'לחות'] … | numbers [10, 2] | ordinals []
  "six days" (ששת ימים) parser at each Torah seat: {'Deut 16:8': [6], 'Deut 5:13': [6], 'Exod 16:26': [6], 'Exod 20:11': [6], 'Exod 20:9': [6], 'Exod 23:12': [6], 'Exod 24:16': [6], 'Exod 31:15': [6], 'Exod 31:17': [6], 'Exod 34:21': [6], 'Exod 35:2': [6], 'Lev 23:3': [6]}
  "the seventh day" (ויום השביעי / וביום השביעי) parser at Torah seats: {'Deut 16:8': [7], 'Deut 5:14': [7], 'Exod 12:16': [1, 7], 'Exod 13:6': [7], 'Exod 16:26': [7], 'Exod 20:10': [7], 'Exod 23:12': [7], 'Exod 31:15': [7], 'Exod 31:17': [7], 'Exod 34:21': [7], 'Exod 35:2': [7], 'Lev 23:3': [7], 'Num 19:12': [3, 7, 3, 7], 'Num 19:19': [3, 7, 7], 'Num 28:25': [7], 'Num 29:32': [7], 'Num 31:19': [3, 7]}
  "third" 8029 pointed forms at 5:9 and Exod 20:5, 34:7, Num 14:18: [('Deut 5:9', ['שִׁלֵּשִׁים']), ('Exod 20:5', ['שִׁלֵּשִׁים']), ('Exod 34:7', ['שִׁלֵּשִׁים']), ('Gen 50:23', ['שִׁלֵּשִׁים']), ('Num 14:18', ['שִׁלֵּשִׁים'])]
==== D. THE REGISTER — the second-person number by verse (2mp count, 2ms count, the switch points)
  per verse: {1: (3, 1), 2: (0, 0), 3: (0, 0), 4: (1, 0), 5: (4, 0), 6: (0, 2), 7: (0, 1), 8: (0, 2), 9: (0, 3), 10: (0, 0), 11: (0, 2), 12: (0, 2), 13: (0, 3), 14: (0, 15), 15: (0, 6), 16: (0, 6), 17: (0, 1), 18: (0, 1), 19: (0, 1), 20: (0, 2), 21: (0, 5), 22: (1, 0), 23: (4, 0), 24: (1, 0), 25: (0, 0), 26: (0, 0), 27: (0, 5), 28: (2, 1), 29: (0, 0), 30: (3, 2), 31: (0, 4), 32: (4, 0), 33: (7, 0)}
  verses with the singular only: [6, 7, 8, 9, 11, 12, 13, 14, 15, 16, 17, 18, 19, 20, 21, 27, 31]
  verses with the plural only: [4, 5, 22, 23, 24, 32, 33]
  verses with both: [1, 28, 30]
  verses with neither: [2, 3, 10, 25, 26, 29]
  imperatives per verse (HV.v morph): {1: [('שמע', 'HVqv2ms')], 27: [('קרב', 'HVqv2ms')], 30: [('לך', 'HVqv2ms'), ('אמר', 'HVqv2ms'), ('שובו', 'HVqv2mp')], 31: [('עמד', 'HVqv2ms')]}
  infinitive absolutes (HV.a) per verse: {12: [('שמור', 'HVqa')], 16: [('כבד', 'HVpa')]}
  negated imperfect 2nd person with לא (the prohibitions): {8: [('לא', 'תעשה', 'HVqi2ms')], 9: [('לא', 'תשתחוה', 'HVvi2ms'), ('ולא', 'תעבדם', 'HVHi2ms/Sp3mp')], 11: [('לא', 'תשא', 'HVqi2ms')], 14: [('לא', 'תעשה', 'HVqi2ms')], 17: [('לא', 'תרצח', 'HVqi2ms')], 18: [('ולא', 'תנאף', 'HVqi2ms')], 19: [('ולא', 'תגנב', 'HVqi2ms')], 20: [('ולא', 'תענה', 'HVqi2ms')], 21: [('ולא', 'תחמד', 'HVqi2ms'), ('ולא', 'תתאוה', 'HVti2ms')], 32: [('לא', 'תסרו', 'HVqi2mp')]}
  the consecutive perfects 2nd person per verse: {1: ['ולמדתם', 'ושמרתם'], 13: ['ועשית'], 15: ['וזכרת'], 33: ['והארכתם']}
  "the LORD your God" singular (יהוה אלהיך) seats in ch 5: [6, 9, 11, 12, 15, 15, 16, 16]
  "the LORD your God" plural (יהוה אלהיכם) seats: [32, 33]
  "the LORD our God" (יהוה אלהינו) seats in ch 5: [2, 24, 25, 27, 27]
  the divine name by form in chapter 5: Counter({'יהוה': 23, 'ליהוה': 1})
  "God" (אלהים) bare in chapter 5: {7: ['אלהים'], 24: ['אלהים'], 26: ['אלהים']}
  verses naming Moses: [1]
  first-person forms (1cs) per verse — whose "I": Moses (5:1, 5, 22, 28, 31) or the LORD (5:6-11, 28-31): {1: [('אנכי', 'HPp1cs')], 5: [('אנכי', 'HPp1cs')], 6: [('אנכי', 'HPp1cs'), ('הוצאתיך', 'HVhp1cs/Sp2ms')], 7: [('פני', 'HNcbpc/Sp1cs')], 9: [('אנכי', 'HPp1cs'), ('לשנאי', 'HR/Vqrmpc/Sp1cs')], 10: [('לאהבי', 'HR/Vqrmpc/Sp1cs')], 22: [('אלי', 'HR/Sp1cs')], 23: [('אלי', 'HR/Sp1cs')], 28: [('אלי', 'HR/Sp1cs'), ('אלי', 'HR/Sp1cs'), ('שמעתי', 'HVqp1cs')], 29: [('אתי', 'HTo/Sp1cs'), ('מצותי', 'HNcfpc/Sp1cs')], 31: [('עמדי', 'HR/Sp1cs'), ('ואדברה', 'HC/Vph1cs'), ('אנכי', 'HPp1cs')]}
  first-person plural forms (1cp) per verse: {2: [('אלהינו', 'HNcmpc/Sp1cp'), ('עמנו', 'HR/Sp1cp')], 3: [('אבתינו', 'HNcmpc/Sp1cp'), ('אתנו', 'HR/Sp1cp'), ('אנחנו', 'HPp1cp'), ('כלנו', 'HNcmsc/Sp1cp')], 24: [('הראנו', 'HVhp3ms/Sp1cp'), ('אלהינו', 'HNcmpc/Sp1cp'), ('שמענו', 'HVqp1cp'), ('ראינו', 'HVqp1cp')], 25: [('נמות', 'HVqi1cp'), ('תאכלנו', 'HVqi3fs/Sp1cp'), ('אנחנו', 'HPp1cp'), ('אלהינו', 'HNcmpc/Sp1cp'), ('ומתנו', 'HC/Vqq1cp')], 26: [('כמנו', 'HR/Sp1cp')], 27: [('אלהינו', 'HNcmpc/Sp1cp'), ('אלינו', 'HR/Sp1cp'), ('אלהינו', 'HNcmpc/Sp1cp'), ('ושמענו', 'HC/Vqq1cp'), ('ועשינו', 'HC/Vqq1cp')]}
==== E. ONKELOS chapter 5 — the renderings' seats over the book (token → seats), the phrases
  וקרא: 4 [(3, 14), (5, 1), (29, 1), (31, 7)]
  קימיא: 11 [(4, 5), (4, 6), (5, 1), (6, 1), (6, 24), (7, 11), (11, 32), (12, 1), (16, 12), (17, 19), (26, 16)]
  דיניא: 6 [(5, 1), (7, 11), (7, 12), (11, 32), (19, 18), (26, 16)]
  ממלל: 4 [(4, 33), (5, 1), (5, 4), (5, 23)]
  קדמיכון: 10 [(1, 8), (1, 30), (1, 33), (4, 8), (5, 1), (11, 25), (11, 26), (11, 32), (20, 4), (31, 5)]
  ותלפון: 2 [(5, 1), (11, 19)]
  ותטרון: 6 [(4, 6), (5, 1), (5, 29), (7, 12), (11, 32), (29, 8)]
  למעבדהון: 3 [(5, 1), (7, 11), (17, 19)]
  גזר: 8 [(4, 23), (5, 2), (5, 3), (9, 9), (28, 69), (29, 11), (29, 13), (29, 24)]
  קים: 6 [(1, 8), (5, 2), (5, 28), (7, 2), (31, 27), (32, 40)]
  קימא: 19 [(4, 23), (4, 31), (5, 3), (5, 23), (7, 8), (7, 9), (7, 12), (9, 9), (9, 11), (9, 15), (10, 8), (28, 69), (29, 8), (29, 13), (29, 20), (29, 24), (31, 9), (31, 25), (31, 26)]
  אבהתנא: 1 [(5, 3)]
  אלהן: 9 [(1, 36), (4, 12), (5, 3), (10, 12), (12, 5), (12, 14), (12, 18), (16, 6), (32, 30)]
  הכא: 4 [(5, 3), (5, 28), (12, 8), (29, 14)]
  קימין: 8 [(4, 4), (4, 8), (4, 10), (4, 14), (5, 3), (12, 1), (29, 9), (31, 13)]
  מליל: 29 [(1, 1), (1, 3), (1, 6), (1, 11), (1, 21), (2, 1), (4, 15), (4, 45), (5, 4), (5, 19), (6, 3), (6, 19), (9, 3), (9, 10), (9, 28), (10, 4), (10, 9), (11, 25), (12, 20), (13, 3), (13, 6), (15, 6), (18, 2), (19, 8)]
  מימרא: 11 [(1, 26), (1, 43), (2, 7), (4, 33), (5, 5), (5, 22), (5, 23), (8, 3), (9, 23), (18, 16), (34, 5)]
  הויתי: 2 [(5, 5), (10, 10)]
  קאם: 3 [(5, 5), (10, 10), (29, 14)]
  בעדנא: 15 [(1, 9), (1, 16), (1, 18), (2, 34), (3, 4), (3, 8), (3, 12), (3, 18), (3, 21), (3, 23), (4, 14), (5, 5), (9, 20), (10, 1), (10, 8)]
  לחואה: 1 [(5, 5)]
  פתגמא: 26 [(1, 14), (1, 22), (1, 23), (1, 25), (4, 2), (5, 5), (9, 5), (13, 1), (13, 15), (15, 10), (15, 15), (17, 4), (17, 5), (17, 8), (17, 9), (17, 10), (17, 11), (18, 20), (18, 21), (18, 22), (19, 15), (22, 20), (22, 26), (24, 18)]
  דחלתון: 1 [(5, 5)]
  סלקתון: 1 [(5, 5)]
  למימר: 41 [(1, 5), (1, 6), (1, 9), (1, 16), (1, 28), (1, 34), (1, 37), (2, 2), (2, 4), (2, 17), (2, 26), (3, 18), (3, 21), (3, 23), (5, 5), (6, 20), (9, 4), (9, 13), (9, 23), (12, 30), (13, 3), (13, 7), (13, 13), (13, 14)]
  אפקתך: 1 [(5, 6)]
  עבדותא: 6 [(5, 6), (6, 12), (7, 8), (8, 14), (13, 6), (13, 11)]
  אלהא: 20 [(1, 11), (1, 21), (3, 24), (4, 1), (4, 7), (4, 31), (4, 39), (5, 7), (6, 3), (7, 9), (7, 21), (10, 17), (12, 1), (26, 7), (27, 3), (29, 24), (32, 4), (32, 15), (32, 18), (33, 27)]
  אחרן: 7 [(5, 7), (20, 5), (20, 6), (20, 7), (24, 2), (28, 30), (28, 32)]
  בר: 26 [(1, 36), (1, 38), (3, 5), (3, 14), (4, 35), (5, 7), (11, 6), (13, 7), (15, 3), (15, 12), (15, 13), (15, 18), (18, 8), (21, 16), (21, 17), (21, 18), (23, 5), (25, 2), (28, 38), (28, 69), (31, 2), (31, 23), (32, 39), (32, 44)]
  מני: 5 [(1, 41), (3, 26), (5, 7), (7, 17), (32, 39)]
  צלם: 5 [(4, 16), (4, 23), (4, 25), (5, 8), (27, 15)]
  דמות: 7 [(4, 15), (4, 16), (4, 17), (4, 18), (4, 23), (4, 25), (5, 8)]
  מלעלא: 4 [(3, 24), (4, 39), (5, 8), (33, 13)]
  מלרע: 4 [(4, 18), (4, 39), (5, 8), (33, 13)]
  תסגוד: 1 [(5, 9)]
  תפלחנון: 1 [(5, 9)]
  מסער: 1 [(5, 9)]
  חובי: 1 [(5, 9)]
  אבהן: 2 [(5, 9), (24, 16)]
  מרדין: 1 [(5, 9)]
  דר: 3 [(5, 9), (18, 6), (32, 7)]
  תליתי: 1 [(5, 9)]
  רביעי: 1 [(5, 9)]
  משלמין: 1 [(5, 9)]
  למחטי: 1 [(5, 9)]
  טיבו: 1 [(5, 10)]
  לאלפי: 2 [(5, 10), (7, 9)]
  דרין: 2 [(5, 10), (7, 9)]
  לרחמי: 1 [(5, 10)]
  ולנטרי: 2 [(5, 10), (7, 9)]
  פקודי: 2 [(5, 10), (5, 26)]
  תימי: 1 [(5, 11)]
  למגנא: 1 [(5, 11)]
  יזכי: 1 [(5, 11)]
  ימי: 1 [(5, 11)]
  לשקרא: 1 [(5, 11)]
  טר: 4 [(5, 12), (12, 28), (16, 1), (27, 1)]
  דשבתא: 2 [(5, 12), (5, 15)]
  לקדשותיה: 1 [(5, 12)]
  פקדך: 8 [(4, 23), (5, 12), (5, 15), (5, 16), (6, 17), (13, 6), (20, 17), (28, 45)]
  שתא: 7 [(5, 13), (14, 22), (15, 9), (15, 20), (16, 8), (24, 5), (31, 10)]
  תפלח: 5 [(5, 13), (6, 13), (7, 16), (10, 20), (15, 19)]
  עבדתך: 1 [(5, 13)]
  שביעאה: 2 [(5, 14), (16, 8)]
  שבתא: 1 [(5, 14)]
  עבידא: 2 [(5, 14), (16, 8)]
  וברך: 6 [(5, 14), (6, 2), (12, 18), (16, 11), (16, 14), (26, 15)]
  וברתך: 4 [(5, 14), (12, 18), (16, 11), (16, 14)]
  ותורך: 2 [(5, 14), (8, 13)]
  בעירך: 1 [(5, 14)]
  וגיורך: 3 [(5, 14), (29, 10), (31, 12)]
  בקרוך: 1 [(5, 14)]
  ינוח: 1 [(5, 14)]
  כותך: 2 [(5, 14), (18, 18)]
  ותדכר: 7 [(5, 15), (8, 2), (8, 18), (15, 15), (16, 12), (24, 18), (24, 22)]
  הויתא: 7 [(5, 15), (15, 15), (16, 12), (23, 8), (24, 18), (24, 22), (27, 9)]
  ואפקך: 2 [(4, 37), (5, 15)]
  תקיפא: 13 [(4, 34), (5, 15), (6, 21), (7, 8), (8, 15), (9, 26), (11, 2), (26, 8), (28, 23), (32, 4), (32, 15), (32, 18), (32, 37)]
  ובדרעא: 3 [(4, 34), (5, 15), (26, 8)]
  מרמא: 2 [(4, 34), (5, 15)]
  יקר: 1 [(5, 16)]
  אבוך: 3 [(5, 16), (32, 6), (32, 7)]
  דיורכון: 3 [(5, 16), (6, 2), (25, 15)]
  דיוטב: 1 [(5, 16)]
  תקטול: 2 [(5, 17), (32, 42)]
  נפש: 7 [(5, 17), (19, 6), (19, 11), (22, 26), (24, 6), (27, 25), (28, 65)]
  תגוף: 1 [(5, 17)]
  תגנוב: 1 [(5, 17)]
  תסהד: 1 [(5, 17)]
  סהדותא: 3 [(4, 45), (5, 17), (6, 20)]
  דשקרא: 1 [(5, 17)]
  תחמד: 2 [(5, 18), (7, 25)]
  אתת: 8 [(5, 18), (13, 7), (22, 22), (22, 24), (23, 1), (25, 5), (25, 11), (27, 20)]
  תרוג: 1 [(5, 18)]
  חקליה: 1 [(5, 18)]
  פתגמיא: 16 [(1, 1), (1, 18), (4, 9), (4, 30), (5, 19), (6, 6), (9, 10), (10, 2), (10, 4), (12, 28), (28, 14), (30, 1), (31, 1), (31, 28), (32, 45), (32, 46)]
  קהלכון: 1 [(5, 19)]
  עננא: 2 [(4, 11), (5, 19)]
  ואמיטתא: 2 [(4, 11), (5, 19)]
  רב: 8 [(2, 10), (2, 21), (4, 7), (4, 8), (5, 19), (7, 23), (9, 2), (26, 5)]
  פסק: 1 [(5, 19)]
  וכתבנון: 2 [(4, 13), (5, 19)]
  תרין: 14 [(1, 23), (3, 8), (4, 13), (4, 47), (5, 19), (9, 10), (9, 11), (10, 1), (10, 3), (15, 18), (17, 6), (19, 15), (19, 17), (32, 41)]
  לוחי: 8 [(4, 13), (5, 19), (9, 9), (9, 10), (9, 11), (9, 15), (10, 1), (10, 3)]
  ויהבנון: 2 [(5, 19), (10, 4)]
  חשוכא: 2 [(4, 11), (5, 20)]
  וקרבתון: 3 [(1, 22), (4, 11), (5, 20)]
  רישי: 3 [(1, 15), (5, 20), (33, 5)]
  וסביכון: 1 [(5, 20)]
  אחזינא: 1 [(5, 21)]
  יקריה: 2 [(5, 21), (33, 2)]
  רבותיה: 2 [(5, 21), (11, 2)]
  מימריה: 10 [(3, 22), (4, 24), (4, 36), (5, 21), (9, 3), (11, 1), (20, 1), (23, 15), (31, 3), (31, 8)]
  שמענא: 1 [(5, 21)]
  חזינא: 2 [(1, 28), (5, 21)]
  אנשא: 5 [(4, 28), (5, 21), (8, 3), (32, 8), (32, 26)]
  ויתקים: 5 [(4, 33), (4, 42), (5, 21), (19, 4), (19, 5)]
  וכען: 6 [(4, 1), (5, 22), (10, 12), (10, 22), (26, 10), (31, 19)]
  תיכלננא: 1 [(5, 22)]
  מוספין: 1 [(5, 22)]
  ומיתין: 1 [(5, 22)]
  בשרא: 6 [(1, 1), (5, 23), (12, 15), (12, 20), (12, 23), (12, 27)]
  כותנא: 1 [(5, 23)]
  ואתקים: 1 [(5, 23)]
  יימר: 2 [(5, 24), (15, 16)]
  ונקבל: 1 [(5, 24)]
  ונעבד: 1 [(5, 24)]
  ושמיע: 2 [(1, 34), (5, 25)]
  פתגמיכון: 3 [(1, 34), (4, 21), (5, 25)]
  במללותכון: 1 [(5, 25)]
  אתקינו: 2 [(5, 25), (18, 8)]
  לוי: 3 [(5, 26), (21, 5), (31, 9)]
  לבא: 6 [(5, 26), (20, 8), (28, 28), (28, 47), (29, 3), (30, 6)]
  למדחל: 8 [(4, 10), (5, 26), (6, 24), (10, 12), (14, 23), (17, 19), (28, 58), (31, 13)]
  ולמטר: 4 [(5, 26), (26, 17), (26, 18), (30, 16)]
  ולבניהון: 3 [(1, 8), (5, 26), (11, 9)]
  אזל: 4 [(2, 27), (4, 3), (5, 27), (29, 18)]
  תובו: 1 [(5, 27)]
  למשכניכון: 1 [(5, 27)]
  ואמלל: 3 [(5, 28), (31, 28), (32, 1)]
  תפקדתא: 13 [(5, 28), (6, 1), (6, 25), (7, 11), (8, 1), (11, 8), (11, 22), (15, 5), (17, 20), (19, 9), (27, 1), (30, 11), (31, 5)]
  למירתה: 25 [(3, 18), (4, 5), (4, 14), (4, 26), (5, 28), (6, 1), (7, 1), (9, 6), (11, 8), (11, 10), (11, 11), (11, 29), (12, 1), (15, 4), (19, 2), (19, 14), (21, 1), (23, 21), (25, 19), (28, 21), (28, 63), (30, 16), (30, 18), (31, 13)]
  תסטון: 2 [(5, 29), (28, 14)]
  ימינא: 5 [(2, 27), (5, 29), (17, 11), (17, 20), (28, 14)]
  ושמאלא: 5 [(2, 27), (5, 29), (17, 11), (17, 20), (28, 14)]
  ארחא: 12 [(1, 22), (1, 31), (5, 30), (8, 2), (9, 12), (9, 16), (11, 28), (13, 6), (14, 24), (19, 3), (19, 6), (31, 29)]
  תהכון: 4 [(1, 33), (5, 30), (6, 14), (13, 5)]
  דתיחון: 3 [(4, 1), (5, 30), (8, 1)]
  וייטב: 2 [(5, 30), (19, 13)]
  ותורכון: 1 [(5, 30)]
  תירתון: 1 [(5, 30)]
---- phrases
  'ממלל עם ממלל': 1 [(5, 4)]
  'בין מימרא דיי': 1 [(5, 5)]
  'מימרא דיי': 24 [(1, 26), (1, 32), (1, 43), (2, 7), (4, 33), (5, 5), (5, 22), (5, 23), (8, 3), (8, 20), (9, 23), (13, 19), (15, 5), (18, 16), (26, 14), (27, 10), (28, 1), (28, 2), (28, 15), (28, 45), (28, 62), (30, 8), (30, 10), (34, 5)]
  'קל מימרא דיי': 4 [(4, 33), (5, 22), (5, 23), (18, 16)]
  'קל מימריה': 2 [(4, 36), (5, 21)]
  'ית קל מימריה': 2 [(4, 36), (5, 21)]
  'ולא פסק': 1 [(5, 19)]
  'תקטול נפש': 1 [(5, 17)]
  'לאלפי דרין': 2 [(5, 10), (7, 9)]
  'כד משלמין': 1 [(5, 9)]
  'בנין מרדין': 1 [(5, 9)]
  'ונקבל ונעבד': 1 [(5, 24)]
  'ושמיע קדם יי': 2 [(1, 34), (5, 25)]
  'שמיע קדמי': 1 [(5, 25)]
  'לוי די': 1 [(5, 26)]
  'קדם יי אלהך': 48 [(4, 10), (4, 25), (5, 14), (6, 2), (7, 6), (9, 7), (10, 12), (12, 18), (12, 28), (12, 31), (13, 17), (13, 19), (14, 2), (14, 21), (14, 23), (14, 26), (15, 19), (15, 20), (15, 21), (16, 1), (16, 2), (16, 8), (16, 10), (16, 11)]
  'שבתא קדם יי': 1 [(5, 14)]
  'סהדותא דשקרא': 1 [(5, 17)]
  'בר מני': 3 [(4, 35), (5, 7), (32, 39)]
  'אלהא אחרן': 1 [(5, 7)]
  'לא עם אבהתנא': 1 [(5, 3)]
  'אלהן עמנא': 1 [(5, 3)]
  'למדחל קדמי': 2 [(4, 10), (5, 26)]
  'קים קדמי': 1 [(5, 28)]
  'תרין לוחי אבניא': 6 [(4, 13), (5, 19), (9, 10), (9, 11), (10, 1), (10, 3)]
  'קל רב': 2 [(5, 19), (25, 13)]
  'אל קנא': 3 [(4, 24), (5, 9), (6, 15)]
  'למגנא': 1 [(5, 11)]
  'בשמיה לשקרא': 1 [(5, 11)]
  'יומא דשבתא': 2 [(5, 12), (5, 15)]
  'ית יומא דשבתא': 2 [(5, 12), (5, 15)]
  'כמא די פקדך יי אלהך': 3 [(5, 12), (5, 16), (20, 17)]
  'בידא תקיפא ובדרעא מרמא': 2 [(4, 34), (5, 15)]
  'מן קדם יי': 14 [(1, 37), (2, 15), (3, 26), (4, 21), (9, 8), (9, 20), (12, 7), (14, 26), (17, 12), (25, 18), (32, 27), (33, 13), (33, 23), (33, 29)]
  'קדם יי': 101 [(1, 34), (1, 37), (1, 41), (1, 45), (2, 15), (3, 23), (3, 26), (4, 10), (4, 21), (4, 25), (5, 14), (5, 25), (6, 2), (6, 16), (6, 18), (6, 25), (7, 6), (9, 7), (9, 8), (9, 16), (9, 18), (9, 20), (9, 22), (9, 24)]
  'ימינא ושמאלא': 5 [(2, 27), (5, 29), (17, 11), (17, 20), (28, 14)]
  'ארי אנא יי אלהך': 1 [(5, 9)]
  'אנא יי אלהך': 2 [(5, 6), (5, 9)]
  'מארעא דמצרים מבית עבדותא': 4 [(5, 6), (6, 12), (8, 14), (13, 11)]
  'דר תליתי': 1 [(5, 9)]
  'דר רביעי': 1 [(5, 9)]
  'ולא תרוג': 1 [(5, 18)]
  'ולא תחמד': 1 [(5, 18)]
  'ואתקינו': 0 []
  'אתקינו כל די מלילו': 1 [(5, 25)]
==== F. THE ENGLISH ONKELOS — the bracketed insertions per export verse (the translation's supplied words)
  export 5:3 (DB 3): ['only']
  export 5:4 (DB 4): ['speech', 'speech']
  export 5:5 (DB 5): ['the word of', 'before']
  export 5:7 (DB 7): ['except for Me']
  export 5:9 (DB 9): ['rebellious', 'when the children continue to sin after the fashion of their fathers,']
  export 5:10 (DB 10): ['of generations']
  export 5:11 (DB 11): ['in a lie']
  export 5:14 (DB 14): ['midst']
  export 5:17 (DB 17-20): ['a person']
  export 5:21 (DB 24): ['of His word']
  export 5:22 (DB 25): ['word of His']
  export 5:23 (DB 26): ['word of the']
  export 5:25 (DB 28): ['Before', 'was', 'Before Me', 'correct']
  export 5:28 (DB 31): ['before', 'them']
==== G. THE STORE GLOSS FAMILIES for the candidate rewrites (every form of the gloss over the whole store)
  the store's 5:10 row (the written-and-read pair): [(0, 'ו/עשה', 'and-make'), (1, 'חסד', 'kindness'), (2, 'ל/אלפים', 'to-thousand'), (3, 'ל/אהב/י', 'to-have-affection-for-me/my'), (4, 'ו/ל/שמרי', 'and-to-keep/guard'), (5, 'מצות/ו', 'commandment-him/its'), (6, 'מצות/י', 'commandment-me/my')]
  the store's Exod 20:6 row: [(0, 'ו/עשה', 'and-make'), (1, 'חסד', 'kindness'), (2, 'ל/אלפים', 'to-thousand'), (3, 'ל/אהב/י', 'to-have-affection-for-me/my'), (4, 'ו/ל/שמרי', 'and-to-keep/guard'), (5, 'מצות/י', 'commandment-me/my')]
  store verses in the Torah whose token count differs from the DB (written-and-read pairs): [('Gen', 8, 17, 22, 21), ('Gen', 13, 3, 19, 18), ('Gen', 14, 2, 21, 20), ('Gen', 14, 8, 19, 18), ('Gen', 24, 33, 13, 12), ('Gen', 25, 23, 17, 16), ('Gen', 27, 3, 12, 11), ('Gen', 27, 29, 17, 16), ('Gen', 30, 11, 9, 7), ('Gen', 36, 5, 17, 16), ('Gen', 36, 14, 19, 18), ('Gen', 39, 20, 18, 17), ('Gen', 43, 28, 9, 8), ('Gen', 49, 10, 15, 14), ('Gen', 49, 11, 14, 12), ('Exod', 4, 2, 9, 7), ('Exod', 16, 2, 11, 10), ('Exod', 16, 7, 16, 15), ('Exod', 21, 8, 16, 15), ('Exod', 22, 4, 18, 17), ('Exod', 22, 26, 18, 17), ('Exod', 27, 11, 17, 16), ('Exod', 28, 28, 19, 18), ('Exod', 32, 19, 21, 20), ('Exod', 37, 8, 16, 15), ('Exod', 39, 4, 9, 8), ('Exod', 39, 33, 16, 15), ('Lev', 9, 22, 13, 12), ('Lev', 11, 21, 20, 19), ('Lev', 16, 21, 32, 31), ('Lev', 21, 5, 13, 12), ('Lev', 25, 30, 23, 22), ('Num', 1, 16, 11, 10), ('Num', 12, 3, 11, 10), ('Num', 14, 36, 18, 17), ('Num', 16, 11, 14, 13), ('Num', 21, 32, 13, 12), ('Num', 23, 13, 22, 21), ('Num', 26, 9, 22, 21), ('Num', 32, 7, 14, 13)]
  gloss 'and-goad': 2 forms, 3 tokens: [('ולמדתם', 2), ('ולמדו', 1)]
  gloss 'goad-them/their': 1 forms, 1 tokens: [('תלמדם', 1)]
  gloss 'goad': 5 forms, 7 tokens: [('ילמדו', 2), ('תלמד', 2), ('ילמד', 1), ('למדתי', 1), ('מלמד', 1)]
  gloss 'and-the-enactment': 1 forms, 3 tokens: [('והחקים', 3)]
  gloss 'the-enactment': 1 forms, 15 tokens: [('החקים', 15)]
  gloss 'and-the-judgment': 1 forms, 7 tokens: [('והמשפטים', 7)]
  gloss 'the-judgment': 2 forms, 15 tokens: [('המשפטים', 9), ('המשפט', 6)]
  gloss 'the-commandment': 2 forms, 17 tokens: [('המצוה', 13), ('המצות', 4)]
  gloss 'commandment-him/its': 2 forms, 18 tokens: [('מצותיו', 13), ('מצותו', 5)]
  gloss 'commandment-me/my': 1 forms, 10 tokens: [('מצותי', 10)]
  gloss 'cut': 13 forms, 33 tokens: [('כרת', 11), ('תכרת', 7), ('יכרת', 3), ('יכרית', 2), ('כרתי', 2), ('הכרת', 1), ('חצבת', 1), ('חצה', 1), ('חצובים', 1), ('כרתו', 1), ('נכרתה', 1), ('תחצב', 1), ('תכריתו', 1)]
  gloss 'this-place': 1 forms, 11 tokens: [('פה', 11)]
  gloss 'living': 5 forms, 66 tokens: [('חי', 20), ('חיה', 17), ('חיים', 15), ('חית', 13), ('חיות', 1)]
  gloss 'in-face': 1 forms, 1 tokens: [('בפנים', 1)]
  gloss 'face': 2 forms, 107 tokens: [('פני', 94), ('פנים', 13)]
  gloss 'stand': 10 forms, 38 tokens: [('עמד', 17), ('תעמד', 8), ('יעמד', 3), ('יעמדו', 3), ('עמדים', 2), ('עומד', 1), ('עמדה', 1), ('עמדו', 1), ('עמדת', 1), ('עמדתי', 1)]
  gloss 'the-he/it': 2 forms, 122 tokens (large): [('ההוא', 121), ('ההיא', 1)]
  gloss 'to-tell': 1 forms, 3 tokens: [('להגיד', 3)]
  gloss 'fear': 14 forms, 43 tokens: [('תירא', 12), ('תיראו', 12), ('ירא', 4), ('נורא', 3), ('יראתם', 2), ('תיראי', 2), ('חרדה', 1), ('חתת', 1), ('יגרת', 1), ('יגרתי', 1), ('יראה', 1), ('יראו', 1), ('יראת', 1), ('יראתי', 1)]
  gloss 'go-up': 24 forms, 91 tokens (large): [('עלה', 22), ('יעלה', 8), ('אעלה', 7), ('נעלה', 7), ('עלו', 6), ('עלות', 5)]
  gloss 'bring-forth-you/your': 4 forms, 9 tokens: [('הוצאתיך', 3), ('הוצאך', 2), ('הוציאך', 2), ('צאתך', 2)]
  gloss 'servant': 3 forms, 50 tokens: [('עבד', 24), ('עבדים', 16), ('עבדי', 10)]
  gloss 'hinder': 5 forms, 54 tokens: [('אחרים', 23), ('אחר', 19), ('אחרות', 5), ('אחרת', 5), ('אחרנים', 2)]
  gloss 'face-me/my': 1 forms, 21 tokens: [('פני', 21)]
  gloss 'idol': 2 forms, 7 tokens: [('פסל', 6), ('פסילי', 1)]
  gloss 'something-portioned--out': 2 forms, 6 tokens: [('תמונה', 3), ('תמונת', 3)]
  gloss 'from-under': 1 forms, 20 tokens: [('מתחת', 20)]
  gloss 'depress': 3 forms, 6 tokens: [('תשתחוה', 4), ('ישתחוו', 1), ('משתחוים', 1)]
  gloss 'work/serve-them/their': 1 forms, 3 tokens: [('תעבדם', 3)]
  gloss 'strength': 2 forms, 33 tokens: [('אל', 32), ('אילי', 1)]
  gloss 'jealous': 1 forms, 6 tokens: [('קנא', 6)]
  gloss 'count/visit': 11 forms, 52 tokens: [('פקד', 20), ('פקודי', 12), ('יפקד', 5), ('תפקד', 4), ('התפקדו', 3), ('פקדו', 2), ('תפקדו', 2), ('הפקד', 1), ('הפקיד', 1), ('נפקד', 1), ('פקדתי', 1)]
  gloss 'perversity': 3 forms, 19 tokens: [('עון', 17), ('עונת', 1), ('תהפכת', 1)]
  gloss 'father': 4 forms, 37 tokens: [('אבי', 16), ('אב', 10), ('אבות', 9), ('אבת', 2)]
  gloss 'descendant-of-the-third-degr': 1 forms, 5 tokens: [('שלשים', 5)]
  gloss 'descendant-of-the-fourth-gen': 1 forms, 4 tokens: [('רבעים', 4)]
  gloss 'to-hate-me/my': 1 forms, 2 tokens: [('לשנאי', 2)]
  gloss 'kindness': 1 forms, 12 tokens: [('חסד', 12)]
  gloss 'to-thousand': 3 forms, 6 tokens: [('לאלפים', 3), ('לאלפי', 2), ('לאלף', 1)]
  gloss 'to-have-affection-for-me/my': 1 forms, 2 tokens: [('לאהבי', 2)]
  gloss 'and-to-keep/guard': 2 forms, 7 tokens: [('ולשמר', 4), ('ולשמרי', 3)]
  gloss 'lift/carry': 18 forms, 78 tokens (large): [('ישא', 16), ('תשא', 14), ('נשא', 8), ('ישאו', 7), ('שא', 7), ('נשאתי', 4)]
  gloss 'to-evil': 1 forms, 4 tokens: [('לשוא', 4)]
  gloss 'be--clean': 3 forms, 6 tokens: [('ינקה', 4), ('הנקי', 1), ('תנקה', 1)]
  gloss 'keep/guard': 11 forms, 59 tokens: [('תשמרו', 15), ('השמר', 14), ('שמר', 7), ('תשמר', 7), ('שמרי', 4), ('השמרו', 3), ('שמור', 3), ('אשמר', 2), ('שמרו', 2), ('נשמר', 1), ('שמרים', 1)]
  gloss 'the-intermission': 1 forms, 17 tokens: [('השבת', 17)]
  gloss 'intermission': 3 forms, 20 tokens: [('שבת', 16), ('שבתת', 3), ('שבתות', 1)]
  gloss 'to-sanctify-him/its': 1 forms, 5 tokens: [('לקדשו', 5)]
  gloss 'command-you/your': 5 forms, 44 tokens: [('מצוך', 28), ('צוך', 8), ('צויתך', 5), ('צויתיך', 2), ('אצוך', 1)]
  gloss 'six': 3 forms, 48 tokens: [('שש', 21), ('ששה', 14), ('ששת', 13)]
  gloss 'work/serve': 11 forms, 40 tokens: [('תעבד', 12), ('עבדו', 7), ('יעבד', 6), ('עבד', 4), ('עבדתי', 3), ('יעבדו', 2), ('תעבדו', 2), ('מעבדים', 1), ('נעבד', 1), ('עבדים', 1), ('עבדת', 1)]
  gloss 'work-you/your': 1 forms, 2 tokens: [('מלאכתך', 2)]
  gloss 'the-seventh': 3 forms, 55 tokens: [('השביעי', 48), ('השביעת', 4), ('השבעי', 3)]
  gloss 'work': 3 forms, 44 tokens: [('מלאכה', 24), ('מלאכת', 19), ('פעלת', 1)]
  gloss 'and-son-you/your': 2 forms, 17 tokens: [('ובניך', 11), ('ובנך', 6)]
  gloss 'and-daughter-you/your': 2 forms, 9 tokens: [('ובתך', 5), ('ובנתיך', 4)]
  gloss 'and-servant-you/your': 2 forms, 8 tokens: [('ועבדך', 5), ('ועבדיך', 3)]
  gloss 'and-maidservant-you/your': 1 forms, 7 tokens: [('ואמתך', 7)]
  gloss 'and-bullock-you/your': 1 forms, 1 tokens: [('ושורך', 1)]
  gloss 'and-male-ass-you/your': 1 forms, 2 tokens: [('וחמרך', 2)]
  gloss 'livestock-you/your': 1 forms, 6 tokens: [('בהמתך', 6)]
  gloss 'and-sojourner-you/your': 1 forms, 4 tokens: [('וגרך', 4)]
  gloss 'in-gate-you/your': 1 forms, 17 tokens: [('בשעריך', 17)]
  gloss 'rest': 2 forms, 4 tokens: [('ינוח', 2), ('יניח', 2)]
  gloss "form-of-the-prefix-'k-'-you/your": 2 forms, 9 tokens: [('כמוך', 7), ('כמכה', 2)]
  gloss "form-of-the-prefix-'k-'-us/our": 1 forms, 2 tokens: [('כמנו', 2)]
  gloss 'and-mark': 6 forms, 18 tokens: [('וזכרת', 7), ('ויזכר', 5), ('וזכרתי', 3), ('ואזכר', 1), ('וזכרתם', 1), ('ונזכרתם', 1)]
  gloss 'in-hand': 1 forms, 45 tokens: [('ביד', 45)]
  gloss 'strong': 4 forms, 21 tokens: [('חזקה', 12), ('עז', 5), ('חזק', 3), ('עזה', 1)]
  gloss 'and-in-arm': 2 forms, 3 tokens: [('ובזרע', 2), ('ובזרוע', 1)]
  gloss 'stretch': 8 forms, 22 tokens: [('נטה', 10), ('נטויה', 4), ('תטה', 3), ('הטי', 1), ('מטה', 1), ('נטיו', 1), ('נטית', 1), ('נטתה', 1)]
  gloss 'so': 1 forms, 151 tokens (large): [('כן', 151)]
  gloss 'be-heavy': 7 forms, 11 tokens: [('כבד', 5), ('אכבד', 1), ('הכבדתי', 1), ('כבדה', 1), ('כבדו', 1), ('נכבד', 1), ('תכבד', 1)]
  gloss 'father-you/your': 3 forms, 51 tokens: [('אביך', 35), ('אבתיך', 15), ('אבותיך', 1)]
  gloss 'mother-you/your': 1 forms, 12 tokens: [('אמך', 12)]
  gloss 'be--long-suffix': 4 forms, 5 tokens: [('תאריכן', 2), ('יאריכן', 1), ('יארכון', 1), ('יארכן', 1)]
  gloss 'day-you/your': 1 forms, 9 tokens: [('ימיך', 9)]
  gloss 'be--make-well': 7 forms, 23 tokens: [('ייטב', 10), ('היטב', 6), ('היטיבו', 2), ('תיטיב', 2), ('איטיב', 1), ('היטיב', 1), ('ייטיב', 1)]
  gloss 'set': 19 forms, 300 tokens (large): [('נתן', 109), ('נתתי', 44), ('יתן', 42), ('תתן', 31), ('אתן', 21), ('תתנו', 20)]
  gloss 'the-ground': 1 forms, 64 tokens: [('האדמה', 64)]
  gloss 'dash-in-pieces': 6 forms, 14 tokens: [('רצח', 7), ('ירצח', 2), ('תרצח', 2), ('נפוץ', 1), ('נפצו', 1), ('רוצח', 1)]
  gloss 'commit-adultery': 7 forms, 11 tokens: [('זנה', 2), ('זנים', 2), ('ינאף', 2), ('תנאף', 2), ('זונה', 1), ('זנתה', 1), ('תזנה', 1)]
  gloss 'thieve': 8 forms, 13 tokens: [('גנב', 3), ('גנבתי', 2), ('יגנב', 2), ('תגנב', 2), ('גנבת', 1), ('גנוב', 1), ('נגנב', 1), ('תגנבו', 1)]
  gloss 'eye': 9 forms, 41 tokens: [('עין', 17), ('עינים', 6), ('עיני', 5), ('עינת', 3), ('ענות', 3), ('תענה', 3), ('יענה', 2), ('ענה', 1), ('ענו', 1)]
  gloss 'in-associate-you/your': 1 forms, 3 tokens: [('ברעך', 3)]
  gloss 'concretely': 2 forms, 17 tokens: [('עד', 12), ('עדים', 5)]
  gloss 'evil': 2 forms, 6 tokens: [('עול', 4), ('שוא', 2)]
  gloss 'delight-in': 3 forms, 6 tokens: [('תחמד', 4), ('יחמד', 1), ('נחמד', 1)]
  gloss 'woman': 4 forms, 119 tokens: [('אשה', 62), ('אשת', 44), ('נשים', 8), ('נשי', 5)]
  gloss 'associate-you/your': 1 forms, 13 tokens: [('רעך', 13)]
  gloss 'wish-for': 3 forms, 4 tokens: [('תאוה', 2), ('התאוו', 1), ('תתאוה', 1)]
  gloss 'house': 3 forms, 74 tokens: [('בית', 65), ('בתים', 5), ('בתי', 4)]
  gloss 'field-him/its': 1 forms, 6 tokens: [('שדהו', 6)]
  gloss 'and-servant-him/its': 2 forms, 5 tokens: [('ועבדיו', 3), ('ועבדו', 2)]
  gloss 'and-maidservant-him/its': 2 forms, 3 tokens: [('ואמתו', 2), ('ואמהתיו', 1)]
  gloss 'bullock-him/its': 1 forms, 3 tokens: [('שורו', 3)]
  gloss 'and-male-ass-him/its': 1 forms, 2 tokens: [('וחמרו', 2)]
  gloss 'to-associate-you/your': 1 forms, 3 tokens: [('לרעך', 3)]
  gloss 'the-word/thing': 2 forms, 107 tokens: [('הדבר', 63), ('הדברים', 44)]
  gloss 'assemblage-you/your (pl)': 1 forms, 1 tokens: [('קהלכם', 1)]
  gloss 'the-cloud': 1 forms, 30 tokens: [('הענן', 30)]
  gloss 'and-the-gloom': 1 forms, 1 tokens: [('והערפל', 1)]
  gloss 'voice/sound': 2 forms, 31 tokens: [('קול', 28), ('קלת', 3)]
  gloss 'great': 7 forms, 60 tokens: [('גדול', 30), ('גדלה', 12), ('גדלים', 8), ('גדלת', 4), ('גדולה', 3), ('גדלות', 2), ('גדל', 1)]
  gloss 'add': 13 forms, 29 tokens: [('יסף', 9), ('אסף', 4), ('תסף', 4), ('יסיף', 2), ('יספו', 2), ('יוסף', 1), ('יוספו', 1), ('יספה', 1), ('יספים', 1), ('תוסף', 1), ('תסיף', 1), ('תסיפו', 1), ('תספו', 1)]
  gloss 'and-grave-them/their': 2 forms, 4 tokens: [('ויכתבם', 2), ('וכתבתם', 2)]
  gloss 'two': 4 forms, 235 tokens (large): [('שני', 80), ('שנים', 72), ('שתי', 66), ('שתים', 17)]
  gloss 'meaning-to-glisten': 3 forms, 21 tokens: [('לחת', 15), ('לוחת', 4), ('לחות', 2)]
  gloss 'stone': 4 forms, 39 tokens: [('אבן', 16), ('אבנים', 14), ('אבני', 8), ('צר', 1)]
  gloss 'and-set-them/their': 2 forms, 9 tokens: [('ונתנם', 5), ('ויתנם', 4)]
  gloss 'and-be': 22 forms, 544 tokens (large): [('ויהי', 194), ('והיה', 157), ('ויהיו', 45), ('והיו', 42), ('והיתה', 31), ('ותהי', 18)]
  gloss 'like-hear-you/your (pl)': 1 forms, 1 tokens: [('כשמעכם', 1)]
  gloss 'the-darkness': 1 forms, 3 tokens: [('החשך', 3)]
  gloss 'and-the-mountain': 1 forms, 3 tokens: [('וההר', 3)]
  gloss 'kindle': 6 forms, 11 tokens: [('בער', 4), ('בערתי', 2), ('יבער', 2), ('בערה', 1), ('תבער', 1), ('תבערו', 1)]
  gloss 'in-fire': 1 forms, 37 tokens: [('באש', 37)]
  gloss 'and-bring-near-suffix': 1 forms, 3 tokens: [('ותקרבון', 3)]
  gloss 'head': 3 forms, 76 tokens: [('ראש', 57), ('ראשי', 16), ('ראשים', 3)]
  gloss 'scion-you/your (pl)': 1 forms, 5 tokens: [('שבטיכם', 5)]
  gloss 'and-old-you/your (pl)': 1 forms, 1 tokens: [('וזקניכם', 1)]
  gloss 'lo!': 2 forms, 28 tokens: [('הן', 27), ('הא', 1)]
  gloss 'see-us/our': 1 forms, 1 tokens: [('הראנו', 1)]
  gloss 'weight-him/its': 2 forms, 2 tokens: [('כבדו', 1), ('משקלו', 1)]
  gloss 'magnitude-him/its': 1 forms, 2 tokens: [('גדלו', 2)]
  gloss 'voice/sound-him/its': 2 forms, 6 tokens: [('קלו', 5), ('קולו', 1)]
  gloss 'the-human': 1 forms, 57 tokens: [('האדם', 57)]
  gloss 'and-live': 10 forms, 62 tokens: [('ויחי', 35), ('וחי', 11), ('ונחיה', 5), ('וחיה', 2), ('וחיו', 2), ('ותחי', 2), ('ותחיין', 2), ('ואחיה', 1), ('וחיית', 1), ('וחיתה', 1)]
  gloss 'to-what': 1 forms, 34 tokens: [('למה', 34)]
  gloss 'die': 23 forms, 162 tokens (large): [('יומת', 33), ('מות', 31), ('ימות', 20), ('מת', 20), ('יומתו', 9), ('ימתו', 9)]
  gloss 'eat-us/our': 2 forms, 3 tokens: [('יאכלנו', 2), ('תאכלנו', 1)]
  gloss 'the-great': 6 forms, 39 tokens: [('הגדל', 18), ('הגדול', 8), ('הגדלה', 6), ('הגדלים', 3), ('הגדלת', 3), ('הגדולה', 1)]
  gloss 'still/again': 2 forms, 73 tokens: [('עוד', 71), ('עד', 2)]
  gloss 'and-die': 12 forms, 88 tokens: [('וימת', 41), ('ומת', 22), ('ומתו', 9), ('ותמת', 5), ('וימתו', 4), ('והומת', 1), ('והמית', 1), ('והמתה', 1), ('והמתן', 1), ('ומתה', 1), ('ומתי', 1), ('ומתנו', 1)]
  gloss 'flesh': 2 forms, 61 tokens: [('בשר', 58), ('שאר', 3)]
  gloss 'bring-near': 18 forms, 82 tokens (large): [('תקריב', 10), ('תקריבו', 10), ('יקריב', 9), ('יקרב', 7), ('יקריבו', 7), ('הקרב', 6)]
  gloss 'and-thou-and-thee': 2 forms, 3 tokens: [('ואת', 2), ('ואתנה', 1)]
  gloss 'and-make': 14 forms, 275 tokens (large): [('ויעש', 82), ('ועשית', 70), ('ויעשו', 39), ('ועשה', 32), ('ועשיתם', 22), ('ועשו', 13)]
  gloss 'in-speak-you/your (pl)': 1 forms, 1 tokens: [('בדברכם', 1)]
  gloss 'the-people': 2 forms, 235 tokens (large): [('העם', 215), ('העמים', 20)]
  gloss 'to-fear': 1 forms, 8 tokens: [('ליראה', 8)]
  gloss 'obj-marker·et-me/my': 2 forms, 31 tokens: [('אתי', 30), ('אותי', 1)]
  gloss 'to-forever': 2 forms, 12 tokens: [('לעלם', 10), ('לעולם', 2)]
  gloss 'go': 15 forms, 96 tokens (large): [('לך', 22), ('לכו', 12), ('תלך', 10), ('ילך', 9), ('נלכה', 9), ('תלכו', 9)]
  gloss 'say': 15 forms, 164 tokens (large): [('אמר', 84), ('תאמר', 16), ('יאמר', 15), ('אמרתי', 11), ('יאמרו', 7), ('אמרה', 6)]
  gloss 'return': 26 forms, 69 tokens (large): [('ישוב', 9), ('שוב', 9), ('השב', 6), ('ישיב', 6), ('תשוב', 5), ('השיב', 4)]
  gloss 'to-tent-you/your (pl)': 1 forms, 1 tokens: [('לאהליכם', 1)]
  gloss 'along-with-me/my': 1 forms, 19 tokens: [('עמדי', 19)]
  gloss 'and-speak': 10 forms, 170 tokens (large): [('וידבר', 140), ('ודבר', 7), ('וידברו', 6), ('ואדברה', 5), ('ודברת', 3), ('ותדבר', 3)]
  gloss 'in-earth': 2 forms, 160 tokens (large): [('בארץ', 158), ('בארצת', 2)]
  gloss 'to-possess/inherit-her/its': 1 forms, 26 tokens: [('לרשתה', 26)]
  gloss 'turn-aside': 19 forms, 36 tokens (large): [('זר', 6), ('זרה', 4), ('יסיר', 4), ('סר', 3), ('יסור', 2), ('סורו', 2)]
  gloss 'right-hand': 1 forms, 8 tokens: [('ימין', 8)]
  gloss 'and-dark': 2 forms, 7 tokens: [('ושמאול', 5), ('ושמאל', 2)]
  gloss 'the-way/road': 1 forms, 20 tokens: [('הדרך', 20)]
  gloss 'live-suffix': 1 forms, 3 tokens: [('תחיון', 3)]
  gloss 'and-be--good--in-the-widest-sens': 1 forms, 1 tokens: [('וטוב', 1)]
  gloss 'and-be--long': 2 forms, 2 tokens: [('והארכת', 1), ('והארכתם', 1)]
  gloss 'possess/inherit-suffix': 2 forms, 2 tokens: [('ירשה', 1), ('תירשון', 1)]
  gloss '?': 28 forms, 350 tokens (large): [('אני', 152), ('אנכי', 127), ('בית', 17), ('באר', 8), ('בעל', 7), ('לחי', 3)]
  gloss 'that': 1 forms, 952 tokens (large): [('כי', 952)]
  gloss 'with': 2 forms, 127 tokens (large): [('את', 66), ('עם', 61)]
  gloss 'obj-marker·et-them/their': 5 forms, 231 tokens (large): [('אתם', 183), ('אותם', 39), ('אתהן', 5), ('אתהם', 3), ('אתנה', 1)]
  gloss 'to-make-them/their': 2 forms, 3 tokens: [('לעשתם', 2), ('לעשותם', 1)]
  gloss 'God-us/our': 1 forms, 30 tokens: [('אלהינו', 30)]
  gloss 'with-us/our': 2 forms, 26 tokens: [('אתנו', 13), ('עמנו', 13)]
  gloss 'covenant': 1 forms, 32 tokens: [('ברית', 32)]
  gloss 'in-Horeb': 1 forms, 7 tokens: [('בחרב', 7)]
  gloss 'the-covenant': 1 forms, 16 tokens: [('הברית', 16)]
  gloss 'the-this': 2 forms, 279 tokens (large): [('הזה', 195), ('הזאת', 84)]
  gloss 'we': 2 forms, 28 tokens: [('אנחנו', 26), ('נחנו', 2)]
  gloss 'these': 1 forms, 129 tokens (large): [('אלה', 129)]
  gloss 'the-day': 3 forms, 159 tokens (large): [('היום', 135), ('הימים', 23), ('הימם', 1)]
  gloss 'all-us/our': 1 forms, 4 tokens: [('כלנו', 4)]
  gloss 'in-mountain': 3 forms, 44 tokens: [('בהר', 42), ('בהרי', 1), ('בהרים', 1)]
  gloss 'from-midst': 1 forms, 32 tokens: [('מתוך', 32)]
  gloss 'the-fire': 1 forms, 28 tokens: [('האש', 28)]
  gloss 'between': 1 forms, 64 tokens: [('בין', 64)]
  gloss 'and-between-you/your (pl)': 1 forms, 6 tokens: [('וביניכם', 6)]
  gloss 'in-time': 1 forms, 20 tokens: [('בעת', 20)]
  gloss 'to-you/your (pl)': 3 forms, 260 tokens (large): [('לכם', 233), ('אליכם', 21), ('אלכם', 6)]
  gloss 'word/thing': 3 forms, 100 tokens: [('דבר', 60), ('דברי', 35), ('דברים', 5)]
  gloss 'from-face': 1 forms, 29 tokens: [('מפני', 29)]
  gloss 'and-not': 1 forms, 358 tokens (large): [('ולא', 358)]
  gloss 'to-say': 2 forms, 306 tokens (large): [('לאמר', 305), ('לאמור', 1)]
  gloss 'God-you/your': 1 forms, 252 tokens (large): [('אלהיך', 252)]
  gloss 'which': 1 forms, 1650 tokens (large): [('אשר', 1650)]
  gloss 'from-earth': 1 forms, 58 tokens: [('מארץ', 58)]
  gloss 'Egypt': 1 forms, 204 tokens (large): [('מצרים', 204)]
  gloss 'from-house': 1 forms, 27 tokens: [('מבית', 27)]
  gloss 'be': 31 forms, 505 tokens (large): [('יהיה', 206), ('תהיה', 64), ('היה', 52), ('יהיו', 43), ('היו', 35), ('היתה', 18)]
  gloss 'God': 2 forms, 290 tokens (large): [('אלהים', 228), ('אלהי', 62)]
  gloss 'over': 2 forms, 995 tokens (large): [('על', 987), ('עלי', 8)]
  gloss 'make': 22 forms, 461 tokens (large): [('עשה', 116), ('תעשה', 97), ('יעשה', 51), ('תעשו', 49), ('עשו', 46), ('אעשה', 21)]
  gloss 'all': 1 forms, 967 tokens (large): [('כל', 967)]
  gloss 'in-heavens': 1 forms, 9 tokens: [('בשמים', 9)]
  gloss 'from-upper-part': 1 forms, 7 tokens: [('ממעל', 7)]
  gloss 'and-which': 1 forms, 32 tokens: [('ואשר', 32)]
  gloss 'in-waters': 2 forms, 54 tokens: [('במים', 51), ('במי', 3)]
  gloss 'to-earth': 1 forms, 9 tokens: [('לארץ', 9)]
  gloss 'to-them/their': 7 forms, 280 tokens (large): [('להם', 164), ('אלהם', 84), ('אליהם', 17), ('להן', 6), ('למו', 6), ('אליהן', 2)]
  gloss 'son': 3 forms, 949 tokens (large): [('בני', 584), ('בן', 322), ('בנים', 43)]
  gloss 'and-over': 1 forms, 116 tokens: [('ועל', 116)]
  gloss 'and-make': 14 forms, 275 tokens (large): [('ויעש', 82), ('ועשית', 70), ('ויעשו', 39), ('ועשה', 32), ('ועשיתם', 22), ('ועשו', 13)]
  gloss 'name': 3 forms, 92 tokens: [('שם', 52), ('שמות', 29), ('שמת', 11)]
  gloss 'name-him/its': 1 forms, 58 tokens: [('שמו', 58)]
  gloss 'day': 5 forms, 257 tokens (large): [('ימים', 119), ('יום', 85), ('ימי', 49), ('יומים', 3), ('ימות', 1)]
  gloss 'like-as/which': 1 forms, 203 tokens (large): [('כאשר', 203)]
  gloss 'and-day': 2 forms, 4 tokens: [('ויום', 3), ('וימי', 1)]
  gloss 'to-YHWH': 1 forms, 255 tokens (large): [('ליהוה', 255)]
  gloss 'you': 2 forms, 196 tokens (large): [('אתה', 133), ('אתם', 63)]
  gloss 'and-all': 1 forms, 198 tokens (large): [('וכל', 198)]
  gloss 'so-that': 1 forms, 68 tokens: [('למען', 68)]
  gloss 'servant-you/your': 2 forms, 36 tokens: [('עבדיך', 18), ('עבדך', 18)]
  gloss 'maidservant-you/your': 1 forms, 2 tokens: [('אמתך', 2)]
  gloss 'in-earth': 2 forms, 160 tokens (large): [('בארץ', 158), ('בארצת', 2)]
  gloss 'from-there': 1 forms, 38 tokens: [('משם', 38)]
  gloss 'and-obj-marker·et': 1 forms, 817 tokens (large): [('ואת', 817)]
  gloss 'to-make': 3 forms, 76 tokens: [('לעשות', 66), ('לעשת', 9), ('לעשה', 1)]
  gloss 'the-these': 2 forms, 88 tokens: [('האלה', 80), ('האל', 8)]
  gloss 'speak': 14 forms, 203 tokens (large): [('דבר', 127), ('ידבר', 16), ('תדבר', 14), ('דברת', 9), ('דברתי', 9), ('דברו', 8)]
  gloss 'to': 1 forms, 1149 tokens (large): [('אל', 1149)]
  gloss 'the-word/thing': 2 forms, 107 tokens: [('הדבר', 63), ('הדברים', 44)]
  gloss 'in-mountain': 3 forms, 44 tokens: [('בהר', 42), ('בהרי', 1), ('בהרים', 1)]
  gloss 'and-the-gloom': 1 forms, 1 tokens: [('והערפל', 1)]
  gloss 'and-not': 1 forms, 358 tokens (large): [('ולא', 358)]
  gloss 'and-say': 14 forms, 898 tokens (large): [('ויאמר', 632), ('ויאמרו', 88), ('ותאמר', 58), ('ואמרת', 40), ('ואמר', 39), ('ואמרו', 12)]
  gloss 'we': 2 forms, 28 tokens: [('אנחנו', 26), ('נחנו', 2)]
  gloss 'and-see': 17 forms, 178 tokens (large): [('וירא', 88), ('וראה', 33), ('ויראו', 15), ('ותרא', 13), ('וארא', 4), ('ואראה', 4)]
  gloss 'like-hear-you/your (pl)': 1 forms, 1 tokens: [('כשמעכם', 1)]
  gloss 'the-voice/sound': 4 forms, 6 tokens: [('הקול', 2), ('הקלות', 2), ('הקולת', 1), ('הקל', 1)]
  gloss 'like-as/which': 1 forms, 203 tokens (large): [('כאשר', 203)]
  gloss 'command': 9 forms, 148 tokens (large): [('צוה', 112), ('מצוה', 13), ('צויתי', 9), ('צו', 7), ('יצוה', 3), ('אצוה', 1)]
  gloss 'obj-marker·et-you/your (pl)': 1 forms, 118 tokens: [('אתכם', 118)]
  gloss 'not': 3 forms, 950 tokens (large): [('לא', 947), ('לוא', 2), ('אל', 1)]
  gloss 'to-me/my': 2 forms, 262 tokens (large): [('לי', 177), ('אלי', 85)]
  gloss 'to-hear': 1 forms, 6 tokens: [('לשמע', 6)]
  gloss 'and-hear': 12 forms, 65 tokens: [('וישמע', 33), ('ושמע', 7), ('ושמעת', 7), ('וישמעו', 6), ('ושמעו', 4), ('ונשמע', 2), ('ואשמעה', 1), ('ונשמעה', 1), ('ושמעה', 1), ('ושמענו', 1), ('ושמעתי', 1), ('ותשמע', 1)]
  gloss 'in-all': 1 forms, 140 tokens (large): [('בכל', 140)]
  gloss 'and-keep/guard': 7 forms, 50 tokens: [('ושמרתם', 22), ('ושמרו', 12), ('ושמרת', 10), ('ונשמרתם', 2), ('ושמר', 2), ('וישמר', 1), ('ונשמרת', 1)]
  gloss 'to-you/your': 2 forms, 363 tokens (large): [('לך', 302), ('אליך', 61)]
  gloss 'this': 3 forms, 162 tokens (large): [('זה', 89), ('זאת', 71), ('זו', 2)]
  gloss 'the-house': 2 forms, 35 tokens: [('הבית', 31), ('הבתים', 4)]
  by_gloss keys already present among the chapter's candidates: ['and-bring-near-suffix', 'and-dark', 'be--make-well', 'concretely', 'from-upper-part', 'goad', 'hinder', 'in-time', 'kindle', 'meaning-to-glisten', 'the-enactment', 'the-he/it', 'to-failure-of']
  by_ref keys for Deut.5: []
  by_gloss values for the keys the chapter shares: {'goad': 'teach', 'the-enactment': 'the-statutes', 'from-upper-part': 'above', 'meaning-to-glisten': 'tablets', 'kindle': 'burn', 'and-bring-near-suffix': 'and-you-came-near', 'to-failure-of': 'so-as-not', 'be--make-well': 'do-well', 'in-time': 'at-the-time', 'the-Emorite': 'the-Amorite', 'associate-him/its': 'his-neighbor'}
  by_ref total, by_gloss total: (414, 298)
