==== A0. THE TWO DIVISIONS — the export's chapter 5 against the DB's
  DB verses 33 | export verses HE 30 EN 30 | per-chapter export lengths vs DB, chapters 1-8: [(5, 30, 33)]
  the alignment cost 27 | export verses mapped to MORE THAN ONE DB verse: {17: [17, 18, 19, 20]}
  the offset per export verse (DB minus export, the first DB verse of each): Counter({0: 17, 3: 13}) | the runs: [(1, 1, 1), (16, 16, 16), (17, 17, 20), (18, 21, 21), (19, 22, 22), (30, 33, 33)]
  the shared export verse against its DB verses (tokens, negations): [(17, (12, 4), [(17, (2, 1)), (18, (2, 1)), (19, (2, 1)), (20, (5, 1))])]
==== A. THE SHELF BY POSITION — the Sifrei on Deuteronomy around chapter 5
  piskaot 357 357 rows 2357 2357
  heads 28-34 (HE first citation | rows | EN first quote):
    28 head (3, 25) | HE rows  3 EN rows  3 | 'May I, please, cross over and see'
    29 head (3, 26) | HE rows  9 EN rows  9 | 'And HASHEM was furious (yit`aber) with me'
    30 head (3, 29) | HE rows  2 EN rows  2 | 'And we stayed at the valley near Beth Peor'
    31 head (6, 4) | HE rows 10 EN rows 10 | 'Listen, Israel!HASHEM is our God, HASHEM is One!'
    32 head (6, 5) | HE rows 21 EN rows 21 | 'And you shall love HASHEM, your God'
    33 head (6, 6) | HE rows  4 EN rows  4 | 'And may these words which I command you this day be upon you'
    34 head (6, 7) | HE rows 10 EN rows 10 | 'And drill them (shinantem)85The root, sh-n-n, is etymologica'
  heads whose chapter is 5 : [] | heads by chapter 1-8: [(1, 24), (3, 4), (6, 6), (11, 21), (12, 20), (13, 14), (14, 14), (15, 16)]
  HE rows citing Deut 5 (the export's verse → the DB's): 5 [(20, 1, 20, [23]), (41, 1, 1, [1]), (233, 1, 12, [12]), (306, 16, 19, [22]), (357, 40, 28, [31])]
  EN rows citing Deut 5 : 6 [(20, 1, 20, [23]), (41, 1, 1, [1]), (41, 4, 1, [1]), (233, 1, 12, [12]), (306, 16, 19, [22]), (357, 40, 28, [31])]
  EN "ibid 5:n" candidates: 0
  the union of rows (both files): 6 [(20, 1), (41, 1), (41, 4), (233, 1), (306, 16), (357, 40)]
  outside rows file bytes 9190
==== B. ONKELOS chapter 5 and the DB (the dump per DB verse; a shared export row printed at its first DB verse)
  the store's chapter 5 verses 33 | verses whose store token count differs from the DB: [(5, 10, 7, 6)]
  token count chapter 5 : 472
  onkelos dump bytes 39393
==== C. THE PARSER on every verse of chapter 5
  5:9   N []                       O []             marked ['שלשים*']
  5:13  N [6]                      O []             marked []
  5:14  N []                       O [7]            marked []
  5:22  N [2]                      O []             marked ['שני^']
  number-word tokens present per verse (the bare check against the parser): {'5:9': ['שלשים', 'רבעים'], '5:10': ['לאלפים'], '5:13': ['ששת'], '5:14': ['השביעי'], '5:22': ['שני']}
  5:1 tokens: ['ויקרא', 'משה', 'אל', 'כל', 'ישראל', 'ויאמר', 'אלהם', 'שמע', 'ישראל', 'את', 'החקים', 'ואת', 'המשפטים', 'אשר', 'אנכי', 'דבר', 'באזניכם', 'היום', 'ולמדתם', 'אתם', 'ושמרתם', 'לעשתם']
  5:9 tokens: ['לא', 'תשתחוה', 'להם', 'ולא', 'תעבדם', 'כי', 'אנכי', 'יהוה', 'אלהיך', 'אל', 'קנא', 'פקד', 'עון', 'אבות', 'על', 'בנים', 'ועל', 'שלשים*', 'ועל', 'רבעים', 'לשנאי']
  5:10 tokens: ['ועשה', 'חסד', 'לאלפים', 'לאהבי', 'ולשמרי', 'מצותו']
  5:13 tokens: ['ששת', 'ימים', 'תעבד', 'ועשית', 'כל', 'מלאכתך']
  5:14 tokens: ['ויום', 'השביעי', 'שבת', 'ליהוה', 'אלהיך', 'לא', 'תעשה', 'כל', 'מלאכה', 'אתה', 'ובנך', 'ובתך', 'ועבדך', 'ואמתך', 'ושורך', 'וחמרך', 'וכל', 'בהמתך', 'וגרך', 'אשר', 'בשעריך', 'למען', 'ינוח', 'עבדך', 'ואמתך', 'כמוך']
  5:22 tokens: ['את', 'הדברים', 'האלה', 'דבר', 'יהוה', 'אל', 'כל', 'קהלכם', 'בהר', 'מתוך', 'האש', 'הענן', 'והערפל', 'קול', 'גדול', 'ולא', 'יסף', 'ויכתבם', 'על', 'שני^', 'לחת', 'אבנים', 'ויתנם', 'אלי']
  5:31 tokens: ['ואתה', 'פה', 'עמד', 'עמדי', 'ואדברה', 'אליך', 'את', 'כל', 'המצוה', 'והחקים', 'והמשפטים', 'אשר', 'תלמדם', 'ועשו', 'בארץ', 'אשר', 'אנכי', 'נתן', 'להם', 'לרשתה']
==== D. CASE TOKENS, FRAMES, REGISTER, NAMES
  case tokens (כי "when/for" / אם "if" / ואם / או "or" / פן "lest"): {'5:3': ['כי'], '5:5': ['כי'], '5:9': ['כי'], '5:11': ['כי'], '5:15': ['כי'], '5:24': ['כי'], '5:25': ['כי', 'אם'], '5:26': ['כי']}
  divine frames (ויאמר/וידבר + יהוה): ['5:28']
  לאמר "saying" seats: ['5:5']
  narrative-form verbs (V.w) per verse: {1: ['ויקרא', 'ויאמר'], 15: ['ויצאך'], 22: ['ויכתבם', 'ויתנם'], 23: ['ויהי', 'ותקרבון'], 24: ['ותאמרו'], 26: ['ויחי'], 28: ['וישמע', 'ויאמר']}
  first-person verb forms (1cs / 1cp) per verse: {6: [('הוצאתיך', 'HVhp1cs/Sp2ms')], 24: [('הראנו', 'HVhp3ms/Sp1cp'), ('שמענו', 'HVqp1cp'), ('ראינו', 'HVqp1cp')], 25: [('נמות', 'HVqi1cp'), ('תאכלנו', 'HVqi3fs/Sp1cp')], 28: [('שמעתי', 'HVqp1cs')]}
  imperatives (Vq.v / Vp.v / Vh.v) per verse: {}
  prohibitions לא + imperfect (the ten's form) per verse: {3: [], 5: [], 7: [('יהיה', 'HVqi3ms')], 8: [('תעשה', 'HVqi2ms')], 9: [('תשתחוה', 'HVvi2ms'), ('תעבדם', 'HVHi2ms/Sp3mp')], 11: [('תשא', 'HVqi2ms'), ('ינקה', 'HVpi3ms')], 14: [('תעשה', 'HVqi2ms')], 17: [('תרצח', 'HVqi2ms')], 18: [('תנאף', 'HVqi2ms')], 19: [('תגנב', 'HVqi2ms')], 20: [('תענה', 'HVqi2ms')], 21: [('תחמד', 'HVqi2ms'), ('תתאוה', 'HVti2ms')], 22: [], 32: [('תסרו', 'HVqi2mp')]}
  name tokens (Np): {1: ['משה', 'ישראל', 'ישראל'], 2: ['יהוה', 'בחרב'], 3: ['יהוה'], 4: ['יהוה'], 5: ['יהוה', 'יהוה'], 6: ['יהוה', 'מצרים'], 9: ['יהוה'], 11: ['יהוה', 'יהוה'], 12: ['יהוה'], 14: ['ליהוה'], 15: ['מצרים', 'יהוה', 'יהוה'], 16: ['יהוה', 'יהוה'], 22: ['יהוה'], 24: ['יהוה'], 25: ['יהוה'], 27: ['יהוה', 'יהוה'], 28: ['יהוה', 'יהוה'], 32: ['יהוה'], 33: ['יהוה']}
  second-person plural vs singular (2mp / 2ms tokens per verse): {1: (3, 1), 2: (0, 0), 3: (0, 0), 4: (1, 0), 5: (4, 0), 6: (0, 2), 7: (0, 1), 8: (0, 2), 9: (0, 3), 10: (0, 0), 11: (0, 2), 12: (0, 2), 13: (0, 3), 14: (0, 15), 15: (0, 6), 16: (0, 6), 17: (0, 1), 18: (0, 1), 19: (0, 1), 20: (0, 2), 21: (0, 5), 22: (1, 0), 23: (4, 0), 24: (1, 0), 25: (0, 0), 26: (0, 0), 27: (0, 5), 28: (2, 1), 29: (0, 0), 30: (3, 2), 31: (0, 4), 32: (4, 0), 33: (7, 0)}
==== E. THE REGISTER GATE on Deut 5
  dispositions naming Deut 5: ['  Deut 5:12:', '  Deut 5:16:', '  Deut 5:32:']
  REGISTER_INDEX lines on Deut 5:
       Deut 5:12   NONE          declared  | [] | why: Deuteronomy is not on the tape (the book not read) — the seat waits for its reading and compile
       Deut 5:16   NONE          declared  | [] | why: Deuteronomy is not on the tape (the book not read) — the seat waits for its reading and compile
       Deut 5:32   NONE          declared  | [] | why: Deuteronomy is not on the tape (the book not read) — the seat waits for its reading and compile
==== F. THE PRIOR READS
  ledgers with an Onkelos Deut 5 row: []
  prior Sifrei Devarim rows anywhere (strict form), those among the outside rows: [('deu_01_03_devarim_2026-09-15.md', 20, 1)] | all prior rows count 213
  ledgers NAMING a verse of Deut 5: 10
    ('exo_26_curtains_boards_2026-09-01.md', 1, ['Deuteronomy 5:23'])
    ('exodus_block_festivals_2026-09-04.md', 1, ['Deut 5:14'])
    ('family_docket_2026-09-06.md', 1, ['Deut 5:19'])
    ('gen_01_creation_boot_2026-07-30.md', 1, ['Deuteronomy 5:6'])
    ('noahide_exam_reading_2026-09-01.md', 1, ['Deut 5:27'])
    ('num_07_offerings_b_total_2026-09-09.md', 1, ['Deut 5:19'])
    ('num_08_12_beha_exam_2026-09-10.md', 3, ['Deut 5:19', 'Deut 5:27'])
    ('num_15_offerings_laws_2026-09-10.md', 2, ['Deut 5:8'])
    ('num_35_refuge_cities_2026-09-13.md', 3, ['Deuteronomy 5:17', 'Deuteronomy 5:20'])
    ('pre_sinai_docket_2026-09-06.md', 3, ['Deut 5:27'])
  ledgers with an Onkelos Exod 20 row (the first copy's reading): [] | Mekhilta rows on Exod 20 anywhere: 2
==== G. THE DRAFTS
  deu_04_refuge_east: refs 4:41-49; steps (4, 41)..(4, 49) n=9; draft False; operators True; depends_on ['    - "deu_04_obey_horeb"\n    - "num_35_refuge_cities"\n']; scenarios 16; binary_trees True; step E True; comment lines 14
  deu_05_decalogue: refs 5:1-33; steps (5, 1)..(5, 33) n=33; draft True; operators False; depends_on ['    - "deu_04_refuge_east"\n    - "exo_20_decalogue_altar"\n']; scenarios 40; binary_trees True; step E False; comment lines 37
    the step verses: [1, 2, 3, 4, 5, 6, 7, 8, 9, 10, 11, 12, 13, 14, 15, 16, 17, 18, 19, 20, 21, 22, 23, 24, 25, 26, 27, 28, 29, 30, 31, 32, 33] | covers DB 33 ? True
  deu_06_shema: refs 6:1-25; steps (6, 1)..(6, 25) n=25; draft True; operators False; depends_on ['    - "deu_05_decalogue"\n']; scenarios 32; binary_trees True; step E False; comment lines 29
  the units' claim prefixes present anywhere? {'DV05A': 0, 'DV05B': 0, 'DV05': 0, 'DV04B': 2}
  existing manifests deu_05*: [] | ledgers deu_*: ['deu_01_03_devarim_2026-09-15.md', 'deu_01_03_devarim_exam_2026-09-15.md', 'deu_04_vaetchanan_2026-09-16.md', 'deu_04_vaetchanan_exam_2026-09-16.md']
  unit count and standing (CORPUS_TRUTH literals): []
==== H. THE STORE'S GLOSSES on chapter 5
  gloss Counter (the 50 commonest): [('YHWH', 23), ('obj-marker·et', 19), ('which', 16), ('all', 13), ('speak', 9), ('not', 9), ('God-you/your', 9), ('that', 8), ('and-not', 8), ('to-you/your', 7), ('to-them/their', 6), ('the-fire', 6), ('?', 5), ('God-us/our', 5), ('from-midst', 5), ('over', 5), ('voice/sound', 5), ('hear', 4), ('and-obj-marker·et', 4), ('the-day', 4), ('the-this', 4), ('in-earth', 4), ('and-make', 4), ('day', 4), ('so-that', 4), ('to-me/my', 4), ('and-say', 3), ('in-mountain', 3), ('to-you/your (pl)', 3), ('God', 3), ('like-as/which', 3), ('command-you/your', 3), ('be--make-well', 3), ('set', 3), ('and-hear', 3), ('to', 2), ('Israel', 2), ('and-keep/guard', 2), ('cut', 2), ('with-us/our', 2), ('with', 2), ('we', 2), ('this-place', 2), ('living', 2), ('stand', 2), ('word/thing', 2), ('Egypt', 2), ('servant', 2), ('be', 2), ('make', 2)]
  gloss file bytes 14711
  overrides already for Deut.5: [] | by_ref last Deut.4 line: ['  "Deut.4.49:6": "the-sea-of"   # ים']
