SCANNED 191 works (Talmud / Mishnah / Tosefta, no Yerushalmi, no commentary); the forms: Deuteronomy c:v, Deut. c:v, Dt.c:v; chapter 5 only
LINK rows 43 in 16 works
  Bava_Kamma                       8
  Avodah_Zarah                     6
  Sanhedrin                        4
  Yevamot                          4
  Chullin                          3
  Kiddushin                        3
  Shabbat                          3
  Beitzah                          2
  Moed_Katan                       2
  Rosh_Hashanah                    2
  Bava_Batra                       1
  Bava_Metzia                      1
  Berakhot                         1
  Megillah                         1
  Shevuot                          1
  Sotah                            1
  the EXPORT verses cited: [(1, 1), (11, 1), (12, 6), (13, 3), (14, 7), (16, 8), (18, 1), (19, 1), (25, 1), (26, 9), (27, 7), (28, 1)]
  the DB verses cited: [('Deut 5:29', 9), ('Deut 5:16', 8), ('Deut 5:30', 7), ('Deut 5:14', 7), ('Deut 5:12', 6), ('Deut 5:13', 3), ('Deut 5:28', 1), ('Deut 5:31', 1), ('Deut 5:22', 1), ('Deut 5:11', 1), ('Deut 5:21', 1), ('Deut 5:1', 1)]
  LINK Avodah Zarah 4b:17         exp 26       Deut 5:29              And Rabbi Yehoshua ben Levi says: The Jewish people fashioned the Golden Calf (see Exodus, chapter 32) only to give a claim to penitents, as it is sta
  LINK Avodah Zarah 4b:19         exp 25       Deut 5:28              And likewise the Jewish people were not fit to act as they did in that incident of the Golden Calf, as it is written with regard to the Jewish people 
  LINK Avodah Zarah 5a:7          exp 27       Deut 5:30              The Gemara asks: Is this to say that if they had not sinned with the Golden Calf they would not have sired children? But isn’t it written that Noah an
  LINK Avodah Zarah 5a:8          exp 26       Deut 5:29              The Gemara further asks: But isn’t it written: “That it might be good for them, and with their children forever” (Deuteronomy 5:26), which indicates t
  LINK Avodah Zarah 5a:13         exp 26       Deut 5:29              The Gemara raises an objection from a baraita to the new formulation of Reish Lakish’s statement, according to which the Jewish people would have beco
  LINK Avodah Zarah 5a:21         exp 26       Deut 5:29              § The Gemara returns to a verse cited above. The Sages taught with regard to the verse: “Who would give that they had such a heart as this always, to 
  LINK Bava Batra 110a:3          exp 27       Deut 5:30              In connection with the Gemara’s mention of Jonathan, who served as a priest for Micah, the Gemara quotes additional statements of the Sages concerning
  LINK Bava Kamma 54b:9           exp 14       Deut 5:14              With regard to the double payment of a thief, it is as we say in a halakhic exegesis of the verse: “For any matter of trespass” (Exodus 22:8), that it
  LINK Bava Kamma 54b:10          exp 14       Deut 5:14              With regard to the prohibition against muzzling an animal, mentioned in the verse: “You shall not muzzle an ox while it is threshing” (Deuteronomy 25:
  LINK Bava Kamma 54b:11          exp 14       Deut 5:14              With regard to the prohibition of diverse kinds, if it is referring to the prohibition against using diverse kinds for plowing, due to which it is for
  LINK Bava Kamma 54b:13          exp 14       Deut 5:14              The Gemara asks: And from where do we derive concerning Shabbat itself that the words “ox” and “donkey” are referring to all types of animals? As it i
  LINK Bava Kamma 54b:25          exp 14       Deut 5:14              The term “donkey” can be used to derive the halakha with regard to the halakha of unloading a burden, as the word “donkey” is employed in the context 
  LINK Bava Kamma 54b:28          exp 14       Deut 5:14              Rav Pappa said: The Sages of Paphunya know the reason for this matter, and who are these Sages? Rav Aḥa bar Ya’akov, who resided in Paphunya. The reas
  LINK Bava Kamma 55a:1           exp 16       Deut 5:16              in the context of the mitzva to honor one’s parents, the word good is stated there: “In order that it shall be good for you” (Deuteronomy 5:16)? Rabbi
  LINK Bava Kamma 67b:6           exp 13       Deut 5:13              The Gemara asks: But why is the fourfold and fivefold payment limited to oxen and sheep? Let us derive otherwise by a verbal analogy of the term “ox” 
  LINK Bava Metzia 89a:1          exp 14       Deut 5:14              Now, consider: All matters, i.e., all animals, are included in the halakha of muzzling, as we derive a verbal analogy between the term “an ox” stated 
  LINK Beitzah 5a:7               exp 26       Deut 5:29              Rav Yosef said: From where do I say my opinion? As it is written, after the Jews received the Torah: “Go, say to them: Return to your tents” (Deuteron
  LINK Beitzah 5b:3               exp 26       Deut 5:29              The Gemara seeks to clarify why Rav Yosef cited two verses as proof. The Gemara asks: What is the reason for: And it says? Why does Rav Yosef find it 
  LINK Berakhot 20b:10            exp 12       Deut 5:12              Rather, Rava said: This has a unique explanation. In the Ten Commandments in the book of Exodus, the verse said: “Remember Shabbat and sanctify it” (E
  LINK Chullin 110b:3             exp 16       Deut 5:16              Rami bar Tamrei said to them: Leave him alone, as it is taught in a baraita: With regard to any positive mitzva whose reward is stated alongside it in
  LINK Chullin 142a:3             exp 16       Deut 5:16              GEMARA: The school of Rabbi Ya’akov taught that Rabbi Ya’akov says: There is not a single mitzva written in the Torah whose reward is stated alongside
  LINK Chullin 142a:9             exp 16       Deut 5:16              Rav Yosef said: Had Aḥer, literally Other, the appellation of the former Sage Elisha ben Avuya, interpreted homiletically this aforementioned verse: “
  LINK Kiddushin 39b:7            exp 16       Deut 5:16              As it is taught in a baraita that Rabbi Ya’akov says: There is not a single mitzva written in the Torah whose reward is stated alongside it, which is 
  LINK Kiddushin 39b:13           exp 16       Deut 5:16              Rav Yosef said: Had Aḥer, literally Other, the appellation of the former Sage Elisha ben Avuya, interpreted this aforementioned verse: “That it may go
  LINK Kiddushin 40a:5            exp 16       Deut 5:16              Rava cites the source for each of these assertions. With regard to honoring one’s father and mother, it is written: “That your days may be long, and t
  LINK Megillah 21a:14            exp 28       Deut 5:31              GEMARA: We learned in the mishna that one may read the Megilla while sitting. It was taught in a baraita: This is not the case with regard to reading 
  LINK Moed Katan 7b:5            exp 27       Deut 5:30              The Gemara asks: Is this to say that a confirmed leper is permitted to engage in conjugal relations with his wife? The Gemara answers: Yes, and so too
  LINK Moed Katan 15b:13          exp 27       Deut 5:30              The Gemara continues: What is the halakha concerning a leper with regard to sexual relations? Come and hear a proof, as it is taught in a baraita: The
  LINK Rosh Hashanah 27a:2        exp 12       Deut 5:12              § It was taught in the mishna: And there were two trumpets, one on each of the two sides of the person sounding the shofar. The Gemara asks: But is it
  LINK Rosh Hashanah 27a:6        exp 12       Deut 5:12              Rather, we must retreat from the explanation offered above and say as follows: Two sounds coming from one source or person cannot be discerned, and th
  LINK Sanhedrin 17a:12           exp 19       Deut 5:22              The Master says: The baraita said: All of the prophets prophesied and then stopped, but Eldad and Medad prophesied and did not stop. The Gemara asks: 
  LINK Sanhedrin 56b:16           exp 12,16    Deut 5:12 Deut 5:16    The mitzva of judgment was given at Marah, as it is written with regard to Marah: “There He made for them a statute and an ordinance” (Exodus 15:25). 
  LINK Sanhedrin 59b:3            exp 27       Deut 5:30              The Gemara asks: But isn’t there the mitzva of procreation, which was stated with regard to the descendants of Noah? As it is written: “And you, be fr
  LINK Sanhedrin 59b:4            exp 26       Deut 5:29              The Gemara answers: That verse stated at Sinai is not necessary for the mitzva itself, but rather it comes to teach another halakha: That any matter t
  LINK Shabbat 33b:8              exp 12       Deut 5:12              As the sun was setting on Shabbat eve, they saw an elderly man who was holding two bundles of myrtle branches and running at twilight. They said to hi
  LINK Shabbat 87a:4              exp 26,27    Deut 5:29 Deut 5:30    And he totally separated from his wife after the revelation at Sinai. What source did he interpret that led him to do so? He reasoned an a fortiori in
  LINK Shabbat 87b:1              exp 11       Deut 5:11              the sixth day from their encampment. Rav Aḥa bar Ya’akov said: The sixth day from the start of their journey. They left Refidim and arrived and camped
  LINK Shevuot 20b:9              exp 12       Deut 5:12              The Gemara answers: Are the cases comparable? This case, of a false oath, is as it is and that case, of an oath taken in vain, is as it is. What, then
  LINK Sotah 10b:12               exp 18       Deut 5:21              The same verse continues: “And he knew her [leda’atah] again no more [velo yasaf],” seemingly indicating that Judah did not engage in sexual intercour
  LINK Yevamot 48b:5              exp 13       Deut 5:13              The Gemara notes: In any event, in the opinion of everyone the verse: “And the son of your maidservant will be refreshed,” is written with regard to a
  LINK Yevamot 48b:6              exp 13       Deut 5:13              The verse continues: “And the stranger [ger]” (Exodus 23:12). This is referring to a gentile who observes certain mitzvot [ger toshav]. Do you say tha
  LINK Yevamot 62a:2              exp 26,27    Deut 5:29 Deut 5:30    The Gemara clarifies: When Moses separated from his wife after the revelation at Sinai, what did he interpret that led him to do so? He said: If in th
  LINK Yevamot 109b:5             exp 1        Deut 5:1               The Gemara asks: But isn’t this also obvious? One does not receive more reward than he deserves. Rather, it means that he does not even have Torah. Wh
  DIVISION CHECK — rows citing the export's 17 (the four short words) and 18 (covet): [('Sotah 10b:12', 'The same verse continues: “And he knew her [leda’atah] again no more [velo yasaf],” seemingly indica')]
  Mishnah Shevuot 3:8: Which oath is an oath taken in vain, mentioned in the previous mishna (27b)? It is when one takes an oath to deny that which is known to people to be true, for example, one says about a stone column t
  Mishnah Shevuot 3:9:  If one said: On my oath I will eat this loaf, and later said: On my oath I will not eat it, the first oath is an oath on an utterance, and the second is an oath taken in vain, as he took an oath to p
Mishnah_Shevuot single mishnayot: [(3, 8), (3, 9)]
  Mishnah Sanhedrin 7:6: One who worships idols is executed by stoning. This includes one who worships an idol, and one who slaughters an animal as an idolatrous offering, and one who burns incense as an idolatrous offering, 
Mishnah_Sanhedrin single mishnayot: [(7, 6)]
Shabbat 88a-88a: 9 segments in the range, 0 of them link rows
Sanhedrin 17a-17a: 22 segments in the range, 1 of them link rows
Makkot 24a-24a: 33 segments in the range, 0 of them link rows
Berakhot 12a-12a: 28 segments in the range, 0 of them link rows
Kiddushin 30b-31b: 51 segments in the range, 0 of them link rows
Sanhedrin 86a-86a: 20 segments in the range, 0 of them link rows
Bava_Metzia 5b-5b: 20 segments in the range, 0 of them link rows
Yoma 4b-4b: 14 segments in the range, 0 of them link rows
Sotah 37b-37b: 13 segments in the range, 0 of them link rows
Sanhedrin 60b-60b: 20 segments in the range, 0 of them link rows
TOPIC rows 232 (the Mishnah rows + the folio ranges whole; link-duplicates dropped)
   [('Sanhedrin', 61), ('Kiddushin', 51), ('Makkot', 33), ('Berakhot', 28), ('Bava Metzia', 20), ('Yoma', 14), ('Sotah', 13), ('Shabbat', 9), ('Mishnah Shevuot', 2), ('Mishnah Sanhedrin', 1)]
PRIOR READS (credited): 94 addresses of 275
  by ledger: [('EXOD_TALMUD_TRIAGE_LEDGER.md', 39), ('deu_01_03_devarim_exam_2026-09-15.md', 22), ('exodus_block_covenant_2026-09-04.md', 16), ('num_08_12_beha_exam_2026-09-10.md', 10), ('talmud_triage_gen_2026-09-01.md', 10), ('erection_docket_2026-09-06.md', 7), ('ordinances_topic_docket_2026-09-06.md', 6), ('exodus_block_capital_2026-09-04.md', 6), ('exodus_block_decalogue_2026-09-04.md', 5), ('holiness_topic_docket_2026-09-06.md', 5), ('pre_sinai_docket_2026-09-06.md', 5), ('exodus_block_persons_2026-09-04.md', 4), ('exodus_block_courts_2026-09-04.md', 3), ('sanctions_topic_docket_2026-09-05.md', 3), ('exodus_block_shabbat_2026-09-04.md', 2)]
dump <scratch>/ch5_docket_dump.txt 162978 bytes 827 lines
THE RANGES SIZED:
  Shabbat         88a-88a     9 segments,   0 link rows
  Sanhedrin       17a-17a    22 segments,   1 link rows
  Makkot          24a-24a    33 segments,   0 link rows
  Berakhot        12a-12a    28 segments,   0 link rows
  Kiddushin       30b-31b    51 segments,   0 link rows
  Sanhedrin       86a-86a    20 segments,   0 link rows
  Bava_Metzia      5b-5b     20 segments,   0 link rows
  Yoma             4b-4b     14 segments,   0 link rows
  Sotah           37b-37b    13 segments,   0 link rows
  Sanhedrin       60b-60b    20 segments,   0 link rows
