=== chain start 15:05:19 ROOT=/Users/Shared/TorahSim
=== seat deu_05_decalogue already done (operators present)
=== verify_text deu_05_decalogue 15:05:19
exit 0 TEXT LAYER GREEN: 33 steps, 7 scenarios — deu_05_decalogue
=== ritual deu_05_decalogue 15:05:19
exit 0 Manual next: watchlist (logic/middot_scan/), state-doc update, owner commit word.
ALL_DONE
---- vt
TEXT LAYER GREEN: 33 steps, 7 scenarios — deu_05_decalogue
---- ritual PASS count 13 FAIL count 0
=== RITUAL SUMMARY ===
RITUAL COMPLETE for deu_05_decalogue (219 frozen units).
frozen lines 1
tripwire literals set to the prediction: units 219, standing 2197 (2191 + 6), hash unmoved
---- corpus bake 15:06:11
bake exit 0
  OPEN  lev_19       Lev.19.2    LET(YHWH)  daber_el_kal_adat(moshe)
state hash 8b8fff1fa28953af
wrote corpus_world.sqlite + CORPUS_TRUTH.py
truth exit 0
CORPUS TRUTH GREEN — one world, 219 units, 1809 facts, 341 demands (191 open), hash 8b8fff1fa28953af
---- build_world 15:07:13
build exit 0

  ALL GREEN — the one database agrees with the fold
---- journal gate 15:08:19
journal exit 0
  THE FOLD LAYER: 12 kinds, 9660 rows in the index MATCHING the header
GATE GREEN — the replay is the audit, the running world is the instrument
---- register gate 15:12:32
register exit 0
   Num 34      ROWS          green    headers [17, 19] {'names': 2} | rows 12 as_of ['Num 34:17-29']
THE REGISTER GATE: GREEN
---- home-path gate
THE HOME-PATH GATE: GREEN — 0 tracked text files carry a username or a home path
scrub exit 0
FOLD_DONE 15:14:19
