==== A0. THE TWO DIVISIONS — the export's chapter 6 against the DB's
  DB verses 25 | export verses HE 25 EN 25 | per-chapter export lengths vs DB, chapters 1-8: [(5, 30, 33)]
  the alignment cost 12 | export verses mapped to MORE THAN ONE DB verse: {}
  the offset per export verse (DB minus export, the first DB verse of each): Counter({0: 25}) | the runs: [(1, 1, 1), (16, 16, 16), (17, 17, 17), (18, 18, 18), (19, 19, 19)]
  the shared export verse against its DB verses (tokens, negations): []
==== A. THE SHELF BY POSITION — the Sifrei on Deuteronomy around chapter 6
  piskaot 357 357 rows 2357 2357
  heads 28-34 (HE first citation | rows | EN first quote):
    30 head (3, 29) | HE rows  2 EN rows  2 | 'And we stayed at the valley near Beth Peor'
    31 head (6, 4) | HE rows 10 EN rows 10 | 'Listen, Israel!HASHEM is our God, HASHEM is One!'
    32 head (6, 5) | HE rows 21 EN rows 21 | 'And you shall love HASHEM, your God'
    33 head (6, 6) | HE rows  4 EN rows  4 | 'And may these words which I command you this day be upon you'
    34 head (6, 7) | HE rows 10 EN rows 10 | 'And drill them (shinantem)85The root, sh-n-n, is etymologica'
    35 head (6, 8) | HE rows 12 EN rows 12 | 'And bind them'
    36 head (6, 9) | HE rows 10 EN rows 10 | 'And inscribe them (ketavtam)'
    37 head (11, 10) | HE rows 16 EN rows 16 | 'And as a result of obeying these laws . . .then HASHEM your '
  heads whose chapter is 6 : [(31, (6, 4)), (32, (6, 5)), (33, (6, 6)), (34, (6, 7)), (35, (6, 8)), (36, (6, 9))] | heads by chapter 1-8: [(1, 24), (3, 4), (6, 6), (11, 21), (12, 20), (13, 14), (14, 14), (15, 16)]
  HE rows citing Deut 6 (the export's verse → the DB's): 14 [(31, 1, 4, [4]), (32, 1, 5, [5]), (33, 1, 6, [6]), (33, 1, 5, [5]), (34, 1, 7, [7]), (35, 1, 8, [8]), (36, 1, 9, [9]), (38, 10, 11, [11]), (38, 10, 11, [11]), (38, 10, 11, [11]), (41, 14, 4, [4]), (41, 20, 5, [5]), (201, 3, 11, [11]), (306, 37, 4, [4])]
  EN rows citing Deut 6 : 69 [(31, 1, 4, [4]), (31, 6, 4, [4]), (31, 7, 4, [4]), (31, 8, 4, [4]), (31, 8, 4, [4]), (31, 10, 4, [4]), (32, 1, 5, [5]), (32, 2, 5, [5]), (32, 5, 5, [5]), (32, 5, 5, [5]), (32, 6, 5, [5]), (32, 6, 5, [5]), (32, 6, 5, [5]), (32, 7, 5, [5]), (33, 1, 6, [6]), (33, 1, 5, [5]), (33, 1, 6, [6]), (33, 2, 6, [6]), (34, 1, 7, [7]), (34, 2, 7, [7]), (34, 2, 7, [7]), (34, 3, 7, [7]), (34, 4, 7, [7]), (34, 6, 7, [7]), (34, 8, 7, [7]), (34, 8, 7, [7]), (34, 8, 7, [7]), (35, 1, 8, [8]), (35, 1, 8, [8]), (35, 2, 8, [8]), (35, 3, 8, [8]), (35, 3, 8, [8]), (35, 4, 8, [8]), (35, 5, 8, [8]), (35, 6, 8, [8]), (35, 6, 8, [8]), (35, 7, 6, [6]), (35, 8, 8, [8]), (35, 9, 8, [8]), (35, 10, 8, [8]), (35, 11, 7, [7]), (35, 12, 8, [8]), (36, 1, 9, [9]), (36, 2, 9, [9]), (36, 2, 9, [9]), (36, 2, 9, [9]), (36, 2, 9, [9]), (36, 2, 9, [9]), (36, 3, 9, [9]), (36, 5, 9, [9]), (36, 6, 9, [9]), (36, 6, 9, [9]), (36, 7, 9, [9]), (36, 8, 9, [9]), (38, 10, 11, [11]), (38, 10, 11, [11]), (38, 10, 11, [11]), (38, 10, 11, [11]), (41, 14, 4, [4]), (41, 20, 5, [5]), (41, 20, 5, [5]), (41, 20, 5, [5]), (62, 4, 27, None), (104, 8, 1, [1]), (201, 3, 11, [11]), (258, 1, 4, [4]), (306, 37, 4, [4]), (306, 37, 4, [4]), (355, 27, 4, [4])]
  EN "ibid 5:n" candidates: 0
  the union of rows (both files): 46 [(31, 1), (31, 6), (31, 7), (31, 8), (31, 10), (32, 1), (32, 2), (32, 5), (32, 6), (32, 7), (33, 1), (33, 2), (34, 1), (34, 2), (34, 3), (34, 4), (34, 6), (34, 8), (35, 1), (35, 2), (35, 3), (35, 4), (35, 5), (35, 6), (35, 7), (35, 8), (35, 9), (35, 10), (35, 11), (35, 12), (36, 1), (36, 2), (36, 3), (36, 5), (36, 6), (36, 7), (36, 8), (38, 10), (41, 14), (41, 20), (62, 4), (104, 8), (201, 3), (258, 1), (306, 37), (355, 27)]
  outside rows file bytes 91876
==== B. ONKELOS chapter 6 and the DB (the dump per DB verse; a shared export row printed at its first DB verse)
  the store's chapter 6 verses 25 | verses whose store token count differs from the DB: []
  token count chapter 6 : 318
  onkelos dump bytes 27657
==== C. THE PARSER on every verse of chapter 6
  6:4   N [1]                      O []             marked []
  6:11  N []                       O []             marked ['ושבעת*']
  number-word tokens present per verse (the bare check against the parser): {'6:4': ['אחד'], '6:10': ['נשבע'], '6:13': ['תשבע'], '6:18': ['נשבע'], '6:23': ['נשבע']}
  6:1 tokens: ['וזאת', 'המצוה', 'החקים', 'והמשפטים', 'אשר', 'צוה', 'יהוה', 'אלהיכם', 'ללמד', 'אתכם', 'לעשות', 'בארץ', 'אשר', 'אתם', 'עברים', 'שמה', 'לרשתה']
  6:4 tokens: ['שמע', 'ישראל', 'יהוה', 'אלהינו', 'יהוה', 'אחד']
  6:10 tokens: ['והיה', 'כי', 'יביאך', 'יהוה', 'אלהיך', 'אל', 'הארץ', 'אשר', 'נשבע', 'לאבתיך', 'לאברהם', 'ליצחק', 'וליעקב', 'לתת', 'לך', 'ערים', 'גדלת', 'וטבת', 'אשר', 'לא', 'בנית']
  6:11 tokens: ['ובתים', 'מלאים', 'כל', 'טוב', 'אשר', 'לא', 'מלאת', 'וברת', 'חצובים', 'אשר', 'לא', 'חצבת', 'כרמים', 'וזיתים', 'אשר', 'לא', 'נטעת', 'ואכלת', 'ושבעת*']
  6:13 tokens: ['את', 'יהוה', 'אלהיך', 'תירא', 'ואתו', 'תעבד', 'ובשמו', 'תשבע']
  6:18 tokens: ['ועשית', 'הישר', 'והטוב', 'בעיני', 'יהוה', 'למען', 'ייטב', 'לך', 'ובאת', 'וירשת', 'את', 'הארץ', 'הטבה', 'אשר', 'נשבע', 'יהוה', 'לאבתיך']
  6:20 tokens: ['כי', 'ישאלך', 'בנך', 'מחר', 'לאמר', 'מה', 'העדת', 'והחקים', 'והמשפטים', 'אשר', 'צוה', 'יהוה', 'אלהינו', 'אתכם']
  6:23 tokens: ['ואותנו', 'הוציא', 'משם', 'למען', 'הביא', 'אתנו', 'לתת', 'לנו', 'את', 'הארץ', 'אשר', 'נשבע', 'לאבתינו']
  6:25 tokens: ['וצדקה', 'תהיה', 'לנו', 'כי', 'נשמר', 'לעשות', 'את', 'כל', 'המצוה', 'הזאת', 'לפני', 'יהוה', 'אלהינו', 'כאשר', 'צונו']
==== D. CASE TOKENS, FRAMES, REGISTER, NAMES
  case tokens (כי "when/for" / אם "if" / ואם / או "or" / פן "lest"): {'6:10': ['כי'], '6:12': ['פן'], '6:15': ['כי', 'פן'], '6:20': ['כי'], '6:25': ['כי']}
  divine frames (ויאמר/וידבר + יהוה): []
  לאמר "saying" seats: ['6:20']
  narrative-form verbs (V.w) per verse: {21: ['ויוציאנו'], 22: ['ויתן'], 24: ['ויצונו']}
  first-person verb forms (1cs / 1cp) per verse: {21: [('היינו', 'HVqp1cp')], 25: [('נשמר', 'HVqi1cp'), ('צונו', 'HVpp3ms/Sp1cp')]}
  imperatives (Vq.v / Vp.v / Vh.v) per verse: {}
  prohibitions לא + imperfect (the ten's form) per verse: {10: [], 11: [], 14: [('תלכון', 'HVqi2mp/Sn')], 16: [('תנסו', 'HVpi2mp')]}
  name tokens (Np): {1: ['יהוה'], 2: ['יהוה'], 3: ['ישראל', 'יהוה'], 4: ['ישראל', 'יהוה', 'יהוה'], 5: ['יהוה'], 10: ['יהוה', 'נשבע', 'לאברהם', 'ליצחק', 'וליעקב'], 12: ['יהוה', 'מצרים'], 13: ['יהוה'], 15: ['יהוה', 'יהוה'], 16: ['יהוה', 'במסה'], 17: ['יהוה'], 18: ['יהוה', 'נשבע', 'יהוה'], 19: ['יהוה'], 20: ['יהוה'], 21: ['לפרעה', 'במצרים', 'יהוה', 'ממצרים'], 22: ['יהוה', 'במצרים', 'בפרעה'], 23: ['נשבע'], 24: ['יהוה', 'יהוה'], 25: ['יהוה']}
  second-person plural vs singular (2mp / 2ms tokens per verse): {1: (3, 0), 2: (0, 8), 3: (1, 4), 4: (0, 1), 5: (0, 5), 6: (0, 2), 7: (0, 8), 8: (0, 3), 9: (0, 3), 10: (0, 4), 11: (0, 5), 12: (0, 4), 13: (0, 4), 14: (2, 0), 15: (0, 4), 16: (3, 0), 17: (2, 0), 18: (0, 4), 19: (0, 2), 20: (1, 2), 21: (0, 2), 22: (0, 0), 23: (0, 0), 24: (0, 0), 25: (0, 0)}
==== E. THE REGISTER GATE on Deut 6
  dispositions naming Deut 6: []
  REGISTER_INDEX lines on Deut 6:
==== F. THE PRIOR READS
  ledgers with an Onkelos Deut 6 row: []
  prior Sifrei Devarim rows anywhere (strict form), those among the outside rows: [('gen_27_the_call_2026-08-25.md', 32, 2)] | all prior rows count 219
  ledgers NAMING a verse of Deut 6: 5
    ('exodus_block_matza_2026-09-04.md', 2, ['Deut 6:8'])
    ('gen_72_testament_twelve_2026-08-28.md', 1, ['Deuteronomy 6:4'])
    ('num_15_offerings_laws_2026-09-10.md', 3, ['Deut 6:10'])
    ('num_27_zelophehad_joshua_2026-09-09.md', 1, ['Deut 6:4'])
    ('num_35_refuge_cities_2026-09-13.md', 1, ['Deuteronomy 6:19'])
  ledgers with an Onkelos Exod 13 row (the kin's reading — the frontlets and the son's question, Exodus 13:1-16): [] | Mekhilta rows on Exod 13 anywhere: 3
==== G. THE DRAFTS
  deu_05_decalogue: refs 5:1-33; steps (5, 1)..(5, 33) n=33; draft False; operators True; depends_on ['    - "deu_04_refuge_east"\n    - "exo_20_decalogue_altar"\n']; scenarios 40; binary_trees True; step E True; comment lines 38
  deu_06_shema: refs 6:1-25; steps (6, 1)..(6, 25) n=25; draft True; operators False; depends_on ['    - "deu_05_decalogue"\n']; scenarios 32; binary_trees True; step E False; comment lines 29
    the step verses: [1, 2, 3, 4, 5, 6, 7, 8, 9, 10, 11, 12, 13, 14, 15, 16, 17, 18, 19, 20, 21, 22, 23, 24, 25] | covers DB 25 ? True
  deu_07_nations_cherem: refs 7:1-26; steps (7, 1)..(7, 26) n=26; draft True; operators False; depends_on ['    - "deu_06_shema"\n']; scenarios 33; binary_trees True; step E False; comment lines 30
  the units' claim prefixes present anywhere? {'DV06A': 0, 'DV05B': 0, 'DV05': 2, 'DV04B': 2}
  existing manifests deu_06*: [] | ledgers deu_*: ['deu_01_03_devarim_2026-09-15.md', 'deu_01_03_devarim_exam_2026-09-15.md', 'deu_04_vaetchanan_2026-09-16.md', 'deu_04_vaetchanan_exam_2026-09-16.md', 'deu_05_vaetchanan_2026-09-16.md', 'deu_05_vaetchanan_exam_2026-09-16.md']
  unit count and standing (CORPUS_TRUTH literals): []
==== H. THE STORE'S GLOSSES on chapter 6
  gloss Counter (the 50 commonest): [('YHWH', 22), ('which', 16), ('obj-marker·et', 13), ('all', 7), ('God-you/your', 6), ('not', 6), ('to-you/your', 5), ('to-make', 4), ('like-as/which', 4), ('God-us/our', 4), ('that', 4), ('swear', 4), ('God-you/your (pl)', 3), ('so-that', 3), ('command-you/your', 3), ('and-in-all', 3), ('and-be', 3), ('over', 3), ('the-earth', 3), ('keep/guard', 3), ('to-us/our', 3), ('the-commandment', 2), ('the-enactment', 2), ('and-the-judgment', 2), ('command', 2), ('obj-marker·et-you/your (pl)', 2), ('you', 2), ('fear', 2), ('?', 2), ('son-you/your', 2), ('Israel', 2), ('be--make-well', 2), ('speak', 2), ('God', 2), ('heart-you/your', 2), ('the-these', 2), ('the-day', 2), ('to-son-you/your', 2), ('to-father-you/your', 2), ('to-set', 2), ('great', 2), ('cut', 2), ('lest', 2), ('servant', 2), ('test', 2), ('be', 2), ('in-Egypt', 2), ('the-this', 2), ('and-this', 1), ('to-goad', 1)]
  gloss file bytes 10069
  overrides already for Deut.6: [] | by_ref last Deut.5 line: ['  "Deut.5.33:16": "you-shall-possess"   # תירשון']
==== I. THE SPINE ON THE CHAPTER — the Sifrei piskaot whose head is in chapter 6, whole (the first on-chapter piskaot since chapter 3)
  rows per piska (HE, EN): {31: (10, 10), 32: (21, 21), 33: (4, 4), 34: (10, 10), 35: (12, 12), 36: (10, 10)} | total HE rows 67 | HE == EN everywhere? True
  spine file bytes 100026 | bytes per piska HE+EN: {31: 17797, 32: 17388, 33: 3243, 34: 11228, 35: 10896, 36: 11867}
  prior reads among the spine rows (any ledger): [('gen_27_the_call_2026-08-25.md', 32, 2), ('gen_29_separation_promise_2026-08-25.md', 36, 10), ('gen_30_war_of_kings_2026-08-25.md', 33, 4)]
  the spine rows' own Hebrew citations (book, chapter, verse) by row: [(31, 1, [('דברים', 6, 4), ('שמות', 25, 2), ('בראשית', 21, 9), ('בראשית', 21, 10)]), (31, 2, [('במדבר', 11, 22), ('במדבר', 11, 22), ('במדבר', 11, 23)]), (31, 3, [('יחזקאל', 33, 24), ('יחזקאל', 33, 25)]), (31, 4, [('זכריה', 8, 19), ('יחזקאל', 33, 21)]), (31, 5, [('בראשית', 28, 20), ('בראשית', 28, 21)]), (31, 6, [('בראשית', 35, 22), ('בראשית', 37, 25), ('דברים', 33, 6), ('בראשית', 47, 31)]), (31, 8, [('שמות', 34, 23), ('ירמיה', 32, 14), ('ירמיה', 32, 27)]), (31, 9, [('תהלים', 50, 7)]), (31, 10, [('זכריה', 14, 9)]), (32, 1, [('דברים', 6, 5), ('דברים', 10, 20)]), (32, 2, [('בראשית', 12, 5)]), (32, 5, [('תהלים', 44, 23)]), (32, 7, [('תהלים', 116, 13), ('איוב', 1, 21), ('איוב', 2, 9), ('איוב', 2, 10)]), (32, 9, [('משלי', 3, 12)]), (32, 10, [('דברים', 8, 5)]), (32, 12, [('דברים', 8, 7)]), (32, 14, [('משלי', 1, 2), ('תהלים', 94, 12)]), (32, 16, [('משלי', 6, 23)]), (32, 17, [('ויקרא', 1, 4), ('ויקרא', 26, 43), ('איוב', 2, 4)]), (32, 18, [('משלי', 25, 1)]), (32, 19, [('ישעיה', 41, 8)]), (32, 20, [('בראשית', 22, 10)]), (32, 21, [('בראשית', 32, 11)]), (33, 1, [('דברים', 6, 6), ('דברים', 6, 5)]), (33, 4, [('רות', 3, 13), ('שמואל א', 26, 10), ('מלכים ב', 5, 16), ('מלכים ב', 5, 20)]), (34, 1, [('דברים', 6, 7), ('משלי', 7, 4), ('משלי', 7, 3), ('תהלים', 45, 6), ('תהלים', 45, 6), ('תהלים', 127, 4), ('תהלים', 127, 5)]), (34, 2, [('שמות', 13, 2), ('שמות', 13, 11), ('במדבר', 15, 37)]), (34, 4, [('מלכים ב', 2, 3), ('מלכים ב', 2, 5)]), (34, 5, [('מלכים ב', 2, 12), ('מלכים ב', 13, 14)]), (34, 6, [('ויקרא', 18, 4), ('משלי', 5, 17)]), (34, 7, [('משלי', 6, 22)]), (35, 1, [('דברים', 6, 8), ('במדבר', 15, 37), ('שמות', 13, 2), ('שמות', 13, 11)]), (35, 4, [('שמות', 13, 9)]), (35, 8, [('ישעיה', 48, 13), ('שופטים', 5, 26)]), (35, 10, [('בראשית', 48, 17)]), (36, 1, [('דברים', 6, 9)]), (36, 2, [('דברים', 27, 8), ('במדבר', 5, 23), ('ירמיה', 36, 18)]), (36, 3, [('דברים', 11, 20)]), (36, 4, [('שמות', 12, 7)]), (36, 9, [('תהלים', 119, 164), ('תהלים', 12, 1)])]
  the spine rows' English citations by row: [(31, 1, ['Dt.6:4', 'Ex.25:2', 'Ex.35:2', 'Gen.21:9', 'Gen.21:9', 'Gen.21:10']), (31, 2, ['Nu.11:22', 'Nu.11:22', 'Nu.11:23']), (31, 3, ['Ezek.33:24', 'Ezek.33:25']), (31, 4, ['Zech.8:19', 'Ezek.24:1', 'Ezek.33:21']), (31, 5, ['Gn.28:20', 'Gn.28:20', 'Gn.28:21']), (31, 6, ['Gn.35:22', 'Gn.35:22', 'Gn.37:25', 'Dt.33:6', 'Gn.49:1-8', 'Dt.6:4', 'Gn.47:31', 'Gn47:31']), (31, 7, ['Dt.6:4']), (31, 8, ['Dt.6:4', 'Dt.6:4', 'Ex.34:23', 'Ex.34:23', 'Ex.34:23', 'Jer.32:14', 'Jer.32:27', 'Jer.32:14']), (31, 10, ['Dt.6:4', 'Zech.14:9']), (32, 1, ['Dt.6:5', 'Dt.10:20']), (32, 2, ['Dt.6:5', 'Gn.12:5']), (32, 5, ['Dt.6:5', 'Ps.44:23', 'Dt.6:5']), (32, 6, ['Dt.6:5', 'Dt.6:5', 'Dt.6:5']), (32, 7, ['Dt.6:5', 'Ps.116:13', 'Ps.116:3-4', 'Job 1:21', 'Job 2:9', 'Job 2:10']), (32, 9, ['Prov.3:12']), (32, 10, ['Dt.8:5']), (32, 12, ['Dt.8:5', 'Dt.8:7']), (32, 15, ['Dt.8:5-7']), (32, 17, ['Lv.1:4', 'Lv.26:43', 'Job 2:4']), (32, 18, ['Prov.25:1']), (32, 19, ['Is.41:8']), (32, 20, ['Gn.22:10']), (32, 21, ['Gn.32:11']), (33, 1, ['Dt.6:6', 'Dt.6:5', 'Dt.6:6']), (33, 2, ['Dt.6:6']), (33, 4, ['Gn.14:22-23', 'Ruth 3:13']), (34, 1, ['Dt.6:7', 'Prov.7:4', 'Prov.7:3', 'Ps.45:6', 'Ps.45:6', 'Ps.127:4', 'Ps.127:5']), (34, 2, ['Dt.6:7', 'Ex.13:2', 'Ex.13:11', 'Nu.15:37-38', 'Ex.13:2', 'Ex.13:11', 'Dt.6:7', 'Ex.13:2', 'Ex.13:11']), (34, 3, ['Nu.15:37', 'Ex.13:2', 'Ex.13:11', 'Nu.15:37', 'Dt.6:7']), (34, 4, ['Dt.6:7']), (34, 6, ['Dt.6:7', 'Lv.18:4', 'Prov.5:17']), (34, 7, ['Prov.6:22']), (34, 8, ['Dt.6:7', 'Dt.6:7', 'Dt.6:7']), (35, 1, ['Dt.6:8', 'Nu.15:37', 'Ex.13:2', 'Ex.13:11', 'Nu.15:37', 'Deut. 6:8', 'Nu.15:37']), (35, 2, ['Ex.13:2', 'Ex.13:11', 'Nu.15:37', 'Ex.13:2', 'Ex.13:11', 'Dt.6:8']), (35, 3, ['Dt.6:8', 'Dt.6:8']), (35, 4, ['Dt.6:8', 'Dt.11:18', 'Ex.13:9']), (35, 5, ['Dt.6:8']), (35, 6, ['Dt.6:8', 'Dt.6:8']), (35, 7, ['Dt.6:6']), (35, 8, ['Dt.6:8', 'Is.48:13', 'Judges 5:26']), (35, 9, ['Dt.6:8-9']), (35, 10, ['Gn.48:17', 'Dt.6:8']), (35, 11, ['Dt.6:7-8']), (35, 12, ['Dt.6:8', 'Lv.13:3']), (36, 1, ['Dt.6:9']), (36, 2, ['Dt.6:9', 'Dt.6:9', 'Dt.27:8', 'Dt.6:9', 'Nu.5:23', 'Dt.6:9', 'Dt.27:8', 'Dt.27:3', 'Dt.6:9', 'Nu.5:23', 'Jer.36:18']), (36, 3, ['Dt.6:9', 'Dt.11:20']), (36, 4, ['Ex.12:7']), (36, 5, ['Dt.6:9']), (36, 6, ['Dt.6:9', 'Dt.6:9']), (36, 7, ['Dt.6:9']), (36, 8, ['Dt.6:9']), (36, 9, ['Ps.119:164', 'Ps.12:1']), (36, 10, ['Nu.13:22', 'Dt.1:4', 'Is.30:4', 'Gn.35:27'])]
  the spine rows with NO citation in either file: [(32, 3), (32, 4), (32, 8), (32, 11), (32, 13), (33, 3), (34, 9), (34, 10)]
