PASS  declared-reading gate — READING DEBT STANDING (pre-revision era unit; read-and-logged: 0 of 2006 required (ledger: /Users/Shared/TorahSim/logic/oral_audit/ledgers/Deut_06.jsonl); GATE: FAIL) — revised law 2026-08-21, ritual permitted, debt on the record
PASS  text layer — TEXT LAYER GREEN: 25 steps, 7 scenarios — deu_06_shema
PASS  freeze flip — draft -> frozen
PASS  frozen run — final state: WORLD=[] (+0 presupposed) | REGISTRY={} | TESTS=0 PASS | LEDGER days=[] | FLAGS=[]
PASS  frozen scenarios — ALL SCENARIOS GREEN
PASS  regression 220/220
PASS  render py — wrote logic/py_units/deu_06_shema.py (310 lines) — ran GREEN
PASS  py self-proof — ALL ASSERTIONS GREEN — rendering matches the frozen unit's machine truth
PASS  render html (undated) — UNIT_deu_06_shema.html
PASS  index_units — indexed 309 units · 7992 steps · 3471 scenarios · 0 warnings
PASS  coverage index — wrote UNIT_INDEX.html (220 units)
PASS  ALL_UNITS insert — before lev_13 banner; header count 220
PASS  ALL_UNITS corpus proof — 220/220 green

=== RITUAL SUMMARY ===
  + declared-reading gate
  + text layer
  + freeze flip
  + frozen run
  + frozen scenarios
  + regression 220/220
  + render py
  + py self-proof
  + render html (undated)
  + index_units
  + coverage index
  + ALL_UNITS insert
  + ALL_UNITS corpus proof

RITUAL COMPLETE for deu_06_shema (220 frozen units).
Manual next: watchlist (logic/middot_scan/), state-doc update, owner commit word.
