CH.the_second_word no_other_gods                     ("no other gods before me (5:7) — the second word's head, compiled here: the block other_gods_barred on Israel at the giving's line", ['accepted'])
CH.the_second_word the_visiting                      ("the visiting (5:9-10) — the generations and the thousands a DATA row: when they hold their fathers' deeds (Berakhot 7a); revoked by Ezekiel (Makkot 24a)", ['accepted'])
CH.the_second_word the_write                         ("the write (5:7-10) — other_gods_barred on Israel: the code's hole filled at the code's own line", ['other_gods_barred'])
CH.the_answer_and_the_charge stand_here_with_me      ('stand here with me (5:31) — SUPPLIED: the charge to teach a debit on Moses closed by the prior run (Deut 1:5); the Torah received standing', ['commanded'])
CH.the_answer_and_the_charge the_charge              ("the charge (5:32-33) — no write: the frame's close; the plural receipt's seat CHAPTER", ['accepted'])
CH.the_answer_and_the_charge return_to_your_tents    ('return to your tents (5:30) — the separation released: returned_to_tents on Israel (Beitzah 5a-b)', ['returned_to_tents'])
len(CH.READBACK), dict(CH.RB_GRADES)                 (21, {'VERBATIM': 5, 'VARIANT': 5, 'EXPANDED': 5, 'TURNED': 4, 'SUPPLIED': 2})
CH.DATA keys                                         ['the_readback', 'the_second_word', 'the_visiting', 'the_no_image_list', 'the_tenth_word', 'the_sabbath_grounds', 'the_ninth_word', 'keep_and_remember', 'the_reward_clause', 'the_honor_by_call', 'the_receipts', 'the_two_copies', 'the_second_hole', 'the_export_division', 'the_mediator', 'the_return_to_tents', 'the_charge_to_teach', 'the_face_in_face', 'the_fathers_and_us', 'the_hear_and_do']
OH.horeb_retold take_heed_lest_you_forget            ("take heed lest you forget (4:9) — the forgetter's prohibition (Menachot 99b; Avot 3:8); the grandsons included, the daughters excluded (Kiddushin 30a)", ['accepted'])
OH.the_cities_and_the_frame the_second_frame         ("the second frame (4:44-45) — the second speech's head: a stamp of place and era, NO WRITE (R6); EXPANDED against 1:1-5 (OS by CALL)", ['accepted'])
OH.the_exile_case seek_and_find                      ("seek and find (4:29) — the case's second arm: the Shema's words (6:5 forward); 30:10's kin", ['accepted'])
OH.the_exile_case in_your_distress_return            ("in your distress, return (4:30) — the case's third arm: 30:2's kin; 'the end of days' a prophecy, no timer (TC by CALL)", ['accepted'])
OH.DATA keys                                         ['the_readback', 'the_law_bal_tosif', 'the_teach_your_sons', 'the_horeb_hole', 'the_ten_words_seats', 'the_tablets_plene', 'the_no_image_list', 'the_host_apportioned', 'the_bars_third_telling', 'the_exile_case', 'the_witnesses_chain', 'the_creed', 'the_inquiry_limits', 'the_instruments', 'the_three_cities', 'the_manslayer_definition', 'the_second_frame', 'the_number_switching', 'the_export_chapter_5']
OH FORGET seats                                      ['FORGET']
DC.vain_name vain_oath                               ('lashes', ['lashes'])
DC.vain_name false_future_oath                       ('lashes', ['lashes'])
DC.DATA keys / len(DC.CASES)                         ([], 13)
==== SOURCE ES.trials (1671 chars)
def trials(q):
    if q == 'count_by_exodus': return cell(6, M, "Arakhin 15a:14-15b:2 restricted to the span — the trials the ink narrates by Exodus 19: the sea's descent (14:11 'were there no graves in Egypt'), Marah (15:24), the fleshpot (16:3 — the first quail, 15b:2), the manna twice (16:20 left till morning; 16:27 went out on the seventh), Rephidim (17:2-3): SIX on the ledger (CS7)", ['tested_the_lord'])
    if q == 'ten_list': return cell(('two_at_the_sea', 'two_at_the_water', 'two_at_the_manna', 'two_at_the_quail', 'one_at_the_calf', 'one_at_paran'), M, "Arakhin 15a:14 — Rabbi Yehuda: ten trials our fathers tried the Holy One: two at the sea, two at the water, two at the manna, two at the quail, one at the calf, one in the wilderness of Paran", ['tested_the_lord'])
    if q == 'ascent_off_the_books': return cell('Ps 106:7', M, "Arakhin 15b:1 — 'two at the sea: one at the descent, one at the ascent'; the ascent's trial is Psalm 106:7's ('they rebelled at the sea, at the Reed Sea' — Rav Huna: the Israelites of that generation were of little faith), off the three books: not on th

==== SOURCE ES.plagues (3369 chars)
def plagues(q):
    if q == 'ten': return cell(len(PLAGUES), A, "Mishnah Avot 5:4 — 'ten plagues the Holy One brought on the Egyptians in Egypt' — the ten struck seats of the ink (7:20, 8:2, 8:13, 8:20, 9:6, 9:10, 9:23, 10:13, 10:22, 12:29), each a HEAVEN entry on Egypt with the plague's name", ['plague_struck'])
    if q == 'removed': return cell(4, I, "four removals narrated after 'entreat the LORD' (8:4, 8:24, 9:28, 10:17): the frogs died (8:9), the swarms removed 'not one remained' (8:27), the hail ceased (9:33), the locusts cast into the sea (10:19) — four heaven entries closed, six open: the ink's own shape", ['plague_removed'])
    if q == 'hardening_seats': return cell(len(c_hardened

==== SOURCE ES.sea (3290 chars)
def sea(q):
    if q == 'not_one': return cell(1, I, "'not one of them remained' (14:28 'ad echad — until one) — the destroy entry on Pharaoh's host; 14:30 'Israel saw Egypt dead on the shore of the sea'", ['egypt_drowned'])
    if q == 'saved_seat': return cell('Exod 14:30', I, "'and the LORD SAVED Israel that day from the hand of Egypt' — the verb's only seat in the Torah (measured): the pursuit's body entry and the second expression (delivered) close here", ['saved'])
    if q == 'faith_song'

ES.trials ten_list                                   {'v': ('two_at_the_sea', 'two_at_the_water', 'two_at_the_manna', 'two_at_the_quail', 'one_at_the_calf', 'one_at_paran'), 'p': 'MOVE', 'why': 'Arakhin 15a:14 — Rabbi Yehuda: ten trials our fathers tried the Holy One: two at the sea, two at the water, two at the manna, two at the quail, one at the calf, one in the wilderness of Paran', 'fx': ['tested_the_lord']}
ES.trials count_by_exodus                            {'v': 6, 'p': 'MOVE', 'why': "Arakhin 15a:14-15b:2 restricted to the span — the trials the ink narrates by Exodus 19: the sea's descent (14:11 'were there no graves in Egypt'), Marah (15:24), the fleshpot (16:3 — the first quail, 15b:2), the manna twice (16:20 left till morning; 16:27 went out on the seventh), Rephidim (17:2-3): SIX on the ledger (CS7)", 'fx': ['tested_the_lord']}
ES.trials tested                                     {'v': 'no_case', 'p': 'INK', 'why': '', 'fx': ['—']}
==== SOURCE PE.firstborn (1500 chars)
def firstborn(case, data):
    del P[:]
    ink('13:2', '"SANCTIFY (קדש) to Me every firstborn, opener of '
        'every womb" — the status is written at birth')
    if case['kind'] == 'donkey':
        ink('13:13', '"every firstborn donkey you shall REDEEM '
            '(תפדה) with a lamb; if you do not redeem it, you shall '
            'BREAK ITS NECK (וערפתו)"')
        move('Mishnah Bekhorot 1:7 (the answer sheet\'s own order)',
             'the redemption command precedes the breaking — the fork '
             'favors the lamb')
        return out('redeem with a lamb, else break the neck',
                   ['consecrated_firstborn', 'redeem_or_break'])
    if case['kind'] == 'human':
        ink('13:13', '"and every firstborn of man among your sons you '
            'shall REDEEM"')
        dat('the amount — five sela — is the data channel: the '
            'constant lives at Numbers 18:16, fetched, not written '
            'here')
        return out('redeem (five sela — fetched constant)',
                   ['consecrated_firstborn', 'pays'])
    if case['kind'] == 'caesarean_animal':
        ink('13:2', '"opener of every WOMB (פטר כל רחם)" — the '
            'consecration rides the womb-opening itself')
        move('Niddah 40a:14 (triage LAW row)', 'the caesarean birth '
             'never opened the womb — the firstborn status does not '
             'attach'

PE.DATA keys                                         []
==== SOURCE OS.the_frame (4784 chars)
def the_frame(case, data):
    del P[:]
    ask = case['ask']
    if ask == 'the_words':
        ink('1:1', '"these are the words which Moses spoke to all Israel beyond the Jordan …" — "these are the words" %s; the verse %d tokens, the eleven names of places' % (THESE_WORDS, len(words(1, 1))))
        move('Sifrei Devarim 1; Onkelos 1:1', "the places as the rebuke's sins — Onkelos writes them INTO the verse (thirty-three tokens for twenty-two)")
        move('Berakhot 32a:7; Sanhedrin 102a:14', "'and Di-zahab' — the school of R. Yannai: no such place; the gold lavished until they said 'enough' made the calf")
        dat('the row the_frame: %s' % data['the_frame']['value']['places'])
        return out("the words (1:1) — the eleven places the rebuke's sins (the Sifrei 1; Onkelos writes them in); Di-zahab the calf's gold (Berakhot 32a:7): the frame's DATA", ['accepted'])
    if ask == 'th

OS.the_frame the_write                               ("the write (1:1-5) — torah_expounded on Israel at (40, 11, 1): the book's one act of its own day", ['torah_expounded'])
OS.the_frame the_oath                                ('no verdict in span', ['—'])
OS.the_frame the_horeb_command                       ('no verdict in span', ['—'])
OS.the_frame the_words                               ("the words (1:1) — the eleven places the rebuke's sins (the Sifrei 1; Onkelos writes them in); Di-zahab the calf's gold (Berakhot 32a:7): the frame's DATA", ['accepted'])
OS asks by cell                                      {'the_commission': [], 'the_frame': ['began_to_expound', 'the_words'], 'the_officers_and_the_judges': ['the_horeb_command', 'the_regions'], 'the_spies_read_back': ['the_oath']}
==== SOURCE MA.moriah (3686 chars)
def moriah(q):
    if q == 'test_verb_seats': return cell(1, I, "the test verb (נסה) at Gen 22:1 alone in Genesis (measured)", ['tried'])
    if q == 'ten_trials_sheet': return cell(10, A, "Mishnah Avot 5:3 — with ten trials Abraham our father was tried and stood in them all", ['tried'])
    if q == 'trials_named_by_the_ink': return cell(1, I, "the ink names one trial by its verb (22:1); the shelf calls it the tenth (Bereshit Rabbah 56:11: 'the tenth trial'), but the list of ten is not on the local shelf (Avot de-Rabbi Natan absent) — the sequence runner CH1 files the DIVERGE open", ['tried'])
    if q == 'after_what': return cell(('the_words_of_satan', 'the_words_of_ishmael'), M, "Sanhedrin 89b:9 (R. Yochanan in R. Yose ben Zimra's name: after the words of Satan — 'the child grew and was weaned', 21:8) and 89b:14 (R. Levi: after the words of Ishmael to Isaac: 'I was circumcised at thirt

==== SOURCE MA.isaac_gerar (3246 chars)
def isaac_gerar(q):
    if q == 'famine_ordinal': return cell('the_second', I, "'besides the first famine that was in the days of Abraham' (26:1) — the ink's own ordinal; Bereshit Rabbah 25:3, 64:1 the census of ten famines (the frozen unit's read)", ['famine'])
    if q == 'olah_rule_transferred': return cell('outside_the_curtains_disqualified', M, "Bereshit Rabbah 64:3 — R. Hoshaya: you are an unblemished burnt offering; as a burnt offering that goes outside the curtains is disqualified, so you outside the land — the offerings engine's rule laid on Isaac by the teacher (a transfer named, not a call)", ['descent_to_egypt_barred'])
    if q == 'charge_words': return cell(('my_charge', 'my_co

MA cell signature                                    ('q',)
==== SOURCE JS.the_oath (2036 chars)
def the_oath(q):
    if q == 'seventeen_years': return cell(17, I, "'and Jacob lived in the land of Egypt seventeen years' (47:28) — parsed; the seventeen of 37:2 mirrored (the frozen unit's read)", ['burial_in_canaan_sworn'])
    if q == 'hundred_forty_seven': return cell(147, I, "'the days of Jacob, the years of his life, were a hundred and forty-seven years' (47:28) — parsed; 130 (47:9) + 17 = 147, the ink's own arithmetic (CJ5); the marker jacob_147", ['burial_in_canaan_sworn'])
    if q == 'why_joseph': return cell('in_his_power_to_do', M, "Bereshit Rabbah 96:5 — 'and he called his son Joseph' (47:29): why not Reuben or Judah — Reuben the firstborn, Judah the king? because it was in his power to do it", ['burial_in_canaan_sworn'])
    if q == 'kindness_and_truth': return cell('kindness_and_truth', I, "'deal with me in kindness and truth; do not bury me in Egypt' (47:29, חסד ואמת) — 

==== SOURCE MK.the_gatherer (4536 chars)
def the_gatherer(case, data):
    del P[:]
    ask = case['ask']
    if ask == 'labor':
        ink('Num 15:32', '"gathering wood" (מְקֹשֵׁשׁ עֵצִים, "gathering sticks") — no labor of the thirty-nine named')
        row = data['gatherers_labor']['value']
        dat('gatherers_labor = %s — %s' % (row, data['gatherers_labor']['settings'][row]))
        move('Shabbat 96b:18', 'every arm is capital — "with regard to that labor there is no uncertainty": the hidden scroll\'s one '
             'non-capital labor is not the gatherer\'s on any arm (Mishnah Sanhedrin 7:8\'s criterion: deliberate karet

MK.the_gatherer the_case                             ('found gathering, warned of the labor, confined until declared, stoned with stones outside the camp, and he died; not hanged (the sages)', ['warned_specifying_the_labor', 'put_to_death', 'in_custody', 'stoned'])
==== SOURCE ER.ascent (3348 chars)
def ascent(q):
    if q == 'torah_mitzvah':
        return cell(2, I, "24:12 'the tablets of stone, and THE TORAH AND THE COMMANDMENT which I have written to teach them' — the pair at %s (Kings' the other); 'to teach them' among the teach-infinitive's %d seats (%s)" % (fmt(c_torah_mitzvah), len(c_lehorot), fmt(c_lehorot)), ['tablets_delivered'])
    if q == 'canon_channel':
        return cell(('tablets', 'torah', 'commandment', 'prophets_writings', 'gemara'), M, CVB + "Berakhot 5a:3 — THE CANON CHANNEL from the one verse: 'the tablets — the ten utterances; the torah — Scripture; the commandment — Mishnah; which I have written — the Prophets and Writings; to teach them — Gemara' (Berakhot 48

==== SOURCE ER.blood_covenant (8910 chars)
def blood_covenant(q):
    if q == 'seventy':
        return cell(3, I, "'seventy of the elders of Israel' at %s — the covenant's two seats and the seventy Moses gathers at Num 11:16 (Mishnah Sanhedrin 1:6's seventy-one from the third); 'Nadab and Abihu' at %d seats" % (fmt(sorted(c_seventy)), c_nadav), ['entered_the_covenant'])
    if q == 'unnamed_elders':
        return cell('every_court_of_three_as_moses_court', A, "Mishnah Rosh Hashanah 2:9 (the link row at 24:1, 24:9) — R. Dosa b. Harkinas

ER.ascent torah_mitzvah                              {'v': 2, 'p': 'INK', 'why': "24:12 'the tablets of stone, and THE TORAH AND THE COMMANDMENT which I have written to teach them' — the pair at ['2Kgs 17:37', 'Exod 24:12'] (Kings' the other); 'to teach them' among the teach-infinitive's 5 seats (['Exod 24:12', 'Exod 35:34', 'Gen 46:28', 'Lev 10:11', 'Lev 14:57'])", 'fx': ['tablets_delivered']}
ER.blood_covenant book_of_covenant                   {'v': 4, 'p': 'INK', 'why': "24:7 'the BOOK of the covenant' at ['2Chr 34:30', '2Kgs 23:2', '2Kgs 23:21', 'Exod 24:7'] — Moses' at Sinai, Josiah's at the Temple twice (2 Kgs 23:2, 23:21), and the Chronicler's: the run of the reading at Josiah's reform", 'fx': ['oral_law_unwritten']}
CH.SCENE, CH.RUN-like                                (((1, 1, 1, 1, 1, 1, 1, 1, 1, 1, 1), (1, 1, 1, 1), (0, 0, 0, 0), 11, 0), ((1, 1, 1, 1, 1, 1, 1, 1, 1, 1, 1), (1, 1, 1, 1), (0, 0, 0, 0), 11, 0))
the signatures: {'ES.trials': ('q',), 'PE.firstborn': ('case', 'data'), 'MA.moriah': ('q',), 'JS.the_oath': ('q',), 'ER.ascent': ('q',), 'DC.vain_name': ('case', 'data'), 'OS.the_frame': ('case', 'data')}
