SCANNED 191 works (Talmud / Mishnah / Tosefta, no Yerushalmi, no commentary); the forms: Deuteronomy c:v, Deut. c:v, Dt.c:v; chapter 6 only
LINK rows 95 in 33 works
  Menachot                         21
  Berakhot                         12
  Kiddushin                        7
  Bava_Metzia                      5
  Megillah                         4
  Sanhedrin                        4
  Sotah                            4
  Yoma                             4
  Chullin                          3
  Bava_Kamma                       2
  Gittin                           2
  Mishnah_Berakhot                 2
  Pesachim                         2
  Temurah                          2
  Tosefta_Berakhot                 2
  Tosefta_Sotah                    2
  Arakhin                          1
  Avodah_Zarah                     1
  Bekhorot                         1
  Chagigah                         1
  Eruvin                           1
  Mishnah_Menachot                 1
  Mishnah_Sotah                    1
  Mishnah_Tamid                    1
  Nedarim                          1
  Rosh_Hashanah                    1
  Shabbat                          1
  Sukkah                           1
  Taanit                           1
  Tamid                            1
  Tosefta_Avodah_Zarah             1
  Tosefta_Rosh_Hashanah            1
  Zevachim                         1
  the DB verses cited: [(1, 4), (2, 2), (3, 2), (4, 28), (5, 22), (6, 19), (7, 24), (8, 28), (9, 30), (10, 1), (11, 1), (13, 8), (14, 1), (16, 1), (18, 5)]
  LINK Arakhin 3b:10              Deut 6:8               § The Gemara cites another baraita: Everyone is obligated in the mitzva of phylacteries, including priests, Levites, and Israelites. The Gem
  LINK Avodah Zarah 25a:13        Deut 6:18              The Gemara cites a different interpretation: Rabbi Elazar says that the book of Yashar is the book of Deuteronomy. And why did they call it 
  LINK Bava Kamma 41b:7           Deut 6:13              As it is taught in a baraita: Shimon HaAmasoni, and some say that it was Neḥemya HaAmasoni, would interpret all occurrences of the word “et”
  LINK Bava Kamma 87a:2           Deut 6:1               The Gemara presents another statement of Rabbi Yehuda. It is taught in another baraita that Rabbi Yehuda says: A blind person does not have,
  LINK Bava Metzia 16b:13         Deut 6:18              The reason for a new document to be written is that according to the letter of the law, the land need not be returned by the creditor to the
  LINK Bava Metzia 35a:12         Deut 6:18              With regard to the reversal of an appraisal, the Sages of Neharde’a say: After property is repossessed in order to pay an unpaid debt based 
  LINK Bava Metzia 101b:19        Deut 6:9               The students in the study hall raised a dilemma before Rav Sheshet: Upon whom is the obligation to affix a mezuza (see Deuteronomy 6:9)? The
  LINK Bava Metzia 108a:10        Deut 6:18              The Sages of Neharde’a say: Even if his claim was due to the halakha of one whose field borders the field of his neighbor, we still remove h
  LINK Bava Metzia 108b:4         Deut 6:18              The Gemara clarifies this ruling: If a buyer bought the field from a gentile it does not apply, as he can say to the neighbor: It is better 
  LINK Bekhorot 6b:4              Deut 6:13              As it is taught in a baraita: Shimon HaAmasoni would interpret each and every occurrence of the word “et” in the Torah, deriving additional 
  LINK Berakhot 2a:1              Deut 6:7               The beginning of tractate Berakhot, the first tractate in the first of the six orders of Mishna, opens with a discussion of the recitation o
  LINK Berakhot 2a:8              Deut 6:7               The Gemara offers a single response to both questions: The tanna bases himself on the verse as it is written: “You will talk of them when yo
  LINK Berakhot 6a:22             Deut 6:4               You have made Me a single entity in the world, as it is stated that Israel declares God’s oneness by saying: “Hear, Israel, the Lord is our 
  LINK Berakhot 13a:26            Deut 6:6               The Gemara seeks to clarify: What is the reason for Rabbi Yehuda HaNasi’s opinion? The Gemara answers: The source for his halakha lies in th
  LINK Berakhot 13a:27            Deut 6:4               The Gemara seeks to clarify further: And what is the reason for the Rabbis’ opinion? The Gemara answers: The source upon which the Rabbis ba
  LINK Berakhot 14b:13            Deut 6:7 Deut 6:8 Deut 6:9 The Gemara asks: Is that to say that the portion of Shema contains the directive to learn but it does not contain the directive to teach and
  LINK Berakhot 15b:23            Deut 6:9               Rabbi Oshaya taught the following baraita before Rava: The verse, “And you shall write them [ukhtavtam] on the door posts of your house and 
  LINK Berakhot 16a:4             Deut 6:9               One who recited Shema and erred, and does not know where exactly he erred; if he was in the middle of a paragraph when he realized his error
  LINK Berakhot 20b:4             Deut 6:8 Deut 6:9      We also learned in the mishna that women are exempt from phylacteries. The Gemara asks: That is obvious as well. The donning of phylacteries
  LINK Berakhot 21a:8             Deut 6:7               Rav Yosef raises an objection: How can you say that the obligation to recite Shema is only by rabbinic law when it is explicitly written: “A
  LINK Berakhot 54a:6             Deut 6:5               The mishna articulates a general principle: One is obligated to recite a blessing for the bad that befalls him just as he recites a blessing
  LINK Berakhot 61b:5             Deut 6:5               We learned in our mishna the explanation of the verse: “And you shall love the Lord your God with all your heart and all your soul and all y
  LINK Chagigah 3a:19             Deut 6:4               Rabbi Elazar explained: The Holy One, Blessed be He, said to the Jewish people: You have made Me a single entity in the world, as you single
  LINK Chullin 17a:12             Deut 6:10 Deut 6:11    The Gemara asks: When? With regard to what period does Rabbi Yirmeya raise his dilemma? If we say that the dilemma is with regard to the sev
  LINK Chullin 91b:16             Deut 6:4               And furthermore, the Jewish people mention the name of God after two words, as it is stated: “Hear, Israel: The Lord our God, the Lord is on
  LINK Chullin 135b:15            Deut 6:9               Likewise, with regard to a mezuza, Rabbi Ilai concedes that the house of two partners is obligated, even though it is written: “And you shal
  LINK Eruvin 95b:17              Deut 6:8               The Gemara comments: The school of Menashe taught the following. The verse states: “And you shall bind them for a sign on your arm, and they
  LINK Gittin 45b:6               Deut 6:8 Deut 6:9      And that which is taught in a baraita, which said that it should be interred, is the opinion of this tanna, as Rav Hamnuna, son of Rava of P
  LINK Gittin 57b:16              Deut 6:4               They then brought in another son, and said to him: Worship the idol. He said to them: I cannot do so, as it is written in the Torah: “You sh
  LINK Kiddushin 30a:9            Deut 6:7               § Rav Safra says in the name of Rabbi Yehoshua ben Ḥananya: What is the meaning of that which is written: “And you shall teach them diligent
  LINK Kiddushin 30a:15           Deut 6:7               § The Sages taught: The verse states: “And you shall teach them diligently [veshinnantam]” (Deuteronomy 6:7). The root shin, nun, nun, of ve
  LINK Kiddushin 30b:19           Deut 6:13              Similarly, it is stated: “A man shall fear his mother and his father” (Leviticus 19:3), and it is stated: “You shall fear the Lord your God 
  LINK Kiddushin 34a:1            Deut 6:8               And the donning of phylacteries (Deuteronomy 6:8), which are not worn at night or on Shabbat and Festivals, is also a positive, time-bound m
  LINK Kiddushin 34a:3            Deut 6:7               The Gemara asks: But is this an established principle? But there are the mitzvot of eating matza on the first night of Passover (Exodus 23:1
  LINK Kiddushin 34a:6            Deut 6:7 Deut 6:8      § The Gemara turns to the sources of this principle. From where do we derive that women are exempt from positive, time-bound mitzvot? It is 
  LINK Kiddushin 57a:1            Deut 6:13              The Gemara answers: This Sage does not interpret the word “et” as a means to derive new halakhot. He considers the word “et” to be an ordina
  LINK Megillah 9a:5              Deut 6:6               The Gemara asks: With regard to phylacteries and mezuzot, what is the reason that they must be written in Hebrew? The Gemara explains: It is
  LINK Megillah 9a:9              Deut 6:6               The Gemara asks: How did our Rabbis permit this? Isn’t it written with regard to phylacteries and mezuzot: “And these words shall be” (Deute
  LINK Megillah 17b:1             Deut 6:4 Deut 6:6      “And these words…shall be” (Deuteronomy 6:6), teaching that these words, the words of the Shema, always “shall be” as they are, i.e., in the
  LINK Megillah 20a:2             Deut 6:4 Deut 6:6      As it is taught in a baraita: Rabbi Yehuda said in the name of Rabbi Elazar ben Azarya: One who recites the Shema must make it audible to hi
  LINK Menachot 28a:6             Deut 6:1 Deut 6:2 Deut 6:3 Deut 6:4 Deut 6:5 Deut 6:6 Deut 6:7 Deut 6:8 Deut 6:9 MISHNA: With regard to the seven branches of the Candelabrum (see Exodus 25:32), the absence of each prevents fulfillment of the mitzva with
  LINK Menachot 29a:16            Deut 6:9               § The mishna teaches: With regard to the two passages that are in the mezuza, the absence of each prevents fulfillment of the mitzva with th
  LINK Menachot 31b:9             Deut 6:4 Deut 6:5 Deut 6:6 Deut 6:7 Deut 6:8 Deut 6:9 Rabbi Ḥelbo said: I saw Rav Huna wrap a written mezuza from the word eḥad to the word shema, i.e., rolling it from left to right, as the fir
  LINK Menachot 32a:1             Deut 6:4 Deut 6:5 Deut 6:6 Deut 6:7 Deut 6:8 Deut 6:9 And he would make a space above and a space below the text and would prepare the passages of the mezuza in the open manner, i.e., he would b
  LINK Menachot 32b:9             Deut 6:9               And Rav Yehuda says that Shmuel says: If one hung a mezuza on a stick in the entranceway, without affixing it to the doorpost, it is unfit. 
  LINK Menachot 33a:8             Deut 6:8 Deut 6:9      The Gemara raises an objection from a baraita: One raises the mezuza a handbreadth from the ground, or one distances it from the cross beam 
  LINK Menachot 34a:6             Deut 6:9               The Gemara asks: What is the source for this requirement that the mezuza be affixed to the right side? As it is taught in a baraita: When th
  LINK Menachot 34a:8             Deut 6:9               The Gemara further inquires: What is this statement of Rabbi Meir, referred to by Rav Pappa, that he deems one obligated to place a mezuza o
  LINK Menachot 34a:9             Deut 6:9               The Gemara asks: What is the reason of Rabbi Meir, that one doorpost suffices to obligate one to affix a mezuza? As it is taught in a barait
  LINK Menachot 34a:11            Deut 6:9               The Sages taught in a baraita: The verse states: “And you shall write them upon the doorposts of your house, and upon your gates” (Deuterono
  LINK Menachot 34b:1             Deut 6:8               § The Sages taught in a baraita: With regard to the number of compartments in the phylacteries of the head, the verse states: “It shall be f
  LINK Menachot 34b:9             Deut 6:4 Deut 6:5 Deut 6:6 Deut 6:7 Deut 6:8 Deut 6:9 § The Sages taught in a baraita: How does one arrange the four passages inside the phylacteries? The passage of: “Sanctify unto Me” (Exodus 
  LINK Menachot 35a:1             Deut 6:4 Deut 6:5 Deut 6:6 Deut 6:7 Deut 6:8 Deut 6:9 unless it is a case where one exchanges an inner passage for an outer one, e.g., he placed the passage of Exodus 13:11–16 to the right of Ex
  LINK Menachot 35b:2             Deut 6:8               § The Gemara relates: Abaye was sitting before Rav Yosef when the strap of his phylacteries tore. Abaye said to Rav Yosef: What is the halak
  LINK Menachot 36a:5             Deut 6:8               It is further taught in a baraita: When one dons phylacteries, he first dons the phylacteries of the arm and afterward dons the phylacteries
  LINK Menachot 37a:2             Deut 6:8 Deut 6:9      Rabbi Natan says: This proof is not necessary, as it says: “And you shall bind them for a sign upon your arm” (Deuteronomy 6:8), and then it
  LINK Menachot 37a:6             Deut 6:8               The school of Menashe taught with regard to the verse: “And you shall bind them for a sign on your arm, and they shall be as frontlets betwe
  LINK Menachot 42b:1             Deut 6:8 Deut 6:9      of Pashronya: A Torah scroll, phylacteries, or mezuzot that were written by a heretic, a Samaritan, a gentile, a Canaanite slave, a woman, a
  LINK Menachot 43b:9             Deut 6:13              And it is taught in another baraita: The verse states: “That you may look upon it and remember all the commandments of the Lord and do them.
  LINK Menachot 44a:16            Deut 6:8               Rav Sheshet says: Anyone who does not don phylacteries violates eight positive mitzvot. This is referring to the mitzva to don phylacteries 
  LINK Menachot 44a:19            Deut 6:9               Anyone who does not have a mezuza in his doorway violates two positive mitzvot, stated in the verses: “And you shall write them on the doorp
  LINK Mishnah Berakhot 1:1       Deut 6:7               The beginning of tractate Berakhot, the first tractate in the first of the six orders of Mishna, opens with a discussion of the recitation o
  LINK Mishnah Berakhot 9:5       Deut 6:5               The mishna articulates a general principle: One is obligated to recite a blessing for the bad that befalls him just as he recites a blessing
  LINK Mishnah Menachot 3:7       Deut 6:1 Deut 6:2 Deut 6:3 Deut 6:4 Deut 6:5 Deut 6:6 Deut 6:7 Deut 6:8 Deut 6:9 With regard to the seven branches of the Candelabrum (see Exodus 25:32), the absence of each prevents fulfillment of the mitzva with the oth
  LINK Mishnah Sotah 7:8          Deut 6:4 Deut 6:5 Deut 6:6 Deut 6:7 Deut 6:8 Deut 6:9 How is the portion of the Torah that is read by the king recited at the assembly, when all the Jewish people would assemble? At the conclusi
  LINK Mishnah Tamid 5:1          Deut 6:4 Deut 6:5 Deut 6:6 Deut 6:7 Deut 6:8 Deut 6:9 After the priests completed laying the parts of the daily offering on the ramp, they went to the Chamber of Hewn Stone to recite Shema. The 
  LINK Nedarim 38a:1              Deut 6:1               The same is true for “this” that is in the verse “and this is the mitzva” (Deuteronomy 6:1); and for “bend” that is in the verse “let the ar
  LINK Pesachim 25a:11            Deut 6:5               The Gemara answers: Actually, it is referring to a case where there is danger, and even so, one my not derive benefit from the wood of an as
  LINK Pesachim 56a:5             Deut 6:4 Deut 6:5      We learned in the mishna that the residents of Jericho would bundle Shema. The Gemara asks: What does it mean that they bundled Shema? How d
  LINK Rosh Hashanah 32b:16       Deut 6:4               Rav Huna said: Come and hear a solution from that which was taught in the Tosefta (2:11): The verse: “Hear, O Israel, the Lord our God, the 
  LINK Sanhedrin 4b:12            Deut 6:8               The Gemara asks: And does everyone actually hold that the vocalization of the Torah is authoritative? But isn’t it taught in a baraita: With
  LINK Sanhedrin 56a:10           Deut 6:13              The Gemara asks: Say that nokev means the utterance of the ineffable name of God. As it is written: “And Moses and Aaron took these men that
  LINK Sanhedrin 63b:23           Deut 6:4               Elijah said to the child: From which family are you? The child said to him: I am from such and such family. Elijah said to him: Isn’t there 
  LINK Sanhedrin 74a:15           Deut 6:5               The Gemara answers: Those in the upper story of the house of Nitza stated their opinion in accordance with the opinion of Rabbi Eliezer. As 
  LINK Shabbat 103b:13            Deut 6:9               The Gemara raised an objection from a baraita that interprets the verse: “And you shall write them on the doorposts of your house and on you
  LINK Sotah 32b:18               Deut 6:4               § The Gemara continues its discussion of the recitations that can be stated in any language. From where do we derive that Shema may be recit
  LINK Sotah 32b:20               Deut 6:6               The Gemara asks: What is the reason for the opinion of Rabbi Yehuda HaNasi? The verse states: “And these words, which I command you this day
  LINK Sotah 32b:21               Deut 6:4               The Gemara asks further: And what is the reason for the opinion of the Rabbis? The Gemara answers: The verse states: “Hear, O Israel” (Deute
  LINK Sotah 41a:18               Deut 6:4 Deut 6:5 Deut 6:6 Deut 6:7 Deut 6:8 Deut 6:9 And the king reads from the beginning of Deuteronomy, from the verse that states: “And these are the words” (Deuteronomy 1:1), until the wor
  LINK Sukkah 25a:5               Deut 6:7               GEMARA: The Gemara asks: From where are these matters derived that one who is performing a mitzva is exempt from the mitzva of sukka? The Sa
  LINK Taanit 9a:3                Deut 6:16              The boy said to him: And is it permitted to test the Holy One, Blessed be He? But isn’t it written: “You shall not test the Lord your God” (
  LINK Tamid 32b:8                Deut 6:4 Deut 6:5 Deut 6:6 Deut 6:7 Deut 6:8 Deut 6:9 MISHNA: 5:1 After the priests completed laying the parts of the daily offering on the ramp, they went to the Chamber of Hewn Stone to recite
  LINK Temurah 3b:17              Deut 6:13              The Gemara counters: Why not say that this statement in the verse means only that a bailee is able to appease the other, i.e., the owner, an
  LINK Temurah 4a:2               Deut 6:13              The Gemara counters: Why not, i.e., what is the difficulty? But isn’t it written: “You shall fear the Lord your God, and Him you shall serve
  LINK Tosefta Avodah Zarah 1:3   Deut 6:14              One may not go to a [idolatrous] market-place that is in a village or in any of the surrounding cities because it looks like he is going to 
  LINK Tosefta Berakhot 1:5       Deut 6:7               The grooms and all [others] who are involved in [other] Mitzvot (commandments) are exempt from reading [the] Shema and from [the Amidah] pra
  LINK Tosefta Berakhot 6:11      Deut 6:5               Rebbi Meir used to say, ‘It says [in the Torah], “And you should love Hashem, your God, with all of your heart …” (Deuteronomy 6:5) [That me
  LINK Tosefta Rosh Hashanah 2:11 Deut 6:4               [Verses of] "Revisitings" (pikdonot) are equivalent to "Remembrances' (zichronot), as it is said (Gen. 21:1), "And the Lord revisited (pakad
  LINK Tosefta Sotah 7:4          Deut 6:6               The blessing of the Hallel, the Shema, and the tefilah (i.e., the Amidah) may be recited in any language (cf. Sot. 7:1). Rebbi says, I say t
  LINK Tosefta Sotah 7:9          Deut 6:4               [With respect to the portion read by the king,] he reads from the beginning [of Deuteronomy], "These are the words..." (Deut. 1:1) until [th
  LINK Yoma 11a:3                 Deut 6:9               § Apropos the mezuza in the High Priest’s chamber, the Gemara discusses other halakhot of mezuza. The Sages taught with regard to the verse:
  LINK Yoma 19b:9                 Deut 6:6 Deut 6:7      Apropos interruptions in the course of reciting Shema, the Gemara cites a baraita in which the Sages taught: “And these words, which I comma
  LINK Yoma 82a:10                Deut 6:5               The Gemara clarifies: With regard to the halakha that the prohibition against idol worship takes precedence over saving one’s life, from whe
  LINK Yoma 86a:12                Deut 6:5               Abaye said: As it was taught in a baraita that it is stated: “And you shall love the Lord your God” (Deuteronomy 6:5), which means that you 
  LINK Zevachim 37b:14            Deut 6:8               The Gemara asks: But if that is so, that this is the proper manner of expounding the verses, consider the case of the phylacteries of the he
Mishnah_Berakhot mishnayot (1, 1)..(3, 6) (19): 19 rows, 1 link rows
Mishnah_Berakhot mishnayot [(9, 5)]: 1 rows, 1 link rows
Mishnah_Pesachim mishnayot [(10, 4)]: 1 rows, 0 link rows
Mishnah_Sotah mishnayot [(7, 1)]: 1 rows, 0 link rows
Mishnah_Maaser_Sheni mishnayot [(3, 8)]: 1 rows, 0 link rows
Mishnah_Menachot mishnayot [(3, 7)]: 1 rows, 1 link rows
Berakhot 2a-2b: 33 segments in the range, 2 of them link rows
Berakhot 10b-11a: 68 segments in the range, 0 of them link rows
Berakhot 13a-13b: 66 segments in the range, 2 of them link rows
Berakhot 15a-16a: 79 segments in the range, 2 of them link rows
Berakhot 61b-61b: 16 segments in the range, 1 of them link rows
Menachot 31b-37b: 156 segments in the range, 15 of them link rows
Menachot 43b-43b: 18 segments in the range, 1 of them link rows
Kiddushin 29a-30b: 75 segments in the range, 3 of them link rows
Pesachim 56a-56a: 13 segments in the range, 1 of them link rows
Pesachim 116a-116b: 26 segments in the range, 0 of them link rows
Sanhedrin 4b-4b: 17 segments in the range, 1 of them link rows
Sanhedrin 74a-74a: 23 segments in the range, 1 of them link rows
Shabbat 103b-103b: 17 segments in the range, 1 of them link rows
Yoma 11a-11a: 14 segments in the range, 1 of them link rows
Bava_Metzia 108a-108a: 15 segments in the range, 1 of them link rows
Temurah 3b-4a: 29 segments in the range, 2 of them link rows
TOPIC rows 652 (the Mishnah rows + the folio ranges whole; link-duplicates dropped)
   [('Berakhot', 255), ('Menachot', 158), ('Kiddushin', 72), ('Pesachim', 38), ('Sanhedrin', 38), ('Temurah', 27), ('Mishnah Berakhot', 18), ('Shabbat', 16), ('Bava Metzia', 14), ('Yoma', 13), ('Mishnah Pesachim', 1), ('Mishnah Sotah', 1), ('Mishnah Maaser Sheni', 1)]
PRIOR READS (credited): 168 addresses of 747
  by ledger: [('EXOD_TALMUD_TRIAGE_LEDGER.md', 43), ('deu_05_vaetchanan_exam_2026-09-16.md', 23), ('deu_04_vaetchanan_exam_2026-09-16.md', 18), ('num_28_29_musafim_exam_2026-09-11.md', 18), ('exodus_block_ink_2026-09-04.md', 16), ('pre_sinai_docket_2026-09-06.md', 16), ('talmud_triage_gen_2026-09-01.md', 16), ('exodus_block_matza_2026-09-04.md', 15), ('erection_docket_2026-09-06.md', 8), ('genesis_block_prayerbook_2026-09-04.md', 7), ('exodus_block_festivals_2026-09-04.md', 6), ('priesthood_topic_docket_2026-09-06.md', 5), ('deu_01_03_devarim_exam_2026-09-15.md', 4), ('holiness_topic_docket_2026-09-06.md', 4), ('gen_33_shaddai_covenant_flesh_2026-08-25.md', 4)]
  credited per range: [('Berakhot', '2a', '2b', 5), ('Berakhot', '10b', '11a', 4), ('Berakhot', '13a', '13b', 8), ('Berakhot', '15a', '16a', 2), ('Berakhot', '61b', '61b', 0), ('Menachot', '31b', '37b', 23), ('Menachot', '43b', '43b', 1), ('Kiddushin', '29a', '30b', 47), ('Pesachim', '56a', '56a', 3), ('Pesachim', '116a', '116b', 7), ('Sanhedrin', '4b', '4b', 16), ('Sanhedrin', '74a', '74a', 5), ('Shabbat', '103b', '103b', 17), ('Yoma', '11a', '11a', 0), ('Bava_Metzia', '108a', '108a', 0), ('Temurah', '3b', '4a', 6)]
dump <scratch>/ch6_docket_dump.txt 446322 bytes 2243 lines
ENUMERATED OUTSIDE DECLARED SCOPE — Berakhot 2a-16a whole: 787 rows; the amudim read here: 246
THE RANGES SIZED:
  Mishnah_Berakhot     (1, 1)-(3, 6)   19 rows,   1 link rows
  Mishnah_Berakhot     (9, 5)-(9, 5)    1 rows,   1 link rows
  Mishnah_Pesachim     (10, 4)-(10, 4)    1 rows,   0 link rows
  Mishnah_Sotah        (7, 1)-(7, 1)    1 rows,   0 link rows
  Mishnah_Maaser_Sheni (3, 8)-(3, 8)    1 rows,   0 link rows
  Mishnah_Menachot     (3, 7)-(3, 7)    1 rows,   1 link rows
  Berakhot                 2a-2b       33 rows,   2 link rows
  Berakhot                10b-11a      68 rows,   0 link rows
  Berakhot                13a-13b      66 rows,   2 link rows
  Berakhot                15a-16a      79 rows,   2 link rows
  Berakhot                61b-61b      16 rows,   1 link rows
  Menachot                31b-37b     156 rows,  15 link rows
  Menachot                43b-43b      18 rows,   1 link rows
  Kiddushin               29a-30b      75 rows,   3 link rows
  Pesachim                56a-56a      13 rows,   1 link rows
  Pesachim               116a-116b     26 rows,   0 link rows
  Sanhedrin                4b-4b       17 rows,   1 link rows
  Sanhedrin               74a-74a      23 rows,   1 link rows
  Shabbat                103b-103b     17 rows,   1 link rows
  Yoma                    11a-11a      14 rows,   1 link rows
  Bava_Metzia            108a-108a     15 rows,   1 link rows
  Temurah                  3b-4a       29 rows,   2 link rows
