==== cold_run_ordinances.land sig ('q',) (4204 chars) asks-in-source []
def land(q):
    if q == 'angel':
        return cell('hapax_the_Name_in_him', I, f"23:20 'behold I SEND AN ANGEL before you' — the phrase at {c_angel} alone; 23:21 'for My NAME IS IN HIM' at {c_name_in_him} "
                    "alone; Onkelos 23:21: 'for his WORD is in My name' — the verse re-seated on the Memra layer", [FX.NONE])
    if q == 'not_forgive':
        return cell('he_will_not_bear_your_transgression', I, f"23:21 'do not rebel against him, for he will NOT BEAR your transgression' — the phrase at {c_forgive}: this and "
                    "Joshua 24:19's 'He will not bear your transgression and your sins' — the same clause at the covenant's renewal", [FX.NONE])
    if q == 'hornet':
        return cell(3, I, f"23:28 'and I will send THE HORNET before you' — the token at {c_hornet}: this, Deut 7:20, Joshua 24:12 ('and I sent the hornet before you' — the run of "
                    "this promise in the Prophets)", [FX.NONE])
    if q == 'little_by_little':
        return cell('not_in_one_year', I, f"23:29-30 'I will not drive him out before you IN ONE YEAR, lest the land be desolate... LITTLE BY LITTLE I will drive him out' — 'little "
                    f"by little' at {c_little} (Deut 7:22 restates), 'in one year' at {c_one_year} (Solomon's gold the other two)", ['land_desolate'])
    if q == 'borders':
        return cell(['sea_of_reeds', 'sea_of_the_philisti

  ordinances.land('hornet')                    {'v': 3, 'p': 'INK', 'why': "23:28 'and I will send THE HORNET before you' — the token at [('Deut', 7, 20), ('Exod', 23, 28), ('Josh', 24, 12)]: this, Deut 7:20, Joshua 24:12 ('and I sent the hornet before you' — the run of this promise in the Prophets)", 'fx': ['—']}
  ordinances.land('little_by_little')          {'v': 'not_in_one_year', 'p': 'INK', 'why': "23:29-30 'I will not drive him out before you IN ONE YEAR, lest the land be desolate... LITTLE BY LITTLE I will drive him out' — 'little by little' at [('Deut', 7, 22), ('Exod', 23, 30)] (Deut 7:22 restates), 'in one year' at [('1Kgs', 10, 14), ('2Chr', 9, 13), ('Exod', 23, 29)] (Solomon's gold the other two)", 'fx': ['land_desolate']}
  ordinances.land('no_barren')                 {'v': 'hapax', 'p': 'INK', 'why': "23:26 'there shall be no MISCARRYING (משכלה) or BARREN in your land; the number of your days I will fill' — 'miscarrying' at [('Exod', 23, 26)] alone, 'and barren' at [('Deut', 7, 14), ('Exod', 23, 26)] (Deut 7:14 restates)", 'fx': ['bread_and_water_blessed']}
  ordinances.land('no_covenant')               {'v': 'no_covenant_with_them_or_their_gods', 'p': 'INK', 'why': "23:32 'you shall not cut a COVENANT with them or with their gods' — Onkelos: 'no covenant with them or with their ERRORS'; Exod 34:12-15, Deut 7:2 restate [IMPORT]", 'fx': ['covenant_barred']}
  ordinances.land('not_dwell')                 {'v': 'lest_they_make_you_sin', 'p': 'INK', 'why': "23:33 'they shall not dwell in your land lest they make you SIN against Me... it will be a SNARE to you' — 'a snare' (למוקש) at 8 seats (34:12's covenant warning among them); Onkelos: 'they will make you LIABLE before Me' — liability vocabulary for 'sin'", 'fx': ['covenant_barred']}
  ordinances.land('break_pillars')             {'v': 'demolish_demolish_break_break', 'p': 'INK', 'why': "23:24 'for you shall surely DEMOLISH them and surely BREAK their pillars' — 'demolish, demolish' at [('Exod', 23, 24)] alone; Onkelos keeps both doubled verbs; Mishnah Avodah Zarah 3:1: the images' test (a staff, a bird, a ball — the sages)", 'fx': ['demolished']}
  ordinances.land('bread_water')               {'v': 'blessed_sickness_removed', 'p': 'INK', 'why': "23:25 'and He will BLESS your bread and your water, and I will remove sickness from your midst' — the covenant's blessing side (Lev 26:3-13 by name)", 'fx': ['bread_and_water_blessed']}
  ordinances.land('serve_before')              {'v': 'serve_before_the_LORD', 'p': 'MOVE', 'why': "23:25 'and you shall SERVE the LORD your God' — Onkelos: 'serve BEFORE the LORD' (the service preposition), 'your food and your drink' for bread and water", 'fx': ['bread_and_water_blessed']}
  ordinances.land('angel')                     {'v': 'hapax_the_Name_in_him', 'p': 'INK', 'why': "23:20 'behold I SEND AN ANGEL before you' — the phrase at [('Exod', 23, 20)] alone; 23:21 'for My NAME IS IN HIM' at [('Exod', 23, 21)] alone; Onkelos 23:21: 'for his WORD is in My name' — the verse re-seated on the Memra layer", 'fx': ['—']}
  ordinances.land('borders')                   {'v': ['sea_of_reeds', 'sea_of_the_philistines', 'the_wilderness', 'the_river'], 'p': 'DATA', 'why': "23:31 'I will set your border from the Sea of Reeds to the SEA OF THE PHILISTINES, and from the wilderness to the river' — 'sea of the Philistines' at [('Exod', 23, 31)] alone; the four terms are the data channel (the geography)", 'fx': ['—']}
  ordinances.land('not_forgive')               {'v': 'he_will_not_bear_your_transgression', 'p': 'INK', 'why': "23:21 'do not rebel against him, for he will NOT BEAR your transgression' — the phrase at [('Exod', 23, 21), ('Josh', 24, 19)]: this and Joshua 24:19's 'He will not bear your transgression and your sins' — the same clause at the covenant's renewal", 'fx': ['—']}
==== cold_run_erection.covenant sig ('q',) (9011 chars) asks-in-source []
def covenant(q):
    if q == 'cut_four':
        return cell(c_karat34, I, "the cutting verb at four seats of the chapter — %s: 34:10 'behold I CUT a covenant', 34:12 and 34:15 'lest you CUT a covenant with the inhabitant' (the ban, twice), 34:27 'I have CUT a covenant with you and with Israel' (the sealing) — the chapter opens and closes on the verb and bans it in between" % (c_karat34,), ['covenant_cut'])
    if q == 'wonders':
        return cell(2, I, "34:10 'wonders which have NOT BEEN CREATED in all the earth' — the niphal of the creation verb at %s alone in the Tanakh (Isaiah's 'created now, not long ago' the second seat)" % (fmt(c_nivreu),), ['covenant_cut'])
    if q == 'nations_seven_orders':
        return cell(7, I, "the nations' list at seven seats of Exodus and Deuteronomy in SEVEN DIFFERENT ORDERS: %s — 34:11 names six (Amorite first), 33:2 six (Canaanite first), 23:23 six (Amorite first but the Canaanite fourth), 13:5 five, 23:28 three, Deut 7:1 seven with the Girgashite: no two seats agree on the order and only Deuteronomy has the seventh" % (c_nations,), ['nations_driven_out'])
    if q == 'no_covenant_by_call':
        return cell(ORD_NOCOV, P, "34:12, 34:15 'lest you cut a covenant with the inhabitant of the land' — the first seat is 23:32's ban: cold_run_ordinances.land(no_covenant) -> %r; (not_dwell) -> %r [IMPORT, live call]" % (ORD_NOCOV, ORD_NOTDWELL), 

  erection.covenant('nations_seven_orders')    {'v': 7, 'p': 'INK', 'why': "the nations' list at seven seats of Exodus and Deuteronomy in SEVEN DIFFERENT ORDERS: {'Exod 3:8': ['כנעני', 'חתי', 'אמרי', 'פרזי', 'חוי', 'יבוסי'], 'Exod 13:5': ['כנעני', 'חתי', 'אמרי', 'חוי', 'יבוסי'], 'Exod 23:23': ['אמרי', 'חתי', 'פרזי', 'כנעני', 'חוי', 'יבוסי'], 'Exod 23:28': ['חוי', 'כנעני', 'חתי'], 'Exod 33:2': ['כנעני', 'אמרי', 'חתי', 'פרזי', 'חוי', 'יבוסי'], 'Exod 34:11': ['אמרי'
  erection.covenant('no_covenant_by_call')     {'v': 'no_covenant_with_them_or_their_gods', 'p': 'IMPORT', 'why': "34:12, 34:15 'lest you cut a covenant with the inhabitant of the land' — the first seat is 23:32's ban: cold_run_ordinances.land(no_covenant) -> 'no_covenant_with_them_or_their_gods'; (not_dwell) -> 'lest_they_make_you_sin' [IMPORT, live call]", 'fx': ['covenant_barred']}
  erection.covenant('daughters_two_seats')     {'v': ([('Exod', 34, 16)], [('Deut', 7, 3)]), 'p': 'INK', 'why': "34:16 'and you take OF THEIR DAUGHTERS FOR YOUR SONS' at ['Exod 34:16']; Deut 7:3 'his daughter you shall not take for your son' at ['Deut 7:3'] — the ban's two Torah seats, the second seat of the covenant and the third of the Torah", 'fx': ['intermarriage_barred']}
  erection.covenant('intermarriage_channels')  {'v': 'seven_nations_by_torah_rest_by_decree', 'p': 'MOVE', 'why': "Avodah Zarah 36b:9 (opened) — the Torah's ban (34:16, Deut 7:3) is the SEVEN NATIONS'; the court of Shammai and Hillel extended it to all; the coupler with an Aramean woman — 'a law to Moses from Sinai: zealots strike him' — the ban's channels named at the verse", 'fx': ['intermarriage_barred']}
  erection.covenant('child_follows_mother')    {'v': 'as_she_is', 'p': 'ANSWER-SHEET', 'why': "Mishnah Kiddushin 3:12 — 'whoever has no betrothal with him or with others, the child is AS SHE IS: the child of a maidservant or of a gentile woman' — 34:16's 'they make YOUR SONS whore' (the son of the foreign mother called yours only to be whored away; Deut 7:4's 'he will turn your son' the tradition's seat)", 'fx': ['intermarriage_barred']}
  erection.covenant('cut_four')                {'v': [(10, 'כרת'), (12, 'תכרת'), (15, 'תכרת'), (27, 'כרתי')], 'p': 'INK', 'why': "the cutting verb at four seats of the chapter — [(10, 'כרת'), (12, 'תכרת'), (15, 'תכרת'), (27, 'כרתי')]: 34:10 'behold I CUT a covenant', 34:12 and 34:15 'lest you CUT a covenant with the inhabitant' (the ban, twice), 34:27 'I have CUT a covenant with you and with Israel' (the sealing) — the chapter opens and closes on the verb and ban
  erection.covenant('pillars_exod')            {'v': 3, 'p': 'INK', 'why': "the pillar-word in Exodus at ['Exod 23:24', 'Exod 24:4', 'Exod 34:13'] — 23:24 'their pillars' (break), 24:4 'twelve pillars' (Moses builds them at the covenant), 34:13 'their pillars' (shatter): the covenant's own pillars stand between the two bans", 'fx': ['demolished']}
  erection.covenant('molten_two_seats')        {'v': ([('Exod', 34, 17)], [('Lev', 19, 4)]), 'p': 'INK', 'why': "34:17 'MOLTEN GODS you shall not make for yourself' — the phrase at ['Exod 34:17'] and, with the vav, at ['Lev 19:4'] (Lev 19:4) alone; the molten-word in the Torah at 6 seats (['Deut 9:12', 'Deut 9:16', 'Exod 32:4', 'Exod 32:8', 'Exod 34:17', 'Lev 19:4']): the calf's own ban restated in the covenant", 'fx': ['molten_image_barred']}
  erection.covenant('demolition_first_seat')   {'v': 'demolish_demolish_break_break', 'p': 'IMPORT', 'why': "23:24's 'you shall utterly demolish them and utterly break their pillars' is the first seat (two verbs, each doubled): cold_run_ordinances.land(break_pillars) -> 'demolish_demolish_break_break' [IMPORT, live call] — 34:13 replaces the doubling with a third object", 'fx': ['demolished']}
  erection.covenant('demolition_grows')        {'v': [3, 4, 5], 'p': 'INK', 'why': "34:13 'their altars you shall BREAK DOWN, their pillars SHATTER, their asherim CUT DOWN' — THREE verbs; Deut 7:5 FOUR (break down, shatter, cut down, BURN); Deut 12:3 FIVE (break down, shatter, burn, cut down, DESTROY THE NAME): {'Exod 34:13': ['תתצון', 'תשברון', 'תכרתון'], 'Deut 7:5': ['תתצו', 'תשברו', 'תגדעון', 'תשרפון'], 'Deut 12:3': ['ונתצתם', 'ושברתם', 'תשרפון', 'תגדעון', 'וא
  erection.covenant('sheet_az_2_3')            {'v': 'sacrifices_of_the_dead', 'p': 'ANSWER-SHEET', 'why': "Mishnah Avodah Zarah 2:3 — meat coming OUT of an idol's house is forbidden 'as the sacrifices of the dead' (R. Akiva): 34:15's 'his sacrifice' the class; the wine and the hides the descendant's list (data)", 'fx': ['barred_from_it']}
  erection.covenant('sheet_az_3_5')            {'v': 'made_objects_not_the_ground', 'p': 'ANSWER-SHEET', 'why': "Mishnah Avodah Zarah 3:5 — the mountains permitted, the asherah forbidden 'because a human hand made it': 34:13's three objects are all made (altars, pillars, asherim); the ground is not in the verse", 'fx': ['demolished']}
  erection.covenant('sheet_az_4_2')            {'v': 'altar_class_forbidden', 'p': 'ANSWER-SHEET', 'why': "Mishnah Avodah Zarah 4:2 — found on an idol 'whatever is offered on the altar' is forbidden: 32:6's burnt and peace offerings and 34:15's 'his sacrifice' the ink's own altar-classes at the idol", 'fx': ['barred_from_it']}
  erection.covenant('sheet_az_4_4')            {'v': 'forbidden_once_worshipped', 'p': 'ANSWER-SHEET', 'why': "Mishnah Avodah Zarah 4:4 — 'an Israelite's idol is not forbidden until it is WORSHIPPED' — the calf: made at 32:4, worshipped at 32:6 and 32:8; Avodah Zarah 53b:10 (opened): 'these are your gods' — they desired many gods", 'fx': ['molten_image_barred']}
==== cold_run_journeys.the_command sig ('case', 'data') (8728 chars) asks-in-source ['drive_out', 'figured_stones', 'high_places', 'molten_images', 'negative_arm', 'possess_and_dwell', 'private_altar_eras', 'the_frame', 'the_lot_arms', 'the_lot_restated', 'three_objects_own', 'when_you_pass']
def the_command(case, data):
    del P[:]
    ask = case['ask']
    if ask == 'the_frame':
        ink('33:50', '"and the LORD spoke to Moses in the plains of Moab by the Jordan at Jericho, saying" — %s (35:1 the frame\'s second seat; 26:3 Moses and Eleazar\'s); THE ONE DIVINE FRAME of the chapter (FRAME_VERBS %s)' % (SPOKE_PLAINS, FRAME_VERBS))
        dat('installed_by BOOT with the class named — a law in the divine voice spoken in the plains of Moab; the second pass (D2) decides')
        return out("and the LORD spoke to Moses in the plains of Moab (33:50) — the chapter's one divine frame after forty-nine verses without one; 35:1 the second seat", ['accepted'])
    if ask == 'when_you_pass':
        ink('33:51', '"when you pass over the Jordan into the land of Canaan" — %d seats of the clause (33:51, 35:10, Deuteronomy 11:31 among them); "into the land of Canaan" Leviticus 14:34\'s form' % len(PASS_OVER))
        return out("when you pass over the Jordan into the land of Canaan (33:51) — the law's trigger; 35:10 and Deuteronomy 11:31 the clause's kin", ['accepted'])
    if ask == 'drive_out':
        ink('33:52-53', '"you shall drive out all the inhabitants of the land from before you" (one seat) … "and you shall dispossess the land and dwell in it" %s — the same root at both; "the inhabitants of the land" %s in the Torah (Exodus 23:31\'s promise "I will drive them out" the

  journeys.the_command({ask:drive_out})        ("drive out all the inhabitants of the land (33:52-53) — a DEBIT on Israel OPEN BY DESIGN: its runs Joshua's; the crossing's purpose at the Jordan (Sotah 34a:5)", ['commanded'])
  journeys.the_command({ask:figured_stones})   ("their figured stones (33:52) — Leviticus 26:1's word at its ban's seat, uncompiled: the edge owed, Megillah 22b:11-13's rows filed to the debt", ['commanded'])
  journeys.the_command({ask:molten_images})    ("their molten images (33:52) — the calf's word; the ban on making at Exodus 34:17 and Leviticus 19:4 by CALL (the erection and holiness runners)", ['commanded'])
  journeys.the_command({ask:high_places})      ("their high places (33:52) — Leviticus 26:30's curse in the same verb on the same object: the spec/curse pair; the private altar's eras (Mishnah Zevachim 14:4-8) another sense", ['commanded'])
  journeys.the_command({ask:three_objects_own}) ("the three objects (33:52) are the chapter's own — the other iconoclasm lists (three, four, five by CALL) name altars, pillars, asherim and graven images", ['accepted'])
  journeys.the_command({ask:negative_arm})     ("the negative arm (33:55-56) — thorns in your eyes and pricks in your sides, run back reversed by Joshua 23:13 and Judges 2:3; Saul's Amalek and Haman on the shelf (Megillah 11a); a data row, no verdict on the tape", ['accepted'])
  journeys.the_command({ask:when_you_pass})    ("when you pass over the Jordan into the land of Canaan (33:51) — the law's trigger; 35:10 and Deuteronomy 11:31 the clause's kin", ['accepted'])
  journeys.the_command({ask:possess_and_dwell}) ("possess the land and dwell in it, for to you I have given it (33:53) — the promise's gift read in the perfect; held before assignment by CALL; no second entry", ['accepted'])
==== cold_run_covenant_at_horeb.the_second_word sig ('case', 'data') (5937 chars) asks-in-source ['bow_and_serve', 'in_its_way', 'no_image', 'no_other_gods', 'the_embracer', 'the_ketiv', 'the_visiting', 'the_write']
def the_second_word(case, data):
    del P_[:]
    ask = case['ask']
    if ask == 'no_other_gods':
        ink('5:7', '"you shall have no other gods before me" — %s the two copies verbatim; "other gods" %d Torah seats, %d this book\'s; Onkelos "another god EXCEPT ME"' % (P('אלהים', 'אחרים', 'על', 'פני'), len(P('אלהים', 'אחרים', books=T)), len(P('אלהים', 'אחרים', books=('Deut',)))))
        move('Makkot 24a:1', "the second of the two words heard from the Almighty's mouth — 611 and 2")
        move('Sanhedrin 60b:12', "the PROHIBITION of bowing from 'you shall bow to no other god' (Exodus 34:14) — the second word's 'to them' said of the images")
        dat('the row the_second_word: NO CELL i

  covenant_at_horeb.the_second_word({ask:no_other_gods}) ("no other gods before me (5:7) — the second word's head, compiled here: the block other_gods_barred on Israel at the giving's line", ['accepted'])
  covenant_at_horeb.the_second_word({ask:the_visiting}) ("the visiting (5:9-10) — the generations and the thousands a DATA row: when they hold their fathers' deeds (Berakhot 7a); revoked by Ezekiel (Makkot 24a)", ['accepted'])
==== cold_run_covenant_at_horeb.the_tenth_word sig ('case', 'data') (2114 chars) asks-in-source ['covet_and_desire', 'the_coveter_who_pays', 'the_wife_first', 'the_write']
def the_tenth_word(case, data):
    del P_[:]
    ask = case['ask']
    if ask == 'covet_and_desire':
        ink('5:21', '"you shall not covet your neighbor\'s wife; you shall not DESIRE your neighbor\'s house" — "covet" %s; "desire" %s the hitpael\'s one seat (the root\'s %d seats)' % (U('תחמד'), U('תתאוה'), len(LEMV('183'))))
        dat("the row the_tenth_word: covet in deed, desire in the heart — the Mekhilta d'Rabbi Yishmael Bahodesh 8 (named, unopened); Onkelos 'and do not desire'")
        return out("covet and desire (5:21) — the two verbs: the tenth word compiled here; the block coveting_barred on Israel at the giving's line", ['accepted'])
    if ask == 'the_wife_first':
        i

  covenant_at_horeb.the_tenth_word({ask:covet_and_desire}) ("covet and desire (5:21) — the two verbs: the tenth word compiled here; the block coveting_barred on Israel at the giving's line", ['accepted'])
  covenant_at_horeb.the_tenth_word({ask:the_coveter_who_pays}) ("the coveter who pays (5:21) — the prohibition stands (Rav Acha), the people's reading spares his oath: not a robber (Bava Metzia 5b)", ['exempt'])
  covenant_at_horeb.the_tenth_word({ask:the_wife_first}) ('the wife first (5:21) — the order turned, his field added: a DATA row', ['accepted'])
==== cold_run_exodus_story.plagues sig ('q',) (3369 chars) asks-in-source []
def plagues(q):
    if q == 'ten': return cell(len(PLAGUES), A, "Mishnah Avot 5:4 — 'ten plagues the Holy One brought on the Egyptians in Egypt' — the ten struck seats of the ink (7:20, 8:2, 8:13, 8:20, 9:6, 9:10, 9:23, 10:13, 10:22, 12:29), each a HEAVEN entry on Egypt with the plague's name", ['plague_struck'])
    if q == 'removed': return cell(4, I, "four removals narrated after 'entreat the LORD' (8:4, 8:24, 9:28, 10:17): the frogs died (8:9), the swarms removed 'not one remained' (8:27), the hail ceased (9:33), the locusts cast into the sea (10:19) — four heaven entries closed, six open: the ink's own shape", ['plague_removed'])
    if q == 'hardening_seats': return cell(len(c_hardened

  exodus_story.plagues('ten')                  {'v': 10, 'p': 'ANSWER-SHEET', 'why': "Mishnah Avot 5:4 — 'ten plagues the Holy One brought on the Egyptians in Egypt' — the ten struck seats of the ink (7:20, 8:2, 8:13, 8:20, 9:6, 9:10, 9:23, 10:13, 10:22, 12:29), each a HEAVEN entry on Egypt with the plague's name", 'fx': ['plague_struck']}
  exodus_story.plagues('the_ten')              {'v': 'no_case', 'p': 'INK', 'why': '', 'fx': ['—']}
  exodus_story.plagues('count')                {'v': 'no_case', 'p': 'INK', 'why': '', 'fx': ['—']}
  exodus_story.plagues('list')                 {'v': 'no_case', 'p': 'INK', 'why': '', 'fx': ['—']}
==== cold_run_exodus_story.sea sig ('q',) (3290 chars) asks-in-source []
def sea(q):
    if q == 'not_one': return cell(1, I, "'not one of them remained' (14:28 'ad echad — until one) — the destroy entry on Pharaoh's host; 14:30 'Israel saw Egypt dead on the shore of the sea'", ['egypt_drowned'])
    if q == 'saved_seat': return cell('Exod 14:30', I, "'and the LORD SAVED Israel that day from the hand of Egypt' — the verb's only seat in the Torah (measured): the pursuit's body entry and the second expression (delivered) close here", ['saved'])
    if q == 'faith_song': return cell('in_the_merit_of_faith', M, "Mekhilta Shirata ch.1 row 1 — Rabbi Nechemya: whoever accepts one commandment in faith is worthy that the holy spirit rest on him; in the merit of the faith 

  exodus_story.sea('split')                    {'v': 'no_case', 'p': 'INK', 'why': '', 'fx': ['—']}
  exodus_story.sea('the_sea')                  {'v': 'no_case', 'p': 'INK', 'why': '', 'fx': ['—']}
  exodus_story.sea('crossing')                 {'v': 'no_case', 'p': 'INK', 'why': '', 'fx': ['—']}
==== cold_run_exodus_story.marah sig ('q',) (1701 chars) asks-in-source []
def marah(q):
    if q == 'three_days': return cell(3, I, "'and they went THREE DAYS in the wilderness and found no water' (15:22) — the tape's marker at Shur", ['encamped_at'])
    if q == 'statute_list': return cell(('seven_of_the_sons_of_noah', 'courts', 'sabbath', 'honoring_father_and_mother'), M, "Sanhedrin 56b:15-16 — 'there He set for him a statute and an ordinance' (15:25): ten commandments Israel received at Marah — the seven the sons of Noah accepted, and courts ('a statute and an ordinance'), the Sabbath and honoring father and mother ('as the LORD your God commanded you', Deut 5:12, 5:16 — Rav Yehuda: at Marah); Shabbat 87b:1 the Sabbath of Marah", ['statute_set_at_marah'])
    i

  exodus_story.marah('healer_condition')       {'v': 4, 'p': 'INK', 'why': "'IF you will diligently listen to the voice of the LORD your God, and do what is right in His eyes, and give ear to His commandments, and keep all His statutes' (15:26) — four clauses condition the healer's promise: a HEAVEN entry open on the condition", 'fx': ['healer_promised']}
==== cold_run_exodus_story.trials sig ('q',) (1671 chars) asks-in-source []
def trials(q):
    if q == 'count_by_exodus': return cell(6, M, "Arakhin 15a:14-15b:2 restricted to the span — the trials the ink narrates by Exodus 19: the sea's descent (14:11 'were there no graves in Egypt'), Marah (15:24), the fleshpot (16:3 — the first quail, 15b:2), the manna twice (16:20 left till morning; 16:27 went out on the seventh), Rephidim (17:2-3): SIX on the ledger (CS7)", ['tested_the_lord'])
    if q == 'ten_list': return cell(('two_at_the_sea', 'two_at_the_water', 'two_at_the_manna', 'two_at_the_quail', 'one_at_the_calf', 'one_at_paran'), M, "Arakhin 15a:14 — Rabbi Yehuda: ten trials our fathers tried the Holy One: two at the sea, two at the water, two at the manna, two at

  exodus_story.trials('ten_list')              {'v': ('two_at_the_sea', 'two_at_the_water', 'two_at_the_manna', 'two_at_the_quail', 'one_at_the_calf', 'one_at_paran'), 'p': 'MOVE', 'why': 'Arakhin 15a:14 — Rabbi Yehuda: ten trials our fathers tried the Holy One: two at the sea, two at the water, two at the manna, two at the quail, one at the calf, one in the wilderness of Paran', 'fx': ['tested_the_lord']}
  exodus_story.trials('count_by_exodus')       {'v': 6, 'p': 'MOVE', 'why': "Arakhin 15a:14-15b:2 restricted to the span — the trials the ink narrates by Exodus 19: the sea's descent (14:11 'were there no graves in Egypt'), Marah (15:24), the fleshpot (16:3 — the first quail, 15b:2), the manna twice (16:20 left till morning; 16:27 went out on the seventh), Rephidim (17:2-3): SIX on the ledger (CS7)", 'fx': ['tested_the_lord']}
==== cold_run_exodus_story.amalek sig ('q',) (1450 chars) asks-in-source []
def amalek(q):
    if q == 'hands': return cell('the_heart_subjected_to_the_father_in_heaven', A, "Mishnah Rosh Hashanah 3:8 — 'and it was, when Moses raised his hand, Israel prevailed' (17:11): do Moses' hands make war or break war? rather, when Israel looked upward and subjected their heart to their Father in heaven they prevailed, and if not they fell — the value of the prevailed status", ['prevailed'])
    if q == 'weakened_seat': return cell(1, I, "'and Joshua WEAKENED Amalek' (17:13 vayachalosh) — the verb's only seat in the Torah (measured; Job 14:10 the Tanakh's second)", ['amalek_weakened'])
    if q == 'blotting': return cell('open_to_deuteronomy_and_samuel', I, "'for I will surely

  exodus_story.amalek('blotting')              {'v': 'open_to_deuteronomy_and_samuel', 'p': 'INK', 'why': "'for I will surely BLOT OUT the memory of Amalek from under the heavens' (17:14) — a HEAVEN entry on Amalek OPEN at the three books' end: Deut 25:19's command and 1 Sam 15's run are book-bound; 17:16 'a war for the LORD against Amalek from generation to generation'", 'fx': ['amalek_to_be_blotted']}
==== cold_run_exodus_story.sinai sig ('q',) (4073 chars) asks-in-source []
def sinai(q):
    if q == 'new_moon': return cell(True, M, "Shabbat 86b:5 — Rava: all agree that on the NEW MOON they came to the wilderness of Sinai ('on THIS day', 19:1 — 'this month', 12:2); Mekhilta Bachodesh ch.1 row 3 the same", ['encamped_at'])
    if q == 'days_r_yose': return cell((2, 3, 4, 7), M, "Shabbat 86b:5-87a:1 — Rabbi Yose: the new moon on a Sunday; on the first nothing (the weariness of the road); on the SECOND 'you shall be to Me a kingdom of priests' (the ascent, 19:3-6); on the THIRD the boundary (19:12); on the FOURTH the separation (19:15); the Torah on the SEVENTH (86b:5) — the row sinai_days, the running setting", ['sanctified_for_the_third_day'])
    if q == 'days_r

  exodus_story.sinai('treasure_seats')         {'v': 4, 'p': 'INK', 'why': "'a treasure' (סגלה) at 19:5 in Exodus; Deut 7:6, 14:2, 26:18 the Torah's other seats (measured): the offer's HEAVEN entry, conditional on 'if you will surely hear My voice'", 'fx': ['treasured_people']}
==== cold_run_obey_horeb.the_one_god sig ('case', 'data') (7194 chars) asks-in-source ['because_he_loved_your_fathers', 'from_heaven_the_voice', 'keep_the_statutes', 'know_this_day', 'the_former_days', 'the_nation_from_a_nation', 'the_voice_and_lived', 'to_dispossess_nations', 'you_were_shown']
def the_one_god(case, data):
    del P_[:]
    ask = case['ask']
    if ask == 'the_former_days':
        ink('4:32', '"ask now of the former days which were before you, since the day God created man upon the earth, from one end of heaven to the other" — "ask now of the days" %s; "former" the adjective (%s); "God created man" %s — the create-verb\'s eleven Torah seats %s, the book\'s one' % (P('שאל', 'נא', 'לימים'), lemma_of('Deut', 4, 32, 'ראשנים'), P('אשר', 'ברא', 'אלהים', 'אדם'), CREATED))
        move('cold_run_pre_sinai (CALL) — PS.creation(created_made) = %s' % (PS_CREATED['v'],), "'created' six, 'made' ten in the creation chapter — Genesis 1:27's man; the sixth day's marker on the tape")
        move('Chagigah 11b:21-24; Tosefta Chagigah 2:3; Chagigah 12a:2; Sanhedrin 38b:7', "one may inquire of creation, not two; within the world's bounds; Adam's height from one end to the other"

  obey_horeb.the_one_god({ask:because_he_loved_your_fathers}) ("because he loved your fathers (4:37) — the choice of the seed (Genesis 17's phrase; PR by CALL); the outbringing READ BACK", ['accepted'])
  obey_horeb.the_one_god({ask:to_dispossess_nations}) ('to dispossess nations (4:38) — the open dispossess debit of Numbers 33:50-56 READ; 9:1 the kin', ['accepted'])
  obey_horeb.the_one_god({ask:you_were_shown}) ("you were shown (4:35) — the creed's first seat: 'none else beside him' (even sorcery — Chullin 7b); the kingship verses disputed", ['accepted'])
==== cold_run_opening_speech.the_spies_read_back sig ('case', 'data') (10446 chars) asks-in-source ['good_is_the_land', 'joshua_shall_go_in', 'many_days_at_kadesh', 'the_asking', 'the_bars_ground', 'the_carrying', 'the_exceptions', 'the_little_ones', 'the_murmuring', 'the_oath', 'the_pillar', 'the_presumption', 'the_readback_table', 'the_turn_back', 'the_twelve', 'the_valley', 'the_weeping']
def the_spies_read_back(case, data):
    del P[:]
    ask = case['ask']
    if ask == 'the_asking':
        ink('1:22', '"you came near to me, all of you, and said: let us send men before us, that they may search the land for us" — %s, %s one seat each' % (LET_US_SEND, SEARCH_FOR_US))
        move('cold_run_shelach (CALL) — SL.spies(send_for_yourself) = %s' % SL_SEND[0][:70], "Sotah 34b:3 — 'send for yourself' at Moses' discretion; the people asked; 34b:4 'that they may search' with the moon's embarrassment")
        dat('the row the_spies_asked: %s' % data['the_spies_asked']['value'])
        return out("the asking (1:22) — the people's, against 13:2's 'send for yourself' (Sotah 34b:3; SL by CALL): the two tellings reconciled on the shelf — the readback row TURNED", ['accepted'])
    if ask == 'the_twelve':
        ink('1:23', '"I took twelve men of you, one man for a tribe" — the parse

  opening_speech.the_spies_read_back({ask:the_fear}) ('no verdict in span', ['—'])
  opening_speech.the_spies_read_back({ask:greater_and_taller}) ('no verdict in span', ['—'])
  opening_speech.the_spies_read_back({ask:the_doubt}) ('no verdict in span', ['—'])
  opening_speech.the_spies_read_back({ask:our_brothers_melted}) ('no verdict in span', ['—'])
==== cold_run_balak.peor sig ('case', 'data') (9906 chars) asks-in-source []
def peor(case, data):
    q = case['ask']; P.clear()
    if q == 'spec_run':
        ink('25:1-2', "'the people began to whore after the daughters of Moab; and they called the people to the sacrifices of their gods, and the people ate and bowed to their gods' — Exod 34:15-16 clause by clause; the feminine 'their gods' at %s alone" % [k for k in THEIR_GODS_FEM if k[0] != '1Kgs']); move('Exod 34:15-16 by the erection engine (CALL)', "covenant('eat_sacrifice') = %s; ('daughters_two_seats') names %s" % (ER_EAT, ER_DAUGHTERS[0])); move('M-22 the run teaches the spec', 'the Numbers exemplar (MOVE_CATALOG.md)')
        return out("Exod 34:15-16's spec RUN at 25:1-2 — whored after their daughters, ate of their sacrifices, bowed to their gods; the feminine 'their gods' at the two seats alone (the erection engine CALLED)", ['whored_after', 'bowed_to_their_gods'])
    if q == 'shittim_name':
      

  balak.peor({ask:the_whoring})                ('no verdict in span', ['—'])
  balak.peor({ask:the_yoke})                   ('no verdict in span', ['—'])
  balak.peor({ask:shittim})                    ('no verdict in span', ['—'])
  balak.peor({ask:the_daughters})              ('no verdict in span', ['—'])
==== cold_run_shemini.classify sig ('kind',) (2257 chars) asks-in-source []
def classify(kind):
    """kind: dict(clazz, signs...) -> (verdict, provenance, why)"""
    c = kind['clazz']
    if c == 'land':
        both = kind.get('hoof') and kind.get('cud')
        if both:
            return ('pure', I, 'Lev 11:3 — split hoof AND cud; the conjunction enforced by the four counter-stated exceptions (11:4-7)')
        return ('impure', I, 'one sign or none — the pincer of the exceptions bars the one-sign escape')
    if c == 'water':
        if kind.get('fin') and kind.get('scale'):
            return ('pure', I, 'Lev 11:9 — fins and scales')
        return ('impure', I, 'Lev 11:10-12')
    if c == 'bird':
        if kind.get('named_in_list'):
            return ('impure', I, 'Lev 11:13-19 — the ink names the forbidden twenty; a blacklist, not a predicate')
        # the sign predicate is the sages' layer — the Mishnah's own label
        if kind.get('claws_and_ea

  shemini.classify('detest')                   "RAISED TypeError: string indices must be integers, not 'str'"
  shemini.classify('the_verb')                 "RAISED TypeError: string indices must be integers, not 'str'"
  shemini.classify('sheketz')                  "RAISED TypeError: string indices must be integers, not 'str'"
  shemini.classify('creeping')                 "RAISED TypeError: string indices must be integers, not 'str'"
==== cold_run_mamre.moriah sig ('q',) (3686 chars) asks-in-source []
def moriah(q):
    if q == 'test_verb_seats': return cell(1, I, "the test verb (נסה) at Gen 22:1 alone in Genesis (measured)", ['tried'])
    if q == 'ten_trials_sheet': return cell(10, A, "Mishnah Avot 5:3 — with ten trials Abraham our father was tried and stood in them all", ['tried'])
    if q == 'trials_named_by_the_ink': return cell(1, I, "the ink names one trial by its verb (22:1); the shelf calls it the tenth (Bereshit Rabbah 56:11: 'the tenth trial'), but the list of ten is not on the local shelf (Avot de-Rabbi Natan absent) — the sequence runner CH1 files the DIVERGE open", ['tried'])
    if q == 'after_what': return cell(('the_words_of_satan', 'the_words_of_ishmael'), M, "Sanhedrin 89b:9 (R. Yochanan in R. Yose ben Zimra's name: after the words of Satan — 'the child grew and was weaned', 21:8) and 89b:14 (R. Levi: after the words of Ishmael to Isaac: 'I was circumcised at thirt

  mamre.moriah('test_verb_seats')              {'v': 1, 'p': 'INK', 'why': 'the test verb (נסה) at Gen 22:1 alone in Genesis (measured)', 'fx': ['tried']}
==== cold_run_mamre.isaac_gerar sig ('q',) (3246 chars) asks-in-source []
def isaac_gerar(q):
    if q == 'famine_ordinal': return cell('the_second', I, "'besides the first famine that was in the days of Abraham' (26:1) — the ink's own ordinal; Bereshit Rabbah 25:3, 64:1 the census of ten famines (the frozen unit's read)", ['famine'])
    if q == 'olah_rule_transferred': return cell('outside_the_curtains_disqualified', M, "Bereshit Rabbah 64:3 — R. Hoshaya: you are an unblemished burnt offering; as a burnt offering that goes outside the curtains is disqualified, so you outside the land — the offerings engine's rule laid on Isaac by the teacher (a transfer named, not a call)", ['descent_to_egypt_barred'])
    if q == 'charge_words': return cell(('my_charge', 'my_commandments', 'my_statutes', 'my_teachings'), I, "'and kept My charge, My commandments, My statutes and My teachings' (26:5) — four words; 'My charge' at 26:5 alone in Genesis (measured)", ['charge_kep

  mamre.isaac_gerar('famine_ordinal')          {'v': 'the_second', 'p': 'INK', 'why': "'besides the first famine that was in the days of Abraham' (26:1) — the ink's own ordinal; Bereshit Rabbah 25:3, 64:1 the census of ten famines (the frozen unit's read)", 'fx': ['famine']}
==== cold_run_joseph.the_oath sig ('q',) (2036 chars) asks-in-source []
def the_oath(q):
    if q == 'seventeen_years': return cell(17, I, "'and Jacob lived in the land of Egypt seventeen years' (47:28) — parsed; the seventeen of 37:2 mirrored (the frozen unit's read)", ['burial_in_canaan_sworn'])
    if q == 'hundred_forty_seven': return cell(147, I, "'the days of Jacob, the years of his life, were a hundred and forty-seven years' (47:28) — parsed; 130 (47:9) + 17 = 147, the ink's own arithmetic (CJ5); the marker jacob_147", ['burial_in_canaan_sworn'])
    if q == 'why_joseph': return cell('in_his_power_to_do', M, "Bereshit Rabbah 96:5 — 'and he called his son Joseph' (47:29): why not Reuben or Judah — Reuben the firstborn, Judah the king? because it was in his power to do it", ['burial_in_canaan_sworn'])
    if q == 'kindness_and_truth': return cell('kindness_and_truth', I, "'deal with me in kindness and truth; do not bury me in Egypt' (47:29, חסד ואמת) — 

  joseph.the_oath('kindness_and_truth')        {'v': 'kindness_and_truth', 'p': 'INK', 'why': "'deal with me in kindness and truth; do not bury me in Egypt' (47:29, חסד ואמת) — the burial command with its oath demanded (47:31); burial_in_canaan_sworn on Joseph, the debit", 'fx': ['burial_in_canaan_sworn']}
==== cold_run_hear_o_israel.the_header sig ('case', 'data') (4484 chars) asks-in-source ['hear_and_observe', 'the_charge_executed', 'the_land_flowing', 'the_triad', 'your_sons_son']
def the_header(case, data):
    """F1 — Deut 6:1-3: the commandment's header (the triad 5:31 / 6:1 / 7:11; the charge EXECUTED — a reference row, no write); fear, the son's son, the land flowing"""
    del P_[:]
    ask = case['ask']
    if ask == 'the_triad':
        ink('6:1', '"and this is the commandment, the statutes and the judgments which the LORD your God commanded to teach you" — "and this is the commandment" %s; the triad\'s three seats %s (5:31 the charge, 6:1 its fulfilment opens, 7:11); "to teach you" %s' % (P('וזאת', 'המצוה'), [s_ for s_, _ in TRIAD], P('ללמד', 'אתכם')))
        dat('the readback row 6:1 VERBATIM — the charge\'s words in the header\'s (computed %s tokens against 5:31\'s %s, %s shared)' % HEADER_DELTA)
        return out("the triad (6:1) — the commandment, the statutes and the judgments: 5:31's charge opened here, 7:11 forward; the header's stamp, no write",

  hear_o_israel.the_header({ask:the_triad})    ("the triad (6:1) — the commandment, the statutes and the judgments: 5:31's charge opened here, 7:11 forward; the header's stamp, no write", ['accepted'])
==== cold_run_hear_o_israel.the_gift_and_the_warning sig ('case', 'data') (5744 chars) asks-in-source ['fear_serve_swear', 'lest_you_forget', 'no_other_gods', 'the_jealous_god', 'the_list']
def the_gift_and_the_warning(case, data):
    """F4 — Deut 6:10-15: the list; lest you forget; fear, serve, swear; no other gods; the jealous God"""
    del P_[:]
    ask = case['ask']
    if ask == 'the_list':
        ink('6:10-11', '"great and good cities which you did not build, houses full of all good … hewn cisterns … vineyards and olive trees which you did not plant" — the cities %s, the houses %s, the cisterns %s, "vineyards and olive trees" %s (Joshua 24:13 and Nehemiah 9:25 THE LIST\'S TWO RETELLINGS); "and you shall eat and be satisfied" %s' % (P('ערים', 'גדלת', 'וטבת'), P('ובתים', 'מלאים', 'כל', 'טוב'), P('וברת', 'חצובים'), P('כרמים', 'וזיתים'), P('ואכלת', 'ושבעת')))
        mo = MA.moriah('test_verb_seats'); ig = MA.isaac_gerar('famine_ordinal')
        move('the Sifrei 38:10, 201:3; cold_run_mamre (CALL) — MA.moriah(test_verb_seats) = %s, MA.isaac_gerar(famine_ordinal) = %s'

  hear_o_israel.the_gift_and_the_warning({ask:the_jealous_god}) ("the jealous God (6:15) — 4:24 and 5:9's word at its third Deuteronomy seat; the visiting's arms the second word's (CH by CALL); Onkelos the Shekhinah", ['accepted'])
==== DC cells: ['altar_rules', 'fn', 'ink', 'law_decalogue', 'move', 'out', 'sabbath_clauses', 'scene', 'strip', 'theft_commandment', 'vain_name', 'verse_text']
==== ES cells: ['amalek', 'birth', 'bricks', 'build', 'bush', 'cell', 'jethro', 'law_exodus_story', 'manna', 'marah', 'mishnah', 'night', 'oppression', 'plagues', 'scene', 'sea', 'signs', 'sinai', 'strip', 'toks', 'trials']
ordinances DATA keys                           []
erection DATA keys                             []
journeys DATA keys                             ['the_stations', 'the_four_writings', 'the_morrow_of_the_passover', 'the_judgments_on_the_gods', 'the_deuteronomy_order', 'arads_hearing', 'aarons_age', 'the_death_date', 'the_eras_stamps', 'the_camps_extent', 'the_three_objects', 'the_lot_restated', 'negative_arm_outcome']
covenant_at_horeb DATA keys                    ['the_readback', 'the_second_word', 'the_visiting', 'the_no_image_list', 'the_tenth_word', 'the_sabbath_grounds', 'the_ninth_word', 'keep_and_remember', 'the_reward_clause', 'the_honor_by_call', 'the_receipts', 'the_two_copies', 'the_second_hole', 'the_export_division', 'the_mediator', 'the_return_to_tents', 'the_charge_to_teach', 'the_face_in_face', 'the_fathers_and_us', 'the_hear_and_do']
obey_horeb DATA keys                           ['the_readback', 'the_law_bal_tosif', 'the_teach_your_sons', 'the_horeb_hole', 'the_ten_words_seats', 'the_tablets_plene', 'the_no_image_list', 'the_host_apportioned', 'the_bars_third_telling', 'the_exile_case', 'the_witnesses_chain', 'the_creed', 'the_inquiry_limits', 'the_instruments', 'the_three_cities', 'the_manslayer_definition', 'the_second_frame', 'the_number_switching', 'the_export_chapter_5']
opening_speech DATA keys                       ['the_readback', 'the_officers_table', 'the_seven_qualities', 'the_judges_charge', 'the_compromise', 'the_gentile_litigant', 'the_frame', 'the_date', 'the_horeb_command', 'the_spies_asked', 'the_bars_ground', 'the_dispossessions', 'the_bypass_commands', 'the_thirty_eight', 'the_edom_disagreement', 'the_ban', 'the_sixty_cities', 'ogs_bed', 'the_easts_borders', 'the_armed_passage', 'joshuas_charge', 'the_plea', 'the_fo
balak DATA keys                                ['curse_roots', 'word_formula', 'gentile_prophets', 'balaam_blind', 'balaam_and_the_ass', 'moment_of_anger', 'house_of_silver', 'stands', 'altars_total', 'gentile_olah', 'tents_doors', 'shema_candidate', 'star_reading', 'balaam_share', 'gentile_share', 'balaam_disciples', 'fourth_part', 'teruah_verse_class', 'word_in_mouth_mode', 'curses_turned', 'shittim_name', 'called_the_people', 'peor_service', 'wine_decree_date'
shemini DATA keys                              []
hear_o_israel DATA keys                        ['the_readback', 'the_large_letters', 'the_spellings', 'the_two_sets', 'the_recitation_times', 'the_postures', 'the_exemptions', 'the_passages_order', 'the_tefillin_table', 'the_mezuzah_table', 'the_seven', 'the_list', 'the_oath_by_the_name', 'the_abutter', 'the_four_sons', 'the_receipt_without_the_name', 'the_creed_terms', 'the_files_diverge']
CH.READBACK len / grades                       (21, {'VERBATIM': 5, 'VARIANT': 5, 'EXPANDED': 5, 'TURNED': 4, 'SUPPLIED': 2})
HI.READBACK len / grades                       (7, {'VERBATIM': 3, 'EXPANDED': 3, 'SHORTENED': 1})
OS.READBACK len                                42
OH.READBACK len                                11
