==== A. THE KIN DIFFED (the DB's tokens; backward seats and the book's later seats alike — a diff is a measurement, not a reading)
  Deut 7:1 (27) vs Exod 23:23 (13): =כי [replace: 'יביאך יהוה אלהיך' -> 'ילך מלאכי לפניך והביאך'] =אל [replace: 'הארץ אשר אתה בא שמה לרשתה ונשל גוים רבים מפניך החתי והגרגשי והאמרי' -> 'האמרי והחתי והפרזי'] =והכנעני [replace: 'והפרזי והחוי' -> 'החוי'] =והיבוסי [replace: 'שבעה גוים רבים ועצומים ממך' -> 'והכחדתיו']
  Deut 7:1 (27) vs Exod 34:11 (17): [replace: 'כי יביאך יהוה אלהיך אל הארץ' -> 'שמר לך את'] =אשר [replace: 'אתה בא שמה לרשתה ונשל גוים רבים' -> 'אנכי מצוך היום הנני גרש'] =מפניך [replace: 'החתי והגרגשי והאמרי' -> 'את האמרי'] =והכנעני [insert: '' -> 'והחתי'] =והפרזי והחוי והיבוסי [delete: 'שבעה גוים רבים ועצומים ממך' -> '']
  Deut 7:1 (27) vs Deut 20:17 (13): =כי [replace: 'יביאך' -> 'החרם תחרימם החתי והאמרי הכנעני והפרזי החוי והיבוסי כאשר צוך'] =יהוה אלהיך [delete: 'אל הארץ אשר אתה בא שמה לרשתה ונשל גוים רבים מפניך החתי והגרגשי והאמרי והכנעני והפרזי והחוי והיבוסי שבעה גוים רבים ועצומים ממך' -> '']
  Deut 7:1 (27) vs Deut 6:10 (21): [insert: '' -> 'והיה'] =כי יביאך יהוה אלהיך אל הארץ אשר [replace: 'אתה בא שמה לרשתה ונשל גוים רבים מפניך החתי והגרגשי והאמרי והכנעני והפרזי והחוי והיבוסי שבעה גוים רבים ועצומים ממך' -> 'נשבע לאבתיך לאברהם ליצחק וליעקב לתת לך ערים גדלת וטבת אשר לא בנית']
  Deut 7:1 (27) vs Deut 11:23 (12): [replace: 'כי יביאך' -> 'והוריש'] =יהוה [replace: 'אלהיך אל הארץ אשר אתה בא שמה לרשתה ונשל' -> 'את כל הגוים האלה מלפניכם וירשתם'] =גוים [replace: 'רבים מפניך החתי והגרגשי והאמרי והכנעני והפרזי והחוי והיבוסי שבעה גוים רבים ועצומים ממך' -> 'גדלים ועצמים מכם']
  Deut 7:2 (14) vs Exod 23:32 (5): [delete: 'ונתנם יהוה אלהיך לפניך והכיתם החרם תחרים אתם' -> ''] =לא תכרת להם [insert: '' -> 'ולאלהיהם'] =ברית [delete: 'ולא תחנם' -> '']
  Deut 7:2 (14) vs Exod 34:12 (15): [replace: 'ונתנם יהוה אלהיך לפניך והכיתם החרם תחרים אתם לא' -> 'השמר לך פן'] =תכרת [delete: 'להם' -> ''] =ברית [replace: 'ולא תחנם' -> 'ליושב הארץ אשר אתה בא עליה פן יהיה למוקש בקרבך']
  Deut 7:2 (14) vs Exod 34:15 (14): [replace: 'ונתנם יהוה אלהיך לפניך והכיתם החרם תחרים אתם לא' -> 'פן'] =תכרת [delete: 'להם' -> ''] =ברית [replace: 'ולא תחנם' -> 'ליושב הארץ וזנו אחרי אלהיהם וזבחו לאלהיהם וקרא לך ואכלת מזבחו']
  Deut 7:2 (14) vs Deut 20:17 (13): [replace: 'ונתנם' -> 'כי החרם תחרימם החתי והאמרי הכנעני והפרזי החוי והיבוסי כאשר צוך'] =יהוה אלהיך [delete: 'לפניך והכיתם החרם תחרים אתם לא תכרת להם ברית ולא תחנם' -> '']
  Deut 7:2 (14) vs Deut 20:16 (14): [replace: 'ונתנם' -> 'רק מערי העמים האלה אשר'] =יהוה אלהיך [replace: 'לפניך והכיתם החרם תחרים אתם' -> 'נתן לך נחלה'] =לא [replace: 'תכרת להם ברית ולא תחנם' -> 'תחיה כל נשמה']
  Deut 7:3 (11) vs Exod 34:16 (12): [replace: 'ולא תתחתן בם בתך לא תתן לבנו ובתו לא תקח לבנך' -> 'ולקחת מבנתיו לבניך וזנו בנתיו אחרי אלהיהן והזנו את בניך אחרי אלהיהן']
  Deut 7:3 (11) vs Gen 34:9 (9): [replace: 'ולא תתחתן בם בתך לא תתן לבנו ובתו לא תקח לבנך' -> 'והתחתנו אתנו בנתיכם תתנו לנו ואת בנתינו תקחו לכם']
  Deut 7:4 (14) vs Exod 34:16 (12): [replace: 'כי יסיר' -> 'ולקחת מבנתיו לבניך וזנו בנתיו אחרי אלהיהן והזנו'] =את [replace: 'בנך מאחרי ועבדו אלהים אחרים וחרה אף יהוה בכם והשמידך מהר' -> 'בניך אחרי אלהיהן']
  Deut 7:4 (14) vs Deut 6:15 (16): =כי [replace: 'יסיר את בנך מאחרי ועבדו אלהים אחרים וחרה' -> 'אל קנא יהוה אלהיך בקרבך פן יחרה'] =אף יהוה [replace: 'בכם' -> 'אלהיך בך'] =והשמידך [replace: 'מהר' -> 'מעל פני האדמה']
  Deut 7:4 (14) vs Deut 11:17 (24): [delete: 'כי יסיר את בנך מאחרי ועבדו אלהים אחרים' -> ''] =וחרה אף יהוה בכם [replace: 'והשמידך מהר' -> 'ועצר את השמים ולא יהיה מטר והאדמה לא תתן את יבולה ואבדתם מהרה מעל הארץ הטבה אשר יהוה נתן לכם']
  Deut 7:5 (14) vs Exod 34:13 (10): =כי [replace: 'אם כה תעשו להם מזבחתיהם תתצו ומצבתם תשברו ואשירהם תגדעון ופסיליהם תשרפון באש' -> 'את מזבחתם תתצון ואת מצבתם תשברון ואת אשריו תכרתון']
  Deut 7:5 (14) vs Deut 12:3 (18): [replace: 'כי אם כה תעשו להם מזבחתיהם תתצו ומצבתם תשברו ואשירהם תגדעון ופסיליהם' -> 'ונתצתם את מזבחתם ושברתם את מצבתם ואשריהם'] =תשרפון באש [insert: '' -> 'ופסילי אלהיהם תגדעון ואבדתם את שמם מן המקום ההוא']
  Deut 7:5 (14) vs Exod 23:24 (14): [insert: '' -> 'לא תשתחוה לאלהיהם ולא תעבדם ולא תעשה כמעשיהם'] =כי [replace: 'אם כה תעשו להם מזבחתיהם תתצו ומצבתם תשברו ואשירהם תגדעון ופסיליהם תשרפון באש' -> 'הרס תהרסם ושבר תשבר מצבתיהם']
  Deut 7:5 (14) vs Num 33:52 (19): [replace: 'כי אם כה תעשו להם מזבחתיהם תתצו ומצבתם תשברו ואשירהם תגדעון ופסיליהם תשרפון באש' -> 'והורשתם את כל ישבי הארץ מפניכם ואבדתם את כל משכיתם ואת כל צלמי מסכתם תאבדו ואת כל במתם תשמידו']
  Deut 7:6 (20) vs Deut 14:2 (19): =כי עם קדוש אתה ליהוה אלהיך [replace: 'בך' -> 'ובך'] =בחר יהוה [delete: 'אלהיך' -> ''] =להיות לו לעם סגלה מכל העמים אשר על פני האדמה
  Deut 7:6 (20) vs Deut 26:18 (13): [replace: 'כי עם קדוש אתה ליהוה אלהיך בך בחר יהוה אלהיך' -> 'ויהוה האמירך היום'] =להיות לו לעם סגלה [replace: 'מכל העמים אשר על פני האדמה' -> 'כאשר דבר לך ולשמר כל מצותיו']
  Deut 7:6 (20) vs Deut 26:19 (17): [replace: 'כי' -> 'ולתתך עליון על כל הגוים אשר עשה לתהלה ולשם ולתפארת ולהיתך'] =עם [replace: 'קדוש אתה' -> 'קדש'] =ליהוה אלהיך [replace: 'בך בחר יהוה אלהיך להיות לו לעם סגלה מכל העמים אשר על פני האדמה' -> 'כאשר דבר']
  Deut 7:6 (20) vs Exod 19:5 (17): [replace: 'כי עם קדוש אתה ליהוה אלהיך בך בחר יהוה אלהיך להיות לו לעם' -> 'ועתה אם שמוע תשמעו בקלי ושמרתם את בריתי והייתם לי'] =סגלה מכל העמים [replace: 'אשר על פני האדמה' -> 'כי לי כל הארץ']
  Deut 7:6 (20) vs Exod 19:6 (14): [replace: 'כי עם' -> 'ואתם תהיו לי ממלכת כהנים וגוי'] =קדוש [replace: 'אתה ליהוה אלהיך בך בחר יהוה אלהיך להיות לו לעם סגלה מכל העמים' -> 'אלה הדברים'] =אשר [replace: 'על פני האדמה' -> 'תדבר אל בני ישראל']
  Deut 7:7 (14) vs Deut 10:15 (14): [replace: 'לא מרבכם' -> 'רק באבתיך חשק יהוה לאהבה אותם ויבחר בזרעם אחריהם בכם'] =מכל העמים [replace: 'חשק יהוה בכם ויבחר בכם כי אתם המעט מכל העמים' -> 'כיום הזה']
  Deut 7:7 (14) vs Deut 4:37 (13): [replace: 'לא מרבכם מכל העמים חשק יהוה בכם' -> 'ותחת כי אהב את אבתיך'] =ויבחר [replace: 'בכם כי אתם המעט מכל העמים' -> 'בזרעו אחריו ויוצאך בפניו בכחו הגדל ממצרים']
  Deut 7:8 (22) vs Deut 4:37 (13): [insert: '' -> 'ותחת'] =כי [replace: 'מאהבת יהוה אתכם ומשמרו' -> 'אהב'] =את [replace: 'השבעה אשר נשבע לאבתיכם הוציא יהוה אתכם ביד חזקה ויפדך מבית עבדים מיד פרעה מלך מצרים' -> 'אבתיך ויבחר בזרעו אחריו ויוצאך בפניו בכחו הגדל ממצרים']
  Deut 7:8 (22) vs Deut 6:21 (11): [replace: 'כי מאהבת' -> 'ואמרת לבנך עבדים היינו לפרעה במצרים ויוציאנו'] =יהוה [replace: 'אתכם ומשמרו את השבעה אשר נשבע לאבתיכם הוציא יהוה אתכם' -> 'ממצרים'] =ביד חזקה [delete: 'ויפדך מבית עבדים מיד פרעה מלך מצרים' -> '']
  Deut 7:8 (22) vs Exod 13:14 (17): [insert: '' -> 'והיה'] =כי [replace: 'מאהבת' -> 'ישאלך בנך מחר לאמר מה זאת ואמרת אליו בחזק יד הוציאנו'] =יהוה [replace: 'אתכם ומשמרו את השבעה אשר נשבע לאבתיכם הוציא יהוה אתכם ביד חזקה ויפדך' -> 'ממצרים'] =מבית עבדים [delete: 'מיד פרעה מלך מצרים' -> '']
  Deut 7:8 (22) vs Deut 13:6 (32): [insert: '' -> 'והנביא ההוא או חלם החלום ההוא יומת'] =כי [replace: 'מאהבת' -> 'דבר סרה על'] =יהוה [insert: '' -> 'אלהיכם המוציא'] =אתכם [replace: 'ומשמרו את השבעה אשר נשבע לאבתיכם הוציא יהוה אתכם ביד חזקה ויפדך' -> 'מארץ מצרים והפדך'] =מבית עבדים [replace: 'מיד פרעה מלך מצרים' -> 'להדיחך מן הדרך אשר צוך יהוה אלהיך ללכת בה ובערת הרע מקרבך']
  Deut 7:8 (22) vs Deut 9:26 (18): [replace: 'כי מאהבת' -> 'ואתפלל אל'] =יהוה [replace: 'אתכם ומשמרו את השבעה' -> 'ואמר אדני יהוה אל תשחת עמך ונחלתך'] =אשר [replace: 'נשבע לאבתיכם הוציא יהוה אתכם' -> 'פדית בגדלך אשר הוצאת ממצרים'] =ביד חזקה [delete: 'ויפדך מבית עבדים מיד פרעה מלך מצרים' -> '']
  Deut 7:9 (16) vs Exod 20:6 (6): [replace: 'וידעת כי יהוה אלהיך הוא האלהים האל הנאמן שמר הברית והחסד לאהביו' -> 'ועשה חסד לאלפים לאהבי'] =ולשמרי [replace: 'מצותו לאלף דור' -> 'מצותי']
  Deut 7:9 (16) vs Deut 5:10 (6): [replace: 'וידעת כי יהוה אלהיך הוא האלהים האל הנאמן שמר הברית והחסד לאהביו' -> 'ועשה חסד לאלפים לאהבי'] =ולשמרי מצותו [delete: 'לאלף דור' -> '']
  Deut 7:9 (16) vs Exod 34:7 (22): [replace: 'וידעת כי יהוה אלהיך הוא האלהים האל הנאמן שמר הברית והחסד לאהביו ולשמרי מצותו לאלף דור' -> 'נצר חסד לאלפים נשא עון ופשע וחטאה ונקה לא ינקה פקד עון אבות על בנים ועל בני בנים על שלשים ועל רבעים']
  Deut 7:9 (16) vs Deut 7:12 (20): [replace: 'וידעת כי' -> 'והיה עקב תשמעון את המשפטים האלה ושמרתם ועשיתם אתם ושמר'] =יהוה אלהיך [replace: 'הוא האלהים האל הנאמן שמר' -> 'לך את'] =הברית [replace: 'והחסד לאהביו ולשמרי מצותו לאלף דור' -> 'ואת החסד אשר נשבע לאבתיך']
  Deut 7:10 (12) vs Exod 34:7 (22): [replace: 'ומשלם לשנאיו אל פניו להאבידו' -> 'נצר חסד לאלפים נשא עון ופשע וחטאה ונקה'] =לא [replace: 'יאחר לשנאו אל פניו ישלם לו' -> 'ינקה פקד עון אבות על בנים ועל בני בנים על שלשים ועל רבעים']
  Deut 7:10 (12) vs Exod 20:5 (21): [replace: 'ומשלם לשנאיו' -> 'לא תשתחוה להם ולא תעבדם כי אנכי יהוה אלהיך'] =אל [replace: 'פניו להאבידו לא יאחר לשנאו אל פניו ישלם לו' -> 'קנא פקד עון אבת על בנים על שלשים ועל רבעים לשנאי']
  Deut 7:11 (12) vs Deut 6:1 (17): [replace: 'ושמרת את' -> 'וזאת'] =המצוה [delete: 'ואת' -> ''] =החקים [replace: 'ואת המשפטים' -> 'והמשפטים'] =אשר [replace: 'אנכי מצוך היום לעשותם' -> 'צוה יהוה אלהיכם ללמד אתכם לעשות בארץ אשר אתם עברים שמה לרשתה']
  Deut 7:11 (12) vs Deut 5:31 (20): [replace: 'ושמרת' -> 'ואתה פה עמד עמדי ואדברה אליך'] =את [insert: '' -> 'כל'] =המצוה [replace: 'ואת החקים ואת המשפטים' -> 'והחקים והמשפטים אשר תלמדם ועשו בארץ'] =אשר אנכי [replace: 'מצוך היום לעשותם' -> 'נתן להם לרשתה']
  Deut 7:11 (12) vs Deut 8:11 (16): [replace: 'ושמרת' -> 'השמר לך פן תשכח'] =את [replace: 'המצוה ואת החקים ואת המשפטים' -> 'יהוה אלהיך לבלתי שמר מצותיו ומשפטיו וחקתיו'] =אשר אנכי מצוך היום [delete: 'לעשותם' -> '']
  Deut 7:12 (20) vs Deut 8:18 (20): [replace: 'והיה עקב תשמעון' -> 'וזכרת'] =את [delete: 'המשפטים האלה ושמרתם ועשיתם אתם ושמר' -> ''] =יהוה אלהיך [insert: '' -> 'כי הוא הנתן'] =לך [insert: '' -> 'כח לעשות חיל למען הקים'] =את [replace: 'הברית ואת החסד' -> 'בריתו'] =אשר נשבע לאבתיך [insert: '' -> 'כיום הזה']
  Deut 7:12 (20) vs Deut 11:13 (20): =והיה [replace: 'עקב תשמעון' -> 'אם שמע תשמעו אל מצותי אשר אנכי מצוה אתכם היום לאהבה'] =את [delete: 'המשפטים האלה ושמרתם ועשיתם אתם ושמר' -> ''] =יהוה [replace: 'אלהיך לך את הברית ואת החסד אשר נשבע לאבתיך' -> 'אלהיכם ולעבדו בכל לבבכם ובכל נפשכם']
  Deut 7:13 (22) vs Deut 28:4 (11): [replace: 'ואהבך וברכך והרבך וברך' -> 'ברוך'] =פרי בטנך ופרי אדמתך [replace: 'דגנך ותירשך ויצהרך' -> 'ופרי בהמתך'] =שגר אלפיך [replace: 'ועשתרת' -> 'ועשתרות'] =צאנך [delete: 'על האדמה אשר נשבע לאבתיך לתת לך' -> '']
  Deut 7:13 (22) vs Deut 28:11 (17): [replace: 'ואהבך וברכך והרבך וברך פרי' -> 'והותרך יהוה לטובה בפרי'] =בטנך [replace: 'ופרי' -> 'ובפרי בהמתך ובפרי'] =אדמתך [delete: 'דגנך ותירשך ויצהרך שגר אלפיך ועשתרת צאנך' -> ''] =על האדמה אשר נשבע [insert: '' -> 'יהוה'] =לאבתיך לתת לך
  Deut 7:13 (22) vs Deut 30:9 (23): [replace: 'ואהבך וברכך והרבך וברך פרי' -> 'והותירך יהוה אלהיך בכל מעשה ידך בפרי'] =בטנך [replace: 'ופרי' -> 'ובפרי בהמתך ובפרי'] =אדמתך [replace: 'דגנך ותירשך ויצהרך שגר אלפיך ועשתרת צאנך' -> 'לטובה כי ישוב יהוה לשוש עליך לטוב כאשר שש'] =על [replace: 'האדמה אשר נשבע לאבתיך לתת לך' -> 'אבתיך']
  Deut 7:13 (22) vs Deut 11:14 (10): [replace: 'ואהבך וברכך והרבך וברך פרי בטנך ופרי אדמתך' -> 'ונתתי מטר ארצכם בעתו יורה ומלקוש ואספת'] =דגנך ותירשך ויצהרך [delete: 'שגר אלפיך ועשתרת צאנך על האדמה אשר נשבע לאבתיך לתת לך' -> '']
  Deut 7:13 (22) vs Deut 28:18 (9): [replace: 'ואהבך וברכך והרבך וברך' -> 'ארור'] =פרי בטנך ופרי אדמתך [delete: 'דגנך ותירשך ויצהרך' -> ''] =שגר אלפיך [replace: 'ועשתרת' -> 'ועשתרות'] =צאנך [delete: 'על האדמה אשר נשבע לאבתיך לתת לך' -> '']
  Deut 7:13 (22) vs Deut 28:51 (21): [replace: 'ואהבך וברכך והרבך וברך' -> 'ואכל'] =פרי [replace: 'בטנך' -> 'בהמתך'] =ופרי אדמתך [replace: 'דגנך ותירשך ויצהרך' -> 'עד השמדך אשר לא ישאיר לך דגן תירוש ויצהר'] =שגר אלפיך ועשתרת צאנך [replace: 'על האדמה אשר נשבע לאבתיך לתת לך' -> 'עד האבידו אתך']
  Deut 7:14 (10) vs Exod 23:26 (9): [replace: 'ברוך' -> 'לא'] =תהיה [replace: 'מכל העמים לא יהיה בך עקר' -> 'משכלה'] =ועקרה [replace: 'ובבהמתך' -> 'בארצך את מספר ימיך אמלא']
  Deut 7:14 (10) vs Deut 28:3 (6): =ברוך [replace: 'תהיה מכל העמים לא יהיה בך עקר ועקרה ובבהמתך' -> 'אתה בעיר וברוך אתה בשדה']
  Deut 7:15 (17) vs Exod 15:26 (27): [replace: 'והסיר' -> 'ויאמר אם שמוע תשמע לקול'] =יהוה [replace: 'ממך' -> 'אלהיך והישר בעיניו תעשה והאזנת למצותיו ושמרת'] =כל [replace: 'חלי וכל מדוי מצרים הרעים' -> 'חקיו כל המחלה'] =אשר [replace: 'ידעת' -> 'שמתי במצרים'] =לא [replace: 'ישימם בך ונתנם בכל שנאיך' -> 'אשים עליך כי אני יהוה רפאך']
  Deut 7:15 (17) vs Exod 23:25 (12): [replace: 'והסיר' -> 'ועבדתם את'] =יהוה [replace: 'ממך כל חלי וכל מדוי מצרים הרעים אשר ידעת לא ישימם בך ונתנם בכל שנאיך' -> 'אלהיכם וברך את לחמך ואת מימיך והסרתי מחלה מקרבך']
  Deut 7:15 (17) vs Deut 28:60 (11): [replace: 'והסיר יהוה ממך' -> 'והשיב בך את'] =כל [replace: 'חלי וכל מדוי' -> 'מדוה'] =מצרים [delete: 'הרעים' -> ''] =אשר [replace: 'ידעת לא ישימם' -> 'יגרת מפניהם ודבקו'] =בך [delete: 'ונתנם בכל שנאיך' -> '']
  Deut 7:15 (17) vs Deut 28:27 (11): [replace: 'והסיר' -> 'יככה'] =יהוה [replace: 'ממך כל חלי וכל מדוי' -> 'בשחין'] =מצרים [replace: 'הרעים' -> 'ובעפלים ובגרב ובחרס'] =אשר [delete: 'ידעת' -> ''] =לא [replace: 'ישימם בך ונתנם בכל שנאיך' -> 'תוכל להרפא']
  Deut 7:16 (21) vs Exod 23:33 (15): [delete: 'ואכלת את כל העמים אשר יהוה אלהיך נתן לך' -> ''] =לא [replace: 'תחס עינך עליהם ולא' -> 'ישבו בארצך פן יחטיאו אתך לי כי'] =תעבד את אלהיהם כי [replace: 'מוקש הוא' -> 'יהיה'] =לך [insert: '' -> 'למוקש']
  Deut 7:16 (21) vs Deut 13:9 (15): [delete: 'ואכלת את כל העמים אשר יהוה אלהיך נתן לך' -> ''] =לא [replace: 'תחס' -> 'תאבה לו ולא תשמע אליו ולא תחוס'] =עינך [replace: 'עליהם' -> 'עליו'] =ולא [replace: 'תעבד את אלהיהם כי מוקש הוא לך' -> 'תחמל ולא תכסה עליו']
  Deut 7:16 (21) vs Deut 19:13 (10): [replace: 'ואכלת את כל העמים אשר יהוה אלהיך נתן' -> 'לא תחוס עינך עליו ובערת דם הנקי מישראל וטוב'] =לך [delete: 'לא תחס עינך עליהם ולא תעבד את אלהיהם כי מוקש הוא לך' -> '']
  Deut 7:16 (21) vs Exod 34:12 (15): [replace: 'ואכלת את כל העמים' -> 'השמר לך פן תכרת ברית ליושב הארץ'] =אשר [replace: 'יהוה אלהיך נתן לך לא תחס עינך עליהם ולא תעבד את אלהיהם כי מוקש הוא לך' -> 'אתה בא עליה פן יהיה למוקש בקרבך']
  Deut 7:16 (21) vs Deut 12:30 (22): [replace: 'ואכלת את כל העמים אשר יהוה אלהיך נתן' -> 'השמר'] =לך [replace: 'לא תחס עינך עליהם ולא תעבד' -> 'פן תנקש אחריהם אחרי השמדם מפניך ופן תדרש לאלהיהם לאמר איכה יעבדו הגוים האלה'] =את אלהיהם [replace: 'כי מוקש הוא לך' -> 'ואעשה כן גם אני']
  Deut 7:17 (10) vs Deut 1:28 (21): [replace: 'כי תאמר בלבבך רבים הגוים האלה ממני איכה אוכל להורישם' -> 'אנה אנחנו עלים אחינו המסו את לבבנו לאמר עם גדול ורם ממנו ערים גדלת ובצורת בשמים וגם בני ענקים ראינו שם']
  Deut 7:17 (10) vs Deut 9:1 (17): [replace: 'כי תאמר בלבבך רבים הגוים האלה ממני איכה אוכל להורישם' -> 'שמע ישראל אתה עבר היום את הירדן לבא לרשת גוים גדלים ועצמים ממך ערים גדלת ובצרת בשמים']
  Deut 7:17 (10) vs Deut 8:17 (10): [replace: 'כי תאמר' -> 'ואמרת'] =בלבבך [replace: 'רבים הגוים האלה ממני איכה אוכל להורישם' -> 'כחי ועצם ידי עשה לי את החיל הזה']
  Deut 7:18 (13) vs Deut 1:29 (7): [insert: '' -> 'ואמר אלכם'] =לא [replace: 'תירא' -> 'תערצון ולא תיראון'] =מהם [delete: 'זכר תזכר את אשר עשה יהוה אלהיך לפרעה ולכל מצרים' -> '']
  Deut 7:18 (13) vs Deut 3:22 (8): =לא [replace: 'תירא מהם זכר תזכר את אשר עשה' -> 'תיראום כי'] =יהוה [replace: 'אלהיך לפרעה ולכל מצרים' -> 'אלהיכם הוא הנלחם לכם']
  Deut 7:18 (13) vs Deut 20:1 (21): [insert: '' -> 'כי תצא למלחמה על איביך וראית סוס ורכב עם רב ממך'] =לא תירא מהם [replace: 'זכר תזכר את אשר עשה' -> 'כי'] =יהוה אלהיך [replace: 'לפרעה ולכל' -> 'עמך המעלך מארץ'] =מצרים
  Deut 7:18 (13) vs Deut 20:3 (20): [replace: 'לא תירא מהם זכר תזכר את אשר עשה יהוה אלהיך לפרעה ולכל מצרים' -> 'ואמר אלהם שמע ישראל אתם קרבים היום למלחמה על איביכם אל ירך לבבכם אל תיראו ואל תחפזו ואל תערצו מפניהם']
  Deut 7:18 (13) vs Deut 31:6 (17): [replace: 'לא תירא מהם זכר תזכר את אשר עשה' -> 'חזקו ואמצו אל תיראו ואל תערצו מפניהם כי'] =יהוה אלהיך [replace: 'לפרעה ולכל מצרים' -> 'הוא ההלך עמך לא ירפך ולא יעזבך']
  Deut 7:19 (25) vs Deut 4:34 (27): [replace: 'המסת הגדלת' -> 'או הנסה אלהים לבוא לקחת לו גוי מקרב גוי במסת באתת ובמופתים ובמלחמה וביד חזקה ובזרוע נטויה ובמוראים גדלים ככל'] =אשר [replace: 'ראו עיניך והאתת והמפתים והיד החזקה והזרע הנטויה אשר הוצאך' -> 'עשה לכם'] =יהוה [replace: 'אלהיך כן יעשה יהוה אלהיך לכל העמים אשר אתה ירא מפניהם' -> 'אלהיכם במצרים לעיניך']
  Deut 7:19 (25) vs Deut 29:2 (9): [replace: 'המסת' -> 'המסות'] =הגדלת אשר ראו עיניך [replace: 'והאתת' -> 'האתת'] =והמפתים [replace: 'והיד החזקה והזרע הנטויה אשר הוצאך יהוה אלהיך כן יעשה יהוה אלהיך לכל העמים אשר אתה ירא מפניהם' -> 'הגדלים ההם']
  Deut 7:19 (25) vs Deut 26:8 (11): [replace: 'המסת הגדלת אשר ראו עיניך והאתת והמפתים והיד החזקה והזרע הנטויה אשר הוצאך' -> 'ויוצאנו'] =יהוה [replace: 'אלהיך כן יעשה יהוה אלהיך לכל העמים אשר אתה ירא מפניהם' -> 'ממצרים ביד חזקה ובזרע נטויה ובמרא גדל ובאתות ובמפתים']
  Deut 7:19 (25) vs Deut 6:22 (11): [replace: 'המסת הגדלת אשר ראו עיניך והאתת והמפתים והיד החזקה והזרע הנטויה אשר הוצאך' -> 'ויתן'] =יהוה [replace: 'אלהיך כן יעשה יהוה אלהיך לכל העמים אשר אתה ירא מפניהם' -> 'אותת ומפתים גדלים ורעים במצרים בפרעה ובכל ביתו לעינינו']
  Deut 7:19 (25) vs Deut 11:2 (23): [replace: 'המסת הגדלת' -> 'וידעתם היום כי לא את בניכם'] =אשר [insert: '' -> 'לא ידעו ואשר לא'] =ראו [replace: 'עיניך והאתת והמפתים והיד' -> 'את מוסר יהוה אלהיכם את גדלו את ידו'] =החזקה [replace: 'והזרע' -> 'וזרעו'] =הנטויה [delete: 'אשר הוצאך יהוה אלהיך כן יעשה יהוה אלהיך לכל העמים אשר אתה ירא מפניהם' -> '']
  Deut 7:19 (25) vs Deut 3:21 (26): [replace: 'המסת הגדלת' -> 'ואת יהושוע צויתי בעת ההוא לאמר עיניך הראת את כל'] =אשר [replace: 'ראו עיניך והאתת והמפתים והיד החזקה והזרע הנטויה אשר הוצאך' -> 'עשה'] =יהוה [replace: 'אלהיך' -> 'אלהיכם לשני המלכים האלה'] =כן יעשה יהוה [delete: 'אלהיך' -> ''] =לכל [replace: 'העמים' -> 'הממלכות'] =אשר אתה [replace: 'ירא מפניהם' -> 'עבר שמה']
  Deut 7:20 (12) vs Exod 23:28 (12): [replace: 'וגם' -> 'ושלחתי'] =את הצרעה [replace: 'ישלח יהוה אלהיך בם עד אבד הנשארים והנסתרים מפניך' -> 'לפניך וגרשה את החוי את הכנעני ואת החתי מלפניך']
  Deut 7:20 (12) vs Josh 24:12 (14): [replace: 'וגם' -> 'ואשלח לפניכם'] =את הצרעה [replace: 'ישלח יהוה אלהיך בם עד אבד הנשארים והנסתרים מפניך' -> 'ותגרש אותם מפניכם שני מלכי האמרי לא בחרבך ולא בקשתך']
  Deut 7:21 (10) vs Deut 10:17 (19): [delete: 'לא תערץ מפניהם' -> ''] =כי יהוה [replace: 'אלהיך בקרבך אל גדול ונורא' -> 'אלהיכם הוא אלהי האלהים ואדני האדנים האל הגדל הגבר והנורא אשר לא ישא פנים ולא יקח שחד']
  Deut 7:21 (10) vs Deut 1:29 (7): [insert: '' -> 'ואמר אלכם'] =לא [replace: 'תערץ מפניהם כי יהוה אלהיך בקרבך אל גדול ונורא' -> 'תערצון ולא תיראון מהם']
  Deut 7:21 (10) vs Deut 6:15 (16): [delete: 'לא תערץ מפניהם' -> ''] =כי [insert: '' -> 'אל קנא'] =יהוה אלהיך בקרבך [replace: 'אל גדול ונורא' -> 'פן יחרה אף יהוה אלהיך בך והשמידך מעל פני האדמה']
  Deut 7:21 (10) vs Deut 23:15 (20): [delete: 'לא תערץ מפניהם' -> ''] =כי יהוה אלהיך [replace: 'בקרבך אל גדול ונורא' -> 'מתהלך בקרב מחנך להצילך ולתת איביך לפניך והיה מחניך קדוש ולא יראה בך ערות דבר ושב מאחריך']
  Deut 7:21 (10) vs Deut 31:6 (17): [replace: 'לא תערץ' -> 'חזקו ואמצו אל תיראו ואל תערצו'] =מפניהם כי יהוה אלהיך [replace: 'בקרבך אל גדול ונורא' -> 'הוא ההלך עמך לא ירפך ולא יעזבך']
  Deut 7:22 (18) vs Exod 23:29 (13): [replace: 'ונשל יהוה אלהיך את הגוים האל' -> 'לא אגרשנו'] =מפניך [replace: 'מעט מעט לא תוכל כלתם מהר' -> 'בשנה אחת'] =פן [replace: 'תרבה' -> 'תהיה הארץ שממה ורבה'] =עליך חית השדה
  Deut 7:22 (18) vs Exod 23:30 (10): [delete: 'ונשל יהוה אלהיך את הגוים האל מפניך' -> ''] =מעט מעט [replace: 'לא תוכל כלתם מהר פן תרבה עליך חית השדה' -> 'אגרשנו מפניך עד אשר תפרה ונחלת את הארץ']
  Deut 7:22 (18) vs Deut 7:1 (27): [replace: 'ונשל' -> 'כי יביאך'] =יהוה אלהיך [replace: 'את הגוים האל' -> 'אל הארץ אשר אתה בא שמה לרשתה ונשל גוים רבים'] =מפניך [replace: 'מעט מעט לא תוכל כלתם מהר פן תרבה עליך חית השדה' -> 'החתי והגרגשי והאמרי והכנעני והפרזי והחוי והיבוסי שבעה גוים רבים ועצומים ממך']
  Deut 7:23 (9) vs Exod 23:27 (17): [replace: 'ונתנם יהוה אלהיך' -> 'את אימתי אשלח'] =לפניך [replace: 'והמם מהומה גדלה עד השמדם' -> 'והמתי את כל העם אשר תבא בהם ונתתי את כל איביך אליך ערף']
  Deut 7:23 (9) vs Deut 7:2 (14): =ונתנם יהוה אלהיך לפניך [replace: 'והמם מהומה גדלה עד השמדם' -> 'והכיתם החרם תחרים אתם לא תכרת להם ברית ולא תחנם']
  Deut 7:23 (9) vs Exod 14:24 (15): [replace: 'ונתנם' -> 'ויהי באשמרת הבקר וישקף'] =יהוה [replace: 'אלהיך לפניך והמם מהומה גדלה עד השמדם' -> 'אל מחנה מצרים בעמוד אש וענן ויהם את מחנה מצרים']
  Deut 7:24 (15) vs Deut 11:25 (19): [delete: 'ונתן מלכיהם בידך והאבדת את שמם מתחת השמים' -> ''] =לא יתיצב איש [replace: 'בפניך עד השמדך אתם' -> 'בפניכם פחדכם ומוראכם יתן יהוה אלהיכם על פני כל הארץ אשר תדרכו בה כאשר דבר לכם']
  Deut 7:24 (15) vs Josh 1:5 (17): [delete: 'ונתן מלכיהם בידך והאבדת את שמם מתחת השמים' -> ''] =לא יתיצב איש [replace: 'בפניך עד השמדך אתם' -> 'לפניך כל ימי חייך כאשר הייתי עם משה אהיה עמך לא ארפך ולא אעזבך']
  Deut 7:24 (15) vs Deut 9:14 (14): [replace: 'ונתן מלכיהם בידך והאבדת' -> 'הרף ממני ואשמידם ואמחה'] =את שמם מתחת השמים [replace: 'לא יתיצב איש בפניך עד השמדך אתם' -> 'ואעשה אותך לגוי עצום ורב ממנו']
  Deut 7:24 (15) vs Deut 25:19 (24): [replace: 'ונתן מלכיהם בידך והאבדת' -> 'והיה בהניח יהוה אלהיך לך מכל איביך מסביב בארץ אשר יהוה אלהיך נתן לך נחלה לרשתה תמחה'] =את [replace: 'שמם' -> 'זכר עמלק'] =מתחת השמים לא [replace: 'יתיצב איש בפניך עד השמדך אתם' -> 'תשכח']
  Deut 7:24 (15) vs Deut 29:19 (26): [replace: 'ונתן מלכיהם בידך והאבדת' -> 'לא יאבה יהוה סלח לו כי אז יעשן אף יהוה וקנאתו באיש ההוא ורבצה בו כל האלה הכתובה בספר הזה ומחה יהוה'] =את [replace: 'שמם' -> 'שמו'] =מתחת השמים [delete: 'לא יתיצב איש בפניך עד השמדך אתם' -> '']
  Deut 7:24 (15) vs Exod 17:14 (19): [replace: 'ונתן מלכיהם בידך והאבדת' -> 'ויאמר יהוה אל משה כתב זאת זכרון בספר ושים באזני יהושע כי מחה אמחה'] =את [replace: 'שמם' -> 'זכר עמלק'] =מתחת השמים [delete: 'לא יתיצב איש בפניך עד השמדך אתם' -> '']
  Deut 7:24 (15) vs Josh 10:8 (15): [replace: 'ונתן מלכיהם' -> 'ויאמר יהוה אל יהושע אל תירא מהם כי'] =בידך [replace: 'והאבדת את שמם מתחת השמים' -> 'נתתים'] =לא [replace: 'יתיצב' -> 'יעמד'] =איש [insert: '' -> 'מהם'] =בפניך [delete: 'עד השמדך אתם' -> '']
  Deut 7:25 (19) vs Deut 7:5 (14): [replace: 'פסילי אלהיהם' -> 'כי אם כה תעשו להם מזבחתיהם תתצו ומצבתם תשברו ואשירהם תגדעון ופסיליהם'] =תשרפון באש [delete: 'לא תחמד כסף וזהב עליהם ולקחת לך פן תוקש בו כי תועבת יהוה אלהיך הוא' -> '']
  Deut 7:25 (19) vs Deut 12:3 (18): [replace: 'פסילי אלהיהם' -> 'ונתצתם את מזבחתם ושברתם את מצבתם ואשריהם'] =תשרפון באש [replace: 'לא תחמד כסף וזהב עליהם ולקחת לך פן תוקש בו כי תועבת יהוה אלהיך הוא' -> 'ופסילי אלהיהם תגדעון ואבדתם את שמם מן המקום ההוא']
  Deut 7:25 (19) vs Deut 5:21 (16): [replace: 'פסילי אלהיהם תשרפון באש לא' -> 'ולא'] =תחמד [replace: 'כסף וזהב עליהם ולקחת לך פן תוקש בו כי תועבת יהוה אלהיך הוא' -> 'אשת רעך ולא תתאוה בית רעך שדהו ועבדו ואמתו שורו וחמרו וכל אשר לרעך']
  Deut 7:25 (19) vs Exod 20:17 (15): [delete: 'פסילי אלהיהם תשרפון באש' -> ''] =לא תחמד [replace: 'כסף וזהב עליהם ולקחת לך פן תוקש בו כי תועבת יהוה אלהיך הוא' -> 'בית רעך לא תחמד אשת רעך ועבדו ואמתו ושורו וחמרו וכל אשר לרעך']
  Deut 7:25 (19) vs Josh 7:21 (24): [replace: 'פסילי אלהיהם תשרפון באש לא תחמד' -> 'ואראה בשלל אדרת שנער אחת טובה ומאתים שקלים'] =כסף [replace: 'וזהב עליהם ולקחת לך פן תוקש בו כי תועבת יהוה אלהיך הוא' -> 'ולשון זהב אחד חמשים שקלים משקלו ואחמדם ואקחם והנם טמונים בארץ בתוך האהלי והכסף תחתיה']
  Deut 7:25 (19) vs Deut 27:15 (18): [replace: 'פסילי אלהיהם תשרפון באש לא תחמד כסף וזהב עליהם ולקחת לך פן תוקש בו כי' -> 'ארור האיש אשר יעשה פסל ומסכה'] =תועבת יהוה [replace: 'אלהיך הוא' -> 'מעשה ידי חרש ושם בסתר וענו כל העם ואמרו אמן']
  Deut 7:26 (15) vs Deut 13:18 (19): =ולא [replace: 'תביא תועבה אל ביתך והיית חרם כמהו שקץ תשקצנו ותעב תתעבנו כי חרם הוא' -> 'ידבק בידך מאומה מן החרם למען ישוב יהוה מחרון אפו ונתן לך רחמים ורחמך והרבך כאשר נשבע לאבתיך']
  Deut 7:26 (15) vs Josh 6:18 (17): [replace: 'ולא תביא תועבה אל ביתך והיית חרם כמהו שקץ תשקצנו ותעב תתעבנו כי חרם הוא' -> 'ורק אתם שמרו מן החרם פן תחרימו ולקחתם מן החרם ושמתם את מחנה ישראל לחרם ועכרתם אותו']
  Deut 7:26 (15) vs Josh 7:12 (23): =ולא [replace: 'תביא תועבה אל ביתך והיית חרם כמהו שקץ תשקצנו ותעב תתעבנו' -> 'יכלו בני ישראל לקום לפני איביהם ערף יפנו לפני איביהם'] =כי [replace: 'חרם הוא' -> 'היו לחרם לא אוסיף להיות עמכם אם לא תשמידו החרם מקרבכם']
  Deut 7:26 (15) vs Lev 11:43 (12): [insert: '' -> 'אל תשקצו את נפשתיכם בכל השרץ השרץ'] =ולא [replace: 'תביא תועבה אל ביתך והיית חרם כמהו שקץ תשקצנו ותעב תתעבנו כי חרם הוא' -> 'תטמאו בהם ונטמתם בם']
  Deut 7:26 (15) vs Deut 23:8 (13): [replace: 'ולא תביא תועבה אל ביתך והיית חרם כמהו שקץ תשקצנו ותעב תתעבנו' -> 'לא תתעב אדמי'] =כי [replace: 'חרם' -> 'אחיך'] =הוא [insert: '' -> 'לא תתעב מצרי כי גר היית בארצו']
  Deut 7:26 (15) vs Lev 27:28 (24): [insert: '' -> 'אך כל חרם אשר יחרם איש ליהוה מכל אשר לו מאדם ובהמה ומשדה אחזתו לא ימכר'] =ולא [replace: 'תביא תועבה אל ביתך והיית' -> 'יגאל כל'] =חרם [replace: 'כמהו שקץ תשקצנו ותעב תתעבנו כי חרם' -> 'קדש קדשים'] =הוא [insert: '' -> 'ליהוה']
==== B. THE PHRASE CENSUSES over the whole DB (Torah where marked)
  "seven nations" (שבעה גוים): ['Deut 7:1']
  "seven" (שבעה) seats in Deuteronomy: ['Deut 16:9', 'Deut 7:1']
  "many nations" (גוים רבים): ['Deut 15:6', 'Deut 28:12', 'Deut 7:1', 'Ezek 26:3', 'Ezek 31:6', 'Ezek 38:23', 'Hab 2:8', 'Isa 52:15', 'Jer 22:8', 'Jer 25:14', 'Jer 27:7', 'Mic 4:11', 'Mic 4:2', 'Ps 135:10', 'Zech 2:15']
  "greater and mightier than you" (רבים ועצומים ממך): ['Deut 7:1', 'Deut 4:38', 'Deut 9:1']
  "and He will clear away" (ונשל) seats: ['Deut 19:5', 'Deut 7:1', 'Deut 7:22']
  the lemma 5394 seats: ['2Kgs 16:6', 'Deut 19:5', 'Deut 28:40', 'Deut 7:1', 'Deut 7:22', 'Exod 3:5', 'Josh 5:15']
  "you shall utterly destroy them" (החרם תחרים): ['Deut 7:2', 'Deut 20:17']
  the ban's root 2763 seats in the Torah (verb): []
  "cherem" the noun 2764 seats in the Torah: []
  the noun's tokens by seat (Torah): []
  "you shall not make a covenant with them" (לא תכרת להם ברית): ['Deut 7:2', 'Exod 23:32']
  "lest you make a covenant" (פן תכרת ברית): ['Exod 34:12', 'Exod 34:15']
  "cut a covenant" (תכרת … ברית) seats in the Torah: ['Deut 7:2', 'Exod 23:32', 'Exod 34:12', 'Exod 34:15']
  "nor show them favor" (ולא תחנם): ['Deut 7:2']
  the lemma 2603 a "favor/grace" as a verb in the Torah: [('Deut 7:2', 'תחנם', 'HVqi2ms/Sp3mp'), ('Deut 28:50', 'יחן', 'HVqi3ms'), ('Exod 33:19', 'אחן', 'HVqi1cs'), ('Gen 33:5', 'חנן', 'HVqp3ms'), ('Gen 33:11', 'חנני', 'HVqp3ms/Sp1cs'), ('Gen 43:29', 'יחנך', 'HVqi3ms/Sp2ms')]
    the DB's lemma spelling for תחנם at 7:2: ['2603 a']
  "you shall not intermarry" (תתחתן / התחתנו / התחתן) seats: ['1Sam 18:21', '1Sam 18:22', '1Sam 18:23', 'Deut 7:3']
  the lemma 2859 b seats: ['1Kgs 3:1', '1Sam 18:21', '1Sam 18:22', '1Sam 18:23', '1Sam 18:26', '1Sam 18:27', '2Chr 18:1', 'Deut 7:3', 'Ezra 9:14', 'Gen 34:9', 'Josh 23:12']
  "your daughter you shall not give to his son" (בתך לא תתן לבנו): ['Deut 7:3']
  "and you take of their daughters for your sons" (ולקחת מבנתיו לבניך): ['Exod 34:16']
  "for he will turn your son away from following Me" (כי יסיר את בנך מאחרי): ['Deut 7:4']
  "from after Me" (מאחרי) seats: ['1Kgs 9:6', '1Sam 12:20', '1Sam 14:46', '1Sam 15:11', '1Sam 24:2', '2Chr 25:27', '2Chr 32:23', '2Chr 34:33', '2Kgs 17:21', '2Sam 15:1', '2Sam 20:2', '2Sam 2:19', '2Sam 2:22', '2Sam 2:26', '2Sam 2:27', '2Sam 2:30', '2Sam 3:28', 'Amos 7:15', 'Deut 7:4', 'Ezek 14:11', 'Ezek 14:7', 'Hos 1:2', 'Isa 5:11', 'Jer 9:21', 'Josh 22:16', 'Josh 22:18', 'Josh 22:23', 'Josh 22:29', 'Josh 8:14', 'Josh 8:4', 'Neh 4:7', 'Num 14:43', 'Ps 127:2', 'Zeph 1:6']
  "and the anger of the LORD will burn against you" (וחרה אף יהוה בכם): ['Deut 11:17', 'Deut 7:4', 'Josh 23:16']
  "and destroy you quickly" (והשמידך מהר): ['Deut 7:4']
  "quickly" (מהר) with "destroy/perish" in Deuteronomy: ['Deut 28:20', 'Deut 33:2', 'Deut 4:26', 'Deut 7:22', 'Deut 7:4', 'Deut 9:12', 'Deut 9:16', 'Deut 9:3']
  "their altars you shall tear down" (מזבחתיהם תתצו): ['Deut 7:5', 'Exod 34:13']
  "altars … pillars … Asherim … images" — the four objects' tokens by seat: [('Deut 7:5', ['מזבחתיהם', 'ומצבתם', 'ופסיליהם']), ('Exod 34:13', ['מזבחתם', 'מצבתם', 'אשריו']), ('Deut 12:3', ['מזבחתם', 'מצבתם', 'ואשריהם', 'ופסילי']), ('Deut 7:5', ['מזבחתיהם', 'ומצבתם', 'ופסיליהם']), ('Exod 34:13', ['מזבחתם', 'מצבתם', 'אשריו'])]
  "their Asherim" (ואשירהם / ואשריהם / אשריהם) seats: ['1Kgs 14:15', '1Kgs 14:23', '2Chr 14:2', '2Chr 17:6', '2Chr 24:18', '2Chr 31:1', '2Chr 33:19', '2Chr 34:7', '2Kgs 17:10', '2Kgs 23:14', 'Deut 12:3', 'Deut 33:29', 'Deut 7:5', 'Eccl 10:17', 'Exod 34:13', 'Ezek 27:6', 'Isa 27:9', 'Jer 17:2', 'Prov 14:21', 'Prov 16:20', 'Ps 128:2', 'Ps 37:31']
  "you shall cut down" (תגדעון / תגדע) seats: ['2Chr 34:4', '2Chr 34:7', 'Deut 12:3', 'Deut 7:5', 'Lam 2:3', 'Ps 107:16']
  "and their graven images you shall burn with fire" (ופסיליהם תשרפון באש / פסילי אלהיהם תשרפון באש): ['Deut 12:3', 'Deut 7:25', 'Deut 7:5']
  "graven images" (פסילי / פסיליהם / פסל) in the Torah: ['Deut 12:3', 'Deut 7:25', 'Deut 7:5', 'Deut 27:15', 'Deut 4:16', 'Deut 4:23', 'Deut 4:25', 'Deut 5:8', 'Exod 20:4', 'Lev 26:1']
  "a holy people to the LORD your God" (עם קדוש ליהוה אלהיך): []
  "holy people" (עם קדוש / קדש) seats: ['Deut 14:2', 'Deut 14:21', 'Deut 7:6', 'Dan 12:7', 'Deut 26:19']
  "a treasured people" (עם סגלה) / "treasure" (סגלה) seats: ['1Chr 29:3', 'Deut 14:2', 'Deut 26:18', 'Deut 7:6', 'Exod 19:5', 'Mal 3:17']
  "the LORD your God chose you" (בך בחר יהוה אלהיך): ['Deut 7:6']
  "from all the peoples that are on the face of the earth" (מכל העמים אשר על פני האדמה): ['Deut 14:2', 'Deut 7:6']
  "not because you were more in number" (לא מרבכם): ['Deut 7:7']
  "set His love" (חשק) seats: ['1Kgs 9:19', '2Chr 8:6', 'Deut 10:15', 'Deut 21:11', 'Deut 7:7', 'Gen 34:8', 'Isa 38:17', 'Ps 91:14']
  "and chose you" (ויבחר בכם): ['Deut 7:7']
  "you are the fewest of all peoples" (אתם המעט מכל העמים): ['Deut 7:7']
  "few" (מעט / המעט / מעטים) in Deuteronomy: ['Deut 26:5', 'Deut 28:38', 'Deut 28:62', 'Deut 7:22', 'Deut 7:7']
  "because of the LORD's love for you" (מאהבת יהוה אתכם): ['Deut 7:8']
  "and because He kept the oath" (ומשמרו את השבעה): ['Deut 7:8']
  "the oath which He swore to your fathers" (השבעה אשר נשבע לאבתיכם): ['Deut 7:8']
  "the oath" (השבעה / שבעה the noun 7621) seats in the Torah: [('Deut 7:8', 'השבעה'), ('Exod 22:10', 'שבעת'), ('Gen 24:8', 'משבעתי'), ('Gen 26:3', 'השבעה'), ('Lev 5:4', 'בשבעה'), ('Num 5:21', 'בשבעת'), ('Num 5:21', 'ולשבעה'), ('Num 30:3', 'שבעה'), ('Num 30:11', 'בשבעה'), ('Num 30:14', 'שבעת')]
  "brought you out with a strong hand" (הוציא יהוה אתכם ביד חזקה): ['Deut 7:8']
  "and redeemed you from the house of bondage" (ויפדך מבית עבדים): ['Deut 7:8']
  "redeem" the lemma 6299 seats in Deuteronomy: [('Deut 7:8', 'ויפדך'), ('Deut 9:26', 'פדית'), ('Deut 13:6', 'והפדך'), ('Deut 15:15', 'ויפדך'), ('Deut 21:8', 'פדית'), ('Deut 24:18', 'ויפדך')]
  "from the hand of Pharaoh king of Egypt" (מיד פרעה מלך מצרים): ['Deut 7:8']
  "the faithful God" (האל הנאמן): ['Deut 7:9']
  "the LORD your God, He is God" (יהוה אלהיך הוא האלהים): ['Deut 7:9', '1Kgs 18:39', '1Kgs 8:60', '2Chr 33:13', 'Deut 4:35', 'Deut 4:39']
  "who keeps the covenant and the kindness" (שמר הברית והחסד): ['1Kgs 8:23', '2Chr 6:14', 'Dan 9:4', 'Deut 7:9']
  "the covenant and the kindness" (הברית ואת החסד / הברית והחסד): ['Deut 7:12', '1Kgs 8:23', '2Chr 6:14', 'Dan 9:4', 'Deut 7:9', 'Neh 9:32']
  "for those who love Him and keep His commandments" (לאהביו ולשמרי מצותו): ['Deut 7:9']
  "to those who love Me and keep My commandments" (לאהבי ולשמרי מצותי): ['Exod 20:6']
  "to a thousand generations" (לאלף דור): ['1Chr 16:15', 'Deut 7:9', 'Ps 105:8']
  "to thousands" (לאלפים): ['Deut 5:10', 'Exod 20:6', 'Exod 34:7', 'Jer 32:18']
  "a thousand" (אלף / לאלף) as a numeral in Deuteronomy: ['Deut 1:11', 'Deut 32:30', 'Deut 7:9']
  "and He repays those who hate Him to their face" (ומשלם לשנאיו אל פניו): ['Deut 7:10']
  "to destroy him" (להאבידו): ['2Kgs 24:2', 'Deut 7:10']
  "He will not delay" (לא יאחר): ['Deut 7:10', 'Hab 2:3']
  "those who hate Me/Him" (לשנאי / לשנאיו / שנאיו) seats in the Torah: ['Deut 5:9', 'Deut 7:10', 'Exod 20:5', 'Gen 24:60']
  "visiting the iniquity of the fathers" (פקד עון אבת): ['Exod 20:5', 'Deut 5:9', 'Exod 34:7', 'Num 14:18']
  "and you shall keep the commandment, the statutes and the judgments" (ושמרת את המצוה ואת החקים ואת המשפטים): ['Deut 7:11']
  the triad by order (המצוה … החקים … המשפטים) in Deuteronomy: [('Deut 5:31', ['המצוה', 'והחקים', 'והמשפטים']), ('Deut 6:1', ['המצוה', 'החקים', 'והמשפטים']), ('Deut 7:11', ['המצוה', 'החקים', 'המשפטים'])]
  "which I command you today" (אשר אנכי מצוך היום) in Deuteronomy: 18
  "and it shall be, because you hear" (והיה עקב תשמעון): ['Deut 7:12']
  "because" (עקב) as a conjunction — the token's seats: ['2Sam 12:10', '2Sam 12:6', 'Amos 4:12', 'Deut 7:12', 'Deut 8:20', 'Gen 22:18', 'Gen 26:5', 'Gen 3:15', 'Gen 49:19', 'Hos 12:4', 'Isa 5:23', 'Jer 17:9', 'Num 14:24', 'Prov 22:4', 'Ps 119:112', 'Ps 119:33', 'Ps 19:12', 'Ps 40:16', 'Ps 41:10', 'Ps 70:4']
    the morph at each seat: [('2Sam 12:6', 'HNcmsc'), ('2Sam 12:10', 'HNcmsa'), ('Amos 4:12', 'HNcmsa'), ('Deut 7:12', 'HNcmsc'), ('Deut 8:20', 'HNcmsc'), ('Gen 22:18', 'HNcmsa'), ('Gen 26:5', 'HNcmsa'), ('Isa 5:23', 'HNcmsc'), ('Num 14:24', 'HC'), ('Prov 22:4', 'HNcmsc'), ('Ps 19:12', 'HNcmsa'), ('Ps 40:16', 'HNcmsc'), ('Ps 70:4', 'HNcmsc'), ('Ps 119:33', 'HNcmsa'), ('Ps 119:112', 'HNcmsa')]
  "you shall hear" with the nun (תשמעון): ['Dan 3:15', 'Dan 3:5', 'Deut 18:15', 'Deut 1:17', 'Deut 7:12', 'Deut 8:20', 'Jer 17:24', 'Zech 6:15']
  "and the LORD your God will keep for you the covenant" (ושמר יהוה אלהיך לך את הברית): ['Deut 7:12']
  "and He will love you and bless you and multiply you" (ואהבך וברכך והרבך): ['Deut 7:13']
  "the fruit of your womb and the fruit of your ground" (פרי בטנך ופרי אדמתך): ['Deut 28:18', 'Deut 28:4', 'Deut 7:13']
  "your grain, your wine and your oil" (דגנך ותירשך ויצהרך): ['Deut 11:14', 'Deut 12:17', 'Deut 7:13']
  "the increase of your cattle and the young of your flock" (שגר אלפיך ועשתרת צאנך): ['Deut 28:51', 'Deut 7:13']
  "increase" (שגר) seats: ['Deut 28:18', 'Deut 28:4', 'Deut 28:51', 'Deut 7:13', 'Exod 13:12']
  "young of the flock" (עשתרת / ועשתרת) seats — the noun and the name: [('Deut 7:13', 'ועשתרת', 'HC/Np'), ('Deut 28:4', 'ועשתרות', 'HC/Np'), ('Deut 28:18', 'ועשתרות', 'HC/Np'), ('Deut 28:51', 'ועשתרת', 'HC/Np'), ('1Chr 6:56', 'עשתרות', 'HNp'), ('1Sam 7:3', 'והעשתרות', 'HC/Td/Np'), ('1Sam 7:4', 'העשתרת', 'HTd/Np'), ('1Sam 12:10', 'העשתרות', 'HTd/Np'), ('1Sam 31:10', 'עשתרות', 'HNp'), ('Deut 1:4', 'בעשתרת', 'HR/Np'), ('Josh 9:10', 'בעשתרות', 'HR/Np'), ('Josh 12:4', 'בעשתרות', 'HR/Np'), ('Josh 13:12', 'בעשתרות', 'HR/Np'), ('Josh 13:31', 'ועשתרות', 'HC/Np'), ('Judg 2:13', 'ולעשתרות', 'HC/Rd/Np'), ('Judg 10:6', 'העשתרות', 'HTd/Np'), ('1Kgs 11:5', 'עשתרת', 'HNp'), ('1Kgs 11:33', 'לעשתרת', 'HR/Np'), ('2Kgs 23:13', 'לעשתרת', 'HR/Np')]
  "blessed shall you be above all peoples" (ברוך תהיה מכל העמים): ['Deut 7:14']
  "there shall not be a barren male or female among you" (לא יהיה בך עקר ועקרה): ['Deut 7:14']
  "barren" (עקר / עקרה) seats in the Torah: ['Deut 7:14', 'Exod 23:26', 'Gen 11:30', 'Gen 25:21', 'Gen 29:31']
  "none shall miscarry or be barren" (לא תהיה משכלה ועקרה): ['Exod 23:26']
  "and the LORD will remove from you all sickness" (והסיר יהוה ממך כל חלי): ['Deut 7:15']
  "the evil diseases of Egypt" (מדוי מצרים הרעים): ['Deut 7:15']
  "diseases" (מדוי / מדוה) seats: ['Deut 28:60', 'Deut 7:15']
  "all the diseases which I put on Egypt" (כל המחלה אשר שמתי במצרים): ['Exod 15:26']
  "which you knew" (אשר ידעת) in Deuteronomy: ['Deut 7:15']
  "and you shall consume all the peoples" (ואכלת את כל העמים): ['Deut 7:16']
  "your eye shall not pity" (לא תחס עינך / עינכם): ['Deut 7:16', 'Deut 19:13', 'Deut 25:12', 'Deut 13:9', 'Deut 19:21']
  "for it is a snare to you" (כי מוקש הוא לך): ['Deut 7:16']
  "snare" (מוקש / למוקש) seats in the Torah: ['Deut 7:16', 'Exod 10:7', 'Exod 23:33', 'Exod 34:12']
  "you shall not serve their gods" (ולא תעבד את אלהיהם / לא תעבד את אלהיהם): ['Deut 7:16', 'Exod 23:33']
  "if you say in your heart" (כי תאמר בלבבך): ['Deut 7:17']
  "and you say in your heart" (ואמרת בלבבך): ['Deut 8:17', 'Isa 49:21']
  "these nations are more than I" (רבים הגוים האלה ממני): ['Deut 7:17']
  "how can I" (איכה אוכל): ['Deut 7:17']
  "to dispossess them" (להורישם) seats: ['Deut 4:38', 'Deut 7:17', 'Josh 15:63', 'Josh 17:12', 'Josh 23:13', 'Judg 1:19', 'Judg 2:21', 'Judg 2:23']
  "you shall not fear them" (לא תירא מהם): ['Deut 20:1', 'Deut 7:18']
  "you shall not fear them" plural (לא תיראום / לא תיראו מהם): ['Deut 3:22', 'Jer 10:5']
  "you shall surely remember" (זכר תזכר): ['Deut 7:18']
  the infinitive absolute זכר (HVqa) seats: [('Deut 7:18', 'HVqa'), ('Jer 31:20', 'HVqa')]
  "what the LORD your God did to Pharaoh and to all Egypt" (אשר עשה יהוה אלהיך לפרעה ולכל מצרים): ['Deut 7:18', 'Exod 18:8']
  "the great trials which your eyes saw" (המסת הגדלת אשר ראו עיניך): ['Deut 7:19']
  "the great trials" (המסת הגדלת): ['Deut 7:19']
  "trials" (מסת / המסת / במסת) seats: ['Deut 16:10', 'Deut 4:34', 'Deut 7:19']
  "the signs and the wonders" (והאתת והמפתים / האתת והמפתים): ['Deut 7:19', 'Deut 29:2', 'Jer 32:21', 'Neh 9:10', 'Deut 34:11']
  "the strong hand and the outstretched arm" (והיד החזקה והזרע הנטויה / ביד חזקה ובזרע נטויה): ['Deut 7:19', 'Deut 26:8', 'Deut 5:15', 'Deut 26:8', 'Deut 5:15']
  "so will the LORD your God do to all the peoples" (כן יעשה יהוה אלהיך לכל העמים): ['Deut 7:19']
  "of whom you are afraid" (אשר אתה ירא מפניהם): ['Deut 7:19']
  "the hornet" (הצרעה / הצרעה את) seats: ['2Chr 11:10', 'Deut 7:20', 'Exod 23:28', 'Josh 19:41', 'Josh 24:12', 'Judg 13:25', 'Judg 16:31', 'Judg 18:8']
  "and I will send the hornet before you" (ושלחתי את הצרעה לפניך): ['Exod 23:28']
  "until those who are left and hide themselves perish" (עד אבד הנשארים והנסתרים): ['Deut 7:20']
  "those who hide" (הנסתרים / והנסתרים) seats: ['Deut 7:20']
  "you shall not be terrified by them" (לא תערץ מפניהם): ['Deut 7:21']
  "do not be terrified and do not fear" (לא תערצון ולא תיראון / אל תערץ ואל תחת): ['Deut 1:29', 'Josh 1:9', 'Deut 7:21']
  the lemma 6206 "terrify" seats in the Torah: ['Deut 1:29', 'Deut 20:3', 'Deut 31:6', 'Deut 7:21']
  "the LORD your God is in your midst" (יהוה אלהיך בקרבך): ['Deut 6:15', 'Deut 7:21', 'Zeph 3:17']
  "a great and awesome God" (אל גדול ונורא): ['Deut 7:21']
  "the great, the mighty and the awesome God" (האל הגדל הגבר והנורא): ['Deut 10:17']
  "little by little" (מעט מעט): ['Deut 7:22', 'Exod 23:30']
  "you will not be able to finish them quickly" (לא תוכל כלתם מהר): ['Deut 7:22']
  "lest the beasts of the field multiply against you" (פן תרבה עליך חית השדה): ['Deut 7:22']
  "the beasts of the field" (חית השדה) seats in the Torah: ['Deut 7:22', 'Exod 23:11', 'Exod 23:29', 'Gen 2:19', 'Gen 2:20', 'Gen 3:1', 'Gen 3:14', 'Lev 26:22']
  "in one year" (בשנה אחת) — Exodus 23:29: ['1Kgs 10:14', '2Chr 9:13', 'Exod 23:29']
  "and the LORD your God will give them before you" (ונתנם יהוה אלהיך לפניך): ['Deut 7:2', 'Deut 7:23']
  "and will throw them into great confusion" (והמם מהומה גדלה): ['Deut 7:23']
  "confusion" (מהומה / והמתי / והמם) — the lemma 2000 and 4103 seats: ['1Sam 7:10', '2Chr 15:6', '2Sam 22:15', 'Deut 2:15', 'Deut 7:23', 'Esth 9:24', 'Exod 14:24', 'Exod 23:27', 'Isa 28:28', 'Jer 51:34', 'Josh 10:10', 'Judg 4:15', 'Ps 144:6', 'Ps 18:15', '1Sam 14:20', '1Sam 5:11', '1Sam 5:9', '2Chr 15:5', 'Amos 3:9', 'Deut 28:20', 'Deut 7:23', 'Ezek 22:5', 'Ezek 7:7', 'Isa 22:5', 'Prov 15:16', 'Zech 14:13']
  "until they are destroyed" (עד השמדם / עד השמדך) seats: ['1Kgs 15:29', 'Deut 12:30', 'Deut 28:20', 'Deut 28:24', 'Deut 28:45', 'Deut 28:51', 'Deut 28:61', 'Deut 7:23', 'Deut 7:24', 'Esth 4:8', 'Josh 11:14', 'Ps 106:23']
  "and He will give their kings into your hand" (ונתן מלכיהם בידך): ['Deut 7:24']
  "and you shall destroy their name from under heaven" (והאבדת את שמם מתחת השמים): ['Deut 7:24']
  "from under heaven" (מתחת השמים) seats: ['2Kgs 14:27', 'Deut 25:19', 'Deut 29:19', 'Deut 7:24', 'Deut 9:14', 'Exod 17:14', 'Gen 1:9', 'Gen 6:17']
  "no man shall stand before you" (לא יתיצב איש בפניך / לפניך): ['Deut 7:24', 'Josh 1:5']
  "blot out the name/memory" (מחה … שם / זכר) in the Torah: ['Deut 25:19', 'Exod 17:14', 'Deut 29:19']
  "the graven images of their gods you shall burn with fire" (פסילי אלהיהם תשרפון באש): ['Deut 7:25']
  "you shall not covet" (לא תחמד) seats: ['Deut 7:25', 'Exod 20:17']
  "and you shall not covet/desire" — the two verbs of the tenth word: ['Deut 5:21', 'Deut 5:21']
  "silver and gold" (כסף וזהב) with "covet/take" in the Bible: ['Deut 7:25', 'Zech 6:11']
  "lest you be snared by it" (פן תוקש בו): ['Deut 7:25']
  "an abomination to the LORD your God" (תועבת יהוה אלהיך) seats: ['Deut 17:1', 'Deut 22:5', 'Deut 23:19', 'Deut 25:16', 'Deut 7:25', 'Deut 12:31', 'Deut 17:1', 'Deut 18:12', 'Deut 22:5', 'Deut 23:19', 'Deut 25:16', 'Deut 27:15', 'Deut 7:25', 'Prov 11:1', 'Prov 11:20', 'Prov 12:22', 'Prov 15:26', 'Prov 15:8', 'Prov 15:9', 'Prov 16:5', 'Prov 17:15', 'Prov 20:10', 'Prov 20:23', 'Prov 3:32']
  "you shall not bring an abomination into your house" (ולא תביא תועבה אל ביתך): ['Deut 7:26']
  "and you shall be devoted like it" (והיית חרם כמהו): ['Deut 7:26']
  "you shall utterly detest it and utterly abhor it" (שקץ תשקצנו ותעב תתעבנו): ['Deut 7:26']
  the lemma 8262 "detest" seats in the Torah: [('Deut 7:26', 'שקץ', 'HVpa'), ('Deut 7:26', 'תשקצנו', 'HVpi2ms/Sp3ms'), ('Lev 11:11', 'תשקצו', 'HVpi2mp'), ('Lev 11:13', 'תשקצו', 'HVpi2mp'), ('Lev 11:43', 'תשקצו', 'HVpj2mp'), ('Lev 20:25', 'תשקצו', 'HVpi2mp')]
  the lemma 8581 "abhor" seats in the Torah: [('Deut 7:26', 'ותעב', 'HC/Vpa'), ('Deut 7:26', 'תתעבנו', 'HVpi2ms/Sp3ms'), ('Deut 23:8', 'תתעב', 'HVpi2ms'), ('Deut 23:8', 'תתעב', 'HVpi2ms')]
  "for it is cherem" (כי חרם הוא): ['Deut 7:26']
  "abomination" (תועבה / תועבת) seats in Deuteronomy: ['Deut 12:31', 'Deut 13:15', 'Deut 14:3', 'Deut 17:1', 'Deut 17:4', 'Deut 18:12', 'Deut 22:5', 'Deut 23:19', 'Deut 24:4', 'Deut 25:16', 'Deut 27:15', 'Deut 7:25', 'Deut 7:26']
  the divine name by form in chapter 7: Counter({'יהוה': 19, 'ליהוה': 1})
  "the LORD your God" singular (יהוה אלהיך) seats in ch 7: [1, 2, 6, 9, 12, 16, 18, 19, 19, 20, 21, 22, 23, 25]
  plural (יהוה אלהיכם): []
  "the LORD" without "your God": [4, 7, 8, 8, 15]
  "God" (אלהים / אלהי / האלהים / אל) bare or construct in chapter 7: {1: ['אל'], 4: ['אלהים'], 9: ['האלהים', 'האל'], 10: ['אל', 'אל'], 16: ['אלהיהם'], 21: ['אל'], 22: ['האל'], 25: ['אלהיהם'], 26: ['אל']}
  Moses named in chapter 7?: []
  Israel named: []
  Egypt / Pharaoh named: {8: ['פרעה', 'מצרים'], 15: ['מצרים'], 18: ['לפרעה', 'מצרים']}
==== C. THE NUMBER VERSES 7:1 and 7:9, the homograph 7:8, THE NATION LISTS counted — the parser's reading
  7:1 verse_words ['כי', 'יביאך', 'יהוה', 'אלהיך', 'אל', 'הארץ', 'אשר', 'אתה', 'בא', 'שמה', 'לרשתה', 'ונשל', 'גוים', 'רבים', 'מפניך', 'החתי', 'והגרגשי', 'והאמרי', 'והכנעני', 'והפרזי', 'והחוי', 'והיבוסי', 'שבעה', 'גוים', 'רבים', 'ועצומים', 'ממך'] | numbers [7] | ordinals []
  7:8 verse_words ['כי', 'מאהבת', 'יהוה', 'אתכם', 'ומשמרו', 'את', 'השבעה*', 'אשר', 'נשבע', 'לאבתיכם', 'הוציא', 'יהוה', 'אתכם', 'ביד', 'חזקה', 'ויפדך', 'מבית', 'עבדים', 'מיד', 'פרעה', 'מלך', 'מצרים'] | numbers [] | ordinals []
  7:9 verse_words ['וידעת', 'כי', 'יהוה', 'אלהיך', 'הוא', 'האלהים', 'האל', 'הנאמן', 'שמר', 'הברית', 'והחסד', 'לאהביו', 'ולשמרי', 'מצותו', 'לאלף', 'דור'] | numbers [1000] | ordinals []
  7:12 verse_words ['והיה', 'עקב', 'תשמעון', 'את', 'המשפטים', 'האלה', 'ושמרתם', 'ועשיתם', 'אתם', 'ושמר', 'יהוה', 'אלהיך', 'לך', 'את', 'הברית', 'ואת', 'החסד', 'אשר', 'נשבע', 'לאבתיך'] | numbers [] | ordinals []
  7:13 verse_words ['ואהבך', 'וברכך', 'והרבך', 'וברך', 'פרי', 'בטנך', 'ופרי', 'אדמתך', 'דגנך', 'ותירשך', 'ויצהרך', 'שגר', 'אלפיך', 'ועשתרת', 'צאנך', 'על', 'האדמה', 'אשר', 'נשבע', 'לאבתיך', 'לתת', 'לך'] | numbers [] | ordinals []
  7:22 verse_words ['ונשל', 'יהוה', 'אלהיך', 'את', 'הגוים', 'האל', 'מפניך', 'מעט', 'מעט', 'לא', 'תוכל', 'כלתם', 'מהר', 'פן', 'תרבה', 'עליך', 'חית', 'השדה'] | numbers [] | ordinals []
  Exod 20:6 verse_words ['ועשה', 'חסד', 'לאלפים', 'לאהבי', 'ולשמרי', 'מצותי'] | numbers []
  Deut 5:10 verse_words ['ועשה', 'חסד', 'לאלפים', 'לאהבי', 'ולשמרי', 'מצותו'] | numbers []
  Exod 34:7 verse_words ['נצר', 'חסד', 'לאלפים', 'נשא', 'עון', 'ופשע', 'וחטאה', 'ונקה', 'לא', 'ינקה', 'פקד', 'עון', 'אבות', 'על', 'בנים', 'ועל', 'בני', 'בנים', 'על', 'שלשים*', 'ועל', 'רבעים'] | numbers []
  1Chr 16:15 verse_words ['זכרו', 'לעולם', 'בריתו', 'דבר', 'צוה', 'לאלף', 'דור'] | numbers [1000]
  Ps 105:8 verse_words ['זכר', 'לעולם', 'בריתו', 'דבר', 'צוה', 'לאלף', 'דור'] | numbers [1000]
  Exod 23:23 verse_words ['כי', 'ילך', 'מלאכי', 'לפניך', 'והביאך', 'אל', 'האמרי', 'והחתי', 'והפרזי', 'והכנעני', 'החוי', 'והיבוסי', 'והכחדתיו'] | numbers []
  Exod 34:11 verse_words ['שמר', 'לך', 'את', 'אשר', 'אנכי', 'מצוך', 'היום', 'הנני', 'גרש', 'מפניך', 'את', 'האמרי', 'והכנעני', 'והחתי', 'והפרזי', 'והחוי', 'והיבוסי'] | numbers []
  Deut 20:17 verse_words ['כי', 'החרם', 'תחרימם', 'החתי', 'והאמרי', 'הכנעני', 'והפרזי', 'החוי', 'והיבוסי', 'כאשר', 'צוך', 'יהוה', 'אלהיך'] | numbers []
  Josh 3:10 verse_words ['ויאמר', 'יהושע', 'בזאת', 'תדעון', 'כי', 'אל', 'חי', 'בקרבכם', 'והורש', 'יוריש', 'מפניכם', 'את', 'הכנעני', 'ואת', 'החתי', 'ואת', 'החוי', 'ואת', 'הפרזי', 'ואת', 'הגרגשי', 'והאמרי', 'והיבוסי'] | numbers []
  Josh 24:11 verse_words ['ותעברו', 'את', 'הירדן', 'ותבאו', 'אל', 'יריחו', 'וילחמו', 'בכם', 'בעלי', 'יריחו', 'האמרי', 'והפרזי', 'והכנעני', 'והחתי', 'והגרגשי', 'החוי', 'והיבוסי', 'ואתן', 'אותם', 'בידכם'] | numbers []
  Exod 23:29 verse_words ['לא', 'אגרשנו', 'מפניך', 'בשנה', 'אחת', 'פן', 'תהיה', 'הארץ', 'שממה', 'ורבה', 'עליך', 'חית', 'השדה'] | numbers [1]
  Exod 23:30 verse_words ['מעט', 'מעט', 'אגרשנו', 'מפניך', 'עד', 'אשר', 'תפרה', 'ונחלת', 'את', 'הארץ'] | numbers []
  7:1 the DB row (token, morph, lemma): [('כי', 'HC', '3588 a'), ('יביאך', 'HVhi3ms/Sp2ms', '935'), ('יהוה', 'HNp', '3068'), ('אלהיך', 'HNcmpc/Sp2ms', '430'), ('אל', 'HR', '413'), ('הארץ', 'HTd/Ncbsa', '776'), ('אשר', 'HTr', '834 a'), ('אתה', 'HPp2ms', '859 a'), ('בא', 'HVqrmsa', '935'), ('שמה', 'HD/Sd', '8033'), ('לרשתה', 'HR/Vqc/Sp3fs', '3423'), ('ונשל', 'HC/Vqq3ms', '5394'), ('גוים', 'HNcmpa', '1471 a'), ('רבים', 'HAampa', '7227 a'), ('מפניך', 'HR/Ncbpc/Sp2ms', '6440'), ('החתי', 'HTd/Ngmsa', '2850'), ('והגרגשי', 'HC/Td/Ngmsa', '1622'), ('והאמרי', 'HC/Td/Ngmsa', '567'), ('והכנעני', 'HC/Td/Ngmsa', '3669 a'), ('והפרזי', 'HC/Td/Ngmsa', '6522'), ('והחוי', 'HC/Td/Ngmsa', '2340'), ('והיבוסי', 'HC/Td/Ngmsa', '2983'), ('שבעה', 'HAcmsa', '7651'), ('גוים', 'HNcmpa', '1471 a'), ('רבים', 'HAampa', '7227 a'), ('ועצומים', 'HC/Aampa', '6099'), ('ממך', 'HR/Sp2ms', '4480 a')]
  7:1 the gentilic tokens (Ng): ['החתי', 'והגרגשי', 'והאמרי', 'והכנעני', 'והפרזי', 'והחוי', 'והיבוסי']
  7:9 the DB row: [('וידעת', 'HC/Vqq2ms', '3045', None), ('כי', 'HC', '3588 a', None), ('יהוה', 'HNp', '3068', None), ('אלהיך', 'HNcmpc/Sp2ms', '430', None), ('הוא', 'HPp3ms', '1931', None), ('האלהים', 'HTd/Ncmpa', '430', None), ('האל', 'HTd/Ncmsa', '410', None), ('הנאמן', 'HTd/VNrmsa', '539', None), ('שמר', 'HVqrmsa', '8104', None), ('הברית', 'HTd/Ncfsa', '1285', None), ('והחסד', 'HC/Td/Ncmsa', '2617 a', None), ('לאהביו', 'HR/Vqrmpc/Sp3ms', '157', None), ('ולשמרי', 'HC/R/Vqrmpc', '8104', None), ('מצותו', 'HNcfpc/Sp3ms', '4687', 'x-ketiv'), ('לאלף', 'HR/Acbsa', '505', None), ('דור', 'HNcmsa', '1755', None)]
  7:8 השבעה pointed / lemma: (['הַשְּׁבֻעָה'], ['7621'])
  THE NATION LISTS — every verse of the Bible with three or more gentilic tokens (Ng), the count and the tokens: [('1Chr 1:14', 3, ['היבוסי', 'האמרי', 'הגרגשי']), ('1Chr 1:15', 3, ['החוי', 'הערקי', 'הסיני']), ('1Chr 1:16', 3, ['הארודי', 'הצמרי', 'החמתי']), ('1Chr 2:53', 6, ['היתרי', 'והפותי', 'והשמתי', 'והמשרעי', 'הצרעתי', 'והאשתאלי']), ('1Chr 2:54', 3, ['ונטופתי', 'המנחתי', 'הצרעי']), ('1Chr 2:55', 4, ['תרעתים', 'שמעתים', 'שוכתים', 'הקינים']), ('1Chr 11:23', 3, ['המצרי', 'המצרי', 'המצרי']), ('1Chr 26:23', 4, ['לעמרמי', 'ליצהרי', 'לחברוני', 'לעזיאלי']), ('1Chr 26:32', 3, ['הראובני', 'והגדי', 'המנשי']), ('1Kgs 9:20', 5, ['האמרי', 'החתי', 'הפרזי', 'החוי', 'והיבוסי']), ('1Kgs 11:1', 5, ['מואביות', 'עמניות', 'אדמית', 'צדנית', 'חתית']), ('1Sam 6:18', 3, ['פלשתים', 'בית', 'השמשי']), ('1Sam 7:7', 3, ['פלשתים', 'פלשתים', 'פלשתים']), ('1Sam 7:14', 3, ['פלשתים', 'פלשתים', 'האמרי']), ('1Sam 13:3', 3, ['פלשתים', 'פלשתים', 'העברים']), ('1Sam 14:11', 3, ['פלשתים', 'פלשתים', 'עברים']), ('1Sam 15:6', 3, ['הקיני', 'עמלקי', 'קיני']), ('1Sam 27:8', 3, ['הגשורי', 'והגרזי', 'והעמלקי']), ('1Sam 29:3', 3, ['פלשתים', 'העברים', 'פלשתים']), ('2Chr 8:7', 5, ['החתי', 'והאמרי', 'והפרזי', 'והחוי', 'והיבוסי']), ('2Chr 12:3', 3, ['לובים', 'סכיים', 'וכושים']), ('2Chr 20:19', 3, ['הלוים', 'הקהתים', 'הקרחים']), ('2Chr 21:16', 3, ['הפלשתים', 'והערבים', 'כושים']), ('2Chr 26:7', 3, ['פלשתים', 'הערביים', 'והמעונים']), ('2Chr 29:12', 3, ['הלוים', 'הקהתי', 'הגרשני']), ('2Chr 34:12', 3, ['הלוים', 'הקהתים', 'והלוים']), ('2Kgs 10:33', 3, ['הגדי', 'והראובני', 'והמנשי']), ('2Sam 15:18', 3, ['הכרתי', 'הפלתי', 'הגתים']), ('2Sam 21:2', 3, ['לגבענים', 'והגבענים', 'האמרי']), ('2Sam 21:18', 3, ['פלשתים', 'החשתי', 'הרפה']), ('2Sam 21:19', 4, ['פלשתים', 'בית', 'הלחמי', 'הגתי']), ('2Sam 23:11', 3, ['הררי', 'פלשתים', 'פלשתים']), ('2Sam 23:21', 3, ['מצרי', 'המצרי', 'המצרי']), ('Deut 4:43', 3, ['לראובני', 'לגדי', 'למנשי']), ('Deut 7:1', 7, ['החתי', 'והגרגשי', 'והאמרי', 'והכנעני', 'והפרזי', 'והחוי', 'והיבוסי']), ('Deut 20:17', 6, ['החתי', 'והאמרי', 'הכנעני', 'והפרזי', 'החוי', 'והיבוסי']), ('Deut 29:7', 3, ['לראובני', 'ולגדי', 'המנשי']), ('Esth 9:24', 3, ['האגגי', 'היהודים', 'היהודים']), ('Exod 3:8', 6, ['הכנעני', 'והחתי', 'והאמרי', 'והפרזי', 'והחוי', 'והיבוסי']), ('Exod 3:17', 6, ['הכנעני', 'והחתי', 'והאמרי', 'והפרזי', 'והחוי', 'והיבוסי']), ('Exod 13:5', 5, ['הכנעני', 'והחתי', 'והאמרי', 'והחוי', 'והיבוסי']), ('Exod 23:23', 6, ['האמרי', 'והחתי', 'והפרזי', 'והכנעני', 'החוי', 'והיבוסי']), ('Exod 23:28', 3, ['החוי', 'הכנעני', 'החתי']), ('Exod 33:2', 6, ['הכנעני', 'האמרי', 'והחתי', 'והפרזי', 'החוי', 'והיבוסי']), ('Exod 34:11', 6, ['האמרי', 'והכנעני', 'והחתי', 'והפרזי', 'והחוי', 'והיבוסי']), ('Ezek 16:3', 3, ['הכנעני', 'האמרי', 'חתית']), ('Ezra 4:9', 5, ['אפרסיא', 'ארכוי', 'בבליא', 'שושנכיא', 'עלמיא']), ('Ezra 9:1', 9, ['והלוים', 'לכנעני', 'החתי', 'הפרזי', 'היבוסי', 'העמני', 'המאבי', 'המצרי', 'והאמרי']), ('Gen 10:13', 4, ['לודים', 'ענמים', 'להבים', 'נפתחים']), ('Gen 10:14', 4, ['פתרסים', 'כסלחים', 'פלשתים', 'כפתרים']), ('Gen 10:16', 3, ['היבוסי', 'האמרי', 'הגרגשי']), ('Gen 10:17', 3, ['החוי', 'הערקי', 'הסיני']), ('Gen 10:18', 4, ['הארודי', 'הצמרי', 'החמתי', 'הכנעני']), ('Gen 14:5', 4, ['רפאים', 'קרנים', 'הזוזים', 'האימים']), ('Gen 15:19', 3, ['הקיני', 'הקנזי', 'הקדמני']), ('Gen 15:20', 3, ['החתי', 'הפרזי', 'הרפאים']), ('Gen 15:21', 4, ['האמרי', 'הכנעני', 'הגרגשי', 'היבוסי']), ('Gen 43:32', 3, ['ולמצרים', 'המצרים', 'העברים']), ('Jer 34:9', 3, ['העברי', 'והעבריה', 'ביהודי']), ('Job 2:11', 3, ['התימני', 'השוחי', 'הנעמתי']), ('Job 42:9', 3, ['התימני', 'השוחי', 'הנעמתי']), ('Josh 3:10', 7, ['הכנעני', 'החתי', 'החוי', 'הפרזי', 'הגרגשי', 'והאמרי', 'והיבוסי']), ('Josh 9:1', 6, ['החתי', 'והאמרי', 'הכנעני', 'הפרזי', 'החוי', 'והיבוסי']), ('Josh 11:3', 6, ['הכנעני', 'והאמרי', 'והחתי', 'והפרזי', 'והיבוסי', 'והחוי']), ('Josh 12:8', 6, ['החתי', 'האמרי', 'והכנעני', 'הפרזי', 'החוי', 'והיבוסי']), ('Josh 13:3', 7, ['לכנעני', 'פלשתים', 'העזתי', 'והאשדודי', 'האשקלוני', 'הגתי', 'והעקרוני']), ('Josh 13:4', 3, ['הכנעני', 'לצידנים', 'האמרי']), ('Josh 21:4', 3, ['הקהתי', 'הלוים', 'השמעני']), ('Josh 24:11', 7, ['האמרי', 'והפרזי', 'והכנעני', 'והחתי', 'והגרגשי', 'החוי', 'והיבוסי']), ('Judg 3:3', 4, ['פלשתים', 'הכנעני', 'והצידני', 'והחוי']), ('Judg 3:5', 6, ['הכנעני', 'החתי', 'והאמרי', 'והפרזי', 'והחוי', 'והיבוסי']), ('Lev 24:10', 4, ['ישראלית', 'מצרי', 'הישראלית', 'הישראלי']), ('Neh 2:19', 3, ['החרני', 'העמוני', 'הערבי']), ('Neh 4:1', 3, ['והערבים', 'והעמנים', 'והאשדודים']), ('Neh 9:8', 6, ['הכנעני', 'החתי', 'האמרי', 'והפרזי', 'והיבוסי', 'והגרגשי']), ('Neh 10:39', 3, ['הלוים', 'הלוים', 'והלוים']), ('Neh 13:23', 4, ['היהודים', 'אשדודיות', 'עמוניות', 'מואביות']), ('Num 3:21', 3, ['הלבני', 'השמעי', 'הגרשני']), ('Num 3:27', 5, ['העמרמי', 'היצהרי', 'החברני', 'העזיאלי', 'הקהתי']), ('Num 3:45', 3, ['הלוים', 'הלוים', 'הלוים']), ('Num 13:29', 4, ['והחתי', 'והיבוסי', 'והאמרי', 'והכנעני']), ('Num 26:12', 3, ['הנמואלי', 'הימיני', 'היכיני']), ('Num 26:15', 3, ['הצפוני', 'החגי', 'השוני']), ('Num 26:20', 3, ['השלני', 'הפרצי', 'הזרחי']), ('Num 26:26', 3, ['הסרדי', 'האלני', 'היחלאלי']), ('Num 26:35', 3, ['השתלחי', 'הבכרי', 'התחני']), ('Num 26:38', 3, ['הבלעי', 'האשבלי', 'האחירמי']), ('Num 26:57', 4, ['הלוי', 'הגרשני', 'הקהתי', 'המררי']), ('Num 26:58', 5, ['הלבני', 'החברני', 'המחלי', 'המושי', 'הקרחי'])]
  the lists naming the Girgashite (גרגשי) anywhere: ['1Chr 1:14', 'Deut 7:1', 'Gen 10:16', 'Gen 15:21', 'Josh 24:11', 'Josh 3:10', 'Neh 9:8']
  the lemma 1622 seats: ['1Chr 1:14', 'Deut 7:1', 'Gen 10:16', 'Gen 15:21', 'Josh 24:11', 'Josh 3:10', 'Neh 9:8']
  the lemma 505 "thousand" as a bare numeral with "generation" — (לאלף דור) tokens by seat: [('1Chr 16:15', ['זכרו', 'לעולם', 'בריתו', 'דבר', 'צוה', 'לאלף', 'דור']), ('Deut 7:9', ['וידעת', 'כי', 'יהוה', 'אלהיך', 'הוא', 'האלהים', 'האל', 'הנאמן', 'שמר', 'הברית', 'והחסד', 'לאהביו', 'ולשמרי', 'מצותו', 'לאלף', 'דור']), ('Ps 105:8', ['זכר', 'לעולם', 'בריתו', 'דבר', 'צוה', 'לאלף', 'דור'])]
==== D. THE REGISTER — the second-person number by verse (2mp count, 2ms count), the first person, the verb forms, the written/read pair
  2mp / 2ms per verse: {1: (0, 5), 2: (0, 6), 3: (0, 5), 4: (1, 2), 5: (5, 0), 6: (0, 4), 7: (4, 0), 8: (3, 1), 9: (0, 2), 10: (0, 0), 11: (0, 2), 12: (3, 3), 13: (0, 11), 14: (0, 3), 15: (0, 3), 16: (0, 4), 17: (0, 2), 18: (0, 3), 19: (0, 5), 20: (0, 2), 21: (0, 3), 22: (0, 4), 23: (0, 2), 24: (0, 4), 25: (1, 4), 26: (0, 5)}
  singular-only verses: [1, 2, 3, 6, 9, 11, 13, 14, 15, 16, 17, 18, 19, 20, 21, 22, 23, 24, 26]
  plural-only: [5, 7]
  both: [4, 8, 12, 25]
  neither: [10]
  the plural tokens in the mixed and plural verses: {4: [('בכם', 'HR/Sp2mp')], 5: [('תעשו', 'HVqi2mp'), ('תתצו', 'HVqi2mp'), ('תשברו', 'HVpi2mp'), ('תגדעון', 'HVpi2mp/Sn'), ('תשרפון', 'HVqi2mp/Sn')], 7: [('מרבכם', 'HR/Vqc/Sp2mp'), ('בכם', 'HR/Sp2mp'), ('בכם', 'HR/Sp2mp'), ('אתם', 'HPp2mp')], 8: [('אתכם', 'HTo/Sp2mp'), ('לאבתיכם', 'HR/Ncmpc/Sp2mp'), ('אתכם', 'HTo/Sp2mp')], 12: [('תשמעון', 'HVqi2mp/Sn'), ('ושמרתם', 'HC/Vqq2mp'), ('ועשיתם', 'HC/Vqq2mp')], 25: [('תשרפון', 'HVqi2mp/Sn')]}
  first-person plural (1cp) per verse: {}
  first-person singular (1cs): {4: [('מאחרי', 'HR/R/Sp1cs')], 11: [('אנכי', 'HPp1cs')], 17: [('ממני', 'HR/Sp1cs'), ('אוכל', 'HVqi1cs')]}
  imperatives (HV.v / HV..v) per verse: {}
  infinitive absolutes (HV.a): {2: [('החרם', 'HVha')], 4: [('מהר', 'HVpa')], 18: [('זכר', 'HVqa')], 22: [('מהר', 'HVpa')], 26: [('שקץ', 'HVpa'), ('ותעב', 'HC/Vpa')]}
  consecutive perfects (V.q) per verse — the law's form: {1: ['ונשל'], 2: ['ונתנם', 'והכיתם'], 4: ['ועבדו', 'וחרה', 'והשמידך'], 9: ['וידעת'], 11: ['ושמרת'], 12: ['והיה', 'ושמרתם', 'ועשיתם', 'ושמר'], 13: ['ואהבך', 'וברכך', 'והרבך', 'וברך'], 15: ['והסיר', 'ונתנם'], 16: ['ואכלת'], 22: ['ונשל'], 23: ['ונתנם', 'והמם'], 24: ['ונתן', 'והאבדת'], 25: ['ולקחת'], 26: ['והיית']}
  imperfect second person (V.i2) per verse: {2: [('תחרים', 'HVhi2ms'), ('תכרת', 'HVqi2ms'), ('תחנם', 'HVqi2ms/Sp3mp')], 3: [('תתחתן', 'HVti2ms'), ('תתן', 'HVqi2ms'), ('תקח', 'HVqi2ms')], 5: [('תעשו', 'HVqi2mp'), ('תתצו', 'HVqi2mp'), ('תשברו', 'HVpi2mp'), ('תגדעון', 'HVpi2mp/Sn'), ('תשרפון', 'HVqi2mp/Sn')], 12: [('תשמעון', 'HVqi2mp/Sn')], 14: [('תהיה', 'HVqi2ms')], 16: [('תעבד', 'HVqi2ms')], 17: [('תאמר', 'HVqi2ms')], 18: [('תירא', 'HVqi2ms'), ('תזכר', 'HVqi2ms')], 21: [('תערץ', 'HVqi2ms')], 22: [('תוכל', 'HVqi2ms')], 25: [('תשרפון', 'HVqi2mp/Sn'), ('תחמד', 'HVqi2ms'), ('תוקש', 'HVNi2ms')], 26: [('תביא', 'HVhi2ms'), ('תשקצנו', 'HVpi2ms/Sp3ms'), ('תתעבנו', 'HVpi2ms/Sp3ms')]}
  narrative (wayyiqtol, V.w) per verse: {7: ['ויבחר'], 8: ['ויפדך']}
  participles (V.r) per verse: {1: [('בא', 'HVqrmsa')], 9: [('הנאמן', 'HTd/VNrmsa'), ('שמר', 'HVqrmsa'), ('לאהביו', 'HR/Vqrmpc/Sp3ms'), ('ולשמרי', 'HC/R/Vqrmpc')], 10: [('ומשלם', 'HC/Vprmsa'), ('לשנאיו', 'HR/Vqrmpc/Sp3ms'), ('לשנאו', 'HR/Vqrmsc/Sp3ms')], 11: [('מצוך', 'HVprmsc/Sp2ms')], 15: [('שנאיך', 'HVqrmpc/Sp2ms')], 16: [('נתן', 'HVqrmsa')], 20: [('הנשארים', 'HTd/VNrmpa')], 21: [('ונורא', 'HC/VNrmsa')]}
  prohibitions לא + imperfect: {2: [('תכרת', 'HVqi2ms'), ('תחנם', 'HVqi2ms/Sp3mp')], 3: [('תתחתן', 'HVti2ms'), ('תתן', 'HVqi2ms'), ('תקח', 'HVqi2ms')], 7: [], 10: [('יאחר', 'HVpi3ms')], 14: [('יהיה', 'HVqi3ms')], 15: [('ישימם', 'HVqi3ms/Sp3mp')], 16: [('תחס', 'HVqi3fs'), ('תעבד', 'HVqi2ms')], 18: [('תירא', 'HVqi2ms')], 21: [('תערץ', 'HVqi2ms')], 22: [('תוכל', 'HVqi2ms')], 24: [('יתיצב', 'HVti3ms')], 25: [('תחמד', 'HVqi2ms')], 26: [('תביא', 'HVhi2ms')]}
  case tokens per verse: {'7:1': ['כי'], '7:4': ['כי'], '7:5': ['כי', 'אם'], '7:6': ['כי'], '7:7': ['כי'], '7:8': ['כי'], '7:9': ['כי'], '7:16': ['כי'], '7:17': ['כי'], '7:21': ['כי'], '7:22': ['פן'], '7:25': ['פן', 'כי'], '7:26': ['כי']}
  "saying" (לאמר) seats: []
  divine frames (ויאמר/וידבר יהוה): []
  tokens per verse: {1: 27, 2: 14, 3: 11, 4: 14, 5: 14, 6: 20, 7: 14, 8: 22, 9: 16, 10: 12, 11: 12, 12: 20, 13: 22, 14: 10, 15: 17, 16: 21, 17: 10, 18: 13, 19: 25, 20: 12, 21: 10, 22: 18, 23: 9, 24: 15, 25: 19, 26: 15}
  the chapter's tokens and letters: (412, 1637)
  7:1-11 and 7:12-26 tokens (the portion's edge at 7:12): (176, 236)
  wtype values in chapter 7: Counter({None: 411, 'x-ketiv': 1})
  the ketiv token(s) of chapter 7: [(9, 'מצותו', 'HNcfpc/Sp3ms', 'x-ketiv')]
  5:10 for the pair's kin (the token, the wtype): [('מצותו', 'x-ketiv')]
  the DB's ketiv tokens over the Bible: 1268
==== E. ONKELOS chapter 7 — the renderings' seats over the book (token → EXPORT seats; the export = the DB except chapter 5's 17+), the phrases
  ויתרך: 3 [(7, 1), (7, 22), (11, 23)]
  עממין: 9 [(4, 38), (7, 1), (9, 1), (11, 23), (14, 21), (15, 3), (23, 16), (23, 21), (29, 21)]
  עממיא: 53 [(2, 25), (4, 6), (4, 19), (6, 14), (7, 4), (7, 6), (7, 7), (7, 14), (7, 16), (7, 17), (7, 19), (7, 22), (8, 19), (9, 4), (9, 5), (10, 15), (11, 16), (11, 23), (11, 28), (12, 2), (12, 29), (12, 30), (13, 3), (13, 7)]
  וימסרנון: 4 [(7, 2), (7, 23), (21, 10), (31, 5)]
  ותמחנון: 1 [(7, 2)]
  גמרא: 2 [(7, 2), (20, 17)]
  תגמר: 1 [(7, 2)]
  קים: 6 [(1, 8), (5, 2), (5, 28), (7, 2), (31, 27), (32, 40)]
  תרחם: 2 [(7, 2), (13, 9)]
  תתחתן: 1 [(7, 3)]
  יטעין: 1 [(7, 4)]
  פלחני: 1 [(7, 4)]
  לטעות: 8 [(7, 4), (11, 16), (13, 7), (13, 14), (17, 3), (29, 25), (30, 17), (31, 18)]
  טעותהון: 7 [(7, 5), (7, 16), (7, 25), (12, 2), (12, 3), (12, 30), (29, 16)]
  רגזא: 8 [(6, 15), (7, 4), (9, 19), (11, 17), (29, 19), (29, 23), (29, 26), (32, 27)]
  וישצך: 2 [(6, 15), (7, 4)]
  בפריע: 8 [(4, 26), (7, 4), (7, 22), (9, 3), (9, 12), (9, 16), (11, 17), (28, 20)]
  אגוריהון: 2 [(7, 5), (12, 3)]
  תתרעון: 1 [(7, 5)]
  וקמתהון: 1 [(7, 5)]
  תתברון: 5 [(1, 29), (1, 42), (7, 5), (20, 3), (31, 6)]
  ואשריהון: 2 [(7, 5), (12, 3)]
  תקוצצון: 2 [(7, 5), (12, 3)]
  וצלמי: 2 [(7, 5), (12, 3)]
  תוקדון: 3 [(7, 5), (7, 25), (12, 3)]
  בנורא: 7 [(7, 5), (7, 25), (9, 21), (12, 3), (12, 31), (13, 17), (18, 10)]
  קדיש: 5 [(7, 6), (14, 2), (14, 21), (26, 19), (28, 9)]
  אתרעי: 2 [(7, 6), (14, 2)]
  חביב: 3 [(7, 6), (14, 2), (26, 18)]
  צבי: 3 [(7, 7), (10, 15), (25, 7)]
  זערין: 1 [(7, 7)]
  מדרחם: 1 [(7, 8)]
  ומדנטר: 1 [(7, 8)]
  קימא: 19 [(4, 23), (4, 31), (5, 3), (5, 23), (7, 8), (7, 9), (7, 12), (9, 9), (9, 11), (9, 15), (10, 8), (28, 69), (29, 8), (29, 13), (29, 20), (29, 24), (31, 9), (31, 25), (31, 26)]
  קיים: 22 [(2, 14), (4, 31), (6, 10), (6, 18), (6, 23), (7, 8), (7, 12), (7, 13), (8, 1), (8, 18), (9, 5), (11, 9), (11, 21), (13, 18), (19, 8), (26, 3), (28, 9), (28, 11), (29, 12), (30, 20), (31, 7), (32, 8)]
  אפיק: 2 [(7, 8), (13, 6)]
  ופרקך: 3 [(7, 8), (15, 15), (24, 18)]
  עבדותא: 6 [(5, 6), (6, 12), (7, 8), (8, 14), (13, 6), (13, 11)]
  מהימנא: 2 [(7, 9), (32, 4)]
  נטר: 2 [(6, 25), (7, 9)]
  וחסדא: 1 [(7, 9)]
  לרחמוהי: 1 [(7, 9)]
  ולנטרי: 2 [(5, 10), (7, 9)]
  פקודוהי: 14 [(4, 40), (7, 9), (8, 2), (8, 11), (13, 5), (13, 19), (26, 18), (27, 10), (28, 1), (28, 15), (28, 45), (30, 8), (30, 10), (30, 16)]
  לאלפי: 2 [(5, 10), (7, 9)]
  דרין: 2 [(5, 10), (7, 9)]
  ומשלם: 1 [(7, 10)]
  לסנאוהי: 2 [(7, 10), (32, 43)]
  טבן: 1 [(7, 10)]
  בחייהון: 1 [(7, 10)]
  לאובדיהון: 1 [(7, 10)]
  מאחר: 1 [(7, 10)]
  ותטר: 9 [(4, 40), (6, 3), (7, 11), (8, 6), (11, 1), (11, 8), (16, 12), (17, 10), (26, 16)]
  תפקדתא: 13 [(5, 28), (6, 1), (6, 25), (7, 11), (8, 1), (11, 8), (11, 22), (15, 5), (17, 20), (19, 9), (27, 1), (30, 11), (31, 5)]
  חלף: 8 [(1, 36), (7, 12), (8, 20), (19, 21), (21, 14), (22, 29), (28, 47), (28, 62)]
  תקבלון: 6 [(7, 12), (11, 13), (11, 27), (11, 28), (13, 5), (18, 15)]
  ויטר: 1 [(7, 12)]
  וירחמנך: 1 [(7, 13)]
  ויברכנך: 5 [(7, 13), (15, 18), (24, 13), (28, 8), (30, 16)]
  ויסגנך: 3 [(7, 13), (13, 18), (30, 5)]
  ולדא: 5 [(7, 13), (28, 4), (28, 18), (28, 51), (28, 53)]
  דמעך: 6 [(7, 13), (28, 4), (28, 11), (28, 18), (28, 53), (30, 9)]
  עבורך: 5 [(7, 13), (11, 14), (12, 17), (14, 23), (18, 4)]
  וחמרך: 3 [(5, 14), (7, 13), (11, 14)]
  ומשחך: 5 [(7, 13), (11, 14), (12, 17), (14, 23), (18, 4)]
  בקרי: 4 [(7, 13), (28, 4), (28, 18), (28, 51)]
  תוריך: 4 [(7, 13), (28, 4), (28, 18), (28, 51)]
  ועדרי: 4 [(7, 13), (28, 4), (28, 18), (28, 51)]
  ענך: 5 [(7, 13), (28, 4), (28, 18), (28, 31), (28, 51)]
  בריך: 8 [(7, 14), (28, 3), (28, 4), (28, 5), (28, 6), (33, 1), (33, 20), (33, 24)]
  עקר: 1 [(7, 14)]
  ועקרא: 1 [(7, 14)]
  ובבעירך: 1 [(7, 14)]
  ויעדי: 2 [(7, 15), (30, 6)]
  מרעין: 1 [(7, 15)]
  מכתשי: 3 [(7, 15), (28, 60), (32, 23)]
  ותגמר: 1 [(7, 16)]
  תחוס: 5 [(7, 16), (13, 9), (19, 13), (19, 21), (25, 12)]
  תפלח: 5 [(5, 13), (6, 13), (7, 16), (10, 20), (15, 19)]
  לתקלא: 1 [(7, 16)]
  דילמא: 24 [(4, 9), (4, 16), (4, 23), (6, 12), (6, 15), (7, 17), (7, 22), (7, 25), (8, 11), (8, 12), (9, 28), (11, 16), (12, 13), (12, 19), (12, 30), (15, 9), (19, 6), (20, 5), (20, 6), (20, 7), (22, 9), (25, 3), (29, 17), (32, 27)]
  תימר: 4 [(7, 17), (9, 4), (18, 21), (28, 67)]
  אכדין: 5 [(1, 12), (7, 17), (12, 30), (18, 21), (32, 30)]
  לתרכותהון: 1 [(7, 17)]
  תדחל: 8 [(1, 21), (3, 2), (6, 13), (7, 18), (10, 20), (18, 22), (20, 1), (31, 8)]
  מדכר: 1 [(7, 18)]
  תדכר: 1 [(7, 18)]
  נסין: 3 [(4, 34), (7, 19), (16, 1)]
  רברבין: 7 [(4, 34), (4, 38), (6, 22), (7, 19), (9, 1), (11, 23), (27, 2)]
  ואתיא: 1 [(7, 19)]
  ומופתיא: 3 [(7, 19), (29, 2), (34, 11)]
  וידא: 3 [(7, 19), (13, 10), (17, 7)]
  תקפתא: 3 [(3, 24), (7, 19), (34, 12)]
  ודרעא: 1 [(7, 19)]
  מרממא: 4 [(7, 19), (9, 29), (11, 2), (26, 8)]
  ערעיתא: 1 [(7, 20)]
  יגרי: 2 [(7, 20), (28, 20)]
  דיבדון: 1 [(7, 20)]
  דאשתארו: 1 [(7, 20)]
  ודאטמרו: 1 [(7, 20)]
  תתבר: 3 [(1, 21), (7, 21), (31, 8)]
  שכנתיה: 12 [(6, 15), (7, 21), (12, 5), (12, 11), (12, 21), (14, 23), (14, 24), (16, 2), (16, 6), (16, 11), (23, 15), (26, 2)]
  רבא: 17 [(1, 7), (1, 19), (2, 7), (4, 6), (4, 32), (4, 37), (7, 21), (8, 15), (9, 29), (10, 17), (11, 7), (25, 3), (26, 8), (29, 23), (33, 17), (33, 21), (34, 12)]
  ודחילא: 5 [(1, 19), (7, 21), (8, 15), (10, 17), (28, 58)]
  זער: 3 [(7, 22), (26, 5), (28, 62)]
  תכול: 4 [(7, 22), (14, 24), (28, 27), (28, 35)]
  לשציותהון: 2 [(2, 15), (7, 22)]
  תסגי: 2 [(7, 22), (19, 6)]
  חיות: 2 [(7, 22), (32, 24)]
  ברא: 4 [(4, 32), (7, 22), (21, 15), (32, 24)]
  וישגשנון: 1 [(7, 23)]
  שגוש: 1 [(7, 23)]
  דישיצנון: 1 [(7, 23)]
  וימסר: 1 [(7, 24)]
  ותובד: 1 [(7, 24)]
  יתעתד: 2 [(7, 24), (11, 25)]
  אנש: 10 [(6, 22), (7, 24), (11, 6), (11, 25), (15, 16), (24, 16), (27, 14), (29, 9), (32, 25), (34, 6)]
  דתשיצי: 1 [(7, 24)]
  צלמי: 1 [(7, 25)]
  כספא: 4 [(7, 25), (14, 25), (14, 26), (29, 16)]
  ודהבא: 4 [(7, 25), (8, 13), (17, 17), (29, 16)]
  ותסב: 3 [(7, 25), (15, 17), (26, 2)]
  תתקל: 2 [(7, 25), (12, 30)]
  מרחקא: 3 [(7, 25), (24, 4), (27, 15)]
  תעל: 4 [(7, 26), (23, 19), (26, 2), (31, 23)]
  דמרחק: 3 [(7, 26), (12, 31), (14, 3)]
  חרמא: 2 [(7, 26), (13, 18)]
  כותיה: 2 [(4, 32), (7, 26)]
  שקצא: 1 [(7, 26)]
  תשקצניה: 1 [(7, 26)]
  ורחקא: 1 [(7, 26)]
  תרחקניה: 1 [(7, 26)]
  ארי: 225 [(1, 17), (1, 38), (1, 42), (2, 5), (2, 7), (2, 9), (2, 19), (2, 30), (3, 2), (3, 11), (3, 19), (3, 22), (3, 27), (3, 28), (4, 3), (4, 6), (4, 7), (4, 15), (4, 22), (4, 24), (4, 25), (4, 26), (4, 29), (4, 31)]
  קדמך: 21 [(1, 21), (1, 38), (2, 25), (2, 31), (4, 32), (4, 38), (7, 1), (7, 2), (7, 23), (9, 3), (22, 6), (23, 15), (28, 7), (30, 1), (30, 15), (30, 19), (31, 3), (31, 6), (31, 8), (33, 8), (33, 10)]
  מקדמך: 14 [(6, 19), (7, 20), (7, 22), (7, 24), (9, 4), (9, 5), (12, 29), (12, 30), (18, 12), (20, 19), (28, 7), (28, 31), (31, 3), (33, 27)]
  מקדמיהון: 8 [(2, 12), (2, 21), (2, 22), (7, 19), (7, 21), (20, 3), (28, 60), (31, 6)]
---- phrases
  'גמרא תגמר': 2 [(7, 2), (20, 17)]
  'לא תגזר להון קים': 1 [(7, 2)]
  'לא תרחם עליהון': 1 [(7, 2)]
  'מבתר פלחני': 1 [(7, 4)]
  'לטעות עממיא': 8 [(7, 4), (11, 16), (13, 7), (13, 14), (17, 3), (29, 25), (30, 17), (31, 18)]
  'צלמי טעותהון': 3 [(7, 5), (7, 25), (12, 3)]
  'לעם חביב': 3 [(7, 6), (14, 2), (26, 18)]
  'צבי יי': 2 [(7, 7), (10, 15)]
  'ואתרעי בכון': 1 [(7, 7)]
  'זערין מכל עממיא': 1 [(7, 7)]
  'ית קימא די קיים': 1 [(7, 8)]
  'בידא תקיפא': 6 [(4, 34), (5, 15), (6, 21), (7, 8), (9, 26), (26, 8)]
  'מבית עבדותא': 6 [(5, 6), (6, 12), (7, 8), (8, 14), (13, 6), (13, 11)]
  'אלהא מהימנא': 2 [(7, 9), (32, 4)]
  'נטר קימא וחסדא': 1 [(7, 9)]
  'לאלפי דרין': 2 [(5, 10), (7, 9)]
  'טבן די אנון עבדין קדמוהי בחייהון': 1 [(7, 10)]
  'לא מאחר': 1 [(7, 10)]
  'עבד טב לסנאוהי': 1 [(7, 10)]
  'חלף די': 6 [(1, 36), (7, 12), (21, 14), (22, 29), (28, 47), (28, 62)]
  'ית קימא וית חסדא': 1 [(7, 12)]
  'בקרי תוריך': 4 [(7, 13), (28, 4), (28, 18), (28, 51)]
  'ועדרי ענך': 4 [(7, 13), (28, 4), (28, 18), (28, 51)]
  'מכתשי מצרים': 2 [(7, 15), (28, 60)]
  'לא תחוס עינך': 5 [(7, 16), (13, 9), (19, 13), (19, 21), (25, 12)]
  'לתקלא הוא לך': 1 [(7, 16)]
  'דילמא תימר': 1 [(7, 17)]
  'לא תדחל': 11 [(1, 17), (1, 21), (1, 29), (3, 2), (3, 22), (7, 18), (18, 22), (20, 1), (20, 3), (31, 6), (31, 8)]
  'מדכר תדכר': 1 [(7, 18)]
  'נסין רברבין': 1 [(7, 19)]
  'ואתיא ומופתיא': 1 [(7, 19)]
  'וידא תקפתא ודרעא מרממא': 1 [(7, 19)]
  'ית ערעיתא': 1 [(7, 20)]
  'לא תתבר': 7 [(1, 21), (1, 29), (1, 42), (7, 21), (20, 3), (31, 6), (31, 8)]
  'שכנתיה בינך': 2 [(6, 15), (7, 21)]
  'אלהא רבא ודחילא': 1 [(7, 21)]
  'זער זער': 1 [(7, 22)]
  'חיות ברא': 2 [(7, 22), (32, 24)]
  'שגוש רב': 1 [(7, 23)]
  'עד דישיצנון': 1 [(7, 23)]
  'מתחות שמיא': 4 [(7, 24), (9, 14), (25, 19), (29, 19)]
  'לא יתעתד אנש': 2 [(7, 24), (11, 25)]
  'צלמי טעותהון תוקדון': 2 [(7, 5), (7, 25)]
  'מרחקא דיי': 1 [(7, 25)]
  'מרחקא קדם יי': 1 [(27, 15)]
  'ותהי חרמא': 1 [(7, 26)]
  'חרמא הוא': 1 [(7, 26)]
  'שקצא תשקצניה': 1 [(7, 26)]
  'ורחקא תרחקניה': 1 [(7, 26)]
  'עד דתשיצי': 1 [(7, 24)]
  'עממיא האלין': 10 [(7, 17), (7, 22), (9, 4), (9, 5), (11, 23), (12, 30), (18, 14), (20, 15), (20, 16), (31, 3)]
  rows in Onkelos Deuteronomy carrying a parenthesis (the export's variants) — chapter:verse: [(6, 12), (11, 8), (18, 7), (20, 10), (22, 15), (25, 5), (29, 27), (32, 30), (33, 16), (33, 25)]
  chapter 7's raw rows with a parenthesis: []
  the 7:10 row whole (the supplied doctrine): וּמְשַׁלֵּם לְסָנְאוֹהִי טָבָן דִּי אִנּוּן עָבְדִין קֳדָמוֹהִי בְּחַיֵּיהוֹן לְאוֹבָדֵיהוֹן לָא מְאַחַר עֹבַד טָב לְסָנְאוֹהִי טַבְוָן דִּי אִנּוּן עָבְדִין קֳדָמוֹהִי בְּחַיֵּיהוֹן מְשַׁלֵּם לְהוֹן:
  the 7:10 English whole: And He pays His enemy [for the good that they have done before Him] to his face [in their lifetime] to destroy him. He does not delay [to do good] for His enemy [for the good that they have done before Him]—to his face [in their lifetime] does He pay him [them].
==== F. THE ENGLISH ONKELOS — the bracketed insertions per export verse (the translation's supplied words)
  export 7:2: ['show mercy on']
  export 7:4: ['My service', 'idols of the nations']
  export 7:5: ['idols']
  export 7:10: ['for the good that they have done before Him', 'in their lifetime', 'to do good', 'for the good that they have done before Him', 'in their lifetime', 'them']
  export 7:12: ['in exchange for']
  export 7:16: ['idols']
  export 7:20: ['set upon']
  export 7:21: ['His Shechinah']
  export 7:25: ['idols']
  export 7:26: ['lest', 'distance']
  the English's transliterations kept (tzir'oh, cheirem …): [(20, ['tzir’oh']), (26, ['cheirem', 'cheirem'])]
==== G. THE STORE GLOSS FAMILIES for the candidate rewrites (every form of the gloss over the whole store)
  the store's "?" glosses in chapter 7 (verse, idx, token): [(11, 8, 'אנכי', '?')]
  the store's 7:9 tokens (the written and the read): [(0, 'ו/ידעת', 'and-know', 'HC/Vqq2ms'), (1, 'כי', 'that', 'HC'), (2, 'יהוה', 'YHWH', 'HNp'), (3, 'אלהי/ך', 'God-you/your', 'HNcmpc/Sp2ms'), (4, 'הוא', 'he/it', 'HPp3ms'), (5, 'ה/אלהים', 'the-God', 'HTd/Ncmpa'), (6, 'ה/אל', 'the-strength', 'HTd/Ncmsa'), (7, 'ה/נאמן', 'the-build-up', 'HTd/VNrmsa'), (8, 'שמר', 'keep/guard', 'HVqrmsa'), (9, 'ה/ברית', 'the-covenant', 'HTd/Ncfsa'), (10, 'ו/ה/חסד', 'and-the-kindness', 'HC/Td/Ncmsa'), (11, 'ל/אהבי/ו', 'to-have-affection-for-him/its', 'HR/Vqrmpc/Sp3ms'), (12, 'ו/ל/שמרי', 'and-to-keep/guard', 'HC/R/Vqrmpc'), (13, 'מצות/ו', 'commandment-him/its', 'HNcfpc/Sp3ms'), (14, 'מצותי/ו', 'commandment-him/its', 'HNcfpc/Sp3ms'), (15, 'ל/אלף', 'to-thousand', 'HR/Acbsa'), (16, 'דור', 'generation', 'HNcmsa')]
  the store's 5:10 tokens (the pair's kin): [(0, 'ו/עשה', 'and-make'), (1, 'חסד', 'kindness'), (2, 'ל/אלפים', 'to-thousand'), (3, 'ל/אהב/י', 'to-have-affection-for-me/my'), (4, 'ו/ל/שמרי', 'and-to-keep/guard'), (5, 'מצות/ו', 'commandment-him/its'), (6, 'מצות/י', 'commandment-me/my')]
  gloss 'and-pluck-off': 3 forms, 5 tokens: [('ונשל', 3), ('וגזול', 1), ('וטרף', 1)]
  gloss 'pluck-off': 8 forms, 14 tokens: [('טרף', 5), ('יטרף', 2), ('תגזל', 2), ('גזול', 1), ('גזל', 1), ('גזלו', 1), ('ישל', 1), ('של', 1)]
  gloss 'seclude': 4 forms, 9 tokens: [('החרם', 4), ('יחרם', 3), ('חרם', 1), ('תחרים', 1)]
  gloss 'bend-them/their': 1 forms, 1 tokens: [('תחנם', 1)]
  gloss 'bend': 3 forms, 3 tokens: [('אחן', 1), ('חנן', 1), ('יחן', 1)]
  gloss 'give--away-in-marriage': 2 forms, 9 tokens: [('חתן', 8), ('תתחתן', 1)]
  gloss 'try': 5 forms, 33 tokens: [('יבחר', 25), ('בחר', 5), ('אבחר', 1), ('בחור', 1), ('בחרו', 1)]
  gloss 'and-try': 2 forms, 6 tokens: [('ויבחר', 5), ('ובחרת', 1)]
  gloss 'wealth': 1 forms, 4 tokens: [('סגלה', 4)]
  gloss 'cling': 3 forms, 5 tokens: [('חשק', 2), ('מחשקים', 2), ('חשקה', 1)]
  gloss 'the-something-sworn': 1 forms, 2 tokens: [('השבעה', 2)]
  gloss 'something-sworn': 2 forms, 3 tokens: [('שבעת', 2), ('שבעה', 1)]
  gloss 'and-sever-you/your': 1 forms, 3 tokens: [('ויפדך', 3)]
  gloss 'sever': 6 forms, 16 tokens: [('תפדה', 10), ('פדית', 2), ('אפדה', 1), ('יפדה', 1), ('נפדתה', 1), ('פדה', 1)]
  gloss 'the-strength': 1 forms, 4 tokens: [('האל', 4)]
  gloss 'strength': 2 forms, 33 tokens: [('אל', 32), ('אילי', 1)]
  gloss 'the-build-up': 2 forms, 2 tokens: [('האמן', 1), ('הנאמן', 1)]
  gloss 'build-up': 6 forms, 12 tokens: [('יאמינו', 6), ('האמנתם', 2), ('האמין', 1), ('מאמינם', 1), ('נאמן', 1), ('תאמין', 1)]
  gloss 'to-have-affection-for-him/its': 1 forms, 1 tokens: [('לאהביו', 1)]
  gloss 'and-have-affection-for-you/your': 1 forms, 1 tokens: [('ואהבך', 1)]
  gloss 'and-be-safe': 2 forms, 2 tokens: [('ומשלם', 1), ('ושלם', 1)]
  gloss 'be-safe': 5 forms, 23 tokens: [('ישלם', 16), ('שלם', 4), ('אשלם', 1), ('שלמתם', 1), ('תשלים', 1)]
  gloss 'to-wander-away-him/its': 1 forms, 1 tokens: [('להאבידו', 1)]
  gloss 'wander-away': 7 forms, 15 tokens: [('אבד', 8), ('אבדנו', 2), ('אבדה', 1), ('אבדת', 1), ('מאביד', 1), ('תאבד', 1), ('תאבדו', 1)]
  gloss 'and-wander-away': 5 forms, 8 tokens: [('ואבדתם', 4), ('והאבדת', 1), ('והאבדתי', 1), ('והאביד', 1), ('ויאבדו', 1)]
  gloss 'loiter': 4 forms, 5 tokens: [('תאחר', 2), ('אחר', 1), ('יאחר', 1), ('תאחרו', 1)]
  gloss '?': 28 forms, 350 tokens (large): [('אני', 152), ('אנכי', 127), ('בית', 17), ('באר', 8), ('בעל', 7), ('לחי', 3)]
  gloss 'heel': 2 forms, 8 tokens: [('עקב', 7), ('עקבי', 1)]
  gloss 'increase-you/your': 1 forms, 5 tokens: [('דגנך', 5)]
  gloss 'and-must-you/your': 1 forms, 3 tokens: [('ותירשך', 3)]
  gloss 'fetus': 1 forms, 5 tokens: [('שגר', 5)]
  gloss 'family-you/your': 1 forms, 4 tokens: [('אלפיך', 4)]
  gloss "and-'Ashtᵉrah": 2 forms, 4 tokens: [('ועשתרות', 2), ('ועשתרת', 2)]
  gloss 'sterile': 2 forms, 4 tokens: [('עקרה', 3), ('עקר', 1)]
  gloss 'and-sterile': 1 forms, 2 tokens: [('ועקרה', 2)]
  gloss 'malady': 1 forms, 2 tokens: [('חלי', 2)]
  gloss 'sickness': 3 forms, 3 tokens: [('מדוה', 1), ('מדוי', 1), ('מחלה', 1)]
  gloss 'cover': 7 forms, 26 tokens: [('מסך', 13), ('כפר', 4), ('תחוס', 4), ('תחס', 2), ('חפף', 1), ('כסות', 1), ('סתרה', 1)]
  gloss 'noose': 1 forms, 1 tokens: [('מוקש', 1)]
  gloss 'mark': 10 forms, 21 tokens: [('זכר', 6), ('זכור', 4), ('תזכר', 3), ('אזכר', 2), ('אזכיר', 1), ('זכרנו', 1), ('מזכיר', 1), ('מזכרת', 1), ('תזכירו', 1), ('תזכרו', 1)]
  gloss 'the-testing': 2 forms, 2 tokens: [('המסות', 1), ('המסת', 1)]
  gloss 'the-stretch': 1 forms, 3 tokens: [('הנטויה', 3)]
  gloss 'the-wasp': 1 forms, 2 tokens: [('הצרעה', 2)]
  gloss 'the-swell-up': 3 forms, 3 tokens: [('הנשאר', 1), ('הנשארים', 1), ('הנשארת', 1)]
  gloss 'and-the-hide': 1 forms, 1 tokens: [('והנסתרים', 1)]
  gloss 'awe': 2 forms, 3 tokens: [('תערצו', 2), ('תערץ', 1)]
  gloss 'and-fear': 7 forms, 23 tokens: [('וייראו', 7), ('ויראו', 5), ('ויראת', 5), ('ויירא', 3), ('ואירא', 1), ('ונורא', 1), ('ותיראן', 1)]
  gloss 'be-complete-them/their': 1 forms, 1 tokens: [('כלתם', 1)]
  gloss 'living': 5 forms, 66 tokens: [('חי', 20), ('חיה', 17), ('חיים', 15), ('חית', 13), ('חיות', 1)]
  gloss 'and-put-in-commotion-them/their': 1 forms, 1 tokens: [('והמם', 1)]
  gloss 'confusion': 1 forms, 1 tokens: [('מהומה', 1)]
  gloss 'desolate-them/their': 3 forms, 4 tokens: [('השמדם', 2), ('השמידם', 1), ('ישמידם', 1)]
  gloss 'desolate-you/your': 1 forms, 6 tokens: [('השמדך', 6)]
  gloss 'and-desolate-you/your': 1 forms, 2 tokens: [('והשמידך', 2)]
  gloss 'place': 10 forms, 41 tokens: [('מקום', 24), ('ישית', 3), ('יתיצב', 3), ('התיצב', 2), ('יושת', 2), ('שת', 2), ('תשת', 2), ('אשית', 1), ('התיצבו', 1), ('שתו', 1)]
  gloss 'delight-in': 3 forms, 6 tokens: [('תחמד', 4), ('יחמד', 1), ('נחמד', 1)]
  gloss 'ensnare': 1 forms, 1 tokens: [('תוקש', 1)]
  gloss 'something-disgusting': 2 forms, 17 tokens: [('תועבת', 11), ('תועבה', 6)]
  gloss 'physical--a-net': 1 forms, 6 tokens: [('חרם', 6)]
  gloss "form-of-the-prefix-'k-'-him/its": 1 forms, 9 tokens: [('כמהו', 9)]
  gloss 'be-filthy': 2 forms, 5 tokens: [('תשקצו', 4), ('שקץ', 1)]
  gloss 'be-filthy-him/its': 1 forms, 1 tokens: [('תשקצנו', 1)]
  gloss 'and-loathe': 1 forms, 1 tokens: [('ותעב', 1)]
  gloss 'loathe-him/its': 1 forms, 1 tokens: [('תתעבנו', 1)]
  gloss 'and-something-stationed-them/their': 1 forms, 1 tokens: [('ומצבתם', 1)]
  gloss 'burst': 8 forms, 12 tokens: [('תשברו', 3), ('ישבר', 2), ('שברת', 2), ('ישברו', 1), ('נשבר', 1), ('שבור', 1), ('שבר', 1), ('תשבר', 1)]
  gloss 'fell-a-tree-suffix': 1 forms, 2 tokens: [('תגדעון', 2)]
  gloss 'be--on-fire-suffix': 1 forms, 3 tokens: [('תשרפון', 3)]
  gloss 'very-widely-used-as-a-relati': 1 forms, 36 tokens: [('כי', 36)]
  gloss 'as-demonstrative': 1 forms, 30 tokens: [('אם', 30)]
  gloss 'like-this': 3 forms, 40 tokens: [('כה', 38), ('כזאת', 1), ('כזה', 1)]
  gloss 'hinder': 5 forms, 54 tokens: [('אחרים', 23), ('אחר', 19), ('אחרות', 5), ('אחרת', 5), ('אחרנים', 2)]
  gloss 'and-glow': 2 forms, 23 tokens: [('ויחר', 19), ('וחרה', 4)]
  gloss 'nose': 2 forms, 25 tokens: [('אף', 21), ('אפים', 4)]
  gloss 'hurrying': 1 forms, 9 tokens: [('מהר', 9)]
  gloss 'turn-aside': 19 forms, 36 tokens (large): [('זר', 6), ('זרה', 4), ('יסיר', 4), ('סר', 3), ('יסור', 2), ('סורו', 2)]
  gloss 'and-turn-aside': 10 forms, 24 tokens: [('ויסר', 8), ('וסרתם', 3), ('והסיר', 2), ('והסרתי', 2), ('וזר', 2), ('וסר', 2), ('ותסר', 2), ('והסירה', 1), ('ויסרו', 1), ('וסרו', 1)]
  gloss 'from-hind-part-me/my': 1 forms, 1 tokens: [('מאחרי', 1)]
  gloss 'the-little': 3 forms, 11 tokens: [('המעט', 6), ('הצעירה', 4), ('הצעיר', 1)]
  gloss 'from-abundance-you/your (pl)': 1 forms, 1 tokens: [('מרבכם', 1)]
  gloss 'in-nearest-part-you/your': 1 forms, 14 tokens: [('בקרבך', 14)]
  gloss 'hear-suffix': 2 forms, 8 tokens: [('ישמעון', 4), ('תשמעון', 4)]
  gloss 'and-in-livestock-you/your': 1 forms, 1 tokens: [('ובבהמתך', 1)]
  gloss 'to-possess/inherit-them/their': 1 forms, 1 tokens: [('להורישם', 1)]
  gloss 'to-possess/inherit-her/its': 1 forms, 26 tokens: [('לרשתה', 26)]
  gloss 'and-strike-them/their': 4 forms, 4 tokens: [('והכיתם', 1), ('ויכום', 1), ('ויכם', 1), ('ונכם', 1)]
  gloss 'sacred': 4 forms, 35 tokens: [('קדוש', 13), ('קדש', 11), ('קדשים', 9), ('קדשי', 2)]
  gloss 'the-people': 2 forms, 235 tokens (large): [('העם', 215), ('העמים', 20)]
  gloss 'nation': 4 forms, 31 tokens: [('גוים', 16), ('גוי', 10), ('גויי', 4), ('גיים', 1)]
  gloss 'the-nation': 2 forms, 33 tokens: [('הגוים', 27), ('הגוי', 6)]
  gloss 'and-idol-them/their': 1 forms, 1 tokens: [('ופסיליהם', 1)]
  gloss 'idol': 2 forms, 7 tokens: [('פסל', 6), ('פסילי', 1)]
  gloss 'altar-them/their': 2 forms, 3 tokens: [('מזבחתם', 2), ('מזבחתיהם', 1)]
  gloss 'the-Chittite': 1 forms, 12 tokens: [('החתי', 12)]
  gloss 'and-the-Girgashite': 1 forms, 1 tokens: [('והגרגשי', 1)]
  gloss 'and-the-Emorite': 1 forms, 7 tokens: [('והאמרי', 7)]
  gloss 'and-the-Kenaanite': 1 forms, 9 tokens: [('והכנעני', 9)]
  gloss 'and-the-Perizzite': 1 forms, 8 tokens: [('והפרזי', 8)]
  gloss 'and-the-Chivvite': 1 forms, 5 tokens: [('והחוי', 5)]
  gloss 'and-the-Jebusite': 1 forms, 9 tokens: [('והיבוסי', 9)]
  by_gloss keys already present among the chapter's candidates: ['and-desolate-you/your', 'delight-in', 'desolate-them/their', "form-of-the-prefix-'k-'-him/its", 'hinder']
  by_gloss values for the keys the chapter shares: {'delight-in': 'covet', "form-of-the-prefix-'k-'-him/its": 'like-it', 'hinder': 'other', 'desolate-them/their': 'destroyed-them', 'and-desolate-you/your': 'and-destroy-you'}
  by_ref keys for Deut.7: []
  by_ref total, by_gloss total: (496, 385)
==== H. THE PRIOR READS ON THE KIN (the Exodus ledgers' rows on 23:20-33 and 34:11-16; the Numbers ledger on 33:50-56; the ledgers naming chapter 7)
  exo_23_escort_land_2026-09-01.md: 8 rows
     - Onkelos Exod 23:21 — MATERIAL. כי שמי בקרבו rendered אֲרֵי בִשְׁמִי
     - Onkelos Exod 23:22 — MATERIAL. "Listen to HIS WORD" again (the
     - Onkelos Exod 23:24 — MATERIAL. Idolatry verbs sharpened: "do not
     - Onkelos Exod 23:25 — context-plus. "You shall serve BEFORE the LORD
     - Onkelos Exod 23:27 — context-plus. "My TERROR (אֵימְתִי)" sent ahead;
     - Onkelos Exod 23:28 — context. הצרעה (the hornet) rendered
     - Onkelos Exod 23:29-31 — context. The little-by-little conquest
     - Onkelos Exod 23:32-33 — MATERIAL. "Cut no COVENANT (קְיָם) with them
  exo_34_second_tablets_2026-09-01.md: 1 rows
     - Onkelos Exod 34:8, 34:11-17 — context (the swift prostration; the
  num_33_journeys_2026-09-12.md: 7 rows
     - Onkelos Num 33:50 — MATERIAL. AND THE LORD SPOKE TO MOSES IN THE PLAINS OF MOAB BY THE JORDAN AT JERICHO, SAYING — THE CHAPTER'S ONE DIVINE FRAME, THE FORMULA'S TWO SEA
     - Onkelos Num 33:51 — MATERIAL. SPEAK TO THE CHILDREN OF ISRAEL AND SAY TO THEM: WHEN YOU PASS OVER THE JORDAN INTO THE LAND OF CANAAN — THE CASE HEAD OF 35:10 AND DEUTER
     - Onkelos Num 33:52 — MATERIAL. YOU SHALL DRIVE OUT ALL THE INHABITANTS OF THE LAND FROM BEFORE YOU AND DESTROY ALL THEIR FIGURED STONES, DESTROY ALL THEIR MOLTEN IMAGES 
     - Onkelos Num 33:53 — MATERIAL. AND YOU SHALL POSSESS THE LAND AND DWELL IN IT, FOR TO YOU I HAVE GIVEN THE LAND TO POSSESS IT — ONKELOS SUPPLIES "THE INHABITANTS". "וְהו
     - Onkelos Num 33:54 — MATERIAL. YOU SHALL INHERIT THE LAND BY LOT ACCORDING TO YOUR FAMILIES: TO THE MANY YOU SHALL INCREASE HIS INHERITANCE AND TO THE FEW DIMINISH HIS I
     - Onkelos Num 33:55 — MATERIAL. AND IF YOU DO NOT DRIVE OUT THE INHABITANTS OF THE LAND FROM BEFORE YOU, THOSE YOU LEAVE OVER SHALL BE THORNS IN YOUR EYES AND PRICKS IN Y
     - Onkelos Num 33:56 — MATERIAL. AND IT SHALL BE THAT AS I THOUGHT TO DO TO THEM, I WILL DO TO YOU — THE ARM'S OUTCOME IN ONE CLAUSE. "וְהָיָה כַּאֲשֶׁר דִּמִּיתִי לַעֲשׂו
  erection_docket_2026-09-06.md: 15 rows
     - Mishnah Avodah Zarah 3:1 — CREDIT. (a prior graded row: cold_run_ordinances.py, ordinances_topic_docket_2026-09-06.md) ALL IMAGES ARE FORBIDDEN because they are worship
     - Mishnah Avodah Zarah 3:5 — LAW. the gentiles who worship the mountains and hills — the mountains permitted and what is on them forbidden, 'you shall not covet the silve
     - Mishnah Avodah Zarah 3:6 — CONTEXT. a house adjoining an idol's house that fell — he withdraws four cubits and builds; its stones, wood, and dust defile like a creeping
     - Mishnah Avodah Zarah 3:10 — LAW. HOW IS AN ASHERAH NULLIFIED? he trimmed or pruned it, took from it a staff or a rod, even a leaf — it is nullified; if he smoothed it f
     - Mishnah Avodah Zarah 4:2 — LAW. found on its head coins, clothing, or vessels — permitted; grape clusters, wreaths of ears, wines, oils, flours, and WHATEVER IS OFFERED
     - Mishnah Horayot 1:3 — CREDIT. (a prior graded row: cases_kitisa.yaml, chatat_topic_docket_2026-09-05.md, clocks_topic_docket_2026-09-05.md) the court ruled to uproot th
     - Mishnah Kiddushin 3:12 — CREDIT. (a prior graded row: exodus_backfill_mishnah_2026-09-01.md) wherever there is betrothal and no transgression the child follows the male
     - Mishnah Avodah Zarah 2:3 — LAW. the gentiles' things forbidden for benefit — wine, vinegar, Hadrianic earthenware, hides pierced at the heart; meat going in to an idol 
     - Mishnah Horayot 1:3 (linked at Exodus 34:14) — first graded in cases_kitisa.yaml, chatat_topic_docket_2026-09-05.md, clocks_topic_docket_2026-09-05.md, exodus_backfill_
     - Sanhedrin 63a:2 — CREDIT. (the capital block of round 25; the holiness docket) Abaye's three bowings — 34:14 'you shall not bow to another god' the punished bow's warni
     - Sanhedrin 60b:12 — CREDIT. (the capital block) the punished bow's warning found at 34:14 — the round's own headline.
     - Horayot 4a:20 — MATERIAL. Mishnah Horayot 1:3's 'there is idolatry in the Torah but the one who BOWS is exempt' — the court's error that uproots a PART: 'but bowing is 
     - Gittin 57b:16 — CONTEXT. the martyred brothers: the second — 'it is written in the Torah (34:14) you shall not bow to another god' — the clause recited as the ban at th
     - Chullin 62b:9 — CONTEXT. Rav Pappa's bird: 'the mardu — squats and eats, permitted; bows and eats, forbidden; your mnemonic: you shall not bow to another god (34:14)' —
     - Shevuot 26b:15 — MATERIAL. the objection from Deut 23:24 'what comes out of your lips you shall keep and do' — 'I have only what he uttered with his lips; RESOLVED IN H
  erection_docket_2026-09-06.md: - Mishnah Avodah Zarah 3:5 — LAW. the gentiles who worship the mountains and hills — the mountains permitted and what is on them forbidden, 'you shall not covet the silver and gold ON them' (Deut 7:25
  erection_docket_2026-09-06.md: - Mishnah Avodah Zarah 3:6 — CONTEXT. a house adjoining an idol's house that fell — he withdraws four cubits and builds; its stones, wood, and dust defile like a creeping thing ('you shall utterly det
  erection_docket_2026-09-06.md: - Mishnah Kiddushin 3:12 — CREDIT. (a prior graded row: exodus_backfill_mishnah_2026-09-01.md) wherever there is betrothal and no transgression the child follows the male; betrothal and transgression 
  erection_docket_2026-09-06.md: - Avodah Zarah 36b:9 — MATERIAL. an Israelite who has relations with a gentile woman — 'a law to Moses from Sinai: the one who couples with an Aramean woman, zealots strike him'; the Torah's ban on th
  num_06_nazir_2026-09-09.md: - THE NAZIRITE'S OWN WORDS (computed): the declaring verb at Deut 17:8, Gen 18:14, Lev 27:2, Num 6:2, its infinitive at Lev 22:21, Num 15:3, Num 15:8; נזיר ("nazirite") at Deut 33:16, Gen 49:26, Lev 2
  num_18_priest_levite_dues_2026-09-10.md: - Sifrei Bamidbar 119:5 — MATERIAL. AARON'S COVENANT GREATER THAN DAVID'S — FOR THE WICKED SONS TOO; THE LEVITES' COVENANT FORGED LIKE THE PRIESTS', AT SINAI, WITH JOY; "IN EXCHANGE FOR THEIR SERVICE"
  num_21_snakes_conquest_2026-09-11.md: - Onkelos Num 21:2 — MATERIAL. ISRAEL VOWED A VOW — JACOB'S FORMULA; IF YOU WILL SURELY GIVE; I WILL DEVOTE. "וַיִּדַּר יִשְׂרָאֵל נֶדֶר לַֽיהוָה" ("and Israel vowed a vow to the LORD" — "vowed a vow"
  num_33_journeys_2026-09-12.md: - Onkelos Num 33:52 — MATERIAL. YOU SHALL DRIVE OUT ALL THE INHABITANTS OF THE LAND FROM BEFORE YOU AND DESTROY ALL THEIR FIGURED STONES, DESTROY ALL THEIR MOLTEN IMAGES AND DEMOLISH ALL THEIR HIGH PL
  num_33_journeys_2026-09-12.md: - THE COMMAND (33:50-56, computed): the frame "and the LORD spoke to Moses in the plains of Moab by the Jordan at Jericho" — 33:50 and 35:1 (the itinerary's close and the Levite cities' opening); "whe
  num_35_refuge_cities_2026-09-13.md: - Onkelos Num 35:24 — MATERIAL. THE CONGREGATION SHALL JUDGE BETWEEN THE SMITER AND THE AVENGER OF BLOOD BY THESE JUDGMENTS — THE COURT OF TWENTY-THREE FROM THE CONGREGATION-TOKENS. "וְשָֽׁפְטוּ הָֽעֵ
  num_35_refuge_cities_2026-09-13.md: - 35:22-28 THE UNWITTING, THE JUDGMENT AND THE TERM (computed): "SUDDENLY" two Bible seats, both this book's (the nazirite's 6:9, this); "without enmity", "without lying-in-wait", "any stone whereby h
==== done
