SCANNED 191 works (Talmud / Mishnah / Tosefta, no Yerushalmi, no commentary); the forms: Deuteronomy c:v, Deut. c:v, Dt.c:v; chapter 7 only
LINK rows 52 in 19 works
  Avodah_Zarah                     18
  Kiddushin                        5
  Sotah                            4
  Chullin                          3
  Mishnah_Avodah_Zarah             3
  Tosefta_Avodah_Zarah             3
  Eruvin                           2
  Shabbat                          2
  Temurah                          2
  Bava_Kamma                       1
  Bava_Metzia                      1
  Bekhorot                         1
  Berakhot                         1
  Makkot                           1
  Pesachim                         1
  Sanhedrin                        1
  Tosefta_Sotah                    1
  Tosefta_Zavim                    1
  Yevamot                          1
  the DB verses cited: [(2, 2), (3, 5), (4, 2), (5, 3), (7, 1), (9, 3), (10, 1), (11, 3), (13, 2), (14, 1), (15, 1), (16, 1), (20, 1), (25, 10), (26, 17)]
  the verses NOT cited by anyone: [1, 6, 8, 12, 17, 18, 19, 21, 22, 23, 24]
  LINK Avodah Zarah 3a:11         Deut 7:11              The Gemara asks: And how can you say so, that it is possible to perform a mitzva after the end of this world? But doesn’t Rabbi Yehoshua ben
  LINK Avodah Zarah 4b:14         Deut 7:11              § The Gemara presents a mnemonic for the ensuing statements of Rabbi Yehoshua ben Levi: Today, bear witness, shake, the golden calf. The Gem
  LINK Avodah Zarah 15a:7         Deut 7:26              The Gemara answers: Idol worship is different, as it is a particularly severe prohibition, and therefore even an item that does not entirely
  LINK Avodah Zarah 20a:1         Deut 7:2               The source is that the verse states: “You should not show them mercy [lo teḥonnem]” (Deuteronomy 7:2), which is understood as meaning: You s
  LINK Avodah Zarah 21a:2         Deut 7:26              Even in a place with regard to which the Sages said that it is permitted for a Jew to rent a house to a gentile, they did not say that one m
  LINK Avodah Zarah 36b:5         Deut 7:3               It was stated that the prohibition against marrying the daughters of gentiles was decreed on account of idolatry. The Gemara raises an objec
  LINK Avodah Zarah 36b:6         Deut 7:4               The Gemara asks: And according to the opinion of Rabbi Shimon ben Yoḥai, who says that the subsequent verse: “For he will turn away your son
  LINK Avodah Zarah 45a:1         Deut 7:25              MISHNA: With regard to the halakha in the case of the gentiles who worship the mountains and the hills, the mountains and hills are permitte
  LINK Avodah Zarah 45b:7         Deut 7:5               The Gemara asks: But doesn’t Rabbi Yosei, son of Rabbi Yehuda, also require this phrase to teach this? The Gemara answers. Indeed, he does. 
  LINK Avodah Zarah 46a:2         Deut 7:26              One might have thought that one may give it a positive nickname. The Gemara interjects: Would it enter your mind that one may give a positiv
  LINK Avodah Zarah 46a:14        Deut 7:26              The Gemara asks: And what is the reasoning of the one who deems worshipped boulders forbidden? The Gemara answers: According to that opinion
  LINK Avodah Zarah 47b:2         Deut 7:26              The stones of the fallen wall, its wood, and its dust, transmit impurity like a creeping animal, i.e., one who touches them becomes impure l
  LINK Avodah Zarah 48a:8         Deut 7:5               The Gemara explains what the nature of this dispute would be: As Rabbi Yosei bar Yehuda maintains that its trunk is also forbidden, as it is
  LINK Avodah Zarah 51b:10        Deut 7:25              GEMARA: The mishna teaches that money, clothing, or vessels found at the head of the idol are not forbidden. The Gemara asks: From where are
  LINK Avodah Zarah 52a:8         Deut 7:25              The Gemara explains the opinion of Rabbi Akiva: And as for the opinion of Rabbi Akiva, from where does he derive that a gentile’s object of 
  LINK Avodah Zarah 52a:9         Deut 7:25              The Gemara asks: And the other tanna, Rabbi Yishmael, how does he interpret this verse? The Gemara answers: Rabbi Yishmael requires that ver
  LINK Avodah Zarah 52a:10        Deut 7:25              The Gemara asks: And the other tanna, Rabbi Akiva, from where does he derive this halakha? The Gemara answers: Rabbi Akiva derives it from t
  LINK Avodah Zarah 54b:5         Deut 7:26              The Gemara asks: What is the reason of the one who says that the exchange of the exchange is prohibited? The verse states: “And you shall no
  LINK Bava Kamma 113b:7          Deut 7:16              The Gemara cites another statement related to stealing from a gentile. Rav Beivai bar Giddel says that Rabbi Shimon Ḥasida says: It is prohi
  LINK Bava Metzia 107b:2         Deut 7:15              § The Gemara returns to expounding the themes of blessings and the evil eye. The Torah states: “And the Lord will take away from you all sic
  LINK Bekhorot 44b:7             Deut 7:14              Reish Lakish says: What is the meaning of that which is written: “There shall not be male or female barren among you, or among your cattle” 
  LINK Berakhot 51b:5             Deut 7:13              The Gemara relates: Ulla happened to come to the house of Rav Naḥman. He ate bread, recited Grace after Meals, and gave the cup of blessing 
  LINK Chullin 84b:1              Deut 7:13              One who wishes to become wealthy should engage in raising small domesticated animals. Rav Ḥisda said: What is the meaning of that which is w
  LINK Chullin 89a:5              Deut 7:7               § Rabbi Yoḥanan says in the name of Rabbi Elazar, son of Rabbi Shimon: Any place where you find the statements of Rabbi Eliezer, son of Rabb
  LINK Chullin 140a:12            Deut 7:26              Rav Pappa said: The word “kosher” serves to exclude the use of birds that were exchanged for birds of idol worship, i.e., a gentile paid a J
  LINK Eruvin 22a:3               Deut 7:10              The Gemara proceeds to interpret a different verse homiletically: “And He repays them that hate Him to His face to destroy them; He will not
  LINK Eruvin 22a:5               Deut 7:11              And that is what Rabbi Yehoshua ben Levi said: What is the meaning of that which is written: “And you shall keep the commandments, and the s
  LINK Kiddushin 58a:7            Deut 7:26              § The mishna teaches that if one sold any of the items from which one is prohibited to derive benefit and betrothed a woman with the money r
  LINK Kiddushin 58a:12           Deut 7:26              The Gemara asks: This works out well according to the one who says that any two verses that come as one do not teach their common aspect to 
  LINK Kiddushin 68b:2            Deut 7:3               § The Gemara asks: From where do we derive that betrothal with a gentile woman is ineffective? The verse states: “Neither shall you make mar
  LINK Kiddushin 68b:3            Deut 7:3 Deut 7:4      Rabbi Yoḥanan says in the name of Rabbi Shimon ben Yoḥai: As the verse states with regard to the same issue: “Your daughter you shall not gi
  LINK Kiddushin 68b:6            Deut 7:3               The Gemara asks a question with regard to Rabbi Yoḥanan’s statement. That verse: “Neither shall you make marriages with them” (Deuteronomy 7
  LINK Makkot 22a:3               Deut 7:26              Rav Aḥa, son of Rava, said to Rav Ashi: If the reference is to the wood of an ashera, let him also be flogged for violating the prohibition:
  LINK Mishnah Avodah Zarah 1:9   Deut 7:26              Even in a place with regard to which the Sages said that it is permitted for a Jew to rent a house to a gentile, they did not say that one m
  LINK Mishnah Avodah Zarah 3:5   Deut 7:25              With regard to the halakha in the case of the gentiles who worship the mountains and the hills, the mountains and hills are permitted, but w
  LINK Mishnah Avodah Zarah 3:6   Deut 7:26              In the case of one whose house was adjacent to a house of idol worship and the dividing wall fell, it is prohibited to rebuild it. What shou
  LINK Pesachim 48a:6             Deut 7:26              Rav Aḥa, son of Rava, said to Abaye: If this case is referring to using wood from an asheira, one should also be flogged due to having trans
  LINK Sanhedrin 93a:10           Deut 7:25              And Daniel said to himself: I will go away from here so that this verse will not be fulfilled in my regard: “The graven images of their gods
  LINK Shabbat 10b:3              Deut 7:9               The Gemara asks: But if so, words connoting faithfulness are also forbidden to say in the bathroom, as it is written “The faithful God who k
  LINK Shabbat 82b:1              Deut 7:26              If the wall stood upon ground that belonged to him and to the house of idolatry, the area is calculated as half and half as far as moving in
  LINK Sotah 4b:10                Deut 7:26              Rabbi Yoḥanan says in the name of Rabbi Shimon ben Yoḥai: Any person who has arrogance within him is considered as if he were an idol worshi
  LINK Sotah 5a:10                Deut 7:5               Rabbi Elazar says: Concerning any person who has arrogance within him, it is fitting to hew him down, as a tree designated for idolatry [ash
  LINK Sotah 31a:9                Deut 7:9               Proof of this assertion is that here it is written: “And showing mercy unto thousands of generations of those who love Me and keep My comman
  LINK Sotah 31a:10               Deut 7:9               The Gemara asks: But there also, in the second verse, it is written: “The faithful God, Who keeps the covenant and mercy with those who love
  LINK Temurah 28b:5              Deut 7:25              The Gemara rejects this a fortiori inference with the claim that if so, you have nullified the requirement of the verse: “The graven images 
  LINK Temurah 30b:7              Deut 7:26              If you wish, say that this is learned from a verse: It is written with regard to an animal used for idol worship: “And you shall not bring a
  LINK Tosefta Avodah Zarah 3:5   Deut 7:2               Always they circumcise idolators in the name of [becoming] a ger, but idolators do not circumcise Jews because they are suspected of taking 
  LINK Tosefta Avodah Zarah 6:2   Deut 7:25              The one who purchases scrap metal from an idolator and finds in it idols, he takes it and throws it away and the rest is permitted. An idol 
  LINK Tosefta Avodah Zarah 7:6   Deut 7:25              An idol and everything that is on it is prohibited. If one found on it wine or oil or fine flour or anything of the like that is offered on 
  LINK Tosefta Sotah 11:4         Deut 7:20              Rabbi Yosei bar Rabbi Yehuda says, as soon as Israel left Egypt, they were appointed three worthy leaders, and they are Moses, and Aaron, an
  LINK Tosefta Zavim 5:6          Deut 7:26              Idol worship is like a sheretz, and the things that pertain to [the idol] are like a sheretz, as it is said: "You are to consider [carved im
  LINK Yevamot 76a:12             Deut 7:3               Rav Sheshet said to them: You already learned the answer to this question in the following baraita: It is permitted for an ordinary Israelit
Mishnah_Avodah_Zarah mishnayot (1, 1)..(4, 12) (38): 38 rows, 3 link rows
Mishnah_Kiddushin mishnayot [(3, 12)]: 1 rows, 0 link rows
Avodah_Zarah 20a-20b: 31 segments in the range, 1 of them link rows
Avodah_Zarah 36b-37a: 34 segments in the range, 2 of them link rows
Avodah_Zarah 42a-42b: 41 segments in the range, 0 of them link rows
Avodah_Zarah 44b-46b: 70 segments in the range, 4 of them link rows
Avodah_Zarah 47b-48b: 53 segments in the range, 2 of them link rows
Avodah_Zarah 49b-49b: 21 segments in the range, 0 of them link rows
Avodah_Zarah 51b-52b: 66 segments in the range, 4 of them link rows
Avodah_Zarah 53b-54b: 52 segments in the range, 1 of them link rows
Kiddushin 68b-68b: 10 segments in the range, 3 of them link rows
Yevamot 23a-23a: 14 segments in the range, 0 of them link rows
Sotah 35b-36a: 27 segments in the range, 0 of them link rows
Chullin 89a-89a: 16 segments in the range, 1 of them link rows
Makkot 22a-22a: 16 segments in the range, 1 of them link rows
TOPIC rows 468 (the Mishnah rows + the folio ranges whole; link-duplicates dropped)
   [('Avodah Zarah', 354), ('Mishnah Avodah Zarah', 35), ('Sotah', 27), ('Chullin', 15), ('Makkot', 15), ('Yevamot', 14), ('Kiddushin', 7), ('Mishnah Kiddushin', 1)]
AVODAH ZARAH 42a-54b BY AMUD (segments; the first 90 characters of each amud):
    42a  22  of one violent person [metzik] in the city of Rimon, who cast a non-viable newborn into a 
    42b  19  The Gemara asks: But consider the case of shavings, where the main object of idol worship 
    43a  18  The Sages interpret this verse as referring to the heavenly constellations, which indicate
    43b  20  This does not include the sun and the moon, as the Torah prohibits the fashioning only of 
    44a  19  the calf that you had made, I took and burned it with fire, and beat it in pieces, grindin
    44b  15  MISHNA: A wise gentile, Proclus ben Plospus, once asked a question of Rabban Gamliel in th
    45a   6  MISHNA: With regard to the halakha in the case of the gentiles who worship the mountains a
    45b  16  And here, they disagree with regard to the status of a tree that one planted and only subs
    46a  21  Rabbi Akiva said to him: But isn’t it already stated: “You shall destroy” (Deuteronomy 12:
    46b  12  The Gemara explains the dilemma: An animal that was worshipped is rendered unfit to be sac
    47a  22  But if they became pregnant and later a person engaged in bestiality with them, all agree 
    47b  18  the area is treated as half and half  with regard to withdrawing into his property before 
    48a  15  MISHNA: There are three types of trees that were used as part of idolatrous rites [ashera]
    48b  20  MISHNA: With regard to an ashera, one may not sit in its shade, but if one sat in its shad
    49a  19  that if one planted an orla nut, or sank the shoot of an orla tree into the ground, or gra
    49b  21  MISHNA: If one took wood from an ashera, it is prohibited to derive benefit from it. In a 
    50a  12  Furthermore, everyone agrees that also in the case of stones that are near the stone pile 
    50b  13  they are permitted, as the gentile nullified their prohibited status. In the case of a Jew
    51a  23  is liable, even though these substances are repugnant, and even when this is not the typic
    51b  24  The verse states: “Any man…that slaughters an ox…outside the camp, and to the entrance of 
    52a  25  Since the verse does not apply to places that were themselves worshipped, apply it to the 
    52b  17  as, since its prohibition is nullified, its impurity is also nullified. When he raises the
    53a  16  of Rabbi Volas: No, this halakha is necessary in a case where the gentile has partnership 
    53b  18  In any of these cases, if the owners will return in the future, as was the case in the war
    54a  12  Ḥizkiyya said: What is the verse from which this halakha is derived? It is derived from th
    54b  22  But rather, it is derived from the case of vessels of the Temple that Ahaz used for idol w
ENUMERATED OUTSIDE DECLARED SCOPE — Avodah Zarah 42a-54b whole: 465 rows; the amudim read here: 303
  the remainder by amud (rows): [('43a', 18), ('43b', 20), ('44a', 19), ('47a', 22), ('49a', 19), ('50a', 12), ('50b', 13), ('51a', 23), ('53a', 16)]
PRIOR READS (credited): 65 addresses of 520
  by ledger: [('erection_docket_2026-09-06.md', 27), ('EXOD_TALMUD_TRIAGE_LEDGER.md', 19), ('sanctions_topic_docket_2026-09-05.md', 7), ('ordinances_topic_docket_2026-09-06.md', 6), ('talmud_triage_gen_2026-09-01.md', 6), ('deu_04_vaetchanan_exam_2026-09-16.md', 4), ('exodus_block_decalogue_2026-09-04.md', 3), ('exodus_block_vestments_2026-09-04.md', 3), ('vestments_docket_2026-09-06.md', 3), ('genesis_block_table_knife_2026-09-04.md', 3), ('genesis_block_courts_2026-09-04.md', 3), ('gen_25_babel_2026-08-25.md', 2), ('sanctuary_build_docket_2026-09-06.md', 2), ('family_docket_2026-09-06.md', 2), ('num_22_25_balak_exam_2026-09-11.md', 1)]
  credited per range: [('Avodah_Zarah', '20a', '20b', 0), ('Avodah_Zarah', '36b', '37a', 2), ('Avodah_Zarah', '42a', '42b', 3), ('Avodah_Zarah', '44b', '46b', 0), ('Avodah_Zarah', '47b', '48b', 0), ('Avodah_Zarah', '49b', '49b', 0), ('Avodah_Zarah', '51b', '52b', 5), ('Avodah_Zarah', '53b', '54b', 8), ('Kiddushin', '68b', '68b', 2), ('Yevamot', '23a', '23a', 2), ('Sotah', '35b', '36a', 8), ('Chullin', '89a', '89a', 6), ('Makkot', '22a', '22a', 1)]
  the Mishnah Avodah Zarah rows credited: ['Mishnah Avodah Zarah 2:1', 'Mishnah Avodah Zarah 2:3', 'Mishnah Avodah Zarah 3:1', 'Mishnah Avodah Zarah 3:10', 'Mishnah Avodah Zarah 3:2', 'Mishnah Avodah Zarah 3:3', 'Mishnah Avodah Zarah 3:4', 'Mishnah Avodah Zarah 3:5', 'Mishnah Avodah Zarah 3:6', 'Mishnah Avodah Zarah 3:7', 'Mishnah Avodah Zarah 3:8', 'Mishnah Avodah Zarah 3:9', 'Mishnah Avodah Zarah 4:1', 'Mishnah Avodah Zarah 4:10', 'Mishnah Avodah Zarah 4:11', 'Mishnah Avodah Zarah 4:12', 'Mishnah Avodah Zarah 4:2', 'Mishnah Avodah Zarah 4:3', 'Mishnah Avodah Zarah 4:4', 'Mishnah Avodah Zarah 4:5', 'Mishnah Avodah Zarah 4:6', 'Mishnah Avodah Zarah 4:7', 'Mishnah Avodah Zarah 4:8', 'Mishnah Avodah Zarah 4:9']
dump <scratch>/ch7_docket_dump.txt 310332 bytes 1562 lines
THE RANGES SIZED:
  Mishnah_Avodah_Zarah   (1, 1)-(4, 12)   38 rows,   3 link rows
  Mishnah_Kiddushin      (3, 12)-(3, 12)    1 rows,   0 link rows
  Avodah_Zarah              20a-20b      31 rows,   1 link rows
  Avodah_Zarah              36b-37a      34 rows,   2 link rows
  Avodah_Zarah              42a-42b      41 rows,   0 link rows
  Avodah_Zarah              44b-46b      70 rows,   4 link rows
  Avodah_Zarah              47b-48b      53 rows,   2 link rows
  Avodah_Zarah              49b-49b      21 rows,   0 link rows
  Avodah_Zarah              51b-52b      66 rows,   4 link rows
  Avodah_Zarah              53b-54b      52 rows,   1 link rows
  Kiddushin                 68b-68b      10 rows,   3 link rows
  Yevamot                   23a-23a      14 rows,   0 link rows
  Sotah                     35b-36a      27 rows,   0 link rows
  Chullin                   89a-89a      16 rows,   1 link rows
  Makkot                    22a-22a      16 rows,   1 link rows
