==== A0. THE TWO DIVISIONS — the export's chapter 8 against the DB's
  DB verses 20 | export verses HE 20 EN 20 | per-chapter export lengths vs DB, chapters 1-8: [(5, 30, 33)]
  the alignment cost 25 | export verses mapped to MORE THAN ONE DB verse: {}
  the offset per export verse (DB minus export, the first DB verse of each): Counter({0: 20}) | the runs: [(1, 1, 1), (16, 16, 16), (17, 17, 17), (18, 18, 18), (19, 19, 19)]
  the shared export verse against its DB verses (tokens, negations): []
==== A. THE SHELF BY POSITION — the Sifrei on Deuteronomy around chapter 8
  piskaot 357 357 rows 2357 2357
  heads 34-39 (HE first citation | rows | EN first quote):
    34 head (6, 7) | HE rows 10 EN rows 10 | 'And drill them (shinantem)85The root, sh-n-n, is etymologica'
    35 head (6, 8) | HE rows 12 EN rows 12 | 'And bind them'
    36 head (6, 9) | HE rows 10 EN rows 10 | 'And inscribe them (ketavtam)'
    37 head (11, 10) | HE rows 16 EN rows 16 | 'And as a result of obeying these laws . . .then HASHEM your '
    38 head (11, 10) | HE rows 11 EN rows 11 | 'It is not like the land of Egypt'
    39 head (11, 11) | HE rows 11 EN rows 11 | 'But the Land, which you are crossing to possess,is a land of'
  heads whose chapter is 8 : [] | heads by chapter 1-8: [(1, 24), (3, 4), (6, 6), (11, 21), (12, 20), (13, 14), (14, 14), (15, 16)]
  HE rows citing Deut 8 (the export's verse → the DB's): 15 [(19, 2, 7, [7]), (32, 10, 5, [5]), (32, 12, 7, [7]), (37, 5, 9, [9]), (39, 8, 7, [7]), (40, 10, 10, [10]), (43, 7, 14, [14]), (48, 8, 19, [19]), (48, 10, 3, [3]), (53, 1, 16, [16]), (297, 4, 8, [8]), (313, 15, 15, [15]), (318, 1, 12, [12]), (318, 1, 13, [13]), (318, 1, 14, [14])]
  EN rows citing Deut 8 : 26 [(19, 2, 7, [7]), (32, 10, 5, [5]), (32, 12, 5, [5]), (32, 12, 7, [7]), (32, 15, 5, [5]), (37, 5, 9, [9]), (39, 4, 7, [7]), (39, 4, 7, [7]), (39, 4, 8, [8]), (39, 4, 8, [8]), (39, 4, 9, [9]), (39, 4, 9, [9]), (39, 4, 10, [10]), (39, 6, 7, [7]), (39, 8, 7, [7]), (40, 10, 10, [10]), (43, 7, 13, [13]), (43, 7, 14, [14]), (48, 8, 19, [19]), (48, 10, 3, [3]), (48, 10, 3, [3]), (297, 4, 8, [8]), (313, 15, 15, [15]), (318, 1, 12, [12]), (318, 1, 13, [13]), (318, 1, 14, [14])]
  EN "ibid 8:n" candidates: 0
  the union of rows (both files): 16 [(19, 2), (32, 10), (32, 12), (32, 15), (37, 5), (39, 4), (39, 6), (39, 8), (40, 10), (43, 7), (48, 8), (48, 10), (53, 1), (297, 4), (313, 15), (318, 1)]
  outside rows file bytes 41735
==== B. ONKELOS chapter 8 and the DB (the dump per DB verse; a shared export row printed at its first DB verse)
  the store's chapter 8 verses 20 | verses whose store token count differs from the DB: [(8, 2, 24, 23)]
  token count chapter 8 : 293
  onkelos dump bytes 24882
==== C. THE PARSER on every verse of chapter 8
  8:2   N [40]                     O []             marked []
  8:4   N [40]                     O []             marked []
  8:10  N []                       O []             marked ['ושבעת*']
  8:12  N []                       O []             marked ['ושבעת*']
  number-word tokens present per verse (the bare check against the parser): {'8:1': ['נשבע'], '8:2': ['ארבעים'], '8:4': ['ארבעים'], '8:18': ['נשבע']}
  8:1 tokens: ['כל', 'המצוה', 'אשר', 'אנכי', 'מצוך', 'היום', 'תשמרון', 'לעשות', 'למען', 'תחיון', 'ורביתם', 'ובאתם', 'וירשתם', 'את', 'הארץ', 'אשר', 'נשבע', 'יהוה', 'לאבתיכם']
  8:2 tokens: ['וזכרת', 'את', 'כל', 'הדרך', 'אשר', 'הליכך', 'יהוה', 'אלהיך', 'זה', 'ארבעים', 'שנה', 'במדבר', 'למען', 'ענתך', 'לנסתך', 'לדעת', 'את', 'אשר', 'בלבבך', 'התשמר', 'מצותו', 'אם', 'לא']
  8:4 tokens: ['שמלתך', 'לא', 'בלתה', 'מעליך', 'ורגלך', 'לא', 'בצקה', 'זה', 'ארבעים', 'שנה']
  8:10 tokens: ['ואכלת', 'ושבעת*', 'וברכת', 'את', 'יהוה', 'אלהיך', 'על', 'הארץ', 'הטבה', 'אשר', 'נתן', 'לך']
  8:12 tokens: ['פן', 'תאכל', 'ושבעת*', 'ובתים', 'טובים', 'תבנה', 'וישבת']
  8:18 tokens: ['וזכרת', 'את', 'יהוה', 'אלהיך', 'כי', 'הוא', 'הנתן', 'לך', 'כח', 'לעשות', 'חיל', 'למען', 'הקים', 'את', 'בריתו', 'אשר', 'נשבע', 'לאבתיך', 'כיום', 'הזה']
  8:20 tokens: ['כגוים', 'אשר', 'יהוה', 'מאביד', 'מפניכם', 'כן', 'תאבדון', 'עקב', 'לא', 'תשמעון', 'בקול', 'יהוה', 'אלהיכם']
==== D. CASE TOKENS, FRAMES, REGISTER, NAMES
  case tokens (כי "when/for" / אם "if" / ואם / או "or" / פן "lest"): {'8:2': ['אם'], '8:3': ['כי', 'כי'], '8:5': ['כי'], '8:7': ['כי'], '8:11': ['פן'], '8:12': ['פן'], '8:18': ['כי'], '8:19': ['אם', 'כי']}
  divine frames (ויאמר/וידבר + יהוה): []
  לאמר "saying" seats: []
  narrative-form verbs (V.w) per verse: {3: ['ויענך', 'וירעבך', 'ויאכלך']}
  first-person verb forms (1cs / 1cp) per verse: {19: [('העדתי', 'HVhp1cs')]}
  imperatives (Vq.v / Vp.v / Vh.v) per verse: {}
  prohibitions לא + imperfect (the ten's form) per verse: {2: [], 3: [], 4: [], 9: [('תחסר', 'HVqi2ms')], 16: [], 20: [('תשמעון', 'HVqi2mp/Sn')]}
  name tokens (Np): {1: ['נשבע', 'יהוה'], 2: ['יהוה'], 3: ['יהוה'], 5: ['יהוה'], 6: ['יהוה'], 7: ['יהוה'], 10: ['יהוה'], 11: ['יהוה'], 14: ['יהוה', 'מצרים'], 18: ['יהוה', 'נשבע'], 19: ['יהוה'], 20: ['יהוה', 'יהוה']}
  second-person plural vs singular (2mp / 2ms tokens per verse): {1: (6, 1), 2: (0, 7), 3: (0, 6), 4: (0, 3), 5: (0, 4), 6: (0, 2), 7: (0, 2), 8: (0, 0), 9: (0, 3), 10: (0, 4), 11: (0, 5), 12: (0, 4), 13: (0, 3), 14: (0, 4), 15: (0, 2), 16: (0, 6), 17: (0, 2), 18: (0, 4), 19: (2, 5), 20: (4, 0)}
==== E. THE REGISTER GATE on Deut 8
  dispositions naming Deut 8: []
  REGISTER_INDEX lines on Deut 8:
==== F. THE PRIOR READS
  ledgers with an Onkelos Deut 8 row: []
  prior Sifrei Devarim rows anywhere (strict form), those among the outside rows: [('deu_01_03_devarim_2026-09-15.md', 19, 2), ('deu_06_vaetchanan_2026-09-17.md', 32, 10), ('deu_06_vaetchanan_2026-09-17.md', 32, 12), ('deu_06_vaetchanan_2026-09-17.md', 32, 15), ('gen_25_babel_2026-08-25.md', 318, 1)] | all prior rows count 297
  ledgers NAMING a verse of Deut 8: 5
    ('deu_01_03_devarim_exam_2026-09-15.md', 2, ['Deuteronomy 8:10'])
    ('deu_06_vaetchanan_2026-09-17.md', 1, ['Deuteronomy 8:2'])
    ('num_20_meribah_edom_aaron_2026-09-11.md', 5, ['Deut 8:15', 'Deut 8:8'])
    ('num_21_snakes_conquest_2026-09-11.md', 2, ['Deut 8:15'])
    ('num_28_29_musafim_exam_2026-09-11.md', 1, ['Deut 8:8'])
  ledgers with an Onkelos Exod 16 or 17 row (the kin's reading — the manna 16:1-36, the water from the rock 17:1-7): [] | Mekhilta rows on Exod 16/17 anywhere: 8 | ledgers with an Onkelos Num 11, 14, 20 or 21 row (the craving 11:4-9, the forty years 14:33-34, Meribah 20:1-13, the serpents 21:4-9): ['num_11_complaint_quail_2026-09-10.md', 'num_14_rejection_2026-09-10.md', 'num_20_meribah_edom_aaron_2026-09-11.md', 'num_21_snakes_conquest_2026-09-11.md']
==== G. THE DRAFTS
  deu_07_nations_cherem: refs 7:1-26; steps (7, 1)..(7, 26) n=26; draft False; operators True; depends_on ['    - "deu_06_shema"\n']; scenarios 33; binary_trees True; step E True; comment lines 31
  deu_08_manna_humility: refs 8:1-20; steps (8, 1)..(8, 20) n=20; draft True; operators False; depends_on ['    - "deu_07_nations_cherem"\n    - "exo_16_manna_shabbat"\n']; scenarios 27; binary_trees True; step E False; comment lines 24
    the step verses: [1, 2, 3, 4, 5, 6, 7, 8, 9, 10, 11, 12, 13, 14, 15, 16, 17, 18, 19, 20] | covers DB 20 ? True
  deu_09_not_righteousness: refs 9:1-29; steps (9, 1)..(9, 29) n=29; draft True; operators False; depends_on ['    - "deu_08_manna_humility"\n    - "exo_32_golden_calf"\n']; scenarios 36; binary_trees True; step E False; comment lines 33
  the units' claim prefixes present anywhere? {'DV08': 0, 'DV08A': 0, 'DV08B': 0, 'DV07': 2, 'DV09': 0}
  existing manifests deu_08*: [] | ledgers deu_*: ['deu_01_03_devarim_2026-09-15.md', 'deu_01_03_devarim_exam_2026-09-15.md', 'deu_04_vaetchanan_2026-09-16.md', 'deu_04_vaetchanan_exam_2026-09-16.md', 'deu_05_vaetchanan_2026-09-16.md', 'deu_05_vaetchanan_exam_2026-09-16.md', 'deu_06_vaetchanan_2026-09-17.md', 'deu_06_vaetchanan_exam_2026-09-17.md', 'deu_07_vaetchanan_ekev_2026-09-17.md', 'deu_07_vaetchanan_ekev_exam_2026-09-18.md']
  unit count and standing (CORPUS_TRUTH literals): []
==== H. THE STORE'S GLOSSES on chapter 8
  gloss Counter (the 50 commonest): [('which', 14), ('obj-marker·et', 13), ('YHWH', 13), ('God-you/your', 9), ('not', 9), ('that', 6), ('earth', 6), ('to-you/your', 6), ('so-that', 5), ('all', 4), ('the-day', 3), ('in-pasture', 3), ('commandment-him/its', 3), ('over', 3), ('waters', 3), ('mislay', 3), ('?', 2), ('command-you/your', 2), ('to-make', 2), ('the-earth', 2), ('swear', 2), ('and-mark', 2), ('this', 2), ('forty', 2), ('years', 2), ('depress-literally-you/your', 2), ('in-heart-you/your', 2), ('if', 2), ('know-suffix', 2), ('father-you/your', 2), ('live', 2), ('the-human', 2), ('heart-you/your', 2), ('good', 2), ('eat', 2), ('in-her/its', 2), ('and-sate', 2), ('keep/guard', 2), ('lest', 2), ('multiply', 2), ('the-this', 2), ('wander-away', 2), ('wander-away-suffix', 2), ('the-commandment', 1), ('keep/guard-suffix', 1), ('live-suffix', 1), ('and-multiply', 1), ('and-come/bring', 1), ('and-possess/inherit', 1), ('to-father-you/your (pl)', 1)]
  gloss file bytes 9142
  overrides already for Deut.8: [] | by_ref last Deut.7 line: ['  "Deut.7.24:9": "shall-stand"   # יתיצב']
==== I. THE SPINE ON THE CHAPTER — none: no piska head in chapter 8 (the heads by chapter above); the outside rows are the spine here
  the heads whose chapter is 8 : [] | the nearest heads: {36: (6, 9), 37: (11, 10)}
