==== cold_run_obey_horeb.the_exhortation sig ('case', 'data') (9352 chars) asks-in-source ['add_beside', 'add_nothing', 'add_out_of_its_time', 'baal_peor_seen', 'diminish_nothing', 'god_so_near', 'hear_and_do', 'righteous_statutes', 'taught_as_commanded', 'the_cleaving', 'the_write', 'wisdom_before_the_peoples']
def the_exhortation(case, data):
    del P_[:]
    ask = case['ask']
    if ask == 'hear_and_do':
        ink('4:1', '"and now, Israel, hear the statutes and the judgments which I teach you, to do them, that you may live and go in and possess the land" — "and now, Israel" %s; "hear" the singular imperative with the PLURAL object "you"; "that you may live" %s; "go in and possess the land" %s; the teach-root\'s sixteen Torah seats all this book\'s, the first here' % (P('ועתה', 'ישראל'), P('למען', 'תחיו', books=T), P('ובאתם', 'וירשתם', 'את', 'הארץ')))
        dat('the row the_number_switching: the second person singular and plural by turns — 4:1 both')
        return out("hear and do (4:1) — th

  obey_horeb.the_exhortation({ask:hear_and_do})      ("hear and do (4:1) — the exhortation's head: the singular imperative, the plural object; the teach-root's first seat", ['accepted'])
  obey_horeb.the_exhortation({ask:live_and_possess}) ('no verdict in span', ['—'])
  obey_horeb.the_exhortation({ask:the_charge})       ('no verdict in span', ['—'])
==== cold_run_obey_horeb.horeb_retold sig ('case', 'data') (7164 chars) asks-in-source ['commanded_to_teach', 'learn_and_teach', 'take_heed_lest_you_forget', 'the_daughters_excluded', 'the_day_at_horeb', 'the_mountain_burning', 'the_ten_words_and_the_tablets', 'the_voice_and_no_form']
def horeb_retold(case, data):
    del P_[:]
    ask = case['ask']
    if ask == 'take_heed_lest_you_forget':
        ink('4:9', '"only take heed to yourself and keep your soul diligently, lest you forget the things your eyes saw … and make them known to your sons and to your sons\' sons" — "only take heed to yourself" %s; "keep your soul diligently" %s; the forget-root\'s thirteen seats in the book; "to your sons and your sons\' sons" %s; "make known" %s' % (P('רק', 'השמר', 'לך'), P('ושמר', 'נפשך', 'מאד'), P('לבניך', 'ולבני', 'בניך'), U('והודעתם')))
        move('Menachot 99b:3; Pirkei Avot 3:8; Shevuot 36a:20', "the forgetter violates a prohibition — 'take heed', 'lest', 'do not' (R. Avin);

  obey_horeb.horeb_retold({ask:take_heed_lest_you_forget}) ("take heed lest you forget (4:9) — the forgetter's prohibition (Menachot 99b; Avot 3:8); the grandsons included, the daughters excluded (Kiddushin 30a)", ['accepted'])
  obey_horeb.horeb_retold({ask:the_day_you_stood})   ('no verdict in span', ['—'])
==== cold_run_obey_horeb.the_exile_case sig ('case', 'data') (4961 chars) asks-in-source ['in_your_distress_return', 'perish_and_scatter', 'seek_and_find', 'serve_wood_and_stone', 'the_case_head', 'the_merciful_god', 'the_witnesses']
def the_exile_case(case, data):
    del P_[:]
    ask = case['ask']
    if ask == 'the_case_head':
        ink('4:25', '"WHEN you beget sons and sons\' sons and have grown old in the land and deal corruptly and make a graven image … and do evil in the eyes of the LORD your God to provoke him" — the case token %s with the imperfect; "when you beget sons" %s; "grown old" %s one seat; "evil in the eyes of the LORD" five Torah seats' % (CASE_TOK['4:25'], P('כי', 'תוליד', 'בנים'), U('ונושנתם')))
        move('Gittin 88a:15-17; Sanhedrin 38a:6; Megillah 31b:2', "'grown old' by its letters eight hundred and fifty-two — the exile hastened by two years; seven dynasties counted from 'you will beget' (

  obey_horeb.the_exile_case({ask:the_witnesses})     ("the witnesses (4:26) — heaven and earth called: a STATUS on Israel (the Sifrei 306:1's chain, the third of eleven)", ['heaven_and_earth_witness'])
  obey_horeb.the_exile_case({ask:perish_and_scatter}) ("perish and scatter (4:26-27) — the case's first arm: Leviticus 26:33's scattering by CALL (TC), no entry written", ['accepted'])
  obey_horeb.the_exile_case({ask:serve_wood_and_stone}) ('serve wood and stone (4:28) — 28:36 and 28:64 forward; Psalm 115:5 the kin', ['accepted'])
==== cold_run_obey_horeb.the_one_god sig ('case', 'data') (7194 chars) asks-in-source ['because_he_loved_your_fathers', 'from_heaven_the_voice', 'keep_the_statutes', 'know_this_day', 'the_former_days', 'the_nation_from_a_nation', 'the_voice_and_lived', 'to_dispossess_nations', 'you_were_shown']
def the_one_god(case, data):
    del P_[:]
    ask = case['ask']
    if ask == 'the_former_days':
        ink('4:32', '"ask now of the former days which were before you, since the day God created man upon the earth, from one end of heaven to the other" — "ask now of the days" %s; "former" the adjective (%s); "God created man" %s — the create-verb\'s eleven Torah seats %s, the book\'s one' % (P('שאל', 'נא', 'לימים'), lemma_of('Deut', 4, 32, 'ראשנים'), P('אשר', 'ברא', 'אלהים', 'אדם'), CREATED))
        move('cold_run_pre_sinai (CALL) — PS.creation(created_made) = %s' % (PS_CREATED['v'],), "'created' six, 'made' ten in the creation chapter — Genesis 1:27's man; the sixth day's marker on the tap

  obey_horeb.the_one_god({ask:because_he_loved_your_fathers}) ("because he loved your fathers (4:37) — the choice of the seed (Genesis 17's phrase; PR by CALL); the outbringing READ BACK", ['accepted'])
  obey_horeb.the_one_god({ask:you_were_shown})       ("you were shown (4:35) — the creed's first seat: 'none else beside him' (even sorcery — Chullin 7b); the kingship verses disputed", ['accepted'])
==== cold_run_exodus_story.manna sig ('q',) (2893 chars) asks-in-source []
def manna(q):
    if q == 'fifteenth_sabbath': return cell('sabbath', M, "Shabbat 87b:5 (Rav Pappa) and Mekhilta Vayassa ch.1 row 1 — 'on the fifteenth day of the second month' (16:1): that day was a SABBATH, for it is written 'and in the morning you shall see the glory of the LORD' (16:7) and 'six days you shall gather it' (16:26) — the manna's first morning the sixteenth, a Sunday; the engine's weekday from the creation count graded against it (CS4)", ['manna_provided'])
    if q == 'forty_years': return cell(40, I, "'and the sons of Israel ate the manna FORTY YEARS until they came to an inhabited land' (16:35) — the provision's stated span, past the three books", ['manna_provided'])
    i

  exodus_story.manna('day_by_day')                   {'v': ('gather_for_tomorrow', 'gather_for_today_only'), 'p': 'MOVE', 'why': "Mekhilta Vayassa ch.4 row 2 — 'a day's portion each day' (16:4): Rabbi Yehoshua — that a man gather today for tomorrow as from Sabbath eve to Sabbath eve; Rabbi Elazar HaModai — that a man NOT gather today for tomorrow: whoever has what to eat today and says 'what shall I eat tomorrow' lacks faith ('that I may test him')", 'fx': ['manna_provided']}
  exodus_story.manna('double')                       {'v': (6, 2), 'p': 'INK', 'why': "'and it was on the SIXTH day that they gathered double bread, TWO omers for one' (16:22) — the ordinals of the numeral parser", 'fx': ['manna_provided']}
  exodus_story.manna('fifteenth_sabbath')            {'v': 'sabbath', 'p': 'MOVE', 'why': "Shabbat 87b:5 (Rav Pappa) and Mekhilta Vayassa ch.1 row 1 — 'on the fifteenth day of the second month' (16:1): that day was a SABBATH, for it is written 'and in the morning you shall see the glory of the LORD' (16:7) and 'six days you shall gather it' (16:26) — the manna's first morning the sixteenth, a Sunday; the engine's weekday from the creation count graded against it (CS4)", 'fx': ['manna_provided']}
  exodus_story.manna('forty_years')                  {'v': 40, 'p': 'INK', 'why': "'and the sons of Israel ate the manna FORTY YEARS until they came to an inhabited land' (16:35) — the provision's stated span, past the three books", 'fx': ['manna_provided']}
  exodus_story.manna('less_thirty')                  {'v': 'forty_years_less_thirty_days', 'p': 'MOVE', 'why': 'Kiddushin 38a:4 — did they eat forty years? forty years less thirty days (Moses died on the seventh of Adar, the manna ceased; the cakes they brought from Egypt tasted of manna) — Mekhilta Vayassa ch.35 row 1 the same arithmetic (twenty-four of Adar and sixteen of Nisan)', 'fx': ['manna_provided']}
  exodus_story.manna('omer_before')                  {'v': 'the_testimony', 'p': 'INK', 'why': "'and Aaron laid it before THE TESTIMONY in keeping' (16:34) — the ark of 40:20 not yet made: the ink's own anachronism, named; the omer of manna a measure, not the sheaf of Lev 23 (the census's homograph)", 'fx': ['omer_kept']}
  exodus_story.manna('sabbath')                      {'v': [(1, 0), (2, 2), (3, 1)], 'p': 'IMPORT', 'why': "CALLED cold_run_pre_sinai.creation('seventh_named') -> 'the seventh day' named three times at Gen 2:2-3 [IMPORT, live]: 'tomorrow is a rest, a holy Sabbath to the LORD' (16:23), 'the seventh day is a Sabbath, there shall be none in it' (16:26), 'see that the LORD has given you the Sabbath' (16:29) — the creation's seventh day at its first narrated keeping (a REFERENCE)", 'fx': ['manna_provided']}
  exodus_story.manna('seventh_none')                 {'v': True, 'p': 'INK', 'why': "'and it was on the seventh day that some of the people went out to gather, and they found none' (16:27) — the second manna trial (Arakhin 15a:21 'two at the manna')", 'fx': ['tested_the_lord']}
  exodus_story.manna('twilight')                     {'v': True, 'p': 'ANSWER-SHEET', 'why': 'Mishnah Avot 5:6 — the manna among the ten things created on the eve of the Sabbath at twilight', 'fx': ['manna_provided']}
  exodus_story.manna('manna_form')                   {'v': 'no_case', 'p': 'INK', 'why': '', 'fx': ['—']}
  exodus_story.manna('test_clause')                  {'v': 'no_case', 'p': 'INK', 'why': '', 'fx': ['—']}
==== cold_run_exodus_story.trials sig ('q',) (1671 chars) asks-in-source []
def trials(q):
    if q == 'count_by_exodus': return cell(6, M, "Arakhin 15a:14-15b:2 restricted to the span — the trials the ink narrates by Exodus 19: the sea's descent (14:11 'were there no graves in Egypt'), Marah (15:24), the fleshpot (16:3 — the first quail, 15b:2), the manna twice (16:20 left till morning; 16:27 went out on the seventh), Rephidim (17:2-3): SIX on the ledger (CS7)", ['tested_the_lord'])
    if q == 'ten_list': return cell(('two_at_the_sea', 'two_at_the_water', 'two_at_the_manna', 'two_at_the_quail', 'one_at_the_calf', 'one_at_paran'), M, "Arakhin 15a:14 — Rabbi Yehuda: ten trials our fathers tried the Holy One: two at the sea, two at the water, two at the manna, two at

  exodus_story.trials('ten_list')                    {'v': ('two_at_the_sea', 'two_at_the_water', 'two_at_the_manna', 'two_at_the_quail', 'one_at_the_calf', 'one_at_paran'), 'p': 'MOVE', 'why': 'Arakhin 15a:14 — Rabbi Yehuda: ten trials our fathers tried the Holy One: two at the sea, two at the water, two at the manna, two at the quail, one at the calf, one in the wilderness of Paran', 'fx': ['tested_the_lord']}
  exodus_story.trials('count_by_exodus')             {'v': 6, 'p': 'MOVE', 'why': "Arakhin 15a:14-15b:2 restricted to the span — the trials the ink narrates by Exodus 19: the sea's descent (14:11 'were there no graves in Egypt'), Marah (15:24), the fleshpot (16:3 — the first quail, 15b:2), the manna twice (16:20 left till morning; 16:27 went out on the seventh), Rephidim (17:2-3): SIX on the ledger (CS7)", 'fx': ['tested_the_lord']}
==== cold_run_exodus_story.marah sig ('q',) (1701 chars) asks-in-source []
def marah(q):
    if q == 'three_days': return cell(3, I, "'and they went THREE DAYS in the wilderness and found no water' (15:22) — the tape's marker at Shur", ['encamped_at'])
    if q == 'statute_list': return cell(('seven_of_the_sons_of_noah', 'courts', 'sabbath', 'honoring_father_and_mother'), M, "Sanhedrin 56b:15-16 — 'there He set for him a statute and an ordinance' (15:25): ten commandments Israel received at Marah — the seven the sons of Noah accepted, and courts ('a statute and an ordinance'), the Sabbath and honoring father and mother ('as the LORD your God commanded you', Deut 5:12, 5:16 — Rav Yehuda: at Marah); Shabbat 87b:1 the Sabbath of Marah", ['statute_set_at_marah'])
    i

  exodus_story.marah('healer_condition')             {'v': 4, 'p': 'INK', 'why': "'IF you will diligently listen to the voice of the LORD your God, and do what is right in His eyes, and give ear to His commandments, and keep all His statutes' (15:26) — four clauses condition the healer's promise: a HEAVEN entry open on the condition", 'fx': ['healer_promised']}
  exodus_story.marah('statute_list')                 {'v': ('seven_of_the_sons_of_noah', 'courts', 'sabbath', 'honoring_father_and_mother'), 'p': 'MOVE', 'why': "Sanhedrin 56b:15-16 — 'there He set for him a statute and an ordinance' (15:25): ten commandments Israel received at Marah — the seven the sons of Noah accepted, and courts ('a statute and an ordinance'), the Sabbath and honoring father and mother ('as the LORD your God commanded you', Deut 5:12, 5:16 — Rav Yehuda: at Marah); Shabbat 87b:1 the Sabba
==== cold_run_exodus_story.sinai sig ('q',) (4073 chars) asks-in-source []
def sinai(q):
    if q == 'new_moon': return cell(True, M, "Shabbat 86b:5 — Rava: all agree that on the NEW MOON they came to the wilderness of Sinai ('on THIS day', 19:1 — 'this month', 12:2); Mekhilta Bachodesh ch.1 row 3 the same", ['encamped_at'])
    if q == 'days_r_yose': return cell((2, 3, 4, 7), M, "Shabbat 86b:5-87a:1 — Rabbi Yose: the new moon on a Sunday; on the first nothing (the weariness of the road); on the SECOND 'you shall be to Me a kingdom of priests' (the ascent, 19:3-6); on the THIRD the boundary (19:12); on the FOURTH the separation (19:15); the Torah on the SEVENTH (86b:5) — the row sinai_days, the running setting", ['sanctified_for_the_third_day'])
    if q == 'days_r

  exodus_story.sinai('treasure_seats')               {'v': 4, 'p': 'INK', 'why': "'a treasure' (סגלה) at 19:5 in Exodus; Deut 7:6, 14:2, 26:18 the Torah's other seats (measured): the offer's HEAVEN entry, conditional on 'if you will surely hear My voice'", 'fx': ['treasured_people']}
==== cold_run_beha.taberah_and_quail sig ('case', 'data') (7777 chars) asks-in-source ['day_ladder', 'dew', 'families_weeping', 'fire_at_edge', 'fire_sank', 'fish_for_nothing', 'five_foods', 'graves', 'manna_fell', 'manna_form', 'manna_taste', 'manna_taste_word', 'meat_between_teeth', 'month_of_days', 'nursing_father', 'quail_height', 'quail_slaughter', 'rabble', 'shortened_hand', 'six_hundred_thousand', 'spread_or_slaughtered', 'taberah_name', 'ten_homers', 'the_people', 'three_gifts', 'trials', 'two_timers', 'wilderness_meat']
def taberah_and_quail(case, data):
    del P[:]
    ask = case['ask']
    if ask == 'the_people':
        ink('11:1', '"the people were as murmurers"'); move('Sifrei Bamidbar 85:1', '"the people" everywhere the wicked, "My people" the upright — a lexical rule with proof-seats')
        return out("'the people' the wicked, 'My people' the upright", ['fire_sank'])
    if ask == 'fire_at_edge':
        dat('the row fire_at_the_edge = %s' % data['fire_at_the_edge']['value']); ink('11:1', '"consumed at the edge of the camp"'); move('Sifrei 85:1 (R. Shimon b. Menassia the other arm)', 'the proselytes cast to the edge / the officers')
        return out('the proselytes at the edge (Sifrei); the off

  beha.taberah_and_quail({ask:dew})                  ('dew above and dew below', ['lusted'])
  beha.taberah_and_quail({ask:five_foods})           ('the manna tasted like all but these five (R. Ami / R. Asi)', ['lusted'])
  beha.taberah_and_quail({ask:manna_fell})           ('by rank — the righteous at their doors, the average outside the camp, the wicked far off', ['lusted'])
  beha.taberah_and_quail({ask:manna_form})           ('by rank — baked, cakes, raw', ['lusted'])
  beha.taberah_and_quail({ask:manna_taste})          ('by age — bread, oil, honey', ['lusted'])
==== cold_run_shelach.decree sig ('case', 'data') (10737 chars) asks-in-source ['ability', 'as_i_live', 'attributes_deleted', 'caleb_entitlement', 'congregation', 'count_from', 'day_for_year', 'deaths_ceased', 'due', 'egypt_will_hear', 'exceptions', 'fell_and_rent', 'hormah', 'joshua_childless', 'ninth_of_av_reading', 'now_ten', 'offer_second_seat', 'pardon', 'plea', 'presumption', 'set', 'set_edges', 'spies_death_mode', 'spies_portions', 'spies_share', 'stones_upward', 'ten_trials', 'that_night', 'turn_back', 'upon_children', 'wilderness_share']
def decree(case, data):
    del P[:]
    ask = case['ask']
    if ask == 'that_night':
        ink('14:1', '"and the people wept that night"'); dat('the row return_day = %s' % (data['return_day']['value'],)); move('Taanit 29a:7; Sotah 35a:11; Sanhedrin 104b:4', 'the night of the Ninth of Av — a weeping for generations; Mishnah Ta\'anit 4:6 the decree\'s day')
        return out("the night of the Ninth of Av — a weeping for generations (Taanit 29a:7; Sotah 35a:11; Sanhedrin 104b:4); Mishnah Ta'anit 4:6", ['wept'])
    if ask == 'ten_trials':
        ink('14:22', '"tried Me these ten times" — the parser\'s %s' % TEN); dat('the row the_ten_trials = %s' % data['the_ten_trials']['value']); move('

  shelach.decree({ask:day_for_year})                 ('[40, 40] — forty days, a day for a year, a day for a year (14:34; Ezek 4:6 verbatim)', ['—'])
  shelach.decree({ask:count_from})                   ("40 - 38 = 2 — the era's year at the decree: the forty from the exodus (Deut 2:14's thirty-eight from Kadesh)", ['—'])
  shelach.decree({ask:deaths_ceased})                ('the fifteenth of Av of the fortieth year — the dying ceased; the speech resumed (Bava Batra 121a:9; Taanit 30b:12; Deut 2:16-17)', ['—'])
  shelach.decree({ask:due})                          ('(40, 5, 9) — the ninth of Av of the fortieth year, by the Calendar; PENDING on the tape (CF3)', ['carcasses_fall_in_the_wilderness'])
==== cold_run_chukat.meribah sig ('case', 'data') (5756 chars) asks-in-source ['astrologers', 'burial_near_death', 'cattle_water', 'death_by_the_kiss', 'died_for_sin', 'disgrace_written', 'first_meribah_clauses', 'meribah_seats', 'miriam_day', 'quarrel_with_teacher', 'rebels_skin', 'sentence', 'sin', 'struck_twice', 'there_there', 'well_by_merit']
def meribah(case, data):
    del P[:]
    ask = case['ask']
    if ask == 'well_by_merit':
        ink('20:1-2', '"and Miriam died there... and there was no water for the congregation" — the two verses adjacent')
        dat('the row well_by_merit: %s' % data['well_by_merit']['value'])
        return out('the well gone at Miriam\'s death, returned by Moses\' and Aaron\'s merit (Taanit 9a; Seder Olam 10:2)', [FX.NONE])
    if ask == 'death_by_the_kiss':
        dat('the row death_by_the_kiss: %s' % data['death_by_the_kiss']['value'])
        return out('Miriam too by the kiss — "there" / "there" with Deut 34:5 (Bava Batra 17a)', [FX.NONE])
    if ask == 'burial_near_death':
        ink('20:1'

  chukat.meribah({ask:first_meribah_clauses})        ("Exod 17:2-3's clauses at Num 20:3-5 — strove, brought up, from Egypt (computed)", ['gathered_against'])
  chukat.meribah({ask:meribah_seats})                ('Meribah at 6 seats — Exod 17:7 the first, Num 20:13 the second (computed)', ['—'])
  chukat.meribah({ask:cattle_water})                 ("the cattle included — the Torah spared Israel's money (Menachot 76b)", ['water_from_the_rock'])
==== cold_run_chukat.arad_and_the_serpent sig ('case', 'data') (5103 chars) asks-in-source ['bite_and_burn', 'captive_acquired', 'cherem_law', 'hormah', 'light_bread', 'nehushtan', 'pole_word', 'serpent_heals', 'serpent_property', 'singular_serpent', 'spoke_against', 'turn_back', 'vow_form']
def arad_and_the_serpent(case, data):
    del P[:]
    ask = case['ask']
    if ask == 'captive_acquired':
        ink('21:1', '"and took some of them captive"')
        dat('the row captive_count: %s' % data['captive_count']['value'])
        move('Gittin 38a:4', 'a gentile acquires a Jew by conquest — an act of possession')
        return out('acquired by conquest — a gentile acquires a Jew by possession (Gittin 38a); the shelf\'s one maidservant', ['taken_captive'])
    if ask == 'vow_form':
        ink('21:2', '"if You will indeed give this people into my hand, I will devote their cities" — Jacob\'s (Gen 28:20) and Jephthah\'s (Judg 11:30) form')
        dat('the row cherem_law: %s' % da

  chukat.arad_and_the_serpent({ask:bite_and_burn})   ("the fiery serpents — the heifer's burn-word, usury's bite (21:6)", ['serpents_sent'])
  chukat.arad_and_the_serpent({ask:light_bread})     ('the manna called light — absorbed in the limbs (Yoma 75a); ingrates (Avodah Zarah 5b)', ['confessed'])
  chukat.arad_and_the_serpent({ask:nehushtan})       ('Nehushtan — broken by Hezekiah, the Sages agreed (2 Kgs 18:4; Berakhot 10b; Pesachim 56a)', ['—'])
  chukat.arad_and_the_serpent({ask:pole_word})       ('the pole-word — the banner of Exod 17:15 and the sign of 26:10 (21:8-9)', ['—'])
  chukat.arad_and_the_serpent({ask:serpent_heals})   ('the serpent neither kills nor heals — the heart subjected to Heaven heals (Mishnah Rosh Hashanah 3:8)', ['healed'])
  chukat.arad_and_the_serpent({ask:singular_serpent}) ('the serpents sent, the serpent removed — plural then singular (21:6-9)', ['—'])
==== cold_run_hear_o_israel.the_header sig ('case', 'data') (4484 chars) asks-in-source ['hear_and_observe', 'the_charge_executed', 'the_land_flowing', 'the_triad', 'your_sons_son']
def the_header(case, data):
    """F1 — Deut 6:1-3: the commandment's header (the triad 5:31 / 6:1 / 7:11; the charge EXECUTED — a reference row, no write); fear, the son's son, the land flowing"""
    del P_[:]
    ask = case['ask']
    if ask == 'the_triad':
        ink('6:1', '"and this is the commandment, the statutes and the judgments which the LORD your God commanded to teach you" — "and this is the commandment" %s; the triad\'s three seats %s (5:31 the charge, 6:1 its fulfilment opens, 7:11); "to teach you" %s' % (P('וזאת', 'המצוה'), [s_ for s_, _ in TRIAD], P('ללמד', 'אתכם')))
        dat('the readback row 6:1 VERBATIM — the charge\'s words in the header\'s (computed %s tokens agains

  hear_o_israel.the_header({ask:the_land_flowing})   ("the land flowing (6:3) — the book's first 'milk and honey' (eleven Torah seats); the oath's promise the covenant's, its lines on the tape", ['accepted'])
  hear_o_israel.the_header({ask:the_triad})          ("the triad (6:1) — the commandment, the statutes and the judgments: 5:31's charge opened here, 7:11 forward; the header's stamp, no write", ['accepted'])
==== cold_run_hear_o_israel.the_gift_and_the_warning sig ('case', 'data') (5744 chars) asks-in-source ['fear_serve_swear', 'lest_you_forget', 'no_other_gods', 'the_jealous_god', 'the_list']
def the_gift_and_the_warning(case, data):
    """F4 — Deut 6:10-15: the list; lest you forget; fear, serve, swear; no other gods; the jealous God"""
    del P_[:]
    ask = case['ask']
    if ask == 'the_list':
        ink('6:10-11', '"great and good cities which you did not build, houses full of all good … hewn cisterns … vineyards and olive trees which you did not plant" — the cities %s, the houses %s, the cisterns %s, "vineyards and olive trees" %s (Joshua 24:13 and Nehemiah 9:25 THE LIST\'S TWO RETELLINGS); "and you shall eat and be satisfied" %s' % (P('ערים', 'גדלת', 'וטבת'), P('ובתים', 'מלאים', 'כל', 'טוב'), P('וברת', 'חצובים'), P('כרמים', 'וזיתים'), P('ואכלת', 'ושבעת')))
        mo = 

  hear_o_israel.the_gift_and_the_warning({ask:the_list}) ("the list (6:10-11) — cities, houses, cisterns, vineyards and olives 'which you did not …': a DATA row; the spoil permitted by 6:11 (the Sifrei 201:3) owed to the war chapter", ['accepted'])
  hear_o_israel.the_gift_and_the_warning({ask:lest_you_forget}) ("lest you forget (6:12) — obey_horeb's forgetting census (thirteen seats, 6:12 among them); the prohibition's seat 4:9 (OH by CALL)", ['accepted'])
  hear_o_israel.the_gift_and_the_warning({ask:no_other_gods}) ("no other gods (6:14) — the second word's clause: other_gods_barred stands from the giving (CH by CALL), no second write; the idolaters' companion the Tosefta's row", ['accepted'])
  hear_o_israel.the_gift_and_the_warning({ask:fear_serve_swear}) ("fear, serve, swear (6:13) — the true oath a positive clause (Temurah 3b-4a), its prohibition the third word's (DC by CALL); the true swearer holds", ['accepted'])
==== cold_run_hear_o_israel.the_sons_question sig ('case', 'data') (5079 chars) asks-in-source ['righteousness_for_us', 'the_answer_rows', 'the_four_askings', 'the_readback_table', 'the_receipt']
def the_sons_question(case, data):
    """F6 — Deut 6:20-25: the son's question (the four askings), the answer's rows graded (T1), the receipt without the Name, righteousness for us"""
    del P_[:]
    ask = case['ask']
    if ask == 'the_four_askings':
        ink('6:20', '"when your son asks you tomorrow, saying: what are the testimonies and the statutes and the judgments which the LORD our God commanded you" — 6:20 and Exodus 13:14 THE TWO SEATS %s, verbatim to "saying" (the diff %s); the askings with "tomorrow" %s; "what are the testimonies" %s' % (P('כי', 'ישאלך', 'בנך', 'מחר'), DIFF(('Deut', 6, 20), ('Exod', 13, 14)), ASKINGS, P('מה', 'העדת')))
        fb = PE.firstborn({'kind': 'huma

  hear_o_israel.the_sons_question({ask:the_answer})  ('no verdict in span', ['—'])
  hear_o_israel.the_sons_question({ask:the_question}) ('no verdict in span', ['—'])
==== cold_run_opening_speech.the_bypass sig ('case', 'data') (10112 chars) asks-in-source ['ammon', 'esau', 'forty_years_lacking_nothing', 'harassing_permitted', 'moab', 'sihon_commanded', 'the_avvim', 'the_emim', 'the_men_of_war_consumed', 'the_route', 'the_speech_resumed', 'the_turn', 'the_zered']
def the_bypass(case, data):
    del P[:]
    ask = case['ask']
    if ask == 'the_turn':
        ink('2:1-3', '"we turned and journeyed by the way of the Red Sea … we compassed Mount Seir many days; the LORD said to me: you have compassed this mountain long enough; turn you northward" — %s, %s, %s one seat each' % (COMPASSED_SEIR, LONG_ENOUGH_MOUNTAIN, TURN_NORTH))
        move('cold_run_chukat (CALL) — CK.edom_and_hor(death_dates) = %s' % CK_DATES[0][:50], "the departure from Mount Hor (40, 6, 1) — the retrograde marker's day at 2:2; the turn's debit CLOSED at once by the prior run Num 21:10-13 (the march past Moab)")
        dat('commanded on israel_people turn_northward — dated (40, 6, 1)

  opening_speech.the_bypass({ask:forty_years_lacking_nothing}) ("forty years lacking nothing (2:7) — [40]: the manna's forty years (ES by CALL; Exodus 16:35)", ['accepted'])
==== cold_run_opening_speech.the_spies_read_back sig ('case', 'data') (10446 chars) asks-in-source ['good_is_the_land', 'joshua_shall_go_in', 'many_days_at_kadesh', 'the_asking', 'the_bars_ground', 'the_carrying', 'the_exceptions', 'the_little_ones', 'the_murmuring', 'the_oath', 'the_pillar', 'the_presumption', 'the_readback_table', 'the_turn_back', 'the_twelve', 'the_valley', 'the_weeping']
def the_spies_read_back(case, data):
    del P[:]
    ask = case['ask']
    if ask == 'the_asking':
        ink('1:22', '"you came near to me, all of you, and said: let us send men before us, that they may search the land for us" — %s, %s one seat each' % (LET_US_SEND, SEARCH_FOR_US))
        move('cold_run_shelach (CALL) — SL.spies(send_for_yourself) = %s' % SL_SEND[0][:70], "Sotah 34b:3 — 'send for yourself' at Moses' discretion; the people asked; 34b:4 'that they may search' with the moon's embarrassment")
        dat('the row the_spies_asked: %s' % data['the_spies_asked']['value'])
        return out("the asking (1:22) — the people's, against 13:2's 'send for yourself' (Sotah 34b:3; SL b

  opening_speech.the_spies_read_back({ask:the_carrying}) ("the carrying (1:31) — as a man carries his son: Exodus 19:4's eagle the kin", ['accepted'])
  opening_speech.the_spies_read_back({ask:good_is_the_land}) ("good is the land (1:25) — 14:7's words, Joshua and Caleb's (the Sifrei 23:3); the retelling keeps the truth, drops 13:27's 'however' (Sotah 35a:2): SHORTENED", ['accepted'])
  opening_speech.the_spies_read_back({ask:the_murmuring}) ("the murmuring (1:27-28) — two words (Shevuot 47b:5); the spies' words in the people's mouths, 'greater and taller than we' the plain sense of 13:31 (Sotah 35a:7): TURNED", ['accepted'])
==== cold_run_opening_speech.the_commission sig ('case', 'data') (5047 chars) asks-in-source ['the_debit', 'the_hand_laid', 'the_honor', 'the_mountain', 'the_receipt', 'the_sentence_cited', 'the_shepherd', 'the_urim']
def the_commission(case, data):
    del P[:]
    ask = case['ask']
    if ask == 'the_mountain':
        ink('Num 27:12', '"go up to this mountain of Abarim and see the land" — "the mountain of Abarim" %s (27:12; 33:47-48; Deuteronomy 32:49 with Nebo named); "and see the land" %s; "Mount Nebo, the top of Pisgah" %s' % (ABARIM_MOUNTAIN, SEE_THE_LAND, NEBO_PISGAH))
        dat('the row the_commission: one mountain, three names — %s' % data['the_commission']['value']['mountain_names'])
        return out("the mountain of Abarim (27:12) — Nebo and Pisgah its other names (34:1 one mountain): Deuteronomy 3:27's Pisgah the retelling of this command, READ BACK", ['accepted'])
    if ask == 'the_sent

  opening_speech.the_commission({ask:the_great_and_terrible}) ('no verdict in span', ['—'])
  opening_speech.the_commission({ask:the_wilderness}) ('no verdict in span', ['—'])
  opening_speech.the_commission({ask:the_command})   ('no verdict in span', ['—'])
==== cold_run_covenant_at_horeb.the_second_word sig ('case', 'data') (5937 chars) asks-in-source ['bow_and_serve', 'in_its_way', 'no_image', 'no_other_gods', 'the_embracer', 'the_ketiv', 'the_visiting', 'the_write']
def the_second_word(case, data):
    del P_[:]
    ask = case['ask']
    if ask == 'no_other_gods':
        ink('5:7', '"you shall have no other gods before me" — %s the two copies verbatim; "other gods" %d Torah seats, %d this book\'s; Onkelos "another god EXCEPT ME"' % (P('אלהים', 'אחרים', 'על', 'פני'), len(P('אלהים', 'אחרים', books=T)), len(P('אלהים', 'אחרים', books=('Deut',)))))
        move('Makkot 24a:1', "the second of the two words heard from the Almighty's mouth — 611 and 2")
        move('Sanhedrin 60b:12', "the PROHIBITION of bowing from 'you shall bow to no other god' (Exodus 34:14) — the second word's 'to them' said of the images")
        dat('the row the_second_word: NO CELL i

  covenant_at_horeb.the_second_word({ask:no_other_gods}) ("no other gods before me (5:7) — the second word's head, compiled here: the block other_gods_barred on Israel at the giving's line", ['accepted'])
  covenant_at_horeb.the_second_word({ask:bow_and_serve}) ("bow and serve (5:9) — the bower stoned: the second word's answer sheet (Mishnah Sanhedrin 7:6; the four services, Sanhedrin 60b); the mode by 17:5's juxtaposition", ['put_to_death'])
  covenant_at_horeb.the_second_word({ask:the_visiting}) ("the visiting (5:9-10) — the generations and the thousands a DATA row: when they hold their fathers' deeds (Berakhot 7a); revoked by Ezekiel (Makkot 24a)", ['accepted'])
  covenant_at_horeb.the_second_word({ask:the_header}) ('no verdict in span', ['—'])
==== cold_run_seven_nations.the_holy_people sig ('case', 'data') (5383 chars) asks-in-source ['brought_out_redeemed', 'chose_you', 'holy_people', 'the_fewest', 'the_oath']
def the_holy_people(case, data):
    """F2 — Deut 7:6-8: a holy people, the treasure, chose you, the fewest, the love and the oath, brought out and redeemed — the readback's rows 7:6, 7:8; no write"""
    del P_[:]
    ask = case['ask']
    if ask == 'holy_people':
        ink('7:6', '"for you are a HOLY PEOPLE to the LORD your God" — the phrase %s (all this book\'s and Daniel); "a treasured people" %s (19:5 the first); "above all the peoples on the face of the earth" %s; 14:2 one letter and one word apart %s' % (P('עם', 'קדוש') + P('עם', 'קדש'), U('סגלה', 'לסגלה', 'וסגלה'), P('מכל', 'העמים', 'אשר', 'על', 'פני', 'האדמה'), DIFF(('Deut', 7, 6), ('Deut', 14, 2))))
        move('cold_run_exodus_

  seven_nations.the_holy_people({ask:the_oath})      ('the oath (7:8) — the noun starred by the parser, the swearing no number; the three lines on the tape (MA and JS by CALL); the pointers at 7:8, 7:12, 7:13', ['accepted'])
  seven_nations.the_holy_people({ask:brought_out_redeemed}) ("brought out and redeemed (7:8) — the going out read back with the oath's reason (ES by CALL; the tape's brought_out found): the readback row EXPANDED; no write", ['accepted'])
==== cold_run_seven_nations.the_faithful_god sig ('case', 'data') (6282 chars) asks-in-source ['he_is_god', 'the_faithful', 'the_hater_repaid', 'the_triad', 'the_written_read_pair', 'thousand_generations']
def the_faithful_god(case, data):
    """F3 — Deut 7:9-11: know that he is God, the faithful God, a thousand generations (the second word's clause numbered), the hater repaid (turned), the triad; the written/read pair; no write"""
    del P_[:]
    ask = case['ask']
    if ask == 'he_is_god':
        ink('7:9', '"know therefore that the LORD your God, HE IS GOD" — the six seats %s (4:35, 39 the creed\'s; Solomon, Elijah, Manasseh)' % (P('יהוה', 'אלהיך', 'הוא', 'האלהים') + P('יהוה', 'הוא', 'האלהים'),))
        move('cold_run_obey_horeb (CALL) — OH.the_one_god(you_were_shown) = %s; OH.DATA the_creed = %s' % (OH_SHOWN[0][:50], OH.DATA['the_creed']['value']), "4:35's 'you were shown, to know tha

  seven_nations.the_faithful_god({ask:the_triad})    ('the triad (7:11) — the commandment, the statutes and the judgments: the third seat after 5:31 and 6:1 (HI by CALL): the readback row VERBATIM in kind; today to do, tomorrow to receive', ['accepted'])
==== cold_run_seven_nations.because_you_hear sig ('case', 'data') (9307 chars) asks-in-source ['consume_no_pity', 'covenant_kept', 'no_barren', 'no_serving_snare', 'the_blessing_list', 'the_diseases', 'the_heel', 'the_write']
def because_you_hear(case, data):
    """F4 — Deut 7:12-16: because (the heel), the covenant kept and the blessings (the write blessings_for_hearing), no barren, the diseases turned, CONSUME WITHOUT PITY (the write pity_barred — the hole), no serving (the snare)"""
    del P_[:]
    ask = case['ask']
    if ask == 'the_heel':
        ink('7:12', '"and it shall be, BECAUSE you hear these judgments" — the noun "heel" as a conjunction %s (7:12, 8:20 the construct; Genesis 22:18, 26:5; Numbers 14:24 tagged a conjunction); "you hear" with the nun %s; the portion\'s edge at 7:12 (the tokens %s)' % (HEEL, U('תשמעון', books=('Deut',)), (sum(len(W7(v)) for v in range(1, 12)), sum(len(W7(v)) for v in 

  seven_nations.because_you_hear({ask:the_heel})     ("because (7:12) — the heel as a conjunction, 'in consequence of' at five seats; Onkelos 'in exchange for': the portion's name; a DATA row", ['accepted'])
==== cold_run_seven_nations.the_seven_nations sig ('case', 'data') (14789 chars) asks-in-source ['no_covenant', 'no_favor', 'no_marriage', 'no_other_way', 'praise_of_the_creator', 'the_asherah_shade', 'the_asherah_wood', 'the_ban', 'the_bans_condition', 'the_child_follows_the_mother', 'the_four_objects', 'the_seven', 'the_write']
def the_seven_nations(case, data):
    """F1 — Deut 7:1-5: the seven counted, THE BAN (the code's hole — the debit open to Joshua), no covenant, NO FAVOR (the hole), no marriage both ways, the four objects; the writes"""
    del P_[:]
    ask = case['ask']
    if ask == 'the_seven':
        ink('7:1', '"the Hittite, the Girgashite, the Amorite, the Canaanite, the Perizzite, the Hivite and the Jebusite, SEVEN NATIONS greater and mightier than you" — the parser\'s [%d] with %d gentilic tokens as its witness %s; the seven-name lists %s, the six-name lists %d (the Girgashite\'s seven seats %s); "greater and mightier than you" %s' % (SEVEN_COUNT, len(NG7), NG7, SEVEN_LISTS, len(SIX_LISTS), LEMV('

  seven_nations.the_seven_nations({ask:the_ban})     ("the ban (7:2) — 'you shall utterly devote them': the code's hole compiled — a DEBIT on Israel open to Joshua; the east's devotings runs before the spec; the dispossession's debit referenced (JO by CALL), not doubled", ['accepted'])
==== cold_run_ordinances.land sig ('q',) (4204 chars) asks-in-source []
def land(q):
    if q == 'angel':
        return cell('hapax_the_Name_in_him', I, f"23:20 'behold I SEND AN ANGEL before you' — the phrase at {c_angel} alone; 23:21 'for My NAME IS IN HIM' at {c_name_in_him} "
                    "alone; Onkelos 23:21: 'for his WORD is in My name' — the verse re-seated on the Memra layer", [FX.NONE])
    if q == 'not_forgive':
        return cell('he_will_not_bear_your_transgression', I, f"23:21 'do not rebel against him, for he will NOT BEAR your transgression' — the phrase at {c_forgive}: this and "
                    "Joshua 24:19's 'He will not bear your transgression and your sins' — the same clause at the covenant's renewal", [FX.NONE])
    if q == 'h

  ordinances.land('bread_water')                     {'v': 'blessed_sickness_removed', 'p': 'INK', 'why': "23:25 'and He will BLESS your bread and your water, and I will remove sickness from your midst' — the covenant's blessing side (Lev 26:3-13 by name)", 'fx': ['bread_and_water_blessed']}
==== cold_run_mamre.moriah sig ('q',) (3686 chars) asks-in-source []
def moriah(q):
    if q == 'test_verb_seats': return cell(1, I, "the test verb (נסה) at Gen 22:1 alone in Genesis (measured)", ['tried'])
    if q == 'ten_trials_sheet': return cell(10, A, "Mishnah Avot 5:3 — with ten trials Abraham our father was tried and stood in them all", ['tried'])
    if q == 'trials_named_by_the_ink': return cell(1, I, "the ink names one trial by its verb (22:1); the shelf calls it the tenth (Bereshit Rabbah 56:11: 'the tenth trial'), but the list of ten is not on the local shelf (Avot de-Rabbi Natan absent) — the sequence runner CH1 files the DIVERGE open", ['tried'])
    if q == 'after_what': return cell(('the_words_of_satan', 'the_words_of_ishmael'), M, "Sanhedrin

  mamre.moriah('test_verb_seats')                    {'v': 1, 'p': 'INK', 'why': 'the test verb (נסה) at Gen 22:1 alone in Genesis (measured)', 'fx': ['tried']}
==== cold_run_mamre.isaac_gerar sig ('q',) (3246 chars) asks-in-source []
def isaac_gerar(q):
    if q == 'famine_ordinal': return cell('the_second', I, "'besides the first famine that was in the days of Abraham' (26:1) — the ink's own ordinal; Bereshit Rabbah 25:3, 64:1 the census of ten famines (the frozen unit's read)", ['famine'])
    if q == 'olah_rule_transferred': return cell('outside_the_curtains_disqualified', M, "Bereshit Rabbah 64:3 — R. Hoshaya: you are an unblemished burnt offering; as a burnt offering that goes outside the curtains is disqualified, so you outside the land — the offerings engine's rule laid on Isaac by the teacher (a transfer named, not a call)", ['descent_to_egypt_barred'])
    if q == 'charge_words': return cell(('my_charge', 'my_co

  mamre.isaac_gerar('famine_ordinal')                {'v': 'the_second', 'p': 'INK', 'why': "'besides the first famine that was in the days of Abraham' (26:1) — the ink's own ordinal; Bereshit Rabbah 25:3, 64:1 the census of ten famines (the frozen unit's read)", 'fx': ['famine']}
==== cold_run_joseph.the_oath sig ('q',) (2036 chars) asks-in-source []
def the_oath(q):
    if q == 'seventeen_years': return cell(17, I, "'and Jacob lived in the land of Egypt seventeen years' (47:28) — parsed; the seventeen of 37:2 mirrored (the frozen unit's read)", ['burial_in_canaan_sworn'])
    if q == 'hundred_forty_seven': return cell(147, I, "'the days of Jacob, the years of his life, were a hundred and forty-seven years' (47:28) — parsed; 130 (47:9) + 17 = 147, the ink's own arithmetic (CJ5); the marker jacob_147", ['burial_in_canaan_sworn'])
    if q == 'why_joseph': return cell('in_his_power_to_do', M, "Bereshit Rabbah 96:5 — 'and he called his son Joseph' (47:29): why not Reuben or Judah — Reuben the firstborn, Judah the king? because it was in his

  joseph.the_oath('kindness_and_truth')              {'v': 'kindness_and_truth', 'p': 'INK', 'why': "'deal with me in kindness and truth; do not bury me in Egypt' (47:29, חסד ואמת) — the burial command with its oath demanded (47:31); burial_in_canaan_sworn on Joseph, the debit", 'fx': ['burial_in_canaan_sworn']}
==== SA cells: ['adultery', 'anytok', 'beast', 'blood', 'burned_nine', 'burning_scope', 'carcass', 'cell', 'census', 'covering', 'cowives', 'curser', 'double_count', 'frame', 'from_paternal_brother', 'fx_of', 'grade', 'has', 'law_sanctions', 'levirate', 'load', 'locate20', 'mode', 'molech', 'mrow', 'names', 'nverses', 'outside', 'ov', 'phrase', 'platform', 'read_sanction', 'sanction', 'scene', 'seats', 'severity', 'strip', 'three_are_one', 'toks', 'unions_misc']
==== SA DATA keys: []
==== SA cells mentioning 18:5 and live: ['frame']
==== SA.frame sig ('q',) asks []
def frame(q, **k):
    if q == 'nomoi':
        return cell('their_civil_customs_not_their_buildings', M, '18:3 "in their STATUTES you shall not walk" — '
                    'Onkelos: their NOMOI; ' + SA + 'Section 8 8 / Chapter 13 8: theaters, circuses, the Amorite '
                    'ways; NOT their buildings and plantings', [FX.NONE])
    if q == 'amorite_ways':
        return cell(['R._Meir_remedy_permitted', 'sages_forbidden_even_on_a_weekday'], M, 'Shabbat 6:10 — the '
                    'locust\'s egg, the fox\'s tooth, the nail from the crucified: the sages — the ways of the Amorite '
                    '(the customs class of 18:3; the item list the Tosefta\'s, outside scope)', [FX.NONE])
    if q == 'canon_channel':
        return cell({'judgments': 'dinim', 'statutes': 'midrashot', 'keep': 'Mishnah', 'walk_in_them': 'the_deed'}, M,
                    SA + 'Section 8 9 — 

==== DC cells: ['altar_rules', 'fn', 'ink', 'law_decalogue', 'move', 'out', 'sabbath_clauses', 'scene', 'strip', 'theft_commandment', 'vain_name', 'verse_text']
==== DC DATA keys: []
==== DC cells on the second word: []
==== ES cells: ['amalek', 'birth', 'bricks', 'build', 'bush', 'cell', 'jethro', 'law_exodus_story', 'manna', 'marah', 'mishnah', 'night', 'oppression', 'plagues', 'scene', 'sea', 'signs', 'sinai', 'strip', 'toks', 'trials']
==== OS cells: ['NF', 'dat', 'hyp', 'ink', 'law_opening_speech', 'lemma_seats', 'move', 'narrative', 'out', 'rb', 'scene', 'seats', 'sihon_and_og', 'strip', 'the_bypass', 'the_commission', 'the_east_and_the_charges', 'the_frame', 'the_officers_and_the_judges', 'the_plea', 'the_spies_read_back', 'tok', 'verse_text', 'words']
==== OH cells: ['DIFF', 'LEMT', 'LEMV', 'LEN', 'NF', 'P', 'PT', 'SHARED', 'S_', 'U', 'W4', 'dat', 'hits', 'horeb_retold', 'hyp', 'ink', 'law_obey_horeb', 'lemma_of', 'morphs', 'move', 'narrative', 'no_image', 'out', 'phrase', 'plain', 'pointed', 'rb', 'scene', 'the_cities_and_the_frame', 'the_exhortation', 'the_exile_case', 'the_one_god', 'verse_text', 'wm', 'words']
==== CK cells: ['N', 'O', 'arad_and_the_serpent', 'corpse_tumah', 'dat', 'delta', 'edom_and_hor', 'heifer_rite', 'ink', 'kit_order', 'law_chukat', 'meribah', 'move', 'narrative', 'out', 'scene', 'seats_of', 'sources', 'strip', 'verse_text', 'well_and_kings']
==== SL cells: ['N', 'challah', 'count_token', 'dat', 'decree', 'error', 'high_hand', 'ink', 'law_shelach', 'libations', 'move', 'narrative', 'out', 'scene', 'spies', 'stranger', 'strip', 'subsequence', 'verse_text']
==== BH cells: ['N', 'dat', 'ink', 'lamps', 'law_beha', 'levites_rite', 'march', 'miriam', 'move', 'narrative', 'out', 'prince_of', 'raw_words', 'scene', 'seventy_elders', 'strip', 'taberah_and_quail', 'trumpets', 'verse_text']
obey_horeb DATA keys                                 ['the_readback', 'the_law_bal_tosif', 'the_teach_your_sons', 'the_horeb_hole', 'the_ten_words_seats', 'the_tablets_plene', 'the_no_image_list', 'the_host_apportioned', 'the_bars_third_telling', 'the_exile_case', 'the_witnesses_chain', 'the_creed', 'the_inquiry_limits', 'the_instruments', 'the_three_cities', 'the_manslayer_definition', 'the_second_frame', 'the_number_switching', 'the_export_chapter_5']
exodus_story DATA keys                               []
shelach DATA keys                                    ['hebron_visitor', 'hebron_before_zoan', 'cluster_bearers', 'cluster_weight', 'return_day', 'tammuz_length', 'the_ten_trials', 'congregation', 'deaths_ceased', 'wilderness_share', 'spies_share', 'spies_death_mode', 'count_from', 'hin_in_logs', 'libation_floors', 'oil_donation', 'libations_from', 'altar_eras', 'which_take_libations', 'lamb_and_ram_ages', 'gentile_libations', 'convert_offering', 'convert_congregation', 'challah_measure', 'challah_minimum', '
beha DATA keys                                       ['lamps_geometry', 'lampstand_material', 'trumpet_material', 'trumpet_scope', 'levite_age', 'bull_age', 'blast_unit', 'teruah_form', 'blast_count_at_journeys', 'oppression_scope', 'temple_blasts', 'blasts_per_musaf', 'pestilence_threshold', 'seven_clouds', 'shekhinah_minimum', 'jethro_at_sinai', 'spies_sent_day', 'fire_at_the_edge', 'fish_for_nothing', 'five_foods', 'manna_taste_word', 'wilderness_meat', 'spread_or_slaughtered', 'sanhedrin_size', 'lots_mec
chukat DATA keys                                     ['heifer_age', 'heifer_hairs', 'heifer_yoke', 'heifer_blemish', 'heifer_pregnant', 'heifer_from_gentile', 'who_burns', 'who_slaughters', 'work_invalidates', 'tvul_yom_fit', 'sprinkle_toward', 'bundle', 'ashes_thirds', 'nine_heifers', 'meilah_on_the_heifer', 'removes', 'tent_measure', 'tent_material', 'tent_gentile', 'bone_measure', 'field_phrase', 'sword_like_slain', 'vessel_census', 'tzamid_patil', 'living_water', 'mixing_order', 'third_day_fixed', 'punis
hear_o_israel DATA keys                              ['the_readback', 'the_large_letters', 'the_spellings', 'the_two_sets', 'the_recitation_times', 'the_postures', 'the_exemptions', 'the_passages_order', 'the_tefillin_table', 'the_mezuzah_table', 'the_seven', 'the_list', 'the_oath_by_the_name', 'the_abutter', 'the_four_sons', 'the_receipt_without_the_name', 'the_creed_terms', 'the_files_diverge']
opening_speech DATA keys                             ['the_readback', 'the_officers_table', 'the_seven_qualities', 'the_judges_charge', 'the_compromise', 'the_gentile_litigant', 'the_frame', 'the_date', 'the_horeb_command', 'the_spies_asked', 'the_bars_ground', 'the_dispossessions', 'the_bypass_commands', 'the_thirty_eight', 'the_edom_disagreement', 'the_ban', 'the_sixty_cities', 'ogs_bed', 'the_easts_borders', 'the_armed_passage', 'joshuas_charge', 'the_plea', 'the_four_directions', 'the_commission']
covenant_at_horeb DATA keys                          ['the_readback', 'the_second_word', 'the_visiting', 'the_no_image_list', 'the_tenth_word', 'the_sabbath_grounds', 'the_ninth_word', 'keep_and_remember', 'the_reward_clause', 'the_honor_by_call', 'the_receipts', 'the_two_copies', 'the_second_hole', 'the_export_division', 'the_mediator', 'the_return_to_tents', 'the_charge_to_teach', 'the_face_in_face', 'the_fathers_and_us', 'the_hear_and_do']
seven_nations DATA keys                              ['the_readback', 'the_devotings', 'the_three_readings_of_favor', 'the_shittim_exhibit', 'the_renaming', 'the_fewest', 'the_supplied_doctrine', 'the_written_read_pair', 'the_heel', 'the_blessing_list', 'the_name_from_under_heaven', 'the_two_lemmas', 'the_abomination_seats', 'the_morph_tag', 'the_eleven_uncited', 'the_credits', 'the_calfs_agency', 'the_bans_condition', 'the_pitys_row']
SN.READBACK len / grades                             (21, {'EXPANDED': 8, 'VARIANT': 5, 'VERBATIM': 4, 'TURNED': 3, 'SHORTENED': 1})
CH.READBACK len / grades                             (21, {'VERBATIM': 5, 'VARIANT': 5, 'EXPANDED': 5, 'TURNED': 4, 'SUPPLIED': 2})
HI.READBACK len / grades                             (7, {'VERBATIM': 3, 'EXPANDED': 3, 'SHORTENED': 1})
OS.READBACK len                                      42
OH.READBACK len                                      11
EXIT 0
