SCANNED 191 works (Talmud / Mishnah / Tosefta, no Yerushalmi, no commentary); the forms: Deuteronomy c:v, Deut. c:v, Dt.c:v; chapter 8 only
LINK rows 34 in 17 works
  Berakhot                         9
  Yoma                             4
  Sotah                            3
  Sukkah                           3
  Menachot                         2
  Tosefta_Berakhot                 2
  Arakhin                          1
  Bava_Metzia                      1
  Chullin                          1
  Eruvin                           1
  Ketubot                          1
  Mishnah_Sukkah                   1
  Pesachim                         1
  Rambam_Introduction_to_the_Mishnah 1
  Sanhedrin                        1
  Taanit                           1
  Tosefta_Bikkurim                 1
  the DB verses cited: [(3, 4), (5, 1), (7, 2), (8, 8), (9, 5), (10, 20), (11, 1), (14, 3), (15, 1), (16, 1)]
  the verses NOT cited by anyone: [1, 2, 4, 6, 12, 13, 17, 18, 19, 20]
  LINK Arakhin 4a:4               Deut 8:10              Therefore, the baraita teaches us that since the Merciful One states in the Torah: “And you shall eat, and be satisfied, and bless the Lord 
  LINK Bava Metzia 114a:9         Deut 8:10              The Gemara is puzzled by this claim: And is consecrated property not in need of a blessing? But isn’t it written: “And you shall eat and be 
  LINK Berakhot 5a:22             Deut 8:5 Deut 8:7      Eretz Yisrael, as it is written: “As a man rebukes his son, so the Lord your God rebukes you” (Deuteronomy 8:5), and it is written thereafte
  LINK Berakhot 20b:15            Deut 8:10              After citing the halakha that one who eats a quantity of food that does not satisfy his hunger is obligated by rabbinic law to recite Grace 
  LINK Berakhot 21a:3             Deut 8:10              Rav Yehuda said: From where is the mitzva by Torah law to recite Grace after Meals, derived? As it is stated: “And you shall eat and be sati
  LINK Berakhot 32a:12            Deut 8:14              On a similar note, Rav Aḥa, son of Rav Huna, said that Rav Sheshet said: That is what people say in a popular maxim: Filling his stomach is 
  LINK Berakhot 36b:15            Deut 8:9               The Gemara raised an objection to this based on what was taught in a baraita, that regarding the verse: “When you enter the land and plant a
  LINK Berakhot 38a:14            Deut 8:15              We learned in the mishna that over bread one recites: Who brings forth bread from the earth. The Sages taught in a baraita: What does one wh
  LINK Berakhot 41a:8             Deut 8:8               As Rav Yosef, and some say Rabbi Yitzḥak, said: Each food whose significance is manifest in that it precedes the others in this verse, which
  LINK Berakhot 44a:9             Deut 8:8 Deut 8:9 Deut 8:10 GEMARA: The Gemara asks: What is the reason for the opinion of Rabban Gamliel? The Gemara responds: As it is written in the verse that deals
  LINK Berakhot 48b:5             Deut 8:10              The Sages taught in a Tosefta: From where is it derived that Grace after Meals is from the Torah? As it is stated: “And you shall eat and be
  LINK Chullin 107a:12            Deut 8:10              The Gemara suggests: Come and hear proof from a mishna (Sukka 26b): And when they gave Rabbi Tzadok on the festival of Sukkot less than an e
  LINK Eruvin 4a:11               Deut 8:8               The Gemara questions this assertion: Are measures a halakha transmitted to Moses from Sinai? They are written in the Torah, as it is written
  LINK Ketubot 47b:11             Deut 8:3               The baraita continues: Rabbi Elazar says: “She’era”; this is her conjugal rights, and so it says: “None of you shall approach to any who is 
  LINK Menachot 84a:14            Deut 8:8               § We learned in a mishna elsewhere (Bikkurim 1:3): One may bring first fruits only from the seven species with which Eretz Yisrael is praise
  LINK Menachot 84b:14            Deut 8:8               The Gemara asks: And as for Reish Lakish, for what halakha does he use this term “your land”? He holds that the term is necessary for that w
  LINK Mishnah Sukkah 2:5         Deut 8:10              Apropos eating in the sukka, which is discussed in the previous mishna, this mishna relates: An incident occurred where they brought a cooke
  LINK Pesachim 49b:17            Deut 8:10              Abaye said: Actually, do not reverse the opinions. There, they disagree with regard to the interpretation of verses, while here, they disagr
  LINK Rambam Introduction to the Mishnah 8:23 Deut 8:8               And because of this, when we said, "Sizes are a law of Moshe from Sinai," they challenged us and said (Berakhot 40a), "Why do you say they a
  LINK Sanhedrin 99a:5            Deut 8:3               It is taught in another baraita: Rabbi Eliezer says: The messianic era will be forty years long. It is written here with regard to the forty
  LINK Sotah 4b:11                Deut 8:14              And Rabbi Yoḥanan said his own statement: Any person who has arrogance within him is considered as if he has denied the core belief in God’s
  LINK Sotah 5a:2                 Deut 8:11 Deut 8:14    § The Gemara previously discussed the impropriety of the trait of arrogance. Now the Gemara discusses the source of its prohibition. From wh
  LINK Sotah 33a:10               Deut 8:10              § It is stated in the mishna that Grace after Meals may be recited in any language. As it is written: “And you shall eat, and be satisfied, 
  LINK Sukkah 5b:14               Deut 8:8               The Gemara questions this assertion: Are measures a halakha transmitted to Moses from Sinai? They are written in the Torah, as it is written
  LINK Sukkah 26b:9               Deut 8:10              In contrast, the mishna relates: And when they gave Rabbi Tzadok less than an egg-bulk of food, he took the food in a cloth for cleanliness;
  LINK Sukkah 35a:2               Deut 8:9               The Gemara asks: And say that it is referring to the pepper tree, since the taste of its trunk and the taste of its fruit are alike, as it w
  LINK Taanit 4a:3                Deut 8:9               Rabbi Abba said to Rav Ashi: You learned the proof for this idea from that verse there; we learned it from here, as it is written: “A land w
  LINK Tosefta Berakhot 6:1       Deut 8:10              The Beracha (blessing) of Zimun is from the Torah (i.e. a Torah obligation) as it is said, “And you should eat, and be satisfied, and bless…
  LINK Tosefta Berakhot 6:2       Deut 8:10              From where [do we know] that just like you have to say a Beracha (blessing) after [eating food] you also have to say a Beracha before [eatin
  LINK Tosefta Bikkurim 2:8       Deut 8:7 Deut 8:8      The mitzvah is to bring [the first fruits] in seven vessels (i.e., corresponding to the seven species, see Deut. 8:7-8), but if he brought t
  LINK Yoma 74b:11                Deut 8:3               The school of Rabbi Yishmael taught the following concerning the nature of Yom Kippur: The word affliction is stated here with regard to Yom
  LINK Yoma 74b:14                Deut 8:3 Deut 8:16     § Apropos the verse: “And he afflicted you and caused you to hunger, and fed you with manna” (Deuteronomy 8:3), the Gemara expounds related 
  LINK Yoma 79b:9                 Deut 8:10              Rather, it cannot be proven from here. Proof can be found from here: How much must one eat to obligate those with whom he ate in an invitati
  LINK Yoma 81b:6                 Deut 8:9               The Gemara raises an objection to this. Rabbi Meir would say about the verse: “And when you shall come into the land, and shall have planted
Mishnah_Berakhot mishnayot (6, 1)..(7, 5) (13): 13 rows, 0 link rows
Mishnah_Bikkurim mishnayot (1, 1)..(1, 11) (11): 11 rows, 0 link rows
Berakhot 5a-5a: 24 segments in the range, 1 of them link rows
Berakhot 20b-21a: 39 segments in the range, 2 of them link rows
Berakhot 35a-35b: 44 segments in the range, 0 of them link rows
Berakhot 41a-44a: 100 segments in the range, 2 of them link rows
Berakhot 48b-49b: 53 segments in the range, 1 of them link rows
Yoma 74b-76a: 69 segments in the range, 2 of them link rows
Sotah 4b-5a: 39 segments in the range, 2 of them link rows
Makkot 13b-13b: 21 segments in the range, 0 of them link rows
Eruvin 96a-96a: 14 segments in the range, 0 of them link rows
TOPIC rows 417 (the Mishnah rows + the folio ranges whole; link-duplicates dropped)
   [('Berakhot', 254), ('Yoma', 67), ('Sotah', 37), ('Makkot', 21), ('Eruvin', 14), ('Mishnah Berakhot', 13), ('Mishnah Bikkurim', 11)]
BERAKHOT 35a-49b BY AMUD (segments; the first 90 characters of each amud):
    35a  21  MISHNA: This mishna discusses the blessings recited over various foods. How does one recit
    35b  23  and here, where it says that He gave the earth to mankind refers to after a blessing is re
    36a  24  in which all boiled vegetables were boiled. A certain amount of oil is added to anigeron.
    36b  20  and take from the orla fruit, and as long as the Jew does not see him gather it, he may pu
    37a  15  Therefore, he teaches us: Anything that has of the five species of grain in it, even if it
    37b  13  and is not a species of grain, but one of the fruits, or which is a species of grain and h
    38a  16  thick [ke’avin], so that they appear like loaves of bread, they are obligated in ḥalla, an
    38b  15  I would have understood that he thereby taught us the meaning of the verse: “Who brought y
    39a  14  it lacks the requisite measure? The smallest quantity of food that is considered eating is
    39b  11  Rather, Rava said: When breaking bread, one recites the blessing over the complete loaf an
    40a  15  Continuing to discuss the halakhot of breaking bread, Rav said: One who broke bread, and b
    40b  25  However, in a situation where, when you take the fruit, the branch does not remain and aga
    41a  12  Granted, according to the one who said that novelot temara are dates felled by the wind, t
    41b   8  as an impure vessel loses its status as a vessel and consequently its impurity when it can
    42a  10  as it causes a blessing itself. It is so significant, that one recites a blessing over it 
    42b  14  Additionally: If wine came before them during the meal, each and every diner recites a ble
    43a  19  and reversed his cloak, so that his tear which he had rent in mourning of Rav was behind h
    43b  20  Rav Giddel said that Rav said: Over this jasmine [simlak], one recites: Who creates fragra
    44a  17  MISHNA: If they brought salted food before him to eat first and bread with it, he recites 
    44b  25  Rav Yitzḥak bar Avdimi said in the name of Rabbeinu, Rav: Over the egg and types of meat [
    45a  16  who was choked by a piece of meat and drank water in order to wash it down. He need not re
    45b  24  in the case of a waiter, because from the outset, they prefer to establish their zimmun as
    46a  14  The Gemara recounts: Rabbi Zeira took ill. Rabbi Abbahu went to visit him and resolved: If
    46b  15  and there are among these blessings that one who recites it concludes reciting it with: Bl
    47a  16  nor with regard to dirty hands, i.e., with regard to washing hands at the end of a meal.
    47b  21  “From all of that is given to you, you shall set apart that which is the Lord’s teruma” (N
    48a  10  to include a mature minor? Explain the baraita as follows: A minor who grew two hairs is i
    48b  13  dipped with them a small bit of food in brine and ate with them only a single dry fig, he 
    49a  22  and that, the covenant of circumcision, was given with thirteen covenants, as the word bri
    49b  18  and he returned to the beginning of Grace after Meals and repeated it. Giddel bar Manyumi 
ENUMERATED OUTSIDE DECLARED SCOPE — Berakhot 35a-49b whole: 506 rows; the amudim read here: 197
  the remainder by amud (rows): [('36a', 24), ('36b', 20), ('37a', 15), ('37b', 13), ('38a', 16), ('38b', 15), ('39a', 14), ('39b', 11), ('40a', 15), ('40b', 25), ('44b', 25), ('45a', 16), ('45b', 24), ('46a', 14), ('46b', 15), ('47a', 16), ('47b', 21), ('48a', 10)]
YOMA 74b-76a BY AMUD: [('74b', 16), ('75a', 21), ('75b', 17), ('76a', 15)]
PRIOR READS (credited): 101 addresses of 451
  by ledger: [('EXOD_TALMUD_TRIAGE_LEDGER.md', 19), ('exodus_block_conduct_2026-09-04.md', 18), ('num_30_vows_exam_2026-09-12.md', 15), ('deu_04_vaetchanan_exam_2026-09-16.md', 14), ('num_08_12_beha_exam_2026-09-10.md', 13), ('talmud_triage_gen_2026-09-01.md', 9), ('holiness_b_topic_docket_2026-09-06.md', 5), ('sanctions_topic_docket_2026-09-05.md', 5), ('erection_docket_2026-09-06.md', 4), ('exodus_block_covenant_2026-09-04.md', 4), ('exodus_block_festivals_2026-09-04.md', 3), ('exodus_block_matza_2026-09-04.md', 3), ('mishpatim_exam_mishnah_2026-09-01.md', 3), ('gen_17_boarding_2026-08-25.md', 3), ('deu_01_03_devarim_exam_2026-09-15.md', 2)]
  credited per range: [('Berakhot', '5a', '5a', 5), ('Berakhot', '20b', '21a', 13), ('Berakhot', '35a', '35b', 3), ('Berakhot', '41a', '44a', 2), ('Berakhot', '48b', '49b', 9), ('Yoma', '74b', '76a', 35), ('Sotah', '4b', '5a', 6), ('Makkot', '13b', '13b', 2), ('Eruvin', '96a', '96a', 14)]
  the Mishnah Berakhot / Bikkurim rows credited: ['Mishnah Berakhot 6:3', 'Mishnah Berakhot 7:1', 'Mishnah Bikkurim 1:2', 'Mishnah Bikkurim 1:3', 'Mishnah Bikkurim 1:9']
dump <scratch>/ch8_docket_dump.txt 273775 bytes 1355 lines
THE RANGES SIZED:
  Mishnah_Berakhot       (6, 1)-(7, 5)   13 rows,   0 link rows
  Mishnah_Bikkurim       (1, 1)-(1, 11)   11 rows,   0 link rows
  Berakhot                   5a-5a       24 rows,   1 link rows
  Berakhot                  20b-21a      39 rows,   2 link rows
  Berakhot                  35a-35b      44 rows,   0 link rows
  Berakhot                  41a-44a     100 rows,   2 link rows
  Berakhot                  48b-49b      53 rows,   1 link rows
  Yoma                      74b-76a      69 rows,   2 link rows
  Sotah                      4b-5a       39 rows,   2 link rows
  Makkot                    13b-13b      21 rows,   0 link rows
  Eruvin                    96a-96a      14 rows,   0 link rows
