==== A0. THE TWO DIVISIONS — the export's chapter 9 against the DB's
  DB verses 29 | export verses HE 29 EN 29 | per-chapter export lengths vs DB, chapters 1-9: [(5, 30, 33)]
  the alignment cost 37 | export verses mapped to MORE THAN ONE DB verse: {}
  the offset per export verse (DB minus export, the first DB verse of each): Counter({0: 29}) | the runs: [(1, 1, 1), (16, 16, 16), (17, 17, 17), (18, 18, 18), (19, 19, 19)]
  the shared export verse against its DB verses (tokens, negations): []
==== A. THE SHELF BY POSITION — the Sifrei on Deuteronomy around chapter 9
  piskaot 357 357 rows 2357 2357
  heads 34-39 (HE first citation | rows | EN first quote):
    34 head (6, 7) | HE rows 10 EN rows 10 | 'And drill them (shinantem)85The root, sh-n-n, is etymologica'
    35 head (6, 8) | HE rows 12 EN rows 12 | 'And bind them'
    36 head (6, 9) | HE rows 10 EN rows 10 | 'And inscribe them (ketavtam)'
    37 head (11, 10) | HE rows 16 EN rows 16 | 'And as a result of obeying these laws . . .then HASHEM your '
    38 head (11, 10) | HE rows 11 EN rows 11 | 'It is not like the land of Egypt'
    39 head (11, 11) | HE rows 11 EN rows 11 | 'But the Land, which you are crossing to possess,is a land of'
  heads whose chapter is 9 : [] | heads by chapter 1-9: [(1, 24), (3, 4), (6, 6), (11, 21), (12, 20), (13, 14), (14, 14), (15, 16), (16, 19)]
  HE rows citing Deut 9 (the export's verse → the DB's): 7 [(14, 1, 9, [9]), (25, 4, 1, [1]), (26, 7, 25, [25]), (26, 7, 26, [26]), (27, 2, 14, [14]), (306, 25, 9, [9]), (357, 44, 17, [17])]
  EN rows citing Deut 9 : 9 [(14, 1, 9, [9]), (25, 4, 1, [1]), (26, 7, 25, [25]), (26, 7, 26, [26]), (27, 2, 14, [14]), (306, 25, 9, [9]), (342, 1, 8, [8]), (342, 1, 7, [7]), (357, 44, 17, [17])]
  EN "ibid 9:n" candidates: 0
  the union of rows (both files): 7 [(14, 1), (25, 4), (26, 7), (27, 2), (306, 25), (342, 1), (357, 44)]
  outside rows file bytes 15167
==== B. ONKELOS chapter 9 and the DB (the dump per DB verse; a shared export row printed at its first DB verse)
  the store's chapter 9 verses 29 | verses whose store token count differs from the DB: []
  token count chapter 9 : 499
  onkelos dump bytes 42054
==== C. THE PARSER on every verse of chapter 9
  9:9   N [40, 40]                 O []             marked []
  9:10  N [2]                      O []             marked ['שני^']
  9:11  N [40, 40, 2]              O []             marked ['שני^']
  9:15  N [2, 2]                   O []             marked ['ושני^', 'שתי^']
  9:17  N [2, 2]                   O []             marked ['בשני^', 'שתי^']
  9:18  N [40, 40]                 O []             marked []
  9:25  N [40, 40]                 O []             marked []
  number-word tokens present per verse (the bare check against the parser): {'9:5': ['נשבע'], '9:9': ['ארבעים', 'וארבעים'], '9:10': ['שני'], '9:11': ['ארבעים', 'וארבעים', 'שני'], '9:15': ['ושני', 'שתי'], '9:17': ['בשני', 'שתי'], '9:18': ['ארבעים', 'וארבעים'], '9:25': ['ארבעים', 'ארבעים']}
  9:1 tokens: ['שמע', 'ישראל', 'אתה', 'עבר', 'היום', 'את', 'הירדן', 'לבא', 'לרשת', 'גוים', 'גדלים', 'ועצמים', 'ממך', 'ערים', 'גדלת', 'ובצרת', 'בשמים']
  9:5 tokens: ['לא', 'בצדקתך', 'ובישר', 'לבבך', 'אתה', 'בא', 'לרשת', 'את', 'ארצם', 'כי', 'ברשעת', 'הגוים', 'האלה', 'יהוה', 'אלהיך', 'מורישם', 'מפניך', 'ולמען', 'הקים', 'את', 'הדבר', 'אשר', 'נשבע', 'יהוה', 'לאבתיך', 'לאברהם', 'ליצחק', 'וליעקב']
  9:9 tokens: ['בעלתי', 'ההרה', 'לקחת', 'לוחת', 'האבנים', 'לוחת', 'הברית', 'אשר', 'כרת', 'יהוה', 'עמכם', 'ואשב', 'בהר', 'ארבעים', 'יום', 'וארבעים', 'לילה', 'לחם', 'לא', 'אכלתי', 'ומים', 'לא', 'שתיתי']
  9:10 tokens: ['ויתן', 'יהוה', 'אלי', 'את', 'שני^', 'לוחת', 'האבנים', 'כתבים', 'באצבע', 'אלהים', 'ועליהם', 'ככל', 'הדברים', 'אשר', 'דבר', 'יהוה', 'עמכם', 'בהר', 'מתוך', 'האש', 'ביום', 'הקהל']
  9:11 tokens: ['ויהי', 'מקץ', 'ארבעים', 'יום', 'וארבעים', 'לילה', 'נתן', 'יהוה', 'אלי', 'את', 'שני^', 'לחת', 'האבנים', 'לחות', 'הברית']
  9:15 tokens: ['ואפן', 'וארד', 'מן', 'ההר', 'וההר', 'בער', 'באש', 'ושני^', 'לחת', 'הברית', 'על', 'שתי^', 'ידי']
  9:17 tokens: ['ואתפש', 'בשני^', 'הלחת', 'ואשלכם', 'מעל', 'שתי^', 'ידי', 'ואשברם', 'לעיניכם']
  9:18 tokens: ['ואתנפל', 'לפני', 'יהוה', 'כראשנה', 'ארבעים', 'יום', 'וארבעים', 'לילה', 'לחם', 'לא', 'אכלתי', 'ומים', 'לא', 'שתיתי', 'על', 'כל', 'חטאתכם', 'אשר', 'חטאתם', 'לעשות', 'הרע', 'בעיני', 'יהוה', 'להכעיסו']
  9:25 tokens: ['ואתנפל', 'לפני', 'יהוה', 'את', 'ארבעים', 'היום', 'ואת', 'ארבעים', 'הלילה', 'אשר', 'התנפלתי', 'כי', 'אמר', 'יהוה', 'להשמיד', 'אתכם']
  9:29 tokens: ['והם', 'עמך', 'ונחלתך', 'אשר', 'הוצאת', 'בכחך', 'הגדל', 'ובזרעך', 'הנטויה']
==== D. CASE TOKENS, FRAMES, REGISTER, NAMES
  case tokens (כי "when/for" / אם "if" / ואם / או "or" / פן "lest"): {'9:3': ['כי'], '9:5': ['כי'], '9:6': ['כי', 'כי'], '9:12': ['כי'], '9:19': ['כי'], '9:25': ['כי'], '9:28': ['פן']}
  divine frames (ויאמר/וידבר + יהוה): ['9:12', '9:13']
  לאמר "saying" seats: ['9:4', '9:13', '9:23']
  narrative-form verbs (V.w) per verse: {8: ['ויתאנף'], 9: ['ואשב'], 10: ['ויתן'], 11: ['ויהי'], 12: ['ויאמר'], 13: ['ויאמר'], 15: ['ואפן', 'וארד'], 16: ['וארא'], 17: ['ואתפש', 'ואשלכם', 'ואשברם'], 18: ['ואתנפל'], 19: ['וישמע'], 20: ['ואתפלל'], 21: ['ואשרף', 'ואכת', 'ואשלך'], 23: ['ותמרו'], 25: ['ואתנפל'], 26: ['ואתפלל', 'ואמר']}
  first-person verb forms (1cs / 1cp) per verse: {4: [('הביאני', 'HVhp3ms/Sp1cs')], 9: [('אכלתי', 'HVqp1cs'), ('שתיתי', 'HVqp1cs')], 12: [('צויתם', 'HVpp1cs/Sp3mp')], 13: [('ראיתי', 'HVqp1cs')], 18: [('אכלתי', 'HVqp1cs'), ('שתיתי', 'HVqp1cs')], 19: [('יגרתי', 'HVqp1cs')], 21: [('לקחתי', 'HVqp1cs')], 23: [('נתתי', 'HVqp1cs')], 24: [('דעתי', 'HVqc/Sp1cs')], 25: [('התנפלתי', 'HVtp1cs')], 28: [('הוצאתנו', 'HVhp2ms/Sp1cp')]}
  imperatives (Vq.v / Vp.v / Vh.v) per verse: {}
  prohibitions לא + imperfect (the ten's form) per verse: {5: [], 6: [], 9: [], 18: [], 23: []}
  name tokens (Np): {1: ['ישראל', 'הירדן'], 2: ['ענק'], 3: ['יהוה', 'יהוה'], 4: ['יהוה', 'יהוה', 'יהוה'], 5: ['יהוה', 'נשבע', 'יהוה', 'לאברהם', 'ליצחק', 'וליעקב'], 6: ['יהוה'], 7: ['יהוה', 'מצרים', 'יהוה'], 8: ['ובחרב', 'יהוה', 'יהוה'], 9: ['יהוה'], 10: ['יהוה', 'יהוה'], 11: ['יהוה'], 12: ['יהוה', 'ממצרים'], 13: ['יהוה'], 16: ['ליהוה', 'יהוה'], 18: ['יהוה', 'יהוה'], 19: ['יהוה', 'יהוה'], 20: ['ובאהרן', 'יהוה', 'אהרן'], 22: ['ובתבערה', 'ובמסה', 'ובקברת', 'התאוה', 'יהוה'], 23: ['יהוה', 'מקדש', 'ברנע', 'יהוה'], 24: ['יהוה'], 25: ['יהוה', 'יהוה'], 26: ['יהוה', 'יהוה', 'ממצרים'], 27: ['לאברהם', 'ליצחק', 'וליעקב'], 28: ['יהוה']}
  second-person plural vs singular (2mp / 2ms tokens per verse): {1: (0, 3), 2: (0, 4), 3: (0, 6), 4: (0, 5), 5: (0, 6), 6: (0, 5), 7: (2, 5), 8: (3, 0), 9: (1, 0), 10: (1, 0), 11: (0, 0), 12: (0, 4), 13: (0, 0), 14: (0, 2), 15: (0, 0), 16: (6, 0), 17: (1, 0), 18: (2, 0), 19: (2, 0), 20: (0, 0), 21: (2, 0), 22: (1, 0), 23: (8, 0), 24: (2, 0), 25: (1, 0), 26: (0, 6), 27: (0, 3), 28: (0, 1), 29: (0, 5)}
==== E. THE REGISTER GATE on Deut 9
  dispositions naming Deut 9: []
  REGISTER_INDEX lines on Deut 9:
==== F. THE PRIOR READS
  ledgers with an Onkelos Deut 9 row: []
  prior Sifrei Devarim rows anywhere (strict form), those among the outside rows: [('deu_01_03_devarim_2026-09-15.md', 14, 1), ('deu_01_03_devarim_2026-09-15.md', 25, 4), ('deu_01_03_devarim_2026-09-15.md', 26, 7), ('deu_01_03_devarim_2026-09-15.md', 27, 2), ('gen_29_separation_promise_2026-08-25.md', 25, 4)] | all prior rows count 313
  ledgers NAMING a verse of Deut 9: 12
    ('erection_docket_2026-09-06.md', 1, ['Deut 9:21'])
    ('exo_29_investiture_2026-09-01.md', 1, ['Deuteronomy 9:20'])
    ('lev_08_milluim_2026-09-03.md', 1, ['Deut 9:20'])
    ('lev_26_blessings_curses_2026-09-05.md', 1, ['Deut 9:7'])
    ('num_01_levites_exempt_2026-09-09.md', 1, ['Deut 9:19'])
    ('num_03_levite_clans_count_2026-09-09.md', 1, ['Deut 9:19'])
    ('num_11_complaint_quail_2026-09-10.md', 6, ['Deut 9:22'])
    ('num_12_miriam_2026-09-10.md', 1, ['Deut 9:18'])
    ('num_13_spies_sent_2026-09-10.md', 2, ['Deut 9:11'])
    ('num_14_rejection_2026-09-10.md', 5, ['Deut 9:14', 'Deut 9:23', 'Deut 9:28'])
    ('num_32_gad_reuben_2026-09-12.md', 2, ['Deuteronomy 9:16'])
    ('num_33_journeys_2026-09-12.md', 4, ['Deuteronomy 9:12', 'Deuteronomy 9:22'])
  ledgers with an Onkelos Exod 24 or 32 row (the kin's reading — the forty days 24:12-18, the calf 32:1-35): ['erection_docket_2026-09-06.md', 'exo_24_covenant_ascent_2026-09-01.md', 'exo_32_golden_calf_2026-09-01.md'] | Mekhilta rows on Exod 16/17 anywhere: 8 | ledgers with an Onkelos Num 11, 14, 20 or 21 row (the craving 11:4-9, the forty years 14:33-34, Meribah 20:1-13, the serpents 21:4-9): ['num_11_complaint_quail_2026-09-10.md', 'num_14_rejection_2026-09-10.md', 'num_20_meribah_edom_aaron_2026-09-11.md', 'num_21_snakes_conquest_2026-09-11.md']
==== G. THE DRAFTS
  deu_08_manna_humility: refs 8:1-20; steps (8, 1)..(8, 20) n=20; draft False; operators True; depends_on ['    - "deu_07_nations_cherem"\n    - "exo_16_manna_shabbat"\n']; scenarios 27; binary_trees True; step E True; comment lines 25
  deu_09_not_righteousness: refs 9:1-29; steps (9, 1)..(9, 29) n=29; draft True; operators False; depends_on ['    - "deu_08_manna_humility"\n    - "exo_32_golden_calf"\n']; scenarios 36; binary_trees True; step E False; comment lines 33
    the step verses: [1, 2, 3, 4, 5, 6, 7, 8, 9, 10, 11, 12, 13, 14, 15, 16, 17, 18, 19, 20, 21, 22, 23, 24, 25, 26, 27, 28, 29] | covers DB 29 ? True
  the units' claim prefixes present anywhere? {'DV09': 0, 'DV09A': 0, 'DV09B': 0, 'DV08': 2, 'DV10': 0}
  existing manifests deu_09*: [] | ledgers deu_*: ['deu_01_03_devarim_2026-09-15.md', 'deu_01_03_devarim_exam_2026-09-15.md', 'deu_04_vaetchanan_2026-09-16.md', 'deu_04_vaetchanan_exam_2026-09-16.md', 'deu_05_vaetchanan_2026-09-16.md', 'deu_05_vaetchanan_exam_2026-09-16.md', 'deu_06_vaetchanan_2026-09-17.md', 'deu_06_vaetchanan_exam_2026-09-17.md', 'deu_07_vaetchanan_ekev_2026-09-17.md', 'deu_07_vaetchanan_ekev_exam_2026-09-18.md', 'deu_08_ekev_2026-09-18.md', 'deu_08_ekev_exam_2026-09-19.md']
  unit count and standing (CORPUS_TRUTH literals): []
==== H. THE STORE'S GLOSSES on chapter 9
  gloss Counter (the 50 commonest): [('YHWH', 33), ('which', 20), ('obj-marker·et', 18), ('that', 7), ('not', 6), ('obj-marker·et-you/your (pl)', 6), ('meaning-to-glisten', 6), ('God-you/your', 5), ('the-earth', 5), ('the-this', 5), ('forty', 5), ('to-me/my', 5), ('you', 4), ('the-day', 4), ('hurrying', 4), ('do-not', 4), ('crack-off', 4), ('bring-forth', 4), ('two', 4), ('from', 4), ('to', 4), ('hear', 3), ('to-possess/inherit', 3), ('great', 3), ('people', 3), ('to-face', 3), ('he/it', 3), ('eat', 3), ('speak', 3), ('say', 3), ('to-say', 3), ('set', 3), ('until', 3), ('be', 3), ('to-desolate', 3), ('the-stone', 3), ('the-covenant', 3), ('day', 3), ('and-forty', 3), ('night', 3), ('and-say', 3), ('people-you/your', 3), ('make', 3), ('son', 2), ('and-know', 2), ('to-face-you/your', 2), ('to-you/your', 2), ('obj-marker·et-them/their', 2), ('the-nation', 2), ('the-these', 2)]
  gloss file bytes 15653
  overrides already for Deut.9: [] | by_ref last Deut.8 line: ['  "Deut.8.20:3": "makes-perish"   # מאביד']
==== I. THE SPINE ON THE CHAPTER — none: no piska head in chapter 9 (the heads by chapter above); the outside rows are the spine here
  the heads whose chapter is 9 : [] | the nearest heads: {36: (6, 9), 37: (11, 10)}
