=== chain 13:16:21
exit 0 TEXT LAYER GREEN: 29 steps, 7 scenarios — deu_09_not_righteousness
=== ritual deu_09_not_righteousness 13:16:22
exit 0 Manual next: watchlist (logic/middot_scan/), state-doc update, owner commit word.
ALL_DONE
verify_text: TEXT LAYER GREEN: 29 steps, 7 scenarios — deu_09_not_righteousness
=== fold 13:17:15
=== CHECK AFTER THE BAKE
CORPUS TRUTH GREEN — one world, 223 units, 1809 facts, 341 demands (191 open), hash 8b8fff1fa28953af
27:assert len(W["units"]) == 223
32:assert len(W["standing"]) == 2221
37:assert corpus_world._state_hash(W) == '8b8fff1fa28953af'
=== build_world 13:18:44
exit 0 |   ALL GREEN — the one database agrees with the fold
=== journal_gate 13:19:46
exit 0 | GATE GREEN — the replay is the audit, the running world is the instrument
=== register_gate 13:22:33
exit 0 | THE REGISTER GATE: GREEN
=== large_letter 13:22:35
exit 0 | 6/6
=== home_gate 13:22:36
exit 0 | THE HOME-PATH GATE: GREEN — 0 tracked text files carry a username or a home path
ALL GREEN 13:22:38
