18 failing statements
--- line 79: assert '(דברים ט א)' in HB0(25, 4) and 'לשון הבאי' in HB0(25, 4) and 'רבן שמעון בן גמליאל' in HB0(25, 4) and '(בראשית כו ד)' in HB0(25, 4) and 'hyperbole' in E(
    AssertionError()
--- line 81: assert 'קל וחומר' in HB0(27, 2) and 'הרף ממני ואשמידם' in HB0(27, 2) and 'תפוס' in HB0(27, 2) and '(Dt.9:14)' in E(27, 2) and 'logic' in E(27, 2) and 'grab' in 
    AssertionError()
--- line 256: with contextlib.redirect_stdout(io.StringIO()):     import cold_run_sequence as CS
    ERROR ModuleNotFoundError("No module named 'cold_run_sequence'")
--- line 258: NUMS = {v: CS.ink_numbers(CS.verse_words('Deut', 9, v)) for v in range(1, 30)}
    ERROR NameError("name 'CS' is not defined")
--- line 259: ORDS = {v: CS.ink_ordinals(CS.verse_words('Deut', 9, v)) for v in range(1, 30)}
    ERROR NameError("name 'CS' is not defined")
--- line 260: assert {v: n for v, n in NUMS.items() if n} == {9: [40, 40], 10: [2], 11: [40, 40, 2], 15: [2, 2], 17: [2, 2], 18: [40, 40], 25: [40, 40]} and all(o == [] for o
    ERROR NameError("name 'NUMS' is not defined")
--- line 261: assert CS.verse_words('Deut', 9, 10)[4] == 'שני^' and CS.verse_words('Deut', 9, 15)[7:] == ['ושני^', 'לחת', 'הברית', 'על', 'שתי^', 'ידי'] and CS.verse_words('De
    ERROR NameError("name 'CS' is not defined")
--- line 262: assert [(b, c, v, CS.ink_numbers(CS.verse_words(b, c, v))) for b, c, v in (('Exod', 24, 18), ('Exod', 34, 28), ('Exod', 31, 18), ('Exod', 32, 15), ('Deut', 4, 1
    ERROR NameError("name 'CS' is not defined")
--- line 263: assert CS.ink_ordinals(CS.verse_words('Deut', 10, 4)) == [1] and CS.ink_ordinals(CS.verse_words('Exod', 34, 28)) == []
    ERROR NameError("name 'CS' is not defined")
--- line 296: assert {v: sum(1 for x in W9(v) if x in ('יהוה', 'ליהוה', 'ויהוה', 'ביהוה', 'מיהוה')) for v in range(1, 30) if any(x in ('יהוה', 'ליהוה', 'ויהוה', 'ביהוה', 'מיה
    AssertionError()
--- line 319: assert SHN(D9(17), ('Exod', 32, 19)) == 0 and SHN(D9(18), ('Exod', 34, 28)) == 10 and SHN(D9(19), ('Deut', 10, 10)) == 6 and SHN(D9(19), ('Exod', 32, 14)) == 0 
    AssertionError()
--- line 321: assert SHN(D9(26), ('1Kgs', 8, 51)) == 5 and SHN(D9(26), ('Exod', 32, 11)) == 5 and SHN(D9(27), ('Exod', 32, 13)) == 3 and SHARED(D9(27), ('Exod', 32, 13)) == [
    AssertionError()
--- line 327: assert P('ערים', 'גדלת', 'ובצרת', 'בשמים') == ['Deut 9:1', 'Deut 1:28'] and P('עם', 'גדול', 'ורם') == ['Deut 1:28', 'Deut 9:2'] and len(U('ענקים', 'ענק', 'הענק'
    AssertionError()
--- line 328: assert P('אש', 'אכלה') == ['Deut 4:24', 'Deut 9:3', 'Joel 1:19', 'Joel 2:5'] and P('העבר', 'לפניך') == ['Deut 9:3', 'Deut 31:3'] and [(s, x) for s, x, _ in LEMT
    AssertionError()
--- line 332: assert [(s, x) for s, x, _ in LEMT('7564', books=T)] == [('Deut 9:4', 'וברשעת'), ('Deut 9:5', 'ברשעת'), ('Deut 25:2', 'רשעתו')] and P('ובישר', 'לבבך') == ['Deut
    AssertionError()
--- line 365: assert U('תבערה', 'ובתבערה', 'בתבערה') == ['Deut 9:22', 'Num 11:3'] and U('מסה', 'ובמסה', 'במסה') == ['Deut 33:8', 'Deut 6:16', 'Deut 9:22', 'Exod 17:7', 'Ps 95
    AssertionError()
--- line 367: assert P('ותמרו', 'את', 'פי') == ['Deut 1:26', 'Deut 1:43', 'Deut 9:23'] and P('מריתם', 'פי') == ['Num 20:24', 'Num 27:14'] and P('פי', 'יהוה', books=('Deut',))
    AssertionError()
--- line 376: assert P('והם', 'עמך', 'ונחלתך') == ['Deut 9:29'] and P('בכחך', 'הגדל', 'ובזרעך', 'הנטויה') == ['Deut 9:29'] and P('בכח', 'גדול') + P('בכחו', 'הגדל') + P('בכחך'
    AssertionError()
