SCANNED 191 works (Talmud / Mishnah / Tosefta, no Yerushalmi, no commentary); the forms: Deuteronomy c:v, Deut. c:v, Dt.c:v; chapter 9 only
LINK rows 16 in 10 works
  Berakhot                         4
  Avodah_Zarah                     2
  Megillah                         2
  Nedarim                          2
  Bava_Batra                       1
  Chullin                          1
  Pesachim                         1
  Tamid                            1
  Tosefta_Avodah_Zarah             1
  Yoma                             1
  the DB verses cited: [(1, 2), (9, 2), (10, 1), (14, 2), (17, 2), (19, 2), (21, 3), (25, 1), (26, 1), (27, 1)]
  the verses NOT cited by anyone: [2, 3, 4, 5, 6, 7, 8, 11, 12, 13, 15, 16, 18, 20, 22, 23, 24, 28, 29]
  LINK Avodah Zarah 44a:1         Deut 9:21              the calf that you had made, I took and burned it with fire, and beat it in pieces, grinding it very small, until it was as fine as dust; and
  LINK Avodah Zarah 52a:4         Deut 9:21              The Gemara challenges: But one could say that a Jew’s idol is forbidden only once it is worshipped, just as a gentile’s idol is forbidden on
  LINK Bava Batra 9b:7            Deut 9:19              § The Gemara resumes its discussion of the virtues of giving charity. Rabbi Elazar said: One who performs acts of charity in secret is great
  LINK Berakhot 7a:35             Deut 9:14              From where do we derive that all of God’s promises are fulfilled? We know this from Moses our teacher, as God promised and said: “Leave Me a
  LINK Berakhot 32a:14            Deut 9:14              The Gemara elaborates upon additional aspects of the sin of the Golden Calf. It is stated: “And the Lord said to Moses: Go and descend, for 
  LINK Berakhot 32b:8             Deut 9:26 Deut 9:27    The Gemara cites other statements in praise of prayer: Rabbi Ḥanin said that Rabbi Ḥanina said: Anyone who prolongs his prayer is assured th
  LINK Berakhot 34a:11            Deut 9:25              Continuing on the subject of prayer, the Sages taught: There was an incident where one student descended to serve as prayer leader before th
  LINK Chullin 90b:12             Deut 9:1               The Torah spoke employing exaggerated language, as it is written: “Hear, Israel: You are passing over the Jordan this day, to go in to dispo
  LINK Megillah 19b:5             Deut 9:10              And Rabbi Ḥiyya bar Abba further said that Rabbi Yoḥanan said: What is the meaning of that which is written: “And the Lord delivered to me t
  LINK Megillah 21a:17            Deut 9:9               The Gemara points out an apparent contradiction with regard to this very issue. One verse says: “And I sat [va’eshev] on the mount” (Deutero
  LINK Nedarim 32a:4              Deut 9:19              At that moment, Moses our teacher wanted to kill them, as it is stated: “Cease from anger [af ] and forsake wrath [ḥeima]” (Psalms 37:8), wh
  LINK Nedarim 38a:8              Deut 9:17              Rather, the fact that Moses was mighty is derived from this verse, as it is written: “And I took hold of the two tablets, and cast them out 
  LINK Pesachim 87b:22            Deut 9:17              And this is expressed in the statement of Rabbi Alexandri, who said: There are three that returned to their points of origin, and these are 
  LINK Tamid 29a:8                Deut 9:1               The Gemara cites examples for this statement: The Torah spoke employing exaggerated language, as it is written: “Hear, Israel: You are passi
  LINK Tosefta Avodah Zarah 4:3   Deut 9:21              The one who sells his slave to an idolators fair, his money [that is, the money resulting from his sale] is prohibited and he must take it t
  LINK Yoma 75b:11                Deut 9:9               The Sages taught: The Torah states: “And He caused manna to rain upon them for food, and He gave them of the grain of heaven. Man did eat th
Mishnah_Avodah_Zarah mishnayot (3, 1)..(3, 10) (10): 10 rows, 0 link rows
Mishnah_Ta_anit mishnayot [(4, 6), (4, 7)]: 2 rows, 0 link rows
Pirkei_Avot mishnayot [(5, 4), (5, 6)]: 2 rows, 0 link rows
Mishnah_Megillah mishnayot [(4, 10)]: 1 rows, 0 link rows
Mishnah_Yoma mishnayot [(8, 8), (8, 9)]: 2 rows, 0 link rows
Taanit 26a-26a: 14 segments in the range, 0 of them link rows
Berakhot 32a-32b: 64 segments in the range, 2 of them link rows
Berakhot 7a-7a: 36 segments in the range, 1 of them link rows
Shabbat 87a-89a: 40 segments in the range, 0 of them link rows
Menachot 99a-99b: 35 segments in the range, 0 of them link rows
Bava_Batra 14b-14b: 12 segments in the range, 0 of them link rows
Taanit 28b-29a: 34 segments in the range, 0 of them link rows
Avodah_Zarah 43b-44a: 39 segments in the range, 1 of them link rows
Sanhedrin 102a-102a: 18 segments in the range, 0 of them link rows
Beitzah 25b-25b: 16 segments in the range, 0 of them link rows
Shabbat 55a-55a: 18 segments in the range, 0 of them link rows
Arakhin 15a-15a: 21 segments in the range, 0 of them link rows
Yoma 86b-86b: 19 segments in the range, 0 of them link rows
TOPIC rows 379 (the Mishnah rows + the folio ranges whole; link-duplicates dropped)
   [('Berakhot', 97), ('Shabbat', 58), ('Taanit', 48), ('Avodah Zarah', 38), ('Menachot', 35), ('Arakhin', 21), ('Yoma', 19), ('Sanhedrin', 18), ('Beitzah', 16), ('Bava Batra', 12), ('Mishnah Avodah Zarah', 10), ('Mishnah Ta anit', 2), ('Pirkei Avot', 2), ('Mishnah Yoma', 2), ('Mishnah Megillah', 1)]
Vayikra_Rabbah 10:5: 1 rows
Devarim_Rabbah 2:1: 1 rows
MIDRASH RANGE Seder_Olam_Rabbah 6 0 list index out of range
SHABBAT 86b-89b BY AMUD (segments; the first 90 characters of each amud):
    86b   5  The Gemara asks: Didn’t some of the people have status of those who immersed themselves du
    87a   9  On the third day of the week, God said to them the mitzva of setting boundaries around Mou
    87b   7  the sixth day from their encampment. Rav Aḥa bar Ya’akov said: The sixth day from the star
    88a   9  and according to the Rabbis, they established eight months that were lacking.
    88b   8  who proceed wholeheartedly and with integrity, it is written: “The integrity of the uprigh
    89a   7  idols that you require this special warning? Again Moses asked: What else is written in it
    89b   9  because the Jewish people were fruitful [paru] and multiplied in it; the Sinai Desert, bec
BERAKHOT 32a-32b BY AMUD: [('32a', 33), ('32b', 31)]
PRIOR READS (credited): 163 addresses of 397
  by ledger: [('EXOD_TALMUD_TRIAGE_LEDGER.md', 52), ('erection_docket_2026-09-06.md', 41), ('deu_04_vaetchanan_exam_2026-09-16.md', 35), ('exodus_block_decalogue_2026-09-04.md', 15), ('exodus_block_covenant_2026-09-04.md', 15), ('num_13_15_shelach_exam_2026-09-10.md', 14), ('deu_05_vaetchanan_exam_2026-09-16.md', 11), ('deu_07_vaetchanan_ekev_exam_2026-09-18.md', 11), ('num_01_04_bamidbar_exam_2026-09-09.md', 9), ('num_08_12_beha_exam_2026-09-10.md', 7), ('talmud_triage_gen_2026-09-01.md', 5), ('exodus_block_calendar_2026-09-04.md', 4), ('ordinances_topic_docket_2026-09-06.md', 4), ('deu_01_03_devarim_exam_2026-09-15.md', 4), ('gen_06_land_adam_dominion_2026-08-23.md', 3)]
  credited per range: [('Taanit', '26a', '26a', 2), ('Berakhot', '32a', '32b', 45), ('Berakhot', '7a', '7a', 14), ('Shabbat', '87a', '89a', 29), ('Menachot', '99a', '99b', 15), ('Bava_Batra', '14b', '14b', 0), ('Taanit', '28b', '29a', 8), ('Avodah_Zarah', '43b', '44a', 15), ('Sanhedrin', '102a', '102a', 3), ('Beitzah', '25b', '25b', 0), ('Shabbat', '55a', '55a', 0), ('Arakhin', '15a', '15a', 9), ('Yoma', '86b', '86b', 2)]
  the Mishnah rows credited: ['Mishnah Avodah Zarah 3:1', 'Mishnah Avodah Zarah 3:10', 'Mishnah Avodah Zarah 3:2', 'Mishnah Avodah Zarah 3:3', 'Mishnah Avodah Zarah 3:4', 'Mishnah Avodah Zarah 3:5', 'Mishnah Avodah Zarah 3:6', 'Mishnah Avodah Zarah 3:7', 'Mishnah Avodah Zarah 3:8', 'Mishnah Avodah Zarah 3:9', 'Mishnah Megillah 4:10', 'Mishnah Ta anit 4:6', 'Mishnah Ta anit 4:7', 'Mishnah Yoma 8:8', 'Mishnah Yoma 8:9']
dump <scratch>/ch9_docket_dump.txt 262682 bytes 1193 lines
THE RANGES SIZED:
  Mishnah_Avodah_Zarah   (3, 1)-(3, 10)   10 rows,   0 link rows
  Mishnah_Ta_anit        (4, 6)-(4, 7)    2 rows,   0 link rows
  Pirkei_Avot            (5, 4)-(5, 6)    2 rows,   0 link rows
  Mishnah_Megillah       (4, 10)-(4, 10)    1 rows,   0 link rows
  Mishnah_Yoma           (8, 8)-(8, 9)    2 rows,   0 link rows
  Taanit                    26a-26a      14 rows,   0 link rows
  Berakhot                  32a-32b      64 rows,   2 link rows
  Berakhot                   7a-7a       36 rows,   1 link rows
  Shabbat                   87a-89a      40 rows,   0 link rows
  Menachot                  99a-99b      35 rows,   0 link rows
  Bava_Batra                14b-14b      12 rows,   0 link rows
  Taanit                    28b-29a      34 rows,   0 link rows
  Avodah_Zarah              43b-44a      39 rows,   1 link rows
  Sanhedrin                102a-102a     18 rows,   0 link rows
  Beitzah                   25b-25b      16 rows,   0 link rows
  Shabbat                   55a-55a      18 rows,   0 link rows
  Arakhin                   15a-15a      21 rows,   0 link rows
  Yoma                      86b-86b      19 rows,   0 link rows
