verses scanned 23213; MOVED 83 — the Torah 15 in 14 verses (predicted 13 verses / 14 tokens), outside 69; MARKED ONLY 5
  MOVED 1Chr 2:52  numbers [] -> ['1/2']   [חצי%]
  MOVED 1Chr 2:54  numbers [] -> ['1/2']   [וחצי%]
  MOVED 1Chr 5:18  numbers ['44760'] -> ['1/2', '44760']   [וחצי%]
  MOVED 1Chr 5:23  numbers [] -> ['1/2']   [חצי%]
  MOVED 1Chr 5:26  numbers [] -> ['1/2']   [ולחצי%]
  MOVED 1Chr 6:46  numbers ['10'] -> ['1/2', '1/2', '10']   [ממחצית% חצי%]
  MOVED 1Chr 6:55  numbers [] -> ['1/2']   [וממחצית%]
  MOVED 1Chr 6:56  numbers [] -> ['1/2']   [חצי%]
  MOVED 1Chr 12:32  numbers ['10000'] -> ['1/2', '10000']   [ומחצי%]
  MOVED 1Chr 12:38  numbers ['120000'] -> ['1/2', '120000']   [וחצי%]
  MOVED 1Chr 26:32  numbers ['2700'] -> ['2700', '1/2']   [אלפים~ וחצי%]
  MOVED 1Chr 27:20  numbers [] -> ['1/2']   [לחצי%]
  MOVED 1Chr 27:21  numbers [] -> ['1/2']   [לחצי%]
  MOVED 1Kgs 3:25  numbers ['2', '1', '1'] -> ['2', '1/2', '1', '1/2', '1']   [החצי% החצי%]
  MOVED 1Kgs 7:35  numbers [] -> ['1/2']   [חצי%]
  MOVED 1Kgs 13:8  numbers [] -> ['1/2']   [חצי%]
  MOVED 1Kgs 16:9  numbers [] -> ['1/2']   [מחצית%]
  MOVED 1Kgs 16:21  numbers [] -> ['1/2', '1/2']   [חצי% והחצי%]
  MOVED 1Sam 14:14  numbers ['20'] -> ['20', '1/2']   [כבחצי%]
  MOVED 2Chr 9:6  numbers [] -> ['1/2']   [חצי%]
  MOVED 2Sam 10:4  numbers [] -> ['1/2']   [חצי%]
  MOVED 2Sam 19:41  numbers [] -> ['1/2']   [חצי%]
  MOVED Deut 3:12  numbers [] -> ['1/2']   [וחצי%]
  MOVED Deut 3:13  numbers [] -> ['1/2']   [לחצי%]
  MOVED Deut 29:7  numbers [] -> ['1/2']   [ולחצי%]
  MOVED Esth 5:3  numbers [] -> ['1/2']   [חצי%]
  MOVED Esth 5:6  numbers [] -> ['1/2']   [חצי%]
  MOVED Esth 7:2  numbers [] -> ['1/2']   [חצי%]
  MOVED Exod 12:29  numbers [] -> ['1/2']   [בחצי%]
  MOVED Exod 24:6  numbers [] -> ['1/2', '1/2']   [חצי% וחצי%]
  MOVED Exod 26:12  numbers [] -> ['1/2']   [חצי%]
  MOVED Exod 27:5  numbers [] -> ['1/2']   [חצי%]
  MOVED Exod 30:15  numbers [] -> ['1/2']   [ממחצית%]
  MOVED Ezek 16:51  numbers [] -> ['1/2']   [כחצי%]
  MOVED Ezek 43:17  numbers ['14', '14', '4', '1'] -> ['14', '14', '4', '1/2', '1']   [חצי% אמה@]
  MOVED Jer 17:11  numbers ['10'] -> ['10', '1/2']   [בחצי%]
  MOVED Josh 1:12  numbers [] -> ['1/2']   [ולחצי%]
  MOVED Josh 4:12  numbers [] -> ['1/2']   [וחצי% חמשים*]
  MOVED Josh 10:13  numbers [] -> ['1/2']   [בחצי%]
  MOVED Josh 12:2  numbers [] -> ['1/2']   [וחצי%]
  MOVED Josh 12:5  numbers [] -> ['1/2']   [וחצי%]
  MOVED Josh 12:6  numbers [] -> ['1/2']   [ולחצי%]
  MOVED Josh 13:7  numbers ['9'] -> ['9', '1/2']   [וחצי%]
  MOVED Josh 13:25  numbers [] -> ['1/2']   [וחצי%]
  MOVED Josh 13:29  numbers [] -> ['1/2', '1/2']   [לחצי% לחצי%]
  MOVED Josh 13:31  numbers [] -> ['1/2', '1/2']   [וחצי% לחצי%]
  MOVED Josh 14:2  numbers ['9'] -> ['9', '1/2']   [וחצי%]
  MOVED Josh 14:3  numbers ['2'] -> ['2', '1/2']   [וחצי%]
  MOVED Josh 18:7  numbers [] -> ['1/2']   [וחצי%]
  MOVED Josh 21:5  numbers ['10'] -> ['1/2', '10']   [ומחצי%]
  MOVED Josh 21:6  numbers ['13'] -> ['1/2', '13']   [ומחצי%]
  MOVED Josh 21:25  numbers ['2'] -> ['1/2', '2']   [וממחצית%]
  MOVED Josh 21:27  numbers ['2'] -> ['1/2', '2']   [מחצי%]
  MOVED Josh 22:1  numbers [] -> ['1/2']   [ולחצי%]
  MOVED Josh 22:7  numbers [] -> ['1/2']   [ולחצי%]
  MOVED Josh 22:9  numbers [] -> ['1/2']   [וחצי%]
  MOVED Josh 22:10  numbers [] -> ['1/2']   [וחצי%]
  MOVED Josh 22:11  numbers [] -> ['1/2']   [וחצי%]
  MOVED Josh 22:13  numbers [] -> ['1/2']   [חצי%]
  MOVED Josh 22:15  numbers [] -> ['1/2']   [חצי%]
  MOVED Josh 22:21  numbers [] -> ['1/2']   [וחצי%]
  MOVED Judg 16:3  numbers [] -> ['1/2', '1/2']   [חצי% בחצי%]
  MOVED Neh 3:9  numbers [] -> ['1/2']   [חצי%]
  MOVED Neh 3:12  numbers [] -> ['1/2']   [חצי%]
  MOVED Neh 3:16  numbers [] -> ['1/2']   [חצי%]
  MOVED Neh 3:17  numbers [] -> ['1/2']   [חצי%]
  MOVED Neh 3:18  numbers [] -> ['1/2']   [חצי%]
  MOVED Neh 4:10  numbers [] -> ['1/2']   [חצי%]
  MOVED Neh 8:3  numbers [] -> ['1/2']   [מחצית%]
  MOVED Neh 12:32  numbers [] -> ['1/2']   [וחצי%]
  MOVED Neh 12:38  numbers [] -> ['1/2']   [וחצי%]
  MOVED Neh 12:40  numbers ['2'] -> ['2', '1/2']   [וחצי%]
  MOVED Neh 13:24  numbers [] -> ['1/2']   [חצי%]
  MOVED Num 12:12  numbers [] -> ['1/2']   [חצי%]
  MOVED Num 31:42  numbers [] -> ['1/2']   [וממחצית%]
  MOVED Num 32:33  numbers [] -> ['1/2']   [ולחצי%]
  MOVED Num 34:13  numbers ['9'] -> ['9', '1/2']   [וחצי%]
  MOVED Num 34:14  numbers [] -> ['1/2']   [וחצי%]
  MOVED Num 34:15  numbers ['2'] -> ['2', '1/2']   [וחצי%]
  MOVED Ps 102:25  numbers [] -> ['1/2']   [בחצי%]
  MOVED Ruth 3:8  numbers [] -> ['1/2']   [בחצי%]
  MOVED Zech 14:2  numbers [] -> ['1/2']   [חצי%]
  MOVED Zech 14:4  numbers [] -> ['1/2']   [חצי%]
  MARKED 1Kgs 7:31  ['וחצי%']  numbers [1.5]
  MARKED 1Kgs 7:32  ['וחצי%']  numbers [4, 1, 1.5]
  MARKED Dan 9:27  ['וחצי%']  numbers [1.5]
  MARKED Exod 26:16  ['וחצי%']  numbers [10, 1.5, 1]
  MARKED Exod 36:21  ['וחצי%']  numbers [10, 1.5, 1]
THE TORAH VERSES MOVED: ['Deut 3:12', 'Deut 3:13', 'Deut 29:7', 'Exod 12:29', 'Exod 24:6', 'Exod 26:12', 'Exod 27:5', 'Exod 30:15', 'Num 12:12', 'Num 31:42', 'Num 32:33', 'Num 34:13', 'Num 34:14', 'Num 34:15']
