guard: 97 expectations checked, every one a literal from the answer sheet [honest-pairing guard satisfied]
honest-pairing guard: 113 tests checked, every expectation a literal
probes: 90 ink runs verified in their verses (Exod 1-19)
answer sheet: 12 Mishnah rows and 47 shelf rows verified by their own tokens (Pesachim 10, Avot 5, Sotah 1 and 5, Rosh Hashanah 3, Eduyot 2, Sanhedrin 1; Sotah 11a-13b, Nedarim 31b-32a, Sanhedrin 111a/91a/18a/56b/67b, Shabbat 86b-88a, Zevachim 116a/102a, Arakhin 15a-b, Kiddushin 38a, Sotah 30b, Berakhot 9a-b, Megillah 9a, Pesachim 116a; the Mekhilta)
guard: 172 expectations checked, every one a literal from the answer sheet [honest-pairing guard satisfied]
guard: 66 expectations checked, every one a literal from the answer sheet [honest-pairing guard satisfied]
probes: all 36 token probes fired  [zero-report law satisfied]

guard: 155 expectations checked, every one a literal from the answer sheet [honest-pairing guard satisfied]
probes: all 39 ink-token probes fired (4 imports receipted) [zero-report law satisfied]
censuses: the FIFTH at [13, 15, 19, 27, 31] — forms ['חמישתו', 'חמישית', 'חמשית', 'חמשתו', 'חמשיתו'] (plene at 13 and 15, defective at 19, 27, 31) · the substitute clause at [10, 33] (the vow and the tithe) · holy tokens in 11 verses
routing receipt: cold_run_yovel.tithe_naming() CALLED (3 namings); cold_run_pesach.firstborn(donkey) CALLED -> 'redeem with a lamb, else break the neck'
answer sheet: 20 Mishnah rows token-verified in their own ink
guard: 41 test rows, every expected value a literal from the answer sheet [honest-pairing guard satisfied]

OK  THE SCENE — Temurah, Arakhin 8, Bekhorot 9 and the Sifra on the world engine (the daemon's w [INK] 
     effects: consecrated, substitution, lashes, redemption_right, adds_fifth, redeem_or_break, most_holy, due_to_priest, put_to_death
OK  Temurah 7:1 — an animal vowed to the altar: holy (the altar class)                           [INK] 
     effects: consecrated
OK  Temurah 7:1-2 — an unfit animal consecrated: the upkeep class, valued by the priest          [INK] 
     effects: consecrated
OK  Temurah 7:2 — unspecified consecrations go to the upkeep                                     [MOVE] 
     effects: consecrated
OK  Temurah 1:1 — substitution attempted: it takes, and forty                                    [INK] 
     effects: substitution, consecrated, lashes
OK  Temurah 1:2 — good for bad, bad for good: takes                                              [INK] 
     effects: substitution
OK  Temurah 1:2 — herd for flock, sheep for goats, blemished for whole: takes                    [INK] 
     effects: substitution
OK  Temurah 1:2 — one for two, one for a hundred (R. Shimon: one for one)                        [MOVE] 
     effects: substitution
OK  Temurah 1:6 — birds and meal offerings make no substitute                                    [INK] 
     effects: —
OK  Temurah 1:6 / 2:1 — the community and partners make no substitute                            [MOVE] 
     effects: —
OK  Temurah 1:3 — limbs and embryos make no substitute                                           [MOVE] 
     effects: —
OK  Temurah 1:5 / 2:3 — a substitute makes no substitute                                         [MOVE] 
     effects: —
OK  Temurah 2:3 — holiness lands on a permanently blemished substitute                           [MOVE] 
     effects: consecrated
OK  Temurah 2:3 — the inadvertent like the deliberate in substitution                            [MOVE] 
     effects: substitution
OK  Temurah 5:5 — "this instead of that": a substitute                                           [INK] 
     effects: substitution
OK  Temurah 5:5 — "the exchange of that": a substitute                                           [INK] 
     effects: substitution
OK  Temurah 5:5 — "this desanctified on that": not a substitute                                  [ANSWER-SHEET] 
     effects: redemption_right
OK  Temurah 7:1 — altar-holy substitute; upkeep-holy do not                                      [INK] 
     effects: —
OK  Menachot 9:7 — the heir substitutes                                                          [MOVE] 
     effects: substitution
OK  Arakhin 8:1 — the owner redeeming adds a fifth (the unfit beast)                             [INK] 
     effects: adds_fifth, redemption_right
OK  Arakhin 8:1-3 — the owner redeems his house with a fifth                                     [INK] 
     effects: adds_fifth, redemption_right
OK  Arakhin 8:2-3 — another redeems: the valuation, no fifth                                     [INK] 
     effects: redemption_right
OK  the five fifths of the chapter (27:13, 15, 19, 27, 31)                                       [INK] 
     effects: adds_fifth
OK  Menachot 12:1 — birds, wood, frankincense, vessels: no redemption, only a beast is said      [INK] 
     effects: —
OK  Bekhorot 1:7 (via the Passover engine) — the firstling donkey: a lamb, else the neck         [IMPORT] 
     effects: redeem_or_break
OK  Arakhin 8:7 — the firstborn: sanctify it for value, not for the altar                        [MOVE] 
     effects: consecrated
OK  Temurah 5:1 — outwitting the firstborn: "what is in her womb, if male, an olah"              [MOVE] 
     effects: consecrated
OK  Arakhin 8:6 — every devoted thing most holy, not sold, not redeemed                          [INK] 
     effects: most_holy
OK  Arakhin 8:6 — unspecified devotion: to the priests (Sages) / the upkeep (R. Yehuda b. Beteir [INK] 
     effects: due_to_priest
OK  Arakhin 8:4 — devoted ALL he has: not devoted                                                [INK] 
     effects: —
OK  Arakhin 8:5 — devoted his son, daughter, Hebrew slave, purchased field: not devoted          [INK] 
     effects: —
OK  Arakhin 8:6 — the priests' devotions: no redemption, given to the priests                    [ANSWER-SHEET] 
     effects: due_to_priest
OK  Arakhin 8:7 — the firstborn may be devoted                                                   [ANSWER-SHEET] 
     effects: consecrated
OK  Bekhorot 9:7 — the pen, the small gate, the count, the tenth marked                          [INK] 
     effects: consecrated
OK  Bekhorot 9:7 — not marked, counted lying or standing: tithed                                 [INK] 
     effects: consecrated
OK  Bekhorot 9:7 — a hundred and took ten: not a tithe                                           [INK] 
     effects: —
OK  Temurah 3:5 — the tithe substituted: both holy, not redeemed                                 [INK] 
     effects: substitution, consecrated
OK  Bekhorot 9:1 — herd and flock not tithed together                                            [INK] 
     effects: —
OK  Bekhorot 9:1 — sheep and goats tithed together ("and flock" — all flock one)                 [INK] 
     effects: consecrated
OK  Bekhorot 9:8 (via the Jubilee engine) — the ninth called tenth: sanctified, eaten blemished  [IMPORT] 
     effects: consecrated
OK  Bekhorot 9:8 (via the Jubilee engine) — the eleventh called tenth: a peace offering          [IMPORT] 
     effects: consecrated

MATRIX: 41/41 cells match the answer sheet
FRACTIONS: pure ink 25/41 (60%) · recorded moves 10/41 (24%) · answer-sheet 3/41 · data 0/41 · imports 3/41 · hypotheses 0/41
computed, not graded: the impure beast of 27:27 redeemed at valuation plus a fifth or sold (INK); the devoted person put to death, not ransomed (INK 27:29); the land tithe holy (INK 27:30) and redeemed with a fifth (INK 27:31); not examined good or bad (INK 27:33) — valuation_plus_fifth_or_sold, put_to_death_not_ransomed, holy_to_the_LORD, plus_fifth, not_examined_good_or_bad
LEDGER OPS this span writes: body x3, debit x14, status x22, transfer x5
effects: every cell carries REGISTERED effects — consecrated (STATUS) discovered from 27:9's own "shall be holy"; most_holy shared with the meal offering; substitution, adds_fifth, put_to_death, due_to_priest, redemption_right, lashes, redeem_or_break from the registry [effects law satisfied]
  WATCH law_temurah            seen  29  fired  22  on: consecrated_redeemed, herd_tithed, substitute_declared, thing_consecrated, thing_devoted

THE CONSECRATION, SUBSTITUTION, AND DEVOTION MACHINE COMPILES — the two substitution verbs, "beast for beast," "it and its substitute" at the vow and the tithe, the fifth censused five times, the partitive "from all that he has," the ordinal tenth under the rod; three calls into sister engines: the Jubilee engine's tithe naming and the Passover engine's firstling donkey.
guard: 274 expectations checked, every one a literal from the answer sheet [honest-pairing guard satisfied]
guard: 27 expectations checked, every one a literal from the answer sheet [honest-pairing guard satisfied]
guard: 159 expectations checked, every one a literal from the answer sheet [honest-pairing guard satisfied]
probes: all 142 token probes fired  [zero-report law satisfied]

probes: all 46 token probes fired  [zero-report law satisfied]

guard: 55 expectations checked, every one a literal from the answer sheet [honest-pairing guard satisfied]
probes: all 39 token probes fired  [zero-report law satisfied]

probes: all 100 token probes fired  [zero-report law satisfied]

probes: all 86 token probes fired  [zero-report law satisfied]

guard: 74 expectations checked, every one a literal from the answer sheet [honest-pairing guard satisfied]
guard: 147 expectations checked, every one a literal from the answer sheet [honest-pairing guard satisfied]
guard: 110 expectations checked, every one a literal from the answer sheet [honest-pairing guard satisfied]
probes: all 54 token probes fired  [zero-report law satisfied]

probes: all 55 token probes fired  [zero-report law satisfied]

guard: 70 expectations checked, every one a literal from the answer sheet [honest-pairing guard satisfied]
guard: 105 expectations checked, every one a literal from the answer sheet [honest-pairing guard satisfied]
guard: 34 expectations checked, every one a literal from the answer sheet [honest-pairing guard satisfied]
probes: all 17 token probes fired  [zero-report law satisfied]

honest-pairing guard: 222 tests checked, every expectation a literal
probes: 387 ink runs verified in their verses (Gen 18-31)
answer sheet: 7 Mishnah rows verified in their own ink; shelf: 62 rows (Babylonian and Bereshit Rabbah) verified by token
honest-pairing guard: 206 tests checked, every expectation a literal
probes: 137 ink runs verified in their verses (Gen 2-16)
answer sheet: 10 Mishnah rows and 130 shelf rows verified by their own tokens (Sanhedrin 10:3, 4:5, Avot 5:2-3, Eduyot 2:10, Yevamot 6:6, Megillah 1:8; Sanhedrin 107b-109b, 37b, 70a, Nedarim 32a-b, Sotah 14a, Megillah 9b, 14a, Berakhot 40a, Kiddushin 30b, Bava Batra 100a, Yevamot 64a, Chullin 89a, Eruvin 53a, Pesachim 118a, 6b, Rosh Hashanah 11b, Shabbat 55b; Bereshit Rabbah 16-45)
probes: all 102 token probes fired  [zero-report law satisfied]

callees live: the spec (Exod 34:15-16) 1 / [('Exod', 34, 16)]; the priesthood clause 1; the judges 78600; the incense; the twenty-four; the hanging; the addressees; the tellers; the total; Isaac's clauses 6; Judah's lion 2; the ladder; the idolatry principle
honest-pairing guard: 282 tests checked, every expectation a literal
probes: 442 ink runs verified in their verses (Gen 32-50)
answer sheet: 10 Mishnah rows verified in their own ink; shelf: 99 rows (Babylonian and Bereshit Rabbah) verified by token
probes: all 35 token probes fired  [zero-report law satisfied]

probes: all 121 token probes fired  [zero-report law satisfied]

guard: 53 expectations checked, every one a literal from the answer sheet [honest-pairing guard satisfied]
guard: 154 expectations checked, every one a literal from the answer sheet [honest-pairing guard satisfied]
probes: all 79 token probes fired  [zero-report law satisfied]

probes: all 111 token probes fired  [zero-report law satisfied]

guard: 56 expectations checked, every one a literal from the answer sheet [honest-pairing guard satisfied]
probes: all 123 token probes fired  [zero-report law satisfied]

guard: 51 expectations checked, every one a literal from the answer sheet [honest-pairing guard satisfied]
probes: all 84 token probes fired  [zero-report law satisfied]

callees: mishpatim_3, mishpatim, lev24, shelach, naso, second_census, journeys, borders, zelophehad, gad_reuben, chukat, bamidbar, primeval, sanctions, priesthood CALLED — every value asserted at import
probes: all 164 token probes fired  [zero-report law satisfied]

callees: exodus_story, shelach, chukat, gad_reuben, zelophehad, journeys, borders, second_census, bamidbar, balak, primeval, mamre, joseph, ordinances, holiness, erection, beha, refuge CALLED — every value asserted at import

PASS  [DATA]  Num 27:12 — the_mountain
        ->  accepted           [heaven]  accepted for him — the offering's acceptance state
PASS  [MOVE]  Num 27:14 — the_sentence_cited
        ->  accepted           [heaven]  accepted for him — the offering's acceptance state
PASS  [MOVE]  Num 27:15-17 — the_shepherd
        ->  plea_made          [status]  a plea made — the STATUS a spoken request writes on the one asked, with no close of its own: Moses to Hobab, 'come with us and we will do you good... leave us not, I pray' (Num 10:29-32) — Hobab's refusal ('I will not go') and Moses' second asking recorded as the value; the answer is not in the ink (Judg 1:16, 4:11 the readback)
PASS  [MOVE]  Num 27:18, 23 — the_hand_laid
        ->  invested_office    [status]  invested with office — the installation transaction commits: the priest holds the priesthood
PASS  [MOVE]  Num 27:20 — the_honor
        ->  accepted           [heaven]  accepted for him — the offering's acceptance state
PASS  [MOVE]  Num 27:21 — the_urim
        ->  accepted           [heaven]  accepted for him — the offering's acceptance state
PASS  [DATA]  Num 27:22-23 — the_receipt
        ->  accepted           [heaven]  accepted for him — the offering's acceptance state
PASS  [DATA]  Num 27:12-13 — the_debit
        ->  commanded          [debit]  commanded — the DEBIT a SPEC writes on its addressee: the census commanded (Num 1:2-3), the camp (2:2), the Levite count (3:15), the firstborn count (3:40), the redemption (3:46-48), the Kohathites' service (4:2-20) — each closed by its RUN ('as the LORD commanded Moses, and he counted them', 1:19; 'so they camped and so they journeyed', 2:34; 'and Moses counted them by the mouth of the LORD', 3:16; 3:42; 3:49-51): THE FIVE SPEC/RUN PAIRS OF THE PORTION AS FIVE OPEN-THEN-CLOSED DEBITS, the ink's own structure on the ledger (M-22's form)
PASS  [MOVE]  Deut 1:1 — the_words
        ->  accepted           [heaven]  accepted for him — the offering's acceptance state
PASS  [MOVE]  Deut 1:3 — the_date
        ->  accepted           [heaven]  accepted for him — the offering's acceptance state
PASS  [MOVE]  Deut 1:3 — the_receipt_of_the_rules
        ->  accepted           [heaven]  accepted for him — the offering's acceptance state
PASS  [MOVE]  Deut 1:2 — the_eleven_days
        ->  accepted           [heaven]  accepted for him — the offering's acceptance state
PASS  [MOVE]  Deut 1:4 — after_sihon
        ->  accepted           [heaven]  accepted for him — the offering's acceptance state
PASS  [MOVE]  Deut 1:5 — began_to_expound
        ->  accepted           [heaven]  accepted for him — the offering's acceptance state
PASS  [DATA]  Deut 1:1-5 — the_write
        ->  torah_expounded    [status]  the Torah expounded — the STATUS the frame writes on Israel at the speech's opening: 'beyond the Jordan, in the land of Moab, Moses undertook to expound this Torah, saying' (Deut 1:5) — dated (40, 11, 1) by 1:3's own date (the fortieth year, the eleventh month, the first of the month — the number reader; the era the exodus's by the verbal analogy with Numbers 33:38, Rosh Hashanah 2b:11), THE BOOK'S ONE ACT OF ITS OWN DAY: the value the speech's frame — the eleven words of 1:1 (the Sifrei 1's rebuke by places, Onkelos writing the sins into the verse), 1:3's receipt of the whole book's rules ('according to all that the LORD commanded him' — the Sifrei 2:8: the hermeneutic rules), 1:4's 'after he had smitten Sihon' (the order of the fortieth year — Rosh Hashanah 2b:13, 3a:12); the shelf: Sotah 35b:6 ('expound' with Deuteronomy 27:8's 'clearly' — the seventy languages); Zevachim 115b:17 (R. Akiva: the generalities and the details at Sinai, repeated in the Tent, a third time in the plains of Moab); the king's reading from 'these are the words' (Mishnah Sotah 7:8; Sotah 41a:18); the Rambam's introduction 2:19 (the first of Shevat)
PASS  [MOVE]  Deut 1:6-8 — the_horeb_command
        ->  commanded          [debit]  commanded — the DEBIT a SPEC writes on its addressee: the census commanded (Num 1:2-3), the camp (2:2), the Levite count (3:15), the firstborn count (3:40), the redemption (3:46-48), the Kohathites' service (4:2-20) — each closed by its RUN ('as the LORD commanded Moses, and he counted them', 1:19; 'so they camped and so they journeyed', 2:34; 'and Moses counted them by the mouth of the LORD', 3:16; 3:42; 3:49-51): THE FIVE SPEC/RUN PAIRS OF THE PORTION AS FIVE OPEN-THEN-CLOSED DEBITS, the ink's own structure on the ledger (M-22's form)
PASS  [MOVE]  Deut 1:7 — the_regions
        ->  accepted           [heaven]  accepted for him — the offering's acceptance state
PASS  [MOVE]  Deut 1:9-12 — the_burden
        ->  accepted           [heaven]  accepted for him — the offering's acceptance state
PASS  [MOVE]  Deut 1:11 — the_blessing
        ->  accepted           [heaven]  accepted for him — the offering's acceptance state
PASS  [MOVE]  Deut 1:13, 15 — the_qualities
        ->  accepted           [heaven]  accepted for him — the offering's acceptance state
PASS  [MOVE]  Deut 1:15 — the_grains
        ->  accepted           [heaven]  accepted for him — the offering's acceptance state
PASS  [MOVE]  Deut the_count — the_count
        ->  accepted           [heaven]  accepted for him — the offering's acceptance state
PASS  [MOVE]  Deut 1:15 — the_officers
        ->  accepted           [heaven]  accepted for him — the offering's acceptance state
PASS  [DATA]  Deut 1:16-17 — the_charge
        ->  judges_charged     [status]  the judges charged — the STATUS Moses' charge writes on the court: 'and I charged your judges at that time, saying: hear between your brothers, and judge righteously between a man and his brother and the stranger with him; you shall not respect persons in judgment; you shall hear the small and the great alike; you shall not be afraid of the face of any man, for the judgment is God's; and the cause that is too hard for you, you shall bring to me' (Deut 1:16-17) — the value the six clauses (hear between your brothers; judge righteously between a man and his brother and his stranger; no faces in judgment; the small as the great; fear no man, for the judgment is God's; the hard matter to me), dated (1, 2, 16) — the day of the court's founding (courts_established's own day, Exodus 18:25-26's judges_appointed the in-force cell the charge is spoken over); THE LAW OF THE OPENING SPEECH, in Moses' voice with no divine frame (the vows' class); the shelf: Sanhedrin 7b:14-8a:6 the clauses read one by one — 'charged' with alacrity, the rod and the strap; 'hear' — not one litigant without the other (R. Chanina); 'righteously' — the true judgment truly (R. Yonatan, 7a:17); 'the stranger' — the convert before a court (Yevamot 47a:7); 'no faces' — do not befriend / do not estrange (R. Yehuda / R. Elazar, 7b:18); 'the small as the great' — the peruta as the hundred maneh (Reish Lakish, 8a:2); 'not afraid' — a term for gathering in, the student not silent (7a:16; 6b:13); 'the judgment is God's' — pierce the mountain (6b:3), the judge who takes from one and gives to the other (7a:18); 'the hard matter' — Zelophehad's daughters (the Sifrei 17:7); the compromise's three settings (6b:1-15); the Sifrei 16-17 the gentile litigant, the appointer
PASS  [MOVE]  Deut 1:16 — hear
        ->  accepted           [heaven]  accepted for him — the offering's acceptance state
PASS  [MOVE]  Deut 1:16 — judge_righteously
        ->  accepted           [heaven]  accepted for him — the offering's acceptance state
PASS  [MOVE]  Deut 1:17 — no_faces
        ->  accepted           [heaven]  accepted for him — the offering's acceptance state
PASS  [MOVE]  Deut 1:17 — small_and_great
        ->  accepted           [heaven]  accepted for him — the offering's acceptance state
PASS  [MOVE]  Deut 1:17 — no_fear
        ->  accepted           [heaven]  accepted for him — the offering's acceptance state
PASS  [MOVE]  Deut 1:17 — the_judgment_is_gods
        ->  accepted           [heaven]  accepted for him — the offering's acceptance state
PASS  [MOVE]  Deut 1:17 — the_hard_matter
        ->  accepted           [heaven]  accepted for him — the offering's acceptance state
PASS  [MOVE]  Deut 1:16 — the_stranger
        ->  accepted           [heaven]  accepted for him — the offering's acceptance state
PASS  [MOVE]  Deut 1:16 — a_man_excludes_the_minor
        ->  accepted           [heaven]  accepted for him — the offering's acceptance state
PASS  [DATA]  Deut 1:16 — the_gentile_litigant
        ->  accepted           [heaven]  accepted for him — the offering's acceptance state
PASS  [MOVE]  Deut 1:17 — the_appointer
        ->  accepted           [heaven]  accepted for him — the offering's acceptance state
PASS  [DATA]  Deut 1:17 — the_compromise
        ->  accepted           [heaven]  accepted for him — the offering's acceptance state
PASS  [MOVE]  Deut 1:13 — the_al_tikrei
        ->  accepted           [heaven]  accepted for him — the offering's acceptance state
PASS  [MOVE]  Deut be_deliberate — be_deliberate
        ->  accepted           [heaven]  accepted for him — the offering's acceptance state
PASS  [MOVE]  Deut money_and_capital — money_and_capital
        ->  accepted           [heaven]  accepted for him — the offering's acceptance state
PASS  [MOVE]  Deut the_court_of_three — the_court_of_three
        ->  accepted           [heaven]  accepted for him — the offering's acceptance state
PASS  [MOVE]  Deut the_perverting_judge — the_perverting_judge
        ->  judgment_perverted [heaven]  judgment perverted — the judge's (and the measurer's) entry on Heaven's docket: the tradition's five effects — the land defiled, the Name profaned, the Presence removed, the sword, exile
PASS  [MOVE]  shelf: Sanhedrin 6b:12 (Reish Lakish); 6b:11 (R. Shimon ben Menasya — the_refusal_before_hearing
        ->  exempt             [status]  exempt — no entry opens; the ledger stays clean
PASS  [MOVE]  Deut 1:18 — all_the_things
        ->  accepted           [heaven]  accepted for him — the offering's acceptance state
PASS  [MOVE]  Deut 1:22 — the_asking
        ->  accepted           [heaven]  accepted for him — the offering's acceptance state
PASS  [MOVE]  Deut 1:23 — the_twelve
        ->  accepted           [heaven]  accepted for him — the offering's acceptance state
PASS  [MOVE]  Deut 1:24 — the_valley
        ->  accepted           [heaven]  accepted for him — the offering's acceptance state
PASS  [MOVE]  Deut 1:25 — good_is_the_land
        ->  accepted           [heaven]  accepted for him — the offering's acceptance state
PASS  [MOVE]  Deut 1:27-28 — the_murmuring
        ->  accepted           [heaven]  accepted for him — the offering's acceptance state
PASS  [MOVE]  Deut 1:31 — the_carrying
        ->  accepted           [heaven]  accepted for him — the offering's acceptance state
PASS  [MOVE]  Deut 1:33 — the_pillar
        ->  accepted           [heaven]  accepted for him — the offering's acceptance state
PASS  [MOVE]  Deut 1:34-36 — the_oath
        ->  accepted           [heaven]  accepted for him — the offering's acceptance state
PASS  [MOVE]  Deut the_exceptions — the_exceptions
        ->  exempt             [status]  exempt — no entry opens; the ledger stays clean
PASS  [MOVE]  Deut 1:37 — the_bars_ground
        ->  accepted           [heaven]  accepted for him — the offering's acceptance state
PASS  [MOVE]  Deut 1:38 — joshua_shall_go_in
        ->  accepted           [heaven]  accepted for him — the offering's acceptance state
PASS  [MOVE]  Deut 1:39 — the_little_ones
        ->  accepted           [heaven]  accepted for him — the offering's acceptance state
PASS  [MOVE]  Deut 1:40 — the_turn_back
        ->  accepted           [heaven]  accepted for him — the offering's acceptance state
PASS  [MOVE]  Deut 1:41-44 — the_presumption
        ->  accepted           [heaven]  accepted for him — the offering's acceptance state
PASS  [MOVE]  Deut 1:45 — the_weeping
        ->  accepted           [heaven]  accepted for him — the offering's acceptance state
PASS  [MOVE]  Deut 1:46 — many_days_at_kadesh
        ->  accepted           [heaven]  accepted for him — the offering's acceptance state
PASS  [DATA]  Deut the_readback_table — the_readback_table
        ->  accepted           [heaven]  accepted for him — the offering's acceptance state
PASS  [MOVE]  Deut 2:1-3 — the_turn
        ->  commanded          [debit]  commanded — the DEBIT a SPEC writes on its addressee: the census commanded (Num 1:2-3), the camp (2:2), the Levite count (3:15), the firstborn count (3:40), the redemption (3:46-48), the Kohathites' service (4:2-20) — each closed by its RUN ('as the LORD commanded Moses, and he counted them', 1:19; 'so they camped and so they journeyed', 2:34; 'and Moses counted them by the mouth of the LORD', 3:16; 3:42; 3:49-51): THE FIVE SPEC/RUN PAIRS OF THE PORTION AS FIVE OPEN-THEN-CLOSED DEBITS, the ink's own structure on the ledger (M-22's form)
PASS  [MOVE]  Deut 2:4-8 — esau
        ->  contending_barred  [block]  contending barred — the BLOCK the bypass writes on a people Israel may not war with: 'do not contend with them, for I will not give you of their land, no, not so much as for the sole of the foot to tread on, because I have given Mount Seir to Esau for a possession' (Deut 2:5 — Edom), 'do not harass Moab nor contend with them in battle' (2:9 — the Moabites), 'do not harass them nor contend with them' (2:19 — the sons of Ammon): the contend-root's three seats in the chapter (2:5, 2:9, 2:19; 2:24 its positive 'contend with him in battle' at Sihon — the fourth, no block), each beside a land_granted on the same people (Mount Seir; Ar; the land of the sons of Ammon — 'I have given … for a possession'); the bars' difference DATA — Moab: battle forbidden, harassing not (Horayot 10b:19; Nazir 23b:11 — the reward of the elder daughter's euphemism); Ammon: not even harassed (Bava Kamma 38b:6; Horayot 11a:1; Nazir 23b:12 — the younger's); Edom: 'your brothers' (2:4, 2:8; Deuteronomy 23:8 forward); Bava Kamma 38a:16 — Moses' own a fortiori from Midian made the bar needed; Kiddushin 18a:2 — a gentile inherits by Torah law from 2:5; the retelling's own arm at 2:29 ('as the sons of Esau did for me') against Numbers 20:18-21's refusal — an OPEN row, no teacher joins them
        ->  land_granted       [status]  the land granted — the STATUS the covenant's perfect writes on the seed of Abraham: 'to your seed I have given this land, from the river of Egypt to the great river, the river Euphrates: the Kenite and the Kenizzite and the Kadmonite, the Hittite and the Perizzite and the Rephaim, the Amorite and the Canaanite and the Girgashite and the Jebusite' — Bereshit Rabbah 44:23 (ten nations named, seven given; the Kenite, the Kenizzite and the Kadmonite for the future — Edom, Moab and Ammon); the value the ten
PASS  [MOVE]  Deut 2:7 — forty_years_lacking_nothing
        ->  accepted           [heaven]  accepted for him — the offering's acceptance state
PASS  [MOVE]  Deut 2:8 — the_route
        ->  accepted           [heaven]  accepted for him — the offering's acceptance state
PASS  [MOVE]  Deut 2:9 — moab
        ->  contending_barred  [block]  contending barred — the BLOCK the bypass writes on a people Israel may not war with: 'do not contend with them, for I will not give you of their land, no, not so much as for the sole of the foot to tread on, because I have given Mount Seir to Esau for a possession' (Deut 2:5 — Edom), 'do not harass Moab nor contend with them in battle' (2:9 — the Moabites), 'do not harass them nor contend with them' (2:19 — the sons of Ammon): the contend-root's three seats in the chapter (2:5, 2:9, 2:19; 2:24 its positive 'contend with him in battle' at Sihon — the fourth, no block), each beside a land_granted on the same people (Mount Seir; Ar; the land of the sons of Ammon — 'I have given … for a possession'); the bars' difference DATA — Moab: battle forbidden, harassing not (Horayot 10b:19; Nazir 23b:11 — the reward of the elder daughter's euphemism); Ammon: not even harassed (Bava Kamma 38b:6; Horayot 11a:1; Nazir 23b:12 — the younger's); Edom: 'your brothers' (2:4, 2:8; Deuteronomy 23:8 forward); Bava Kamma 38a:16 — Moses' own a fortiori from Midian made the bar needed; Kiddushin 18a:2 — a gentile inherits by Torah law from 2:5; the retelling's own arm at 2:29 ('as the sons of Esau did for me') against Numbers 20:18-21's refusal — an OPEN row, no teacher joins them
        ->  land_granted       [status]  the land granted — the STATUS the covenant's perfect writes on the seed of Abraham: 'to your seed I have given this land, from the river of Egypt to the great river, the river Euphrates: the Kenite and the Kenizzite and the Kadmonite, the Hittite and the Perizzite and the Rephaim, the Amorite and the Canaanite and the Girgashite and the Jebusite' — Bereshit Rabbah 44:23 (ten nations named, seven given; the Kenite, the Kenizzite and the Kadmonite for the future — Edom, Moab and Ammon); the value the ten
PASS  [MOVE]  shelf: Horayot 10b:19 (R. Yochanan); Nazir 23b:11 — harassing_permitted
        ->  exempt             [status]  exempt — no entry opens; the ledger stays clean
PASS  [MOVE]  Deut 2:10-12 — the_emim
        ->  accepted           [heaven]  accepted for him — the offering's acceptance state
PASS  [MOVE]  Deut 2:13-14 — the_zered
        ->  commanded          [debit]  commanded — the DEBIT a SPEC writes on its addressee: the census commanded (Num 1:2-3), the camp (2:2), the Levite count (3:15), the firstborn count (3:40), the redemption (3:46-48), the Kohathites' service (4:2-20) — each closed by its RUN ('as the LORD commanded Moses, and he counted them', 1:19; 'so they camped and so they journeyed', 2:34; 'and Moses counted them by the mouth of the LORD', 3:16; 3:42; 3:49-51): THE FIVE SPEC/RUN PAIRS OF THE PORTION AS FIVE OPEN-THEN-CLOSED DEBITS, the ink's own structure on the ledger (M-22's form)
PASS  [MOVE]  Deut 2:14-16 — the_men_of_war_consumed
        ->  accepted           [heaven]  accepted for him — the offering's acceptance state
PASS  [MOVE]  Deut 2:17 — the_speech_resumed
        ->  accepted           [heaven]  accepted for him — the offering's acceptance state
PASS  [MOVE]  Deut 2:17-19 — ammon
        ->  contending_barred  [block]  contending barred — the BLOCK the bypass writes on a people Israel may not war with: 'do not contend with them, for I will not give you of their land, no, not so much as for the sole of the foot to tread on, because I have given Mount Seir to Esau for a possession' (Deut 2:5 — Edom), 'do not harass Moab nor contend with them in battle' (2:9 — the Moabites), 'do not harass them nor contend with them' (2:19 — the sons of Ammon): the contend-root's three seats in the chapter (2:5, 2:9, 2:19; 2:24 its positive 'contend with him in battle' at Sihon — the fourth, no block), each beside a land_granted on the same people (Mount Seir; Ar; the land of the sons of Ammon — 'I have given … for a possession'); the bars' difference DATA — Moab: battle forbidden, harassing not (Horayot 10b:19; Nazir 23b:11 — the reward of the elder daughter's euphemism); Ammon: not even harassed (Bava Kamma 38b:6; Horayot 11a:1; Nazir 23b:12 — the younger's); Edom: 'your brothers' (2:4, 2:8; Deuteronomy 23:8 forward); Bava Kamma 38a:16 — Moses' own a fortiori from Midian made the bar needed; Kiddushin 18a:2 — a gentile inherits by Torah law from 2:5; the retelling's own arm at 2:29 ('as the sons of Esau did for me') against Numbers 20:18-21's refusal — an OPEN row, no teacher joins them
        ->  land_granted       [status]  the land granted — the STATUS the covenant's perfect writes on the seed of Abraham: 'to your seed I have given this land, from the river of Egypt to the great river, the river Euphrates: the Kenite and the Kenizzite and the Kadmonite, the Hittite and the Perizzite and the Rephaim, the Amorite and the Canaanite and the Girgashite and the Jebusite' — Bereshit Rabbah 44:23 (ten nations named, seven given; the Kenite, the Kenizzite and the Kadmonite for the future — Edom, Moab and Ammon); the value the ten
PASS  [MOVE]  Deut 2:20-23 — the_avvim
        ->  accepted           [heaven]  accepted for him — the offering's acceptance state
PASS  [MOVE]  Deut 2:24-25 — sihon_commanded
        ->  commanded          [debit]  commanded — the DEBIT a SPEC writes on its addressee: the census commanded (Num 1:2-3), the camp (2:2), the Levite count (3:15), the firstborn count (3:40), the redemption (3:46-48), the Kohathites' service (4:2-20) — each closed by its RUN ('as the LORD commanded Moses, and he counted them', 1:19; 'so they camped and so they journeyed', 2:34; 'and Moses counted them by the mouth of the LORD', 3:16; 3:42; 3:49-51): THE FIVE SPEC/RUN PAIRS OF THE PORTION AS FIVE OPEN-THEN-CLOSED DEBITS, the ink's own structure on the ledger (M-22's form)
PASS  [MOVE]  Deut 2:26-28 — the_messengers
        ->  accepted           [heaven]  accepted for him — the offering's acceptance state
PASS  [MOVE]  Deut 2:29 — the_edom_disagreement
        ->  accepted           [heaven]  accepted for him — the offering's acceptance state
PASS  [MOVE]  Deut 2:30 — the_hardening
        ->  accepted           [heaven]  accepted for him — the offering's acceptance state
PASS  [INK]  Deut 2:32-33 — jahaz
        ->  accepted           [heaven]  accepted for him — the offering's acceptance state
PASS  [MOVE]  Deut 2:33 — the_written_and_read
        ->  accepted           [heaven]  accepted for him — the offering's acceptance state
PASS  [MOVE]  Deut 2:34-35; 3:6-7 — the_ban
        ->  destroyed          [body]  utterly destroyed — the idolatrous sacrificer's ban
PASS  [MOVE]  Deut 2:36-37 — aroer_to_gilead
        ->  accepted           [heaven]  accepted for him — the offering's acceptance state
PASS  [MOVE]  Deut 3:1-3 — og_turned
        ->  accepted           [heaven]  accepted for him — the offering's acceptance state
PASS  [MOVE]  Deut 3:4-5 — the_sixty_cities
        ->  accepted           [heaven]  accepted for him — the offering's acceptance state
PASS  [MOVE]  Deut 3:11 — ogs_bed
        ->  accepted           [heaven]  accepted for him — the offering's acceptance state
PASS  [MOVE]  Deut 3:8-9 — hermon
        ->  accepted           [heaven]  accepted for him — the offering's acceptance state
PASS  [MOVE]  Deut 3:12-13 — the_division
        ->  accepted           [heaven]  accepted for him — the offering's acceptance state
PASS  [MOVE]  Deut 3:14 — jair
        ->  accepted           [heaven]  accepted for him — the offering's acceptance state
PASS  [MOVE]  Deut 3:15 — machir
        ->  accepted           [heaven]  accepted for him — the offering's acceptance state
PASS  [DATA]  Deut 3:16-17 — the_borders
        ->  accepted           [heaven]  accepted for him — the offering's acceptance state
PASS  [MOVE]  Deut 3:18-20 — the_charge_to_the_tribes
        ->  accepted           [heaven]  accepted for him — the offering's acceptance state
PASS  [MOVE]  Deut 3:21-22 — joshuas_charge
        ->  fear_not_promised  [heaven]  fear not promised — the HEAVEN entry the night appearance writes on Isaac: 'I am the God of Abraham your father; do not fear, for I am with you, and I will bless you and multiply your seed for the sake of Abraham My servant' — blessing_promised reused; OPEN; the altar, the calling on the Name and the tent (26:25: altar_built, called_on_the_name, encamped_at reused — the calling rendered as prayer at the altar, the frozen unit's Onkelos read)
PASS  [MOVE]  Deut 3:23-26 — the_plea
        ->  plea_made          [status]  a plea made — the STATUS a spoken request writes on the one asked, with no close of its own: Moses to Hobab, 'come with us and we will do you good... leave us not, I pray' (Num 10:29-32) — Hobab's refusal ('I will not go') and Moses' second asking recorded as the value; the answer is not in the ink (Judg 1:16, 4:11 the readback)
PASS  [MOVE]  Deut 3:24 — the_names
        ->  accepted           [heaven]  accepted for him — the offering's acceptance state
PASS  [MOVE]  Deut 3:25 — lebanon
        ->  accepted           [heaven]  accepted for him — the offering's acceptance state
PASS  [MOVE]  Deut 3:26 — the_refusal
        ->  accepted           [heaven]  accepted for him — the offering's acceptance state
PASS  [DATA]  Deut 3:27 — pisgah
        ->  accepted           [heaven]  accepted for him — the offering's acceptance state
PASS  [MOVE]  Deut 3:28 — command_joshua
        ->  accepted           [heaven]  accepted for him — the offering's acceptance state
PASS  [MOVE]  Deut 3:29 — beth_peor
        ->  accepted           [heaven]  accepted for him — the offering's acceptance state

WATCH COVERAGE (the wrap):
  WATCH law_opening_speech     seen  33  fired  33  on: judges_case, speech_case
MATRIX: 97/97 cells match the answer sheet
FRACTIONS: pure ink 1/97 (1%) · named moves 86/97 (89%) · data 10/97 (10%) · hypotheses 0/97 (the H class, counted apart — never as compiled)
LEDGER OPS this span writes: block x3, body x1, debit x5, heaven x80, status x11
THE INK: integers [((1, 2), [11]), ((1, 3), [40, 11, 1]), ((1, 11), [1000]), ((1, 15), [100, 50, 10]), ((1, 23), [12, 1]), ((2, 7), [40]), ((2, 14), [38]), ((3, 4), [60]), ((3, 8), [2]), ((3, 11), [9, 4]), ((3, 12), [Fraction(1, 2)]), ((3, 13), [Fraction(1, 2)]), ((3, 21), [2])]; marked [(3, 8, 'שני^'), (3, 12, 'וחצי%'), (3, 13, 'לחצי%'), (3, 21, 'לשני^')]; the frames "said to me" [(1, 42), (2, 2), (2, 9), (2, 31), (3, 2), (3, 26)], "spoke to me" [(2, 17)]; "at that time" [(1, 9), (1, 16), (1, 18), (2, 34), (3, 4), (3, 8), (3, 12), (3, 18), (3, 21), (3, 23)]; the case tokens {(1, 17): ['כי'], (1, 35): ['אם'], (1, 38): ['כי'], (1, 42): ['כי'], (2, 5): ['כי', 'כי'], (2, 7): ['כי'], (2, 9): ['כי', 'כי'], (2, 19): ['כי', 'כי'], (2, 28): ['רק'], (2, 30): ['כי', 'למען'], (2, 35): ['רק'], (2, 37): ['רק'], (3, 2): ['כי'], (3, 11): ['כי', 'רק'], (3, 19): ['רק', 'כי'], (3, 22): ['כי'], (3, 27): ['כי'], (3, 28): ['כי']}
THE READBACK: 42 rows — {'SUPPLIED': 11, 'TURNED': 10, 'SHORTENED': 6, 'DISAGREES': 2, 'EXPANDED': 12, 'VERBATIM': 1}; the deltas: 1:39 prefix 5; 2:27 9/17; 2:32 8/20; 3:1-3 57/55 shared 35 shifts 5; 3:14 23/11; 3:12-13 37/28
THE OFFICERS: the grains [1000, 100, 50, 10]; the round 78600; the exact 79064 of 603550; the seven qualities asked 7 found 3
THE SCENE on the bench: (1, 1, 1, 1, 1, 1, 1, 1, 1, 1, 1, 1, 1, 1, 1, 1, 1, 1, 1, 1, 1, 1, 1, 1, 1, 1, 1, 1, 1, 1, 1, 1, 1); the timers (set, fired, cancelled, pending) (0, 0, 0, 0); entities 33; closes 0
THE NARRATIVE: (20, 0, 8, (11, 1), 5, 0, 0, 11)
THE PARAMETER ROWS: the_readback = 42 rows; the_officers_table = {'grains': [1000, 100, 50, 10], 'count_round': 78600, 'count_exact': 79064, 'census_total': 603550}; the_seven_qualities = {'jethros_four': ['men of valor', 'fearers of God', 'men of truth', 'haters of gain'], 'moses_three_asked': ['wise', 'discerning', 'known'], 'moses_two_found': ['wise', 'known'], 'asked': 7, 'found': 3}; the_judges_charge = ['hear between your brothers', 'judge righteously between a man and his brother and his stranger', 'no faces in judgment', 'the small as the great', "fear no man, for the judgment is God's", 'the hard matter to me']; the_compromise = three_settings; the_gentile_litigant = r_ishmaels_two_rulings; the_frame = {'words_of_1_1': 22, 'places': ['the wilderness', 'the Arabah', 'Suph', 'Paran', 'Tophel', 'Laban', 'Hazeroth', 'Di-zahab']}; the_date = {'numbers': [40, 11, 1], 'day': (40, 11, 1), 'era': 'exodus', 'reader': 'number'}; the_horeb_command = {'regions': ['the Arabah', 'the hill country', 'the lowland', 'the Negev', 'the seashore', 'the land of the Canaanites', 'Lebanon'], 'river': 'the Euphrates', 'closed_by': 'Num 12:16'}; the_spies_asked = the_people_asked_and_moses_sent_at_his_discretion; the_bars_ground = disagrees_open; the_dispossessions = [('the Emim', 'Moab', 'Deut 2:10-11'), ('the Horites', 'the sons of Esau', 'Deut 2:12, 2:22'), ('the Zamzummim', 'the sons of Ammon', 'Deut 2:20-21'), ('the Avvim', 'the Caphtorim', 'Deut 2:23')]; the_bypass_commands = {'edom': ('contending_barred', 'land_granted', 'mount_seir'), 'moab': ('contending_barred', 'land_granted', 'ar'), 'ammon': ('contending_barred', 'land_granted', 'the land of the sons of Ammon')}; the_thirty_eight = {'ink': 38, 'from': (2, 5, 9), 'to': (40, 6, 1), 'deaths_ceased': (40, 5, 15)}; the_edom_disagreement = refused_and_turned_away; the_ban = told_only_in_the_retelling; the_sixty_cities = {'ink': 60, 'region': 'Argob'}; ogs_bed = {'ink': [9, 4], 'unit': 'the cubit of a man'}; the_easts_borders = {'south': 'the brook Arnon — the middle of the brook the border', 'north_east': 'the Jabbok — the border of the sons of Ammon', 'west': 'the Arabah and the Jordan, from Chinnereth to the sea of the Arabah, the Salt Sea, under the slopes of Pisgah'}; the_armed_passage = {'armed_seats': ['Deut 3:18', 'Num 32:30', 'Num 32:32'], 'until_rest': ['Deut 3:20', 'Josh 1:15'], 'release': 'Josh 22:4'}; joshuas_charge = {'plene': ['Deut 3:21', 'Judg 2:7'], 'seen': 'your eyes have seen', 'promise': 'so shall the LORD do to all the kingdoms; He fights for you'}; the_plea = {'plea': 'let me go over and see the good land beyond the Jordan, that good mountain and Lebanon', 'answer': 'REFUSED — let it suffice you; speak no more to Me of this matter; the LORD was wroth with me for your sakes'}; the_four_directions = {'Deut 3:27': ['ימה', 'וצפנה', 'ותימנה', 'ומזרחה'], 'Gen 13:14': ['צפנה', 'ונגבה', 'וקדמה', 'וימה'], 'Gen 28:14': ['ימה', 'וקדמה', 'וצפנה', 'ונגבה']}; the_commission = {'mountain_names': ['Abarim (27:12; 33:47-48; Deut 32:49)', 'Nebo (Deut 32:49; 34:1)', 'Pisgah (Deut 3:27; 34:1)'], 'hands': (['ידך'], ['ידיו']), 'urim': 'final'} (the other settings recorded in DATA)

THE COMPILE OF THE OPENING SPEECH: the answer sheet REPRODUCED — 97/97
