---- build_world
  names                    81         81   ok
  standing               2191       2191   ok
  tests                    14         14   ok
  state hash       8b8fff1fa289 8b8fff1fa289   ok

  ALL GREEN — the one database agrees with the fold
---- journal gate
  THE FOLD LAYER open_demands  header    191  pinned    191  MATCH
  THE FOLD LAYER state hash    header 8b8fff1fa28953af  pinned 8b8fff1fa28953af  MATCH
  THE FOLD LAYER: 12 kinds, 9646 rows in the index MATCHING the header
GATE GREEN — the replay is the audit, the running world is the instrument
---- register gate
   Num 1       ROWS          green    headers [5, 44] {'names': 1, 'the counted': 1} | rows 12 as_of ['Num 1:17-19']
   Num 2       NONE          declared headers [32] {'the counted': 1} |  | why: the camps — the Bamidbar runner's four camp sums as cells; the camps are not on the table
   Num 3       ROWS          green    headers [1, 2, 3, 18] {'generations': 1, 'names': 3} | rows 4 as_of ['Num 3:16']
   Num 4       NONE          declared headers [37, 41, 45] {'the counted': 3} |  | why: the service roll — the Naso compile's cells (2,750 / 2,630 / 3,200 / 8,580); no rows
   Num 13      NONE          declared headers [4, 16] {'names': 2} |  | why: the spies' names (13:4-16) — a name list, the Shelach runner's; no count
   Num 26      ROWS          green    headers [7, 14, 18, 22, 25, 27, 30, 34, 35, 36, 37, 41, 42, 47, 50, 51, 57, 58, 63] {'families': 11, 'sons': 5, 'the counted': 3} | rows 120 as_of ['Num 26:5-51', 'Num 26:57-62', 'Num 26:63-65']
   Num 34      ROWS          green    headers [17, 19] {'names': 2} | rows 12 as_of ['Num 34:17-29']
THE REGISTER GATE: GREEN
CHAIN_B_DONE
