run_cold_all: 68 runners discovered in /Users/Shared/TorahSim/World/step9
DEPENDENCY GATE coverage: 68 runners declared, 5288 verses scanned, 42 type tokens, 5 pointer forms; required edges 278, required pointers 209; live import edges 504; dispositions on file: 669 edges, 208 pointers
DEPENDENCY GATE: every required edge and pointer dispositioned; every CALL live; every OWED on the debt list [gate satisfied]
DAEMON GATE coverage: 69 modules scanned (68 runners + the engine); 73 daemons watching 1155 kinds; 3767 submit records firing 1155 kinds; 498 compiled functions writing effects in 67 runners; event registry 1155 types, effects registry 1056
DAEMON GATE functions: 498 WRAPPED (verified), 0 OWED, 0 NONE of 498; unfired kinds 0, unconsumed 0, open aliases 3
DAEMON GATE: every daemon declared and its watches verified; every kind and effect registered; every compiled function dispositioned; every WRAPPED verified; every OWED on the worklist [gate satisfied]
THE SWEEP FULL (a shared piece moved since the stamp (2026-09-21 09:30): calendar_parameters.yaml, daemon_dispositions.yaml, dependency_dispositions.yaml, effect_vocabulary.yaml, event_vocabulary.yaml, register_dispositions.yaml); jobs 8; skipped ['cold_run_sequence.py']
PASS  cold_run_balak.py            rc=0  score=105/105  55.0s
PASS  cold_run_bamidbar.py         rc=0  score=66/66  27.8s
PASS  cold_run_beha.py             rc=0  score=154/154  33.0s
PASS  cold_run_blessing_and_curse.py rc=0  score=59/59  182.5s
PASS  cold_run_borders.py          rc=0  score=56/56  84.0s
PASS  cold_run_calendar.py         rc=0  score=17/17  1.9s
PASS  cold_run_chatat.py           rc=0  score=195/195  2.4s
PASS  cold_run_chukat.py           rc=0  score=159/159  22.8s
PASS  cold_run_clocks.py           rc=0  score=162/162  2.7s
PASS  cold_run_covenant_at_horeb.py rc=0  score=49/49  114.1s
PASS  cold_run_decalogue.py        rc=0  score=13/13  1.3s
PASS  cold_run_erection.py         rc=0  score=287/287  35.0s
PASS  cold_run_exodus_story.py     rc=0  score=113/113  41.0s
PASS  cold_run_family.py           rc=0  score=228/228  30.8s
PASS  cold_run_gad_reuben.py       rc=0  score=74/74  72.6s
PASS  cold_run_good_land.py        rc=0  score=55/55  147.9s
PASS  cold_run_guardians.py        rc=0  score=12/12  0.4s
PASS  cold_run_hear_o_israel.py    rc=0  score=42/42  123.9s
PASS  cold_run_holiness.py         rc=0  score=187/187  2.4s
PASS  cold_run_holiness_b.py       rc=0  score=183/183  6.2s
PASS  cold_run_incense_shekel.py   rc=0  score=301/301  27.4s
PASS  cold_run_joseph.py           rc=0  score=282/282  49.6s
PASS  cold_run_journeys.py         rc=0  score=53/53  80.4s
PASS  cold_run_korach.py           rc=0  score=155/155  35.0s
PASS  cold_run_lev24.py            rc=0  score=24/24  1.7s
PASS  cold_run_mamre.py            rc=0  score=222/222  41.2s
PASS  cold_run_mekoshesh.py        rc=0  score=34/34  27.9s
PASS  cold_run_metzora.py          rc=0  score=78/78  2.6s
PASS  cold_run_midian.py           rc=0  score=99/99  61.6s
PASS  cold_run_minchah.py          rc=0  score=85/85  1.7s
PASS  cold_run_mishpatim.py        rc=0  score=24/24  1.3s
PASS  cold_run_mishpatim_2.py      rc=0  score=13/13  1.3s
PASS  cold_run_mishpatim_3.py      rc=0  score=43/43  5.0s
PASS  cold_run_moadim.py           rc=0  score=42/42  2.1s
PASS  cold_run_musafim.py          rc=0  score=110/110  42.8s
PASS  cold_run_naso.py             rc=0  score=274/274  31.6s
PASS  cold_run_negaim.py           rc=0  score=17/17  1.4s
PASS  cold_run_not_righteousness.py rc=0  score=51/51  151.3s
PASS  cold_run_obey_horeb.py       rc=0  score=52/52  106.1s
PASS  cold_run_offerings.py        rc=0  score=58/58  1.4s
PASS  cold_run_opening_speech.py   rc=0  score=97/97  94.3s
PASS  cold_run_ordinances.py       rc=0  score=128/128  8.0s
PASS  cold_run_pesach.py           rc=0  score=25/25  1.3s
PASS  cold_run_pesach_sheni.py     rc=0  score=26/26  1.4s
PASS  cold_run_place_name.py       rc=0  score=65/65  194.1s
PASS  cold_run_pre_sinai.py        rc=0  score=212/212  36.5s
PASS  cold_run_priesthood.py       rc=0  score=252/252  9.3s
PASS  cold_run_primeval.py         rc=0  score=206/206  41.8s
PASS  cold_run_refuge.py           rc=0  score=51/51  87.7s
PASS  cold_run_sanctions.py        rc=0  score=242/242  4.8s
PASS  cold_run_sanctuary_build.py  rc=0  score=258/258  16.7s
PASS  cold_run_second_census.py    rc=0  score=70/70  67.1s
PASS  cold_run_second_tablets.py   rc=0  score=62/62  165.9s
PASS  cold_run_seducers.py         rc=0  score=56/56  203.7s
PASS  cold_run_seven_nations.py    rc=0  score=51/51  131.9s
PASS  cold_run_shelach.py          rc=0  score=172/172  41.0s
PASS  cold_run_shemini.py          rc=0  score=20/20  1.3s
PASS  cold_run_shemini_day.py      rc=0  score=105/105  3.8s
PASS  cold_run_temurah.py          rc=0  score=41/41  1.8s
PASS  cold_run_tochacha.py         rc=0  score=38/38  1.3s
PASS  cold_run_tzav.py             rc=0  score=54/54  1.8s
PASS  cold_run_vayikra5.py         rc=0  score=32/32  2.4s
PASS  cold_run_vestments.py        rc=0  score=196/196  21.5s
PASS  cold_run_vows.py             rc=0  score=147/147  43.1s
PASS  cold_run_yoma.py             rc=0  score=23/23  2.9s
PASS  cold_run_yovel.py            rc=0  score=90/90  1.7s
PASS  cold_run_zelophehad.py       rc=0  score=55/55  30.6s

run_cold_all: 67/67 runners green, 7007 graded cells in all (FULL of 68; wall 433 s, 8 jobs)
the stamp written: /Users/Shared/TorahSim/World/step9/sweep_stamp.json (67 runners, 12 shared pieces)
