DEPENDENCY GATE coverage: 68 runners declared, 5288 verses scanned, 42 type tokens, 5 pointer forms; required edges 278, required pointers 209; live import edges 504; dispositions on file: 669 edges, 208 pointers
LINK CENSUS (the link review law): reference 641, transfer 48, hypothesis 9, none 179 — of 669 edges + 208 pointers
ADVISORY (not gated) — verses of each declared span no address in the runner cites:
  balak          0 uncited: 
  bamidbar       0 uncited: 
  beha           0 uncited: 
  blessing_and_curse   0 uncited: 
  borders        0 uncited: 
  calendar       0 uncited: 
  chatat         0 uncited: 
  chukat         0 uncited: 
  clocks         0 uncited: 
  covenant_at_horeb   0 uncited: 
  decalogue      8 uncited: 20:1-6, 20:16-17
  erection       0 uncited: 
  exodus_story 236 uncited: 1:2-5, 1:10, 1:12, 1:15, 1:18-20, 2:4, 2:7-9, 2:11, 2:13-14, 2:16-18, 2:20, 2:25, 3:1, 3:3-4, 3:6, 3:9, 3:11-13, 3:16-20, 4:1, 4:10-13, 4:17-18, 4:24, 4:26-29, 
  family        24 uncited: 23:1, 23:5, 23:7-8, 23:12, 23:14, 24:28-29, 24:31, 24:33, 24:52, 24:54, 24:56, 38:13, 38:19, 38:23, 48:3, 48:11, 48:13, 49:11-12, 49:18-19, 49:25
  gad_reuben     0 uncited: 
  good_land      0 uncited: 
  guardians      0 uncited: 
  hear_o_israel   0 uncited: 
  holiness       0 uncited: 
  holiness_b     0 uncited: 
  incense_shekel   0 uncited: 
  joseph         4 uncited: 32:1, 32:28, 36:1, 37:1
  journeys       0 uncited: 
  korach         0 uncited: 
  lev24          0 uncited: 
  mamre          7 uncited: 18:9, 18:11, 19:6-7, 19:31-32, 19:34
  mekoshesh      0 uncited: 
  metzora        0 uncited: 
  midian         0 uncited: 
  minchah        0 uncited: 
  mishpatim     11 uncited: 22:6-16
  mishpatim_2    0 uncited: 
  mishpatim_3    0 uncited: 
  moadim        10 uncited: 23:1, 23:22-23, 23:25-26, 23:33, 23:37-38, 23:43-44
  musafim        0 uncited: 
  naso           0 uncited: 
  negaim        25 uncited: 13:1-2, 13:9, 13:11-12, 13:15-17, 13:24, 13:26, 13:29, 13:31-32, 13:34, 13:38-44, 13:47-48, 13:53, 13:59
  not_righteousness   0 uncited: 
  obey_horeb     0 uncited: 
  offerings      4 uncited: 1:10, 1:12-13, 3:1
  opening_speech   0 uncited: 
  ordinances     0 uncited: 
  pesach         4 uncited: 12:1, 13:14-16
  pesach_sheni   0 uncited: 
  place_name     0 uncited: 
  pre_sinai      0 uncited: 
  priesthood     0 uncited: 
  primeval      27 uncited: 3:2-3, 3:22, 4:9, 4:21, 5:1, 10:2, 10:4-7, 10:13-17, 10:19-20, 10:22-23, 10:26-31, 14:17
  refuge         0 uncited: 
  sanctions      0 uncited: 
  sanctuary_build   0 uncited: 
  second_census   0 uncited: 
  second_tablets   0 uncited: 
  seducers       0 uncited: 
  sequence       0 uncited: 
  seven_nations   0 uncited: 
  shelach        0 uncited: 
  shemini       18 uncited: 11:1-2, 11:26-28, 11:31-38, 11:43-47
  shemini_day    0 uncited: 
  temurah        1 uncited: 27:34
  tochacha       7 uncited: 26:1-2, 26:36-38, 26:45-46
  tzav          11 uncited: 6:12, 6:16-19, 6:22, 7:11-12, 7:14, 7:37-38
  vayikra5       0 uncited: 
  vestments      0 uncited: 
  vows           0 uncited: 
  yoma           5 uncited: 16:1-2, 16:32-34
  yovel         14 uncited: 25:1, 25:12, 25:17-20, 25:23, 25:25-26, 25:38, 25:44-45, 25:55, 27:1
  zelophehad     0 uncited: 
live edges beyond the token census (calls the census did not require): 384 — ALL ON FILE (rule 9)
index: World/step9/DEPENDENCY_INDEX.md regenerated (68 runners)
DEPENDENCY GATE: every required edge and pointer dispositioned; every CALL live; every OWED on the debt list [gate satisfied]
