('CA1', [('[(40, 11, 1), (40, 11, 1), (40, 11, 1), (40, 11, 1', '[(40, 11, 1), (40, 11, 1), (40, 11, 1), (40, 11, 1'), ('11', '12'), ('1', '7')])
('CA3', [('88', '94'), ('96', '102'), ('11', '12'), ('8', '13'), ('40', '41'), ('12', '1'), ('0', '6'), ('36', '42')])
('CA8', [('1', '2')])
('CC1', [('11', '12'), ('1', '7')])
('CC7', [('2', '4'), ('0', '6')])
('CC9', [('172', '173')])
('CI1', [('11', '12'), ('1', '7')])
('CI9', [('172', '173')])
('CO1', [('172', '173'), ('11', '12'), ('1', '7')])
('CO9', [('172', '173')])
('CQ1', [('172', '173'), ('11', '12'), ('1', '7')])
('CQ9', [('172', '173')])
('CU1', [('172', '173'), ('11', '12'), ('1', '7')])
('CU6', [('2', '4'), ("'Deut 8:19'", "'Deut 31:2'")])
('CU9', [('172', '173')])
('CT2', [('11', '12'), ('8', '13'), ('40', '41'), ('12', '1'), ('96', '102')])
('CT6', [('True', 'False')])
('CV2', [('96', '102')])
('CR2', [('27', '28')])
('DA1', [('172', '173'), ('11', '12'), ('1', '7')])
('DA9', [('172', '173')])
('DB1', [('172', '173'), ('11', '12'), ('1', '7')])
('DB2', [('2', '3')])
('DB9', [('172', '173')])
('DC1', [('172', '173'), ('11', '12'), ('1', '7')])
('DC2', [('1', '2')])
('DC6', [('2', '3')])
('DC9', [('172', '173')])
('DD1', [('172', '173'), ('11', '12'), ('1', '7')])
('DD6', [('1', '2')])
('DD9', [('172', '173')])
('DE1', [('172', '173'), ('11', '12'), ('1', '7')])
('DE2', [('2', '3'), ("['Deut 10:20', 'Deut 13:2']", "['Deut 10:20', 'Deut 13:2', 'Deut 30:15']")])
('DE4', [('2', '3')])
('DE9', [('172', '173')])
('DF1', [('172', '173'), ('11', '12'), ('1', '7')])
('DF9', [('172', '173')])
('DG1', [('172', '173'), ('11', '12'), ('1', '7')])
('DG6', [("['release_firstborn']", "['release_firstborn', 'covenant_return_charge']")])
('DG9', [('172', '173')])
('DH1', [('172', '173'), ('11', '12'), ('1', '7')])
('DH5', [('172', '173')])
('DI1', [('172', '173'), ('11', '12'), ('1', '7')])
('DI5', [('172', '173')])
('DJ1', [('172', '173'), ('11', '12'), ('1', '7')])
('DJ4', [('4', '6')])
('DJ5', [('172', '173')])
('DK1', [('172', '173'), ('11', '12'), ('1', '7')])
('DK5', [('172', '173')])
('DL1', [('172', '173')])
('DL2', [("tuple((1, v) for v in ('Deut 26:1', 'Deut 26:1', '", "((1, 'Deut 26:1'), (1, 'Deut 26:1'), (1, 'Deut 26:")])
('DL4', [('1', '2'), ('2', '4'), ('3', '4')])
('DL5', [('172', '173')])
edits 154 checkpoints 53 | WRITTEN
