---- readback
exit 0
  PASS Q9 the seats and the debit after chapter 4 — got (4:5 class, 4:45 class, 4:45 daemons, the refuge debit, open, cities_set_apart) = ('ACT', 'DAEMONS', 2, 1, True, 1)
readback_probes: 9/9
---- register
exit 0
  PASS R7 the rate is no count
register_probes: 7/7
---- clock
exit 0
DAY SLOTS: 8 in the calendar day's order — evening, night, midnight, dawn, morning, noon, between_the_evenings, sunset
COUNTER IDIOMS: 6 rows — people: completed_years; kings: one_day_in_a_year_counts_as_a_year [UNEXERCISED]; animals: from_day_to_day [UNEXERCISED]; trees: thirty_days_before_the_new_year_count_as_a_yea
---- sequence
exit 0

sequence_probes: 4/4 probes pass
---- view
exit 0
        ledger at 31 [('declaration_owed', 'open')], at 33 [('declaration_owed', 'closed')]; open at Lev 24:12 4 rows (the docket among them: True), at Lev 24:14 the docket closed; who [('law_probe', 
VIEW PROBES: 6/6
---- population
exit 0

9/9 population probes
---- journal
exit 0

7/7 probes
---- cursor
exit 0
        event lines 1; prov.unit scenario; label "K6 — the probe's labeled hypothetical (Mishnah Sanhedrin 5:1: no warning, exempt)"; base unchanged True; the answer exempt
6/6 probes
---- checkpoint
exit 1
        log 3523 -> 3523; sink lines 3523 -> 3523
6/7 probes
CHAIN_A_DONE
