markers: 165, every number verified against the ink parse (F 128 / P 15 / R 22)

PLACEMENT CLASSES (computed; the reason per row):
  Gen 1:5     F         text_constrained the ink
  Gen 1:8     F         text_constrained the ink
  Gen 1:13    F         text_constrained the ink
  Gen 1:19    F         text_constrained the ink
  Gen 1:23    F         text_constrained the ink
  Gen 1:31    F         text_constrained the ink
  Gen 2:2     F         text_constrained the ink
  Gen 5:3     F         text_constrained the ink
  Gen 5:5     P         text_constrained the ink
  Gen 5:6     F         text_constrained the ink
  Gen 5:8     P         text_constrained the ink
  Gen 5:9     F         text_constrained the ink
  Gen 5:11    P         text_constrained the ink
  Gen 5:12    F         text_constrained the ink
  Gen 5:14    P         text_constrained the ink
  Gen 5:15    F         text_constrained the ink
  Gen 5:17    P         text_constrained the ink
  Gen 5:18    F         text_constrained the ink
  Gen 5:20    P         text_constrained the ink
  Gen 5:21    F         text_constrained the ink
  Gen 5:23    P         text_constrained the ink
  Gen 5:25    F         text_constrained the ink
  Gen 5:27    P         text_constrained the ink
  Gen 5:28    F         text_constrained the ink
  Gen 5:31    P         text_constrained the ink
  Gen 5:32    F         text_constrained the ink
  Gen 6:3     R         text_constrained the ink
  Gen 7:1     F         text_constrained the ink
  Gen 7:11    F         text_constrained the ink
  Gen 7:17    F         text_constrained the ink
  Gen 8:4     F         text_constrained the ink
  Gen 8:5     F         text_constrained the ink
  Gen 8:6     F         text_constrained the ink
  Gen 8:10    F         text_constrained the ink
  Gen 8:12    F         text_constrained the ink
  Gen 8:13    F         text_constrained the ink
  Gen 8:14    F         text_constrained the ink
  Gen 9:29    P         text_constrained the ink
  Gen 11:10   F         text_constrained the ink
  Gen 11:12   F         text_constrained the ink
  Gen 11:14   F         text_constrained the ink
  Gen 11:16   F         text_constrained the ink
  Gen 11:18   F         text_constrained the ink
  Gen 11:20   F         text_constrained the ink
  Gen 11:22   F         text_constrained the ink
  Gen 11:24   F         text_constrained the ink
  Gen 11:26   F         text_constrained the ink
  Gen 11:32   P         text_constrained the ink
  Gen 12:4    F         text_constrained the ink
  Gen 15:1    F         reading_placed   typed
  Gen 16:1    F         text_constrained the ink
  Gen 16:16   F         text_constrained the ink
  Gen 17:1    F         text_constrained the ink
  Gen 18:1    F         text_constrained the ink
  Gen 19:15   F         text_constrained the ink
  Gen 21:2    F         text_constrained the ink
  Gen 21:4    F         text_constrained the ink
  Gen 22:1    F         reading_placed   typed
  Gen 22:4    F         reading_placed   propagated from binding
  Gen 25:7    P         text_constrained the ink
  Gen 25:17   P         text_constrained the ink
  Gen 25:20   F         text_constrained the ink
  Gen 25:26   F         text_constrained the ink
  Gen 25:29   F         reading_placed   typed
  Gen 26:34   F         text_constrained the ink
  Gen 27:1    F         reading_placed   typed
  Gen 28:9    F         reading_placed   typed
  Gen 28:10   F         reading_placed   typed
  Gen 29:14   F         reading_placed   propagated from departure
  Gen 29:20   F         reading_placed   propagated from laban_month
  Gen 29:28   F         reading_placed   propagated from wedding
  Gen 30:25   F         reading_placed   propagated from rachel_given
  Gen 31:17   F         reading_placed   propagated from fourteen_end
  Gen 31:22   F         reading_placed   propagated from flight
  Gen 32:1    F         reading_placed   propagated from told
  Gen 32:14   F         reading_placed   propagated from heap_morning
  Gen 32:32   F         reading_placed   propagated from jabbok_night
  Gen 33:17   F         reading_placed   propagated from peniel_sunrise
  Gen 33:18   F         reading_placed   typed
  Gen 35:6    F         reading_placed   propagated from shechem
  Gen 35:16   F         reading_placed   typed
  Gen 35:27   F         reading_placed   propagated from ephrath_road
  Gen 35:28   P         text_constrained the ink
  Gen 37:2    F         text_constrained the ink
  Gen 40:5    F         text_constrained the ink
  Gen 40:20   F         text_constrained the ink
  Gen 41:1    F         text_constrained the ink
  Gen 41:46   F         text_constrained the ink
  Gen 41:53   F         text_constrained the ink
  Gen 42:18   F         text_constrained the ink
  Gen 45:5    F         text_constrained the ink
  Gen 46:1    F         text_constrained the ink
  Gen 47:9    F         text_constrained the ink
  Gen 47:28   F         text_constrained the ink
  Gen 50:3    F         text_constrained the ink
  Gen 50:4    F         text_constrained the ink
  Gen 50:10   F         text_constrained the ink
  Gen 50:14   F         text_constrained the ink
  Gen 50:26   P         text_constrained the ink
  Exod 2:2    F         text_constrained typed
  Exod 2:3    F         text_constrained the ink
  Exod 7:7    F         text_constrained the ink
  Exod 7:25   F         text_constrained the ink
  Exod 8:6    F         text_constrained the ink
  Exod 8:19   F         text_constrained the ink
  Exod 9:5    F         text_constrained the ink
  Exod 9:18   F         text_constrained the ink
  Exod 10:4   F         text_constrained the ink
  Exod 10:22  F         text_constrained the ink
  Exod 12:2   F         text_constrained the ink
  Exod 12:3   F         text_constrained the ink
  Exod 12:6   F         text_constrained the ink
  Exod 12:29  F         text_constrained the ink
  Exod 12:41  F         text_constrained the ink
  Exod 14:21  F         reading_placed   reads the row sea_split_date
  Exod 15:22  F         reading_placed   propagated from sea
  Exod 16:1   F         text_constrained the ink
  Exod 16:13  F         text_constrained the ink
  Exod 19:1   F         text_constrained the ink
  Exod 19:3   F         reading_placed   reads the row sinai_days
  Exod 19:12  F         reading_placed   reads the row sinai_days
  Exod 19:14  F         reading_placed   reads the row sinai_days
  Exod 19:16  F         reading_placed   reads the row sinai_days
  Exod 24:18  F         reading_placed   typed
  Exod 32:19  F         reading_placed   typed
  Exod 32:30  F         reading_placed   propagated from breaking
  Exod 34:2   F         reading_placed   reads the row second_tablets_given
  Exod 40:17  F         text_constrained the ink
  Lev 8:2     R         text_constrained the ink
  Lev 9:1     F         text_constrained the ink
  Num 1:1     F         text_constrained the ink
  Num 5:1     R         reading_placed   typed
  Num 7:1     R         text_constrained the ink
  Num 7:12    R         text_constrained the ink
  Num 7:18    R         text_constrained the ink
  Num 7:24    R         text_constrained the ink
  Num 7:30    R         text_constrained the ink
  Num 7:36    R         text_constrained the ink
  Num 7:42    R         text_constrained the ink
  Num 7:48    R         text_constrained the ink
  Num 7:54    R         text_constrained the ink
  Num 7:60    R         text_constrained the ink
  Num 7:66    R         text_constrained the ink
  Num 7:72    R         text_constrained the ink
  Num 7:78    R         text_constrained the ink
  Num 9:5     R         text_constrained the ink
  Num 10:11   F         text_constrained the ink
  Num 11:1    F         reading_placed   typed
  Num 11:35   F         reading_placed   typed
  Num 12:16   F         reading_placed   typed
  Num 13:25   F         reading_placed   typed
  Num 20:1    F         reading_placed   typed
  Num 20:22   F         reading_placed   typed
  Num 20:28   F         text_constrained the ink
  Num 21:4    F         text_constrained the ink
  Num 25:19   F         reading_placed   typed
  Num 27:1    F         reading_placed   typed
  Deut 1:1    F         text_constrained the ink
  Deut 1:6    R         reading_placed   typed
  Deut 1:9    R         reading_placed   typed
  Deut 2:2    R         reading_placed   typed
  Deut 4:1    F         text_constrained the ink
  Deut 4:10   R         reading_placed   typed
  Deut 4:13   R         reading_placed   typed
  Deut 4:25   F         text_constrained the ink

PLACEMENT LITERAL: {'markers': {'text_constrained': 105, 'reading_placed': 45}, 'events': {'text_constrained': 109, 'page_order': 1138, 'reading_placed': 53}}
SLOTS LITERAL: {'sunset': 3, 'evening': 3, 'night': 13, 'morning': 17, 'dawn': 2, 'noon': 3, 'between_the_evenings': 1}
SLOT REGRESSIONS (the ink's own day-crossings the tape has not marked — reported, never fixed by the engine): 2
  Gen 19:27 morning -> Gen 19:33 night
  Gen 28:11 sunset -> Gen 28:18 morning
tape written into /Users/Shared/TorahSim/World/step9/cold_run_sequence.py: 1662 lines

PREDICTED DAYS (day, (creation year, absolute month, day of month)):
  born:seth          (47495, (131, 7, 1))
  born:noach         (385709, (1057, 7, 1))
  born:shem          (568319, (1557, 7, 1))
  reprieve_decree    (561075, (1537, 8, 17))
  covenant_pieces    (742547, (2034, 7, 1))
  boarding_call      (604898, (1657, 8, 10))
  flood              (604905, (1657, 8, 17))
  flood_ordinal      (604521, (1656, 8, 17))
  rain_end           (604945, (1657, 9, 28))
  window             (605165, (1657, 5, 12))
  dove_second        (605172, (1657, 5, 19))
  dove_third         (605179, (1657, 5, 26))
  hagar_given        (742547, (2034, 7, 1))
  mamre              (747874, (2048, 1, 15))
  sodom_dawn         (747875, (2048, 1, 16))
  binding            (761555, (2086, 7, 1))
  moriah_seen        (761557, (2086, 7, 3))
  stew_day           (775427, (2124, 7, 1))
  blessing           (792959, (2172, 7, 1))
  mahalath           (792959, (2172, 7, 1))
  departure          (798065, (2186, 7, 1))
  laban_month        (798095, (2186, 8, 1))
  wedding            (800663, (2193, 8, 1))
  rachel_given       (800670, (2193, 8, 8))
  fourteen_end       (803208, (2200, 8, 8))
  flight             (805422, (2206, 8, 8))
  told               (805424, (2206, 8, 10))
  heap_morning       (805429, (2206, 8, 15))
  jabbok_night       (805430, (2206, 8, 16))
  peniel_sunrise     (805431, (2206, 8, 17))
  sukkot             (805432, (2206, 8, 18))
  shechem            (805963, (2207, 2, 18))
  bethel_again       (805964, (2207, 2, 19))
  ephrath_road       (806141, (2208, 8, 19))
  hebron             (806142, (2208, 8, 20))
  age:joseph:17      (809399, (2217, 7, 1))
  prison_dreams      (813411, (2227, 6, 28))
  birthday           (813413, (2228, 7, 1))
  pharaoh_dreams     (814151, (2230, 7, 1))
  custody_third      (816691, (2237, 7, 3))
  joseph30           (814151, (2230, 7, 1))
  plenty_end         (816689, (2237, 7, 1))
  famine_two         (817427, (2239, 7, 1))
  beersheba_descent  (817427, (2239, 7, 1))
  embalmed           (823665, (2256, 8, 11))
  weeping_end        (823695, (2256, 9, 12))
  atad               (823696, (2256, 9, 13))
  atad_end           (823703, (2256, 9, 20))
  ark_rested         (605052, (1657, 1, 17))
  mountains          (605125, (1657, 4, 1))
  dried              (605213, (1658, 7, 1))
  dry                (605269, (1658, 8, 27))
  born:arpachshad    (605643, (1659, 8, 17))
  born:abraham       (711497, (1949, 7, 1))
  born:isaac         (748228, (2049, 1, 15))
  eighth_day         (748235, (2049, 1, 22))
  born:jacob         (769937, (2109, 7, 1))
  born:joseph        (803171, (2200, 7, 1))
  descent            (817427, (2239, 7, 1))
  jacob_147          (823625, (2256, 7, 1))
  died:methuselah    (604859, (1657, 7, 1))
  died:terah         (760817, (2084, 7, 1))
  born:moses         (865071, (2369, 12, 7))
  ark                (865159, (2369, 3, 7))
  speaking           (894137, (2449, 7, 1))
  river7             (894144, (2449, 7, 8))
  darkness_end       (894152, (2449, 7, 16))
  lamb_taken         (894323, (2449, 1, 10))
  lamb_slaughtered   (894327, (2449, 1, 14))
  exodus_epoch       (894314, (2449, 1, 1))
  exodus             (894328, (2449, 1, 15))
  sea                (894334, (2449, 1, 21))
  shur               (894337, (2449, 1, 24))
  sin_wilderness     (894358, (2449, 2, 15))
  manna_first        (894359, (2449, 2, 16))
  sinai              (894373, (2449, 3, 1))
  sinai_2            (894374, (2449, 3, 2))
  sinai_bound        (894375, (2449, 3, 3))
  sinai_sep          (894376, (2449, 3, 4))
  giving             (894379, (2449, 3, 7))
  ascent             (894379, (2449, 3, 7))
  breaking           (894419, (2449, 4, 17))
  morrow             (894420, (2449, 4, 18))
  second_ascent      (894460, (2449, 5, 29))
  second_tablets     (894500, (2450, 7, 10))
  erected            (894698, (2450, 1, 1))
  lev8               (894691, (2450, 13, 24))
the flood: ark_rested - flood = 147 (C1, declared 150); dried - flood = 308; dry - flood = 364
the exodus: creation year 2449; exodus - descent = 210 years; exodus - born:isaac = 400 years; Shem by 5:32 1557 vs by 11:10 1559
Sinai: ascent (2449, 3, 7); breaking (2449, 4, 17) = ascent + 40; erected (2450, 1, 1); lev8 (2450, 13, 24); the exodus era at erected: (2, 1, 1)
O8 S1: Moses born (2369, 12, 7), the ark (2369, 3, 7) (born + 3 months; the shelf's sixth of Sivan), the speaking (2449, 7, 1), the plagues to (2449, 7, 16), the lamb (2449, 1, 10) / (2449, 1, 14), the sea (2449, 1, 21), Shur (2449, 1, 24), the manna (2449, 2, 16), Sivan (2449, 3, 2) / (2449, 3, 3) / (2449, 3, 4) / (2449, 3, 7); the weekday (1 = the first day) of the exodus 2, the fifteenth of Iyar 4, the first of Sivan 5, the giving 4
O8 S2: the reprieve decree (1537, 8, 17) (the flood minus 120 years — retrograde to the counter at Noah 500), the boarding call (1657, 8, 10) (the flood minus 7), the rain's end (1657, 9, 28), the window (1657, 5, 12), the dove's sendings (1657, 5, 19) / (1657, 5, 26), the drying (1658, 7, 1); Hagar given (2034, 7, 1) (Abram 85), Ishmael (2035, 7, 1) (86); the flood's stretch 7:11 -> 8:14 = 364 days = 12 months + 10
O8 S4: the heap's morning (2206, 8, 15), the Jabbok night (2206, 8, 16), the sunrise (2206, 8, 17), Sukkot (2206, 8, 18), Shechem (2207, 2, 18) (+18 months), Bethel again (2207, 2, 19), the road (2208, 8, 19) (+6 months), Hebron (2208, 8, 20) (Jacob 99; Jacob's absence 22 years), Joseph seventeen (2217, 7, 1), the prison dreams (2227, 6, 28), the birthday (2228, 7, 1), Pharaoh's dreams (2230, 7, 1) = joseph30 (2230, 7, 1): True, the plenty's end (2237, 7, 1), the famine's second (2239, 7, 1) (Joseph's absence 22 years) = the descent (2239, 7, 1): True, embalmed (2256, 8, 11), the weeping's end (2256, 9, 12), Atad (2256, 9, 13) / (2256, 9, 20); Isaac's death (2229, 7, 1) = the sale + 12
DAYS LITERAL: {'born:seth': 47495, 'born:noach': 385709, 'born:shem': 568319, 'reprieve_decree': 561075, 'covenant_pieces': 742547, 'boarding_call': 604898, 'flood': 604905, 'flood_ordinal': 604521, 'rain_end': 604945, 'window': 605165, 'dove_second': 605172, 'dove_third': 605179, 'hagar_given': 742547, 'mamre': 747874, 'sodom_dawn': 747875, 'binding': 761555, 'moriah_seen': 761557, 'stew_day': 775427, 'blessing': 792959, 'mahalath': 792959, 'departure': 798065, 'laban_month': 798095, 'wedding': 800663, 'rachel_given': 800670, 'fourteen_end': 803208, 'flight': 805422, 'told': 805424, 'heap_morning': 805429, 'jabbok_night': 805430, 'peniel_sunrise': 805431, 'sukkot': 805432, 'shechem': 805963, 'bethel_again': 805964, 'ephrath_road': 806141, 'hebron': 806142, 'age:joseph:17': 809399, 'prison_dreams': 813411, 'birthday': 813413, 'pharaoh_dreams': 814151, 'custody_third': 816691, 'joseph30': 814151, 'plenty_end': 816689, 'famine_two': 817427, 'beersheba_descent': 817427, 'embalmed': 823665, 'weeping_end': 823695, 'atad': 823696, 'atad_end': 823703, 'ark_rested': 605052, 'mountains': 605125, 'dried': 605213, 'dry': 605269, 'born:arpachshad': 605643, 'born:abraham': 711497, 'born:isaac': 748228, 'eighth_day': 748235, 'born:jacob': 769937, 'born:joseph': 803171, 'descent': 817427, 'jacob_147': 823625, 'died:methuselah': 604859, 'died:terah': 760817, 'born:moses': 865071, 'ark': 865159, 'speaking': 894137, 'river7': 894144, 'darkness_end': 894152, 'lamb_taken': 894323, 'lamb_slaughtered': 894327, 'exodus_epoch': 894314, 'exodus': 894328, 'sea': 894334, 'shur': 894337, 'sin_wilderness': 894358, 'manna_first': 894359, 'sinai': 894373, 'sinai_2': 894374, 'sinai_bound': 894375, 'sinai_sep': 894376, 'giving': 894379, 'ascent': 894379, 'breaking': 894419, 'morrow': 894420, 'second_ascent': 894460, 'second_tablets': 894500, 'erected': 894698, 'lev8': 894691}
Methuselah: died (1657, 7, 1), the flood (1657, 8, 17): 46 days before, same year True
Sarah (17:17: born in Abraham's year + 10; 23:1: 127): death year 2086; the purchase's bound years [2086, 2089] (since O8 S3: from 22:4, the binding in her death year)

CENSUS
  pre_sinai        scanned  25  history  25  case   0  source-off 0  register-off 0
  primeval         scanned 183  history 183  case   0  source-off 0  register-off 0
  mamre            scanned 306  history 306  case   0  source-off 0  register-off 0
  joseph           scanned 313  history 309  case   0  source-off 0  register-off 4
  family           scanned  26  history  26  case   0  source-off 0  register-off 0
  exodus_story     scanned 121  history 120  case   0  source-off 0  register-off 1
  pesach           scanned  24  history   0  case  24  source-off 0  register-off 0
  decalogue        scanned   8  history   0  case   8  source-off 0  register-off 0
  ordinances       scanned  30  history   0  case  30  source-off 0  register-off 0
  mishpatim        scanned  14  history   0  case  14  source-off 0  register-off 0
  mishpatim_2      scanned   9  history   0  case   9  source-off 0  register-off 0
  calendar         scanned  15  history   0  case  15  source-off 0  register-off 0
  erection         scanned  55  history  38  case  12  source-off 5  register-off 0
  sanctuary_build  scanned  17  history  17  case   0  source-off 0  register-off 0
  vestments        scanned  11  history  11  case   0  source-off 0  register-off 0
  incense_shekel   scanned  64  history  17  case  44  source-off 1  register-off 2
  offerings        scanned  11  history   0  case  11  source-off 0  register-off 0
  minchah          scanned  16  history   0  case  16  source-off 0  register-off 0
  chatat           scanned  46  history   0  case  46  source-off 0  register-off 0
  vayikra5         scanned  12  history   0  case  12  source-off 0  register-off 0
  tzav             scanned  30  history   3  case  27  source-off 0  register-off 0
  shemini_day      scanned  11  history  11  case   0  source-off 0  register-off 0
  shemini          scanned  18  history   0  case  18  source-off 0  register-off 0
  clocks           scanned  49  history   0  case  49  source-off 0  register-off 0
  negaim           scanned  22  history   0  case  22  source-off 0  register-off 0
  metzora          scanned  11  history   0  case  11  source-off 0  register-off 0
  yoma             scanned  28  history   0  case  28  source-off 0  register-off 0
  sanctions        scanned  60  history   0  case  60  source-off 0  register-off 0
  holiness         scanned  38  history   0  case  38  source-off 0  register-off 0
  holiness_b       scanned  27  history   0  case  27  source-off 0  register-off 0
  priesthood       scanned  49  history   0  case  46  source-off 0  register-off 3
  moadim           scanned  21  history   0  case  21  source-off 0  register-off 0
  lev24            scanned   9  history   4  case   5  source-off 0  register-off 0
  yovel            scanned  46  history   0  case  46  source-off 0  register-off 0
  tochacha         scanned  11  history   0  case  11  source-off 0  register-off 0
  temurah          scanned  29  history   0  case  29  source-off 0  register-off 0
  pesach_sheni     scanned  18  history   4  case  14  source-off 0  register-off 0
  mekoshesh        scanned  13  history   4  case   9  source-off 0  register-off 0
  zelophehad       scanned  15  history   6  case   9  source-off 0  register-off 0
  bamidbar         scanned  31  history  13  case  18  source-off 0  register-off 0
  naso             scanned  39  history  11  case  28  source-off 0  register-off 0
  beha             scanned  38  history  18  case  20  source-off 0  register-off 0
  shelach          scanned  27  history  17  case  10  source-off 0  register-off 0
  korach           scanned  36  history  25  case  11  source-off 0  register-off 0
  chukat           scanned  66  history  37  case  29  source-off 0  register-off 0
  balak            scanned  71  history  41  case  30  source-off 0  register-off 0
  second_census    scanned  25  history   7  case  18  source-off 0  register-off 0
  musafim          scanned  27  history   1  case  26  source-off 0  register-off 0
  vows             scanned  67  history   1  case  66  source-off 0  register-off 0
  midian           scanned  39  history  13  case  26  source-off 0  register-off 0
  gad_reuben       scanned  38  history  12  case  26  source-off 0  register-off 0
  journeys         scanned  20  history   3  case  17  source-off 0  register-off 0
  borders          scanned  21  history   3  case  18  source-off 0  register-off 0
  refuge           scanned  29  history   2  case  27  source-off 0  register-off 0
  opening_speech   scanned  49  history  16  case  33  source-off 0  register-off 0
  obey_horeb       scanned  24  history   5  case  19  source-off 0  register-off 0
  TOTAL scanned 2458; history 1309 (before dedup) -> 1300 on the tape; case 1133; source-off 6; register-off 10; unregistered 0; deduped 9; re-based fields 0; closes 71
  register-off:
     ('priesthood', 'head_anointed', 'aaron', 'Lev 21:10; Sifra Emor Chapter 2 — the office attaches at the pouring', 'act with no narrative verb within 10 verses of Lev 21:10; Sifra Emor Chapter 2 — the of — a law clause, not a narrated act')
     ('priesthood', 'lamps_raised', 'the-lampstand', 'Lev 24:2-4; Mishnah Tamid 3:9 — the lamps tended, evening to morning', 'act with no narrative verb within 10 verses of Lev 24:2-4; Mishnah Tamid 3:9 — the lamp — a law clause, not a narrated act')
     ('priesthood', 'bread_arranged', 'the-table', 'Lev 24:5-9; Mishnah Menachot 11:1-9 — twelve loaves, the frankincense, the sabbath exchange', 'act with no narrative verb within 10 verses of Lev 24:5-9; Mishnah Menachot 11:1-9 — tw — a law clause, not a narrated act')
     ('incense_shekel', 'incense_burned', 'the-golden-altar', 'Exod 30:7 — morning by morning with the tending; Yoma 33b', 'act with no narrative verb within 10 verses of Exod 30:7 — morning by morning with the  — a law clause, not a narrated act')
     ('incense_shekel', 'incense_burned', 'the-golden-altar', 'Exod 30:8 — between the evenings with the raising', 'act with no narrative verb within 10 verses of Exod 30:8 — between the evenings with th — a law clause, not a narrated act')
     ('exodus_story', 'journeyed', 'israel', 'Exod 14:2', 'act with no narrative verb within 10 verses of Exod 14:2 — a law clause, not a narrated act')
     ('joseph', 'married', 'adah-wife-of-esau', 'Gen 36:2', 'act with no narrative verb within 10 verses of Gen 36:2 — a law clause, not a narrated act')
     ('joseph', 'married', 'oholibamah', 'Gen 36:2', 'act with no narrative verb within 10 verses of Gen 36:2 — a law clause, not a narrated act')
     ('joseph', 'married', 'basemath-bat-ishmael', 'Gen 36:3', 'act with no narrative verb within 10 verses of Gen 36:3 — a law clause, not a narrated act')
     ('joseph', 'famine_came', 'the-land-of-canaan', 'Gen 43:1', 'act with no narrative verb within 10 verses of Gen 43:1 — a law clause, not a narrated act')
  source-off:
     ('incense_shekel', 'incense_burned', 'the-golden-altar', '2 Chr 26:16-19 — the king at the incense altar')
     ('erection', 'covenant_blood_thrown', 'the-convert', "Keritot 9a:9 + Mishnah Keritot 2:1 — the convert's rite on t")
     ('erection', 'calf_made', 'the-people', "Mishnah Avodah Zarah 4:4 — an Israelite's idol forbidden onc")
     ('erection', 'attributes_proclaimed_at_sinai', 'the-unrepentant', 'Yoma 86a:5 — and does not clear those who do not')
     ('erection', 'attributes_proclaimed_at_sinai', 'the-vain-swearer', 'Yoma 86a:3 — His name He does not clear (20:7)')
     ('erection', 'offering_brought', 'the-silent-resolver', 'Shevuot 26b:15 — resolved in his heart, without speech: ever')
  deduped:
     (('installation_commanded', 'aaron-and-sons', (3, 8, 2)), 'erection', 'incense_shekel')
     (('milluim_blood_sprinkled', 'aaron-and-sons', (3, 8, 30)), 'erection', 'incense_shekel')
     (('installation_commanded', 'aaron-and-sons', (3, 8, 2)), 'erection', 'tzav')
     (('milluim_blood_sprinkled', 'aaron-and-sons', (3, 8, 30)), 'erection', 'tzav')
     (('milluim_leftover', 'aaron-and-sons', (3, 8, 31)), 'incense_shekel', 'tzav')
     (('installation_commanded', 'aaron-and-sons', (3, 8, 2)), 'erection', 'shemini_day')
     (('milluim_blood_sprinkled', 'aaron-and-sons', (3, 8, 30)), 'erection', 'shemini_day')
     (('census_taken', 'israel', (4, 1, 17)), 'bamidbar', 'second_census')
     (('levites_counted', 'the-levites', (4, 3, 16)), 'bamidbar', 'second_census')
  re-based:
  kinds on the tape 845; subjects 272
  CENSUS tuple (scanned, history, on tape, case, source-off, register-off, deduped, re-based, closes, markers, F, P, R, kinds, subjects): (2458, 1309, 1300, 1133, 6, 10, 9, 0, 71, 165, 128, 15, 22, 845, 272)
  registry tape lines appended: 0 (of 845 kinds)
