recorder: 62 runner modules imported, 0 failed: []

CENSUS (form x source): runner | worlds | total | act/speech on a three-book verse = HISTORY | case rows | statute | act/speech sourced to a tractate
  yovel              worlds 4  total  46  HISTORY   0  case  46  statute  0  act/speech-on-tractate   0  unregistered 0
  tochacha           worlds 1  total  11  HISTORY   0  case  11  statute  0  act/speech-on-tractate   0  unregistered 0
  calendar           worlds 1  total  15  HISTORY   0  case  15  statute  0  act/speech-on-tractate   0  unregistered 0
  offerings          worlds 1  total  11  HISTORY   0  case  11  statute  0  act/speech-on-tractate   0  unregistered 0
  minchah            worlds 1  total  16  HISTORY   0  case  16  statute  0  act/speech-on-tractate   0  unregistered 0
  moadim             worlds 1  total  21  HISTORY   0  case  21  statute  0  act/speech-on-tractate   0  unregistered 0
  decalogue          worlds 1  total   8  HISTORY   0  case   8  statute  0  act/speech-on-tractate   0  unregistered 0
  tzav               worlds 1  total  30  HISTORY   3  case  27  statute  0  act/speech-on-tractate   0  unregistered 0
  chatat             worlds 1  total  46  HISTORY   0  case  46  statute  0  act/speech-on-tractate   0  unregistered 0
  clocks             worlds 1  total  49  HISTORY   0  case  49  statute  0  act/speech-on-tractate   0  unregistered 0
  shemini            worlds 1  total  18  HISTORY   0  case  18  statute  0  act/speech-on-tractate   0  unregistered 0
  sanctions          worlds 1  total  60  HISTORY   0  case  60  statute  0  act/speech-on-tractate   0  unregistered 0
  holiness           worlds 1  total  38  HISTORY   0  case  38  statute  0  act/speech-on-tractate   0  unregistered 0
  holiness_b         worlds 1  total  27  HISTORY   0  case  27  statute  0  act/speech-on-tractate   0  unregistered 0
  ordinances         worlds 1  total  30  HISTORY   0  case  30  statute  0  act/speech-on-tractate   0  unregistered 0
  priesthood         worlds 1  total  49  HISTORY   3  case  46  statute  0  act/speech-on-tractate   0  unregistered 0
  sanctuary_build    worlds 1  total  17  HISTORY  17  case   0  statute  0  act/speech-on-tractate   0  unregistered 0
  vestments          worlds 1  total  11  HISTORY  11  case   0  statute  0  act/speech-on-tractate   0  unregistered 0
  lev24              worlds 2  total   9  HISTORY   4  case   5  statute  0  act/speech-on-tractate   0  unregistered 0
  mishpatim          worlds 1  total  14  HISTORY   0  case  14  statute  0  act/speech-on-tractate   0  unregistered 0
  metzora            worlds 1  total  11  HISTORY   0  case  11  statute  0  act/speech-on-tractate   0  unregistered 0
  incense_shekel     worlds 3  total  64  HISTORY  19  case  44  statute  0  act/speech-on-tractate   1  unregistered 0
  shemini_day        worlds 1  total  11  HISTORY  11  case   0  statute  0  act/speech-on-tractate   0  unregistered 0
  erection           worlds 3  total  55  HISTORY  38  case  12  statute  0  act/speech-on-tractate   5  unregistered 0
  pre_sinai          worlds 1  total  25  HISTORY  25  case   0  statute  0  act/speech-on-tractate   0  unregistered 0
  mishpatim_2        worlds 1  total   9  HISTORY   0  case   9  statute  0  act/speech-on-tractate   0  unregistered 0
  family             worlds 1  total  26  HISTORY  25  case   0  statute  1  act/speech-on-tractate   0  unregistered 0
  exodus_story       worlds 1  total 121  HISTORY 120  case   0  statute  1  act/speech-on-tractate   0  unregistered 0
  bamidbar           worlds 2  total  31  HISTORY  13  case  18  statute  0  act/speech-on-tractate   0  unregistered 0
  temurah            worlds 1  total  29  HISTORY   0  case  29  statute  0  act/speech-on-tractate   0  unregistered 0
  chukat             worlds 2  total  66  HISTORY  37  case  29  statute  0  act/speech-on-tractate   0  unregistered 0
  naso               worlds 2  total  39  HISTORY  11  case  28  statute  0  act/speech-on-tractate   0  unregistered 0
  zelophehad         worlds 2  total  15  HISTORY   6  case   9  statute  0  act/speech-on-tractate   0  unregistered 0
  korach             worlds 2  total  36  HISTORY  25  case  11  statute  0  act/speech-on-tractate   0  unregistered 0
  mekoshesh          worlds 2  total  13  HISTORY   4  case   9  statute  0  act/speech-on-tractate   0  unregistered 0
  mamre              worlds 1  total 306  HISTORY 306  case   0  statute  0  act/speech-on-tractate   0  unregistered 0
  primeval           worlds 1  total 183  HISTORY 183  case   0  statute  0  act/speech-on-tractate   0  unregistered 0
  shelach            worlds 2  total  27  HISTORY  17  case  10  statute  0  act/speech-on-tractate   0  unregistered 0
  balak              worlds 2  total  71  HISTORY  41  case  30  statute  0  act/speech-on-tractate   0  unregistered 0
  beha               worlds 2  total  38  HISTORY  17  case  20  statute  1  act/speech-on-tractate   0  unregistered 0
  mishpatim_3        worlds 1  total  26  HISTORY   0  case  26  statute  0  act/speech-on-tractate   0  unregistered 0
  joseph             worlds 1  total 313  HISTORY 312  case   0  statute  1  act/speech-on-tractate   0  unregistered 0
  second_census      worlds 2  total  25  HISTORY   7  case  18  statute  0  act/speech-on-tractate   0  unregistered 0
  musafim            worlds 2  total  27  HISTORY   1  case  26  statute  0  act/speech-on-tractate   0  unregistered 0
  vows               worlds 2  total  67  HISTORY   1  case  66  statute  0  act/speech-on-tractate   0  unregistered 0
  gad_reuben         worlds 2  total  38  HISTORY  12  case  26  statute  0  act/speech-on-tractate   0  unregistered 0
  journeys           worlds 2  total  20  HISTORY   3  case  17  statute  0  act/speech-on-tractate   0  unregistered 0
  borders            worlds 2  total  21  HISTORY   3  case  18  statute  0  act/speech-on-tractate   0  unregistered 0
  refuge             worlds 2  total  29  HISTORY   2  case  27  statute  0  act/speech-on-tractate   0  unregistered 0
  opening_speech     worlds 2  total  49  HISTORY  16  case  33  statute  0  act/speech-on-tractate   0  unregistered 0
  obey_horeb         worlds 2  total  24  HISTORY   4  case  19  statute  1  act/speech-on-tractate   0  unregistered 0
  covenant_at_horeb  worlds 2  total  13  HISTORY   2  case  11  statute  0  act/speech-on-tractate   0  unregistered 0
  hear_o_israel      worlds 2  total  16  HISTORY   0  case  14  statute  2  act/speech-on-tractate   0  unregistered 0
  midian             worlds 2  total  39  HISTORY  13  case  26  statute  0  act/speech-on-tractate   0  unregistered 0
  pesach_sheni       worlds 2  total  18  HISTORY   4  case  14  statute  0  act/speech-on-tractate   0  unregistered 0
  seven_nations      worlds 2  total  17  HISTORY   0  case  14  statute  3  act/speech-on-tractate   0  unregistered 0
  pesach             worlds 1  total  24  HISTORY   0  case  24  statute  0  act/speech-on-tractate   0  unregistered 0
  negaim             worlds 1  total  22  HISTORY   0  case  22  statute  0  act/speech-on-tractate   0  unregistered 0
  yoma               worlds 1  total  28  HISTORY   0  case  28  statute  0  act/speech-on-tractate   0  unregistered 0
  vayikra5           worlds 1  total  12  HISTORY   0  case  12  statute  0  act/speech-on-tractate   0  unregistered 0
  TOTAL submits 2530; HISTORY 1316; case rows 1198; statute 10; act/speech-on-tractate 6
recording: 2946 records written
