THE STEPPER (THE LOOP step 7 b): the tape one call at a time; the session journals as cold_run_sequence/stepper; --by marker
the base: L3_run_cold_run_sequence_seed_isaac.jsonl
STEP 1    ran 1 line(s) at Gen 1:5 -> 1 sealed (marker 1); the world stands before Gen 1:5
        day 0 = (0, 6, 25) (creation year, month, day); the exodus era None; reached ('Gen', 1, 5); entities 0, open entries 0, pending timers 0; 1 lines in all; audited against the base: yes
STEP 2    ran 2 line(s) from Gen 1:5 to Gen 1:8 -> 3 sealed (event 1, marker 1, write 1); the world stands before Gen 1:8
        day 1 = (0, 6, 26) (creation year, month, day); the exodus era None; reached ('Gen', 1, 8); entities 1, open entries 0, pending timers 0; 4 lines in all; audited against the base: yes
STEP 3    ran 2 line(s) from Gen 1:8 to Gen 1:13 -> 3 sealed (event 1, marker 1, write 1); the world stands before Gen 1:13
        day 2 = (0, 6, 27) (creation year, month, day); the exodus era None; reached ('Gen', 1, 13); entities 1, open entries 0, pending timers 0; 7 lines in all; audited against the base: yes
STEP 4    ran 2 line(s) from Gen 1:13 to Gen 1:19 -> 3 sealed (event 1, marker 1, write 1); the world stands before Gen 1:19
        day 3 = (0, 6, 28) (creation year, month, day); the exodus era None; reached ('Gen', 1, 19); entities 1, open entries 0, pending timers 0; 10 lines in all; audited against the base: yes
STEP 5    ran 2 line(s) from Gen 1:19 to Gen 1:23 -> 3 sealed (event 1, marker 1, write 1); the world stands before Gen 1:23
        day 4 = (0, 6, 29) (creation year, month, day); the exodus era None; reached ('Gen', 1, 23); entities 1, open entries 0, pending timers 0; 13 lines in all; audited against the base: yes
STEP 6    ran 3 line(s) from Gen 1:23 to Gen 1:31 -> 6 sealed (event 2, marker 1, write 3); the world stands before Gen 1:31
        day 5 = (1, 7, 1) (creation year, month, day); the exodus era None; reached ('Gen', 1, 31); entities 2, open entries 1, pending timers 0; 19 lines in all; audited against the base: yes
STEP 7    ran 2 line(s) from Gen 1:31 to Gen 2:2 -> 3 sealed (event 1, marker 1, write 1); the world stands before Gen 2:2
        day 6 = (1, 7, 2) (creation year, month, day); the exodus era None; reached ('Gen', 2, 2); entities 2, open entries 1, pending timers 0; 22 lines in all; audited against the base: yes
STEP 8    ran 46 line(s) from Gen 2:2 to Gen 5:3 -> 98 sealed (event 45, marker 1, write 52); the world stands before Gen 5:3
        day 47495 = (131, 7, 1) (creation year, month, day); the exodus era None; reached ('Gen', 5, 3); entities 24, open entries 5, pending timers 0; 120 lines in all; audited against the base: yes
STEP 9    ran 3 line(s) from Gen 5:3 to Gen 5:5 -> 5 sealed (event 2, marker 1, write 2); the world stands before Gen 5:6
        day 47495 = (131, 7, 1) (creation year, month, day); the exodus era None; reached ('Gen', 5, 5); entities 24, open entries 5, pending timers 0; 125 lines in all; audited against the base: yes
STEP 10   ran 1 line(s) at Gen 5:6 -> 1 sealed (marker 1); the world stands before Gen 5:6
        day 85835 = (236, 7, 1) (creation year, month, day); the exodus era None; reached ('Gen', 5, 6); entities 24, open entries 5, pending timers 0; 126 lines in all; audited against the base: yes
STEP 11   ran 2 line(s) from Gen 5:6 to Gen 5:8 -> 3 sealed (event 1, marker 1, write 1); the world stands before Gen 5:9
        day 85835 = (236, 7, 1) (creation year, month, day); the exodus era None; reached ('Gen', 5, 8); entities 24, open entries 5, pending timers 0; 129 lines in all; audited against the base: yes
STEP 12   ran 1 line(s) at Gen 5:9 -> 1 sealed (marker 1); the world stands before Gen 5:9
        day 118715 = (326, 7, 1) (creation year, month, day); the exodus era None; reached ('Gen', 5, 9); entities 24, open entries 5, pending timers 0; 130 lines in all; audited against the base: yes
STEP 13   ran 2 line(s) from Gen 5:9 to Gen 5:11 -> 3 sealed (event 1, marker 1, write 1); the world stands before Gen 5:12
        day 118715 = (326, 7, 1) (creation year, month, day); the exodus era None; reached ('Gen', 5, 11); entities 25, open entries 5, pending timers 0; 133 lines in all; audited against the base: yes
STEP 14   ran 1 line(s) at Gen 5:12 -> 1 sealed (marker 1); the world stands before Gen 5:12
        day 144275 = (396, 7, 1) (creation year, month, day); the exodus era None; reached ('Gen', 5, 12); entities 25, open entries 5, pending timers 0; 134 lines in all; audited against the base: yes
STEP 15   ran 2 line(s) from Gen 5:12 to Gen 5:14 -> 3 sealed (event 1, marker 1, write 1); the world stands before Gen 5:15
        day 144275 = (396, 7, 1) (creation year, month, day); the exodus era None; reached ('Gen', 5, 14); entities 26, open entries 5, pending timers 0; 137 lines in all; audited against the base: yes
STEP 16   ran 1 line(s) at Gen 5:15 -> 1 sealed (marker 1); the world stands before Gen 5:15
        day 168005 = (461, 7, 1) (creation year, month, day); the exodus era None; reached ('Gen', 5, 15); entities 26, open entries 5, pending timers 0; 138 lines in all; audited against the base: yes
STEP 17   ran 2 line(s) from Gen 5:15 to Gen 5:17 -> 3 sealed (event 1, marker 1, write 1); the world stands before Gen 5:18
        day 168005 = (461, 7, 1) (creation year, month, day); the exodus era None; reached ('Gen', 5, 17); entities 27, open entries 5, pending timers 0; 141 lines in all; audited against the base: yes
STEP 18   ran 1 line(s) at Gen 5:18 -> 1 sealed (marker 1); the world stands before Gen 5:18
        day 227183 = (623, 7, 1) (creation year, month, day); the exodus era None; reached ('Gen', 5, 18); entities 27, open entries 5, pending timers 0; 142 lines in all; audited against the base: yes
STEP 19   ran 2 line(s) from Gen 5:18 to Gen 5:20 -> 3 sealed (event 1, marker 1, write 1); the world stands before Gen 5:21
        day 227183 = (623, 7, 1) (creation year, month, day); the exodus era None; reached ('Gen', 5, 20); entities 28, open entries 5, pending timers 0; 145 lines in all; audited against the base: yes
STEP 20   ran 1 line(s) at Gen 5:21 -> 1 sealed (marker 1); the world stands before Gen 5:21
        day 250913 = (688, 7, 1) (creation year, month, day); the exodus era None; reached ('Gen', 5, 21); entities 28, open entries 5, pending timers 0; 146 lines in all; audited against the base: yes
STEP 21   ran 2 line(s) from Gen 5:21 to Gen 5:23 -> 3 sealed (event 1, marker 1, write 1); the world stands before Gen 5:24
        day 250913 = (688, 7, 1) (creation year, month, day); the exodus era None; reached ('Gen', 5, 23); entities 29, open entries 5, pending timers 0; 149 lines in all; audited against the base: yes
STEP 22   ran 2 line(s) from Gen 5:24 to Gen 5:25 -> 3 sealed (event 1, marker 1, write 1); the world stands before Gen 5:25
        day 319241 = (875, 7, 1) (creation year, month, day); the exodus era None; reached ('Gen', 5, 25); entities 29, open entries 5, pending timers 0; 152 lines in all; audited against the base: yes
STEP 23   ran 2 line(s) from Gen 5:25 to Gen 5:27 -> 3 sealed (event 1, marker 1, write 1); the world stands before Gen 5:28
        day 319241 = (875, 7, 1) (creation year, month, day); the exodus era None; reached ('Gen', 5, 27); entities 30, open entries 5, pending timers 0; 155 lines in all; audited against the base: yes
STEP 24   ran 1 line(s) at Gen 5:28 -> 1 sealed (marker 1); the world stands before Gen 5:28
        day 385709 = (1057, 7, 1) (creation year, month, day); the exodus era None; reached ('Gen', 5, 28); entities 30, open entries 5, pending timers 0; 156 lines in all; audited against the base: yes
STEP 25   ran 3 line(s) from Gen 5:28 to Gen 5:31 -> 5 sealed (event 2, marker 1, write 2); the world stands before Gen 5:32
        day 385709 = (1057, 7, 1) (creation year, month, day); the exodus era None; reached ('Gen', 5, 31); entities 31, open entries 5, pending timers 0; 161 lines in all; audited against the base: yes
STEP 26   ran 1 line(s) at Gen 5:32 -> 1 sealed (marker 1); the world stands before Gen 5:32
        day 568319 = (1557, 7, 1) (creation year, month, day); the exodus era None; reached ('Gen', 5, 32); entities 31, open entries 5, pending timers 0; 162 lines in all; audited against the base: yes
STEP 27   ran 4 line(s) from Gen 5:32 to Gen 6:3 -> 9 sealed (event 3, marker 1, write 5); the world stands before Gen 6:3
        day 568319 = (1557, 7, 1) (creation year, month, day); the exodus era None; reached ('Gen', 6, 3); entities 36, open entries 5, pending timers 0; 171 lines in all; audited against the base: yes
STEP 28   ran 11 line(s) from Gen 6:3 to Gen 7:1 -> 22 sealed (close 1, event 9, marker 1, timer_set 1, write 10); the world stands before Gen 7:1
        day 604898 = (1657, 8, 10) (creation year, month, day); the exodus era None; reached ('Gen', 7, 1); entities 40, open entries 7, pending timers 1; 193 lines in all; audited against the base: yes
STEP 29   ran 4 line(s) from Gen 7:1 to Gen 7:11 -> 13 sealed (close 1, event 2, marker 1, timer_fire 2, timer_set 1, write 6); the world stands before Gen 7:11
        day 604905 = (1657, 8, 17) (creation year, month, day); the exodus era None; reached ('Gen', 7, 11); entities 41, open entries 7, pending timers 0; 206 lines in all; audited against the base: yes
STEP 30   ran 2 line(s) from Gen 7:11 to Gen 7:17 -> 3 sealed (event 1, marker 1, write 1); the world stands before Gen 7:21
        day 604945 = (1657, 9, 28) (creation year, month, day); the exodus era None; reached ('Gen', 7, 17); entities 41, open entries 7, pending timers 0; 209 lines in all; audited against the base: yes
STEP 31   ran 6 line(s) from Gen 7:21 to Gen 8:4 -> 12 sealed (close 1, event 4, marker 1, write 6); the world stands before Gen 8:4
        day 605052 = (1657, 1, 17) (creation year, month, day); the exodus era None; reached ('Gen', 8, 4); entities 41, open entries 7, pending timers 0; 221 lines in all; audited against the base: yes
STEP 32   ran 2 line(s) from Gen 8:4 to Gen 8:5 -> 3 sealed (event 1, marker 1, write 1); the world stands before Gen 8:6
        day 605125 = (1657, 4, 1) (creation year, month, day); the exodus era None; reached ('Gen', 8, 5); entities 41, open entries 7, pending timers 0; 224 lines in all; audited against the base: yes
STEP 33   ran 1 line(s) at Gen 8:6 -> 1 sealed (marker 1); the world stands before Gen 8:7
        day 605165 = (1657, 5, 12) (creation year, month, day); the exodus era None; reached ('Gen', 8, 6); entities 41, open entries 7, pending timers 0; 225 lines in all; audited against the base: yes
STEP 34   ran 3 line(s) from Gen 8:7 to Gen 8:10 -> 5 sealed (event 2, marker 1, write 2); the world stands before Gen 8:10
        day 605172 = (1657, 5, 19) (creation year, month, day); the exodus era None; reached ('Gen', 8, 10); entities 43, open entries 7, pending timers 0; 230 lines in all; audited against the base: yes
STEP 35   ran 2 line(s) from Gen 8:10 to Gen 8:12 -> 3 sealed (event 1, marker 1, write 1); the world stands before Gen 8:12
        day 605179 = (1657, 5, 26) (creation year, month, day); the exodus era None; reached ('Gen', 8, 12); entities 43, open entries 7, pending timers 0; 233 lines in all; audited against the base: yes
STEP 36   ran 2 line(s) from Gen 8:12 to Gen 8:13 -> 3 sealed (event 1, marker 1, write 1); the world stands before Gen 8:13
        day 605213 = (1658, 7, 1) (creation year, month, day); the exodus era None; reached ('Gen', 8, 13); entities 43, open entries 7, pending timers 0; 236 lines in all; audited against the base: yes
STEP 37   ran 2 line(s) from Gen 8:13 to Gen 8:14 -> 3 sealed (event 1, marker 1, write 1); the world stands before Gen 8:15
        day 605269 = (1658, 8, 27) (creation year, month, day); the exodus era None; reached ('Gen', 8, 14); entities 43, open entries 7, pending timers 0; 239 lines in all; audited against the base: yes
STEP 38   ran 24 line(s) from Gen 8:15 to Gen 9:29 -> 50 sealed (close 2, event 21, marker 1, write 26); the world stands before Gen 10:8
        day 605269 = (1658, 8, 27) (creation year, month, day); the exodus era None; reached ('Gen', 9, 29); entities 47, open entries 10, pending timers 0; 289 lines in all; audited against the base: yes
STEP 39   ran 10 line(s) from Gen 10:8 to Gen 11:10 -> 24 sealed (event 9, marker 1, write 14); the world stands before Gen 11:10
        day 605643 = (1659, 8, 17) (creation year, month, day); the exodus era None; reached ('Gen', 11, 10); entities 53, open entries 11, pending timers 0; 313 lines in all; audited against the base: yes
STEP 40   ran 2 line(s) from Gen 11:10 to Gen 11:12 -> 3 sealed (event 1, marker 1, write 1); the world stands before Gen 11:12
        day 618377 = (1694, 7, 1) (creation year, month, day); the exodus era None; reached ('Gen', 11, 12); entities 54, open entries 11, pending timers 0; 316 lines in all; audited against the base: yes
STEP 41   ran 2 line(s) from Gen 11:12 to Gen 11:14 -> 3 sealed (event 1, marker 1, write 1); the world stands before Gen 11:14
        day 629327 = (1724, 7, 1) (creation year, month, day); the exodus era None; reached ('Gen', 11, 14); entities 55, open entries 11, pending timers 0; 319 lines in all; audited against the base: yes
STEP 42   ran 2 line(s) from Gen 11:14 to Gen 11:16 -> 3 sealed (event 1, marker 1, write 1); the world stands before Gen 11:18
        day 641753 = (1758, 7, 1) (creation year, month, day); the exodus era None; reached ('Gen', 11, 16); entities 56, open entries 11, pending timers 0; 322 lines in all; audited against the base: yes
STEP 43   ran 1 line(s) at Gen 11:18 -> 1 sealed (marker 1); the world stands before Gen 11:18
        day 652703 = (1788, 7, 1) (creation year, month, day); the exodus era None; reached ('Gen', 11, 18); entities 56, open entries 11, pending timers 0; 323 lines in all; audited against the base: yes
STEP 44   ran 2 line(s) from Gen 11:18 to Gen 11:20 -> 3 sealed (event 1, marker 1, write 1); the world stands before Gen 11:20
        day 664391 = (1820, 7, 1) (creation year, month, day); the exodus era None; reached ('Gen', 11, 20); entities 57, open entries 11, pending timers 0; 326 lines in all; audited against the base: yes
STEP 45   ran 2 line(s) from Gen 11:20 to Gen 11:22 -> 3 sealed (event 1, marker 1, write 1); the world stands before Gen 11:22
        day 675341 = (1850, 7, 1) (creation year, month, day); the exodus era None; reached ('Gen', 11, 22); entities 58, open entries 11, pending timers 0; 329 lines in all; audited against the base: yes
STEP 46   ran 2 line(s) from Gen 11:22 to Gen 11:24 -> 3 sealed (event 1, marker 1, write 1); the world stands before Gen 11:24
        day 685937 = (1879, 7, 1) (creation year, month, day); the exodus era None; reached ('Gen', 11, 24); entities 59, open entries 11, pending timers 0; 332 lines in all; audited against the base: yes
STEP 47   ran 2 line(s) from Gen 11:24 to Gen 11:26 -> 3 sealed (event 1, marker 1, write 1); the world stands before Gen 11:26
        day 711497 = (1949, 7, 1) (creation year, month, day); the exodus era None; reached ('Gen', 11, 26); entities 60, open entries 11, pending timers 0; 335 lines in all; audited against the base: yes
STEP 48   ran 8 line(s) from Gen 11:26 to Gen 11:32 -> 17 sealed (event 7, marker 1, write 9); the world stands before Gen 12:1
        day 711497 = (1949, 7, 1) (creation year, month, day); the exodus era None; reached ('Gen', 11, 32); entities 66, open entries 11, pending timers 0; 352 lines in all; audited against the base: yes
STEP 49   ran 2 line(s) from Gen 12:1 to Gen 12:4 -> 5 sealed (event 1, marker 1, write 3); the world stands before Gen 12:4
        day 738887 = (2024, 7, 1) (creation year, month, day); the exodus era None; reached ('Gen', 12, 4); entities 66, open entries 14, pending timers 0; 357 lines in all; audited against the base: yes
STEP 50   ran 41 line(s) from Gen 12:4 to Gen 15:1 -> 83 sealed (close 3, event 37, marker 1, write 42); the world stands before Gen 15:1
        day 742547 = (2034, 7, 1) (creation year, month, day); the exodus era None; reached ('Gen', 15, 1); entities 78, open entries 19, pending timers 0; 440 lines in all; audited against the base: yes
STEP 51   ran 18 line(s) from Gen 15:1 to Gen 16:1 -> 39 sealed (close 4, event 13, marker 1, write 21); the world stands before Gen 16:2
        day 742547 = (2034, 7, 1) (creation year, month, day); the exodus era None; reached ('Gen', 16, 1); entities 81, open entries 26, pending timers 0; 479 lines in all; audited against the base: yes
STEP 52   ran 18 line(s) from Gen 16:2 to Gen 16:16 -> 33 sealed (close 2, event 15, marker 1, write 15); the world stands before Gen 17:1
        day 742931 = (2035, 7, 1) (creation year, month, day); the exodus era None; reached ('Gen', 16, 16); entities 84, open entries 29, pending timers 0; 512 lines in all; audited against the base: yes
STEP 53   ran 1 line(s) at Gen 17:1 -> 1 sealed (marker 1); the world stands before Gen 17:1
        day 747653 = (2048, 7, 1) (creation year, month, day); the exodus era None; reached ('Gen', 17, 1); entities 84, open entries 29, pending timers 0; 513 lines in all; audited against the base: yes
STEP 54   ran 12 line(s) from Gen 17:1 to Gen 18:1 -> 21 sealed (close 4, event 7, marker 1, write 9); the world stands before Gen 18:1
        day 747874 = (2048, 1, 15) (creation year, month, day); the exodus era None; reached ('Gen', 18, 1); entities 85, open entries 29, pending timers 0; 534 lines in all; audited against the base: yes
STEP 55   ran 28 line(s) from Gen 18:1 to Gen 19:15 -> 46 sealed (event 27, marker 1, timer_set 1, write 17); the world stands before Gen 19:16
        day 747875 = (2048, 1, 16) (creation year, month, day); the exodus era None; reached ('Gen', 19, 15); entities 86, open entries 35, pending timers 1; 580 lines in all; audited against the base: yes
STEP 56   ran 40 line(s) from Gen 19:16 to Gen 21:2 -> 78 sealed (close 5, event 34, marker 1, timer_fire 1, write 37); the world stands before Gen 21:2
        day 748228 = (2049, 1, 15) (creation year, month, day); the exodus era None; reached ('Gen', 21, 2); entities 95, open entries 33, pending timers 0; 658 lines in all; audited against the base: yes
STEP 57   ran 2 line(s) from Gen 21:2 to Gen 21:4 -> 6 sealed (close 1, event 1, marker 1, timer_fire 1, timer_set 1, write 1); the world stands before Gen 21:4
        day 748235 = (2049, 1, 22) (creation year, month, day); the exodus era None; reached ('Gen', 21, 4); entities 96, open entries 33, pending timers 0; 664 lines in all; audited against the base: yes
STEP 58   ran 3 line(s) from Gen 21:4 to Gen 22:1 -> 4 sealed (close 1, event 1, marker 1, write 1); the world stands before Gen 22:1
        day 761555 = (2086, 7, 1) (creation year, month, day); the exodus era None; reached ('Gen', 22, 1); entities 96, open entries 32, pending timers 0; 668 lines in all; audited against the base: yes
STEP 59   ran 4 line(s) from Gen 22:1 to Gen 22:4 -> 7 sealed (event 3, marker 1, write 3); the world stands before Gen 22:4
        day 761557 = (2086, 7, 3) (creation year, month, day); the exodus era None; reached ('Gen', 22, 4); entities 96, open entries 34, pending timers 0; 675 lines in all; audited against the base: yes
STEP 60   ran 37 line(s) from Gen 22:4 to Gen 25:7 -> 99 sealed (close 2, event 34, marker 1, write 62); the world stands before Gen 25:7
        day 761557 = (2086, 7, 3) (creation year, month, day); the exodus era None; reached ('Gen', 25, 7); entities 107, open entries 36, pending timers 0; 774 lines in all; audited against the base: yes
STEP 61   ran 7 line(s) from Gen 25:7 to Gen 25:17 -> 13 sealed (close 2, event 4, marker 1, write 6); the world stands before Gen 25:17
        day 761557 = (2086, 7, 3) (creation year, month, day); the exodus era None; reached ('Gen', 25, 17); entities 107, open entries 34, pending timers 0; 787 lines in all; audited against the base: yes
STEP 62   ran 3 line(s) from Gen 25:17 to Gen 25:20 -> 5 sealed (event 2, marker 1, write 2); the world stands before Gen 25:21
        day 762647 = (2089, 7, 1) (creation year, month, day); the exodus era None; reached ('Gen', 25, 20); entities 107, open entries 34, pending timers 0; 792 lines in all; audited against the base: yes
STEP 63   ran 7 line(s) from Gen 25:21 to Gen 25:26 -> 20 sealed (event 6, marker 1, timer_fire 1, timer_set 1, write 11); the world stands before Gen 25:26
        day 769937 = (2109, 7, 1) (creation year, month, day); the exodus era None; reached ('Gen', 25, 26); entities 108, open entries 37, pending timers 0; 812 lines in all; audited against the base: yes
STEP 64   ran 5 line(s) from Gen 25:26 to Gen 25:29 -> 14 sealed (event 4, marker 1, timer_fire 1, timer_set 1, write 7); the world stands before Gen 25:29
        day 775427 = (2124, 7, 1) (creation year, month, day); the exodus era None; reached ('Gen', 25, 29); entities 109, open entries 38, pending timers 0; 826 lines in all; audited against the base: yes
STEP 65   ran 48 line(s) from Gen 25:29 to Gen 26:34 -> 101 sealed (event 47, marker 1, write 53); the world stands before Gen 26:34
        day 784547 = (2149, 7, 1) (creation year, month, day); the exodus era None; reached ('Gen', 26, 34); entities 118, open entries 44, pending timers 0; 927 lines in all; audited against the base: yes
STEP 66   ran 4 line(s) from Gen 26:34 to Gen 27:1 -> 7 sealed (event 3, marker 1, write 3); the world stands before Gen 27:1
        day 792959 = (2172, 7, 1) (creation year, month, day); the exodus era None; reached ('Gen', 27, 1); entities 121, open entries 44, pending timers 0; 934 lines in all; audited against the base: yes
STEP 67   ran 31 line(s) from Gen 27:1 to Gen 28:9 -> 63 sealed (close 1, event 29, marker 1, write 32); the world stands before Gen 28:9
        day 792959 = (2172, 7, 1) (creation year, month, day); the exodus era None; reached ('Gen', 28, 9); entities 121, open entries 52, pending timers 0; 997 lines in all; audited against the base: yes
STEP 68   ran 2 line(s) from Gen 28:9 to Gen 28:10 -> 3 sealed (event 1, marker 1, write 1); the world stands before Gen 28:10
        day 798065 = (2186, 7, 1) (creation year, month, day); the exodus era None; reached ('Gen', 28, 10); entities 122, open entries 52, pending timers 0; 1000 lines in all; audited against the base: yes
STEP 69   ran 20 line(s) from Gen 28:10 to Gen 29:14 -> 43 sealed (close 1, event 18, marker 1, write 23); the world stands before Gen 29:14
        day 798095 = (2186, 8, 1) (creation year, month, day); the exodus era None; reached ('Gen', 29, 14); entities 127, open entries 58, pending timers 0; 1043 lines in all; audited against the base: yes
STEP 70   ran 5 line(s) from Gen 29:14 to Gen 29:20 -> 14 sealed (event 4, marker 1, timer_fire 1, timer_set 1, write 7); the world stands before Gen 29:20
        day 800663 = (2193, 8, 1) (creation year, month, day); the exodus era None; reached ('Gen', 29, 20); entities 127, open entries 59, pending timers 0; 1057 lines in all; audited against the base: yes
STEP 71   ran 11 line(s) from Gen 29:20 to Gen 29:28 -> 23 sealed (close 1, event 9, marker 1, timer_fire 1, timer_set 1, write 10); the world stands before Gen 29:28
        day 800670 = (2193, 8, 8) (creation year, month, day); the exodus era None; reached ('Gen', 29, 28); entities 128, open entries 59, pending timers 0; 1080 lines in all; audited against the base: yes
STEP 72   ran 44 line(s) from Gen 29:28 to Gen 30:25 -> 127 sealed (close 1, event 42, marker 1, timer_fire 12, timer_set 12, write 59); the world stands before Gen 30:25
        day 803208 = (2200, 8, 8) (creation year, month, day); the exodus era None; reached ('Gen', 30, 25); entities 142, open entries 70, pending timers 0; 1207 lines in all; audited against the base: yes
STEP 73   ran 20 line(s) from Gen 30:25 to Gen 31:17 -> 46 sealed (close 2, event 17, marker 1, write 26); the world stands before Gen 31:17
        day 805422 = (2206, 8, 8) (creation year, month, day); the exodus era None; reached ('Gen', 31, 17); entities 144, open entries 71, pending timers 0; 1253 lines in all; audited against the base: yes
STEP 74   ran 6 line(s) from Gen 31:17 to Gen 31:22 -> 11 sealed (event 5, marker 1, write 5); the world stands before Gen 31:22
        day 805424 = (2206, 8, 10) (creation year, month, day); the exodus era None; reached ('Gen', 31, 22); entities 144, open entries 71, pending timers 0; 1264 lines in all; audited against the base: yes
STEP 75   ran 27 line(s) from Gen 31:22 to Gen 32:1 -> 59 sealed (close 1, event 25, marker 1, write 32); the world stands before Gen 32:2
        day 805429 = (2206, 8, 15) (creation year, month, day); the exodus era None; reached ('Gen', 32, 1); entities 148, open entries 73, pending timers 0; 1323 lines in all; audited against the base: yes
STEP 76   ran 6 line(s) from Gen 32:2 to Gen 32:14 -> 11 sealed (event 5, marker 1, write 5); the world stands before Gen 32:14
        day 805430 = (2206, 8, 16) (creation year, month, day); the exodus era None; reached ('Gen', 32, 14); entities 149, open entries 73, pending timers 0; 1334 lines in all; audited against the base: yes
STEP 77   ran 8 line(s) from Gen 32:14 to Gen 32:32 -> 15 sealed (event 7, marker 1, write 7); the world stands before Gen 32:32
        day 805431 = (2206, 8, 17) (creation year, month, day); the exodus era None; reached ('Gen', 32, 32); entities 150, open entries 74, pending timers 0; 1349 lines in all; audited against the base: yes
STEP 78   ran 17 line(s) from Gen 32:32 to Gen 33:17 -> 26 sealed (event 16, marker 1, write 9); the world stands before Gen 33:17
        day 805432 = (2206, 8, 18) (creation year, month, day); the exodus era None; reached ('Gen', 33, 17); entities 150, open entries 75, pending timers 0; 1375 lines in all; audited against the base: yes
STEP 79   ran 4 line(s) from Gen 33:17 to Gen 33:18 -> 7 sealed (event 3, marker 1, write 3); the world stands before Gen 33:18
        day 805963 = (2207, 2, 18) (creation year, month, day); the exodus era None; reached ('Gen', 33, 18); entities 150, open entries 75, pending timers 0; 1382 lines in all; audited against the base: yes
STEP 80   ran 27 line(s) from Gen 33:18 to Gen 35:6 -> 56 sealed (close 1, event 25, marker 1, write 29); the world stands before Gen 35:6
        day 805964 = (2207, 2, 19) (creation year, month, day); the exodus era None; reached ('Gen', 35, 6); entities 158, open entries 81, pending timers 0; 1438 lines in all; audited against the base: yes
STEP 81   ran 18 line(s) from Gen 35:6 to Gen 35:16 -> 33 sealed (close 4, event 13, marker 1, write 15); the world stands before Gen 35:16
        day 806141 = (2208, 8, 19) (creation year, month, day); the exodus era None; reached ('Gen', 35, 16); entities 161, open entries 81, pending timers 0; 1471 lines in all; audited against the base: yes
STEP 82   ran 12 line(s) from Gen 35:16 to Gen 35:27 -> 23 sealed (event 11, marker 1, timer_set 1, write 10); the world stands before Gen 35:27
        day 806142 = (2208, 8, 20) (creation year, month, day); the exodus era None; reached ('Gen', 35, 27); entities 163, open entries 81, pending timers 1; 1494 lines in all; audited against the base: yes
STEP 83   ran 2 line(s) from Gen 35:27 to Gen 35:28 -> 3 sealed (event 1, marker 1, write 1); the world stands before Gen 35:28
        day 806142 = (2208, 8, 20) (creation year, month, day); the exodus era None; reached ('Gen', 35, 28); entities 163, open entries 81, pending timers 1; 1497 lines in all; audited against the base: yes
STEP 84   ran 19 line(s) from Gen 35:28 to Gen 37:2 -> 42 sealed (event 18, marker 1, timer_fire 1, write 22); the world stands before Gen 37:2
        day 809399 = (2217, 7, 1) (creation year, month, day); the exodus era None; reached ('Gen', 37, 2); entities 169, open entries 82, pending timers 0; 1539 lines in all; audited against the base: yes
STEP 85   ran 61 line(s) from Gen 37:2 to Gen 40:5 -> 115 sealed (close 3, event 57, marker 1, write 54); the world stands before Gen 40:5
        day 813411 = (2227, 6, 28) (creation year, month, day); the exodus era None; reached ('Gen', 40, 5); entities 177, open entries 88, pending timers 0; 1654 lines in all; audited against the base: yes
STEP 86   ran 8 line(s) from Gen 40:5 to Gen 40:20 -> 21 sealed (event 7, marker 1, timer_fire 2, timer_set 2, write 9); the world stands before Gen 40:20
        day 813413 = (2228, 7, 1) (creation year, month, day); the exodus era None; reached ('Gen', 40, 20); entities 177, open entries 88, pending timers 0; 1675 lines in all; audited against the base: yes
STEP 87   ran 7 line(s) from Gen 40:20 to Gen 41:1 -> 11 sealed (close 2, event 4, marker 1, write 4); the world stands before Gen 41:1
        day 814151 = (2230, 7, 1) (creation year, month, day); the exodus era None; reached ('Gen', 41, 1); entities 178, open entries 87, pending timers 0; 1686 lines in all; audited against the base: yes
STEP 88   ran 14 line(s) from Gen 41:1 to Gen 41:46 -> 30 sealed (event 13, marker 1, write 16); the world stands before Gen 41:47
        day 814151 = (2230, 7, 1) (creation year, month, day); the exodus era None; reached ('Gen', 41, 46); entities 180, open entries 87, pending timers 0; 1716 lines in all; audited against the base: yes
STEP 89   ran 6 line(s) from Gen 41:47 to Gen 41:53 -> 19 sealed (event 5, marker 1, timer_fire 3, timer_set 3, write 7); the world stands before Gen 41:53
        day 816689 = (2237, 7, 1) (creation year, month, day); the exodus era None; reached ('Gen', 41, 53); entities 183, open entries 89, pending timers 0; 1735 lines in all; audited against the base: yes
STEP 90   ran 15 line(s) from Gen 41:53 to Gen 42:18 -> 31 sealed (event 14, marker 1, timer_fire 1, timer_set 2, write 13); the world stands before Gen 42:18
        day 816691 = (2237, 7, 3) (creation year, month, day); the exodus era None; reached ('Gen', 42, 18); entities 184, open entries 89, pending timers 1; 1766 lines in all; audited against the base: yes
STEP 91   ran 53 line(s) from Gen 42:18 to Gen 45:5 -> 98 sealed (close 1, event 51, marker 1, write 45); the world stands before Gen 45:5
        day 817427 = (2239, 7, 1) (creation year, month, day); the exodus era None; reached ('Gen', 45, 5); entities 186, open entries 90, pending timers 1; 1864 lines in all; audited against the base: yes
STEP 92   ran 17 line(s) from Gen 45:5 to Gen 46:1 -> 34 sealed (close 1, event 15, marker 1, timer_set 1, write 16); the world stands before Gen 46:1
        day 817427 = (2239, 7, 1) (creation year, month, day); the exodus era None; reached ('Gen', 46, 1); entities 186, open entries 92, pending timers 2; 1898 lines in all; audited against the base: yes
STEP 93   ran 18 line(s) from Gen 46:1 to Gen 47:9 -> 38 sealed (event 17, marker 1, write 20); the world stands before Gen 47:10
        day 817427 = (2239, 7, 1) (creation year, month, day); the exodus era None; reached ('Gen', 47, 9); entities 186, open entries 96, pending timers 2; 1936 lines in all; audited against the base: yes
STEP 94   ran 18 line(s) from Gen 47:10 to Gen 47:28 -> 36 sealed (close 3, event 14, marker 1, timer_fire 2, write 16); the world stands before Gen 47:29
        day 823625 = (2256, 7, 1) (creation year, month, day); the exodus era None; reached ('Gen', 47, 28); entities 187, open entries 93, pending timers 0; 1972 lines in all; audited against the base: yes
STEP 95   ran 14 line(s) from Gen 47:29 to Gen 50:3 -> 34 sealed (close 1, event 12, marker 1, timer_fire 1, timer_set 2, write 17); the world stands before Gen 50:4
        day 823665 = (2256, 8, 11) (creation year, month, day); the exodus era None; reached ('Gen', 50, 3); entities 187, open entries 94, pending timers 1; 2006 lines in all; audited against the base: yes
STEP 96   ran 1 line(s) at Gen 50:4 -> 3 sealed (marker 1, timer_fire 1, write 1); the world stands before Gen 50:4
        day 823695 = (2256, 9, 12) (creation year, month, day); the exodus era None; reached ('Gen', 50, 4); entities 187, open entries 94, pending timers 0; 2009 lines in all; audited against the base: yes
STEP 97   ran 4 line(s) from Gen 50:4 to Gen 50:10 -> 8 sealed (event 3, marker 1, write 4); the world stands before Gen 50:10
        day 823696 = (2256, 9, 13) (creation year, month, day); the exodus era None; reached ('Gen', 50, 10); entities 187, open entries 94, pending timers 0; 2017 lines in all; audited against the base: yes
STEP 98   ran 5 line(s) from Gen 50:10 to Gen 50:14 -> 12 sealed (close 3, event 3, marker 1, timer_fire 1, timer_set 1, write 3); the world stands before Gen 50:14
        day 823703 = (2256, 9, 20) (creation year, month, day); the exodus era None; reached ('Gen', 50, 14); entities 188, open entries 91, pending timers 0; 2029 lines in all; audited against the base: yes
STEP 99   ran 12 line(s) from Gen 50:14 to Gen 50:26 -> 25 sealed (event 11, marker 1, write 13); the world stands before Gen 50:26
        day 823703 = (2256, 9, 20) (creation year, month, day); the exodus era None; reached ('Gen', 50, 26); entities 189, open entries 94, pending timers 0; 2054 lines in all; audited against the base: yes
STEP 100  ran 13 line(s) from Gen 50:26 to Exod 2:2 -> 22 sealed (close 1, event 11, marker 1, write 9); the world stands before Exod 2:2
        day 865071 = (2369, 12, 7) (creation year, month, day); the exodus era None; reached ('Exod', 2, 2); entities 191, open entries 95, pending timers 0; 2076 lines in all; audited against the base: yes
STEP 101  ran 3 line(s) from Exod 2:2 to Exod 2:3 -> 9 sealed (event 2, marker 1, timer_fire 2, timer_set 2, write 2); the world stands before Exod 2:3
        day 865159 = (2369, 3, 7) (creation year, month, day); the exodus era None; reached ('Exod', 2, 3); entities 192, open entries 96, pending timers 0; 2085 lines in all; audited against the base: yes
STEP 102  ran 30 line(s) from Exod 2:3 to Exod 7:7 -> 60 sealed (close 2, event 27, marker 1, timer_fire 1, timer_set 1, write 28); the world stands before Exod 7:12
        day 894137 = (2449, 7, 1) (creation year, month, day); the exodus era None; reached ('Exod', 7, 7); entities 200, open entries 107, pending timers 0; 2145 lines in all; audited against the base: yes
STEP 103  ran 5 line(s) from Exod 7:12 to Exod 7:25 -> 8 sealed (event 4, marker 1, write 3); the world stands before Exod 8:2
        day 894144 = (2449, 7, 8) (creation year, month, day); the exodus era None; reached ('Exod', 7, 25); entities 200, open entries 108, pending timers 0; 2153 lines in all; audited against the base: yes
STEP 104  ran 2 line(s) from Exod 8:2 to Exod 8:6 -> 3 sealed (event 1, marker 1, write 1); the world stands before Exod 8:9
        day 894145 = (2449, 7, 9) (creation year, month, day); the exodus era None; reached ('Exod', 8, 6); entities 200, open entries 109, pending timers 0; 2156 lines in all; audited against the base: yes
STEP 105  ran 6 line(s) from Exod 8:9 to Exod 8:19 -> 10 sealed (close 1, event 4, marker 1, write 4); the world stands before Exod 8:20
        day 894146 = (2449, 7, 10) (creation year, month, day); the exodus era None; reached ('Exod', 8, 19); entities 200, open entries 109, pending timers 0; 2166 lines in all; audited against the base: yes
STEP 106  ran 5 line(s) from Exod 8:20 to Exod 9:5 -> 8 sealed (close 1, event 3, marker 1, write 3); the world stands before Exod 9:6
        day 894147 = (2449, 7, 11) (creation year, month, day); the exodus era None; reached ('Exod', 9, 5); entities 200, open entries 109, pending timers 0; 2174 lines in all; audited against the base: yes
STEP 107  ran 5 line(s) from Exod 9:6 to Exod 9:18 -> 9 sealed (event 4, marker 1, write 4); the world stands before Exod 9:23
        day 894148 = (2449, 7, 12) (creation year, month, day); the exodus era None; reached ('Exod', 9, 18); entities 200, open entries 111, pending timers 0; 2183 lines in all; audited against the base: yes
STEP 108  ran 6 line(s) from Exod 9:23 to Exod 10:4 -> 10 sealed (close 1, event 4, marker 1, write 4); the world stands before Exod 10:11
        day 894149 = (2449, 7, 13) (creation year, month, day); the exodus era None; reached ('Exod', 10, 4); entities 200, open entries 111, pending timers 0; 2193 lines in all; audited against the base: yes
STEP 109  ran 6 line(s) from Exod 10:11 to Exod 10:22 -> 9 sealed (close 1, event 4, marker 1, write 3); the world stands before Exod 10:22
        day 894152 = (2449, 7, 16) (creation year, month, day); the exodus era None; reached ('Exod', 10, 22); entities 200, open entries 111, pending timers 0; 2202 lines in all; audited against the base: yes
STEP 110  ran 5 line(s) from Exod 10:22 to Exod 12:2 -> 9 sealed (event 4, marker 1, write 4); the world stands before Exod 12:3
        day 894314 = (2449, 1, 1) (creation year, month, day); the exodus era (1, 1, 1); reached ('Exod', 12, 2); entities 200, open entries 112, pending timers 0; 2211 lines in all; audited against the base: yes
STEP 111  ran 1 line(s) at Exod 12:3 -> 1 sealed (marker 1); the world stands before Exod 12:6
        day 894323 = (2449, 1, 10) (creation year, month, day); the exodus era (1, 1, 10); reached ('Exod', 12, 3); entities 200, open entries 112, pending timers 0; 2212 lines in all; audited against the base: yes
STEP 112  ran 1 line(s) at Exod 12:6 -> 1 sealed (marker 1); the world stands before Exod 12:29
        day 894327 = (2449, 1, 14) (creation year, month, day); the exodus era (1, 1, 14); reached ('Exod', 12, 6); entities 200, open entries 112, pending timers 0; 2213 lines in all; audited against the base: yes
STEP 113  ran 1 line(s) at Exod 12:29 -> 1 sealed (marker 1); the world stands before Exod 12:29
        day 894328 = (2449, 1, 15) (creation year, month, day); the exodus era (1, 1, 15); reached ('Exod', 12, 29); entities 200, open entries 112, pending timers 0; 2214 lines in all; audited against the base: yes
STEP 114  ran 9 line(s) from Exod 12:29 to Exod 12:41 -> 13 sealed (close 4, event 4, marker 1, write 4); the world stands before None
        day 894328 = (2449, 1, 15) (creation year, month, day); the exodus era (1, 1, 15); reached ('Exod', 12, 41); entities 200, open entries 109, pending timers 0; 2227 lines in all; audited against the base: yes
STEP 115  ran 11 line(s) from None to Exod 14:21 -> 19 sealed (close 4, event 7, marker 1, write 7); the world stands before Exod 14:21
        day 894334 = (2449, 1, 21) (creation year, month, day); the exodus era (1, 1, 21); reached ('Exod', 14, 21); entities 200, open entries 106, pending timers 0; 2246 lines in all; audited against the base: yes
STEP 116  ran 9 line(s) from Exod 14:21 to Exod 15:22 -> 14 sealed (close 3, event 5, marker 1, write 5); the world stands before Exod 15:22
        day 894337 = (2449, 1, 24) (creation year, month, day); the exodus era (1, 1, 24); reached ('Exod', 15, 22); entities 201, open entries 103, pending timers 0; 2260 lines in all; audited against the base: yes
STEP 117  ran 9 line(s) from Exod 15:22 to Exod 16:1 -> 17 sealed (event 8, marker 1, write 8); the world stands before Exod 16:1
        day 894358 = (2449, 2, 15) (creation year, month, day); the exodus era (1, 2, 15); reached ('Exod', 16, 1); entities 203, open entries 104, pending timers 0; 2277 lines in all; audited against the base: yes
STEP 118  ran 3 line(s) from Exod 16:1 to Exod 16:13 -> 5 sealed (event 2, marker 1, write 2); the world stands before Exod 16:13
        day 894359 = (2449, 2, 16) (creation year, month, day); the exodus era (1, 2, 16); reached ('Exod', 16, 13); entities 203, open entries 104, pending timers 0; 2282 lines in all; audited against the base: yes
STEP 119  ran 20 line(s) from Exod 16:13 to Exod 19:1 -> 37 sealed (event 19, marker 1, write 17); the world stands before Exod 19:2
        day 894373 = (2449, 3, 1) (creation year, month, day); the exodus era (1, 3, 1); reached ('Exod', 19, 1); entities 210, open entries 106, pending timers 0; 2319 lines in all; audited against the base: yes
STEP 120  ran 2 line(s) from Exod 19:2 to Exod 19:3 -> 3 sealed (event 1, marker 1, write 1); the world stands before Exod 19:3
        day 894374 = (2449, 3, 2) (creation year, month, day); the exodus era (1, 3, 2); reached ('Exod', 19, 3); entities 210, open entries 106, pending timers 0; 2322 lines in all; audited against the base: yes
STEP 121  ran 6 line(s) from Exod 19:3 to Exod 19:12 -> 9 sealed (close 1, event 4, marker 1, timer_set 1, write 2); the world stands before Exod 19:12
        day 894375 = (2449, 3, 3) (creation year, month, day); the exodus era (1, 3, 3); reached ('Exod', 19, 12); entities 210, open entries 106, pending timers 1; 2331 lines in all; audited against the base: yes
STEP 122  ran 2 line(s) from Exod 19:12 to Exod 19:14 -> 5 sealed (event 1, marker 1, timer_fire 1, write 2); the world stands before Exod 19:16
        day 894376 = (2449, 3, 4) (creation year, month, day); the exodus era (1, 3, 4); reached ('Exod', 19, 14); entities 210, open entries 106, pending timers 0; 2336 lines in all; audited against the base: yes
STEP 123  ran 1 line(s) at Exod 19:16 -> 1 sealed (marker 1); the world stands before Exod 19:16
        day 894379 = (2449, 3, 7) (creation year, month, day); the exodus era (1, 3, 7); reached ('Exod', 19, 16); entities 210, open entries 106, pending timers 0; 2337 lines in all; audited against the base: yes
STEP 124  ran 9 line(s) from Exod 19:16 to Exod 24:18 -> 19 sealed (event 8, marker 1, write 10); the world stands before Exod 24:18
        day 894379 = (2449, 3, 7) (creation year, month, day); the exodus era (1, 3, 7); reached ('Exod', 24, 18); entities 213, open entries 108, pending timers 0; 2356 lines in all; audited against the base: yes
STEP 125  ran 7 line(s) from Exod 24:18 to Exod 32:19 -> 16 sealed (event 6, marker 1, timer_fire 1, timer_set 1, write 7); the world stands before Exod 32:19
        day 894419 = (2449, 4, 17) (creation year, month, day); the exodus era (1, 4, 17); reached ('Exod', 32, 19); entities 217, open entries 109, pending timers 0; 2372 lines in all; audited against the base: yes
STEP 126  ran 4 line(s) from Exod 32:19 to Exod 32:30 -> 8 sealed (event 3, marker 1, write 4); the world stands before Exod 32:31
        day 894420 = (2449, 4, 18) (creation year, month, day); the exodus era (1, 4, 18); reached ('Exod', 32, 30); entities 220, open entries 111, pending timers 0; 2380 lines in all; audited against the base: yes
STEP 127  ran 3 line(s) from Exod 32:31 to Exod 34:4 -> 7 sealed (event 2, marker 1, write 4); the world stands before Exod 34:2
        day 894460 = (2449, 5, 29) (creation year, month, day); the exodus era (1, 5, 29); reached ('Exod', 34, 4); entities 222, open entries 112, pending timers 0; 2387 lines in all; audited against the base: yes
STEP 128  ran 36 line(s) from Exod 34:2 to Exod 40:17 -> 71 sealed (event 35, marker 1, timer_fire 2, timer_set 2, write 31); the world stands before Exod 40:17
        day 894698 = (2450, 1, 1) (creation year, month, day); the exodus era (2, 1, 1); reached ('Exod', 40, 17); entities 235, open entries 115, pending timers 0; 2458 lines in all; audited against the base: yes
STEP 129  ran 14 line(s) from Exod 40:17 to Lev 8:2 -> 38 sealed (event 13, marker 1, timer_set 4, write 20); the world stands before Lev 8:2
        day 894698 = (2450, 1, 1) (creation year, month, day); the exodus era (2, 1, 1); reached ('Lev', 8, 2); entities 239, open entries 119, pending timers 4; 2496 lines in all; audited against the base: yes
STEP 130  ran 17 line(s) from Lev 8:2 to Lev 9:1 -> 45 sealed (event 16, marker 1, write 28); the world stands before Lev 9:8
        day 894698 = (2450, 1, 1) (creation year, month, day); the exodus era (2, 1, 1); reached ('Lev', 9, 1); entities 247, open entries 125, pending timers 4; 2541 lines in all; audited against the base: yes
STEP 131  ran 14 line(s) from Lev 9:8 to Num 1:1 -> 52 sealed (close 3, event 13, marker 1, timer_fire 4, write 31); the world stands before Num 1:1
        day 894728 = (2450, 2, 1) (creation year, month, day); the exodus era (2, 2, 1); reached ('Num', 1, 1); entities 256, open entries 142, pending timers 0; 2593 lines in all; audited against the base: yes
STEP 132  ran 17 line(s) from Num 1:1 to Num 5:1 -> 64 sealed (close 8, event 16, marker 1, row 16, write 23); the world stands before Num 5:1
        day 894728 = (2450, 2, 1) (creation year, month, day); the exodus era (2, 2, 1); reached ('Num', 5, 1); entities 257, open entries 145, pending timers 0; 2657 lines in all; audited against the base: yes
STEP 133  ran 3 line(s) from Num 5:1 to Num 7:1 -> 6 sealed (close 1, event 2, marker 1, write 2); the world stands before None
        day 894728 = (2450, 2, 1) (creation year, month, day); the exodus era (2, 2, 1); reached ('Num', 7, 1); entities 258, open entries 145, pending timers 0; 2663 lines in all; audited against the base: yes
STEP 134  ran 6 line(s) from None to Num 7:12 -> 23 sealed (close 1, event 5, marker 1, retro_write 12, write 4); the world stands before Num 7:18
        day 894728 = (2450, 2, 1) (creation year, month, day); the exodus era (2, 2, 1); reached ('Num', 7, 12); entities 271, open entries 146, pending timers 0; 2686 lines in all; audited against the base: yes
STEP 135  ran 1 line(s) at Num 7:18 -> 1 sealed (marker 1); the world stands before Num 7:24
        day 894728 = (2450, 2, 1) (creation year, month, day); the exodus era (2, 2, 1); reached ('Num', 7, 18); entities 271, open entries 146, pending timers 0; 2687 lines in all; audited against the base: yes
STEP 136  ran 1 line(s) at Num 7:24 -> 1 sealed (marker 1); the world stands before Num 7:30
        day 894728 = (2450, 2, 1) (creation year, month, day); the exodus era (2, 2, 1); reached ('Num', 7, 24); entities 271, open entries 146, pending timers 0; 2688 lines in all; audited against the base: yes
STEP 137  ran 1 line(s) at Num 7:30 -> 1 sealed (marker 1); the world stands before Num 7:36
        day 894728 = (2450, 2, 1) (creation year, month, day); the exodus era (2, 2, 1); reached ('Num', 7, 30); entities 271, open entries 146, pending timers 0; 2689 lines in all; audited against the base: yes
STEP 138  ran 1 line(s) at Num 7:36 -> 1 sealed (marker 1); the world stands before Num 7:42
        day 894728 = (2450, 2, 1) (creation year, month, day); the exodus era (2, 2, 1); reached ('Num', 7, 36); entities 271, open entries 146, pending timers 0; 2690 lines in all; audited against the base: yes
STEP 139  ran 1 line(s) at Num 7:42 -> 1 sealed (marker 1); the world stands before Num 7:48
        day 894728 = (2450, 2, 1) (creation year, month, day); the exodus era (2, 2, 1); reached ('Num', 7, 42); entities 271, open entries 146, pending timers 0; 2691 lines in all; audited against the base: yes
STEP 140  ran 1 line(s) at Num 7:48 -> 1 sealed (marker 1); the world stands before Num 7:54
        day 894728 = (2450, 2, 1) (creation year, month, day); the exodus era (2, 2, 1); reached ('Num', 7, 48); entities 271, open entries 146, pending timers 0; 2692 lines in all; audited against the base: yes
STEP 141  ran 1 line(s) at Num 7:54 -> 1 sealed (marker 1); the world stands before Num 7:60
        day 894728 = (2450, 2, 1) (creation year, month, day); the exodus era (2, 2, 1); reached ('Num', 7, 54); entities 271, open entries 146, pending timers 0; 2693 lines in all; audited against the base: yes
STEP 142  ran 1 line(s) at Num 7:60 -> 1 sealed (marker 1); the world stands before Num 7:66
        day 894728 = (2450, 2, 1) (creation year, month, day); the exodus era (2, 2, 1); reached ('Num', 7, 60); entities 271, open entries 146, pending timers 0; 2694 lines in all; audited against the base: yes
STEP 143  ran 1 line(s) at Num 7:66 -> 1 sealed (marker 1); the world stands before Num 7:72
        day 894728 = (2450, 2, 1) (creation year, month, day); the exodus era (2, 2, 1); reached ('Num', 7, 66); entities 271, open entries 146, pending timers 0; 2695 lines in all; audited against the base: yes
STEP 144  ran 1 line(s) at Num 7:72 -> 1 sealed (marker 1); the world stands before Num 7:78
        day 894728 = (2450, 2, 1) (creation year, month, day); the exodus era (2, 2, 1); reached ('Num', 7, 72); entities 271, open entries 146, pending timers 0; 2696 lines in all; audited against the base: yes
STEP 145  ran 1 line(s) at Num 7:78 -> 1 sealed (marker 1); the world stands before Num 7:84
        day 894728 = (2450, 2, 1) (creation year, month, day); the exodus era (2, 2, 1); reached ('Num', 7, 78); entities 271, open entries 146, pending timers 0; 2697 lines in all; audited against the base: yes
STEP 146  ran 8 line(s) from Num 7:84 to Num 9:5 -> 17 sealed (close 3, event 6, marker 1, write 7); the world stands before Num 9:5
        day 894728 = (2450, 2, 1) (creation year, month, day); the exodus era (2, 2, 1); reached ('Num', 9, 5); entities 271, open entries 145, pending timers 0; 2714 lines in all; audited against the base: yes
STEP 147  ran 6 line(s) from Num 9:5 to Num 10:11 -> 16 sealed (close 2, event 5, marker 1, timer_fire 1, timer_set 1, write 6); the world stands before Num 10:11
        day 894747 = (2450, 2, 20) (creation year, month, day); the exodus era (2, 2, 20); reached ('Num', 10, 11); entities 272, open entries 147, pending timers 0; 2730 lines in all; audited against the base: yes
STEP 148  ran 5 line(s) from Num 10:11 to Num 11:1 -> 12 sealed (event 4, marker 1, timer_fire 1, timer_set 1, write 5); the world stands before Num 11:1
        day 894750 = (2450, 2, 23) (creation year, month, day); the exodus era (2, 2, 23); reached ('Num', 11, 1); entities 273, open entries 147, pending timers 0; 2742 lines in all; audited against the base: yes
STEP 149  ran 6 line(s) from Num 11:1 to Num 11:35 -> 15 sealed (close 1, event 5, marker 1, timer_set 1, write 7); the world stands before Num 12:1
        day 894778 = (2450, 3, 22) (creation year, month, day); the exodus era (2, 3, 22); reached ('Num', 11, 35); entities 277, open entries 148, pending timers 1; 2757 lines in all; audited against the base: yes
STEP 150  ran 3 line(s) from Num 12:1 to Num 12:16 -> 12 sealed (event 2, marker 1, timer_fire 2, timer_set 1, write 6); the world stands before Num 12:16
        day 894785 = (2450, 3, 29) (creation year, month, day); the exodus era (2, 3, 29); reached ('Num', 12, 16); entities 278, open entries 149, pending timers 0; 2769 lines in all; audited against the base: yes
STEP 151  ran 6 line(s) from Num 12:16 to Num 13:25 -> 12 sealed (close 2, event 5, marker 1, timer_set 1, write 3); the world stands before Num 13:25
        day 894824 = (2450, 5, 9) (creation year, month, day); the exodus era (2, 5, 9); reached ('Num', 13, 25); entities 279, open entries 149, pending timers 1; 2781 lines in all; audited against the base: yes
STEP 152  ran 45 line(s) from Num 13:25 to Num 20:1 -> 122 sealed (close 8, event 44, marker 1, timer_fire 3, timer_set 3, write 63); the world stands before Num 20:1
        day 908570 = (2488, 1, 1) (creation year, month, day); the exodus era (40, 1, 1); reached ('Num', 20, 1); entities 287, open entries 161, pending timers 1; 2903 lines in all; audited against the base: yes
STEP 153  ran 12 line(s) from Num 20:1 to Num 20:22 -> 25 sealed (close 1, event 11, marker 1, write 12); the world stands before Num 20:22
        day 908659 = (2488, 4, 1) (creation year, month, day); the exodus era (40, 4, 1); reached ('Num', 20, 22); entities 288, open entries 164, pending timers 1; 2928 lines in all; audited against the base: yes
STEP 154  ran 4 line(s) from Num 20:22 to Num 20:28 -> 7 sealed (close 1, event 3, marker 1, write 2); the world stands before Num 20:28
        day 908688 = (2488, 5, 1) (creation year, month, day); the exodus era (40, 5, 1); reached ('Num', 20, 28); entities 288, open entries 164, pending timers 1; 2935 lines in all; audited against the base: yes
STEP 155  ran 6 line(s) from Num 20:28 to Num 21:4 -> 20 sealed (close 2, event 5, marker 1, timer_fire 2, timer_set 1, write 9); the world stands before Num 21:4
        day 908718 = (2488, 6, 1) (creation year, month, day); the exodus era (40, 6, 1); reached ('Num', 21, 4); entities 291, open entries 165, pending timers 0; 2955 lines in all; audited against the base: yes
STEP 156  ran 59 line(s) from Num 21:4 to Num 25:19 -> 136 sealed (close 5, event 58, marker 1, write 72); the world stands before None
        day 908718 = (2488, 6, 1) (creation year, month, day); the exodus era (40, 6, 1); reached ('Num', 25, 19); entities 301, open entries 180, pending timers 0; 3091 lines in all; audited against the base: yes
STEP 157  ran 6 line(s) from None to Num 27:1 -> 131 sealed (close 1, event 5, marker 1, row 120, write 4); the world stands before None
        day 908718 = (2488, 6, 1) (creation year, month, day); the exodus era (40, 6, 1); reached ('Num', 27, 1); entities 301, open entries 181, pending timers 0; 3222 lines in all; audited against the base: yes
STEP 158  ran 41 line(s) from None to Num 36:11 -> 140 sealed (close 8, event 41, row 12, timer_set 14, write 65); THE END OF THE TAPE
        day 908718 = (2488, 6, 1) (creation year, month, day); the exodus era (40, 6, 1); reached ('Num', 36, 11); entities 318, open entries 192, pending timers 14; 3362 lines in all; audited against the base: yes
SESSION SEALED: <repo-old>/World/journal/data/L3_run_cold_run_sequence_stepper.jsonl (3362 lines, coerced 0; the whole tape); ask it: python3 World/step9/world_journal.py --ask ledger <entity> --world cold_run_sequence/stepper
