run_cold_all: 79 runners discovered in /Users/Shared/TorahSim/World/step9
DEPENDENCY GATE coverage: 79 runners declared, 5849 verses scanned, 42 type tokens, 5 pointer forms; required edges 328, required pointers 232; live import edges 807; dispositions on file: 1002 edges, 231 pointers
DEPENDENCY GATE: every required edge and pointer dispositioned; every CALL live; every OWED on the debt list [gate satisfied]
DAEMON GATE coverage: 80 modules scanned (79 runners + the engine); 84 daemons watching 1286 kinds; 4178 submit records firing 1286 kinds; 620 compiled functions writing effects in 78 runners; event registry 1286 types, effects registry 1481
DAEMON GATE functions: 620 WRAPPED (verified), 0 OWED, 0 NONE of 620; unfired kinds 0, unconsumed 0, open aliases 3
DAEMON GATE: every daemon declared and its watches verified; every kind and effect registered; every compiled function dispositioned; every WRAPPED verified; every OWED on the worklist [gate satisfied]
THE SWEEP FULL (a shared piece moved since the stamp (2026-09-29 23:16): daemon_dispositions.yaml, dependency_dispositions.yaml, effect_vocabulary.yaml, event_vocabulary.yaml, register_dispositions.yaml); jobs 8; skipped ['cold_run_sequence.py']
PASS  cold_run_balak.py            rc=0  score=105/105  54.9s
PASS  cold_run_bamidbar.py         rc=0  score=66/66  28.1s
PASS  cold_run_beha.py             rc=0  score=154/154  33.1s
PASS  cold_run_blessing_and_curse.py rc=0  score=59/59  182.4s
PASS  cold_run_blessing_of_moses.py rc=0  score=42/42  1229.6s
PASS  cold_run_borders.py          rc=0  score=56/56  83.9s
PASS  cold_run_calendar.py         rc=0  score=17/17  2.4s
PASS  cold_run_chatat.py           rc=0  score=195/195  2.8s
PASS  cold_run_chukat.py           rc=0  score=159/159  22.8s
PASS  cold_run_clocks.py           rc=0  score=162/162  3.2s
PASS  cold_run_courts_prophet.py   rc=0  score=66/66  241.0s
PASS  cold_run_covenant_at_horeb.py rc=0  score=49/49  114.3s
PASS  cold_run_covenant_return_charge.py rc=0  score=95/95  792.9s
PASS  cold_run_decalogue.py        rc=0  score=13/13  1.8s
PASS  cold_run_erection.py         rc=0  score=287/287  34.9s
PASS  cold_run_exodus_story.py     rc=0  score=113/113  41.0s
PASS  cold_run_family.py           rc=0  score=228/228  30.9s
PASS  cold_run_festivals_judges.py rc=0  score=53/53  197.3s
PASS  cold_run_firstfruits_ebal_curses.py rc=0  score=88/88  595.7s
PASS  cold_run_food_tithe.py       rc=0  score=78/78  218.8s
PASS  cold_run_gad_reuben.py       rc=0  score=74/74  73.0s
PASS  cold_run_good_land.py        rc=0  score=55/55  146.9s
PASS  cold_run_guardians.py        rc=0  score=12/12  0.7s
PASS  cold_run_hear_o_israel.py    rc=0  score=42/42  123.9s
PASS  cold_run_holiness.py         rc=0  score=187/187  3.0s
PASS  cold_run_holiness_b.py       rc=0  score=183/183  6.8s
PASS  cold_run_incense_shekel.py   rc=0  score=301/301  28.3s
PASS  cold_run_joseph.py           rc=0  score=282/282  50.2s
PASS  cold_run_journeys.py         rc=0  score=53/53  80.1s
PASS  cold_run_korach.py           rc=0  score=155/155  35.1s
PASS  cold_run_lev24.py            rc=0  score=24/24  2.2s
PASS  cold_run_mamre.py            rc=0  score=222/222  40.7s
PASS  cold_run_mekoshesh.py        rc=0  score=34/34  27.8s
PASS  cold_run_metzora.py          rc=0  score=78/78  3.0s
PASS  cold_run_midian.py           rc=0  score=99/99  60.6s
PASS  cold_run_minchah.py          rc=0  score=85/85  2.2s
PASS  cold_run_mishpatim.py        rc=0  score=24/24  1.7s
PASS  cold_run_mishpatim_2.py      rc=0  score=13/13  1.7s
PASS  cold_run_mishpatim_3.py      rc=0  score=43/43  5.3s
PASS  cold_run_moadim.py           rc=0  score=42/42  2.5s
PASS  cold_run_moses_death.py      rc=0  score=23/23  1313.0s
PASS  cold_run_musafim.py          rc=0  score=110/110  42.1s
PASS  cold_run_naso.py             rc=0  score=274/274  30.9s
PASS  cold_run_negaim.py           rc=0  score=17/17  1.8s
PASS  cold_run_not_righteousness.py rc=0  score=51/51  149.4s
PASS  cold_run_obey_horeb.py       rc=0  score=52/52  106.3s
PASS  cold_run_offerings.py        rc=0  score=58/58  1.9s
PASS  cold_run_opening_speech.py   rc=0  score=97/97  94.2s
PASS  cold_run_ordinances.py       rc=0  score=128/128  8.3s
PASS  cold_run_persons_poor_court.py rc=0  score=94/94  418.5s
PASS  cold_run_pesach.py           rc=0  score=25/25  1.7s
PASS  cold_run_pesach_sheni.py     rc=0  score=26/26  1.9s
PASS  cold_run_place_name.py       rc=0  score=65/65  193.7s
PASS  cold_run_pre_sinai.py        rc=0  score=212/212  37.0s
PASS  cold_run_priesthood.py       rc=0  score=252/252  9.8s
PASS  cold_run_primeval.py         rc=0  score=206/206  42.2s
PASS  cold_run_refuge.py           rc=0  score=51/51  88.0s
PASS  cold_run_refuge_war_family.py rc=0  score=63/63  251.0s
PASS  cold_run_release_firstborn.py rc=0  score=91/91  227.0s
PASS  cold_run_sanctions.py        rc=0  score=242/242  5.5s
PASS  cold_run_sanctuary_build.py  rc=0  score=258/258  17.4s
PASS  cold_run_second_census.py    rc=0  score=70/70  68.3s
PASS  cold_run_second_tablets.py   rc=0  score=62/62  166.4s
PASS  cold_run_seducers.py         rc=0  score=56/56  204.0s
PASS  cold_run_seven_nations.py    rc=0  score=51/51  131.9s
PASS  cold_run_shelach.py          rc=0  score=172/172  41.2s
PASS  cold_run_shemini.py          rc=0  score=20/20  1.7s
PASS  cold_run_shemini_day.py      rc=0  score=105/105  4.2s
FAIL  cold_run_song_charge_nebo.py rc=1  score=71/72  1005.8s
PASS  cold_run_temurah.py          rc=0  score=41/41  2.3s
PASS  cold_run_tochacha.py         rc=0  score=38/38  1.8s
PASS  cold_run_tzav.py             rc=0  score=54/54  2.2s
PASS  cold_run_vayikra5.py         rc=0  score=32/32  2.8s
PASS  cold_run_vestments.py        rc=0  score=196/196  21.8s
PASS  cold_run_vows.py             rc=0  score=147/147  43.3s
PASS  cold_run_yoma.py             rc=0  score=23/23  3.3s
PASS  cold_run_yovel.py            rc=0  score=90/90  2.1s
PASS  cold_run_zelophehad.py       rc=0  score=55/55  31.0s

run_cold_all: 77/78 runners green, 7771 graded cells in all (FULL of 79; wall 1845 s, 8 jobs)

---- cold_run_song_charge_nebo.py (rc=1) tail ----
        ->  accepted           [heaven]  accepted for him — the offering's acceptance state
PASS  [DATA]  Deut 32:1-52 (the readback table); RB — the sixteen lines' first verses — the_supplied_rows
        ->  accepted           [heaven]  accepted for him — the offering's acceptance state
PASS  [DATA]  Deut 32:1-52 (the readback table); RB — the T1 rows against the tape's lines (the song's past) — the_reference_rows
        ->  accepted           [heaven]  accepted for him — the offering's acceptance state
PASS  [DATA]  Deut 32:1-52 (the readback table); RB — none in the chapter; the pointers ahead owed; 32:50's run citation — the_receipts
        ->  accepted           [heaven]  accepted for him — the offering's acceptance state
PASS  [DATA]  Deut 32:1-52 (the readback table); RB — the state row at 32:30; no pointer row — the_state_and_the_pointers
        ->  accepted           [heaven]  accepted for him — the offering's acceptance state
PASS  [DATA]  Deut 32:1-52 (the readback table); RB — the reading's kin asserts read again — the_twin_diffed
        ->  accepted           [heaven]  accepted for him — the offering's acceptance state
PASS  [DATA]  Deut 32:1-52 (the readback table); RB — the song's past retold as reference rows, its future the heaven entries; no marker — no_retrograde_row
        ->  accepted           [heaven]  accepted for him — the offering's acceptance state

MATRIX: 71/72 cells match the answer sheet
FRACTIONS: pure ink 0/72 (0%) · named moves 63/72 (88%) · data 7/72 (10%) · hypotheses 2/72 (the H class, counted apart — never as compiled)
LEDGER OPS this span writes: heaven x39, status x33
THE INK: the number verses {'32:15': [8], '32:30': [1, 1002]}, the ordinals {} (the starred tokens at [(32, 30)]); the negations {'32:5': 1, '32:6': 1, '32:17': 3, '32:20': 1, '32:27': 1, '32:30': 1, '32:31': 1, '32:47': 1, '32:51': 1, '32:52': 1}; the Name 7 bare tokens; the tokens {32: 615}
THE READBACK — THE FORMS ON FILE, NO NEW FORM: 52 rows — {'SUPPLIED': 16, 'VERBATIM': 23, 'SHORTENED': 8, 'VARIANT': 5}; on the tape 29, in the kin's cells by CALL 40 (every cell found True); the SUPPLIED rows ['Deut 32:1', 'Deut 32:5', 'Deut 32:7', 'Deut 32:10', 'Deut 32:13', 'Deut 32:15', 'Deut 32:19', 'Deut 32:23', 'Deut 32:26', 'Deut 32:29', 'Deut 32:34', 'Deut 32:39', 'Deut 32:44', 'Deut 32:46', 'Deut 32:48', 'Deut 32:51']; the rows with writes [('Deut 32:1', 'heaven_and_earth_witness'), ('Deut 32:2', 'doctrine_as_rain_and_dew_likened'), ('Deut 32:3', 'name_of_the_lord_proclaimed_greatness_ascribed'), ('Deut 32:4', 'the_rock_perfect_and_just_declared'), ('Deut 32:5', 'generation_crooked_not_his_children'), ('Deut 32:6', 'father_who_acquired_you_requited'), ('Deut 32:7', 'days_of_old_remember_commanded'), ('Deut 32:8', 'nations_bounds_set_by_number_of_israel'), ('Deut 32:9', 'lords_portion_his_people_jacob'), ('Deut 32:10', 'found_in_the_desert_encircled_and_kept'), ('Deut 32:11', 'as_an_eagle_stirring_its_nest_borne'), ('Deut 32:12', 'the_lord_alone_led_no_foreign_god'), ('Deut 32:13', 'heights_of_the_land_ridden_honey_from_the_rock'), ('Deut 32:14', 'feast_of_curd_milk_fat_and_wine_given'), ('Deut 32:15', 'jeshurun_fat_kicked_forsook_god'), ('Deut 32:17', 'demons_and_new_gods_sacrificed'), ('Deut 32:18', 'rock_that_begot_you_forgotten'), ('Deut 32:19', 'jealousy_by_no_people_foolish_nation'), ('Deut 32:20', 'face_hidden_and_forsaken_foretold'), ('Deut 32:22', 'fire_kindled_to_the_lowest_sheol'), ('Deut 32:23', 'evils_heaped_arrows_spent'), ('Deut 32:24', 'hunger_beasts_serpents_sword_terror_sent'), ('Deut 32:26', 'blotting_out_stayed_by_the_enemys_boast'), ('Deut 32:28', 'nation_void_of_counsel'), ('Deut 32:29', 'one_chasing_a_thousand_rock_sold_them'), ('Deut 32:32', 'vine_of_sodom_gall_grapes'), ('Deut 32:34', 'vengeance_laid_up_in_store_sealed'), ('Deut 32:36', 'lord_judges_his_people_repents_himself'), ('Deut 32:37', 'where_are_their_gods_asked'), ('Deut 32:39', 'i_i_am_he_no_god_beside_me'), ('Deut 32:40', 'hand_lifted_to_heaven_live_forever_sworn'), ('Deut 32:41', 'sword_whetted_vengeance_rendered'), ('Deut 32:43', 'nations_sing_with_his_people_land_atones'), ('Deut 32:44', 'song_spoken_in_the_ears_of_the_people'), ('Deut 32:46', 'set_your_heart_to_these_words_commanded'), ('Deut 32:47', 'length_of_days_on_the_land_promised'), ('Deut 32:48', 'go_up_to_nebo_see_the_land_commanded'), ('Deut 32:50', 'as_aaron_died_in_hor_and_was_gathered'), ('Deut 32:51', 'trespassed_at_meribath_kadesh_not_sanctified'), ('Deut 32:52', 'see_the_land_from_afar_not_go_there')]; the pointer rows []; the state rows ['Deut 32:30']; the OPEN rows []; the holes 0
THE COUNTER AND THE PARAMETERS: {'counter': (40, 12, 7), 'marker': None, 'marker_verse': None, 'marker_at': None, 'days_walked': 0, 'the_day_by': "19b's marker at Deut 31:1 (the number's verse 31:2) — the_death_date_of_moses on the calendar's keys", 'clock_data': ['the_death_date_of_moses']}; the parameters 25 (in the registry 0, in DATA 25); DATA rows 45
THE SCANS on the one database: the forty-two on their ledgers {'israel_people': [], 'yehoshua': [], 'moses': []}; the kin counts {'barred_from_the_land': 2, 'gathered_to_his_people': 6, 'became_the_lords_people_this_day': 2, 'lord_declared_israel_treasure_people': 1, 'treasured_people': 1, 'other_gods_barred': 1, 'manna_provided': 1, 'water_from_the_rock': 2, 'eagle_nation_devours': 1, 'few_in_number_left': 1, 'scattered_among_all_peoples': 1, 'serving_wood_and_stone_among_nations': 1, 'sold_and_none_buys': 1, 'sons_flesh_eaten_in_siege': 1, 'pestilence_cleaving': 1, 'sword_blight_mildew_sent': 1, 'trembling_heart_no_rest': 1, 'plagues_made_wonderful': 1, 'innocent_blood_atoned': 1, 'two_witnesses_required': 1, 'two_or_three_witnesses_required': 1, 'one_witness_barred': 1, 'witnesses_inquiry_commanded': 1, 'plotting_witness_talion_commanded': 1, 'song_sung': 1, 'song_writing_commanded': 1, 'song_taught_and_put_in_mouths_commanded': 1, 'song_a_witness_against_israel': 1, 'song_written_and_taught_by_moses': 1, 'song_spoken_to_the_assembly_to_its_end': 1, 'book_a_witness_against_israel': 1, 'future_whoring_after_foreign_gods_foretold': 1, 'covenant_breaking_foretold': 1, 'evils_and_troubles_befall_foretold': 1, 'corruption_after_moses_death_foretold': 1, 'moses_to_sleep_with_the_fathers': 1, 'moses_days_approach_to_die': 1, 'joshua_commissioned_to_bring_israel_in': 1, 'land_brimstone_salt_like_sodom': 1, 'hidden_things_the_lords': 1, 'shema_commanded': 1, 'hakhel_children_hear_and_learn_commanded': 1, 'serpents_sent': 1, 'healed': 2, 'atoned_forgiven': 7, 'sevenfold_vengeance': 1, 'blood_required': 1, 'scattered': 1, 'building_ceased': 1, 'no_share_in_the_world_to_come': 3, 'only_noah_remained': 1, 'famine': 3, 'rain_in_its_season': 2, 'heavens_good_treasure_opened': 1, 'curses_of_the_book_on_the_idolater': 1, 'hidden_idolater_unpardoned': 1, 'heart_turning_to_other_gods_barred': 1, 'enemies_flee_seven_ways': 1, 'smitten_before_enemies_seven_ways': 1, 'nations_dispossessed_as_sihon_and_og_promised': 1, 'holy_people_promised': 1, 'established_holy_people': 1}; the reuses {'heaven_and_earth_witness': 5, 'face_hidden_and_forsaken_foretold': 2, 'length_of_days_on_the_land_promised': 2}; the entities {'barred_from_the_land': ['aaron', 'moses'], 'gathered_to_his_people': 6, 'became_the_lords_people_this_day': ['israel_people'], 'lord_declared_israel_treasure_people': ['israel_people'], 'treasured_people': ['israel_people'], 'other_gods_barred': ['israel_people'], 'manna_provided': ['israel_people'], 'water_from_the_rock': ['israel_people'], 'heaven_and_earth_witness': ['israel_people'], 'face_hidden_and_forsaken_foretold': ['israel_people'], 'length_of_days_on_the_land_promised': ['israel_people'], 'garments_transferred_and_aaron_died': [], 'invested_office': 6, 'song_spoken_to_the_assembly_to_its_end': ['israel_people']}
THE CALLEES (the facts printed and asserted from the print): 129 facts — OH_CHAIN {'this_chapter': 'Deut 4:26', 'the_chain; CR_HIDE My anger kindled, I will forsa; GL_FLINT the rock of flint (8:15) — 'wh; ES_TREASURE 4; CP_TWO two witnesses for every death ; RF_ATONE by_the_shedders_blood; CK_DATES Aaron (40, 5, 1) by the ink, a; OS_MTN the mountain of Abarim (27:12); JR_NOWRITE no write for 33:38-40 — the de; SH_NAME Hoshea to Joshua at 13:16 — th; HI_ONE the LORD is one (6:4) — the tw; FE_EAGLE a nation from the end of the e; FJ_WHO who appears (16:16) — all obli; GR_GRAVE reubens_nebo_gads_field; BR_LAND the land of Canaan (34:2) read
THE EXAM (lean): the twenty-six Mishnah and Tosefta rows ['Avodah Zarah 3:4', 'Avot 3:6', 'Avot 5:1', 'Avot 5:6', 'Avot 6:9', 'Avot 6:10', 'Berakhot 1:1', 'Berakhot 2:2', 'Berakhot 7:1', 'Berakhot 8:8', 'Chagigah 1:8', 'Kilayim 3:2', 'Nedarim 1:2', 'Peah 1:1', 'Peah 3:2', 'Sanhedrin 3:5', 'Sanhedrin 5:2', 'Sanhedrin 9:1', 'Shevuot 7:5', 'Sotah 1:7', 'Sotah 9:9', 'Arakhin 1:4', 'Avodah Zarah 9:4', 'Peah 1:1', 'Peah 1:2', 'Peah 1:3']; segments read 0
THE NARRATIVE: (45, 0, 3, (12, 7), 0, 0, 0, 0, [(12, 7)]) (the forty-five on three ledgers — Israel ['doctrine_as_rain_and_dew_likened', 'name_of_the_lord_proclaimed_greatness_ascribed', 'the_rock_perfect_and_just_declared', 'heaven_and_earth_witness', 'generation_crooked_not_his_children', 'father_who_acquired_you_requited', 'days_of_old_remember_commanded', 'nations_bounds_set_by_number_of_israel', 'lords_portion_his_people_jacob', 'found_in_the_desert_encircled_and_kept', 'apple_of_his_eye_kept', 'as_an_eagle_stirring_its_nest_borne', 'the_lord_alone_led_no_foreign_god', 'heights_of_the_land_ridden_honey_from_the_rock', 'feast_of_curd_milk_fat_and_wine_given', 'jeshurun_fat_kicked_forsook_god', 'demons_and_new_gods_sacrificed', 'rock_that_begot_you_forgotten', 'jealousy_by_no_people_foolish_nation', 'fire_kindled_to_the_lowest_sheol', 'face_hidden_and_forsaken_foretold', 'evils_heaped_arrows_spent', 'hunger_beasts_serpents_sword_terror_sent', 'blotting_out_stayed_by_the_enemys_boast', 'nation_void_of_counsel', 'one_chasing_a_thousand_rock_sold_them', 'vine_of_sodom_gall_grapes', 'vengeance_laid_up_in_store_sealed', 'lord_judges_his_people_repents_himself', 'where_are_their_gods_asked', 'i_i_am_he_no_god_beside_me', 'i_kill_and_make_alive_none_delivers', 'hand_lifted_to_heaven_live_forever_sworn', 'sword_whetted_vengeance_rendered', 'nations_sing_with_his_people_land_atones', 'song_spoken_in_the_ears_of_the_people', 'set_your_heart_to_these_words_commanded', 'it_is_your_life_no_empty_matter', 'length_of_days_on_the_land_promised']; Joshua ['hoshea_speaks_the_song_beside_moses']; Moses ['go_up_to_nebo_see_the_land_commanded', 'die_in_the_mountain_gathered_to_your_people_commanded', 'as_aaron_died_in_hor_and_was_gathered', 'trespassed_at_meribath_kadesh_not_sanctified', 'see_the_land_from_afar_not_go_there'])
THE PARAMETER ROWS: the_readback = 52 rows, 0 holes, 0 open rows; the_counter_and_the_parameters = {'counter': (40, 12, 7), 'marker': None, 'marker_verse': None, 'marker_at': None, 'days_walked': 0, 'the_day_by': "19b's marker at Deut 31:1 (the number's verse 31:2) — the_death_date_of_moses on the calendar's keys", 'clock_data': ['the_death_date_of_moses']}; the_twin_diffed = {'32:36 vs Ps 135:14': 7, '32:49 vs Num 27:12': 10, '32:45 vs 31:1': 7, '32:46 vs 31:12': 8, '32:47 vs 11:9': 5, '32:48 vs Gen 7:13': 3, '32:48 vs Exod 12:41': 3, '32:44 vs 31:30': 5, '32:44 vs Num 13:16': 4, '32:51 vs Num 27:14': 4, '32:51 vs Num 20:12': 4, '32:50 vs Num 20:28': 2, '32:1 vs 31:28': 2, '32:1 vs 4:26': 2, '32:1 vs Isa 1:2': 0, '32:11 vs Exod 19:4': 1, '32:15 vs 31:20': 0, '32:20 vs 31:17': 3, '32:17 vs 29:25': 3, '32:8 vs Gen 11:8': 0, '32:24 vs Lev 26:22': 0, '32:30 vs Lev 26:8': 1, '32:30 vs Josh 23:10': 3, '32:32 vs 29:22': 1, '32:39 vs 6:4': 0, '32:43 vs Num 35:33': 1, '32:52 vs 34:4': 3, '32:49 vs 3:27': 2, '32:13 vs 8:15': 0, '32:21 vs 28:49': 0, '32:27 vs 9:28': 3, '32:12 vs Num 23:9': 0, '32:6 vs Exod 15:16': 1}; the_parsers_hits = {'the_numbers': {'32:15': [8], '32:30': [1, 1002]}, 'the_ordinals': {}, 'the_starred': {'32:30': 1}}; the_receipts = [] (the other settings recorded in DATA — 45 rows)
