READBACK PROBES (THE LOOP step 6, the first form)
guard: 97 expectations checked, every one a literal from the answer sheet [honest-pairing guard satisfied]
honest-pairing guard: 113 tests checked, every expectation a literal
probes: 90 ink runs verified in their verses (Exod 1-19)
answer sheet: 12 Mishnah rows and 47 shelf rows verified by their own tokens (Pesachim 10, Avot 5, Sotah 1 and 5, Rosh Hashanah 3, Eduyot 2, Sanhedrin 1; Sotah 11a-13b, Nedarim 31b-32a, Sanhedrin 111a/91a/18a/56b/67b, Shabbat 86b-88a, Zevachim 116a/102a, Arakhin 15a-b, Kiddushin 38a, Sotah 30b, Berakhot 9a-b, Megillah 9a, Pesachim 116a; the Mekhilta)
guard: 172 expectations checked, every one a literal from the answer sheet [honest-pairing guard satisfied]
guard: 66 expectations checked, every one a literal from the answer sheet [honest-pairing guard satisfied]
probes: all 36 token probes fired  [zero-report law satisfied]

guard: 155 expectations checked, every one a literal from the answer sheet [honest-pairing guard satisfied]
probes: all 39 ink-token probes fired (4 imports receipted) [zero-report law satisfied]
censuses: the FIFTH at [13, 15, 19, 27, 31] — forms ['חמישתו', 'חמישית', 'חמשית', 'חמשתו', 'חמשיתו'] (plene at 13 and 15, defective at 19, 27, 31) · the substitute clause at [10, 33] (the vow and the tithe) · holy tokens in 11 verses
routing receipt: cold_run_yovel.tithe_naming() CALLED (3 namings); cold_run_pesach.firstborn(donkey) CALLED -> 'redeem with a lamb, else break the neck'
answer sheet: 20 Mishnah rows token-verified in their own ink
guard: 41 test rows, every expected value a literal from the answer sheet [honest-pairing guard satisfied]

OK  THE SCENE — Temurah, Arakhin 8, Bekhorot 9 and the Sifra on the world engine (the daemon's w [INK] 
     effects: consecrated, substitution, lashes, redemption_right, adds_fifth, redeem_or_break, most_holy, due_to_priest, put_to_death
OK  Temurah 7:1 — an animal vowed to the altar: holy (the altar class)                           [INK] 
     effects: consecrated
OK  Temurah 7:1-2 — an unfit animal consecrated: the upkeep class, valued by the priest          [INK] 
     effects: consecrated
OK  Temurah 7:2 — unspecified consecrations go to the upkeep                                     [MOVE] 
     effects: consecrated
OK  Temurah 1:1 — substitution attempted: it takes, and forty                                    [INK] 
     effects: substitution, consecrated, lashes
OK  Temurah 1:2 — good for bad, bad for good: takes                                              [INK] 
     effects: substitution
OK  Temurah 1:2 — herd for flock, sheep for goats, blemished for whole: takes                    [INK] 
     effects: substitution
OK  Temurah 1:2 — one for two, one for a hundred (R. Shimon: one for one)                        [MOVE] 
     effects: substitution
OK  Temurah 1:6 — birds and meal offerings make no substitute                                    [INK] 
     effects: —
OK  Temurah 1:6 / 2:1 — the community and partners make no substitute                            [MOVE] 
     effects: —
OK  Temurah 1:3 — limbs and embryos make no substitute                                           [MOVE] 
     effects: —
OK  Temurah 1:5 / 2:3 — a substitute makes no substitute                                         [MOVE] 
     effects: —
OK  Temurah 2:3 — holiness lands on a permanently blemished substitute                           [MOVE] 
     effects: consecrated
OK  Temurah 2:3 — the inadvertent like the deliberate in substitution                            [MOVE] 
     effects: substitution
OK  Temurah 5:5 — "this instead of that": a substitute                                           [INK] 
     effects: substitution
OK  Temurah 5:5 — "the exchange of that": a substitute                                           [INK] 
     effects: substitution
OK  Temurah 5:5 — "this desanctified on that": not a substitute                                  [ANSWER-SHEET] 
     effects: redemption_right
OK  Temurah 7:1 — altar-holy substitute; upkeep-holy do not                                      [INK] 
     effects: —
OK  Menachot 9:7 — the heir substitutes                                                          [MOVE] 
     effects: substitution
OK  Arakhin 8:1 — the owner redeeming adds a fifth (the unfit beast)                             [INK] 
     effects: adds_fifth, redemption_right
OK  Arakhin 8:1-3 — the owner redeems his house with a fifth                                     [INK] 
     effects: adds_fifth, redemption_right
OK  Arakhin 8:2-3 — another redeems: the valuation, no fifth                                     [INK] 
     effects: redemption_right
OK  the five fifths of the chapter (27:13, 15, 19, 27, 31)                                       [INK] 
     effects: adds_fifth
OK  Menachot 12:1 — birds, wood, frankincense, vessels: no redemption, only a beast is said      [INK] 
     effects: —
OK  Bekhorot 1:7 (via the Passover engine) — the firstling donkey: a lamb, else the neck         [IMPORT] 
     effects: redeem_or_break
OK  Arakhin 8:7 — the firstborn: sanctify it for value, not for the altar                        [MOVE] 
     effects: consecrated
OK  Temurah 5:1 — outwitting the firstborn: "what is in her womb, if male, an olah"              [MOVE] 
     effects: consecrated
OK  Arakhin 8:6 — every devoted thing most holy, not sold, not redeemed                          [INK] 
     effects: most_holy
OK  Arakhin 8:6 — unspecified devotion: to the priests (Sages) / the upkeep (R. Yehuda b. Beteir [INK] 
     effects: due_to_priest
OK  Arakhin 8:4 — devoted ALL he has: not devoted                                                [INK] 
     effects: —
OK  Arakhin 8:5 — devoted his son, daughter, Hebrew slave, purchased field: not devoted          [INK] 
     effects: —
OK  Arakhin 8:6 — the priests' devotions: no redemption, given to the priests                    [ANSWER-SHEET] 
     effects: due_to_priest
OK  Arakhin 8:7 — the firstborn may be devoted                                                   [ANSWER-SHEET] 
     effects: consecrated
OK  Bekhorot 9:7 — the pen, the small gate, the count, the tenth marked                          [INK] 
     effects: consecrated
OK  Bekhorot 9:7 — not marked, counted lying or standing: tithed                                 [INK] 
     effects: consecrated
OK  Bekhorot 9:7 — a hundred and took ten: not a tithe                                           [INK] 
     effects: —
OK  Temurah 3:5 — the tithe substituted: both holy, not redeemed                                 [INK] 
     effects: substitution, consecrated
OK  Bekhorot 9:1 — herd and flock not tithed together                                            [INK] 
     effects: —
OK  Bekhorot 9:1 — sheep and goats tithed together ("and flock" — all flock one)                 [INK] 
     effects: consecrated
OK  Bekhorot 9:8 (via the Jubilee engine) — the ninth called tenth: sanctified, eaten blemished  [IMPORT] 
     effects: consecrated
OK  Bekhorot 9:8 (via the Jubilee engine) — the eleventh called tenth: a peace offering          [IMPORT] 
     effects: consecrated

MATRIX: 41/41 cells match the answer sheet
FRACTIONS: pure ink 25/41 (60%) · recorded moves 10/41 (24%) · answer-sheet 3/41 · data 0/41 · imports 3/41 · hypotheses 0/41
computed, not graded: the impure beast of 27:27 redeemed at valuation plus a fifth or sold (INK); the devoted person put to death, not ransomed (INK 27:29); the land tithe holy (INK 27:30) and redeemed with a fifth (INK 27:31); not examined good or bad (INK 27:33) — valuation_plus_fifth_or_sold, put_to_death_not_ransomed, holy_to_the_LORD, plus_fifth, not_examined_good_or_bad
LEDGER OPS this span writes: body x3, debit x14, status x22, transfer x5
effects: every cell carries REGISTERED effects — consecrated (STATUS) discovered from 27:9's own "shall be holy"; most_holy shared with the meal offering; substitution, adds_fifth, put_to_death, due_to_priest, redemption_right, lashes, redeem_or_break from the registry [effects law satisfied]
  WATCH law_temurah            seen  29  fired  22  on: consecrated_redeemed, herd_tithed, substitute_declared, thing_consecrated, thing_devoted

THE CONSECRATION, SUBSTITUTION, AND DEVOTION MACHINE COMPILES — the two substitution verbs, "beast for beast," "it and its substitute" at the vow and the tithe, the fifth censused five times, the partitive "from all that he has," the ordinal tenth under the rod; three calls into sister engines: the Jubilee engine's tithe naming and the Passover engine's firstling donkey.
guard: 274 expectations checked, every one a literal from the answer sheet [honest-pairing guard satisfied]
guard: 27 expectations checked, every one a literal from the answer sheet [honest-pairing guard satisfied]
guard: 159 expectations checked, every one a literal from the answer sheet [honest-pairing guard satisfied]
probes: all 142 token probes fired  [zero-report law satisfied]

probes: all 46 token probes fired  [zero-report law satisfied]

guard: 55 expectations checked, every one a literal from the answer sheet [honest-pairing guard satisfied]
probes: all 39 token probes fired  [zero-report law satisfied]

probes: all 100 token probes fired  [zero-report law satisfied]

probes: all 86 token probes fired  [zero-report law satisfied]

guard: 74 expectations checked, every one a literal from the answer sheet [honest-pairing guard satisfied]
guard: 147 expectations checked, every one a literal from the answer sheet [honest-pairing guard satisfied]
guard: 110 expectations checked, every one a literal from the answer sheet [honest-pairing guard satisfied]
probes: all 54 token probes fired  [zero-report law satisfied]

probes: all 55 token probes fired  [zero-report law satisfied]

guard: 70 expectations checked, every one a literal from the answer sheet [honest-pairing guard satisfied]
guard: 105 expectations checked, every one a literal from the answer sheet [honest-pairing guard satisfied]
guard: 34 expectations checked, every one a literal from the answer sheet [honest-pairing guard satisfied]
probes: all 17 token probes fired  [zero-report law satisfied]

honest-pairing guard: 222 tests checked, every expectation a literal
probes: 387 ink runs verified in their verses (Gen 18-31)
answer sheet: 7 Mishnah rows verified in their own ink; shelf: 62 rows (Babylonian and Bereshit Rabbah) verified by token
honest-pairing guard: 206 tests checked, every expectation a literal
probes: 137 ink runs verified in their verses (Gen 2-16)
answer sheet: 10 Mishnah rows and 130 shelf rows verified by their own tokens (Sanhedrin 10:3, 4:5, Avot 5:2-3, Eduyot 2:10, Yevamot 6:6, Megillah 1:8; Sanhedrin 107b-109b, 37b, 70a, Nedarim 32a-b, Sotah 14a, Megillah 9b, 14a, Berakhot 40a, Kiddushin 30b, Bava Batra 100a, Yevamot 64a, Chullin 89a, Eruvin 53a, Pesachim 118a, 6b, Rosh Hashanah 11b, Shabbat 55b; Bereshit Rabbah 16-45)
probes: all 102 token probes fired  [zero-report law satisfied]

callees live: the spec (Exod 34:15-16) 1 / [('Exod', 34, 16)]; the priesthood clause 1; the judges 78600; the incense; the twenty-four; the hanging; the addressees; the tellers; the total; Isaac's clauses 6; Judah's lion 2; the ladder; the idolatry principle
honest-pairing guard: 282 tests checked, every expectation a literal
probes: 442 ink runs verified in their verses (Gen 32-50)
answer sheet: 10 Mishnah rows verified in their own ink; shelf: 99 rows (Babylonian and Bereshit Rabbah) verified by token
probes: all 35 token probes fired  [zero-report law satisfied]

probes: all 121 token probes fired  [zero-report law satisfied]

guard: 53 expectations checked, every one a literal from the answer sheet [honest-pairing guard satisfied]
guard: 154 expectations checked, every one a literal from the answer sheet [honest-pairing guard satisfied]
probes: all 79 token probes fired  [zero-report law satisfied]

probes: all 111 token probes fired  [zero-report law satisfied]

guard: 56 expectations checked, every one a literal from the answer sheet [honest-pairing guard satisfied]
probes: all 123 token probes fired  [zero-report law satisfied]

guard: 51 expectations checked, every one a literal from the answer sheet [honest-pairing guard satisfied]
probes: all 84 token probes fired  [zero-report law satisfied]

callees: mishpatim_3, mishpatim, lev24, shelach, naso, second_census, journeys, borders, zelophehad, gad_reuben, chukat, bamidbar, primeval, sanctions, priesthood CALLED — every value asserted at import
probes: all 164 token probes fired  [zero-report law satisfied]

callees: exodus_story, shelach, chukat, gad_reuben, zelophehad, journeys, borders, second_census, bamidbar, balak, primeval, mamre, joseph, ordinances, holiness, erection, beha, refuge CALLED — every value asserted at import
  PASS Q1 the table — rows 42, grades {'SUPPLIED': 11, 'TURNED': 10, 'SHORTENED': 6, 'DISAGREES': 2, 'EXPANDED': 12, 'VERBATIM': 1}
  PASS Q2 found — rows 42, found on the running world 42
  PASS Q3 the close by a prior run — supplied debits 4, closed 4, closer earlier on the tape [True, True, True, True]
  PASS Q4 the retrograde dating — Deuteronomy lines 12, dated 11, retrograde markers 3, stated days [(1, 2, 16), (2, 2, 20), (40, 6, 1)]
  PASS Q5 the open disagreements — DISAGREES rows 2 (open [True, True]), ledger entries citing them 0
  PASS Q6 the register seats — got {'Deut 1:3': 'ACT', 'Deut 1:19': 'CHAPTER', 'Deut 1:41': 'CHAPTER', 'Num 27:22': 'CLOSE', 'Deut 4:45': 'DAEMONS'}
guard: 52 expectations checked, every one a literal from the answer sheet [honest-pairing guard satisfied]
  PASS Q7 chapter 4's table — rows 11, grades {'SHORTENED': 3, 'EXPANDED': 5, 'SUPPLIED': 2, 'DISAGREES': 1}, the first tellings named 2
  PASS Q8 the Horeb lines dated — ten_words_declared 1 dated (1, 3, 7); tablets_given 1 dated (1, 4, 17); the markers at Deut 4:10 / 4:13 True / True; the tablets' day = the breaking's True
  PASS Q9 the seats and the debit after chapter 4 — got (4:5 class, 4:45 class, 4:45 daemons, the refuge debit, open, cities_set_apart) = ('ACT', 'DAEMONS', 2, 1, True, 1)
guard: 49 expectations checked, every one a literal from the answer sheet [honest-pairing guard satisfied]
  PASS Q10 chapter 5's table — the laws' readback — rows 21 (law 16, cells named 15, no cell ['Deut 5:6']), grades {'VERBATIM': 5, 'VARIANT': 5, 'EXPANDED': 5, 'TURNED': 4, 'SUPPLIED': 2}
  PASS Q11 the request and the answer dated; the charge closed by the prior run — mediator_requested 1 dated (1, 3, 7) (the first telling named True); stand_here_commanded 1 dated (1, 3, 7); the marker at Deut 5:23 True; the charge's debit 1, closed by the prior run True
  PASS Q12 the seats after chapter 5; the code's hole filled — got (5:12, 5:16, 5:32 classes, 4:45 daemons, other_gods_barred, coveting_barred, the blocks' day, source) = ('CHAPTER', 'CHAPTER', 'CHAPTER', 2, 1, 1, (1, 3, 7), 'Deut 4:10')
guard: 42 expectations checked, every one a literal from the answer sheet [honest-pairing guard satisfied]
  PASS Q13 chapter 6's table — the readback's third form — rows 7 (found on the running world 7, every row a law's 7), grades {'VERBATIM': 3, 'EXPANDED': 3, 'SHORTENED': 1}, open 0
  PASS Q14 the two lines on the speech's day, no marker — got (shema_declared, testing_barred, a chapter-6 marker, markers, shema_commanded, test_barred, their sources) = (1, 1, False, 167, 1, 1, 'Deut 6:4', 'Deut 6:16')
  PASS Q15 the receipt without the Name; the pointer; the daemon — got (the gate sees 6:25, the pointer rows, the daemon registered, given_at) = (False, 1, True, 'Deut 6:4')
guard: 51 expectations checked, every one a literal from the answer sheet [honest-pairing guard satisfied]
OS.the_spies_read_back(the_murmuring) = "the murmuring (1:27-28) — two words (Shevuot 47b:5); the spies' words in the people's mouths, 'greater and taller than w" ['accepted']
  PASS Q16 chapter 7's table — the readback on the kin — rows 21 (found on the tape 6, in the kin's cells by CALL 15), grades {'EXPANDED': 8, 'VARIANT': 5, 'VERBATIM': 4, 'TURNED': 3, 'SHORTENED': 1}, the code's holes 4, open 0
  PASS Q17 the three lines on the speech's day, no marker; the seven writes — got (nations_devoted, hearing_blessed, abomination_barred, a chapter-7 marker, markers, the ban's debit, covenant_barred, favor_barred, intermarriage_barred, blessing_promised, pity_barred, house_abomination_barred, their sources) = (1, 1, 1, False, 167, 1, 1, 1, 1, 1, 1, 1, 'Deut 7:1', 'Deut 7:25')
  PASS Q18 the kin stands; the daemon — got (other_gods_barred, coveting_barred, treasured_people, the dispossession's debits, high_places_banned present, the daemon registered, given_at, installed_by) = (1, 1, 1, 2, True, True, 'Deut 7:1', 'boot')
guard: 55 expectations checked, every one a literal from the answer sheet [honest-pairing guard satisfied]
HI.the_gift_and_the_warning(lest_you_forget) = "lest you forget (6:12) — obey_horeb's forgetting census (thirteen seats, 6:12 among them); the prohibition's seat 4:9 (O" ['accepted'] — the ask without a write
  PASS Q19 chapter 8's table — the readback's fifth form, the retelling of a state — rows 18 (found on the tape 10, in the kin's cells by CALL 7), grades {'VERBATIM': 6, 'EXPANDED': 4, 'TURNED': 2, 'SUPPLIED': 1, 'VARIANT': 5}, the code's holes 3, open 0, the SUPPLIED row ['Deut 8:4'] with its ledger scan [[]]
  PASS Q20 the three lines on the speech's day, no marker; the three writes — got (grace_commanded, forgetting_warned, perishing_testified, a chapter-8 marker, markers, bless_after_eating_commanded, forgetting_barred, heaven_and_earth_witness, their sources — the status at the first line, the block at the second, the testimony's reuse at the third, the 4:26 entry first) = (1, 1, 1, False, 167, 1, 1, 2, 'Deut 8:7', 'Deut 8:11', 'Deut 8:19', 'Deut 4:25')
  PASS Q21 the kin stands; the daemon — got (manna_provided, water_from_the_rock, serpents_sent, shema_commanded, test_barred, other_gods_barred, blessings_for_hearing, treasured_people on Israel — the kin UNMOVED, no second write; the daemon registered, given_at, installed_by) = (1, 2, 1, 1, 1, 1, 1, 1, True, 'Deut 8:1', 'boot')
readback_probes: 21/21
