run_cold_all: 63 runners discovered in /Users/Shared/TorahSim/World/step9
DEPENDENCY GATE coverage: 63 runners declared, 5155 verses scanned, 42 type tokens, 5 pointer forms; required edges 265, required pointers 201; live import edges 420; dispositions on file: 574 edges, 200 pointers
DEPENDENCY GATE: every required edge and pointer dispositioned; every CALL live; every OWED on the debt list [gate satisfied]
DAEMON GATE coverage: 64 modules scanned (63 runners + the engine); 68 daemons watching 1133 kinds; 3606 submit records firing 1133 kinds; 466 compiled functions writing effects in 62 runners; event registry 1133 types, effects registry 1031
DAEMON GATE functions: 466 WRAPPED (verified), 0 OWED, 0 NONE of 466; unfired kinds 0, unconsumed 0, open aliases 3
DAEMON GATE: every daemon declared and its watches verified; every kind and effect registered; every compiled function dispositioned; every WRAPPED verified; every OWED on the worklist [gate satisfied]
THE SWEEP FULL (no stamp at /Users/Shared/TorahSim/World/step9/sweep_stamp.json — the full sweep writes it); jobs 8; skipped ['cold_run_sequence.py']
PASS  cold_run_balak.py            rc=0  score=105/105  54.1s
PASS  cold_run_bamidbar.py         rc=0  score=66/66  27.1s
PASS  cold_run_beha.py             rc=0  score=154/154  32.3s
PASS  cold_run_borders.py          rc=0  score=56/56  82.7s
PASS  cold_run_calendar.py         rc=0  score=17/17  1.5s
PASS  cold_run_chatat.py           rc=0  score=195/195  2.1s
PASS  cold_run_chukat.py           rc=0  score=159/159  22.1s
PASS  cold_run_clocks.py           rc=0  score=162/162  2.5s
PASS  cold_run_covenant_at_horeb.py rc=0  score=49/49  112.2s
PASS  cold_run_decalogue.py        rc=0  score=13/13  1.2s
PASS  cold_run_erection.py         rc=0  score=287/287  34.4s
PASS  cold_run_exodus_story.py     rc=0  score=113/113  40.5s
PASS  cold_run_family.py           rc=0  score=228/228  30.6s
PASS  cold_run_gad_reuben.py       rc=0  score=74/74  72.0s
PASS  cold_run_good_land.py        rc=0  score=55/55  146.2s
PASS  cold_run_guardians.py        rc=0  score=12/12  0.4s
PASS  cold_run_hear_o_israel.py    rc=0  score=42/42  121.7s
PASS  cold_run_holiness.py         rc=0  score=187/187  2.2s
PASS  cold_run_holiness_b.py       rc=0  score=183/183  5.9s
PASS  cold_run_incense_shekel.py   rc=0  score=301/301  27.0s
PASS  cold_run_joseph.py           rc=0  score=282/282  48.8s
PASS  cold_run_journeys.py         rc=0  score=53/53  79.4s
PASS  cold_run_korach.py           rc=0  score=155/155  34.3s
PASS  cold_run_lev24.py            rc=0  score=24/24  1.6s
PASS  cold_run_mamre.py            rc=0  score=222/222  40.1s
PASS  cold_run_mekoshesh.py        rc=0  score=34/34  27.3s
PASS  cold_run_metzora.py          rc=0  score=78/78  2.4s
PASS  cold_run_midian.py           rc=0  score=99/99  60.4s
PASS  cold_run_minchah.py          rc=0  score=85/85  1.5s
PASS  cold_run_mishpatim.py        rc=0  score=24/24  1.2s
PASS  cold_run_mishpatim_2.py      rc=0  score=13/13  1.2s
PASS  cold_run_mishpatim_3.py      rc=0  score=43/43  4.6s
PASS  cold_run_moadim.py           rc=0  score=42/42  1.8s
PASS  cold_run_musafim.py          rc=0  score=110/110  41.7s
PASS  cold_run_naso.py             rc=0  score=274/274  30.9s
PASS  cold_run_negaim.py           rc=0  score=17/17  1.3s
PASS  cold_run_obey_horeb.py       rc=0  score=52/52  105.9s
PASS  cold_run_offerings.py        rc=0  score=58/58  1.3s
PASS  cold_run_opening_speech.py   rc=0  score=97/97  93.6s
PASS  cold_run_ordinances.py       rc=0  score=128/128  7.6s
PASS  cold_run_pesach.py           rc=0  score=25/25  1.2s
PASS  cold_run_pesach_sheni.py     rc=0  score=26/26  1.2s
PASS  cold_run_pre_sinai.py        rc=0  score=212/212  36.3s
PASS  cold_run_priesthood.py       rc=0  score=252/252  9.3s
PASS  cold_run_primeval.py         rc=0  score=206/206  41.3s
PASS  cold_run_refuge.py           rc=0  score=51/51  86.5s
PASS  cold_run_sanctions.py        rc=0  score=242/242  4.6s
PASS  cold_run_sanctuary_build.py  rc=0  score=258/258  16.5s
PASS  cold_run_second_census.py    rc=0  score=70/70  66.6s
PASS  cold_run_seven_nations.py    rc=0  score=51/51  128.0s
PASS  cold_run_shelach.py          rc=0  score=172/172  40.5s
PASS  cold_run_shemini.py          rc=0  score=20/20  1.2s
PASS  cold_run_shemini_day.py      rc=0  score=105/105  3.5s
PASS  cold_run_temurah.py          rc=0  score=41/41  1.6s
PASS  cold_run_tochacha.py         rc=0  score=38/38  1.3s
PASS  cold_run_tzav.py             rc=0  score=54/54  1.5s
PASS  cold_run_vayikra5.py         rc=0  score=32/32  2.2s
PASS  cold_run_vestments.py        rc=0  score=196/196  21.1s
PASS  cold_run_vows.py             rc=0  score=147/147  42.6s
PASS  cold_run_yoma.py             rc=0  score=23/23  2.6s
PASS  cold_run_yovel.py            rc=0  score=90/90  1.5s
PASS  cold_run_zelophehad.py       rc=0  score=55/55  30.2s

run_cold_all: 62/62 runners green, 6714 graded cells in all (FULL of 63; wall 306 s, 8 jobs)
the stamp written: /Users/Shared/TorahSim/World/step9/sweep_stamp.json (62 runners, 12 shared pieces)
