THE LOOP — STEP 1'S GATE: the sequence runner twice, in two processes and two directories
  L3_run_cold_run_sequence_covenant_pieces.jsonl         4203 lines  bytes IDENTICAL  chain VERIFIED
  L3_run_cold_run_sequence_descent_literal.jsonl         4203 lines  bytes IDENTICAL  chain VERIFIED
  L3_run_cold_run_sequence_rest.jsonl                    4182 lines  bytes IDENTICAL  chain VERIFIED
  L3_run_cold_run_sequence_seed_isaac.jsonl              4203 lines  bytes IDENTICAL  chain VERIFIED
  THE LIVE INDEX (step 7 a): 4 sources, 16791 rows written line by line at their blocks; the two processes' rows IDENTICAL; the rebuilt index EQUALS the live rows
  the index over all 4 segments: 16791 rows; the running world's counts MATCH the RUN tuple
  THE FIVE RUN VIEWS (run_ledger, run_timers, run_clock, run_docket, run_population) — every count against the table's:
  cold_run_sequence/covenant_pieces            ledger  2103 = writes  2103 | timers  102 = sets  102 (fired 94 = fires 94, cancelled 0 = cancels 0, pending 8) | clock  173 = markers  173 | docket 4 (open 0) | population 148 = rows 148 | closed 127 = closes 127 (foreign 0) | skips 0  MATCH
  cold_run_sequence/descent_literal            ledger  2103 = writes  2103 | timers  102 = sets  102 (fired 94 = fires 94, cancelled 0 = cancels 0, pending 8) | clock  173 = markers  173 | docket 4 (open 0) | population 148 = rows 148 | closed 127 = closes 127 (foreign 0) | skips 0  MATCH
  cold_run_sequence/rest                       ledger  2088 = writes  2088 | timers  102 = sets  102 (fired 94 = fires 94, cancelled 0 = cancels 0, pending 8) | clock  173 = markers  173 | docket 4 (open 0) | population 148 = rows 148 | closed 127 = closes 127 (foreign 0) | skips 0  MATCH
  cold_run_sequence/seed_isaac                 ledger  2103 = writes  2103 | timers  102 = sets  102 (fired 94 = fires 94, cancelled 0 = cancels 0, pending 8) | clock  173 = markers  173 | docket 4 (open 0) | population 148 = rows 148 | closed 127 = closes 127 (foreign 0) | skips 0  MATCH
  THE FOLD LAYER units         header    251  pinned    251  MATCH
  THE FOLD LAYER facts         header   1809  pinned   1809  MATCH
  THE FOLD LAYER demands       header    341  pinned    341  MATCH
  THE FOLD LAYER events        header    557  pinned    557  MATCH
  THE FOLD LAYER names         header     81  pinned     81  MATCH
  THE FOLD LAYER standing      header   2377  pinned   2377  MATCH
  THE FOLD LAYER open_demands  header    191  pinned    191  MATCH
  THE FOLD LAYER state hash    header 8b8fff1fa28953af  pinned 8b8fff1fa28953af  MATCH
  THE FOLD LAYER: 12 kinds, 10084 rows in the index MATCHING the header
GATE GREEN — the replay is the audit, the running world is the instrument
